
> uneom-5@0.1.0 build
> bash scripts/pull-lfs.sh && NEXT_TELEMETRY_DISABLED=1 next build

=========================================
📥 Setting up Git LFS for Firebase Build
=========================================
✅ git-lfs is already installed in the environment.
Updated Git hooks.
Git LFS initialized.
🚀 Pulling actual image assets from Git LFS...
✅ Git LFS pull complete! Images are now ready for Next.js build.
  ▲ Next.js 14.2.23
  - Environments: .env.local
  - Experiments (use with caution):
    · scrollRestoration
    · instrumentationHook

   Creating an optimized production build ...
 ✓ Compiled successfully
   Skipping validation of types
   Skipping linting
   Collecting page data ...
   Generating static pages (0/876) ...
TypeError: Cannot read properties of undefined (reading 'map')
    at f (/Users/ahmedsalem/Desktop/all my projects/uneom.com/.next/server/app/ar/locations/[city]/[industry]/page.js:1:8960)
    at eh (/Users/ahmedsalem/Desktop/all my projects/uneom.com/node_modules/next/dist/compiled/next-server/app-page.runtime.prod.js:12:134660)
    at e (/Users/ahmedsalem/Desktop/all my projects/uneom.com/node_modules/next/dist/compiled/next-server/app-page.runtime.prod.js:12:137545)
    at ek (/Users/ahmedsalem/Desktop/all my projects/uneom.com/node_modules/next/dist/compiled/next-server/app-page.runtime.prod.js:12:138019)
    at Array.toJSON (/Users/ahmedsalem/Desktop/all my projects/uneom.com/node_modules/next/dist/compiled/next-server/app-page.runtime.prod.js:12:135629)
    at stringify (<anonymous>)
    at eP (/Users/ahmedsalem/Desktop/all my projects/uneom.com/node_modules/next/dist/compiled/next-server/app-page.runtime.prod.js:12:142093)
    at eE (/Users/ahmedsalem/Desktop/all my projects/uneom.com/node_modules/next/dist/compiled/next-server/app-page.runtime.prod.js:12:142572)
    at AsyncLocalStorage.run (node:internal/async_local_storage/async_context_frame:63:14)
    at Timeout._onTimeout (/Users/ahmedsalem/Desktop/all my projects/uneom.com/node_modules/next/dist/compiled/next-server/app-page.runtime.prod.js:12:150373) {
  digest: '3731830276'
}
TypeError: Cannot read properties of undefined (reading 'map')
    at f (/Users/ahmedsalem/Desktop/all my projects/uneom.com/.next/server/app/ar/locations/[city]/[industry]/page.js:1:8960)
    at eh (/Users/ahmedsalem/Desktop/all my projects/uneom.com/node_modules/next/dist/compiled/next-server/app-page.runtime.prod.js:12:134660)
    at e (/Users/ahmedsalem/Desktop/all my projects/uneom.com/node_modules/next/dist/compiled/next-server/app-page.runtime.prod.js:12:137545)
    at ek (/Users/ahmedsalem/Desktop/all my projects/uneom.com/node_modules/next/dist/compiled/next-server/app-page.runtime.prod.js:12:138019)
    at Array.toJSON (/Users/ahmedsalem/Desktop/all my projects/uneom.com/node_modules/next/dist/compiled/next-server/app-page.runtime.prod.js:12:135629)
    at stringify (<anonymous>)
    at eP (/Users/ahmedsalem/Desktop/all my projects/uneom.com/node_modules/next/dist/compiled/next-server/app-page.runtime.prod.js:12:142093)
    at eE (/Users/ahmedsalem/Desktop/all my projects/uneom.com/node_modules/next/dist/compiled/next-server/app-page.runtime.prod.js:12:142572)
    at Timeout._onTimeout (/Users/ahmedsalem/Desktop/all my projects/uneom.com/node_modules/next/dist/compiled/next-server/app-page.runtime.prod.js:12:135349)
    at listOnTimeout (node:internal/timers:605:17) {
  digest: '2101114011'
}

Error occurred prerendering page "/ar/locations/riyadh/hospitality". Read more: https://nextjs.org/docs/messages/prerender-error

TypeError: Cannot read properties of undefined (reading 'map')
    at f (/Users/ahmedsalem/Desktop/all my projects/uneom.com/.next/server/app/ar/locations/[city]/[industry]/page.js:1:8960)
    at eh (/Users/ahmedsalem/Desktop/all my projects/uneom.com/node_modules/next/dist/compiled/next-server/app-page.runtime.prod.js:12:134660)
    at e (/Users/ahmedsalem/Desktop/all my projects/uneom.com/node_modules/next/dist/compiled/next-server/app-page.runtime.prod.js:12:137545)
    at ek (/Users/ahmedsalem/Desktop/all my projects/uneom.com/node_modules/next/dist/compiled/next-server/app-page.runtime.prod.js:12:138019)
    at Array.toJSON (/Users/ahmedsalem/Desktop/all my projects/uneom.com/node_modules/next/dist/compiled/next-server/app-page.runtime.prod.js:12:135629)
    at stringify (<anonymous>)
    at eP (/Users/ahmedsalem/Desktop/all my projects/uneom.com/node_modules/next/dist/compiled/next-server/app-page.runtime.prod.js:12:142093)
    at eE (/Users/ahmedsalem/Desktop/all my projects/uneom.com/node_modules/next/dist/compiled/next-server/app-page.runtime.prod.js:12:142572)
    at AsyncLocalStorage.run (node:internal/async_local_storage/async_context_frame:63:14)
    at Timeout._onTimeout (/Users/ahmedsalem/Desktop/all my projects/uneom.com/node_modules/next/dist/compiled/next-server/app-page.runtime.prod.js:12:150373)
TypeError: Cannot read properties of undefined (reading 'map')
    at f (/Users/ahmedsalem/Desktop/all my projects/uneom.com/.next/server/app/ar/locations/[city]/[industry]/page.js:1:8960)
    at eh (/Users/ahmedsalem/Desktop/all my projects/uneom.com/node_modules/next/dist/compiled/next-server/app-page.runtime.prod.js:12:134660)
    at e (/Users/ahmedsalem/Desktop/all my projects/uneom.com/node_modules/next/dist/compiled/next-server/app-page.runtime.prod.js:12:137545)
    at ek (/Users/ahmedsalem/Desktop/all my projects/uneom.com/node_modules/next/dist/compiled/next-server/app-page.runtime.prod.js:12:138019)
    at Array.toJSON (/Users/ahmedsalem/Desktop/all my projects/uneom.com/node_modules/next/dist/compiled/next-server/app-page.runtime.prod.js:12:135629)
    at stringify (<anonymous>)
    at eP (/Users/ahmedsalem/Desktop/all my projects/uneom.com/node_modules/next/dist/compiled/next-server/app-page.runtime.prod.js:12:142093)
    at eE (/Users/ahmedsalem/Desktop/all my projects/uneom.com/node_modules/next/dist/compiled/next-server/app-page.runtime.prod.js:12:142572)
    at AsyncLocalStorage.run (node:internal/async_local_storage/async_context_frame:63:14)
    at Timeout._onTimeout (/Users/ahmedsalem/Desktop/all my projects/uneom.com/node_modules/next/dist/compiled/next-server/app-page.runtime.prod.js:12:150373) {
  digest: '3731830276'
}
TypeError: Cannot read properties of undefined (reading 'map')
    at f (/Users/ahmedsalem/Desktop/all my projects/uneom.com/.next/server/app/ar/locations/[city]/[industry]/page.js:1:8960)
    at eh (/Users/ahmedsalem/Desktop/all my projects/uneom.com/node_modules/next/dist/compiled/next-server/app-page.runtime.prod.js:12:134660)
    at e (/Users/ahmedsalem/Desktop/all my projects/uneom.com/node_modules/next/dist/compiled/next-server/app-page.runtime.prod.js:12:137545)
    at ek (/Users/ahmedsalem/Desktop/all my projects/uneom.com/node_modules/next/dist/compiled/next-server/app-page.runtime.prod.js:12:138019)
    at Array.toJSON (/Users/ahmedsalem/Desktop/all my projects/uneom.com/node_modules/next/dist/compiled/next-server/app-page.runtime.prod.js:12:135629)
    at stringify (<anonymous>)
    at eP (/Users/ahmedsalem/Desktop/all my projects/uneom.com/node_modules/next/dist/compiled/next-server/app-page.runtime.prod.js:12:142093)
    at eE (/Users/ahmedsalem/Desktop/all my projects/uneom.com/node_modules/next/dist/compiled/next-server/app-page.runtime.prod.js:12:142572)
    at Timeout._onTimeout (/Users/ahmedsalem/Desktop/all my projects/uneom.com/node_modules/next/dist/compiled/next-server/app-page.runtime.prod.js:12:135349)
    at listOnTimeout (node:internal/timers:605:17) {
  digest: '2101114011'
}

Error occurred prerendering page "/ar/locations/riyadh/healthcare". Read more: https://nextjs.org/docs/messages/prerender-error

TypeError: Cannot read properties of undefined (reading 'map')
    at f (/Users/ahmedsalem/Desktop/all my projects/uneom.com/.next/server/app/ar/locations/[city]/[industry]/page.js:1:8960)
    at eh (/Users/ahmedsalem/Desktop/all my projects/uneom.com/node_modules/next/dist/compiled/next-server/app-page.runtime.prod.js:12:134660)
    at e (/Users/ahmedsalem/Desktop/all my projects/uneom.com/node_modules/next/dist/compiled/next-server/app-page.runtime.prod.js:12:137545)
    at ek (/Users/ahmedsalem/Desktop/all my projects/uneom.com/node_modules/next/dist/compiled/next-server/app-page.runtime.prod.js:12:138019)
    at Array.toJSON (/Users/ahmedsalem/Desktop/all my projects/uneom.com/node_modules/next/dist/compiled/next-server/app-page.runtime.prod.js:12:135629)
    at stringify (<anonymous>)
    at eP (/Users/ahmedsalem/Desktop/all my projects/uneom.com/node_modules/next/dist/compiled/next-server/app-page.runtime.prod.js:12:142093)
    at eE (/Users/ahmedsalem/Desktop/all my projects/uneom.com/node_modules/next/dist/compiled/next-server/app-page.runtime.prod.js:12:142572)
    at AsyncLocalStorage.run (node:internal/async_local_storage/async_context_frame:63:14)
    at Timeout._onTimeout (/Users/ahmedsalem/Desktop/all my projects/uneom.com/node_modules/next/dist/compiled/next-server/app-page.runtime.prod.js:12:150373)
TypeError: Cannot read properties of undefined (reading 'map')
    at f (/Users/ahmedsalem/Desktop/all my projects/uneom.com/.next/server/app/ar/locations/[city]/[industry]/page.js:1:8960)
    at eh (/Users/ahmedsalem/Desktop/all my projects/uneom.com/node_modules/next/dist/compiled/next-server/app-page.runtime.prod.js:12:134660)
    at e (/Users/ahmedsalem/Desktop/all my projects/uneom.com/node_modules/next/dist/compiled/next-server/app-page.runtime.prod.js:12:137545)
    at ek (/Users/ahmedsalem/Desktop/all my projects/uneom.com/node_modules/next/dist/compiled/next-server/app-page.runtime.prod.js:12:138019)
    at Array.toJSON (/Users/ahmedsalem/Desktop/all my projects/uneom.com/node_modules/next/dist/compiled/next-server/app-page.runtime.prod.js:12:135629)
    at stringify (<anonymous>)
    at eP (/Users/ahmedsalem/Desktop/all my projects/uneom.com/node_modules/next/dist/compiled/next-server/app-page.runtime.prod.js:12:142093)
    at eE (/Users/ahmedsalem/Desktop/all my projects/uneom.com/node_modules/next/dist/compiled/next-server/app-page.runtime.prod.js:12:142572)
    at AsyncLocalStorage.run (node:internal/async_local_storage/async_context_frame:63:14)
    at Timeout._onTimeout (/Users/ahmedsalem/Desktop/all my projects/uneom.com/node_modules/next/dist/compiled/next-server/app-page.runtime.prod.js:12:150373) {
  digest: '3731830276'
}
TypeError: Cannot read properties of undefined (reading 'map')
    at f (/Users/ahmedsalem/Desktop/all my projects/uneom.com/.next/server/app/ar/locations/[city]/[industry]/page.js:1:8960)
    at eh (/Users/ahmedsalem/Desktop/all my projects/uneom.com/node_modules/next/dist/compiled/next-server/app-page.runtime.prod.js:12:134660)
    at e (/Users/ahmedsalem/Desktop/all my projects/uneom.com/node_modules/next/dist/compiled/next-server/app-page.runtime.prod.js:12:137545)
    at ek (/Users/ahmedsalem/Desktop/all my projects/uneom.com/node_modules/next/dist/compiled/next-server/app-page.runtime.prod.js:12:138019)
    at Array.toJSON (/Users/ahmedsalem/Desktop/all my projects/uneom.com/node_modules/next/dist/compiled/next-server/app-page.runtime.prod.js:12:135629)
    at stringify (<anonymous>)
    at eP (/Users/ahmedsalem/Desktop/all my projects/uneom.com/node_modules/next/dist/compiled/next-server/app-page.runtime.prod.js:12:142093)
    at eE (/Users/ahmedsalem/Desktop/all my projects/uneom.com/node_modules/next/dist/compiled/next-server/app-page.runtime.prod.js:12:142572)
    at Timeout._onTimeout (/Users/ahmedsalem/Desktop/all my projects/uneom.com/node_modules/next/dist/compiled/next-server/app-page.runtime.prod.js:12:135349)
    at listOnTimeout (node:internal/timers:605:17) {
  digest: '2101114011'
}

Error occurred prerendering page "/ar/locations/riyadh/aviation". Read more: https://nextjs.org/docs/messages/prerender-error

TypeError: Cannot read properties of undefined (reading 'map')
    at f (/Users/ahmedsalem/Desktop/all my projects/uneom.com/.next/server/app/ar/locations/[city]/[industry]/page.js:1:8960)
    at eh (/Users/ahmedsalem/Desktop/all my projects/uneom.com/node_modules/next/dist/compiled/next-server/app-page.runtime.prod.js:12:134660)
    at e (/Users/ahmedsalem/Desktop/all my projects/uneom.com/node_modules/next/dist/compiled/next-server/app-page.runtime.prod.js:12:137545)
    at ek (/Users/ahmedsalem/Desktop/all my projects/uneom.com/node_modules/next/dist/compiled/next-server/app-page.runtime.prod.js:12:138019)
    at Array.toJSON (/Users/ahmedsalem/Desktop/all my projects/uneom.com/node_modules/next/dist/compiled/next-server/app-page.runtime.prod.js:12:135629)
    at stringify (<anonymous>)
    at eP (/Users/ahmedsalem/Desktop/all my projects/uneom.com/node_modules/next/dist/compiled/next-server/app-page.runtime.prod.js:12:142093)
    at eE (/Users/ahmedsalem/Desktop/all my projects/uneom.com/node_modules/next/dist/compiled/next-server/app-page.runtime.prod.js:12:142572)
    at AsyncLocalStorage.run (node:internal/async_local_storage/async_context_frame:63:14)
    at Timeout._onTimeout (/Users/ahmedsalem/Desktop/all my projects/uneom.com/node_modules/next/dist/compiled/next-server/app-page.runtime.prod.js:12:150373)
TypeError: Cannot read properties of undefined (reading 'map')
    at f (/Users/ahmedsalem/Desktop/all my projects/uneom.com/.next/server/app/ar/locations/[city]/[industry]/page.js:1:8960)
    at eh (/Users/ahmedsalem/Desktop/all my projects/uneom.com/node_modules/next/dist/compiled/next-server/app-page.runtime.prod.js:12:134660)
    at e (/Users/ahmedsalem/Desktop/all my projects/uneom.com/node_modules/next/dist/compiled/next-server/app-page.runtime.prod.js:12:137545)
    at ek (/Users/ahmedsalem/Desktop/all my projects/uneom.com/node_modules/next/dist/compiled/next-server/app-page.runtime.prod.js:12:138019)
    at Array.toJSON (/Users/ahmedsalem/Desktop/all my projects/uneom.com/node_modules/next/dist/compiled/next-server/app-page.runtime.prod.js:12:135629)
    at stringify (<anonymous>)
    at eP (/Users/ahmedsalem/Desktop/all my projects/uneom.com/node_modules/next/dist/compiled/next-server/app-page.runtime.prod.js:12:142093)
    at eE (/Users/ahmedsalem/Desktop/all my projects/uneom.com/node_modules/next/dist/compiled/next-server/app-page.runtime.prod.js:12:142572)
    at AsyncLocalStorage.run (node:internal/async_local_storage/async_context_frame:63:14)
    at Timeout._onTimeout (/Users/ahmedsalem/Desktop/all my projects/uneom.com/node_modules/next/dist/compiled/next-server/app-page.runtime.prod.js:12:150373) {
  digest: '3731830276'
}
TypeError: Cannot read properties of undefined (reading 'map')
    at f (/Users/ahmedsalem/Desktop/all my projects/uneom.com/.next/server/app/ar/locations/[city]/[industry]/page.js:1:8960)
    at eh (/Users/ahmedsalem/Desktop/all my projects/uneom.com/node_modules/next/dist/compiled/next-server/app-page.runtime.prod.js:12:134660)
    at e (/Users/ahmedsalem/Desktop/all my projects/uneom.com/node_modules/next/dist/compiled/next-server/app-page.runtime.prod.js:12:137545)
    at ek (/Users/ahmedsalem/Desktop/all my projects/uneom.com/node_modules/next/dist/compiled/next-server/app-page.runtime.prod.js:12:138019)
    at Array.toJSON (/Users/ahmedsalem/Desktop/all my projects/uneom.com/node_modules/next/dist/compiled/next-server/app-page.runtime.prod.js:12:135629)
    at stringify (<anonymous>)
    at eP (/Users/ahmedsalem/Desktop/all my projects/uneom.com/node_modules/next/dist/compiled/next-server/app-page.runtime.prod.js:12:142093)
    at eE (/Users/ahmedsalem/Desktop/all my projects/uneom.com/node_modules/next/dist/compiled/next-server/app-page.runtime.prod.js:12:142572)
    at Timeout._onTimeout (/Users/ahmedsalem/Desktop/all my projects/uneom.com/node_modules/next/dist/compiled/next-server/app-page.runtime.prod.js:12:135349)
    at listOnTimeout (node:internal/timers:605:17) {
  digest: '2101114011'
}

Error occurred prerendering page "/ar/locations/riyadh/corporate". Read more: https://nextjs.org/docs/messages/prerender-error

TypeError: Cannot read properties of undefined (reading 'map')
    at f (/Users/ahmedsalem/Desktop/all my projects/uneom.com/.next/server/app/ar/locations/[city]/[industry]/page.js:1:8960)
    at eh (/Users/ahmedsalem/Desktop/all my projects/uneom.com/node_modules/next/dist/compiled/next-server/app-page.runtime.prod.js:12:134660)
    at e (/Users/ahmedsalem/Desktop/all my projects/uneom.com/node_modules/next/dist/compiled/next-server/app-page.runtime.prod.js:12:137545)
    at ek (/Users/ahmedsalem/Desktop/all my projects/uneom.com/node_modules/next/dist/compiled/next-server/app-page.runtime.prod.js:12:138019)
    at Array.toJSON (/Users/ahmedsalem/Desktop/all my projects/uneom.com/node_modules/next/dist/compiled/next-server/app-page.runtime.prod.js:12:135629)
    at stringify (<anonymous>)
    at eP (/Users/ahmedsalem/Desktop/all my projects/uneom.com/node_modules/next/dist/compiled/next-server/app-page.runtime.prod.js:12:142093)
    at eE (/Users/ahmedsalem/Desktop/all my projects/uneom.com/node_modules/next/dist/compiled/next-server/app-page.runtime.prod.js:12:142572)
    at AsyncLocalStorage.run (node:internal/async_local_storage/async_context_frame:63:14)
    at Timeout._onTimeout (/Users/ahmedsalem/Desktop/all my projects/uneom.com/node_modules/next/dist/compiled/next-server/app-page.runtime.prod.js:12:150373)
TypeError: Cannot read properties of undefined (reading 'map')
    at f (/Users/ahmedsalem/Desktop/all my projects/uneom.com/.next/server/app/ar/locations/[city]/[industry]/page.js:1:8960)
    at eh (/Users/ahmedsalem/Desktop/all my projects/uneom.com/node_modules/next/dist/compiled/next-server/app-page.runtime.prod.js:12:134660)
    at e (/Users/ahmedsalem/Desktop/all my projects/uneom.com/node_modules/next/dist/compiled/next-server/app-page.runtime.prod.js:12:137545)
    at ek (/Users/ahmedsalem/Desktop/all my projects/uneom.com/node_modules/next/dist/compiled/next-server/app-page.runtime.prod.js:12:138019)
    at Array.toJSON (/Users/ahmedsalem/Desktop/all my projects/uneom.com/node_modules/next/dist/compiled/next-server/app-page.runtime.prod.js:12:135629)
    at stringify (<anonymous>)
    at eP (/Users/ahmedsalem/Desktop/all my projects/uneom.com/node_modules/next/dist/compiled/next-server/app-page.runtime.prod.js:12:142093)
    at eE (/Users/ahmedsalem/Desktop/all my projects/uneom.com/node_modules/next/dist/compiled/next-server/app-page.runtime.prod.js:12:142572)
    at AsyncLocalStorage.run (node:internal/async_local_storage/async_context_frame:63:14)
    at Timeout._onTimeout (/Users/ahmedsalem/Desktop/all my projects/uneom.com/node_modules/next/dist/compiled/next-server/app-page.runtime.prod.js:12:150373) {
  digest: '3731830276'
}
TypeError: Cannot read properties of undefined (reading 'map')
    at f (/Users/ahmedsalem/Desktop/all my projects/uneom.com/.next/server/app/ar/locations/[city]/[industry]/page.js:1:8960)
    at eh (/Users/ahmedsalem/Desktop/all my projects/uneom.com/node_modules/next/dist/compiled/next-server/app-page.runtime.prod.js:12:134660)
    at e (/Users/ahmedsalem/Desktop/all my projects/uneom.com/node_modules/next/dist/compiled/next-server/app-page.runtime.prod.js:12:137545)
    at ek (/Users/ahmedsalem/Desktop/all my projects/uneom.com/node_modules/next/dist/compiled/next-server/app-page.runtime.prod.js:12:138019)
    at Array.toJSON (/Users/ahmedsalem/Desktop/all my projects/uneom.com/node_modules/next/dist/compiled/next-server/app-page.runtime.prod.js:12:135629)
    at stringify (<anonymous>)
    at eP (/Users/ahmedsalem/Desktop/all my projects/uneom.com/node_modules/next/dist/compiled/next-server/app-page.runtime.prod.js:12:142093)
    at eE (/Users/ahmedsalem/Desktop/all my projects/uneom.com/node_modules/next/dist/compiled/next-server/app-page.runtime.prod.js:12:142572)
    at Timeout._onTimeout (/Users/ahmedsalem/Desktop/all my projects/uneom.com/node_modules/next/dist/compiled/next-server/app-page.runtime.prod.js:12:135349)
    at listOnTimeout (node:internal/timers:605:17) {
  digest: '2101114011'
}

Error occurred prerendering page "/ar/locations/riyadh/manufacturing". Read more: https://nextjs.org/docs/messages/prerender-error

TypeError: Cannot read properties of undefined (reading 'map')
    at f (/Users/ahmedsalem/Desktop/all my projects/uneom.com/.next/server/app/ar/locations/[city]/[industry]/page.js:1:8960)
    at eh (/Users/ahmedsalem/Desktop/all my projects/uneom.com/node_modules/next/dist/compiled/next-server/app-page.runtime.prod.js:12:134660)
    at e (/Users/ahmedsalem/Desktop/all my projects/uneom.com/node_modules/next/dist/compiled/next-server/app-page.runtime.prod.js:12:137545)
    at ek (/Users/ahmedsalem/Desktop/all my projects/uneom.com/node_modules/next/dist/compiled/next-server/app-page.runtime.prod.js:12:138019)
    at Array.toJSON (/Users/ahmedsalem/Desktop/all my projects/uneom.com/node_modules/next/dist/compiled/next-server/app-page.runtime.prod.js:12:135629)
    at stringify (<anonymous>)
    at eP (/Users/ahmedsalem/Desktop/all my projects/uneom.com/node_modules/next/dist/compiled/next-server/app-page.runtime.prod.js:12:142093)
    at eE (/Users/ahmedsalem/Desktop/all my projects/uneom.com/node_modules/next/dist/compiled/next-server/app-page.runtime.prod.js:12:142572)
    at AsyncLocalStorage.run (node:internal/async_local_storage/async_context_frame:63:14)
    at Timeout._onTimeout (/Users/ahmedsalem/Desktop/all my projects/uneom.com/node_modules/next/dist/compiled/next-server/app-page.runtime.prod.js:12:150373)
TypeError: Cannot read properties of undefined (reading 'map')
    at f (/Users/ahmedsalem/Desktop/all my projects/uneom.com/.next/server/app/ar/locations/[city]/[industry]/page.js:1:8960)
    at eh (/Users/ahmedsalem/Desktop/all my projects/uneom.com/node_modules/next/dist/compiled/next-server/app-page.runtime.prod.js:12:134660)
    at e (/Users/ahmedsalem/Desktop/all my projects/uneom.com/node_modules/next/dist/compiled/next-server/app-page.runtime.prod.js:12:137545)
    at ek (/Users/ahmedsalem/Desktop/all my projects/uneom.com/node_modules/next/dist/compiled/next-server/app-page.runtime.prod.js:12:138019)
    at Array.toJSON (/Users/ahmedsalem/Desktop/all my projects/uneom.com/node_modules/next/dist/compiled/next-server/app-page.runtime.prod.js:12:135629)
    at stringify (<anonymous>)
    at eP (/Users/ahmedsalem/Desktop/all my projects/uneom.com/node_modules/next/dist/compiled/next-server/app-page.runtime.prod.js:12:142093)
    at eE (/Users/ahmedsalem/Desktop/all my projects/uneom.com/node_modules/next/dist/compiled/next-server/app-page.runtime.prod.js:12:142572)
    at AsyncLocalStorage.run (node:internal/async_local_storage/async_context_frame:63:14)
    at Timeout._onTimeout (/Users/ahmedsalem/Desktop/all my projects/uneom.com/node_modules/next/dist/compiled/next-server/app-page.runtime.prod.js:12:150373) {
  digest: '3731830276'
}
TypeError: Cannot read properties of undefined (reading 'map')
    at f (/Users/ahmedsalem/Desktop/all my projects/uneom.com/.next/server/app/ar/locations/[city]/[industry]/page.js:1:8960)
    at eh (/Users/ahmedsalem/Desktop/all my projects/uneom.com/node_modules/next/dist/compiled/next-server/app-page.runtime.prod.js:12:134660)
    at e (/Users/ahmedsalem/Desktop/all my projects/uneom.com/node_modules/next/dist/compiled/next-server/app-page.runtime.prod.js:12:137545)
    at ek (/Users/ahmedsalem/Desktop/all my projects/uneom.com/node_modules/next/dist/compiled/next-server/app-page.runtime.prod.js:12:138019)
    at Array.toJSON (/Users/ahmedsalem/Desktop/all my projects/uneom.com/node_modules/next/dist/compiled/next-server/app-page.runtime.prod.js:12:135629)
    at stringify (<anonymous>)
    at eP (/Users/ahmedsalem/Desktop/all my projects/uneom.com/node_modules/next/dist/compiled/next-server/app-page.runtime.prod.js:12:142093)
    at eE (/Users/ahmedsalem/Desktop/all my projects/uneom.com/node_modules/next/dist/compiled/next-server/app-page.runtime.prod.js:12:142572)
    at Timeout._onTimeout (/Users/ahmedsalem/Desktop/all my projects/uneom.com/node_modules/next/dist/compiled/next-server/app-page.runtime.prod.js:12:135349)
    at listOnTimeout (node:internal/timers:605:17) {
  digest: '2101114011'
}

Error occurred prerendering page "/ar/locations/riyadh/education". Read more: https://nextjs.org/docs/messages/prerender-error

TypeError: Cannot read properties of undefined (reading 'map')
    at f (/Users/ahmedsalem/Desktop/all my projects/uneom.com/.next/server/app/ar/locations/[city]/[industry]/page.js:1:8960)
    at eh (/Users/ahmedsalem/Desktop/all my projects/uneom.com/node_modules/next/dist/compiled/next-server/app-page.runtime.prod.js:12:134660)
    at e (/Users/ahmedsalem/Desktop/all my projects/uneom.com/node_modules/next/dist/compiled/next-server/app-page.runtime.prod.js:12:137545)
    at ek (/Users/ahmedsalem/Desktop/all my projects/uneom.com/node_modules/next/dist/compiled/next-server/app-page.runtime.prod.js:12:138019)
    at Array.toJSON (/Users/ahmedsalem/Desktop/all my projects/uneom.com/node_modules/next/dist/compiled/next-server/app-page.runtime.prod.js:12:135629)
    at stringify (<anonymous>)
    at eP (/Users/ahmedsalem/Desktop/all my projects/uneom.com/node_modules/next/dist/compiled/next-server/app-page.runtime.prod.js:12:142093)
    at eE (/Users/ahmedsalem/Desktop/all my projects/uneom.com/node_modules/next/dist/compiled/next-server/app-page.runtime.prod.js:12:142572)
    at AsyncLocalStorage.run (node:internal/async_local_storage/async_context_frame:63:14)
    at Timeout._onTimeout (/Users/ahmedsalem/Desktop/all my projects/uneom.com/node_modules/next/dist/compiled/next-server/app-page.runtime.prod.js:12:150373)
TypeError: Cannot read properties of undefined (reading 'map')
    at f (/Users/ahmedsalem/Desktop/all my projects/uneom.com/.next/server/app/ar/locations/[city]/[industry]/page.js:1:8960)
    at eh (/Users/ahmedsalem/Desktop/all my projects/uneom.com/node_modules/next/dist/compiled/next-server/app-page.runtime.prod.js:12:134660)
    at e (/Users/ahmedsalem/Desktop/all my projects/uneom.com/node_modules/next/dist/compiled/next-server/app-page.runtime.prod.js:12:137545)
    at ek (/Users/ahmedsalem/Desktop/all my projects/uneom.com/node_modules/next/dist/compiled/next-server/app-page.runtime.prod.js:12:138019)
    at Array.toJSON (/Users/ahmedsalem/Desktop/all my projects/uneom.com/node_modules/next/dist/compiled/next-server/app-page.runtime.prod.js:12:135629)
    at stringify (<anonymous>)
    at eP (/Users/ahmedsalem/Desktop/all my projects/uneom.com/node_modules/next/dist/compiled/next-server/app-page.runtime.prod.js:12:142093)
    at eE (/Users/ahmedsalem/Desktop/all my projects/uneom.com/node_modules/next/dist/compiled/next-server/app-page.runtime.prod.js:12:142572)
    at AsyncLocalStorage.run (node:internal/async_local_storage/async_context_frame:63:14)
    at Timeout._onTimeout (/Users/ahmedsalem/Desktop/all my projects/uneom.com/node_modules/next/dist/compiled/next-server/app-page.runtime.prod.js:12:150373) {
  digest: '3731830276'
}
TypeError: Cannot read properties of undefined (reading 'map')
    at f (/Users/ahmedsalem/Desktop/all my projects/uneom.com/.next/server/app/ar/locations/[city]/[industry]/page.js:1:8960)
    at eh (/Users/ahmedsalem/Desktop/all my projects/uneom.com/node_modules/next/dist/compiled/next-server/app-page.runtime.prod.js:12:134660)
    at e (/Users/ahmedsalem/Desktop/all my projects/uneom.com/node_modules/next/dist/compiled/next-server/app-page.runtime.prod.js:12:137545)
    at ek (/Users/ahmedsalem/Desktop/all my projects/uneom.com/node_modules/next/dist/compiled/next-server/app-page.runtime.prod.js:12:138019)
    at Array.toJSON (/Users/ahmedsalem/Desktop/all my projects/uneom.com/node_modules/next/dist/compiled/next-server/app-page.runtime.prod.js:12:135629)
    at stringify (<anonymous>)
    at eP (/Users/ahmedsalem/Desktop/all my projects/uneom.com/node_modules/next/dist/compiled/next-server/app-page.runtime.prod.js:12:142093)
    at eE (/Users/ahmedsalem/Desktop/all my projects/uneom.com/node_modules/next/dist/compiled/next-server/app-page.runtime.prod.js:12:142572)
    at Timeout._onTimeout (/Users/ahmedsalem/Desktop/all my projects/uneom.com/node_modules/next/dist/compiled/next-server/app-page.runtime.prod.js:12:135349)
    at listOnTimeout (node:internal/timers:605:17) {
  digest: '2101114011'
}

Error occurred prerendering page "/ar/locations/riyadh/retail-shops". Read more: https://nextjs.org/docs/messages/prerender-error

TypeError: Cannot read properties of undefined (reading 'map')
    at f (/Users/ahmedsalem/Desktop/all my projects/uneom.com/.next/server/app/ar/locations/[city]/[industry]/page.js:1:8960)
    at eh (/Users/ahmedsalem/Desktop/all my projects/uneom.com/node_modules/next/dist/compiled/next-server/app-page.runtime.prod.js:12:134660)
    at e (/Users/ahmedsalem/Desktop/all my projects/uneom.com/node_modules/next/dist/compiled/next-server/app-page.runtime.prod.js:12:137545)
    at ek (/Users/ahmedsalem/Desktop/all my projects/uneom.com/node_modules/next/dist/compiled/next-server/app-page.runtime.prod.js:12:138019)
    at Array.toJSON (/Users/ahmedsalem/Desktop/all my projects/uneom.com/node_modules/next/dist/compiled/next-server/app-page.runtime.prod.js:12:135629)
    at stringify (<anonymous>)
    at eP (/Users/ahmedsalem/Desktop/all my projects/uneom.com/node_modules/next/dist/compiled/next-server/app-page.runtime.prod.js:12:142093)
    at eE (/Users/ahmedsalem/Desktop/all my projects/uneom.com/node_modules/next/dist/compiled/next-server/app-page.runtime.prod.js:12:142572)
    at AsyncLocalStorage.run (node:internal/async_local_storage/async_context_frame:63:14)
    at Timeout._onTimeout (/Users/ahmedsalem/Desktop/all my projects/uneom.com/node_modules/next/dist/compiled/next-server/app-page.runtime.prod.js:12:150373)
TypeError: Cannot read properties of undefined (reading 'map')
    at f (/Users/ahmedsalem/Desktop/all my projects/uneom.com/.next/server/app/ar/locations/[city]/[industry]/page.js:1:8960)
    at eh (/Users/ahmedsalem/Desktop/all my projects/uneom.com/node_modules/next/dist/compiled/next-server/app-page.runtime.prod.js:12:134660)
    at e (/Users/ahmedsalem/Desktop/all my projects/uneom.com/node_modules/next/dist/compiled/next-server/app-page.runtime.prod.js:12:137545)
    at ek (/Users/ahmedsalem/Desktop/all my projects/uneom.com/node_modules/next/dist/compiled/next-server/app-page.runtime.prod.js:12:138019)
    at Array.toJSON (/Users/ahmedsalem/Desktop/all my projects/uneom.com/node_modules/next/dist/compiled/next-server/app-page.runtime.prod.js:12:135629)
    at stringify (<anonymous>)
    at eP (/Users/ahmedsalem/Desktop/all my projects/uneom.com/node_modules/next/dist/compiled/next-server/app-page.runtime.prod.js:12:142093)
    at eE (/Users/ahmedsalem/Desktop/all my projects/uneom.com/node_modules/next/dist/compiled/next-server/app-page.runtime.prod.js:12:142572)
    at AsyncLocalStorage.run (node:internal/async_local_storage/async_context_frame:63:14)
    at Timeout._onTimeout (/Users/ahmedsalem/Desktop/all my projects/uneom.com/node_modules/next/dist/compiled/next-server/app-page.runtime.prod.js:12:150373) {
  digest: '3731830276'
}
TypeError: Cannot read properties of undefined (reading 'map')
    at f (/Users/ahmedsalem/Desktop/all my projects/uneom.com/.next/server/app/ar/locations/[city]/[industry]/page.js:1:8960)
    at eh (/Users/ahmedsalem/Desktop/all my projects/uneom.com/node_modules/next/dist/compiled/next-server/app-page.runtime.prod.js:12:134660)
    at e (/Users/ahmedsalem/Desktop/all my projects/uneom.com/node_modules/next/dist/compiled/next-server/app-page.runtime.prod.js:12:137545)
    at ek (/Users/ahmedsalem/Desktop/all my projects/uneom.com/node_modules/next/dist/compiled/next-server/app-page.runtime.prod.js:12:138019)
    at Array.toJSON (/Users/ahmedsalem/Desktop/all my projects/uneom.com/node_modules/next/dist/compiled/next-server/app-page.runtime.prod.js:12:135629)
    at stringify (<anonymous>)
    at eP (/Users/ahmedsalem/Desktop/all my projects/uneom.com/node_modules/next/dist/compiled/next-server/app-page.runtime.prod.js:12:142093)
    at eE (/Users/ahmedsalem/Desktop/all my projects/uneom.com/node_modules/next/dist/compiled/next-server/app-page.runtime.prod.js:12:142572)
    at Timeout._onTimeout (/Users/ahmedsalem/Desktop/all my projects/uneom.com/node_modules/next/dist/compiled/next-server/app-page.runtime.prod.js:12:135349)
    at listOnTimeout (node:internal/timers:605:17) {
  digest: '2101114011'
}

Error occurred prerendering page "/ar/locations/riyadh/factory-industry". Read more: https://nextjs.org/docs/messages/prerender-error

TypeError: Cannot read properties of undefined (reading 'map')
    at f (/Users/ahmedsalem/Desktop/all my projects/uneom.com/.next/server/app/ar/locations/[city]/[industry]/page.js:1:8960)
    at eh (/Users/ahmedsalem/Desktop/all my projects/uneom.com/node_modules/next/dist/compiled/next-server/app-page.runtime.prod.js:12:134660)
    at e (/Users/ahmedsalem/Desktop/all my projects/uneom.com/node_modules/next/dist/compiled/next-server/app-page.runtime.prod.js:12:137545)
    at ek (/Users/ahmedsalem/Desktop/all my projects/uneom.com/node_modules/next/dist/compiled/next-server/app-page.runtime.prod.js:12:138019)
    at Array.toJSON (/Users/ahmedsalem/Desktop/all my projects/uneom.com/node_modules/next/dist/compiled/next-server/app-page.runtime.prod.js:12:135629)
    at stringify (<anonymous>)
    at eP (/Users/ahmedsalem/Desktop/all my projects/uneom.com/node_modules/next/dist/compiled/next-server/app-page.runtime.prod.js:12:142093)
    at eE (/Users/ahmedsalem/Desktop/all my projects/uneom.com/node_modules/next/dist/compiled/next-server/app-page.runtime.prod.js:12:142572)
    at AsyncLocalStorage.run (node:internal/async_local_storage/async_context_frame:63:14)
    at Timeout._onTimeout (/Users/ahmedsalem/Desktop/all my projects/uneom.com/node_modules/next/dist/compiled/next-server/app-page.runtime.prod.js:12:150373)
TypeError: Cannot read properties of undefined (reading 'map')
    at f (/Users/ahmedsalem/Desktop/all my projects/uneom.com/.next/server/app/ar/locations/[city]/[industry]/page.js:1:8960)
    at eh (/Users/ahmedsalem/Desktop/all my projects/uneom.com/node_modules/next/dist/compiled/next-server/app-page.runtime.prod.js:12:134660)
    at e (/Users/ahmedsalem/Desktop/all my projects/uneom.com/node_modules/next/dist/compiled/next-server/app-page.runtime.prod.js:12:137545)
    at ek (/Users/ahmedsalem/Desktop/all my projects/uneom.com/node_modules/next/dist/compiled/next-server/app-page.runtime.prod.js:12:138019)
    at Array.toJSON (/Users/ahmedsalem/Desktop/all my projects/uneom.com/node_modules/next/dist/compiled/next-server/app-page.runtime.prod.js:12:135629)
    at stringify (<anonymous>)
    at eP (/Users/ahmedsalem/Desktop/all my projects/uneom.com/node_modules/next/dist/compiled/next-server/app-page.runtime.prod.js:12:142093)
    at eE (/Users/ahmedsalem/Desktop/all my projects/uneom.com/node_modules/next/dist/compiled/next-server/app-page.runtime.prod.js:12:142572)
    at AsyncLocalStorage.run (node:internal/async_local_storage/async_context_frame:63:14)
    at Timeout._onTimeout (/Users/ahmedsalem/Desktop/all my projects/uneom.com/node_modules/next/dist/compiled/next-server/app-page.runtime.prod.js:12:150373) {
  digest: '3731830276'
}
TypeError: Cannot read properties of undefined (reading 'map')
    at f (/Users/ahmedsalem/Desktop/all my projects/uneom.com/.next/server/app/ar/locations/[city]/[industry]/page.js:1:8960)
    at eh (/Users/ahmedsalem/Desktop/all my projects/uneom.com/node_modules/next/dist/compiled/next-server/app-page.runtime.prod.js:12:134660)
    at e (/Users/ahmedsalem/Desktop/all my projects/uneom.com/node_modules/next/dist/compiled/next-server/app-page.runtime.prod.js:12:137545)
    at ek (/Users/ahmedsalem/Desktop/all my projects/uneom.com/node_modules/next/dist/compiled/next-server/app-page.runtime.prod.js:12:138019)
    at Array.toJSON (/Users/ahmedsalem/Desktop/all my projects/uneom.com/node_modules/next/dist/compiled/next-server/app-page.runtime.prod.js:12:135629)
    at stringify (<anonymous>)
    at eP (/Users/ahmedsalem/Desktop/all my projects/uneom.com/node_modules/next/dist/compiled/next-server/app-page.runtime.prod.js:12:142093)
    at eE (/Users/ahmedsalem/Desktop/all my projects/uneom.com/node_modules/next/dist/compiled/next-server/app-page.runtime.prod.js:12:142572)
    at Timeout._onTimeout (/Users/ahmedsalem/Desktop/all my projects/uneom.com/node_modules/next/dist/compiled/next-server/app-page.runtime.prod.js:12:135349)
    at listOnTimeout (node:internal/timers:605:17) {
  digest: '2101114011'
}

Error occurred prerendering page "/ar/locations/riyadh/security". Read more: https://nextjs.org/docs/messages/prerender-error

TypeError: Cannot read properties of undefined (reading 'map')
    at f (/Users/ahmedsalem/Desktop/all my projects/uneom.com/.next/server/app/ar/locations/[city]/[industry]/page.js:1:8960)
    at eh (/Users/ahmedsalem/Desktop/all my projects/uneom.com/node_modules/next/dist/compiled/next-server/app-page.runtime.prod.js:12:134660)
    at e (/Users/ahmedsalem/Desktop/all my projects/uneom.com/node_modules/next/dist/compiled/next-server/app-page.runtime.prod.js:12:137545)
    at ek (/Users/ahmedsalem/Desktop/all my projects/uneom.com/node_modules/next/dist/compiled/next-server/app-page.runtime.prod.js:12:138019)
    at Array.toJSON (/Users/ahmedsalem/Desktop/all my projects/uneom.com/node_modules/next/dist/compiled/next-server/app-page.runtime.prod.js:12:135629)
    at stringify (<anonymous>)
    at eP (/Users/ahmedsalem/Desktop/all my projects/uneom.com/node_modules/next/dist/compiled/next-server/app-page.runtime.prod.js:12:142093)
    at eE (/Users/ahmedsalem/Desktop/all my projects/uneom.com/node_modules/next/dist/compiled/next-server/app-page.runtime.prod.js:12:142572)
    at AsyncLocalStorage.run (node:internal/async_local_storage/async_context_frame:63:14)
    at Timeout._onTimeout (/Users/ahmedsalem/Desktop/all my projects/uneom.com/node_modules/next/dist/compiled/next-server/app-page.runtime.prod.js:12:150373)
TypeError: Cannot read properties of undefined (reading 'map')
    at f (/Users/ahmedsalem/Desktop/all my projects/uneom.com/.next/server/app/ar/locations/[city]/[industry]/page.js:1:8960)
    at eh (/Users/ahmedsalem/Desktop/all my projects/uneom.com/node_modules/next/dist/compiled/next-server/app-page.runtime.prod.js:12:134660)
    at e (/Users/ahmedsalem/Desktop/all my projects/uneom.com/node_modules/next/dist/compiled/next-server/app-page.runtime.prod.js:12:137545)
    at ek (/Users/ahmedsalem/Desktop/all my projects/uneom.com/node_modules/next/dist/compiled/next-server/app-page.runtime.prod.js:12:138019)
    at Array.toJSON (/Users/ahmedsalem/Desktop/all my projects/uneom.com/node_modules/next/dist/compiled/next-server/app-page.runtime.prod.js:12:135629)
    at stringify (<anonymous>)
    at eP (/Users/ahmedsalem/Desktop/all my projects/uneom.com/node_modules/next/dist/compiled/next-server/app-page.runtime.prod.js:12:142093)
    at eE (/Users/ahmedsalem/Desktop/all my projects/uneom.com/node_modules/next/dist/compiled/next-server/app-page.runtime.prod.js:12:142572)
    at AsyncLocalStorage.run (node:internal/async_local_storage/async_context_frame:63:14)
    at Timeout._onTimeout (/Users/ahmedsalem/Desktop/all my projects/uneom.com/node_modules/next/dist/compiled/next-server/app-page.runtime.prod.js:12:150373) {
  digest: '3731830276'
}
TypeError: Cannot read properties of undefined (reading 'map')
    at f (/Users/ahmedsalem/Desktop/all my projects/uneom.com/.next/server/app/ar/locations/[city]/[industry]/page.js:1:8960)
    at eh (/Users/ahmedsalem/Desktop/all my projects/uneom.com/node_modules/next/dist/compiled/next-server/app-page.runtime.prod.js:12:134660)
    at e (/Users/ahmedsalem/Desktop/all my projects/uneom.com/node_modules/next/dist/compiled/next-server/app-page.runtime.prod.js:12:137545)
    at ek (/Users/ahmedsalem/Desktop/all my projects/uneom.com/node_modules/next/dist/compiled/next-server/app-page.runtime.prod.js:12:138019)
    at Array.toJSON (/Users/ahmedsalem/Desktop/all my projects/uneom.com/node_modules/next/dist/compiled/next-server/app-page.runtime.prod.js:12:135629)
    at stringify (<anonymous>)
    at eP (/Users/ahmedsalem/Desktop/all my projects/uneom.com/node_modules/next/dist/compiled/next-server/app-page.runtime.prod.js:12:142093)
    at eE (/Users/ahmedsalem/Desktop/all my projects/uneom.com/node_modules/next/dist/compiled/next-server/app-page.runtime.prod.js:12:142572)
    at Timeout._onTimeout (/Users/ahmedsalem/Desktop/all my projects/uneom.com/node_modules/next/dist/compiled/next-server/app-page.runtime.prod.js:12:135349)
    at listOnTimeout (node:internal/timers:605:17) {
  digest: '2101114011'
}

Error occurred prerendering page "/ar/locations/jeddah/aviation". Read more: https://nextjs.org/docs/messages/prerender-error

TypeError: Cannot read properties of undefined (reading 'map')
    at f (/Users/ahmedsalem/Desktop/all my projects/uneom.com/.next/server/app/ar/locations/[city]/[industry]/page.js:1:8960)
    at eh (/Users/ahmedsalem/Desktop/all my projects/uneom.com/node_modules/next/dist/compiled/next-server/app-page.runtime.prod.js:12:134660)
    at e (/Users/ahmedsalem/Desktop/all my projects/uneom.com/node_modules/next/dist/compiled/next-server/app-page.runtime.prod.js:12:137545)
    at ek (/Users/ahmedsalem/Desktop/all my projects/uneom.com/node_modules/next/dist/compiled/next-server/app-page.runtime.prod.js:12:138019)
    at Array.toJSON (/Users/ahmedsalem/Desktop/all my projects/uneom.com/node_modules/next/dist/compiled/next-server/app-page.runtime.prod.js:12:135629)
    at stringify (<anonymous>)
    at eP (/Users/ahmedsalem/Desktop/all my projects/uneom.com/node_modules/next/dist/compiled/next-server/app-page.runtime.prod.js:12:142093)
    at eE (/Users/ahmedsalem/Desktop/all my projects/uneom.com/node_modules/next/dist/compiled/next-server/app-page.runtime.prod.js:12:142572)
    at AsyncLocalStorage.run (node:internal/async_local_storage/async_context_frame:63:14)
    at Timeout._onTimeout (/Users/ahmedsalem/Desktop/all my projects/uneom.com/node_modules/next/dist/compiled/next-server/app-page.runtime.prod.js:12:150373)
TypeError: Cannot read properties of undefined (reading 'map')
    at f (/Users/ahmedsalem/Desktop/all my projects/uneom.com/.next/server/app/ar/locations/[city]/[industry]/page.js:1:8960)
    at eh (/Users/ahmedsalem/Desktop/all my projects/uneom.com/node_modules/next/dist/compiled/next-server/app-page.runtime.prod.js:12:134660)
    at e (/Users/ahmedsalem/Desktop/all my projects/uneom.com/node_modules/next/dist/compiled/next-server/app-page.runtime.prod.js:12:137545)
    at ek (/Users/ahmedsalem/Desktop/all my projects/uneom.com/node_modules/next/dist/compiled/next-server/app-page.runtime.prod.js:12:138019)
    at Array.toJSON (/Users/ahmedsalem/Desktop/all my projects/uneom.com/node_modules/next/dist/compiled/next-server/app-page.runtime.prod.js:12:135629)
    at stringify (<anonymous>)
    at eP (/Users/ahmedsalem/Desktop/all my projects/uneom.com/node_modules/next/dist/compiled/next-server/app-page.runtime.prod.js:12:142093)
    at eE (/Users/ahmedsalem/Desktop/all my projects/uneom.com/node_modules/next/dist/compiled/next-server/app-page.runtime.prod.js:12:142572)
    at AsyncLocalStorage.run (node:internal/async_local_storage/async_context_frame:63:14)
    at Timeout._onTimeout (/Users/ahmedsalem/Desktop/all my projects/uneom.com/node_modules/next/dist/compiled/next-server/app-page.runtime.prod.js:12:150373) {
  digest: '3731830276'
}
TypeError: Cannot read properties of undefined (reading 'map')
    at f (/Users/ahmedsalem/Desktop/all my projects/uneom.com/.next/server/app/ar/locations/[city]/[industry]/page.js:1:8960)
    at eh (/Users/ahmedsalem/Desktop/all my projects/uneom.com/node_modules/next/dist/compiled/next-server/app-page.runtime.prod.js:12:134660)
    at e (/Users/ahmedsalem/Desktop/all my projects/uneom.com/node_modules/next/dist/compiled/next-server/app-page.runtime.prod.js:12:137545)
    at ek (/Users/ahmedsalem/Desktop/all my projects/uneom.com/node_modules/next/dist/compiled/next-server/app-page.runtime.prod.js:12:138019)
    at Array.toJSON (/Users/ahmedsalem/Desktop/all my projects/uneom.com/node_modules/next/dist/compiled/next-server/app-page.runtime.prod.js:12:135629)
    at stringify (<anonymous>)
    at eP (/Users/ahmedsalem/Desktop/all my projects/uneom.com/node_modules/next/dist/compiled/next-server/app-page.runtime.prod.js:12:142093)
    at eE (/Users/ahmedsalem/Desktop/all my projects/uneom.com/node_modules/next/dist/compiled/next-server/app-page.runtime.prod.js:12:142572)
    at Timeout._onTimeout (/Users/ahmedsalem/Desktop/all my projects/uneom.com/node_modules/next/dist/compiled/next-server/app-page.runtime.prod.js:12:135349)
    at listOnTimeout (node:internal/timers:605:17) {
  digest: '2101114011'
}

Error occurred prerendering page "/ar/locations/jeddah/healthcare". Read more: https://nextjs.org/docs/messages/prerender-error

TypeError: Cannot read properties of undefined (reading 'map')
    at f (/Users/ahmedsalem/Desktop/all my projects/uneom.com/.next/server/app/ar/locations/[city]/[industry]/page.js:1:8960)
    at eh (/Users/ahmedsalem/Desktop/all my projects/uneom.com/node_modules/next/dist/compiled/next-server/app-page.runtime.prod.js:12:134660)
    at e (/Users/ahmedsalem/Desktop/all my projects/uneom.com/node_modules/next/dist/compiled/next-server/app-page.runtime.prod.js:12:137545)
    at ek (/Users/ahmedsalem/Desktop/all my projects/uneom.com/node_modules/next/dist/compiled/next-server/app-page.runtime.prod.js:12:138019)
    at Array.toJSON (/Users/ahmedsalem/Desktop/all my projects/uneom.com/node_modules/next/dist/compiled/next-server/app-page.runtime.prod.js:12:135629)
    at stringify (<anonymous>)
    at eP (/Users/ahmedsalem/Desktop/all my projects/uneom.com/node_modules/next/dist/compiled/next-server/app-page.runtime.prod.js:12:142093)
    at eE (/Users/ahmedsalem/Desktop/all my projects/uneom.com/node_modules/next/dist/compiled/next-server/app-page.runtime.prod.js:12:142572)
    at AsyncLocalStorage.run (node:internal/async_local_storage/async_context_frame:63:14)
    at Timeout._onTimeout (/Users/ahmedsalem/Desktop/all my projects/uneom.com/node_modules/next/dist/compiled/next-server/app-page.runtime.prod.js:12:150373)
TypeError: Cannot read properties of undefined (reading 'map')
    at f (/Users/ahmedsalem/Desktop/all my projects/uneom.com/.next/server/app/ar/locations/[city]/[industry]/page.js:1:8960)
    at eh (/Users/ahmedsalem/Desktop/all my projects/uneom.com/node_modules/next/dist/compiled/next-server/app-page.runtime.prod.js:12:134660)
    at e (/Users/ahmedsalem/Desktop/all my projects/uneom.com/node_modules/next/dist/compiled/next-server/app-page.runtime.prod.js:12:137545)
    at ek (/Users/ahmedsalem/Desktop/all my projects/uneom.com/node_modules/next/dist/compiled/next-server/app-page.runtime.prod.js:12:138019)
    at Array.toJSON (/Users/ahmedsalem/Desktop/all my projects/uneom.com/node_modules/next/dist/compiled/next-server/app-page.runtime.prod.js:12:135629)
    at stringify (<anonymous>)
    at eP (/Users/ahmedsalem/Desktop/all my projects/uneom.com/node_modules/next/dist/compiled/next-server/app-page.runtime.prod.js:12:142093)
    at eE (/Users/ahmedsalem/Desktop/all my projects/uneom.com/node_modules/next/dist/compiled/next-server/app-page.runtime.prod.js:12:142572)
    at AsyncLocalStorage.run (node:internal/async_local_storage/async_context_frame:63:14)
    at Timeout._onTimeout (/Users/ahmedsalem/Desktop/all my projects/uneom.com/node_modules/next/dist/compiled/next-server/app-page.runtime.prod.js:12:150373) {
  digest: '3731830276'
}
TypeError: Cannot read properties of undefined (reading 'map')
    at f (/Users/ahmedsalem/Desktop/all my projects/uneom.com/.next/server/app/ar/locations/[city]/[industry]/page.js:1:8960)
    at eh (/Users/ahmedsalem/Desktop/all my projects/uneom.com/node_modules/next/dist/compiled/next-server/app-page.runtime.prod.js:12:134660)
    at e (/Users/ahmedsalem/Desktop/all my projects/uneom.com/node_modules/next/dist/compiled/next-server/app-page.runtime.prod.js:12:137545)
    at ek (/Users/ahmedsalem/Desktop/all my projects/uneom.com/node_modules/next/dist/compiled/next-server/app-page.runtime.prod.js:12:138019)
    at Array.toJSON (/Users/ahmedsalem/Desktop/all my projects/uneom.com/node_modules/next/dist/compiled/next-server/app-page.runtime.prod.js:12:135629)
    at stringify (<anonymous>)
    at eP (/Users/ahmedsalem/Desktop/all my projects/uneom.com/node_modules/next/dist/compiled/next-server/app-page.runtime.prod.js:12:142093)
    at eE (/Users/ahmedsalem/Desktop/all my projects/uneom.com/node_modules/next/dist/compiled/next-server/app-page.runtime.prod.js:12:142572)
    at Timeout._onTimeout (/Users/ahmedsalem/Desktop/all my projects/uneom.com/node_modules/next/dist/compiled/next-server/app-page.runtime.prod.js:12:135349)
    at listOnTimeout (node:internal/timers:605:17) {
  digest: '2101114011'
}

Error occurred prerendering page "/ar/locations/riyadh/supply-manufacturing". Read more: https://nextjs.org/docs/messages/prerender-error

TypeError: Cannot read properties of undefined (reading 'map')
    at f (/Users/ahmedsalem/Desktop/all my projects/uneom.com/.next/server/app/ar/locations/[city]/[industry]/page.js:1:8960)
    at eh (/Users/ahmedsalem/Desktop/all my projects/uneom.com/node_modules/next/dist/compiled/next-server/app-page.runtime.prod.js:12:134660)
    at e (/Users/ahmedsalem/Desktop/all my projects/uneom.com/node_modules/next/dist/compiled/next-server/app-page.runtime.prod.js:12:137545)
    at ek (/Users/ahmedsalem/Desktop/all my projects/uneom.com/node_modules/next/dist/compiled/next-server/app-page.runtime.prod.js:12:138019)
    at Array.toJSON (/Users/ahmedsalem/Desktop/all my projects/uneom.com/node_modules/next/dist/compiled/next-server/app-page.runtime.prod.js:12:135629)
    at stringify (<anonymous>)
    at eP (/Users/ahmedsalem/Desktop/all my projects/uneom.com/node_modules/next/dist/compiled/next-server/app-page.runtime.prod.js:12:142093)
    at eE (/Users/ahmedsalem/Desktop/all my projects/uneom.com/node_modules/next/dist/compiled/next-server/app-page.runtime.prod.js:12:142572)
    at AsyncLocalStorage.run (node:internal/async_local_storage/async_context_frame:63:14)
    at Timeout._onTimeout (/Users/ahmedsalem/Desktop/all my projects/uneom.com/node_modules/next/dist/compiled/next-server/app-page.runtime.prod.js:12:150373)
TypeError: Cannot read properties of undefined (reading 'map')
    at f (/Users/ahmedsalem/Desktop/all my projects/uneom.com/.next/server/app/ar/locations/[city]/[industry]/page.js:1:8960)
    at eh (/Users/ahmedsalem/Desktop/all my projects/uneom.com/node_modules/next/dist/compiled/next-server/app-page.runtime.prod.js:12:134660)
    at e (/Users/ahmedsalem/Desktop/all my projects/uneom.com/node_modules/next/dist/compiled/next-server/app-page.runtime.prod.js:12:137545)
    at ek (/Users/ahmedsalem/Desktop/all my projects/uneom.com/node_modules/next/dist/compiled/next-server/app-page.runtime.prod.js:12:138019)
    at Array.toJSON (/Users/ahmedsalem/Desktop/all my projects/uneom.com/node_modules/next/dist/compiled/next-server/app-page.runtime.prod.js:12:135629)
    at stringify (<anonymous>)
    at eP (/Users/ahmedsalem/Desktop/all my projects/uneom.com/node_modules/next/dist/compiled/next-server/app-page.runtime.prod.js:12:142093)
    at eE (/Users/ahmedsalem/Desktop/all my projects/uneom.com/node_modules/next/dist/compiled/next-server/app-page.runtime.prod.js:12:142572)
    at AsyncLocalStorage.run (node:internal/async_local_storage/async_context_frame:63:14)
    at Timeout._onTimeout (/Users/ahmedsalem/Desktop/all my projects/uneom.com/node_modules/next/dist/compiled/next-server/app-page.runtime.prod.js:12:150373) {
  digest: '3731830276'
}
TypeError: Cannot read properties of undefined (reading 'map')
    at f (/Users/ahmedsalem/Desktop/all my projects/uneom.com/.next/server/app/ar/locations/[city]/[industry]/page.js:1:8960)
    at eh (/Users/ahmedsalem/Desktop/all my projects/uneom.com/node_modules/next/dist/compiled/next-server/app-page.runtime.prod.js:12:134660)
    at e (/Users/ahmedsalem/Desktop/all my projects/uneom.com/node_modules/next/dist/compiled/next-server/app-page.runtime.prod.js:12:137545)
    at ek (/Users/ahmedsalem/Desktop/all my projects/uneom.com/node_modules/next/dist/compiled/next-server/app-page.runtime.prod.js:12:138019)
    at Array.toJSON (/Users/ahmedsalem/Desktop/all my projects/uneom.com/node_modules/next/dist/compiled/next-server/app-page.runtime.prod.js:12:135629)
    at stringify (<anonymous>)
    at eP (/Users/ahmedsalem/Desktop/all my projects/uneom.com/node_modules/next/dist/compiled/next-server/app-page.runtime.prod.js:12:142093)
    at eE (/Users/ahmedsalem/Desktop/all my projects/uneom.com/node_modules/next/dist/compiled/next-server/app-page.runtime.prod.js:12:142572)
    at Timeout._onTimeout (/Users/ahmedsalem/Desktop/all my projects/uneom.com/node_modules/next/dist/compiled/next-server/app-page.runtime.prod.js:12:135349)
    at listOnTimeout (node:internal/timers:605:17) {
  digest: '2101114011'
}

Error occurred prerendering page "/ar/locations/jeddah/hospitality". Read more: https://nextjs.org/docs/messages/prerender-error

TypeError: Cannot read properties of undefined (reading 'map')
    at f (/Users/ahmedsalem/Desktop/all my projects/uneom.com/.next/server/app/ar/locations/[city]/[industry]/page.js:1:8960)
    at eh (/Users/ahmedsalem/Desktop/all my projects/uneom.com/node_modules/next/dist/compiled/next-server/app-page.runtime.prod.js:12:134660)
    at e (/Users/ahmedsalem/Desktop/all my projects/uneom.com/node_modules/next/dist/compiled/next-server/app-page.runtime.prod.js:12:137545)
    at ek (/Users/ahmedsalem/Desktop/all my projects/uneom.com/node_modules/next/dist/compiled/next-server/app-page.runtime.prod.js:12:138019)
    at Array.toJSON (/Users/ahmedsalem/Desktop/all my projects/uneom.com/node_modules/next/dist/compiled/next-server/app-page.runtime.prod.js:12:135629)
    at stringify (<anonymous>)
    at eP (/Users/ahmedsalem/Desktop/all my projects/uneom.com/node_modules/next/dist/compiled/next-server/app-page.runtime.prod.js:12:142093)
    at eE (/Users/ahmedsalem/Desktop/all my projects/uneom.com/node_modules/next/dist/compiled/next-server/app-page.runtime.prod.js:12:142572)
    at AsyncLocalStorage.run (node:internal/async_local_storage/async_context_frame:63:14)
    at Timeout._onTimeout (/Users/ahmedsalem/Desktop/all my projects/uneom.com/node_modules/next/dist/compiled/next-server/app-page.runtime.prod.js:12:150373)
TypeError: Cannot read properties of undefined (reading 'map')
    at f (/Users/ahmedsalem/Desktop/all my projects/uneom.com/.next/server/app/ar/locations/[city]/[industry]/page.js:1:8960)
    at eh (/Users/ahmedsalem/Desktop/all my projects/uneom.com/node_modules/next/dist/compiled/next-server/app-page.runtime.prod.js:12:134660)
    at e (/Users/ahmedsalem/Desktop/all my projects/uneom.com/node_modules/next/dist/compiled/next-server/app-page.runtime.prod.js:12:137545)
    at ek (/Users/ahmedsalem/Desktop/all my projects/uneom.com/node_modules/next/dist/compiled/next-server/app-page.runtime.prod.js:12:138019)
    at Array.toJSON (/Users/ahmedsalem/Desktop/all my projects/uneom.com/node_modules/next/dist/compiled/next-server/app-page.runtime.prod.js:12:135629)
    at stringify (<anonymous>)
    at eP (/Users/ahmedsalem/Desktop/all my projects/uneom.com/node_modules/next/dist/compiled/next-server/app-page.runtime.prod.js:12:142093)
    at eE (/Users/ahmedsalem/Desktop/all my projects/uneom.com/node_modules/next/dist/compiled/next-server/app-page.runtime.prod.js:12:142572)
    at AsyncLocalStorage.run (node:internal/async_local_storage/async_context_frame:63:14)
    at Timeout._onTimeout (/Users/ahmedsalem/Desktop/all my projects/uneom.com/node_modules/next/dist/compiled/next-server/app-page.runtime.prod.js:12:150373) {
  digest: '3731830276'
}
TypeError: Cannot read properties of undefined (reading 'map')
    at f (/Users/ahmedsalem/Desktop/all my projects/uneom.com/.next/server/app/ar/locations/[city]/[industry]/page.js:1:8960)
    at eh (/Users/ahmedsalem/Desktop/all my projects/uneom.com/node_modules/next/dist/compiled/next-server/app-page.runtime.prod.js:12:134660)
    at e (/Users/ahmedsalem/Desktop/all my projects/uneom.com/node_modules/next/dist/compiled/next-server/app-page.runtime.prod.js:12:137545)
    at ek (/Users/ahmedsalem/Desktop/all my projects/uneom.com/node_modules/next/dist/compiled/next-server/app-page.runtime.prod.js:12:138019)
    at Array.toJSON (/Users/ahmedsalem/Desktop/all my projects/uneom.com/node_modules/next/dist/compiled/next-server/app-page.runtime.prod.js:12:135629)
    at stringify (<anonymous>)
    at eP (/Users/ahmedsalem/Desktop/all my projects/uneom.com/node_modules/next/dist/compiled/next-server/app-page.runtime.prod.js:12:142093)
    at eE (/Users/ahmedsalem/Desktop/all my projects/uneom.com/node_modules/next/dist/compiled/next-server/app-page.runtime.prod.js:12:142572)
    at Timeout._onTimeout (/Users/ahmedsalem/Desktop/all my projects/uneom.com/node_modules/next/dist/compiled/next-server/app-page.runtime.prod.js:12:135349)
    at listOnTimeout (node:internal/timers:605:17) {
  digest: '2101114011'
}

Error occurred prerendering page "/ar/locations/jeddah/education". Read more: https://nextjs.org/docs/messages/prerender-error

TypeError: Cannot read properties of undefined (reading 'map')
    at f (/Users/ahmedsalem/Desktop/all my projects/uneom.com/.next/server/app/ar/locations/[city]/[industry]/page.js:1:8960)
    at eh (/Users/ahmedsalem/Desktop/all my projects/uneom.com/node_modules/next/dist/compiled/next-server/app-page.runtime.prod.js:12:134660)
    at e (/Users/ahmedsalem/Desktop/all my projects/uneom.com/node_modules/next/dist/compiled/next-server/app-page.runtime.prod.js:12:137545)
    at ek (/Users/ahmedsalem/Desktop/all my projects/uneom.com/node_modules/next/dist/compiled/next-server/app-page.runtime.prod.js:12:138019)
    at Array.toJSON (/Users/ahmedsalem/Desktop/all my projects/uneom.com/node_modules/next/dist/compiled/next-server/app-page.runtime.prod.js:12:135629)
    at stringify (<anonymous>)
    at eP (/Users/ahmedsalem/Desktop/all my projects/uneom.com/node_modules/next/dist/compiled/next-server/app-page.runtime.prod.js:12:142093)
    at eE (/Users/ahmedsalem/Desktop/all my projects/uneom.com/node_modules/next/dist/compiled/next-server/app-page.runtime.prod.js:12:142572)
    at AsyncLocalStorage.run (node:internal/async_local_storage/async_context_frame:63:14)
    at Timeout._onTimeout (/Users/ahmedsalem/Desktop/all my projects/uneom.com/node_modules/next/dist/compiled/next-server/app-page.runtime.prod.js:12:150373)
TypeError: Cannot read properties of undefined (reading 'map')
    at f (/Users/ahmedsalem/Desktop/all my projects/uneom.com/.next/server/app/ar/locations/[city]/[industry]/page.js:1:8960)
    at eh (/Users/ahmedsalem/Desktop/all my projects/uneom.com/node_modules/next/dist/compiled/next-server/app-page.runtime.prod.js:12:134660)
    at e (/Users/ahmedsalem/Desktop/all my projects/uneom.com/node_modules/next/dist/compiled/next-server/app-page.runtime.prod.js:12:137545)
    at ek (/Users/ahmedsalem/Desktop/all my projects/uneom.com/node_modules/next/dist/compiled/next-server/app-page.runtime.prod.js:12:138019)
    at Array.toJSON (/Users/ahmedsalem/Desktop/all my projects/uneom.com/node_modules/next/dist/compiled/next-server/app-page.runtime.prod.js:12:135629)
    at stringify (<anonymous>)
    at eP (/Users/ahmedsalem/Desktop/all my projects/uneom.com/node_modules/next/dist/compiled/next-server/app-page.runtime.prod.js:12:142093)
    at eE (/Users/ahmedsalem/Desktop/all my projects/uneom.com/node_modules/next/dist/compiled/next-server/app-page.runtime.prod.js:12:142572)
    at AsyncLocalStorage.run (node:internal/async_local_storage/async_context_frame:63:14)
    at Timeout._onTimeout (/Users/ahmedsalem/Desktop/all my projects/uneom.com/node_modules/next/dist/compiled/next-server/app-page.runtime.prod.js:12:150373) {
  digest: '3731830276'
}
TypeError: Cannot read properties of undefined (reading 'map')
    at f (/Users/ahmedsalem/Desktop/all my projects/uneom.com/.next/server/app/ar/locations/[city]/[industry]/page.js:1:8960)
    at eh (/Users/ahmedsalem/Desktop/all my projects/uneom.com/node_modules/next/dist/compiled/next-server/app-page.runtime.prod.js:12:134660)
    at e (/Users/ahmedsalem/Desktop/all my projects/uneom.com/node_modules/next/dist/compiled/next-server/app-page.runtime.prod.js:12:137545)
    at ek (/Users/ahmedsalem/Desktop/all my projects/uneom.com/node_modules/next/dist/compiled/next-server/app-page.runtime.prod.js:12:138019)
    at Array.toJSON (/Users/ahmedsalem/Desktop/all my projects/uneom.com/node_modules/next/dist/compiled/next-server/app-page.runtime.prod.js:12:135629)
    at stringify (<anonymous>)
    at eP (/Users/ahmedsalem/Desktop/all my projects/uneom.com/node_modules/next/dist/compiled/next-server/app-page.runtime.prod.js:12:142093)
    at eE (/Users/ahmedsalem/Desktop/all my projects/uneom.com/node_modules/next/dist/compiled/next-server/app-page.runtime.prod.js:12:142572)
    at Timeout._onTimeout (/Users/ahmedsalem/Desktop/all my projects/uneom.com/node_modules/next/dist/compiled/next-server/app-page.runtime.prod.js:12:135349)
    at listOnTimeout (node:internal/timers:605:17) {
  digest: '2101114011'
}

Error occurred prerendering page "/ar/locations/jeddah/manufacturing". Read more: https://nextjs.org/docs/messages/prerender-error

TypeError: Cannot read properties of undefined (reading 'map')
    at f (/Users/ahmedsalem/Desktop/all my projects/uneom.com/.next/server/app/ar/locations/[city]/[industry]/page.js:1:8960)
    at eh (/Users/ahmedsalem/Desktop/all my projects/uneom.com/node_modules/next/dist/compiled/next-server/app-page.runtime.prod.js:12:134660)
    at e (/Users/ahmedsalem/Desktop/all my projects/uneom.com/node_modules/next/dist/compiled/next-server/app-page.runtime.prod.js:12:137545)
    at ek (/Users/ahmedsalem/Desktop/all my projects/uneom.com/node_modules/next/dist/compiled/next-server/app-page.runtime.prod.js:12:138019)
    at Array.toJSON (/Users/ahmedsalem/Desktop/all my projects/uneom.com/node_modules/next/dist/compiled/next-server/app-page.runtime.prod.js:12:135629)
    at stringify (<anonymous>)
    at eP (/Users/ahmedsalem/Desktop/all my projects/uneom.com/node_modules/next/dist/compiled/next-server/app-page.runtime.prod.js:12:142093)
    at eE (/Users/ahmedsalem/Desktop/all my projects/uneom.com/node_modules/next/dist/compiled/next-server/app-page.runtime.prod.js:12:142572)
    at AsyncLocalStorage.run (node:internal/async_local_storage/async_context_frame:63:14)
    at Timeout._onTimeout (/Users/ahmedsalem/Desktop/all my projects/uneom.com/node_modules/next/dist/compiled/next-server/app-page.runtime.prod.js:12:150373)
TypeError: Cannot read properties of undefined (reading 'map')
    at f (/Users/ahmedsalem/Desktop/all my projects/uneom.com/.next/server/app/ar/locations/[city]/[industry]/page.js:1:8960)
    at eh (/Users/ahmedsalem/Desktop/all my projects/uneom.com/node_modules/next/dist/compiled/next-server/app-page.runtime.prod.js:12:134660)
    at e (/Users/ahmedsalem/Desktop/all my projects/uneom.com/node_modules/next/dist/compiled/next-server/app-page.runtime.prod.js:12:137545)
    at ek (/Users/ahmedsalem/Desktop/all my projects/uneom.com/node_modules/next/dist/compiled/next-server/app-page.runtime.prod.js:12:138019)
    at Array.toJSON (/Users/ahmedsalem/Desktop/all my projects/uneom.com/node_modules/next/dist/compiled/next-server/app-page.runtime.prod.js:12:135629)
    at stringify (<anonymous>)
    at eP (/Users/ahmedsalem/Desktop/all my projects/uneom.com/node_modules/next/dist/compiled/next-server/app-page.runtime.prod.js:12:142093)
    at eE (/Users/ahmedsalem/Desktop/all my projects/uneom.com/node_modules/next/dist/compiled/next-server/app-page.runtime.prod.js:12:142572)
    at AsyncLocalStorage.run (node:internal/async_local_storage/async_context_frame:63:14)
    at Timeout._onTimeout (/Users/ahmedsalem/Desktop/all my projects/uneom.com/node_modules/next/dist/compiled/next-server/app-page.runtime.prod.js:12:150373) {
  digest: '3731830276'
}
TypeError: Cannot read properties of undefined (reading 'map')
    at f (/Users/ahmedsalem/Desktop/all my projects/uneom.com/.next/server/app/ar/locations/[city]/[industry]/page.js:1:8960)
    at eh (/Users/ahmedsalem/Desktop/all my projects/uneom.com/node_modules/next/dist/compiled/next-server/app-page.runtime.prod.js:12:134660)
    at e (/Users/ahmedsalem/Desktop/all my projects/uneom.com/node_modules/next/dist/compiled/next-server/app-page.runtime.prod.js:12:137545)
    at ek (/Users/ahmedsalem/Desktop/all my projects/uneom.com/node_modules/next/dist/compiled/next-server/app-page.runtime.prod.js:12:138019)
    at Array.toJSON (/Users/ahmedsalem/Desktop/all my projects/uneom.com/node_modules/next/dist/compiled/next-server/app-page.runtime.prod.js:12:135629)
    at stringify (<anonymous>)
    at eP (/Users/ahmedsalem/Desktop/all my projects/uneom.com/node_modules/next/dist/compiled/next-server/app-page.runtime.prod.js:12:142093)
    at eE (/Users/ahmedsalem/Desktop/all my projects/uneom.com/node_modules/next/dist/compiled/next-server/app-page.runtime.prod.js:12:142572)
    at Timeout._onTimeout (/Users/ahmedsalem/Desktop/all my projects/uneom.com/node_modules/next/dist/compiled/next-server/app-page.runtime.prod.js:12:135349)
    at listOnTimeout (node:internal/timers:605:17) {
  digest: '2101114011'
}

Error occurred prerendering page "/ar/locations/jeddah/corporate". Read more: https://nextjs.org/docs/messages/prerender-error

TypeError: Cannot read properties of undefined (reading 'map')
    at f (/Users/ahmedsalem/Desktop/all my projects/uneom.com/.next/server/app/ar/locations/[city]/[industry]/page.js:1:8960)
    at eh (/Users/ahmedsalem/Desktop/all my projects/uneom.com/node_modules/next/dist/compiled/next-server/app-page.runtime.prod.js:12:134660)
    at e (/Users/ahmedsalem/Desktop/all my projects/uneom.com/node_modules/next/dist/compiled/next-server/app-page.runtime.prod.js:12:137545)
    at ek (/Users/ahmedsalem/Desktop/all my projects/uneom.com/node_modules/next/dist/compiled/next-server/app-page.runtime.prod.js:12:138019)
    at Array.toJSON (/Users/ahmedsalem/Desktop/all my projects/uneom.com/node_modules/next/dist/compiled/next-server/app-page.runtime.prod.js:12:135629)
    at stringify (<anonymous>)
    at eP (/Users/ahmedsalem/Desktop/all my projects/uneom.com/node_modules/next/dist/compiled/next-server/app-page.runtime.prod.js:12:142093)
    at eE (/Users/ahmedsalem/Desktop/all my projects/uneom.com/node_modules/next/dist/compiled/next-server/app-page.runtime.prod.js:12:142572)
    at AsyncLocalStorage.run (node:internal/async_local_storage/async_context_frame:63:14)
    at Timeout._onTimeout (/Users/ahmedsalem/Desktop/all my projects/uneom.com/node_modules/next/dist/compiled/next-server/app-page.runtime.prod.js:12:150373)
TypeError: Cannot read properties of undefined (reading 'map')
    at f (/Users/ahmedsalem/Desktop/all my projects/uneom.com/.next/server/app/ar/locations/[city]/[industry]/page.js:1:8960)
    at eh (/Users/ahmedsalem/Desktop/all my projects/uneom.com/node_modules/next/dist/compiled/next-server/app-page.runtime.prod.js:12:134660)
    at e (/Users/ahmedsalem/Desktop/all my projects/uneom.com/node_modules/next/dist/compiled/next-server/app-page.runtime.prod.js:12:137545)
    at ek (/Users/ahmedsalem/Desktop/all my projects/uneom.com/node_modules/next/dist/compiled/next-server/app-page.runtime.prod.js:12:138019)
    at Array.toJSON (/Users/ahmedsalem/Desktop/all my projects/uneom.com/node_modules/next/dist/compiled/next-server/app-page.runtime.prod.js:12:135629)
    at stringify (<anonymous>)
    at eP (/Users/ahmedsalem/Desktop/all my projects/uneom.com/node_modules/next/dist/compiled/next-server/app-page.runtime.prod.js:12:142093)
    at eE (/Users/ahmedsalem/Desktop/all my projects/uneom.com/node_modules/next/dist/compiled/next-server/app-page.runtime.prod.js:12:142572)
    at AsyncLocalStorage.run (node:internal/async_local_storage/async_context_frame:63:14)
    at Timeout._onTimeout (/Users/ahmedsalem/Desktop/all my projects/uneom.com/node_modules/next/dist/compiled/next-server/app-page.runtime.prod.js:12:150373) {
  digest: '3731830276'
}
TypeError: Cannot read properties of undefined (reading 'map')
    at f (/Users/ahmedsalem/Desktop/all my projects/uneom.com/.next/server/app/ar/locations/[city]/[industry]/page.js:1:8960)
    at eh (/Users/ahmedsalem/Desktop/all my projects/uneom.com/node_modules/next/dist/compiled/next-server/app-page.runtime.prod.js:12:134660)
    at e (/Users/ahmedsalem/Desktop/all my projects/uneom.com/node_modules/next/dist/compiled/next-server/app-page.runtime.prod.js:12:137545)
    at ek (/Users/ahmedsalem/Desktop/all my projects/uneom.com/node_modules/next/dist/compiled/next-server/app-page.runtime.prod.js:12:138019)
    at Array.toJSON (/Users/ahmedsalem/Desktop/all my projects/uneom.com/node_modules/next/dist/compiled/next-server/app-page.runtime.prod.js:12:135629)
    at stringify (<anonymous>)
    at eP (/Users/ahmedsalem/Desktop/all my projects/uneom.com/node_modules/next/dist/compiled/next-server/app-page.runtime.prod.js:12:142093)
    at eE (/Users/ahmedsalem/Desktop/all my projects/uneom.com/node_modules/next/dist/compiled/next-server/app-page.runtime.prod.js:12:142572)
    at Timeout._onTimeout (/Users/ahmedsalem/Desktop/all my projects/uneom.com/node_modules/next/dist/compiled/next-server/app-page.runtime.prod.js:12:135349)
    at listOnTimeout (node:internal/timers:605:17) {
  digest: '2101114011'
}

Error occurred prerendering page "/ar/locations/jeddah/factory-industry". Read more: https://nextjs.org/docs/messages/prerender-error

TypeError: Cannot read properties of undefined (reading 'map')
    at f (/Users/ahmedsalem/Desktop/all my projects/uneom.com/.next/server/app/ar/locations/[city]/[industry]/page.js:1:8960)
    at eh (/Users/ahmedsalem/Desktop/all my projects/uneom.com/node_modules/next/dist/compiled/next-server/app-page.runtime.prod.js:12:134660)
    at e (/Users/ahmedsalem/Desktop/all my projects/uneom.com/node_modules/next/dist/compiled/next-server/app-page.runtime.prod.js:12:137545)
    at ek (/Users/ahmedsalem/Desktop/all my projects/uneom.com/node_modules/next/dist/compiled/next-server/app-page.runtime.prod.js:12:138019)
    at Array.toJSON (/Users/ahmedsalem/Desktop/all my projects/uneom.com/node_modules/next/dist/compiled/next-server/app-page.runtime.prod.js:12:135629)
    at stringify (<anonymous>)
    at eP (/Users/ahmedsalem/Desktop/all my projects/uneom.com/node_modules/next/dist/compiled/next-server/app-page.runtime.prod.js:12:142093)
    at eE (/Users/ahmedsalem/Desktop/all my projects/uneom.com/node_modules/next/dist/compiled/next-server/app-page.runtime.prod.js:12:142572)
    at AsyncLocalStorage.run (node:internal/async_local_storage/async_context_frame:63:14)
    at Timeout._onTimeout (/Users/ahmedsalem/Desktop/all my projects/uneom.com/node_modules/next/dist/compiled/next-server/app-page.runtime.prod.js:12:150373)
TypeError: Cannot read properties of undefined (reading 'map')
    at f (/Users/ahmedsalem/Desktop/all my projects/uneom.com/.next/server/app/ar/locations/[city]/[industry]/page.js:1:8960)
    at eh (/Users/ahmedsalem/Desktop/all my projects/uneom.com/node_modules/next/dist/compiled/next-server/app-page.runtime.prod.js:12:134660)
    at e (/Users/ahmedsalem/Desktop/all my projects/uneom.com/node_modules/next/dist/compiled/next-server/app-page.runtime.prod.js:12:137545)
    at ek (/Users/ahmedsalem/Desktop/all my projects/uneom.com/node_modules/next/dist/compiled/next-server/app-page.runtime.prod.js:12:138019)
    at Array.toJSON (/Users/ahmedsalem/Desktop/all my projects/uneom.com/node_modules/next/dist/compiled/next-server/app-page.runtime.prod.js:12:135629)
    at stringify (<anonymous>)
    at eP (/Users/ahmedsalem/Desktop/all my projects/uneom.com/node_modules/next/dist/compiled/next-server/app-page.runtime.prod.js:12:142093)
    at eE (/Users/ahmedsalem/Desktop/all my projects/uneom.com/node_modules/next/dist/compiled/next-server/app-page.runtime.prod.js:12:142572)
    at AsyncLocalStorage.run (node:internal/async_local_storage/async_context_frame:63:14)
    at Timeout._onTimeout (/Users/ahmedsalem/Desktop/all my projects/uneom.com/node_modules/next/dist/compiled/next-server/app-page.runtime.prod.js:12:150373) {
  digest: '3731830276'
}
TypeError: Cannot read properties of undefined (reading 'map')
    at f (/Users/ahmedsalem/Desktop/all my projects/uneom.com/.next/server/app/ar/locations/[city]/[industry]/page.js:1:8960)
    at eh (/Users/ahmedsalem/Desktop/all my projects/uneom.com/node_modules/next/dist/compiled/next-server/app-page.runtime.prod.js:12:134660)
    at e (/Users/ahmedsalem/Desktop/all my projects/uneom.com/node_modules/next/dist/compiled/next-server/app-page.runtime.prod.js:12:137545)
    at ek (/Users/ahmedsalem/Desktop/all my projects/uneom.com/node_modules/next/dist/compiled/next-server/app-page.runtime.prod.js:12:138019)
    at Array.toJSON (/Users/ahmedsalem/Desktop/all my projects/uneom.com/node_modules/next/dist/compiled/next-server/app-page.runtime.prod.js:12:135629)
    at stringify (<anonymous>)
    at eP (/Users/ahmedsalem/Desktop/all my projects/uneom.com/node_modules/next/dist/compiled/next-server/app-page.runtime.prod.js:12:142093)
    at eE (/Users/ahmedsalem/Desktop/all my projects/uneom.com/node_modules/next/dist/compiled/next-server/app-page.runtime.prod.js:12:142572)
    at Timeout._onTimeout (/Users/ahmedsalem/Desktop/all my projects/uneom.com/node_modules/next/dist/compiled/next-server/app-page.runtime.prod.js:12:135349)
    at listOnTimeout (node:internal/timers:605:17) {
  digest: '2101114011'
}

Error occurred prerendering page "/ar/locations/jeddah/retail-shops". Read more: https://nextjs.org/docs/messages/prerender-error

TypeError: Cannot read properties of undefined (reading 'map')
    at f (/Users/ahmedsalem/Desktop/all my projects/uneom.com/.next/server/app/ar/locations/[city]/[industry]/page.js:1:8960)
    at eh (/Users/ahmedsalem/Desktop/all my projects/uneom.com/node_modules/next/dist/compiled/next-server/app-page.runtime.prod.js:12:134660)
    at e (/Users/ahmedsalem/Desktop/all my projects/uneom.com/node_modules/next/dist/compiled/next-server/app-page.runtime.prod.js:12:137545)
    at ek (/Users/ahmedsalem/Desktop/all my projects/uneom.com/node_modules/next/dist/compiled/next-server/app-page.runtime.prod.js:12:138019)
    at Array.toJSON (/Users/ahmedsalem/Desktop/all my projects/uneom.com/node_modules/next/dist/compiled/next-server/app-page.runtime.prod.js:12:135629)
    at stringify (<anonymous>)
    at eP (/Users/ahmedsalem/Desktop/all my projects/uneom.com/node_modules/next/dist/compiled/next-server/app-page.runtime.prod.js:12:142093)
    at eE (/Users/ahmedsalem/Desktop/all my projects/uneom.com/node_modules/next/dist/compiled/next-server/app-page.runtime.prod.js:12:142572)
    at AsyncLocalStorage.run (node:internal/async_local_storage/async_context_frame:63:14)
    at Timeout._onTimeout (/Users/ahmedsalem/Desktop/all my projects/uneom.com/node_modules/next/dist/compiled/next-server/app-page.runtime.prod.js:12:150373)
TypeError: Cannot read properties of undefined (reading 'map')
    at f (/Users/ahmedsalem/Desktop/all my projects/uneom.com/.next/server/app/ar/locations/[city]/[industry]/page.js:1:8960)
    at eh (/Users/ahmedsalem/Desktop/all my projects/uneom.com/node_modules/next/dist/compiled/next-server/app-page.runtime.prod.js:12:134660)
    at e (/Users/ahmedsalem/Desktop/all my projects/uneom.com/node_modules/next/dist/compiled/next-server/app-page.runtime.prod.js:12:137545)
    at ek (/Users/ahmedsalem/Desktop/all my projects/uneom.com/node_modules/next/dist/compiled/next-server/app-page.runtime.prod.js:12:138019)
    at Array.toJSON (/Users/ahmedsalem/Desktop/all my projects/uneom.com/node_modules/next/dist/compiled/next-server/app-page.runtime.prod.js:12:135629)
    at stringify (<anonymous>)
    at eP (/Users/ahmedsalem/Desktop/all my projects/uneom.com/node_modules/next/dist/compiled/next-server/app-page.runtime.prod.js:12:142093)
    at eE (/Users/ahmedsalem/Desktop/all my projects/uneom.com/node_modules/next/dist/compiled/next-server/app-page.runtime.prod.js:12:142572)
    at AsyncLocalStorage.run (node:internal/async_local_storage/async_context_frame:63:14)
    at Timeout._onTimeout (/Users/ahmedsalem/Desktop/all my projects/uneom.com/node_modules/next/dist/compiled/next-server/app-page.runtime.prod.js:12:150373) {
  digest: '3731830276'
}
TypeError: Cannot read properties of undefined (reading 'map')
    at f (/Users/ahmedsalem/Desktop/all my projects/uneom.com/.next/server/app/ar/locations/[city]/[industry]/page.js:1:8960)
    at eh (/Users/ahmedsalem/Desktop/all my projects/uneom.com/node_modules/next/dist/compiled/next-server/app-page.runtime.prod.js:12:134660)
    at e (/Users/ahmedsalem/Desktop/all my projects/uneom.com/node_modules/next/dist/compiled/next-server/app-page.runtime.prod.js:12:137545)
    at ek (/Users/ahmedsalem/Desktop/all my projects/uneom.com/node_modules/next/dist/compiled/next-server/app-page.runtime.prod.js:12:138019)
    at Array.toJSON (/Users/ahmedsalem/Desktop/all my projects/uneom.com/node_modules/next/dist/compiled/next-server/app-page.runtime.prod.js:12:135629)
    at stringify (<anonymous>)
    at eP (/Users/ahmedsalem/Desktop/all my projects/uneom.com/node_modules/next/dist/compiled/next-server/app-page.runtime.prod.js:12:142093)
    at eE (/Users/ahmedsalem/Desktop/all my projects/uneom.com/node_modules/next/dist/compiled/next-server/app-page.runtime.prod.js:12:142572)
    at Timeout._onTimeout (/Users/ahmedsalem/Desktop/all my projects/uneom.com/node_modules/next/dist/compiled/next-server/app-page.runtime.prod.js:12:135349)
    at listOnTimeout (node:internal/timers:605:17) {
  digest: '2101114011'
}

Error occurred prerendering page "/ar/locations/jeddah/supply-manufacturing". Read more: https://nextjs.org/docs/messages/prerender-error

TypeError: Cannot read properties of undefined (reading 'map')
    at f (/Users/ahmedsalem/Desktop/all my projects/uneom.com/.next/server/app/ar/locations/[city]/[industry]/page.js:1:8960)
    at eh (/Users/ahmedsalem/Desktop/all my projects/uneom.com/node_modules/next/dist/compiled/next-server/app-page.runtime.prod.js:12:134660)
    at e (/Users/ahmedsalem/Desktop/all my projects/uneom.com/node_modules/next/dist/compiled/next-server/app-page.runtime.prod.js:12:137545)
    at ek (/Users/ahmedsalem/Desktop/all my projects/uneom.com/node_modules/next/dist/compiled/next-server/app-page.runtime.prod.js:12:138019)
    at Array.toJSON (/Users/ahmedsalem/Desktop/all my projects/uneom.com/node_modules/next/dist/compiled/next-server/app-page.runtime.prod.js:12:135629)
    at stringify (<anonymous>)
    at eP (/Users/ahmedsalem/Desktop/all my projects/uneom.com/node_modules/next/dist/compiled/next-server/app-page.runtime.prod.js:12:142093)
    at eE (/Users/ahmedsalem/Desktop/all my projects/uneom.com/node_modules/next/dist/compiled/next-server/app-page.runtime.prod.js:12:142572)
    at AsyncLocalStorage.run (node:internal/async_local_storage/async_context_frame:63:14)
    at Timeout._onTimeout (/Users/ahmedsalem/Desktop/all my projects/uneom.com/node_modules/next/dist/compiled/next-server/app-page.runtime.prod.js:12:150373)
TypeError: Cannot read properties of undefined (reading 'map')
    at f (/Users/ahmedsalem/Desktop/all my projects/uneom.com/.next/server/app/ar/locations/[city]/[industry]/page.js:1:8960)
    at eh (/Users/ahmedsalem/Desktop/all my projects/uneom.com/node_modules/next/dist/compiled/next-server/app-page.runtime.prod.js:12:134660)
    at e (/Users/ahmedsalem/Desktop/all my projects/uneom.com/node_modules/next/dist/compiled/next-server/app-page.runtime.prod.js:12:137545)
    at ek (/Users/ahmedsalem/Desktop/all my projects/uneom.com/node_modules/next/dist/compiled/next-server/app-page.runtime.prod.js:12:138019)
    at Array.toJSON (/Users/ahmedsalem/Desktop/all my projects/uneom.com/node_modules/next/dist/compiled/next-server/app-page.runtime.prod.js:12:135629)
    at stringify (<anonymous>)
    at eP (/Users/ahmedsalem/Desktop/all my projects/uneom.com/node_modules/next/dist/compiled/next-server/app-page.runtime.prod.js:12:142093)
    at eE (/Users/ahmedsalem/Desktop/all my projects/uneom.com/node_modules/next/dist/compiled/next-server/app-page.runtime.prod.js:12:142572)
    at AsyncLocalStorage.run (node:internal/async_local_storage/async_context_frame:63:14)
    at Timeout._onTimeout (/Users/ahmedsalem/Desktop/all my projects/uneom.com/node_modules/next/dist/compiled/next-server/app-page.runtime.prod.js:12:150373) {
  digest: '3731830276'
}
TypeError: Cannot read properties of undefined (reading 'map')
    at f (/Users/ahmedsalem/Desktop/all my projects/uneom.com/.next/server/app/ar/locations/[city]/[industry]/page.js:1:8960)
    at eh (/Users/ahmedsalem/Desktop/all my projects/uneom.com/node_modules/next/dist/compiled/next-server/app-page.runtime.prod.js:12:134660)
    at e (/Users/ahmedsalem/Desktop/all my projects/uneom.com/node_modules/next/dist/compiled/next-server/app-page.runtime.prod.js:12:137545)
    at ek (/Users/ahmedsalem/Desktop/all my projects/uneom.com/node_modules/next/dist/compiled/next-server/app-page.runtime.prod.js:12:138019)
    at Array.toJSON (/Users/ahmedsalem/Desktop/all my projects/uneom.com/node_modules/next/dist/compiled/next-server/app-page.runtime.prod.js:12:135629)
    at stringify (<anonymous>)
    at eP (/Users/ahmedsalem/Desktop/all my projects/uneom.com/node_modules/next/dist/compiled/next-server/app-page.runtime.prod.js:12:142093)
    at eE (/Users/ahmedsalem/Desktop/all my projects/uneom.com/node_modules/next/dist/compiled/next-server/app-page.runtime.prod.js:12:142572)
    at Timeout._onTimeout (/Users/ahmedsalem/Desktop/all my projects/uneom.com/node_modules/next/dist/compiled/next-server/app-page.runtime.prod.js:12:135349)
    at listOnTimeout (node:internal/timers:605:17) {
  digest: '2101114011'
}

Error occurred prerendering page "/ar/locations/jeddah/security". Read more: https://nextjs.org/docs/messages/prerender-error

TypeError: Cannot read properties of undefined (reading 'map')
    at f (/Users/ahmedsalem/Desktop/all my projects/uneom.com/.next/server/app/ar/locations/[city]/[industry]/page.js:1:8960)
    at eh (/Users/ahmedsalem/Desktop/all my projects/uneom.com/node_modules/next/dist/compiled/next-server/app-page.runtime.prod.js:12:134660)
    at e (/Users/ahmedsalem/Desktop/all my projects/uneom.com/node_modules/next/dist/compiled/next-server/app-page.runtime.prod.js:12:137545)
    at ek (/Users/ahmedsalem/Desktop/all my projects/uneom.com/node_modules/next/dist/compiled/next-server/app-page.runtime.prod.js:12:138019)
    at Array.toJSON (/Users/ahmedsalem/Desktop/all my projects/uneom.com/node_modules/next/dist/compiled/next-server/app-page.runtime.prod.js:12:135629)
    at stringify (<anonymous>)
    at eP (/Users/ahmedsalem/Desktop/all my projects/uneom.com/node_modules/next/dist/compiled/next-server/app-page.runtime.prod.js:12:142093)
    at eE (/Users/ahmedsalem/Desktop/all my projects/uneom.com/node_modules/next/dist/compiled/next-server/app-page.runtime.prod.js:12:142572)
    at AsyncLocalStorage.run (node:internal/async_local_storage/async_context_frame:63:14)
    at Timeout._onTimeout (/Users/ahmedsalem/Desktop/all my projects/uneom.com/node_modules/next/dist/compiled/next-server/app-page.runtime.prod.js:12:150373)
TypeError: Cannot read properties of undefined (reading 'map')
    at f (/Users/ahmedsalem/Desktop/all my projects/uneom.com/.next/server/app/ar/locations/[city]/[industry]/page.js:1:8960)
    at eh (/Users/ahmedsalem/Desktop/all my projects/uneom.com/node_modules/next/dist/compiled/next-server/app-page.runtime.prod.js:12:134660)
    at e (/Users/ahmedsalem/Desktop/all my projects/uneom.com/node_modules/next/dist/compiled/next-server/app-page.runtime.prod.js:12:137545)
    at ek (/Users/ahmedsalem/Desktop/all my projects/uneom.com/node_modules/next/dist/compiled/next-server/app-page.runtime.prod.js:12:138019)
    at Array.toJSON (/Users/ahmedsalem/Desktop/all my projects/uneom.com/node_modules/next/dist/compiled/next-server/app-page.runtime.prod.js:12:135629)
    at stringify (<anonymous>)
    at eP (/Users/ahmedsalem/Desktop/all my projects/uneom.com/node_modules/next/dist/compiled/next-server/app-page.runtime.prod.js:12:142093)
    at eE (/Users/ahmedsalem/Desktop/all my projects/uneom.com/node_modules/next/dist/compiled/next-server/app-page.runtime.prod.js:12:142572)
    at AsyncLocalStorage.run (node:internal/async_local_storage/async_context_frame:63:14)
    at Timeout._onTimeout (/Users/ahmedsalem/Desktop/all my projects/uneom.com/node_modules/next/dist/compiled/next-server/app-page.runtime.prod.js:12:150373) {
  digest: '3731830276'
}
TypeError: Cannot read properties of undefined (reading 'map')
    at f (/Users/ahmedsalem/Desktop/all my projects/uneom.com/.next/server/app/ar/locations/[city]/[industry]/page.js:1:8960)
    at eh (/Users/ahmedsalem/Desktop/all my projects/uneom.com/node_modules/next/dist/compiled/next-server/app-page.runtime.prod.js:12:134660)
    at e (/Users/ahmedsalem/Desktop/all my projects/uneom.com/node_modules/next/dist/compiled/next-server/app-page.runtime.prod.js:12:137545)
    at ek (/Users/ahmedsalem/Desktop/all my projects/uneom.com/node_modules/next/dist/compiled/next-server/app-page.runtime.prod.js:12:138019)
    at Array.toJSON (/Users/ahmedsalem/Desktop/all my projects/uneom.com/node_modules/next/dist/compiled/next-server/app-page.runtime.prod.js:12:135629)
    at stringify (<anonymous>)
    at eP (/Users/ahmedsalem/Desktop/all my projects/uneom.com/node_modules/next/dist/compiled/next-server/app-page.runtime.prod.js:12:142093)
    at eE (/Users/ahmedsalem/Desktop/all my projects/uneom.com/node_modules/next/dist/compiled/next-server/app-page.runtime.prod.js:12:142572)
    at Timeout._onTimeout (/Users/ahmedsalem/Desktop/all my projects/uneom.com/node_modules/next/dist/compiled/next-server/app-page.runtime.prod.js:12:135349)
    at listOnTimeout (node:internal/timers:605:17) {
  digest: '2101114011'
}

Error occurred prerendering page "/ar/locations/dammam/healthcare". Read more: https://nextjs.org/docs/messages/prerender-error

TypeError: Cannot read properties of undefined (reading 'map')
    at f (/Users/ahmedsalem/Desktop/all my projects/uneom.com/.next/server/app/ar/locations/[city]/[industry]/page.js:1:8960)
    at eh (/Users/ahmedsalem/Desktop/all my projects/uneom.com/node_modules/next/dist/compiled/next-server/app-page.runtime.prod.js:12:134660)
    at e (/Users/ahmedsalem/Desktop/all my projects/uneom.com/node_modules/next/dist/compiled/next-server/app-page.runtime.prod.js:12:137545)
    at ek (/Users/ahmedsalem/Desktop/all my projects/uneom.com/node_modules/next/dist/compiled/next-server/app-page.runtime.prod.js:12:138019)
    at Array.toJSON (/Users/ahmedsalem/Desktop/all my projects/uneom.com/node_modules/next/dist/compiled/next-server/app-page.runtime.prod.js:12:135629)
    at stringify (<anonymous>)
    at eP (/Users/ahmedsalem/Desktop/all my projects/uneom.com/node_modules/next/dist/compiled/next-server/app-page.runtime.prod.js:12:142093)
    at eE (/Users/ahmedsalem/Desktop/all my projects/uneom.com/node_modules/next/dist/compiled/next-server/app-page.runtime.prod.js:12:142572)
    at AsyncLocalStorage.run (node:internal/async_local_storage/async_context_frame:63:14)
    at Timeout._onTimeout (/Users/ahmedsalem/Desktop/all my projects/uneom.com/node_modules/next/dist/compiled/next-server/app-page.runtime.prod.js:12:150373)
TypeError: Cannot read properties of undefined (reading 'map')
    at f (/Users/ahmedsalem/Desktop/all my projects/uneom.com/.next/server/app/ar/locations/[city]/[industry]/page.js:1:8960)
    at eh (/Users/ahmedsalem/Desktop/all my projects/uneom.com/node_modules/next/dist/compiled/next-server/app-page.runtime.prod.js:12:134660)
    at e (/Users/ahmedsalem/Desktop/all my projects/uneom.com/node_modules/next/dist/compiled/next-server/app-page.runtime.prod.js:12:137545)
    at ek (/Users/ahmedsalem/Desktop/all my projects/uneom.com/node_modules/next/dist/compiled/next-server/app-page.runtime.prod.js:12:138019)
    at Array.toJSON (/Users/ahmedsalem/Desktop/all my projects/uneom.com/node_modules/next/dist/compiled/next-server/app-page.runtime.prod.js:12:135629)
    at stringify (<anonymous>)
    at eP (/Users/ahmedsalem/Desktop/all my projects/uneom.com/node_modules/next/dist/compiled/next-server/app-page.runtime.prod.js:12:142093)
    at eE (/Users/ahmedsalem/Desktop/all my projects/uneom.com/node_modules/next/dist/compiled/next-server/app-page.runtime.prod.js:12:142572)
    at AsyncLocalStorage.run (node:internal/async_local_storage/async_context_frame:63:14)
    at Timeout._onTimeout (/Users/ahmedsalem/Desktop/all my projects/uneom.com/node_modules/next/dist/compiled/next-server/app-page.runtime.prod.js:12:150373) {
  digest: '3731830276'
}
TypeError: Cannot read properties of undefined (reading 'map')
    at f (/Users/ahmedsalem/Desktop/all my projects/uneom.com/.next/server/app/ar/locations/[city]/[industry]/page.js:1:8960)
    at eh (/Users/ahmedsalem/Desktop/all my projects/uneom.com/node_modules/next/dist/compiled/next-server/app-page.runtime.prod.js:12:134660)
    at e (/Users/ahmedsalem/Desktop/all my projects/uneom.com/node_modules/next/dist/compiled/next-server/app-page.runtime.prod.js:12:137545)
    at ek (/Users/ahmedsalem/Desktop/all my projects/uneom.com/node_modules/next/dist/compiled/next-server/app-page.runtime.prod.js:12:138019)
    at Array.toJSON (/Users/ahmedsalem/Desktop/all my projects/uneom.com/node_modules/next/dist/compiled/next-server/app-page.runtime.prod.js:12:135629)
    at stringify (<anonymous>)
    at eP (/Users/ahmedsalem/Desktop/all my projects/uneom.com/node_modules/next/dist/compiled/next-server/app-page.runtime.prod.js:12:142093)
    at eE (/Users/ahmedsalem/Desktop/all my projects/uneom.com/node_modules/next/dist/compiled/next-server/app-page.runtime.prod.js:12:142572)
    at Timeout._onTimeout (/Users/ahmedsalem/Desktop/all my projects/uneom.com/node_modules/next/dist/compiled/next-server/app-page.runtime.prod.js:12:135349)
    at listOnTimeout (node:internal/timers:605:17) {
  digest: '2101114011'
}

Error occurred prerendering page "/ar/locations/dammam/hospitality". Read more: https://nextjs.org/docs/messages/prerender-error

TypeError: Cannot read properties of undefined (reading 'map')
    at f (/Users/ahmedsalem/Desktop/all my projects/uneom.com/.next/server/app/ar/locations/[city]/[industry]/page.js:1:8960)
    at eh (/Users/ahmedsalem/Desktop/all my projects/uneom.com/node_modules/next/dist/compiled/next-server/app-page.runtime.prod.js:12:134660)
    at e (/Users/ahmedsalem/Desktop/all my projects/uneom.com/node_modules/next/dist/compiled/next-server/app-page.runtime.prod.js:12:137545)
    at ek (/Users/ahmedsalem/Desktop/all my projects/uneom.com/node_modules/next/dist/compiled/next-server/app-page.runtime.prod.js:12:138019)
    at Array.toJSON (/Users/ahmedsalem/Desktop/all my projects/uneom.com/node_modules/next/dist/compiled/next-server/app-page.runtime.prod.js:12:135629)
    at stringify (<anonymous>)
    at eP (/Users/ahmedsalem/Desktop/all my projects/uneom.com/node_modules/next/dist/compiled/next-server/app-page.runtime.prod.js:12:142093)
    at eE (/Users/ahmedsalem/Desktop/all my projects/uneom.com/node_modules/next/dist/compiled/next-server/app-page.runtime.prod.js:12:142572)
    at AsyncLocalStorage.run (node:internal/async_local_storage/async_context_frame:63:14)
    at Timeout._onTimeout (/Users/ahmedsalem/Desktop/all my projects/uneom.com/node_modules/next/dist/compiled/next-server/app-page.runtime.prod.js:12:150373)
TypeError: Cannot read properties of undefined (reading 'map')
    at f (/Users/ahmedsalem/Desktop/all my projects/uneom.com/.next/server/app/ar/locations/[city]/[industry]/page.js:1:8960)
    at eh (/Users/ahmedsalem/Desktop/all my projects/uneom.com/node_modules/next/dist/compiled/next-server/app-page.runtime.prod.js:12:134660)
    at e (/Users/ahmedsalem/Desktop/all my projects/uneom.com/node_modules/next/dist/compiled/next-server/app-page.runtime.prod.js:12:137545)
    at ek (/Users/ahmedsalem/Desktop/all my projects/uneom.com/node_modules/next/dist/compiled/next-server/app-page.runtime.prod.js:12:138019)
    at Array.toJSON (/Users/ahmedsalem/Desktop/all my projects/uneom.com/node_modules/next/dist/compiled/next-server/app-page.runtime.prod.js:12:135629)
    at stringify (<anonymous>)
    at eP (/Users/ahmedsalem/Desktop/all my projects/uneom.com/node_modules/next/dist/compiled/next-server/app-page.runtime.prod.js:12:142093)
    at eE (/Users/ahmedsalem/Desktop/all my projects/uneom.com/node_modules/next/dist/compiled/next-server/app-page.runtime.prod.js:12:142572)
    at AsyncLocalStorage.run (node:internal/async_local_storage/async_context_frame:63:14)
    at Timeout._onTimeout (/Users/ahmedsalem/Desktop/all my projects/uneom.com/node_modules/next/dist/compiled/next-server/app-page.runtime.prod.js:12:150373) {
  digest: '3731830276'
}
TypeError: Cannot read properties of undefined (reading 'map')
    at f (/Users/ahmedsalem/Desktop/all my projects/uneom.com/.next/server/app/ar/locations/[city]/[industry]/page.js:1:8960)
    at eh (/Users/ahmedsalem/Desktop/all my projects/uneom.com/node_modules/next/dist/compiled/next-server/app-page.runtime.prod.js:12:134660)
    at e (/Users/ahmedsalem/Desktop/all my projects/uneom.com/node_modules/next/dist/compiled/next-server/app-page.runtime.prod.js:12:137545)
    at ek (/Users/ahmedsalem/Desktop/all my projects/uneom.com/node_modules/next/dist/compiled/next-server/app-page.runtime.prod.js:12:138019)
    at Array.toJSON (/Users/ahmedsalem/Desktop/all my projects/uneom.com/node_modules/next/dist/compiled/next-server/app-page.runtime.prod.js:12:135629)
    at stringify (<anonymous>)
    at eP (/Users/ahmedsalem/Desktop/all my projects/uneom.com/node_modules/next/dist/compiled/next-server/app-page.runtime.prod.js:12:142093)
    at eE (/Users/ahmedsalem/Desktop/all my projects/uneom.com/node_modules/next/dist/compiled/next-server/app-page.runtime.prod.js:12:142572)
    at Timeout._onTimeout (/Users/ahmedsalem/Desktop/all my projects/uneom.com/node_modules/next/dist/compiled/next-server/app-page.runtime.prod.js:12:135349)
    at listOnTimeout (node:internal/timers:605:17) {
  digest: '2101114011'
}

Error occurred prerendering page "/ar/locations/dammam/aviation". Read more: https://nextjs.org/docs/messages/prerender-error

TypeError: Cannot read properties of undefined (reading 'map')
    at f (/Users/ahmedsalem/Desktop/all my projects/uneom.com/.next/server/app/ar/locations/[city]/[industry]/page.js:1:8960)
    at eh (/Users/ahmedsalem/Desktop/all my projects/uneom.com/node_modules/next/dist/compiled/next-server/app-page.runtime.prod.js:12:134660)
    at e (/Users/ahmedsalem/Desktop/all my projects/uneom.com/node_modules/next/dist/compiled/next-server/app-page.runtime.prod.js:12:137545)
    at ek (/Users/ahmedsalem/Desktop/all my projects/uneom.com/node_modules/next/dist/compiled/next-server/app-page.runtime.prod.js:12:138019)
    at Array.toJSON (/Users/ahmedsalem/Desktop/all my projects/uneom.com/node_modules/next/dist/compiled/next-server/app-page.runtime.prod.js:12:135629)
    at stringify (<anonymous>)
    at eP (/Users/ahmedsalem/Desktop/all my projects/uneom.com/node_modules/next/dist/compiled/next-server/app-page.runtime.prod.js:12:142093)
    at eE (/Users/ahmedsalem/Desktop/all my projects/uneom.com/node_modules/next/dist/compiled/next-server/app-page.runtime.prod.js:12:142572)
    at AsyncLocalStorage.run (node:internal/async_local_storage/async_context_frame:63:14)
    at Timeout._onTimeout (/Users/ahmedsalem/Desktop/all my projects/uneom.com/node_modules/next/dist/compiled/next-server/app-page.runtime.prod.js:12:150373)
TypeError: Cannot read properties of undefined (reading 'map')
    at f (/Users/ahmedsalem/Desktop/all my projects/uneom.com/.next/server/app/ar/locations/[city]/[industry]/page.js:1:8960)
    at eh (/Users/ahmedsalem/Desktop/all my projects/uneom.com/node_modules/next/dist/compiled/next-server/app-page.runtime.prod.js:12:134660)
    at e (/Users/ahmedsalem/Desktop/all my projects/uneom.com/node_modules/next/dist/compiled/next-server/app-page.runtime.prod.js:12:137545)
    at ek (/Users/ahmedsalem/Desktop/all my projects/uneom.com/node_modules/next/dist/compiled/next-server/app-page.runtime.prod.js:12:138019)
    at Array.toJSON (/Users/ahmedsalem/Desktop/all my projects/uneom.com/node_modules/next/dist/compiled/next-server/app-page.runtime.prod.js:12:135629)
    at stringify (<anonymous>)
    at eP (/Users/ahmedsalem/Desktop/all my projects/uneom.com/node_modules/next/dist/compiled/next-server/app-page.runtime.prod.js:12:142093)
    at eE (/Users/ahmedsalem/Desktop/all my projects/uneom.com/node_modules/next/dist/compiled/next-server/app-page.runtime.prod.js:12:142572)
    at AsyncLocalStorage.run (node:internal/async_local_storage/async_context_frame:63:14)
    at Timeout._onTimeout (/Users/ahmedsalem/Desktop/all my projects/uneom.com/node_modules/next/dist/compiled/next-server/app-page.runtime.prod.js:12:150373) {
  digest: '3731830276'
}
TypeError: Cannot read properties of undefined (reading 'map')
    at f (/Users/ahmedsalem/Desktop/all my projects/uneom.com/.next/server/app/ar/locations/[city]/[industry]/page.js:1:8960)
    at eh (/Users/ahmedsalem/Desktop/all my projects/uneom.com/node_modules/next/dist/compiled/next-server/app-page.runtime.prod.js:12:134660)
    at e (/Users/ahmedsalem/Desktop/all my projects/uneom.com/node_modules/next/dist/compiled/next-server/app-page.runtime.prod.js:12:137545)
    at ek (/Users/ahmedsalem/Desktop/all my projects/uneom.com/node_modules/next/dist/compiled/next-server/app-page.runtime.prod.js:12:138019)
    at Array.toJSON (/Users/ahmedsalem/Desktop/all my projects/uneom.com/node_modules/next/dist/compiled/next-server/app-page.runtime.prod.js:12:135629)
    at stringify (<anonymous>)
    at eP (/Users/ahmedsalem/Desktop/all my projects/uneom.com/node_modules/next/dist/compiled/next-server/app-page.runtime.prod.js:12:142093)
    at eE (/Users/ahmedsalem/Desktop/all my projects/uneom.com/node_modules/next/dist/compiled/next-server/app-page.runtime.prod.js:12:142572)
    at Timeout._onTimeout (/Users/ahmedsalem/Desktop/all my projects/uneom.com/node_modules/next/dist/compiled/next-server/app-page.runtime.prod.js:12:135349)
    at listOnTimeout (node:internal/timers:605:17) {
  digest: '2101114011'
}

Error occurred prerendering page "/ar/locations/dammam/corporate". Read more: https://nextjs.org/docs/messages/prerender-error

TypeError: Cannot read properties of undefined (reading 'map')
    at f (/Users/ahmedsalem/Desktop/all my projects/uneom.com/.next/server/app/ar/locations/[city]/[industry]/page.js:1:8960)
    at eh (/Users/ahmedsalem/Desktop/all my projects/uneom.com/node_modules/next/dist/compiled/next-server/app-page.runtime.prod.js:12:134660)
    at e (/Users/ahmedsalem/Desktop/all my projects/uneom.com/node_modules/next/dist/compiled/next-server/app-page.runtime.prod.js:12:137545)
    at ek (/Users/ahmedsalem/Desktop/all my projects/uneom.com/node_modules/next/dist/compiled/next-server/app-page.runtime.prod.js:12:138019)
    at Array.toJSON (/Users/ahmedsalem/Desktop/all my projects/uneom.com/node_modules/next/dist/compiled/next-server/app-page.runtime.prod.js:12:135629)
    at stringify (<anonymous>)
    at eP (/Users/ahmedsalem/Desktop/all my projects/uneom.com/node_modules/next/dist/compiled/next-server/app-page.runtime.prod.js:12:142093)
    at eE (/Users/ahmedsalem/Desktop/all my projects/uneom.com/node_modules/next/dist/compiled/next-server/app-page.runtime.prod.js:12:142572)
    at AsyncLocalStorage.run (node:internal/async_local_storage/async_context_frame:63:14)
    at Timeout._onTimeout (/Users/ahmedsalem/Desktop/all my projects/uneom.com/node_modules/next/dist/compiled/next-server/app-page.runtime.prod.js:12:150373)
TypeError: Cannot read properties of undefined (reading 'map')
    at f (/Users/ahmedsalem/Desktop/all my projects/uneom.com/.next/server/app/ar/locations/[city]/[industry]/page.js:1:8960)
    at eh (/Users/ahmedsalem/Desktop/all my projects/uneom.com/node_modules/next/dist/compiled/next-server/app-page.runtime.prod.js:12:134660)
    at e (/Users/ahmedsalem/Desktop/all my projects/uneom.com/node_modules/next/dist/compiled/next-server/app-page.runtime.prod.js:12:137545)
    at ek (/Users/ahmedsalem/Desktop/all my projects/uneom.com/node_modules/next/dist/compiled/next-server/app-page.runtime.prod.js:12:138019)
    at Array.toJSON (/Users/ahmedsalem/Desktop/all my projects/uneom.com/node_modules/next/dist/compiled/next-server/app-page.runtime.prod.js:12:135629)
    at stringify (<anonymous>)
    at eP (/Users/ahmedsalem/Desktop/all my projects/uneom.com/node_modules/next/dist/compiled/next-server/app-page.runtime.prod.js:12:142093)
    at eE (/Users/ahmedsalem/Desktop/all my projects/uneom.com/node_modules/next/dist/compiled/next-server/app-page.runtime.prod.js:12:142572)
    at AsyncLocalStorage.run (node:internal/async_local_storage/async_context_frame:63:14)
    at Timeout._onTimeout (/Users/ahmedsalem/Desktop/all my projects/uneom.com/node_modules/next/dist/compiled/next-server/app-page.runtime.prod.js:12:150373) {
  digest: '3731830276'
}
TypeError: Cannot read properties of undefined (reading 'map')
    at f (/Users/ahmedsalem/Desktop/all my projects/uneom.com/.next/server/app/ar/locations/[city]/[industry]/page.js:1:8960)
    at eh (/Users/ahmedsalem/Desktop/all my projects/uneom.com/node_modules/next/dist/compiled/next-server/app-page.runtime.prod.js:12:134660)
    at e (/Users/ahmedsalem/Desktop/all my projects/uneom.com/node_modules/next/dist/compiled/next-server/app-page.runtime.prod.js:12:137545)
    at ek (/Users/ahmedsalem/Desktop/all my projects/uneom.com/node_modules/next/dist/compiled/next-server/app-page.runtime.prod.js:12:138019)
    at Array.toJSON (/Users/ahmedsalem/Desktop/all my projects/uneom.com/node_modules/next/dist/compiled/next-server/app-page.runtime.prod.js:12:135629)
    at stringify (<anonymous>)
    at eP (/Users/ahmedsalem/Desktop/all my projects/uneom.com/node_modules/next/dist/compiled/next-server/app-page.runtime.prod.js:12:142093)
    at eE (/Users/ahmedsalem/Desktop/all my projects/uneom.com/node_modules/next/dist/compiled/next-server/app-page.runtime.prod.js:12:142572)
    at Timeout._onTimeout (/Users/ahmedsalem/Desktop/all my projects/uneom.com/node_modules/next/dist/compiled/next-server/app-page.runtime.prod.js:12:135349)
    at listOnTimeout (node:internal/timers:605:17) {
  digest: '2101114011'
}

Error occurred prerendering page "/ar/locations/dammam/education". Read more: https://nextjs.org/docs/messages/prerender-error

TypeError: Cannot read properties of undefined (reading 'map')
    at f (/Users/ahmedsalem/Desktop/all my projects/uneom.com/.next/server/app/ar/locations/[city]/[industry]/page.js:1:8960)
    at eh (/Users/ahmedsalem/Desktop/all my projects/uneom.com/node_modules/next/dist/compiled/next-server/app-page.runtime.prod.js:12:134660)
    at e (/Users/ahmedsalem/Desktop/all my projects/uneom.com/node_modules/next/dist/compiled/next-server/app-page.runtime.prod.js:12:137545)
    at ek (/Users/ahmedsalem/Desktop/all my projects/uneom.com/node_modules/next/dist/compiled/next-server/app-page.runtime.prod.js:12:138019)
    at Array.toJSON (/Users/ahmedsalem/Desktop/all my projects/uneom.com/node_modules/next/dist/compiled/next-server/app-page.runtime.prod.js:12:135629)
    at stringify (<anonymous>)
    at eP (/Users/ahmedsalem/Desktop/all my projects/uneom.com/node_modules/next/dist/compiled/next-server/app-page.runtime.prod.js:12:142093)
    at eE (/Users/ahmedsalem/Desktop/all my projects/uneom.com/node_modules/next/dist/compiled/next-server/app-page.runtime.prod.js:12:142572)
    at AsyncLocalStorage.run (node:internal/async_local_storage/async_context_frame:63:14)
    at Timeout._onTimeout (/Users/ahmedsalem/Desktop/all my projects/uneom.com/node_modules/next/dist/compiled/next-server/app-page.runtime.prod.js:12:150373)
TypeError: Cannot read properties of undefined (reading 'map')
    at f (/Users/ahmedsalem/Desktop/all my projects/uneom.com/.next/server/app/ar/locations/[city]/[industry]/page.js:1:8960)
    at eh (/Users/ahmedsalem/Desktop/all my projects/uneom.com/node_modules/next/dist/compiled/next-server/app-page.runtime.prod.js:12:134660)
    at e (/Users/ahmedsalem/Desktop/all my projects/uneom.com/node_modules/next/dist/compiled/next-server/app-page.runtime.prod.js:12:137545)
    at ek (/Users/ahmedsalem/Desktop/all my projects/uneom.com/node_modules/next/dist/compiled/next-server/app-page.runtime.prod.js:12:138019)
    at Array.toJSON (/Users/ahmedsalem/Desktop/all my projects/uneom.com/node_modules/next/dist/compiled/next-server/app-page.runtime.prod.js:12:135629)
    at stringify (<anonymous>)
    at eP (/Users/ahmedsalem/Desktop/all my projects/uneom.com/node_modules/next/dist/compiled/next-server/app-page.runtime.prod.js:12:142093)
    at eE (/Users/ahmedsalem/Desktop/all my projects/uneom.com/node_modules/next/dist/compiled/next-server/app-page.runtime.prod.js:12:142572)
    at AsyncLocalStorage.run (node:internal/async_local_storage/async_context_frame:63:14)
    at Timeout._onTimeout (/Users/ahmedsalem/Desktop/all my projects/uneom.com/node_modules/next/dist/compiled/next-server/app-page.runtime.prod.js:12:150373) {
  digest: '3731830276'
}
TypeError: Cannot read properties of undefined (reading 'map')
    at f (/Users/ahmedsalem/Desktop/all my projects/uneom.com/.next/server/app/ar/locations/[city]/[industry]/page.js:1:8960)
    at eh (/Users/ahmedsalem/Desktop/all my projects/uneom.com/node_modules/next/dist/compiled/next-server/app-page.runtime.prod.js:12:134660)
    at e (/Users/ahmedsalem/Desktop/all my projects/uneom.com/node_modules/next/dist/compiled/next-server/app-page.runtime.prod.js:12:137545)
    at ek (/Users/ahmedsalem/Desktop/all my projects/uneom.com/node_modules/next/dist/compiled/next-server/app-page.runtime.prod.js:12:138019)
    at Array.toJSON (/Users/ahmedsalem/Desktop/all my projects/uneom.com/node_modules/next/dist/compiled/next-server/app-page.runtime.prod.js:12:135629)
    at stringify (<anonymous>)
    at eP (/Users/ahmedsalem/Desktop/all my projects/uneom.com/node_modules/next/dist/compiled/next-server/app-page.runtime.prod.js:12:142093)
    at eE (/Users/ahmedsalem/Desktop/all my projects/uneom.com/node_modules/next/dist/compiled/next-server/app-page.runtime.prod.js:12:142572)
    at Timeout._onTimeout (/Users/ahmedsalem/Desktop/all my projects/uneom.com/node_modules/next/dist/compiled/next-server/app-page.runtime.prod.js:12:135349)
    at listOnTimeout (node:internal/timers:605:17) {
  digest: '2101114011'
}

Error occurred prerendering page "/ar/locations/dammam/manufacturing". Read more: https://nextjs.org/docs/messages/prerender-error

TypeError: Cannot read properties of undefined (reading 'map')
    at f (/Users/ahmedsalem/Desktop/all my projects/uneom.com/.next/server/app/ar/locations/[city]/[industry]/page.js:1:8960)
    at eh (/Users/ahmedsalem/Desktop/all my projects/uneom.com/node_modules/next/dist/compiled/next-server/app-page.runtime.prod.js:12:134660)
    at e (/Users/ahmedsalem/Desktop/all my projects/uneom.com/node_modules/next/dist/compiled/next-server/app-page.runtime.prod.js:12:137545)
    at ek (/Users/ahmedsalem/Desktop/all my projects/uneom.com/node_modules/next/dist/compiled/next-server/app-page.runtime.prod.js:12:138019)
    at Array.toJSON (/Users/ahmedsalem/Desktop/all my projects/uneom.com/node_modules/next/dist/compiled/next-server/app-page.runtime.prod.js:12:135629)
    at stringify (<anonymous>)
    at eP (/Users/ahmedsalem/Desktop/all my projects/uneom.com/node_modules/next/dist/compiled/next-server/app-page.runtime.prod.js:12:142093)
    at eE (/Users/ahmedsalem/Desktop/all my projects/uneom.com/node_modules/next/dist/compiled/next-server/app-page.runtime.prod.js:12:142572)
    at AsyncLocalStorage.run (node:internal/async_local_storage/async_context_frame:63:14)
    at Timeout._onTimeout (/Users/ahmedsalem/Desktop/all my projects/uneom.com/node_modules/next/dist/compiled/next-server/app-page.runtime.prod.js:12:150373)
TypeError: Cannot read properties of undefined (reading 'map')
    at f (/Users/ahmedsalem/Desktop/all my projects/uneom.com/.next/server/app/ar/locations/[city]/[industry]/page.js:1:8960)
    at eh (/Users/ahmedsalem/Desktop/all my projects/uneom.com/node_modules/next/dist/compiled/next-server/app-page.runtime.prod.js:12:134660)
    at e (/Users/ahmedsalem/Desktop/all my projects/uneom.com/node_modules/next/dist/compiled/next-server/app-page.runtime.prod.js:12:137545)
    at ek (/Users/ahmedsalem/Desktop/all my projects/uneom.com/node_modules/next/dist/compiled/next-server/app-page.runtime.prod.js:12:138019)
    at Array.toJSON (/Users/ahmedsalem/Desktop/all my projects/uneom.com/node_modules/next/dist/compiled/next-server/app-page.runtime.prod.js:12:135629)
    at stringify (<anonymous>)
    at eP (/Users/ahmedsalem/Desktop/all my projects/uneom.com/node_modules/next/dist/compiled/next-server/app-page.runtime.prod.js:12:142093)
    at eE (/Users/ahmedsalem/Desktop/all my projects/uneom.com/node_modules/next/dist/compiled/next-server/app-page.runtime.prod.js:12:142572)
    at AsyncLocalStorage.run (node:internal/async_local_storage/async_context_frame:63:14)
    at Timeout._onTimeout (/Users/ahmedsalem/Desktop/all my projects/uneom.com/node_modules/next/dist/compiled/next-server/app-page.runtime.prod.js:12:150373) {
  digest: '3731830276'
}
TypeError: Cannot read properties of undefined (reading 'map')
    at f (/Users/ahmedsalem/Desktop/all my projects/uneom.com/.next/server/app/ar/locations/[city]/[industry]/page.js:1:8960)
    at eh (/Users/ahmedsalem/Desktop/all my projects/uneom.com/node_modules/next/dist/compiled/next-server/app-page.runtime.prod.js:12:134660)
    at e (/Users/ahmedsalem/Desktop/all my projects/uneom.com/node_modules/next/dist/compiled/next-server/app-page.runtime.prod.js:12:137545)
    at ek (/Users/ahmedsalem/Desktop/all my projects/uneom.com/node_modules/next/dist/compiled/next-server/app-page.runtime.prod.js:12:138019)
    at Array.toJSON (/Users/ahmedsalem/Desktop/all my projects/uneom.com/node_modules/next/dist/compiled/next-server/app-page.runtime.prod.js:12:135629)
    at stringify (<anonymous>)
    at eP (/Users/ahmedsalem/Desktop/all my projects/uneom.com/node_modules/next/dist/compiled/next-server/app-page.runtime.prod.js:12:142093)
    at eE (/Users/ahmedsalem/Desktop/all my projects/uneom.com/node_modules/next/dist/compiled/next-server/app-page.runtime.prod.js:12:142572)
    at Timeout._onTimeout (/Users/ahmedsalem/Desktop/all my projects/uneom.com/node_modules/next/dist/compiled/next-server/app-page.runtime.prod.js:12:135349)
    at listOnTimeout (node:internal/timers:605:17) {
  digest: '2101114011'
}

Error occurred prerendering page "/ar/locations/dammam/security". Read more: https://nextjs.org/docs/messages/prerender-error

TypeError: Cannot read properties of undefined (reading 'map')
    at f (/Users/ahmedsalem/Desktop/all my projects/uneom.com/.next/server/app/ar/locations/[city]/[industry]/page.js:1:8960)
    at eh (/Users/ahmedsalem/Desktop/all my projects/uneom.com/node_modules/next/dist/compiled/next-server/app-page.runtime.prod.js:12:134660)
    at e (/Users/ahmedsalem/Desktop/all my projects/uneom.com/node_modules/next/dist/compiled/next-server/app-page.runtime.prod.js:12:137545)
    at ek (/Users/ahmedsalem/Desktop/all my projects/uneom.com/node_modules/next/dist/compiled/next-server/app-page.runtime.prod.js:12:138019)
    at Array.toJSON (/Users/ahmedsalem/Desktop/all my projects/uneom.com/node_modules/next/dist/compiled/next-server/app-page.runtime.prod.js:12:135629)
    at stringify (<anonymous>)
    at eP (/Users/ahmedsalem/Desktop/all my projects/uneom.com/node_modules/next/dist/compiled/next-server/app-page.runtime.prod.js:12:142093)
    at eE (/Users/ahmedsalem/Desktop/all my projects/uneom.com/node_modules/next/dist/compiled/next-server/app-page.runtime.prod.js:12:142572)
    at AsyncLocalStorage.run (node:internal/async_local_storage/async_context_frame:63:14)
    at Timeout._onTimeout (/Users/ahmedsalem/Desktop/all my projects/uneom.com/node_modules/next/dist/compiled/next-server/app-page.runtime.prod.js:12:150373)
TypeError: Cannot read properties of undefined (reading 'map')
    at f (/Users/ahmedsalem/Desktop/all my projects/uneom.com/.next/server/app/ar/locations/[city]/[industry]/page.js:1:8960)
    at eh (/Users/ahmedsalem/Desktop/all my projects/uneom.com/node_modules/next/dist/compiled/next-server/app-page.runtime.prod.js:12:134660)
    at e (/Users/ahmedsalem/Desktop/all my projects/uneom.com/node_modules/next/dist/compiled/next-server/app-page.runtime.prod.js:12:137545)
    at ek (/Users/ahmedsalem/Desktop/all my projects/uneom.com/node_modules/next/dist/compiled/next-server/app-page.runtime.prod.js:12:138019)
    at Array.toJSON (/Users/ahmedsalem/Desktop/all my projects/uneom.com/node_modules/next/dist/compiled/next-server/app-page.runtime.prod.js:12:135629)
    at stringify (<anonymous>)
    at eP (/Users/ahmedsalem/Desktop/all my projects/uneom.com/node_modules/next/dist/compiled/next-server/app-page.runtime.prod.js:12:142093)
    at eE (/Users/ahmedsalem/Desktop/all my projects/uneom.com/node_modules/next/dist/compiled/next-server/app-page.runtime.prod.js:12:142572)
    at AsyncLocalStorage.run (node:internal/async_local_storage/async_context_frame:63:14)
    at Timeout._onTimeout (/Users/ahmedsalem/Desktop/all my projects/uneom.com/node_modules/next/dist/compiled/next-server/app-page.runtime.prod.js:12:150373) {
  digest: '3731830276'
}
TypeError: Cannot read properties of undefined (reading 'map')
    at f (/Users/ahmedsalem/Desktop/all my projects/uneom.com/.next/server/app/ar/locations/[city]/[industry]/page.js:1:8960)
    at eh (/Users/ahmedsalem/Desktop/all my projects/uneom.com/node_modules/next/dist/compiled/next-server/app-page.runtime.prod.js:12:134660)
    at e (/Users/ahmedsalem/Desktop/all my projects/uneom.com/node_modules/next/dist/compiled/next-server/app-page.runtime.prod.js:12:137545)
    at ek (/Users/ahmedsalem/Desktop/all my projects/uneom.com/node_modules/next/dist/compiled/next-server/app-page.runtime.prod.js:12:138019)
    at Array.toJSON (/Users/ahmedsalem/Desktop/all my projects/uneom.com/node_modules/next/dist/compiled/next-server/app-page.runtime.prod.js:12:135629)
    at stringify (<anonymous>)
    at eP (/Users/ahmedsalem/Desktop/all my projects/uneom.com/node_modules/next/dist/compiled/next-server/app-page.runtime.prod.js:12:142093)
    at eE (/Users/ahmedsalem/Desktop/all my projects/uneom.com/node_modules/next/dist/compiled/next-server/app-page.runtime.prod.js:12:142572)
    at Timeout._onTimeout (/Users/ahmedsalem/Desktop/all my projects/uneom.com/node_modules/next/dist/compiled/next-server/app-page.runtime.prod.js:12:135349)
    at listOnTimeout (node:internal/timers:605:17) {
  digest: '2101114011'
}

Error occurred prerendering page "/ar/locations/dammam/factory-industry". Read more: https://nextjs.org/docs/messages/prerender-error

TypeError: Cannot read properties of undefined (reading 'map')
    at f (/Users/ahmedsalem/Desktop/all my projects/uneom.com/.next/server/app/ar/locations/[city]/[industry]/page.js:1:8960)
    at eh (/Users/ahmedsalem/Desktop/all my projects/uneom.com/node_modules/next/dist/compiled/next-server/app-page.runtime.prod.js:12:134660)
    at e (/Users/ahmedsalem/Desktop/all my projects/uneom.com/node_modules/next/dist/compiled/next-server/app-page.runtime.prod.js:12:137545)
    at ek (/Users/ahmedsalem/Desktop/all my projects/uneom.com/node_modules/next/dist/compiled/next-server/app-page.runtime.prod.js:12:138019)
    at Array.toJSON (/Users/ahmedsalem/Desktop/all my projects/uneom.com/node_modules/next/dist/compiled/next-server/app-page.runtime.prod.js:12:135629)
    at stringify (<anonymous>)
    at eP (/Users/ahmedsalem/Desktop/all my projects/uneom.com/node_modules/next/dist/compiled/next-server/app-page.runtime.prod.js:12:142093)
    at eE (/Users/ahmedsalem/Desktop/all my projects/uneom.com/node_modules/next/dist/compiled/next-server/app-page.runtime.prod.js:12:142572)
    at AsyncLocalStorage.run (node:internal/async_local_storage/async_context_frame:63:14)
    at Timeout._onTimeout (/Users/ahmedsalem/Desktop/all my projects/uneom.com/node_modules/next/dist/compiled/next-server/app-page.runtime.prod.js:12:150373)
TypeError: Cannot read properties of undefined (reading 'map')
    at f (/Users/ahmedsalem/Desktop/all my projects/uneom.com/.next/server/app/ar/locations/[city]/[industry]/page.js:1:8960)
    at eh (/Users/ahmedsalem/Desktop/all my projects/uneom.com/node_modules/next/dist/compiled/next-server/app-page.runtime.prod.js:12:134660)
    at e (/Users/ahmedsalem/Desktop/all my projects/uneom.com/node_modules/next/dist/compiled/next-server/app-page.runtime.prod.js:12:137545)
    at ek (/Users/ahmedsalem/Desktop/all my projects/uneom.com/node_modules/next/dist/compiled/next-server/app-page.runtime.prod.js:12:138019)
    at Array.toJSON (/Users/ahmedsalem/Desktop/all my projects/uneom.com/node_modules/next/dist/compiled/next-server/app-page.runtime.prod.js:12:135629)
    at stringify (<anonymous>)
    at eP (/Users/ahmedsalem/Desktop/all my projects/uneom.com/node_modules/next/dist/compiled/next-server/app-page.runtime.prod.js:12:142093)
    at eE (/Users/ahmedsalem/Desktop/all my projects/uneom.com/node_modules/next/dist/compiled/next-server/app-page.runtime.prod.js:12:142572)
    at AsyncLocalStorage.run (node:internal/async_local_storage/async_context_frame:63:14)
    at Timeout._onTimeout (/Users/ahmedsalem/Desktop/all my projects/uneom.com/node_modules/next/dist/compiled/next-server/app-page.runtime.prod.js:12:150373) {
  digest: '3731830276'
}
TypeError: Cannot read properties of undefined (reading 'map')
    at f (/Users/ahmedsalem/Desktop/all my projects/uneom.com/.next/server/app/ar/locations/[city]/[industry]/page.js:1:8960)
    at eh (/Users/ahmedsalem/Desktop/all my projects/uneom.com/node_modules/next/dist/compiled/next-server/app-page.runtime.prod.js:12:134660)
    at e (/Users/ahmedsalem/Desktop/all my projects/uneom.com/node_modules/next/dist/compiled/next-server/app-page.runtime.prod.js:12:137545)
    at ek (/Users/ahmedsalem/Desktop/all my projects/uneom.com/node_modules/next/dist/compiled/next-server/app-page.runtime.prod.js:12:138019)
    at Array.toJSON (/Users/ahmedsalem/Desktop/all my projects/uneom.com/node_modules/next/dist/compiled/next-server/app-page.runtime.prod.js:12:135629)
    at stringify (<anonymous>)
    at eP (/Users/ahmedsalem/Desktop/all my projects/uneom.com/node_modules/next/dist/compiled/next-server/app-page.runtime.prod.js:12:142093)
    at eE (/Users/ahmedsalem/Desktop/all my projects/uneom.com/node_modules/next/dist/compiled/next-server/app-page.runtime.prod.js:12:142572)
    at Timeout._onTimeout (/Users/ahmedsalem/Desktop/all my projects/uneom.com/node_modules/next/dist/compiled/next-server/app-page.runtime.prod.js:12:135349)
    at listOnTimeout (node:internal/timers:605:17) {
  digest: '2101114011'
}

Error occurred prerendering page "/ar/locations/dammam/supply-manufacturing". Read more: https://nextjs.org/docs/messages/prerender-error

TypeError: Cannot read properties of undefined (reading 'map')
    at f (/Users/ahmedsalem/Desktop/all my projects/uneom.com/.next/server/app/ar/locations/[city]/[industry]/page.js:1:8960)
    at eh (/Users/ahmedsalem/Desktop/all my projects/uneom.com/node_modules/next/dist/compiled/next-server/app-page.runtime.prod.js:12:134660)
    at e (/Users/ahmedsalem/Desktop/all my projects/uneom.com/node_modules/next/dist/compiled/next-server/app-page.runtime.prod.js:12:137545)
    at ek (/Users/ahmedsalem/Desktop/all my projects/uneom.com/node_modules/next/dist/compiled/next-server/app-page.runtime.prod.js:12:138019)
    at Array.toJSON (/Users/ahmedsalem/Desktop/all my projects/uneom.com/node_modules/next/dist/compiled/next-server/app-page.runtime.prod.js:12:135629)
    at stringify (<anonymous>)
    at eP (/Users/ahmedsalem/Desktop/all my projects/uneom.com/node_modules/next/dist/compiled/next-server/app-page.runtime.prod.js:12:142093)
    at eE (/Users/ahmedsalem/Desktop/all my projects/uneom.com/node_modules/next/dist/compiled/next-server/app-page.runtime.prod.js:12:142572)
    at AsyncLocalStorage.run (node:internal/async_local_storage/async_context_frame:63:14)
    at Timeout._onTimeout (/Users/ahmedsalem/Desktop/all my projects/uneom.com/node_modules/next/dist/compiled/next-server/app-page.runtime.prod.js:12:150373)
TypeError: Cannot read properties of undefined (reading 'map')
    at f (/Users/ahmedsalem/Desktop/all my projects/uneom.com/.next/server/app/ar/locations/[city]/[industry]/page.js:1:8960)
    at eh (/Users/ahmedsalem/Desktop/all my projects/uneom.com/node_modules/next/dist/compiled/next-server/app-page.runtime.prod.js:12:134660)
    at e (/Users/ahmedsalem/Desktop/all my projects/uneom.com/node_modules/next/dist/compiled/next-server/app-page.runtime.prod.js:12:137545)
    at ek (/Users/ahmedsalem/Desktop/all my projects/uneom.com/node_modules/next/dist/compiled/next-server/app-page.runtime.prod.js:12:138019)
    at Array.toJSON (/Users/ahmedsalem/Desktop/all my projects/uneom.com/node_modules/next/dist/compiled/next-server/app-page.runtime.prod.js:12:135629)
    at stringify (<anonymous>)
    at eP (/Users/ahmedsalem/Desktop/all my projects/uneom.com/node_modules/next/dist/compiled/next-server/app-page.runtime.prod.js:12:142093)
    at eE (/Users/ahmedsalem/Desktop/all my projects/uneom.com/node_modules/next/dist/compiled/next-server/app-page.runtime.prod.js:12:142572)
    at AsyncLocalStorage.run (node:internal/async_local_storage/async_context_frame:63:14)
    at Timeout._onTimeout (/Users/ahmedsalem/Desktop/all my projects/uneom.com/node_modules/next/dist/compiled/next-server/app-page.runtime.prod.js:12:150373) {
  digest: '3731830276'
}
TypeError: Cannot read properties of undefined (reading 'map')
    at f (/Users/ahmedsalem/Desktop/all my projects/uneom.com/.next/server/app/ar/locations/[city]/[industry]/page.js:1:8960)
    at eh (/Users/ahmedsalem/Desktop/all my projects/uneom.com/node_modules/next/dist/compiled/next-server/app-page.runtime.prod.js:12:134660)
    at e (/Users/ahmedsalem/Desktop/all my projects/uneom.com/node_modules/next/dist/compiled/next-server/app-page.runtime.prod.js:12:137545)
    at ek (/Users/ahmedsalem/Desktop/all my projects/uneom.com/node_modules/next/dist/compiled/next-server/app-page.runtime.prod.js:12:138019)
    at Array.toJSON (/Users/ahmedsalem/Desktop/all my projects/uneom.com/node_modules/next/dist/compiled/next-server/app-page.runtime.prod.js:12:135629)
    at stringify (<anonymous>)
    at eP (/Users/ahmedsalem/Desktop/all my projects/uneom.com/node_modules/next/dist/compiled/next-server/app-page.runtime.prod.js:12:142093)
    at eE (/Users/ahmedsalem/Desktop/all my projects/uneom.com/node_modules/next/dist/compiled/next-server/app-page.runtime.prod.js:12:142572)
    at Timeout._onTimeout (/Users/ahmedsalem/Desktop/all my projects/uneom.com/node_modules/next/dist/compiled/next-server/app-page.runtime.prod.js:12:135349)
    at listOnTimeout (node:internal/timers:605:17) {
  digest: '2101114011'
}

Error occurred prerendering page "/ar/locations/dammam/retail-shops". Read more: https://nextjs.org/docs/messages/prerender-error

TypeError: Cannot read properties of undefined (reading 'map')
    at f (/Users/ahmedsalem/Desktop/all my projects/uneom.com/.next/server/app/ar/locations/[city]/[industry]/page.js:1:8960)
    at eh (/Users/ahmedsalem/Desktop/all my projects/uneom.com/node_modules/next/dist/compiled/next-server/app-page.runtime.prod.js:12:134660)
    at e (/Users/ahmedsalem/Desktop/all my projects/uneom.com/node_modules/next/dist/compiled/next-server/app-page.runtime.prod.js:12:137545)
    at ek (/Users/ahmedsalem/Desktop/all my projects/uneom.com/node_modules/next/dist/compiled/next-server/app-page.runtime.prod.js:12:138019)
    at Array.toJSON (/Users/ahmedsalem/Desktop/all my projects/uneom.com/node_modules/next/dist/compiled/next-server/app-page.runtime.prod.js:12:135629)
    at stringify (<anonymous>)
    at eP (/Users/ahmedsalem/Desktop/all my projects/uneom.com/node_modules/next/dist/compiled/next-server/app-page.runtime.prod.js:12:142093)
    at eE (/Users/ahmedsalem/Desktop/all my projects/uneom.com/node_modules/next/dist/compiled/next-server/app-page.runtime.prod.js:12:142572)
    at AsyncLocalStorage.run (node:internal/async_local_storage/async_context_frame:63:14)
    at Timeout._onTimeout (/Users/ahmedsalem/Desktop/all my projects/uneom.com/node_modules/next/dist/compiled/next-server/app-page.runtime.prod.js:12:150373)
TypeError: Cannot read properties of undefined (reading 'map')
    at f (/Users/ahmedsalem/Desktop/all my projects/uneom.com/.next/server/app/ar/locations/[city]/[industry]/page.js:1:8960)
    at eh (/Users/ahmedsalem/Desktop/all my projects/uneom.com/node_modules/next/dist/compiled/next-server/app-page.runtime.prod.js:12:134660)
    at e (/Users/ahmedsalem/Desktop/all my projects/uneom.com/node_modules/next/dist/compiled/next-server/app-page.runtime.prod.js:12:137545)
    at ek (/Users/ahmedsalem/Desktop/all my projects/uneom.com/node_modules/next/dist/compiled/next-server/app-page.runtime.prod.js:12:138019)
    at Array.toJSON (/Users/ahmedsalem/Desktop/all my projects/uneom.com/node_modules/next/dist/compiled/next-server/app-page.runtime.prod.js:12:135629)
    at stringify (<anonymous>)
    at eP (/Users/ahmedsalem/Desktop/all my projects/uneom.com/node_modules/next/dist/compiled/next-server/app-page.runtime.prod.js:12:142093)
    at eE (/Users/ahmedsalem/Desktop/all my projects/uneom.com/node_modules/next/dist/compiled/next-server/app-page.runtime.prod.js:12:142572)
    at AsyncLocalStorage.run (node:internal/async_local_storage/async_context_frame:63:14)
    at Timeout._onTimeout (/Users/ahmedsalem/Desktop/all my projects/uneom.com/node_modules/next/dist/compiled/next-server/app-page.runtime.prod.js:12:150373) {
  digest: '3731830276'
}
TypeError: Cannot read properties of undefined (reading 'map')
    at f (/Users/ahmedsalem/Desktop/all my projects/uneom.com/.next/server/app/ar/locations/[city]/[industry]/page.js:1:8960)
    at eh (/Users/ahmedsalem/Desktop/all my projects/uneom.com/node_modules/next/dist/compiled/next-server/app-page.runtime.prod.js:12:134660)
    at e (/Users/ahmedsalem/Desktop/all my projects/uneom.com/node_modules/next/dist/compiled/next-server/app-page.runtime.prod.js:12:137545)
    at ek (/Users/ahmedsalem/Desktop/all my projects/uneom.com/node_modules/next/dist/compiled/next-server/app-page.runtime.prod.js:12:138019)
    at Array.toJSON (/Users/ahmedsalem/Desktop/all my projects/uneom.com/node_modules/next/dist/compiled/next-server/app-page.runtime.prod.js:12:135629)
    at stringify (<anonymous>)
    at eP (/Users/ahmedsalem/Desktop/all my projects/uneom.com/node_modules/next/dist/compiled/next-server/app-page.runtime.prod.js:12:142093)
    at eE (/Users/ahmedsalem/Desktop/all my projects/uneom.com/node_modules/next/dist/compiled/next-server/app-page.runtime.prod.js:12:142572)
    at Timeout._onTimeout (/Users/ahmedsalem/Desktop/all my projects/uneom.com/node_modules/next/dist/compiled/next-server/app-page.runtime.prod.js:12:135349)
    at listOnTimeout (node:internal/timers:605:17) {
  digest: '2101114011'
}

Error occurred prerendering page "/ar/locations/mecca/hospitality". Read more: https://nextjs.org/docs/messages/prerender-error

TypeError: Cannot read properties of undefined (reading 'map')
    at f (/Users/ahmedsalem/Desktop/all my projects/uneom.com/.next/server/app/ar/locations/[city]/[industry]/page.js:1:8960)
    at eh (/Users/ahmedsalem/Desktop/all my projects/uneom.com/node_modules/next/dist/compiled/next-server/app-page.runtime.prod.js:12:134660)
    at e (/Users/ahmedsalem/Desktop/all my projects/uneom.com/node_modules/next/dist/compiled/next-server/app-page.runtime.prod.js:12:137545)
    at ek (/Users/ahmedsalem/Desktop/all my projects/uneom.com/node_modules/next/dist/compiled/next-server/app-page.runtime.prod.js:12:138019)
    at Array.toJSON (/Users/ahmedsalem/Desktop/all my projects/uneom.com/node_modules/next/dist/compiled/next-server/app-page.runtime.prod.js:12:135629)
    at stringify (<anonymous>)
    at eP (/Users/ahmedsalem/Desktop/all my projects/uneom.com/node_modules/next/dist/compiled/next-server/app-page.runtime.prod.js:12:142093)
    at eE (/Users/ahmedsalem/Desktop/all my projects/uneom.com/node_modules/next/dist/compiled/next-server/app-page.runtime.prod.js:12:142572)
    at AsyncLocalStorage.run (node:internal/async_local_storage/async_context_frame:63:14)
    at Timeout._onTimeout (/Users/ahmedsalem/Desktop/all my projects/uneom.com/node_modules/next/dist/compiled/next-server/app-page.runtime.prod.js:12:150373)
TypeError: Cannot read properties of undefined (reading 'map')
    at f (/Users/ahmedsalem/Desktop/all my projects/uneom.com/.next/server/app/ar/locations/[city]/[industry]/page.js:1:8960)
    at eh (/Users/ahmedsalem/Desktop/all my projects/uneom.com/node_modules/next/dist/compiled/next-server/app-page.runtime.prod.js:12:134660)
    at e (/Users/ahmedsalem/Desktop/all my projects/uneom.com/node_modules/next/dist/compiled/next-server/app-page.runtime.prod.js:12:137545)
    at ek (/Users/ahmedsalem/Desktop/all my projects/uneom.com/node_modules/next/dist/compiled/next-server/app-page.runtime.prod.js:12:138019)
    at Array.toJSON (/Users/ahmedsalem/Desktop/all my projects/uneom.com/node_modules/next/dist/compiled/next-server/app-page.runtime.prod.js:12:135629)
    at stringify (<anonymous>)
    at eP (/Users/ahmedsalem/Desktop/all my projects/uneom.com/node_modules/next/dist/compiled/next-server/app-page.runtime.prod.js:12:142093)
    at eE (/Users/ahmedsalem/Desktop/all my projects/uneom.com/node_modules/next/dist/compiled/next-server/app-page.runtime.prod.js:12:142572)
    at AsyncLocalStorage.run (node:internal/async_local_storage/async_context_frame:63:14)
    at Timeout._onTimeout (/Users/ahmedsalem/Desktop/all my projects/uneom.com/node_modules/next/dist/compiled/next-server/app-page.runtime.prod.js:12:150373) {
  digest: '3731830276'
}
TypeError: Cannot read properties of undefined (reading 'map')
    at f (/Users/ahmedsalem/Desktop/all my projects/uneom.com/.next/server/app/ar/locations/[city]/[industry]/page.js:1:8960)
    at eh (/Users/ahmedsalem/Desktop/all my projects/uneom.com/node_modules/next/dist/compiled/next-server/app-page.runtime.prod.js:12:134660)
    at e (/Users/ahmedsalem/Desktop/all my projects/uneom.com/node_modules/next/dist/compiled/next-server/app-page.runtime.prod.js:12:137545)
    at ek (/Users/ahmedsalem/Desktop/all my projects/uneom.com/node_modules/next/dist/compiled/next-server/app-page.runtime.prod.js:12:138019)
    at Array.toJSON (/Users/ahmedsalem/Desktop/all my projects/uneom.com/node_modules/next/dist/compiled/next-server/app-page.runtime.prod.js:12:135629)
    at stringify (<anonymous>)
    at eP (/Users/ahmedsalem/Desktop/all my projects/uneom.com/node_modules/next/dist/compiled/next-server/app-page.runtime.prod.js:12:142093)
    at eE (/Users/ahmedsalem/Desktop/all my projects/uneom.com/node_modules/next/dist/compiled/next-server/app-page.runtime.prod.js:12:142572)
    at Timeout._onTimeout (/Users/ahmedsalem/Desktop/all my projects/uneom.com/node_modules/next/dist/compiled/next-server/app-page.runtime.prod.js:12:135349)
    at listOnTimeout (node:internal/timers:605:17) {
  digest: '2101114011'
}

Error occurred prerendering page "/ar/locations/mecca/healthcare". Read more: https://nextjs.org/docs/messages/prerender-error

TypeError: Cannot read properties of undefined (reading 'map')
    at f (/Users/ahmedsalem/Desktop/all my projects/uneom.com/.next/server/app/ar/locations/[city]/[industry]/page.js:1:8960)
    at eh (/Users/ahmedsalem/Desktop/all my projects/uneom.com/node_modules/next/dist/compiled/next-server/app-page.runtime.prod.js:12:134660)
    at e (/Users/ahmedsalem/Desktop/all my projects/uneom.com/node_modules/next/dist/compiled/next-server/app-page.runtime.prod.js:12:137545)
    at ek (/Users/ahmedsalem/Desktop/all my projects/uneom.com/node_modules/next/dist/compiled/next-server/app-page.runtime.prod.js:12:138019)
    at Array.toJSON (/Users/ahmedsalem/Desktop/all my projects/uneom.com/node_modules/next/dist/compiled/next-server/app-page.runtime.prod.js:12:135629)
    at stringify (<anonymous>)
    at eP (/Users/ahmedsalem/Desktop/all my projects/uneom.com/node_modules/next/dist/compiled/next-server/app-page.runtime.prod.js:12:142093)
    at eE (/Users/ahmedsalem/Desktop/all my projects/uneom.com/node_modules/next/dist/compiled/next-server/app-page.runtime.prod.js:12:142572)
    at AsyncLocalStorage.run (node:internal/async_local_storage/async_context_frame:63:14)
    at Timeout._onTimeout (/Users/ahmedsalem/Desktop/all my projects/uneom.com/node_modules/next/dist/compiled/next-server/app-page.runtime.prod.js:12:150373)
TypeError: Cannot read properties of undefined (reading 'map')
    at f (/Users/ahmedsalem/Desktop/all my projects/uneom.com/.next/server/app/ar/locations/[city]/[industry]/page.js:1:8960)
    at eh (/Users/ahmedsalem/Desktop/all my projects/uneom.com/node_modules/next/dist/compiled/next-server/app-page.runtime.prod.js:12:134660)
    at e (/Users/ahmedsalem/Desktop/all my projects/uneom.com/node_modules/next/dist/compiled/next-server/app-page.runtime.prod.js:12:137545)
    at ek (/Users/ahmedsalem/Desktop/all my projects/uneom.com/node_modules/next/dist/compiled/next-server/app-page.runtime.prod.js:12:138019)
    at Array.toJSON (/Users/ahmedsalem/Desktop/all my projects/uneom.com/node_modules/next/dist/compiled/next-server/app-page.runtime.prod.js:12:135629)
    at stringify (<anonymous>)
    at eP (/Users/ahmedsalem/Desktop/all my projects/uneom.com/node_modules/next/dist/compiled/next-server/app-page.runtime.prod.js:12:142093)
    at eE (/Users/ahmedsalem/Desktop/all my projects/uneom.com/node_modules/next/dist/compiled/next-server/app-page.runtime.prod.js:12:142572)
    at AsyncLocalStorage.run (node:internal/async_local_storage/async_context_frame:63:14)
    at Timeout._onTimeout (/Users/ahmedsalem/Desktop/all my projects/uneom.com/node_modules/next/dist/compiled/next-server/app-page.runtime.prod.js:12:150373) {
  digest: '3731830276'
}
TypeError: Cannot read properties of undefined (reading 'map')
    at f (/Users/ahmedsalem/Desktop/all my projects/uneom.com/.next/server/app/ar/locations/[city]/[industry]/page.js:1:8960)
    at eh (/Users/ahmedsalem/Desktop/all my projects/uneom.com/node_modules/next/dist/compiled/next-server/app-page.runtime.prod.js:12:134660)
    at e (/Users/ahmedsalem/Desktop/all my projects/uneom.com/node_modules/next/dist/compiled/next-server/app-page.runtime.prod.js:12:137545)
    at ek (/Users/ahmedsalem/Desktop/all my projects/uneom.com/node_modules/next/dist/compiled/next-server/app-page.runtime.prod.js:12:138019)
    at Array.toJSON (/Users/ahmedsalem/Desktop/all my projects/uneom.com/node_modules/next/dist/compiled/next-server/app-page.runtime.prod.js:12:135629)
    at stringify (<anonymous>)
    at eP (/Users/ahmedsalem/Desktop/all my projects/uneom.com/node_modules/next/dist/compiled/next-server/app-page.runtime.prod.js:12:142093)
    at eE (/Users/ahmedsalem/Desktop/all my projects/uneom.com/node_modules/next/dist/compiled/next-server/app-page.runtime.prod.js:12:142572)
    at Timeout._onTimeout (/Users/ahmedsalem/Desktop/all my projects/uneom.com/node_modules/next/dist/compiled/next-server/app-page.runtime.prod.js:12:135349)
    at listOnTimeout (node:internal/timers:605:17) {
  digest: '2101114011'
}

Error occurred prerendering page "/ar/locations/mecca/corporate". Read more: https://nextjs.org/docs/messages/prerender-error

TypeError: Cannot read properties of undefined (reading 'map')
    at f (/Users/ahmedsalem/Desktop/all my projects/uneom.com/.next/server/app/ar/locations/[city]/[industry]/page.js:1:8960)
    at eh (/Users/ahmedsalem/Desktop/all my projects/uneom.com/node_modules/next/dist/compiled/next-server/app-page.runtime.prod.js:12:134660)
    at e (/Users/ahmedsalem/Desktop/all my projects/uneom.com/node_modules/next/dist/compiled/next-server/app-page.runtime.prod.js:12:137545)
    at ek (/Users/ahmedsalem/Desktop/all my projects/uneom.com/node_modules/next/dist/compiled/next-server/app-page.runtime.prod.js:12:138019)
    at Array.toJSON (/Users/ahmedsalem/Desktop/all my projects/uneom.com/node_modules/next/dist/compiled/next-server/app-page.runtime.prod.js:12:135629)
    at stringify (<anonymous>)
    at eP (/Users/ahmedsalem/Desktop/all my projects/uneom.com/node_modules/next/dist/compiled/next-server/app-page.runtime.prod.js:12:142093)
    at eE (/Users/ahmedsalem/Desktop/all my projects/uneom.com/node_modules/next/dist/compiled/next-server/app-page.runtime.prod.js:12:142572)
    at AsyncLocalStorage.run (node:internal/async_local_storage/async_context_frame:63:14)
    at Timeout._onTimeout (/Users/ahmedsalem/Desktop/all my projects/uneom.com/node_modules/next/dist/compiled/next-server/app-page.runtime.prod.js:12:150373)
TypeError: Cannot read properties of undefined (reading 'map')
    at f (/Users/ahmedsalem/Desktop/all my projects/uneom.com/.next/server/app/ar/locations/[city]/[industry]/page.js:1:8960)
    at eh (/Users/ahmedsalem/Desktop/all my projects/uneom.com/node_modules/next/dist/compiled/next-server/app-page.runtime.prod.js:12:134660)
    at e (/Users/ahmedsalem/Desktop/all my projects/uneom.com/node_modules/next/dist/compiled/next-server/app-page.runtime.prod.js:12:137545)
    at ek (/Users/ahmedsalem/Desktop/all my projects/uneom.com/node_modules/next/dist/compiled/next-server/app-page.runtime.prod.js:12:138019)
    at Array.toJSON (/Users/ahmedsalem/Desktop/all my projects/uneom.com/node_modules/next/dist/compiled/next-server/app-page.runtime.prod.js:12:135629)
    at stringify (<anonymous>)
    at eP (/Users/ahmedsalem/Desktop/all my projects/uneom.com/node_modules/next/dist/compiled/next-server/app-page.runtime.prod.js:12:142093)
    at eE (/Users/ahmedsalem/Desktop/all my projects/uneom.com/node_modules/next/dist/compiled/next-server/app-page.runtime.prod.js:12:142572)
    at AsyncLocalStorage.run (node:internal/async_local_storage/async_context_frame:63:14)
    at Timeout._onTimeout (/Users/ahmedsalem/Desktop/all my projects/uneom.com/node_modules/next/dist/compiled/next-server/app-page.runtime.prod.js:12:150373) {
  digest: '3731830276'
}
TypeError: Cannot read properties of undefined (reading 'map')
    at f (/Users/ahmedsalem/Desktop/all my projects/uneom.com/.next/server/app/ar/locations/[city]/[industry]/page.js:1:8960)
    at eh (/Users/ahmedsalem/Desktop/all my projects/uneom.com/node_modules/next/dist/compiled/next-server/app-page.runtime.prod.js:12:134660)
    at e (/Users/ahmedsalem/Desktop/all my projects/uneom.com/node_modules/next/dist/compiled/next-server/app-page.runtime.prod.js:12:137545)
    at ek (/Users/ahmedsalem/Desktop/all my projects/uneom.com/node_modules/next/dist/compiled/next-server/app-page.runtime.prod.js:12:138019)
    at Array.toJSON (/Users/ahmedsalem/Desktop/all my projects/uneom.com/node_modules/next/dist/compiled/next-server/app-page.runtime.prod.js:12:135629)
    at stringify (<anonymous>)
    at eP (/Users/ahmedsalem/Desktop/all my projects/uneom.com/node_modules/next/dist/compiled/next-server/app-page.runtime.prod.js:12:142093)
    at eE (/Users/ahmedsalem/Desktop/all my projects/uneom.com/node_modules/next/dist/compiled/next-server/app-page.runtime.prod.js:12:142572)
    at Timeout._onTimeout (/Users/ahmedsalem/Desktop/all my projects/uneom.com/node_modules/next/dist/compiled/next-server/app-page.runtime.prod.js:12:135349)
    at listOnTimeout (node:internal/timers:605:17) {
  digest: '2101114011'
}

Error occurred prerendering page "/ar/locations/mecca/aviation". Read more: https://nextjs.org/docs/messages/prerender-error

TypeError: Cannot read properties of undefined (reading 'map')
    at f (/Users/ahmedsalem/Desktop/all my projects/uneom.com/.next/server/app/ar/locations/[city]/[industry]/page.js:1:8960)
    at eh (/Users/ahmedsalem/Desktop/all my projects/uneom.com/node_modules/next/dist/compiled/next-server/app-page.runtime.prod.js:12:134660)
    at e (/Users/ahmedsalem/Desktop/all my projects/uneom.com/node_modules/next/dist/compiled/next-server/app-page.runtime.prod.js:12:137545)
    at ek (/Users/ahmedsalem/Desktop/all my projects/uneom.com/node_modules/next/dist/compiled/next-server/app-page.runtime.prod.js:12:138019)
    at Array.toJSON (/Users/ahmedsalem/Desktop/all my projects/uneom.com/node_modules/next/dist/compiled/next-server/app-page.runtime.prod.js:12:135629)
    at stringify (<anonymous>)
    at eP (/Users/ahmedsalem/Desktop/all my projects/uneom.com/node_modules/next/dist/compiled/next-server/app-page.runtime.prod.js:12:142093)
    at eE (/Users/ahmedsalem/Desktop/all my projects/uneom.com/node_modules/next/dist/compiled/next-server/app-page.runtime.prod.js:12:142572)
    at AsyncLocalStorage.run (node:internal/async_local_storage/async_context_frame:63:14)
    at Timeout._onTimeout (/Users/ahmedsalem/Desktop/all my projects/uneom.com/node_modules/next/dist/compiled/next-server/app-page.runtime.prod.js:12:150373)
TypeError: Cannot read properties of undefined (reading 'map')
    at f (/Users/ahmedsalem/Desktop/all my projects/uneom.com/.next/server/app/ar/locations/[city]/[industry]/page.js:1:8960)
    at eh (/Users/ahmedsalem/Desktop/all my projects/uneom.com/node_modules/next/dist/compiled/next-server/app-page.runtime.prod.js:12:134660)
    at e (/Users/ahmedsalem/Desktop/all my projects/uneom.com/node_modules/next/dist/compiled/next-server/app-page.runtime.prod.js:12:137545)
    at ek (/Users/ahmedsalem/Desktop/all my projects/uneom.com/node_modules/next/dist/compiled/next-server/app-page.runtime.prod.js:12:138019)
    at Array.toJSON (/Users/ahmedsalem/Desktop/all my projects/uneom.com/node_modules/next/dist/compiled/next-server/app-page.runtime.prod.js:12:135629)
    at stringify (<anonymous>)
    at eP (/Users/ahmedsalem/Desktop/all my projects/uneom.com/node_modules/next/dist/compiled/next-server/app-page.runtime.prod.js:12:142093)
    at eE (/Users/ahmedsalem/Desktop/all my projects/uneom.com/node_modules/next/dist/compiled/next-server/app-page.runtime.prod.js:12:142572)
    at AsyncLocalStorage.run (node:internal/async_local_storage/async_context_frame:63:14)
    at Timeout._onTimeout (/Users/ahmedsalem/Desktop/all my projects/uneom.com/node_modules/next/dist/compiled/next-server/app-page.runtime.prod.js:12:150373) {
  digest: '3731830276'
}
TypeError: Cannot read properties of undefined (reading 'map')
    at f (/Users/ahmedsalem/Desktop/all my projects/uneom.com/.next/server/app/ar/locations/[city]/[industry]/page.js:1:8960)
    at eh (/Users/ahmedsalem/Desktop/all my projects/uneom.com/node_modules/next/dist/compiled/next-server/app-page.runtime.prod.js:12:134660)
    at e (/Users/ahmedsalem/Desktop/all my projects/uneom.com/node_modules/next/dist/compiled/next-server/app-page.runtime.prod.js:12:137545)
    at ek (/Users/ahmedsalem/Desktop/all my projects/uneom.com/node_modules/next/dist/compiled/next-server/app-page.runtime.prod.js:12:138019)
    at Array.toJSON (/Users/ahmedsalem/Desktop/all my projects/uneom.com/node_modules/next/dist/compiled/next-server/app-page.runtime.prod.js:12:135629)
    at stringify (<anonymous>)
    at eP (/Users/ahmedsalem/Desktop/all my projects/uneom.com/node_modules/next/dist/compiled/next-server/app-page.runtime.prod.js:12:142093)
    at eE (/Users/ahmedsalem/Desktop/all my projects/uneom.com/node_modules/next/dist/compiled/next-server/app-page.runtime.prod.js:12:142572)
    at Timeout._onTimeout (/Users/ahmedsalem/Desktop/all my projects/uneom.com/node_modules/next/dist/compiled/next-server/app-page.runtime.prod.js:12:135349)
    at listOnTimeout (node:internal/timers:605:17) {
  digest: '2101114011'
}

Error occurred prerendering page "/ar/locations/mecca/education". Read more: https://nextjs.org/docs/messages/prerender-error

TypeError: Cannot read properties of undefined (reading 'map')
    at f (/Users/ahmedsalem/Desktop/all my projects/uneom.com/.next/server/app/ar/locations/[city]/[industry]/page.js:1:8960)
    at eh (/Users/ahmedsalem/Desktop/all my projects/uneom.com/node_modules/next/dist/compiled/next-server/app-page.runtime.prod.js:12:134660)
    at e (/Users/ahmedsalem/Desktop/all my projects/uneom.com/node_modules/next/dist/compiled/next-server/app-page.runtime.prod.js:12:137545)
    at ek (/Users/ahmedsalem/Desktop/all my projects/uneom.com/node_modules/next/dist/compiled/next-server/app-page.runtime.prod.js:12:138019)
    at Array.toJSON (/Users/ahmedsalem/Desktop/all my projects/uneom.com/node_modules/next/dist/compiled/next-server/app-page.runtime.prod.js:12:135629)
    at stringify (<anonymous>)
    at eP (/Users/ahmedsalem/Desktop/all my projects/uneom.com/node_modules/next/dist/compiled/next-server/app-page.runtime.prod.js:12:142093)
    at eE (/Users/ahmedsalem/Desktop/all my projects/uneom.com/node_modules/next/dist/compiled/next-server/app-page.runtime.prod.js:12:142572)
    at AsyncLocalStorage.run (node:internal/async_local_storage/async_context_frame:63:14)
    at Timeout._onTimeout (/Users/ahmedsalem/Desktop/all my projects/uneom.com/node_modules/next/dist/compiled/next-server/app-page.runtime.prod.js:12:150373)
TypeError: Cannot read properties of undefined (reading 'map')
    at f (/Users/ahmedsalem/Desktop/all my projects/uneom.com/.next/server/app/ar/locations/[city]/[industry]/page.js:1:8960)
    at eh (/Users/ahmedsalem/Desktop/all my projects/uneom.com/node_modules/next/dist/compiled/next-server/app-page.runtime.prod.js:12:134660)
    at e (/Users/ahmedsalem/Desktop/all my projects/uneom.com/node_modules/next/dist/compiled/next-server/app-page.runtime.prod.js:12:137545)
    at ek (/Users/ahmedsalem/Desktop/all my projects/uneom.com/node_modules/next/dist/compiled/next-server/app-page.runtime.prod.js:12:138019)
    at Array.toJSON (/Users/ahmedsalem/Desktop/all my projects/uneom.com/node_modules/next/dist/compiled/next-server/app-page.runtime.prod.js:12:135629)
    at stringify (<anonymous>)
    at eP (/Users/ahmedsalem/Desktop/all my projects/uneom.com/node_modules/next/dist/compiled/next-server/app-page.runtime.prod.js:12:142093)
    at eE (/Users/ahmedsalem/Desktop/all my projects/uneom.com/node_modules/next/dist/compiled/next-server/app-page.runtime.prod.js:12:142572)
    at AsyncLocalStorage.run (node:internal/async_local_storage/async_context_frame:63:14)
    at Timeout._onTimeout (/Users/ahmedsalem/Desktop/all my projects/uneom.com/node_modules/next/dist/compiled/next-server/app-page.runtime.prod.js:12:150373) {
  digest: '3731830276'
}
TypeError: Cannot read properties of undefined (reading 'map')
    at f (/Users/ahmedsalem/Desktop/all my projects/uneom.com/.next/server/app/ar/locations/[city]/[industry]/page.js:1:8960)
    at eh (/Users/ahmedsalem/Desktop/all my projects/uneom.com/node_modules/next/dist/compiled/next-server/app-page.runtime.prod.js:12:134660)
    at e (/Users/ahmedsalem/Desktop/all my projects/uneom.com/node_modules/next/dist/compiled/next-server/app-page.runtime.prod.js:12:137545)
    at ek (/Users/ahmedsalem/Desktop/all my projects/uneom.com/node_modules/next/dist/compiled/next-server/app-page.runtime.prod.js:12:138019)
    at Array.toJSON (/Users/ahmedsalem/Desktop/all my projects/uneom.com/node_modules/next/dist/compiled/next-server/app-page.runtime.prod.js:12:135629)
    at stringify (<anonymous>)
    at eP (/Users/ahmedsalem/Desktop/all my projects/uneom.com/node_modules/next/dist/compiled/next-server/app-page.runtime.prod.js:12:142093)
    at eE (/Users/ahmedsalem/Desktop/all my projects/uneom.com/node_modules/next/dist/compiled/next-server/app-page.runtime.prod.js:12:142572)
    at Timeout._onTimeout (/Users/ahmedsalem/Desktop/all my projects/uneom.com/node_modules/next/dist/compiled/next-server/app-page.runtime.prod.js:12:135349)
    at listOnTimeout (node:internal/timers:605:17) {
  digest: '2101114011'
}

Error occurred prerendering page "/ar/locations/mecca/manufacturing". Read more: https://nextjs.org/docs/messages/prerender-error

TypeError: Cannot read properties of undefined (reading 'map')
    at f (/Users/ahmedsalem/Desktop/all my projects/uneom.com/.next/server/app/ar/locations/[city]/[industry]/page.js:1:8960)
    at eh (/Users/ahmedsalem/Desktop/all my projects/uneom.com/node_modules/next/dist/compiled/next-server/app-page.runtime.prod.js:12:134660)
    at e (/Users/ahmedsalem/Desktop/all my projects/uneom.com/node_modules/next/dist/compiled/next-server/app-page.runtime.prod.js:12:137545)
    at ek (/Users/ahmedsalem/Desktop/all my projects/uneom.com/node_modules/next/dist/compiled/next-server/app-page.runtime.prod.js:12:138019)
    at Array.toJSON (/Users/ahmedsalem/Desktop/all my projects/uneom.com/node_modules/next/dist/compiled/next-server/app-page.runtime.prod.js:12:135629)
    at stringify (<anonymous>)
    at eP (/Users/ahmedsalem/Desktop/all my projects/uneom.com/node_modules/next/dist/compiled/next-server/app-page.runtime.prod.js:12:142093)
    at eE (/Users/ahmedsalem/Desktop/all my projects/uneom.com/node_modules/next/dist/compiled/next-server/app-page.runtime.prod.js:12:142572)
    at AsyncLocalStorage.run (node:internal/async_local_storage/async_context_frame:63:14)
    at Timeout._onTimeout (/Users/ahmedsalem/Desktop/all my projects/uneom.com/node_modules/next/dist/compiled/next-server/app-page.runtime.prod.js:12:150373)
TypeError: Cannot read properties of undefined (reading 'map')
    at f (/Users/ahmedsalem/Desktop/all my projects/uneom.com/.next/server/app/ar/locations/[city]/[industry]/page.js:1:8960)
    at eh (/Users/ahmedsalem/Desktop/all my projects/uneom.com/node_modules/next/dist/compiled/next-server/app-page.runtime.prod.js:12:134660)
    at e (/Users/ahmedsalem/Desktop/all my projects/uneom.com/node_modules/next/dist/compiled/next-server/app-page.runtime.prod.js:12:137545)
    at ek (/Users/ahmedsalem/Desktop/all my projects/uneom.com/node_modules/next/dist/compiled/next-server/app-page.runtime.prod.js:12:138019)
    at Array.toJSON (/Users/ahmedsalem/Desktop/all my projects/uneom.com/node_modules/next/dist/compiled/next-server/app-page.runtime.prod.js:12:135629)
    at stringify (<anonymous>)
    at eP (/Users/ahmedsalem/Desktop/all my projects/uneom.com/node_modules/next/dist/compiled/next-server/app-page.runtime.prod.js:12:142093)
    at eE (/Users/ahmedsalem/Desktop/all my projects/uneom.com/node_modules/next/dist/compiled/next-server/app-page.runtime.prod.js:12:142572)
    at AsyncLocalStorage.run (node:internal/async_local_storage/async_context_frame:63:14)
    at Timeout._onTimeout (/Users/ahmedsalem/Desktop/all my projects/uneom.com/node_modules/next/dist/compiled/next-server/app-page.runtime.prod.js:12:150373) {
  digest: '3731830276'
}
TypeError: Cannot read properties of undefined (reading 'map')
    at f (/Users/ahmedsalem/Desktop/all my projects/uneom.com/.next/server/app/ar/locations/[city]/[industry]/page.js:1:8960)
    at eh (/Users/ahmedsalem/Desktop/all my projects/uneom.com/node_modules/next/dist/compiled/next-server/app-page.runtime.prod.js:12:134660)
    at e (/Users/ahmedsalem/Desktop/all my projects/uneom.com/node_modules/next/dist/compiled/next-server/app-page.runtime.prod.js:12:137545)
    at ek (/Users/ahmedsalem/Desktop/all my projects/uneom.com/node_modules/next/dist/compiled/next-server/app-page.runtime.prod.js:12:138019)
    at Array.toJSON (/Users/ahmedsalem/Desktop/all my projects/uneom.com/node_modules/next/dist/compiled/next-server/app-page.runtime.prod.js:12:135629)
    at stringify (<anonymous>)
    at eP (/Users/ahmedsalem/Desktop/all my projects/uneom.com/node_modules/next/dist/compiled/next-server/app-page.runtime.prod.js:12:142093)
    at eE (/Users/ahmedsalem/Desktop/all my projects/uneom.com/node_modules/next/dist/compiled/next-server/app-page.runtime.prod.js:12:142572)
    at Timeout._onTimeout (/Users/ahmedsalem/Desktop/all my projects/uneom.com/node_modules/next/dist/compiled/next-server/app-page.runtime.prod.js:12:135349)
    at listOnTimeout (node:internal/timers:605:17) {
  digest: '2101114011'
}

Error occurred prerendering page "/ar/locations/mecca/security". Read more: https://nextjs.org/docs/messages/prerender-error

TypeError: Cannot read properties of undefined (reading 'map')
    at f (/Users/ahmedsalem/Desktop/all my projects/uneom.com/.next/server/app/ar/locations/[city]/[industry]/page.js:1:8960)
    at eh (/Users/ahmedsalem/Desktop/all my projects/uneom.com/node_modules/next/dist/compiled/next-server/app-page.runtime.prod.js:12:134660)
    at e (/Users/ahmedsalem/Desktop/all my projects/uneom.com/node_modules/next/dist/compiled/next-server/app-page.runtime.prod.js:12:137545)
    at ek (/Users/ahmedsalem/Desktop/all my projects/uneom.com/node_modules/next/dist/compiled/next-server/app-page.runtime.prod.js:12:138019)
    at Array.toJSON (/Users/ahmedsalem/Desktop/all my projects/uneom.com/node_modules/next/dist/compiled/next-server/app-page.runtime.prod.js:12:135629)
    at stringify (<anonymous>)
    at eP (/Users/ahmedsalem/Desktop/all my projects/uneom.com/node_modules/next/dist/compiled/next-server/app-page.runtime.prod.js:12:142093)
    at eE (/Users/ahmedsalem/Desktop/all my projects/uneom.com/node_modules/next/dist/compiled/next-server/app-page.runtime.prod.js:12:142572)
    at AsyncLocalStorage.run (node:internal/async_local_storage/async_context_frame:63:14)
    at Timeout._onTimeout (/Users/ahmedsalem/Desktop/all my projects/uneom.com/node_modules/next/dist/compiled/next-server/app-page.runtime.prod.js:12:150373)
TypeError: Cannot read properties of undefined (reading 'map')
    at f (/Users/ahmedsalem/Desktop/all my projects/uneom.com/.next/server/app/ar/locations/[city]/[industry]/page.js:1:8960)
    at eh (/Users/ahmedsalem/Desktop/all my projects/uneom.com/node_modules/next/dist/compiled/next-server/app-page.runtime.prod.js:12:134660)
    at e (/Users/ahmedsalem/Desktop/all my projects/uneom.com/node_modules/next/dist/compiled/next-server/app-page.runtime.prod.js:12:137545)
    at ek (/Users/ahmedsalem/Desktop/all my projects/uneom.com/node_modules/next/dist/compiled/next-server/app-page.runtime.prod.js:12:138019)
    at Array.toJSON (/Users/ahmedsalem/Desktop/all my projects/uneom.com/node_modules/next/dist/compiled/next-server/app-page.runtime.prod.js:12:135629)
    at stringify (<anonymous>)
    at eP (/Users/ahmedsalem/Desktop/all my projects/uneom.com/node_modules/next/dist/compiled/next-server/app-page.runtime.prod.js:12:142093)
    at eE (/Users/ahmedsalem/Desktop/all my projects/uneom.com/node_modules/next/dist/compiled/next-server/app-page.runtime.prod.js:12:142572)
    at AsyncLocalStorage.run (node:internal/async_local_storage/async_context_frame:63:14)
    at Timeout._onTimeout (/Users/ahmedsalem/Desktop/all my projects/uneom.com/node_modules/next/dist/compiled/next-server/app-page.runtime.prod.js:12:150373) {
  digest: '3731830276'
}
TypeError: Cannot read properties of undefined (reading 'map')
    at f (/Users/ahmedsalem/Desktop/all my projects/uneom.com/.next/server/app/ar/locations/[city]/[industry]/page.js:1:8960)
    at eh (/Users/ahmedsalem/Desktop/all my projects/uneom.com/node_modules/next/dist/compiled/next-server/app-page.runtime.prod.js:12:134660)
    at e (/Users/ahmedsalem/Desktop/all my projects/uneom.com/node_modules/next/dist/compiled/next-server/app-page.runtime.prod.js:12:137545)
    at ek (/Users/ahmedsalem/Desktop/all my projects/uneom.com/node_modules/next/dist/compiled/next-server/app-page.runtime.prod.js:12:138019)
    at Array.toJSON (/Users/ahmedsalem/Desktop/all my projects/uneom.com/node_modules/next/dist/compiled/next-server/app-page.runtime.prod.js:12:135629)
    at stringify (<anonymous>)
    at eP (/Users/ahmedsalem/Desktop/all my projects/uneom.com/node_modules/next/dist/compiled/next-server/app-page.runtime.prod.js:12:142093)
    at eE (/Users/ahmedsalem/Desktop/all my projects/uneom.com/node_modules/next/dist/compiled/next-server/app-page.runtime.prod.js:12:142572)
    at Timeout._onTimeout (/Users/ahmedsalem/Desktop/all my projects/uneom.com/node_modules/next/dist/compiled/next-server/app-page.runtime.prod.js:12:135349)
    at listOnTimeout (node:internal/timers:605:17) {
  digest: '2101114011'
}

Error occurred prerendering page "/ar/locations/medina/healthcare". Read more: https://nextjs.org/docs/messages/prerender-error

TypeError: Cannot read properties of undefined (reading 'map')
    at f (/Users/ahmedsalem/Desktop/all my projects/uneom.com/.next/server/app/ar/locations/[city]/[industry]/page.js:1:8960)
    at eh (/Users/ahmedsalem/Desktop/all my projects/uneom.com/node_modules/next/dist/compiled/next-server/app-page.runtime.prod.js:12:134660)
    at e (/Users/ahmedsalem/Desktop/all my projects/uneom.com/node_modules/next/dist/compiled/next-server/app-page.runtime.prod.js:12:137545)
    at ek (/Users/ahmedsalem/Desktop/all my projects/uneom.com/node_modules/next/dist/compiled/next-server/app-page.runtime.prod.js:12:138019)
    at Array.toJSON (/Users/ahmedsalem/Desktop/all my projects/uneom.com/node_modules/next/dist/compiled/next-server/app-page.runtime.prod.js:12:135629)
    at stringify (<anonymous>)
    at eP (/Users/ahmedsalem/Desktop/all my projects/uneom.com/node_modules/next/dist/compiled/next-server/app-page.runtime.prod.js:12:142093)
    at eE (/Users/ahmedsalem/Desktop/all my projects/uneom.com/node_modules/next/dist/compiled/next-server/app-page.runtime.prod.js:12:142572)
    at AsyncLocalStorage.run (node:internal/async_local_storage/async_context_frame:63:14)
    at Timeout._onTimeout (/Users/ahmedsalem/Desktop/all my projects/uneom.com/node_modules/next/dist/compiled/next-server/app-page.runtime.prod.js:12:150373)
TypeError: Cannot read properties of undefined (reading 'map')
    at f (/Users/ahmedsalem/Desktop/all my projects/uneom.com/.next/server/app/ar/locations/[city]/[industry]/page.js:1:8960)
    at eh (/Users/ahmedsalem/Desktop/all my projects/uneom.com/node_modules/next/dist/compiled/next-server/app-page.runtime.prod.js:12:134660)
    at e (/Users/ahmedsalem/Desktop/all my projects/uneom.com/node_modules/next/dist/compiled/next-server/app-page.runtime.prod.js:12:137545)
    at ek (/Users/ahmedsalem/Desktop/all my projects/uneom.com/node_modules/next/dist/compiled/next-server/app-page.runtime.prod.js:12:138019)
    at Array.toJSON (/Users/ahmedsalem/Desktop/all my projects/uneom.com/node_modules/next/dist/compiled/next-server/app-page.runtime.prod.js:12:135629)
    at stringify (<anonymous>)
    at eP (/Users/ahmedsalem/Desktop/all my projects/uneom.com/node_modules/next/dist/compiled/next-server/app-page.runtime.prod.js:12:142093)
    at eE (/Users/ahmedsalem/Desktop/all my projects/uneom.com/node_modules/next/dist/compiled/next-server/app-page.runtime.prod.js:12:142572)
    at AsyncLocalStorage.run (node:internal/async_local_storage/async_context_frame:63:14)
    at Timeout._onTimeout (/Users/ahmedsalem/Desktop/all my projects/uneom.com/node_modules/next/dist/compiled/next-server/app-page.runtime.prod.js:12:150373) {
  digest: '3731830276'
}
TypeError: Cannot read properties of undefined (reading 'map')
    at f (/Users/ahmedsalem/Desktop/all my projects/uneom.com/.next/server/app/ar/locations/[city]/[industry]/page.js:1:8960)
    at eh (/Users/ahmedsalem/Desktop/all my projects/uneom.com/node_modules/next/dist/compiled/next-server/app-page.runtime.prod.js:12:134660)
    at e (/Users/ahmedsalem/Desktop/all my projects/uneom.com/node_modules/next/dist/compiled/next-server/app-page.runtime.prod.js:12:137545)
    at ek (/Users/ahmedsalem/Desktop/all my projects/uneom.com/node_modules/next/dist/compiled/next-server/app-page.runtime.prod.js:12:138019)
    at Array.toJSON (/Users/ahmedsalem/Desktop/all my projects/uneom.com/node_modules/next/dist/compiled/next-server/app-page.runtime.prod.js:12:135629)
    at stringify (<anonymous>)
    at eP (/Users/ahmedsalem/Desktop/all my projects/uneom.com/node_modules/next/dist/compiled/next-server/app-page.runtime.prod.js:12:142093)
    at eE (/Users/ahmedsalem/Desktop/all my projects/uneom.com/node_modules/next/dist/compiled/next-server/app-page.runtime.prod.js:12:142572)
    at Timeout._onTimeout (/Users/ahmedsalem/Desktop/all my projects/uneom.com/node_modules/next/dist/compiled/next-server/app-page.runtime.prod.js:12:135349)
    at listOnTimeout (node:internal/timers:605:17) {
  digest: '2101114011'
}

Error occurred prerendering page "/ar/locations/mecca/retail-shops". Read more: https://nextjs.org/docs/messages/prerender-error

TypeError: Cannot read properties of undefined (reading 'map')
    at f (/Users/ahmedsalem/Desktop/all my projects/uneom.com/.next/server/app/ar/locations/[city]/[industry]/page.js:1:8960)
    at eh (/Users/ahmedsalem/Desktop/all my projects/uneom.com/node_modules/next/dist/compiled/next-server/app-page.runtime.prod.js:12:134660)
    at e (/Users/ahmedsalem/Desktop/all my projects/uneom.com/node_modules/next/dist/compiled/next-server/app-page.runtime.prod.js:12:137545)
    at ek (/Users/ahmedsalem/Desktop/all my projects/uneom.com/node_modules/next/dist/compiled/next-server/app-page.runtime.prod.js:12:138019)
    at Array.toJSON (/Users/ahmedsalem/Desktop/all my projects/uneom.com/node_modules/next/dist/compiled/next-server/app-page.runtime.prod.js:12:135629)
    at stringify (<anonymous>)
    at eP (/Users/ahmedsalem/Desktop/all my projects/uneom.com/node_modules/next/dist/compiled/next-server/app-page.runtime.prod.js:12:142093)
    at eE (/Users/ahmedsalem/Desktop/all my projects/uneom.com/node_modules/next/dist/compiled/next-server/app-page.runtime.prod.js:12:142572)
    at AsyncLocalStorage.run (node:internal/async_local_storage/async_context_frame:63:14)
    at Timeout._onTimeout (/Users/ahmedsalem/Desktop/all my projects/uneom.com/node_modules/next/dist/compiled/next-server/app-page.runtime.prod.js:12:150373)
TypeError: Cannot read properties of undefined (reading 'map')
    at f (/Users/ahmedsalem/Desktop/all my projects/uneom.com/.next/server/app/ar/locations/[city]/[industry]/page.js:1:8960)
    at eh (/Users/ahmedsalem/Desktop/all my projects/uneom.com/node_modules/next/dist/compiled/next-server/app-page.runtime.prod.js:12:134660)
    at e (/Users/ahmedsalem/Desktop/all my projects/uneom.com/node_modules/next/dist/compiled/next-server/app-page.runtime.prod.js:12:137545)
    at ek (/Users/ahmedsalem/Desktop/all my projects/uneom.com/node_modules/next/dist/compiled/next-server/app-page.runtime.prod.js:12:138019)
    at Array.toJSON (/Users/ahmedsalem/Desktop/all my projects/uneom.com/node_modules/next/dist/compiled/next-server/app-page.runtime.prod.js:12:135629)
    at stringify (<anonymous>)
    at eP (/Users/ahmedsalem/Desktop/all my projects/uneom.com/node_modules/next/dist/compiled/next-server/app-page.runtime.prod.js:12:142093)
    at eE (/Users/ahmedsalem/Desktop/all my projects/uneom.com/node_modules/next/dist/compiled/next-server/app-page.runtime.prod.js:12:142572)
    at AsyncLocalStorage.run (node:internal/async_local_storage/async_context_frame:63:14)
    at Timeout._onTimeout (/Users/ahmedsalem/Desktop/all my projects/uneom.com/node_modules/next/dist/compiled/next-server/app-page.runtime.prod.js:12:150373) {
  digest: '3731830276'
}
TypeError: Cannot read properties of undefined (reading 'map')
    at f (/Users/ahmedsalem/Desktop/all my projects/uneom.com/.next/server/app/ar/locations/[city]/[industry]/page.js:1:8960)
    at eh (/Users/ahmedsalem/Desktop/all my projects/uneom.com/node_modules/next/dist/compiled/next-server/app-page.runtime.prod.js:12:134660)
    at e (/Users/ahmedsalem/Desktop/all my projects/uneom.com/node_modules/next/dist/compiled/next-server/app-page.runtime.prod.js:12:137545)
    at ek (/Users/ahmedsalem/Desktop/all my projects/uneom.com/node_modules/next/dist/compiled/next-server/app-page.runtime.prod.js:12:138019)
    at Array.toJSON (/Users/ahmedsalem/Desktop/all my projects/uneom.com/node_modules/next/dist/compiled/next-server/app-page.runtime.prod.js:12:135629)
    at stringify (<anonymous>)
    at eP (/Users/ahmedsalem/Desktop/all my projects/uneom.com/node_modules/next/dist/compiled/next-server/app-page.runtime.prod.js:12:142093)
    at eE (/Users/ahmedsalem/Desktop/all my projects/uneom.com/node_modules/next/dist/compiled/next-server/app-page.runtime.prod.js:12:142572)
    at Timeout._onTimeout (/Users/ahmedsalem/Desktop/all my projects/uneom.com/node_modules/next/dist/compiled/next-server/app-page.runtime.prod.js:12:135349)
    at listOnTimeout (node:internal/timers:605:17) {
  digest: '2101114011'
}

Error occurred prerendering page "/ar/locations/mecca/supply-manufacturing". Read more: https://nextjs.org/docs/messages/prerender-error

TypeError: Cannot read properties of undefined (reading 'map')
    at f (/Users/ahmedsalem/Desktop/all my projects/uneom.com/.next/server/app/ar/locations/[city]/[industry]/page.js:1:8960)
    at eh (/Users/ahmedsalem/Desktop/all my projects/uneom.com/node_modules/next/dist/compiled/next-server/app-page.runtime.prod.js:12:134660)
    at e (/Users/ahmedsalem/Desktop/all my projects/uneom.com/node_modules/next/dist/compiled/next-server/app-page.runtime.prod.js:12:137545)
    at ek (/Users/ahmedsalem/Desktop/all my projects/uneom.com/node_modules/next/dist/compiled/next-server/app-page.runtime.prod.js:12:138019)
    at Array.toJSON (/Users/ahmedsalem/Desktop/all my projects/uneom.com/node_modules/next/dist/compiled/next-server/app-page.runtime.prod.js:12:135629)
    at stringify (<anonymous>)
    at eP (/Users/ahmedsalem/Desktop/all my projects/uneom.com/node_modules/next/dist/compiled/next-server/app-page.runtime.prod.js:12:142093)
    at eE (/Users/ahmedsalem/Desktop/all my projects/uneom.com/node_modules/next/dist/compiled/next-server/app-page.runtime.prod.js:12:142572)
    at AsyncLocalStorage.run (node:internal/async_local_storage/async_context_frame:63:14)
    at Timeout._onTimeout (/Users/ahmedsalem/Desktop/all my projects/uneom.com/node_modules/next/dist/compiled/next-server/app-page.runtime.prod.js:12:150373)
TypeError: Cannot read properties of undefined (reading 'map')
    at f (/Users/ahmedsalem/Desktop/all my projects/uneom.com/.next/server/app/ar/locations/[city]/[industry]/page.js:1:8960)
    at eh (/Users/ahmedsalem/Desktop/all my projects/uneom.com/node_modules/next/dist/compiled/next-server/app-page.runtime.prod.js:12:134660)
    at e (/Users/ahmedsalem/Desktop/all my projects/uneom.com/node_modules/next/dist/compiled/next-server/app-page.runtime.prod.js:12:137545)
    at ek (/Users/ahmedsalem/Desktop/all my projects/uneom.com/node_modules/next/dist/compiled/next-server/app-page.runtime.prod.js:12:138019)
    at Array.toJSON (/Users/ahmedsalem/Desktop/all my projects/uneom.com/node_modules/next/dist/compiled/next-server/app-page.runtime.prod.js:12:135629)
    at stringify (<anonymous>)
    at eP (/Users/ahmedsalem/Desktop/all my projects/uneom.com/node_modules/next/dist/compiled/next-server/app-page.runtime.prod.js:12:142093)
    at eE (/Users/ahmedsalem/Desktop/all my projects/uneom.com/node_modules/next/dist/compiled/next-server/app-page.runtime.prod.js:12:142572)
    at AsyncLocalStorage.run (node:internal/async_local_storage/async_context_frame:63:14)
    at Timeout._onTimeout (/Users/ahmedsalem/Desktop/all my projects/uneom.com/node_modules/next/dist/compiled/next-server/app-page.runtime.prod.js:12:150373) {
  digest: '3731830276'
}
TypeError: Cannot read properties of undefined (reading 'map')
    at f (/Users/ahmedsalem/Desktop/all my projects/uneom.com/.next/server/app/ar/locations/[city]/[industry]/page.js:1:8960)
    at eh (/Users/ahmedsalem/Desktop/all my projects/uneom.com/node_modules/next/dist/compiled/next-server/app-page.runtime.prod.js:12:134660)
    at e (/Users/ahmedsalem/Desktop/all my projects/uneom.com/node_modules/next/dist/compiled/next-server/app-page.runtime.prod.js:12:137545)
    at ek (/Users/ahmedsalem/Desktop/all my projects/uneom.com/node_modules/next/dist/compiled/next-server/app-page.runtime.prod.js:12:138019)
    at Array.toJSON (/Users/ahmedsalem/Desktop/all my projects/uneom.com/node_modules/next/dist/compiled/next-server/app-page.runtime.prod.js:12:135629)
    at stringify (<anonymous>)
    at eP (/Users/ahmedsalem/Desktop/all my projects/uneom.com/node_modules/next/dist/compiled/next-server/app-page.runtime.prod.js:12:142093)
    at eE (/Users/ahmedsalem/Desktop/all my projects/uneom.com/node_modules/next/dist/compiled/next-server/app-page.runtime.prod.js:12:142572)
    at Timeout._onTimeout (/Users/ahmedsalem/Desktop/all my projects/uneom.com/node_modules/next/dist/compiled/next-server/app-page.runtime.prod.js:12:135349)
    at listOnTimeout (node:internal/timers:605:17) {
  digest: '2101114011'
}

Error occurred prerendering page "/ar/locations/mecca/factory-industry". Read more: https://nextjs.org/docs/messages/prerender-error

TypeError: Cannot read properties of undefined (reading 'map')
    at f (/Users/ahmedsalem/Desktop/all my projects/uneom.com/.next/server/app/ar/locations/[city]/[industry]/page.js:1:8960)
    at eh (/Users/ahmedsalem/Desktop/all my projects/uneom.com/node_modules/next/dist/compiled/next-server/app-page.runtime.prod.js:12:134660)
    at e (/Users/ahmedsalem/Desktop/all my projects/uneom.com/node_modules/next/dist/compiled/next-server/app-page.runtime.prod.js:12:137545)
    at ek (/Users/ahmedsalem/Desktop/all my projects/uneom.com/node_modules/next/dist/compiled/next-server/app-page.runtime.prod.js:12:138019)
    at Array.toJSON (/Users/ahmedsalem/Desktop/all my projects/uneom.com/node_modules/next/dist/compiled/next-server/app-page.runtime.prod.js:12:135629)
    at stringify (<anonymous>)
    at eP (/Users/ahmedsalem/Desktop/all my projects/uneom.com/node_modules/next/dist/compiled/next-server/app-page.runtime.prod.js:12:142093)
    at eE (/Users/ahmedsalem/Desktop/all my projects/uneom.com/node_modules/next/dist/compiled/next-server/app-page.runtime.prod.js:12:142572)
    at AsyncLocalStorage.run (node:internal/async_local_storage/async_context_frame:63:14)
    at Timeout._onTimeout (/Users/ahmedsalem/Desktop/all my projects/uneom.com/node_modules/next/dist/compiled/next-server/app-page.runtime.prod.js:12:150373)
TypeError: Cannot read properties of undefined (reading 'map')
    at f (/Users/ahmedsalem/Desktop/all my projects/uneom.com/.next/server/app/ar/locations/[city]/[industry]/page.js:1:8960)
    at eh (/Users/ahmedsalem/Desktop/all my projects/uneom.com/node_modules/next/dist/compiled/next-server/app-page.runtime.prod.js:12:134660)
    at e (/Users/ahmedsalem/Desktop/all my projects/uneom.com/node_modules/next/dist/compiled/next-server/app-page.runtime.prod.js:12:137545)
    at ek (/Users/ahmedsalem/Desktop/all my projects/uneom.com/node_modules/next/dist/compiled/next-server/app-page.runtime.prod.js:12:138019)
    at Array.toJSON (/Users/ahmedsalem/Desktop/all my projects/uneom.com/node_modules/next/dist/compiled/next-server/app-page.runtime.prod.js:12:135629)
    at stringify (<anonymous>)
    at eP (/Users/ahmedsalem/Desktop/all my projects/uneom.com/node_modules/next/dist/compiled/next-server/app-page.runtime.prod.js:12:142093)
    at eE (/Users/ahmedsalem/Desktop/all my projects/uneom.com/node_modules/next/dist/compiled/next-server/app-page.runtime.prod.js:12:142572)
    at AsyncLocalStorage.run (node:internal/async_local_storage/async_context_frame:63:14)
    at Timeout._onTimeout (/Users/ahmedsalem/Desktop/all my projects/uneom.com/node_modules/next/dist/compiled/next-server/app-page.runtime.prod.js:12:150373) {
  digest: '3731830276'
}
TypeError: Cannot read properties of undefined (reading 'map')
    at f (/Users/ahmedsalem/Desktop/all my projects/uneom.com/.next/server/app/ar/locations/[city]/[industry]/page.js:1:8960)
    at eh (/Users/ahmedsalem/Desktop/all my projects/uneom.com/node_modules/next/dist/compiled/next-server/app-page.runtime.prod.js:12:134660)
    at e (/Users/ahmedsalem/Desktop/all my projects/uneom.com/node_modules/next/dist/compiled/next-server/app-page.runtime.prod.js:12:137545)
    at ek (/Users/ahmedsalem/Desktop/all my projects/uneom.com/node_modules/next/dist/compiled/next-server/app-page.runtime.prod.js:12:138019)
    at Array.toJSON (/Users/ahmedsalem/Desktop/all my projects/uneom.com/node_modules/next/dist/compiled/next-server/app-page.runtime.prod.js:12:135629)
    at stringify (<anonymous>)
    at eP (/Users/ahmedsalem/Desktop/all my projects/uneom.com/node_modules/next/dist/compiled/next-server/app-page.runtime.prod.js:12:142093)
    at eE (/Users/ahmedsalem/Desktop/all my projects/uneom.com/node_modules/next/dist/compiled/next-server/app-page.runtime.prod.js:12:142572)
    at Timeout._onTimeout (/Users/ahmedsalem/Desktop/all my projects/uneom.com/node_modules/next/dist/compiled/next-server/app-page.runtime.prod.js:12:135349)
    at listOnTimeout (node:internal/timers:605:17) {
  digest: '2101114011'
}

Error occurred prerendering page "/ar/locations/medina/corporate". Read more: https://nextjs.org/docs/messages/prerender-error

TypeError: Cannot read properties of undefined (reading 'map')
    at f (/Users/ahmedsalem/Desktop/all my projects/uneom.com/.next/server/app/ar/locations/[city]/[industry]/page.js:1:8960)
    at eh (/Users/ahmedsalem/Desktop/all my projects/uneom.com/node_modules/next/dist/compiled/next-server/app-page.runtime.prod.js:12:134660)
    at e (/Users/ahmedsalem/Desktop/all my projects/uneom.com/node_modules/next/dist/compiled/next-server/app-page.runtime.prod.js:12:137545)
    at ek (/Users/ahmedsalem/Desktop/all my projects/uneom.com/node_modules/next/dist/compiled/next-server/app-page.runtime.prod.js:12:138019)
    at Array.toJSON (/Users/ahmedsalem/Desktop/all my projects/uneom.com/node_modules/next/dist/compiled/next-server/app-page.runtime.prod.js:12:135629)
    at stringify (<anonymous>)
    at eP (/Users/ahmedsalem/Desktop/all my projects/uneom.com/node_modules/next/dist/compiled/next-server/app-page.runtime.prod.js:12:142093)
    at eE (/Users/ahmedsalem/Desktop/all my projects/uneom.com/node_modules/next/dist/compiled/next-server/app-page.runtime.prod.js:12:142572)
    at AsyncLocalStorage.run (node:internal/async_local_storage/async_context_frame:63:14)
    at Timeout._onTimeout (/Users/ahmedsalem/Desktop/all my projects/uneom.com/node_modules/next/dist/compiled/next-server/app-page.runtime.prod.js:12:150373)
TypeError: Cannot read properties of undefined (reading 'map')
    at f (/Users/ahmedsalem/Desktop/all my projects/uneom.com/.next/server/app/ar/locations/[city]/[industry]/page.js:1:8960)
    at eh (/Users/ahmedsalem/Desktop/all my projects/uneom.com/node_modules/next/dist/compiled/next-server/app-page.runtime.prod.js:12:134660)
    at e (/Users/ahmedsalem/Desktop/all my projects/uneom.com/node_modules/next/dist/compiled/next-server/app-page.runtime.prod.js:12:137545)
    at ek (/Users/ahmedsalem/Desktop/all my projects/uneom.com/node_modules/next/dist/compiled/next-server/app-page.runtime.prod.js:12:138019)
    at Array.toJSON (/Users/ahmedsalem/Desktop/all my projects/uneom.com/node_modules/next/dist/compiled/next-server/app-page.runtime.prod.js:12:135629)
    at stringify (<anonymous>)
    at eP (/Users/ahmedsalem/Desktop/all my projects/uneom.com/node_modules/next/dist/compiled/next-server/app-page.runtime.prod.js:12:142093)
    at eE (/Users/ahmedsalem/Desktop/all my projects/uneom.com/node_modules/next/dist/compiled/next-server/app-page.runtime.prod.js:12:142572)
    at AsyncLocalStorage.run (node:internal/async_local_storage/async_context_frame:63:14)
    at Timeout._onTimeout (/Users/ahmedsalem/Desktop/all my projects/uneom.com/node_modules/next/dist/compiled/next-server/app-page.runtime.prod.js:12:150373) {
  digest: '3731830276'
}
TypeError: Cannot read properties of undefined (reading 'map')
    at f (/Users/ahmedsalem/Desktop/all my projects/uneom.com/.next/server/app/ar/locations/[city]/[industry]/page.js:1:8960)
    at eh (/Users/ahmedsalem/Desktop/all my projects/uneom.com/node_modules/next/dist/compiled/next-server/app-page.runtime.prod.js:12:134660)
    at e (/Users/ahmedsalem/Desktop/all my projects/uneom.com/node_modules/next/dist/compiled/next-server/app-page.runtime.prod.js:12:137545)
    at ek (/Users/ahmedsalem/Desktop/all my projects/uneom.com/node_modules/next/dist/compiled/next-server/app-page.runtime.prod.js:12:138019)
    at Array.toJSON (/Users/ahmedsalem/Desktop/all my projects/uneom.com/node_modules/next/dist/compiled/next-server/app-page.runtime.prod.js:12:135629)
    at stringify (<anonymous>)
    at eP (/Users/ahmedsalem/Desktop/all my projects/uneom.com/node_modules/next/dist/compiled/next-server/app-page.runtime.prod.js:12:142093)
    at eE (/Users/ahmedsalem/Desktop/all my projects/uneom.com/node_modules/next/dist/compiled/next-server/app-page.runtime.prod.js:12:142572)
    at Timeout._onTimeout (/Users/ahmedsalem/Desktop/all my projects/uneom.com/node_modules/next/dist/compiled/next-server/app-page.runtime.prod.js:12:135349)
    at listOnTimeout (node:internal/timers:605:17) {
  digest: '2101114011'
}

Error occurred prerendering page "/ar/locations/medina/hospitality". Read more: https://nextjs.org/docs/messages/prerender-error

TypeError: Cannot read properties of undefined (reading 'map')
    at f (/Users/ahmedsalem/Desktop/all my projects/uneom.com/.next/server/app/ar/locations/[city]/[industry]/page.js:1:8960)
    at eh (/Users/ahmedsalem/Desktop/all my projects/uneom.com/node_modules/next/dist/compiled/next-server/app-page.runtime.prod.js:12:134660)
    at e (/Users/ahmedsalem/Desktop/all my projects/uneom.com/node_modules/next/dist/compiled/next-server/app-page.runtime.prod.js:12:137545)
    at ek (/Users/ahmedsalem/Desktop/all my projects/uneom.com/node_modules/next/dist/compiled/next-server/app-page.runtime.prod.js:12:138019)
    at Array.toJSON (/Users/ahmedsalem/Desktop/all my projects/uneom.com/node_modules/next/dist/compiled/next-server/app-page.runtime.prod.js:12:135629)
    at stringify (<anonymous>)
    at eP (/Users/ahmedsalem/Desktop/all my projects/uneom.com/node_modules/next/dist/compiled/next-server/app-page.runtime.prod.js:12:142093)
    at eE (/Users/ahmedsalem/Desktop/all my projects/uneom.com/node_modules/next/dist/compiled/next-server/app-page.runtime.prod.js:12:142572)
    at AsyncLocalStorage.run (node:internal/async_local_storage/async_context_frame:63:14)
    at Timeout._onTimeout (/Users/ahmedsalem/Desktop/all my projects/uneom.com/node_modules/next/dist/compiled/next-server/app-page.runtime.prod.js:12:150373)
TypeError: Cannot read properties of undefined (reading 'map')
    at f (/Users/ahmedsalem/Desktop/all my projects/uneom.com/.next/server/app/ar/locations/[city]/[industry]/page.js:1:8960)
    at eh (/Users/ahmedsalem/Desktop/all my projects/uneom.com/node_modules/next/dist/compiled/next-server/app-page.runtime.prod.js:12:134660)
    at e (/Users/ahmedsalem/Desktop/all my projects/uneom.com/node_modules/next/dist/compiled/next-server/app-page.runtime.prod.js:12:137545)
    at ek (/Users/ahmedsalem/Desktop/all my projects/uneom.com/node_modules/next/dist/compiled/next-server/app-page.runtime.prod.js:12:138019)
    at Array.toJSON (/Users/ahmedsalem/Desktop/all my projects/uneom.com/node_modules/next/dist/compiled/next-server/app-page.runtime.prod.js:12:135629)
    at stringify (<anonymous>)
    at eP (/Users/ahmedsalem/Desktop/all my projects/uneom.com/node_modules/next/dist/compiled/next-server/app-page.runtime.prod.js:12:142093)
    at eE (/Users/ahmedsalem/Desktop/all my projects/uneom.com/node_modules/next/dist/compiled/next-server/app-page.runtime.prod.js:12:142572)
    at AsyncLocalStorage.run (node:internal/async_local_storage/async_context_frame:63:14)
    at Timeout._onTimeout (/Users/ahmedsalem/Desktop/all my projects/uneom.com/node_modules/next/dist/compiled/next-server/app-page.runtime.prod.js:12:150373) {
  digest: '3731830276'
}
TypeError: Cannot read properties of undefined (reading 'map')
    at f (/Users/ahmedsalem/Desktop/all my projects/uneom.com/.next/server/app/ar/locations/[city]/[industry]/page.js:1:8960)
    at eh (/Users/ahmedsalem/Desktop/all my projects/uneom.com/node_modules/next/dist/compiled/next-server/app-page.runtime.prod.js:12:134660)
    at e (/Users/ahmedsalem/Desktop/all my projects/uneom.com/node_modules/next/dist/compiled/next-server/app-page.runtime.prod.js:12:137545)
    at ek (/Users/ahmedsalem/Desktop/all my projects/uneom.com/node_modules/next/dist/compiled/next-server/app-page.runtime.prod.js:12:138019)
    at Array.toJSON (/Users/ahmedsalem/Desktop/all my projects/uneom.com/node_modules/next/dist/compiled/next-server/app-page.runtime.prod.js:12:135629)
    at stringify (<anonymous>)
    at eP (/Users/ahmedsalem/Desktop/all my projects/uneom.com/node_modules/next/dist/compiled/next-server/app-page.runtime.prod.js:12:142093)
    at eE (/Users/ahmedsalem/Desktop/all my projects/uneom.com/node_modules/next/dist/compiled/next-server/app-page.runtime.prod.js:12:142572)
    at Timeout._onTimeout (/Users/ahmedsalem/Desktop/all my projects/uneom.com/node_modules/next/dist/compiled/next-server/app-page.runtime.prod.js:12:135349)
    at listOnTimeout (node:internal/timers:605:17) {
  digest: '2101114011'
}

Error occurred prerendering page "/ar/locations/medina/aviation". Read more: https://nextjs.org/docs/messages/prerender-error

TypeError: Cannot read properties of undefined (reading 'map')
    at f (/Users/ahmedsalem/Desktop/all my projects/uneom.com/.next/server/app/ar/locations/[city]/[industry]/page.js:1:8960)
    at eh (/Users/ahmedsalem/Desktop/all my projects/uneom.com/node_modules/next/dist/compiled/next-server/app-page.runtime.prod.js:12:134660)
    at e (/Users/ahmedsalem/Desktop/all my projects/uneom.com/node_modules/next/dist/compiled/next-server/app-page.runtime.prod.js:12:137545)
    at ek (/Users/ahmedsalem/Desktop/all my projects/uneom.com/node_modules/next/dist/compiled/next-server/app-page.runtime.prod.js:12:138019)
    at Array.toJSON (/Users/ahmedsalem/Desktop/all my projects/uneom.com/node_modules/next/dist/compiled/next-server/app-page.runtime.prod.js:12:135629)
    at stringify (<anonymous>)
    at eP (/Users/ahmedsalem/Desktop/all my projects/uneom.com/node_modules/next/dist/compiled/next-server/app-page.runtime.prod.js:12:142093)
    at eE (/Users/ahmedsalem/Desktop/all my projects/uneom.com/node_modules/next/dist/compiled/next-server/app-page.runtime.prod.js:12:142572)
    at AsyncLocalStorage.run (node:internal/async_local_storage/async_context_frame:63:14)
    at Timeout._onTimeout (/Users/ahmedsalem/Desktop/all my projects/uneom.com/node_modules/next/dist/compiled/next-server/app-page.runtime.prod.js:12:150373)
TypeError: Cannot read properties of undefined (reading 'map')
    at f (/Users/ahmedsalem/Desktop/all my projects/uneom.com/.next/server/app/ar/locations/[city]/[industry]/page.js:1:8960)
    at eh (/Users/ahmedsalem/Desktop/all my projects/uneom.com/node_modules/next/dist/compiled/next-server/app-page.runtime.prod.js:12:134660)
    at e (/Users/ahmedsalem/Desktop/all my projects/uneom.com/node_modules/next/dist/compiled/next-server/app-page.runtime.prod.js:12:137545)
    at ek (/Users/ahmedsalem/Desktop/all my projects/uneom.com/node_modules/next/dist/compiled/next-server/app-page.runtime.prod.js:12:138019)
    at Array.toJSON (/Users/ahmedsalem/Desktop/all my projects/uneom.com/node_modules/next/dist/compiled/next-server/app-page.runtime.prod.js:12:135629)
    at stringify (<anonymous>)
    at eP (/Users/ahmedsalem/Desktop/all my projects/uneom.com/node_modules/next/dist/compiled/next-server/app-page.runtime.prod.js:12:142093)
    at eE (/Users/ahmedsalem/Desktop/all my projects/uneom.com/node_modules/next/dist/compiled/next-server/app-page.runtime.prod.js:12:142572)
    at AsyncLocalStorage.run (node:internal/async_local_storage/async_context_frame:63:14)
    at Timeout._onTimeout (/Users/ahmedsalem/Desktop/all my projects/uneom.com/node_modules/next/dist/compiled/next-server/app-page.runtime.prod.js:12:150373) {
  digest: '3731830276'
}
TypeError: Cannot read properties of undefined (reading 'map')
    at f (/Users/ahmedsalem/Desktop/all my projects/uneom.com/.next/server/app/ar/locations/[city]/[industry]/page.js:1:8960)
    at eh (/Users/ahmedsalem/Desktop/all my projects/uneom.com/node_modules/next/dist/compiled/next-server/app-page.runtime.prod.js:12:134660)
    at e (/Users/ahmedsalem/Desktop/all my projects/uneom.com/node_modules/next/dist/compiled/next-server/app-page.runtime.prod.js:12:137545)
    at ek (/Users/ahmedsalem/Desktop/all my projects/uneom.com/node_modules/next/dist/compiled/next-server/app-page.runtime.prod.js:12:138019)
    at Array.toJSON (/Users/ahmedsalem/Desktop/all my projects/uneom.com/node_modules/next/dist/compiled/next-server/app-page.runtime.prod.js:12:135629)
    at stringify (<anonymous>)
    at eP (/Users/ahmedsalem/Desktop/all my projects/uneom.com/node_modules/next/dist/compiled/next-server/app-page.runtime.prod.js:12:142093)
    at eE (/Users/ahmedsalem/Desktop/all my projects/uneom.com/node_modules/next/dist/compiled/next-server/app-page.runtime.prod.js:12:142572)
    at Timeout._onTimeout (/Users/ahmedsalem/Desktop/all my projects/uneom.com/node_modules/next/dist/compiled/next-server/app-page.runtime.prod.js:12:135349)
    at listOnTimeout (node:internal/timers:605:17) {
  digest: '2101114011'
}

Error occurred prerendering page "/ar/locations/medina/manufacturing". Read more: https://nextjs.org/docs/messages/prerender-error

TypeError: Cannot read properties of undefined (reading 'map')
    at f (/Users/ahmedsalem/Desktop/all my projects/uneom.com/.next/server/app/ar/locations/[city]/[industry]/page.js:1:8960)
    at eh (/Users/ahmedsalem/Desktop/all my projects/uneom.com/node_modules/next/dist/compiled/next-server/app-page.runtime.prod.js:12:134660)
    at e (/Users/ahmedsalem/Desktop/all my projects/uneom.com/node_modules/next/dist/compiled/next-server/app-page.runtime.prod.js:12:137545)
    at ek (/Users/ahmedsalem/Desktop/all my projects/uneom.com/node_modules/next/dist/compiled/next-server/app-page.runtime.prod.js:12:138019)
    at Array.toJSON (/Users/ahmedsalem/Desktop/all my projects/uneom.com/node_modules/next/dist/compiled/next-server/app-page.runtime.prod.js:12:135629)
    at stringify (<anonymous>)
    at eP (/Users/ahmedsalem/Desktop/all my projects/uneom.com/node_modules/next/dist/compiled/next-server/app-page.runtime.prod.js:12:142093)
    at eE (/Users/ahmedsalem/Desktop/all my projects/uneom.com/node_modules/next/dist/compiled/next-server/app-page.runtime.prod.js:12:142572)
    at AsyncLocalStorage.run (node:internal/async_local_storage/async_context_frame:63:14)
    at Timeout._onTimeout (/Users/ahmedsalem/Desktop/all my projects/uneom.com/node_modules/next/dist/compiled/next-server/app-page.runtime.prod.js:12:150373)
TypeError: Cannot read properties of undefined (reading 'map')
    at f (/Users/ahmedsalem/Desktop/all my projects/uneom.com/.next/server/app/ar/locations/[city]/[industry]/page.js:1:8960)
    at eh (/Users/ahmedsalem/Desktop/all my projects/uneom.com/node_modules/next/dist/compiled/next-server/app-page.runtime.prod.js:12:134660)
    at e (/Users/ahmedsalem/Desktop/all my projects/uneom.com/node_modules/next/dist/compiled/next-server/app-page.runtime.prod.js:12:137545)
    at ek (/Users/ahmedsalem/Desktop/all my projects/uneom.com/node_modules/next/dist/compiled/next-server/app-page.runtime.prod.js:12:138019)
    at Array.toJSON (/Users/ahmedsalem/Desktop/all my projects/uneom.com/node_modules/next/dist/compiled/next-server/app-page.runtime.prod.js:12:135629)
    at stringify (<anonymous>)
    at eP (/Users/ahmedsalem/Desktop/all my projects/uneom.com/node_modules/next/dist/compiled/next-server/app-page.runtime.prod.js:12:142093)
    at eE (/Users/ahmedsalem/Desktop/all my projects/uneom.com/node_modules/next/dist/compiled/next-server/app-page.runtime.prod.js:12:142572)
    at AsyncLocalStorage.run (node:internal/async_local_storage/async_context_frame:63:14)
    at Timeout._onTimeout (/Users/ahmedsalem/Desktop/all my projects/uneom.com/node_modules/next/dist/compiled/next-server/app-page.runtime.prod.js:12:150373) {
  digest: '3731830276'
}
TypeError: Cannot read properties of undefined (reading 'map')
    at f (/Users/ahmedsalem/Desktop/all my projects/uneom.com/.next/server/app/ar/locations/[city]/[industry]/page.js:1:8960)
    at eh (/Users/ahmedsalem/Desktop/all my projects/uneom.com/node_modules/next/dist/compiled/next-server/app-page.runtime.prod.js:12:134660)
    at e (/Users/ahmedsalem/Desktop/all my projects/uneom.com/node_modules/next/dist/compiled/next-server/app-page.runtime.prod.js:12:137545)
    at ek (/Users/ahmedsalem/Desktop/all my projects/uneom.com/node_modules/next/dist/compiled/next-server/app-page.runtime.prod.js:12:138019)
    at Array.toJSON (/Users/ahmedsalem/Desktop/all my projects/uneom.com/node_modules/next/dist/compiled/next-server/app-page.runtime.prod.js:12:135629)
    at stringify (<anonymous>)
    at eP (/Users/ahmedsalem/Desktop/all my projects/uneom.com/node_modules/next/dist/compiled/next-server/app-page.runtime.prod.js:12:142093)
    at eE (/Users/ahmedsalem/Desktop/all my projects/uneom.com/node_modules/next/dist/compiled/next-server/app-page.runtime.prod.js:12:142572)
    at Timeout._onTimeout (/Users/ahmedsalem/Desktop/all my projects/uneom.com/node_modules/next/dist/compiled/next-server/app-page.runtime.prod.js:12:135349)
    at listOnTimeout (node:internal/timers:605:17) {
  digest: '2101114011'
}
TypeError: Cannot read properties of undefined (reading 'map')
    at f (/Users/ahmedsalem/Desktop/all my projects/uneom.com/.next/server/app/ar/locations/[city]/[industry]/page.js:1:8960)
    at eh (/Users/ahmedsalem/Desktop/all my projects/uneom.com/node_modules/next/dist/compiled/next-server/app-page.runtime.prod.js:12:134660)
    at e (/Users/ahmedsalem/Desktop/all my projects/uneom.com/node_modules/next/dist/compiled/next-server/app-page.runtime.prod.js:12:137545)
    at ek (/Users/ahmedsalem/Desktop/all my projects/uneom.com/node_modules/next/dist/compiled/next-server/app-page.runtime.prod.js:12:138019)
    at Array.toJSON (/Users/ahmedsalem/Desktop/all my projects/uneom.com/node_modules/next/dist/compiled/next-server/app-page.runtime.prod.js:12:135629)
    at stringify (<anonymous>)
    at eP (/Users/ahmedsalem/Desktop/all my projects/uneom.com/node_modules/next/dist/compiled/next-server/app-page.runtime.prod.js:12:142093)
    at eE (/Users/ahmedsalem/Desktop/all my projects/uneom.com/node_modules/next/dist/compiled/next-server/app-page.runtime.prod.js:12:142572)
    at AsyncLocalStorage.run (node:internal/async_local_storage/async_context_frame:63:14)
    at Timeout._onTimeout (/Users/ahmedsalem/Desktop/all my projects/uneom.com/node_modules/next/dist/compiled/next-server/app-page.runtime.prod.js:12:150373) {
  digest: '3731830276'
}
TypeError: Cannot read properties of undefined (reading 'map')
    at f (/Users/ahmedsalem/Desktop/all my projects/uneom.com/.next/server/app/ar/locations/[city]/[industry]/page.js:1:8960)
    at eh (/Users/ahmedsalem/Desktop/all my projects/uneom.com/node_modules/next/dist/compiled/next-server/app-page.runtime.prod.js:12:134660)
    at e (/Users/ahmedsalem/Desktop/all my projects/uneom.com/node_modules/next/dist/compiled/next-server/app-page.runtime.prod.js:12:137545)
    at ek (/Users/ahmedsalem/Desktop/all my projects/uneom.com/node_modules/next/dist/compiled/next-server/app-page.runtime.prod.js:12:138019)
    at Array.toJSON (/Users/ahmedsalem/Desktop/all my projects/uneom.com/node_modules/next/dist/compiled/next-server/app-page.runtime.prod.js:12:135629)
    at stringify (<anonymous>)
    at eP (/Users/ahmedsalem/Desktop/all my projects/uneom.com/node_modules/next/dist/compiled/next-server/app-page.runtime.prod.js:12:142093)
    at eE (/Users/ahmedsalem/Desktop/all my projects/uneom.com/node_modules/next/dist/compiled/next-server/app-page.runtime.prod.js:12:142572)
    at Timeout._onTimeout (/Users/ahmedsalem/Desktop/all my projects/uneom.com/node_modules/next/dist/compiled/next-server/app-page.runtime.prod.js:12:135349)
    at listOnTimeout (node:internal/timers:605:17) {
  digest: '2101114011'
}

Error occurred prerendering page "/ar/locations/medina/security". Read more: https://nextjs.org/docs/messages/prerender-error

TypeError: Cannot read properties of undefined (reading 'map')
    at f (/Users/ahmedsalem/Desktop/all my projects/uneom.com/.next/server/app/ar/locations/[city]/[industry]/page.js:1:8960)
    at eh (/Users/ahmedsalem/Desktop/all my projects/uneom.com/node_modules/next/dist/compiled/next-server/app-page.runtime.prod.js:12:134660)
    at e (/Users/ahmedsalem/Desktop/all my projects/uneom.com/node_modules/next/dist/compiled/next-server/app-page.runtime.prod.js:12:137545)
    at ek (/Users/ahmedsalem/Desktop/all my projects/uneom.com/node_modules/next/dist/compiled/next-server/app-page.runtime.prod.js:12:138019)
    at Array.toJSON (/Users/ahmedsalem/Desktop/all my projects/uneom.com/node_modules/next/dist/compiled/next-server/app-page.runtime.prod.js:12:135629)
    at stringify (<anonymous>)
    at eP (/Users/ahmedsalem/Desktop/all my projects/uneom.com/node_modules/next/dist/compiled/next-server/app-page.runtime.prod.js:12:142093)
    at eE (/Users/ahmedsalem/Desktop/all my projects/uneom.com/node_modules/next/dist/compiled/next-server/app-page.runtime.prod.js:12:142572)
    at AsyncLocalStorage.run (node:internal/async_local_storage/async_context_frame:63:14)
    at Timeout._onTimeout (/Users/ahmedsalem/Desktop/all my projects/uneom.com/node_modules/next/dist/compiled/next-server/app-page.runtime.prod.js:12:150373)
TypeError: Cannot read properties of undefined (reading 'map')
    at f (/Users/ahmedsalem/Desktop/all my projects/uneom.com/.next/server/app/ar/locations/[city]/[industry]/page.js:1:8960)
    at eh (/Users/ahmedsalem/Desktop/all my projects/uneom.com/node_modules/next/dist/compiled/next-server/app-page.runtime.prod.js:12:134660)
    at e (/Users/ahmedsalem/Desktop/all my projects/uneom.com/node_modules/next/dist/compiled/next-server/app-page.runtime.prod.js:12:137545)
    at ek (/Users/ahmedsalem/Desktop/all my projects/uneom.com/node_modules/next/dist/compiled/next-server/app-page.runtime.prod.js:12:138019)
    at Array.toJSON (/Users/ahmedsalem/Desktop/all my projects/uneom.com/node_modules/next/dist/compiled/next-server/app-page.runtime.prod.js:12:135629)
    at stringify (<anonymous>)
    at eP (/Users/ahmedsalem/Desktop/all my projects/uneom.com/node_modules/next/dist/compiled/next-server/app-page.runtime.prod.js:12:142093)
    at eE (/Users/ahmedsalem/Desktop/all my projects/uneom.com/node_modules/next/dist/compiled/next-server/app-page.runtime.prod.js:12:142572)
    at AsyncLocalStorage.run (node:internal/async_local_storage/async_context_frame:63:14)
    at Timeout._onTimeout (/Users/ahmedsalem/Desktop/all my projects/uneom.com/node_modules/next/dist/compiled/next-server/app-page.runtime.prod.js:12:150373) {
  digest: '3731830276'
}
TypeError: Cannot read properties of undefined (reading 'map')
    at f (/Users/ahmedsalem/Desktop/all my projects/uneom.com/.next/server/app/ar/locations/[city]/[industry]/page.js:1:8960)
    at eh (/Users/ahmedsalem/Desktop/all my projects/uneom.com/node_modules/next/dist/compiled/next-server/app-page.runtime.prod.js:12:134660)
    at e (/Users/ahmedsalem/Desktop/all my projects/uneom.com/node_modules/next/dist/compiled/next-server/app-page.runtime.prod.js:12:137545)
    at ek (/Users/ahmedsalem/Desktop/all my projects/uneom.com/node_modules/next/dist/compiled/next-server/app-page.runtime.prod.js:12:138019)
    at Array.toJSON (/Users/ahmedsalem/Desktop/all my projects/uneom.com/node_modules/next/dist/compiled/next-server/app-page.runtime.prod.js:12:135629)
    at stringify (<anonymous>)
    at eP (/Users/ahmedsalem/Desktop/all my projects/uneom.com/node_modules/next/dist/compiled/next-server/app-page.runtime.prod.js:12:142093)
    at eE (/Users/ahmedsalem/Desktop/all my projects/uneom.com/node_modules/next/dist/compiled/next-server/app-page.runtime.prod.js:12:142572)
    at Timeout._onTimeout (/Users/ahmedsalem/Desktop/all my projects/uneom.com/node_modules/next/dist/compiled/next-server/app-page.runtime.prod.js:12:135349)
    at listOnTimeout (node:internal/timers:605:17) {
  digest: '2101114011'
}

Error occurred prerendering page "/ar/locations/medina/education". Read more: https://nextjs.org/docs/messages/prerender-error

TypeError: Cannot read properties of undefined (reading 'map')
    at f (/Users/ahmedsalem/Desktop/all my projects/uneom.com/.next/server/app/ar/locations/[city]/[industry]/page.js:1:8960)
    at eh (/Users/ahmedsalem/Desktop/all my projects/uneom.com/node_modules/next/dist/compiled/next-server/app-page.runtime.prod.js:12:134660)
    at e (/Users/ahmedsalem/Desktop/all my projects/uneom.com/node_modules/next/dist/compiled/next-server/app-page.runtime.prod.js:12:137545)
    at ek (/Users/ahmedsalem/Desktop/all my projects/uneom.com/node_modules/next/dist/compiled/next-server/app-page.runtime.prod.js:12:138019)
    at Array.toJSON (/Users/ahmedsalem/Desktop/all my projects/uneom.com/node_modules/next/dist/compiled/next-server/app-page.runtime.prod.js:12:135629)
    at stringify (<anonymous>)
    at eP (/Users/ahmedsalem/Desktop/all my projects/uneom.com/node_modules/next/dist/compiled/next-server/app-page.runtime.prod.js:12:142093)
    at eE (/Users/ahmedsalem/Desktop/all my projects/uneom.com/node_modules/next/dist/compiled/next-server/app-page.runtime.prod.js:12:142572)
    at AsyncLocalStorage.run (node:internal/async_local_storage/async_context_frame:63:14)
    at Timeout._onTimeout (/Users/ahmedsalem/Desktop/all my projects/uneom.com/node_modules/next/dist/compiled/next-server/app-page.runtime.prod.js:12:150373)
TypeError: Cannot read properties of undefined (reading 'map')
    at f (/Users/ahmedsalem/Desktop/all my projects/uneom.com/.next/server/app/ar/locations/[city]/[industry]/page.js:1:8960)
    at eh (/Users/ahmedsalem/Desktop/all my projects/uneom.com/node_modules/next/dist/compiled/next-server/app-page.runtime.prod.js:12:134660)
    at e (/Users/ahmedsalem/Desktop/all my projects/uneom.com/node_modules/next/dist/compiled/next-server/app-page.runtime.prod.js:12:137545)
    at ek (/Users/ahmedsalem/Desktop/all my projects/uneom.com/node_modules/next/dist/compiled/next-server/app-page.runtime.prod.js:12:138019)
    at Array.toJSON (/Users/ahmedsalem/Desktop/all my projects/uneom.com/node_modules/next/dist/compiled/next-server/app-page.runtime.prod.js:12:135629)
    at stringify (<anonymous>)
    at eP (/Users/ahmedsalem/Desktop/all my projects/uneom.com/node_modules/next/dist/compiled/next-server/app-page.runtime.prod.js:12:142093)
    at eE (/Users/ahmedsalem/Desktop/all my projects/uneom.com/node_modules/next/dist/compiled/next-server/app-page.runtime.prod.js:12:142572)
    at AsyncLocalStorage.run (node:internal/async_local_storage/async_context_frame:63:14)
    at Timeout._onTimeout (/Users/ahmedsalem/Desktop/all my projects/uneom.com/node_modules/next/dist/compiled/next-server/app-page.runtime.prod.js:12:150373) {
  digest: '3731830276'
}
TypeError: Cannot read properties of undefined (reading 'map')
    at f (/Users/ahmedsalem/Desktop/all my projects/uneom.com/.next/server/app/ar/locations/[city]/[industry]/page.js:1:8960)
    at eh (/Users/ahmedsalem/Desktop/all my projects/uneom.com/node_modules/next/dist/compiled/next-server/app-page.runtime.prod.js:12:134660)
    at e (/Users/ahmedsalem/Desktop/all my projects/uneom.com/node_modules/next/dist/compiled/next-server/app-page.runtime.prod.js:12:137545)
    at ek (/Users/ahmedsalem/Desktop/all my projects/uneom.com/node_modules/next/dist/compiled/next-server/app-page.runtime.prod.js:12:138019)
    at Array.toJSON (/Users/ahmedsalem/Desktop/all my projects/uneom.com/node_modules/next/dist/compiled/next-server/app-page.runtime.prod.js:12:135629)
    at stringify (<anonymous>)
    at eP (/Users/ahmedsalem/Desktop/all my projects/uneom.com/node_modules/next/dist/compiled/next-server/app-page.runtime.prod.js:12:142093)
    at eE (/Users/ahmedsalem/Desktop/all my projects/uneom.com/node_modules/next/dist/compiled/next-server/app-page.runtime.prod.js:12:142572)
    at Timeout._onTimeout (/Users/ahmedsalem/Desktop/all my projects/uneom.com/node_modules/next/dist/compiled/next-server/app-page.runtime.prod.js:12:135349)
    at listOnTimeout (node:internal/timers:605:17) {
  digest: '2101114011'
}

Error occurred prerendering page "/ar/locations/medina/retail-shops". Read more: https://nextjs.org/docs/messages/prerender-error

TypeError: Cannot read properties of undefined (reading 'map')
    at f (/Users/ahmedsalem/Desktop/all my projects/uneom.com/.next/server/app/ar/locations/[city]/[industry]/page.js:1:8960)
    at eh (/Users/ahmedsalem/Desktop/all my projects/uneom.com/node_modules/next/dist/compiled/next-server/app-page.runtime.prod.js:12:134660)
    at e (/Users/ahmedsalem/Desktop/all my projects/uneom.com/node_modules/next/dist/compiled/next-server/app-page.runtime.prod.js:12:137545)
    at ek (/Users/ahmedsalem/Desktop/all my projects/uneom.com/node_modules/next/dist/compiled/next-server/app-page.runtime.prod.js:12:138019)
    at Array.toJSON (/Users/ahmedsalem/Desktop/all my projects/uneom.com/node_modules/next/dist/compiled/next-server/app-page.runtime.prod.js:12:135629)
    at stringify (<anonymous>)
    at eP (/Users/ahmedsalem/Desktop/all my projects/uneom.com/node_modules/next/dist/compiled/next-server/app-page.runtime.prod.js:12:142093)
    at eE (/Users/ahmedsalem/Desktop/all my projects/uneom.com/node_modules/next/dist/compiled/next-server/app-page.runtime.prod.js:12:142572)
    at AsyncLocalStorage.run (node:internal/async_local_storage/async_context_frame:63:14)
    at Timeout._onTimeout (/Users/ahmedsalem/Desktop/all my projects/uneom.com/node_modules/next/dist/compiled/next-server/app-page.runtime.prod.js:12:150373)

Error occurred prerendering page "/ar/locations/medina/factory-industry". Read more: https://nextjs.org/docs/messages/prerender-error

TypeError: Cannot read properties of undefined (reading 'map')
    at f (/Users/ahmedsalem/Desktop/all my projects/uneom.com/.next/server/app/ar/locations/[city]/[industry]/page.js:1:8960)
    at eh (/Users/ahmedsalem/Desktop/all my projects/uneom.com/node_modules/next/dist/compiled/next-server/app-page.runtime.prod.js:12:134660)
    at e (/Users/ahmedsalem/Desktop/all my projects/uneom.com/node_modules/next/dist/compiled/next-server/app-page.runtime.prod.js:12:137545)
    at ek (/Users/ahmedsalem/Desktop/all my projects/uneom.com/node_modules/next/dist/compiled/next-server/app-page.runtime.prod.js:12:138019)
    at Array.toJSON (/Users/ahmedsalem/Desktop/all my projects/uneom.com/node_modules/next/dist/compiled/next-server/app-page.runtime.prod.js:12:135629)
    at stringify (<anonymous>)
    at eP (/Users/ahmedsalem/Desktop/all my projects/uneom.com/node_modules/next/dist/compiled/next-server/app-page.runtime.prod.js:12:142093)
    at eE (/Users/ahmedsalem/Desktop/all my projects/uneom.com/node_modules/next/dist/compiled/next-server/app-page.runtime.prod.js:12:142572)
    at AsyncLocalStorage.run (node:internal/async_local_storage/async_context_frame:63:14)
    at Timeout._onTimeout (/Users/ahmedsalem/Desktop/all my projects/uneom.com/node_modules/next/dist/compiled/next-server/app-page.runtime.prod.js:12:150373)
TypeError: Cannot read properties of undefined (reading 'map')
    at f (/Users/ahmedsalem/Desktop/all my projects/uneom.com/.next/server/app/ar/locations/[city]/[industry]/page.js:1:8960)
    at eh (/Users/ahmedsalem/Desktop/all my projects/uneom.com/node_modules/next/dist/compiled/next-server/app-page.runtime.prod.js:12:134660)
    at e (/Users/ahmedsalem/Desktop/all my projects/uneom.com/node_modules/next/dist/compiled/next-server/app-page.runtime.prod.js:12:137545)
    at ek (/Users/ahmedsalem/Desktop/all my projects/uneom.com/node_modules/next/dist/compiled/next-server/app-page.runtime.prod.js:12:138019)
    at Array.toJSON (/Users/ahmedsalem/Desktop/all my projects/uneom.com/node_modules/next/dist/compiled/next-server/app-page.runtime.prod.js:12:135629)
    at stringify (<anonymous>)
    at eP (/Users/ahmedsalem/Desktop/all my projects/uneom.com/node_modules/next/dist/compiled/next-server/app-page.runtime.prod.js:12:142093)
    at eE (/Users/ahmedsalem/Desktop/all my projects/uneom.com/node_modules/next/dist/compiled/next-server/app-page.runtime.prod.js:12:142572)
    at AsyncLocalStorage.run (node:internal/async_local_storage/async_context_frame:63:14)
    at Timeout._onTimeout (/Users/ahmedsalem/Desktop/all my projects/uneom.com/node_modules/next/dist/compiled/next-server/app-page.runtime.prod.js:12:150373) {
  digest: '3731830276'
}
TypeError: Cannot read properties of undefined (reading 'map')
    at f (/Users/ahmedsalem/Desktop/all my projects/uneom.com/.next/server/app/ar/locations/[city]/[industry]/page.js:1:8960)
    at eh (/Users/ahmedsalem/Desktop/all my projects/uneom.com/node_modules/next/dist/compiled/next-server/app-page.runtime.prod.js:12:134660)
    at e (/Users/ahmedsalem/Desktop/all my projects/uneom.com/node_modules/next/dist/compiled/next-server/app-page.runtime.prod.js:12:137545)
    at ek (/Users/ahmedsalem/Desktop/all my projects/uneom.com/node_modules/next/dist/compiled/next-server/app-page.runtime.prod.js:12:138019)
    at Array.toJSON (/Users/ahmedsalem/Desktop/all my projects/uneom.com/node_modules/next/dist/compiled/next-server/app-page.runtime.prod.js:12:135629)
    at stringify (<anonymous>)
    at eP (/Users/ahmedsalem/Desktop/all my projects/uneom.com/node_modules/next/dist/compiled/next-server/app-page.runtime.prod.js:12:142093)
    at eE (/Users/ahmedsalem/Desktop/all my projects/uneom.com/node_modules/next/dist/compiled/next-server/app-page.runtime.prod.js:12:142572)
    at Timeout._onTimeout (/Users/ahmedsalem/Desktop/all my projects/uneom.com/node_modules/next/dist/compiled/next-server/app-page.runtime.prod.js:12:135349)
    at listOnTimeout (node:internal/timers:605:17) {
  digest: '2101114011'
}

Error occurred prerendering page "/ar/locations/medina/supply-manufacturing". Read more: https://nextjs.org/docs/messages/prerender-error

TypeError: Cannot read properties of undefined (reading 'map')
    at f (/Users/ahmedsalem/Desktop/all my projects/uneom.com/.next/server/app/ar/locations/[city]/[industry]/page.js:1:8960)
    at eh (/Users/ahmedsalem/Desktop/all my projects/uneom.com/node_modules/next/dist/compiled/next-server/app-page.runtime.prod.js:12:134660)
    at e (/Users/ahmedsalem/Desktop/all my projects/uneom.com/node_modules/next/dist/compiled/next-server/app-page.runtime.prod.js:12:137545)
    at ek (/Users/ahmedsalem/Desktop/all my projects/uneom.com/node_modules/next/dist/compiled/next-server/app-page.runtime.prod.js:12:138019)
    at Array.toJSON (/Users/ahmedsalem/Desktop/all my projects/uneom.com/node_modules/next/dist/compiled/next-server/app-page.runtime.prod.js:12:135629)
    at stringify (<anonymous>)
    at eP (/Users/ahmedsalem/Desktop/all my projects/uneom.com/node_modules/next/dist/compiled/next-server/app-page.runtime.prod.js:12:142093)
    at eE (/Users/ahmedsalem/Desktop/all my projects/uneom.com/node_modules/next/dist/compiled/next-server/app-page.runtime.prod.js:12:142572)
    at AsyncLocalStorage.run (node:internal/async_local_storage/async_context_frame:63:14)
    at Timeout._onTimeout (/Users/ahmedsalem/Desktop/all my projects/uneom.com/node_modules/next/dist/compiled/next-server/app-page.runtime.prod.js:12:150373)
TypeError: Cannot read properties of undefined (reading 'map')
    at f (/Users/ahmedsalem/Desktop/all my projects/uneom.com/.next/server/app/ar/locations/[city]/[industry]/page.js:1:8960)
    at eh (/Users/ahmedsalem/Desktop/all my projects/uneom.com/node_modules/next/dist/compiled/next-server/app-page.runtime.prod.js:12:134660)
    at e (/Users/ahmedsalem/Desktop/all my projects/uneom.com/node_modules/next/dist/compiled/next-server/app-page.runtime.prod.js:12:137545)
    at ek (/Users/ahmedsalem/Desktop/all my projects/uneom.com/node_modules/next/dist/compiled/next-server/app-page.runtime.prod.js:12:138019)
    at Array.toJSON (/Users/ahmedsalem/Desktop/all my projects/uneom.com/node_modules/next/dist/compiled/next-server/app-page.runtime.prod.js:12:135629)
    at stringify (<anonymous>)
    at eP (/Users/ahmedsalem/Desktop/all my projects/uneom.com/node_modules/next/dist/compiled/next-server/app-page.runtime.prod.js:12:142093)
    at eE (/Users/ahmedsalem/Desktop/all my projects/uneom.com/node_modules/next/dist/compiled/next-server/app-page.runtime.prod.js:12:142572)
    at AsyncLocalStorage.run (node:internal/async_local_storage/async_context_frame:63:14)
    at Timeout._onTimeout (/Users/ahmedsalem/Desktop/all my projects/uneom.com/node_modules/next/dist/compiled/next-server/app-page.runtime.prod.js:12:150373) {
  digest: '3731830276'
}
TypeError: Cannot read properties of undefined (reading 'map')
    at f (/Users/ahmedsalem/Desktop/all my projects/uneom.com/.next/server/app/ar/locations/[city]/[industry]/page.js:1:8960)
    at eh (/Users/ahmedsalem/Desktop/all my projects/uneom.com/node_modules/next/dist/compiled/next-server/app-page.runtime.prod.js:12:134660)
    at e (/Users/ahmedsalem/Desktop/all my projects/uneom.com/node_modules/next/dist/compiled/next-server/app-page.runtime.prod.js:12:137545)
    at ek (/Users/ahmedsalem/Desktop/all my projects/uneom.com/node_modules/next/dist/compiled/next-server/app-page.runtime.prod.js:12:138019)
    at Array.toJSON (/Users/ahmedsalem/Desktop/all my projects/uneom.com/node_modules/next/dist/compiled/next-server/app-page.runtime.prod.js:12:135629)
    at stringify (<anonymous>)
    at eP (/Users/ahmedsalem/Desktop/all my projects/uneom.com/node_modules/next/dist/compiled/next-server/app-page.runtime.prod.js:12:142093)
    at eE (/Users/ahmedsalem/Desktop/all my projects/uneom.com/node_modules/next/dist/compiled/next-server/app-page.runtime.prod.js:12:142572)
    at Timeout._onTimeout (/Users/ahmedsalem/Desktop/all my projects/uneom.com/node_modules/next/dist/compiled/next-server/app-page.runtime.prod.js:12:135349)
    at listOnTimeout (node:internal/timers:605:17) {
  digest: '2101114011'
}

Error occurred prerendering page "/ar/locations/khobar/healthcare". Read more: https://nextjs.org/docs/messages/prerender-error

TypeError: Cannot read properties of undefined (reading 'map')
    at f (/Users/ahmedsalem/Desktop/all my projects/uneom.com/.next/server/app/ar/locations/[city]/[industry]/page.js:1:8960)
    at eh (/Users/ahmedsalem/Desktop/all my projects/uneom.com/node_modules/next/dist/compiled/next-server/app-page.runtime.prod.js:12:134660)
    at e (/Users/ahmedsalem/Desktop/all my projects/uneom.com/node_modules/next/dist/compiled/next-server/app-page.runtime.prod.js:12:137545)
    at ek (/Users/ahmedsalem/Desktop/all my projects/uneom.com/node_modules/next/dist/compiled/next-server/app-page.runtime.prod.js:12:138019)
    at Array.toJSON (/Users/ahmedsalem/Desktop/all my projects/uneom.com/node_modules/next/dist/compiled/next-server/app-page.runtime.prod.js:12:135629)
    at stringify (<anonymous>)
    at eP (/Users/ahmedsalem/Desktop/all my projects/uneom.com/node_modules/next/dist/compiled/next-server/app-page.runtime.prod.js:12:142093)
    at eE (/Users/ahmedsalem/Desktop/all my projects/uneom.com/node_modules/next/dist/compiled/next-server/app-page.runtime.prod.js:12:142572)
    at AsyncLocalStorage.run (node:internal/async_local_storage/async_context_frame:63:14)
    at Timeout._onTimeout (/Users/ahmedsalem/Desktop/all my projects/uneom.com/node_modules/next/dist/compiled/next-server/app-page.runtime.prod.js:12:150373)
TypeError: Cannot read properties of undefined (reading 'map')
    at f (/Users/ahmedsalem/Desktop/all my projects/uneom.com/.next/server/app/ar/locations/[city]/[industry]/page.js:1:8960)
    at eh (/Users/ahmedsalem/Desktop/all my projects/uneom.com/node_modules/next/dist/compiled/next-server/app-page.runtime.prod.js:12:134660)
    at e (/Users/ahmedsalem/Desktop/all my projects/uneom.com/node_modules/next/dist/compiled/next-server/app-page.runtime.prod.js:12:137545)
    at ek (/Users/ahmedsalem/Desktop/all my projects/uneom.com/node_modules/next/dist/compiled/next-server/app-page.runtime.prod.js:12:138019)
    at Array.toJSON (/Users/ahmedsalem/Desktop/all my projects/uneom.com/node_modules/next/dist/compiled/next-server/app-page.runtime.prod.js:12:135629)
    at stringify (<anonymous>)
    at eP (/Users/ahmedsalem/Desktop/all my projects/uneom.com/node_modules/next/dist/compiled/next-server/app-page.runtime.prod.js:12:142093)
    at eE (/Users/ahmedsalem/Desktop/all my projects/uneom.com/node_modules/next/dist/compiled/next-server/app-page.runtime.prod.js:12:142572)
    at AsyncLocalStorage.run (node:internal/async_local_storage/async_context_frame:63:14)
    at Timeout._onTimeout (/Users/ahmedsalem/Desktop/all my projects/uneom.com/node_modules/next/dist/compiled/next-server/app-page.runtime.prod.js:12:150373) {
  digest: '3731830276'
}
TypeError: Cannot read properties of undefined (reading 'map')
    at f (/Users/ahmedsalem/Desktop/all my projects/uneom.com/.next/server/app/ar/locations/[city]/[industry]/page.js:1:8960)
    at eh (/Users/ahmedsalem/Desktop/all my projects/uneom.com/node_modules/next/dist/compiled/next-server/app-page.runtime.prod.js:12:134660)
    at e (/Users/ahmedsalem/Desktop/all my projects/uneom.com/node_modules/next/dist/compiled/next-server/app-page.runtime.prod.js:12:137545)
    at ek (/Users/ahmedsalem/Desktop/all my projects/uneom.com/node_modules/next/dist/compiled/next-server/app-page.runtime.prod.js:12:138019)
    at Array.toJSON (/Users/ahmedsalem/Desktop/all my projects/uneom.com/node_modules/next/dist/compiled/next-server/app-page.runtime.prod.js:12:135629)
    at stringify (<anonymous>)
    at eP (/Users/ahmedsalem/Desktop/all my projects/uneom.com/node_modules/next/dist/compiled/next-server/app-page.runtime.prod.js:12:142093)
    at eE (/Users/ahmedsalem/Desktop/all my projects/uneom.com/node_modules/next/dist/compiled/next-server/app-page.runtime.prod.js:12:142572)
    at Timeout._onTimeout (/Users/ahmedsalem/Desktop/all my projects/uneom.com/node_modules/next/dist/compiled/next-server/app-page.runtime.prod.js:12:135349)
    at listOnTimeout (node:internal/timers:605:17) {
  digest: '2101114011'
}
TypeError: Cannot read properties of undefined (reading 'map')
    at f (/Users/ahmedsalem/Desktop/all my projects/uneom.com/.next/server/app/ar/locations/[city]/[industry]/page.js:1:8960)
    at eh (/Users/ahmedsalem/Desktop/all my projects/uneom.com/node_modules/next/dist/compiled/next-server/app-page.runtime.prod.js:12:134660)
    at e (/Users/ahmedsalem/Desktop/all my projects/uneom.com/node_modules/next/dist/compiled/next-server/app-page.runtime.prod.js:12:137545)
    at ek (/Users/ahmedsalem/Desktop/all my projects/uneom.com/node_modules/next/dist/compiled/next-server/app-page.runtime.prod.js:12:138019)
    at Array.toJSON (/Users/ahmedsalem/Desktop/all my projects/uneom.com/node_modules/next/dist/compiled/next-server/app-page.runtime.prod.js:12:135629)
    at stringify (<anonymous>)
    at eP (/Users/ahmedsalem/Desktop/all my projects/uneom.com/node_modules/next/dist/compiled/next-server/app-page.runtime.prod.js:12:142093)
    at eE (/Users/ahmedsalem/Desktop/all my projects/uneom.com/node_modules/next/dist/compiled/next-server/app-page.runtime.prod.js:12:142572)
    at AsyncLocalStorage.run (node:internal/async_local_storage/async_context_frame:63:14)
    at Timeout._onTimeout (/Users/ahmedsalem/Desktop/all my projects/uneom.com/node_modules/next/dist/compiled/next-server/app-page.runtime.prod.js:12:150373) {
  digest: '3731830276'
}
TypeError: Cannot read properties of undefined (reading 'map')
    at f (/Users/ahmedsalem/Desktop/all my projects/uneom.com/.next/server/app/ar/locations/[city]/[industry]/page.js:1:8960)
    at eh (/Users/ahmedsalem/Desktop/all my projects/uneom.com/node_modules/next/dist/compiled/next-server/app-page.runtime.prod.js:12:134660)
    at e (/Users/ahmedsalem/Desktop/all my projects/uneom.com/node_modules/next/dist/compiled/next-server/app-page.runtime.prod.js:12:137545)
    at ek (/Users/ahmedsalem/Desktop/all my projects/uneom.com/node_modules/next/dist/compiled/next-server/app-page.runtime.prod.js:12:138019)
    at Array.toJSON (/Users/ahmedsalem/Desktop/all my projects/uneom.com/node_modules/next/dist/compiled/next-server/app-page.runtime.prod.js:12:135629)
    at stringify (<anonymous>)
    at eP (/Users/ahmedsalem/Desktop/all my projects/uneom.com/node_modules/next/dist/compiled/next-server/app-page.runtime.prod.js:12:142093)
    at eE (/Users/ahmedsalem/Desktop/all my projects/uneom.com/node_modules/next/dist/compiled/next-server/app-page.runtime.prod.js:12:142572)
    at Timeout._onTimeout (/Users/ahmedsalem/Desktop/all my projects/uneom.com/node_modules/next/dist/compiled/next-server/app-page.runtime.prod.js:12:135349)
    at listOnTimeout (node:internal/timers:605:17) {
  digest: '2101114011'
}
TypeError: Cannot read properties of undefined (reading 'map')
    at f (/Users/ahmedsalem/Desktop/all my projects/uneom.com/.next/server/app/ar/locations/[city]/[industry]/page.js:1:8960)
    at eh (/Users/ahmedsalem/Desktop/all my projects/uneom.com/node_modules/next/dist/compiled/next-server/app-page.runtime.prod.js:12:134660)
    at e (/Users/ahmedsalem/Desktop/all my projects/uneom.com/node_modules/next/dist/compiled/next-server/app-page.runtime.prod.js:12:137545)
    at ek (/Users/ahmedsalem/Desktop/all my projects/uneom.com/node_modules/next/dist/compiled/next-server/app-page.runtime.prod.js:12:138019)
    at Array.toJSON (/Users/ahmedsalem/Desktop/all my projects/uneom.com/node_modules/next/dist/compiled/next-server/app-page.runtime.prod.js:12:135629)
    at stringify (<anonymous>)
    at eP (/Users/ahmedsalem/Desktop/all my projects/uneom.com/node_modules/next/dist/compiled/next-server/app-page.runtime.prod.js:12:142093)
    at eE (/Users/ahmedsalem/Desktop/all my projects/uneom.com/node_modules/next/dist/compiled/next-server/app-page.runtime.prod.js:12:142572)
    at AsyncLocalStorage.run (node:internal/async_local_storage/async_context_frame:63:14)
    at Timeout._onTimeout (/Users/ahmedsalem/Desktop/all my projects/uneom.com/node_modules/next/dist/compiled/next-server/app-page.runtime.prod.js:12:150373) {
  digest: '3731830276'
}
TypeError: Cannot read properties of undefined (reading 'map')
    at f (/Users/ahmedsalem/Desktop/all my projects/uneom.com/.next/server/app/ar/locations/[city]/[industry]/page.js:1:8960)
    at eh (/Users/ahmedsalem/Desktop/all my projects/uneom.com/node_modules/next/dist/compiled/next-server/app-page.runtime.prod.js:12:134660)
    at e (/Users/ahmedsalem/Desktop/all my projects/uneom.com/node_modules/next/dist/compiled/next-server/app-page.runtime.prod.js:12:137545)
    at ek (/Users/ahmedsalem/Desktop/all my projects/uneom.com/node_modules/next/dist/compiled/next-server/app-page.runtime.prod.js:12:138019)
    at Array.toJSON (/Users/ahmedsalem/Desktop/all my projects/uneom.com/node_modules/next/dist/compiled/next-server/app-page.runtime.prod.js:12:135629)
    at stringify (<anonymous>)
    at eP (/Users/ahmedsalem/Desktop/all my projects/uneom.com/node_modules/next/dist/compiled/next-server/app-page.runtime.prod.js:12:142093)
    at eE (/Users/ahmedsalem/Desktop/all my projects/uneom.com/node_modules/next/dist/compiled/next-server/app-page.runtime.prod.js:12:142572)
    at Timeout._onTimeout (/Users/ahmedsalem/Desktop/all my projects/uneom.com/node_modules/next/dist/compiled/next-server/app-page.runtime.prod.js:12:135349)
    at listOnTimeout (node:internal/timers:605:17) {
  digest: '2101114011'
}
TypeError: Cannot read properties of undefined (reading 'map')
    at f (/Users/ahmedsalem/Desktop/all my projects/uneom.com/.next/server/app/ar/locations/[city]/[industry]/page.js:1:8960)
    at eh (/Users/ahmedsalem/Desktop/all my projects/uneom.com/node_modules/next/dist/compiled/next-server/app-page.runtime.prod.js:12:134660)
    at e (/Users/ahmedsalem/Desktop/all my projects/uneom.com/node_modules/next/dist/compiled/next-server/app-page.runtime.prod.js:12:137545)
    at ek (/Users/ahmedsalem/Desktop/all my projects/uneom.com/node_modules/next/dist/compiled/next-server/app-page.runtime.prod.js:12:138019)
    at Array.toJSON (/Users/ahmedsalem/Desktop/all my projects/uneom.com/node_modules/next/dist/compiled/next-server/app-page.runtime.prod.js:12:135629)
    at stringify (<anonymous>)
    at eP (/Users/ahmedsalem/Desktop/all my projects/uneom.com/node_modules/next/dist/compiled/next-server/app-page.runtime.prod.js:12:142093)
    at eE (/Users/ahmedsalem/Desktop/all my projects/uneom.com/node_modules/next/dist/compiled/next-server/app-page.runtime.prod.js:12:142572)
    at AsyncLocalStorage.run (node:internal/async_local_storage/async_context_frame:63:14)
    at Timeout._onTimeout (/Users/ahmedsalem/Desktop/all my projects/uneom.com/node_modules/next/dist/compiled/next-server/app-page.runtime.prod.js:12:150373) {
  digest: '3731830276'
}
TypeError: Cannot read properties of undefined (reading 'map')
    at f (/Users/ahmedsalem/Desktop/all my projects/uneom.com/.next/server/app/ar/locations/[city]/[industry]/page.js:1:8960)
    at eh (/Users/ahmedsalem/Desktop/all my projects/uneom.com/node_modules/next/dist/compiled/next-server/app-page.runtime.prod.js:12:134660)
    at e (/Users/ahmedsalem/Desktop/all my projects/uneom.com/node_modules/next/dist/compiled/next-server/app-page.runtime.prod.js:12:137545)
    at ek (/Users/ahmedsalem/Desktop/all my projects/uneom.com/node_modules/next/dist/compiled/next-server/app-page.runtime.prod.js:12:138019)
    at Array.toJSON (/Users/ahmedsalem/Desktop/all my projects/uneom.com/node_modules/next/dist/compiled/next-server/app-page.runtime.prod.js:12:135629)
    at stringify (<anonymous>)
    at eP (/Users/ahmedsalem/Desktop/all my projects/uneom.com/node_modules/next/dist/compiled/next-server/app-page.runtime.prod.js:12:142093)
    at eE (/Users/ahmedsalem/Desktop/all my projects/uneom.com/node_modules/next/dist/compiled/next-server/app-page.runtime.prod.js:12:142572)
    at Timeout._onTimeout (/Users/ahmedsalem/Desktop/all my projects/uneom.com/node_modules/next/dist/compiled/next-server/app-page.runtime.prod.js:12:135349)
    at listOnTimeout (node:internal/timers:605:17) {
  digest: '2101114011'
}

Error occurred prerendering page "/ar/locations/khobar/manufacturing". Read more: https://nextjs.org/docs/messages/prerender-error

TypeError: Cannot read properties of undefined (reading 'map')
    at f (/Users/ahmedsalem/Desktop/all my projects/uneom.com/.next/server/app/ar/locations/[city]/[industry]/page.js:1:8960)
    at eh (/Users/ahmedsalem/Desktop/all my projects/uneom.com/node_modules/next/dist/compiled/next-server/app-page.runtime.prod.js:12:134660)
    at e (/Users/ahmedsalem/Desktop/all my projects/uneom.com/node_modules/next/dist/compiled/next-server/app-page.runtime.prod.js:12:137545)
    at ek (/Users/ahmedsalem/Desktop/all my projects/uneom.com/node_modules/next/dist/compiled/next-server/app-page.runtime.prod.js:12:138019)
    at Array.toJSON (/Users/ahmedsalem/Desktop/all my projects/uneom.com/node_modules/next/dist/compiled/next-server/app-page.runtime.prod.js:12:135629)
    at stringify (<anonymous>)
    at eP (/Users/ahmedsalem/Desktop/all my projects/uneom.com/node_modules/next/dist/compiled/next-server/app-page.runtime.prod.js:12:142093)
    at eE (/Users/ahmedsalem/Desktop/all my projects/uneom.com/node_modules/next/dist/compiled/next-server/app-page.runtime.prod.js:12:142572)
    at AsyncLocalStorage.run (node:internal/async_local_storage/async_context_frame:63:14)
    at Timeout._onTimeout (/Users/ahmedsalem/Desktop/all my projects/uneom.com/node_modules/next/dist/compiled/next-server/app-page.runtime.prod.js:12:150373)
TypeError: Cannot read properties of undefined (reading 'map')
    at f (/Users/ahmedsalem/Desktop/all my projects/uneom.com/.next/server/app/ar/locations/[city]/[industry]/page.js:1:8960)
    at eh (/Users/ahmedsalem/Desktop/all my projects/uneom.com/node_modules/next/dist/compiled/next-server/app-page.runtime.prod.js:12:134660)
    at e (/Users/ahmedsalem/Desktop/all my projects/uneom.com/node_modules/next/dist/compiled/next-server/app-page.runtime.prod.js:12:137545)
    at ek (/Users/ahmedsalem/Desktop/all my projects/uneom.com/node_modules/next/dist/compiled/next-server/app-page.runtime.prod.js:12:138019)
    at Array.toJSON (/Users/ahmedsalem/Desktop/all my projects/uneom.com/node_modules/next/dist/compiled/next-server/app-page.runtime.prod.js:12:135629)
    at stringify (<anonymous>)
    at eP (/Users/ahmedsalem/Desktop/all my projects/uneom.com/node_modules/next/dist/compiled/next-server/app-page.runtime.prod.js:12:142093)
    at eE (/Users/ahmedsalem/Desktop/all my projects/uneom.com/node_modules/next/dist/compiled/next-server/app-page.runtime.prod.js:12:142572)
    at AsyncLocalStorage.run (node:internal/async_local_storage/async_context_frame:63:14)
    at Timeout._onTimeout (/Users/ahmedsalem/Desktop/all my projects/uneom.com/node_modules/next/dist/compiled/next-server/app-page.runtime.prod.js:12:150373) {
  digest: '3731830276'
}
TypeError: Cannot read properties of undefined (reading 'map')
    at f (/Users/ahmedsalem/Desktop/all my projects/uneom.com/.next/server/app/ar/locations/[city]/[industry]/page.js:1:8960)
    at eh (/Users/ahmedsalem/Desktop/all my projects/uneom.com/node_modules/next/dist/compiled/next-server/app-page.runtime.prod.js:12:134660)
    at e (/Users/ahmedsalem/Desktop/all my projects/uneom.com/node_modules/next/dist/compiled/next-server/app-page.runtime.prod.js:12:137545)
    at ek (/Users/ahmedsalem/Desktop/all my projects/uneom.com/node_modules/next/dist/compiled/next-server/app-page.runtime.prod.js:12:138019)
    at Array.toJSON (/Users/ahmedsalem/Desktop/all my projects/uneom.com/node_modules/next/dist/compiled/next-server/app-page.runtime.prod.js:12:135629)
    at stringify (<anonymous>)
    at eP (/Users/ahmedsalem/Desktop/all my projects/uneom.com/node_modules/next/dist/compiled/next-server/app-page.runtime.prod.js:12:142093)
    at eE (/Users/ahmedsalem/Desktop/all my projects/uneom.com/node_modules/next/dist/compiled/next-server/app-page.runtime.prod.js:12:142572)
    at Timeout._onTimeout (/Users/ahmedsalem/Desktop/all my projects/uneom.com/node_modules/next/dist/compiled/next-server/app-page.runtime.prod.js:12:135349)
    at listOnTimeout (node:internal/timers:605:17) {
  digest: '2101114011'
}

Error occurred prerendering page "/ar/locations/khobar/security". Read more: https://nextjs.org/docs/messages/prerender-error

TypeError: Cannot read properties of undefined (reading 'map')
    at f (/Users/ahmedsalem/Desktop/all my projects/uneom.com/.next/server/app/ar/locations/[city]/[industry]/page.js:1:8960)
    at eh (/Users/ahmedsalem/Desktop/all my projects/uneom.com/node_modules/next/dist/compiled/next-server/app-page.runtime.prod.js:12:134660)
    at e (/Users/ahmedsalem/Desktop/all my projects/uneom.com/node_modules/next/dist/compiled/next-server/app-page.runtime.prod.js:12:137545)
    at ek (/Users/ahmedsalem/Desktop/all my projects/uneom.com/node_modules/next/dist/compiled/next-server/app-page.runtime.prod.js:12:138019)
    at Array.toJSON (/Users/ahmedsalem/Desktop/all my projects/uneom.com/node_modules/next/dist/compiled/next-server/app-page.runtime.prod.js:12:135629)
    at stringify (<anonymous>)
    at eP (/Users/ahmedsalem/Desktop/all my projects/uneom.com/node_modules/next/dist/compiled/next-server/app-page.runtime.prod.js:12:142093)
    at eE (/Users/ahmedsalem/Desktop/all my projects/uneom.com/node_modules/next/dist/compiled/next-server/app-page.runtime.prod.js:12:142572)
    at AsyncLocalStorage.run (node:internal/async_local_storage/async_context_frame:63:14)
    at Timeout._onTimeout (/Users/ahmedsalem/Desktop/all my projects/uneom.com/node_modules/next/dist/compiled/next-server/app-page.runtime.prod.js:12:150373)
TypeError: Cannot read properties of undefined (reading 'map')
    at f (/Users/ahmedsalem/Desktop/all my projects/uneom.com/.next/server/app/ar/locations/[city]/[industry]/page.js:1:8960)
    at eh (/Users/ahmedsalem/Desktop/all my projects/uneom.com/node_modules/next/dist/compiled/next-server/app-page.runtime.prod.js:12:134660)
    at e (/Users/ahmedsalem/Desktop/all my projects/uneom.com/node_modules/next/dist/compiled/next-server/app-page.runtime.prod.js:12:137545)
    at ek (/Users/ahmedsalem/Desktop/all my projects/uneom.com/node_modules/next/dist/compiled/next-server/app-page.runtime.prod.js:12:138019)
    at Array.toJSON (/Users/ahmedsalem/Desktop/all my projects/uneom.com/node_modules/next/dist/compiled/next-server/app-page.runtime.prod.js:12:135629)
    at stringify (<anonymous>)
    at eP (/Users/ahmedsalem/Desktop/all my projects/uneom.com/node_modules/next/dist/compiled/next-server/app-page.runtime.prod.js:12:142093)
    at eE (/Users/ahmedsalem/Desktop/all my projects/uneom.com/node_modules/next/dist/compiled/next-server/app-page.runtime.prod.js:12:142572)
    at AsyncLocalStorage.run (node:internal/async_local_storage/async_context_frame:63:14)
    at Timeout._onTimeout (/Users/ahmedsalem/Desktop/all my projects/uneom.com/node_modules/next/dist/compiled/next-server/app-page.runtime.prod.js:12:150373) {
  digest: '3731830276'
}
TypeError: Cannot read properties of undefined (reading 'map')
    at f (/Users/ahmedsalem/Desktop/all my projects/uneom.com/.next/server/app/ar/locations/[city]/[industry]/page.js:1:8960)
    at eh (/Users/ahmedsalem/Desktop/all my projects/uneom.com/node_modules/next/dist/compiled/next-server/app-page.runtime.prod.js:12:134660)
    at e (/Users/ahmedsalem/Desktop/all my projects/uneom.com/node_modules/next/dist/compiled/next-server/app-page.runtime.prod.js:12:137545)
    at ek (/Users/ahmedsalem/Desktop/all my projects/uneom.com/node_modules/next/dist/compiled/next-server/app-page.runtime.prod.js:12:138019)
    at Array.toJSON (/Users/ahmedsalem/Desktop/all my projects/uneom.com/node_modules/next/dist/compiled/next-server/app-page.runtime.prod.js:12:135629)
    at stringify (<anonymous>)
    at eP (/Users/ahmedsalem/Desktop/all my projects/uneom.com/node_modules/next/dist/compiled/next-server/app-page.runtime.prod.js:12:142093)
    at eE (/Users/ahmedsalem/Desktop/all my projects/uneom.com/node_modules/next/dist/compiled/next-server/app-page.runtime.prod.js:12:142572)
    at Timeout._onTimeout (/Users/ahmedsalem/Desktop/all my projects/uneom.com/node_modules/next/dist/compiled/next-server/app-page.runtime.prod.js:12:135349)
    at listOnTimeout (node:internal/timers:605:17) {
  digest: '2101114011'
}

Error occurred prerendering page "/ar/locations/khobar/education". Read more: https://nextjs.org/docs/messages/prerender-error

TypeError: Cannot read properties of undefined (reading 'map')
    at f (/Users/ahmedsalem/Desktop/all my projects/uneom.com/.next/server/app/ar/locations/[city]/[industry]/page.js:1:8960)
    at eh (/Users/ahmedsalem/Desktop/all my projects/uneom.com/node_modules/next/dist/compiled/next-server/app-page.runtime.prod.js:12:134660)
    at e (/Users/ahmedsalem/Desktop/all my projects/uneom.com/node_modules/next/dist/compiled/next-server/app-page.runtime.prod.js:12:137545)
    at ek (/Users/ahmedsalem/Desktop/all my projects/uneom.com/node_modules/next/dist/compiled/next-server/app-page.runtime.prod.js:12:138019)
    at Array.toJSON (/Users/ahmedsalem/Desktop/all my projects/uneom.com/node_modules/next/dist/compiled/next-server/app-page.runtime.prod.js:12:135629)
    at stringify (<anonymous>)
    at eP (/Users/ahmedsalem/Desktop/all my projects/uneom.com/node_modules/next/dist/compiled/next-server/app-page.runtime.prod.js:12:142093)
    at eE (/Users/ahmedsalem/Desktop/all my projects/uneom.com/node_modules/next/dist/compiled/next-server/app-page.runtime.prod.js:12:142572)
    at AsyncLocalStorage.run (node:internal/async_local_storage/async_context_frame:63:14)
    at Timeout._onTimeout (/Users/ahmedsalem/Desktop/all my projects/uneom.com/node_modules/next/dist/compiled/next-server/app-page.runtime.prod.js:12:150373)

Error occurred prerendering page "/ar/locations/khobar/hospitality". Read more: https://nextjs.org/docs/messages/prerender-error

TypeError: Cannot read properties of undefined (reading 'map')
    at f (/Users/ahmedsalem/Desktop/all my projects/uneom.com/.next/server/app/ar/locations/[city]/[industry]/page.js:1:8960)
    at eh (/Users/ahmedsalem/Desktop/all my projects/uneom.com/node_modules/next/dist/compiled/next-server/app-page.runtime.prod.js:12:134660)
    at e (/Users/ahmedsalem/Desktop/all my projects/uneom.com/node_modules/next/dist/compiled/next-server/app-page.runtime.prod.js:12:137545)
    at ek (/Users/ahmedsalem/Desktop/all my projects/uneom.com/node_modules/next/dist/compiled/next-server/app-page.runtime.prod.js:12:138019)
    at Array.toJSON (/Users/ahmedsalem/Desktop/all my projects/uneom.com/node_modules/next/dist/compiled/next-server/app-page.runtime.prod.js:12:135629)
    at stringify (<anonymous>)
    at eP (/Users/ahmedsalem/Desktop/all my projects/uneom.com/node_modules/next/dist/compiled/next-server/app-page.runtime.prod.js:12:142093)
    at eE (/Users/ahmedsalem/Desktop/all my projects/uneom.com/node_modules/next/dist/compiled/next-server/app-page.runtime.prod.js:12:142572)
    at AsyncLocalStorage.run (node:internal/async_local_storage/async_context_frame:63:14)
    at Timeout._onTimeout (/Users/ahmedsalem/Desktop/all my projects/uneom.com/node_modules/next/dist/compiled/next-server/app-page.runtime.prod.js:12:150373)

Error occurred prerendering page "/ar/locations/khobar/corporate". Read more: https://nextjs.org/docs/messages/prerender-error

TypeError: Cannot read properties of undefined (reading 'map')
    at f (/Users/ahmedsalem/Desktop/all my projects/uneom.com/.next/server/app/ar/locations/[city]/[industry]/page.js:1:8960)
    at eh (/Users/ahmedsalem/Desktop/all my projects/uneom.com/node_modules/next/dist/compiled/next-server/app-page.runtime.prod.js:12:134660)
    at e (/Users/ahmedsalem/Desktop/all my projects/uneom.com/node_modules/next/dist/compiled/next-server/app-page.runtime.prod.js:12:137545)
    at ek (/Users/ahmedsalem/Desktop/all my projects/uneom.com/node_modules/next/dist/compiled/next-server/app-page.runtime.prod.js:12:138019)
    at Array.toJSON (/Users/ahmedsalem/Desktop/all my projects/uneom.com/node_modules/next/dist/compiled/next-server/app-page.runtime.prod.js:12:135629)
    at stringify (<anonymous>)
    at eP (/Users/ahmedsalem/Desktop/all my projects/uneom.com/node_modules/next/dist/compiled/next-server/app-page.runtime.prod.js:12:142093)
    at eE (/Users/ahmedsalem/Desktop/all my projects/uneom.com/node_modules/next/dist/compiled/next-server/app-page.runtime.prod.js:12:142572)
    at AsyncLocalStorage.run (node:internal/async_local_storage/async_context_frame:63:14)
    at Timeout._onTimeout (/Users/ahmedsalem/Desktop/all my projects/uneom.com/node_modules/next/dist/compiled/next-server/app-page.runtime.prod.js:12:150373)

Error occurred prerendering page "/ar/locations/khobar/aviation". Read more: https://nextjs.org/docs/messages/prerender-error

TypeError: Cannot read properties of undefined (reading 'map')
    at f (/Users/ahmedsalem/Desktop/all my projects/uneom.com/.next/server/app/ar/locations/[city]/[industry]/page.js:1:8960)
    at eh (/Users/ahmedsalem/Desktop/all my projects/uneom.com/node_modules/next/dist/compiled/next-server/app-page.runtime.prod.js:12:134660)
    at e (/Users/ahmedsalem/Desktop/all my projects/uneom.com/node_modules/next/dist/compiled/next-server/app-page.runtime.prod.js:12:137545)
    at ek (/Users/ahmedsalem/Desktop/all my projects/uneom.com/node_modules/next/dist/compiled/next-server/app-page.runtime.prod.js:12:138019)
    at Array.toJSON (/Users/ahmedsalem/Desktop/all my projects/uneom.com/node_modules/next/dist/compiled/next-server/app-page.runtime.prod.js:12:135629)
    at stringify (<anonymous>)
    at eP (/Users/ahmedsalem/Desktop/all my projects/uneom.com/node_modules/next/dist/compiled/next-server/app-page.runtime.prod.js:12:142093)
    at eE (/Users/ahmedsalem/Desktop/all my projects/uneom.com/node_modules/next/dist/compiled/next-server/app-page.runtime.prod.js:12:142572)
    at AsyncLocalStorage.run (node:internal/async_local_storage/async_context_frame:63:14)
    at Timeout._onTimeout (/Users/ahmedsalem/Desktop/all my projects/uneom.com/node_modules/next/dist/compiled/next-server/app-page.runtime.prod.js:12:150373)
TypeError: Cannot read properties of undefined (reading 'map')
    at f (/Users/ahmedsalem/Desktop/all my projects/uneom.com/.next/server/app/ar/locations/[city]/[industry]/page.js:1:8960)
    at eh (/Users/ahmedsalem/Desktop/all my projects/uneom.com/node_modules/next/dist/compiled/next-server/app-page.runtime.prod.js:12:134660)
    at e (/Users/ahmedsalem/Desktop/all my projects/uneom.com/node_modules/next/dist/compiled/next-server/app-page.runtime.prod.js:12:137545)
    at ek (/Users/ahmedsalem/Desktop/all my projects/uneom.com/node_modules/next/dist/compiled/next-server/app-page.runtime.prod.js:12:138019)
    at Array.toJSON (/Users/ahmedsalem/Desktop/all my projects/uneom.com/node_modules/next/dist/compiled/next-server/app-page.runtime.prod.js:12:135629)
    at stringify (<anonymous>)
    at eP (/Users/ahmedsalem/Desktop/all my projects/uneom.com/node_modules/next/dist/compiled/next-server/app-page.runtime.prod.js:12:142093)
    at eE (/Users/ahmedsalem/Desktop/all my projects/uneom.com/node_modules/next/dist/compiled/next-server/app-page.runtime.prod.js:12:142572)
    at AsyncLocalStorage.run (node:internal/async_local_storage/async_context_frame:63:14)
    at Timeout._onTimeout (/Users/ahmedsalem/Desktop/all my projects/uneom.com/node_modules/next/dist/compiled/next-server/app-page.runtime.prod.js:12:150373) {
  digest: '3731830276'
}
TypeError: Cannot read properties of undefined (reading 'map')
    at f (/Users/ahmedsalem/Desktop/all my projects/uneom.com/.next/server/app/ar/locations/[city]/[industry]/page.js:1:8960)
    at eh (/Users/ahmedsalem/Desktop/all my projects/uneom.com/node_modules/next/dist/compiled/next-server/app-page.runtime.prod.js:12:134660)
    at e (/Users/ahmedsalem/Desktop/all my projects/uneom.com/node_modules/next/dist/compiled/next-server/app-page.runtime.prod.js:12:137545)
    at ek (/Users/ahmedsalem/Desktop/all my projects/uneom.com/node_modules/next/dist/compiled/next-server/app-page.runtime.prod.js:12:138019)
    at Array.toJSON (/Users/ahmedsalem/Desktop/all my projects/uneom.com/node_modules/next/dist/compiled/next-server/app-page.runtime.prod.js:12:135629)
    at stringify (<anonymous>)
    at eP (/Users/ahmedsalem/Desktop/all my projects/uneom.com/node_modules/next/dist/compiled/next-server/app-page.runtime.prod.js:12:142093)
    at eE (/Users/ahmedsalem/Desktop/all my projects/uneom.com/node_modules/next/dist/compiled/next-server/app-page.runtime.prod.js:12:142572)
    at Timeout._onTimeout (/Users/ahmedsalem/Desktop/all my projects/uneom.com/node_modules/next/dist/compiled/next-server/app-page.runtime.prod.js:12:135349)
    at listOnTimeout (node:internal/timers:605:17) {
  digest: '2101114011'
}
TypeError: Cannot read properties of undefined (reading 'map')
    at f (/Users/ahmedsalem/Desktop/all my projects/uneom.com/.next/server/app/ar/locations/[city]/[industry]/page.js:1:8960)
    at eh (/Users/ahmedsalem/Desktop/all my projects/uneom.com/node_modules/next/dist/compiled/next-server/app-page.runtime.prod.js:12:134660)
    at e (/Users/ahmedsalem/Desktop/all my projects/uneom.com/node_modules/next/dist/compiled/next-server/app-page.runtime.prod.js:12:137545)
    at ek (/Users/ahmedsalem/Desktop/all my projects/uneom.com/node_modules/next/dist/compiled/next-server/app-page.runtime.prod.js:12:138019)
    at Array.toJSON (/Users/ahmedsalem/Desktop/all my projects/uneom.com/node_modules/next/dist/compiled/next-server/app-page.runtime.prod.js:12:135629)
    at stringify (<anonymous>)
    at eP (/Users/ahmedsalem/Desktop/all my projects/uneom.com/node_modules/next/dist/compiled/next-server/app-page.runtime.prod.js:12:142093)
    at eE (/Users/ahmedsalem/Desktop/all my projects/uneom.com/node_modules/next/dist/compiled/next-server/app-page.runtime.prod.js:12:142572)
    at AsyncLocalStorage.run (node:internal/async_local_storage/async_context_frame:63:14)
    at Timeout._onTimeout (/Users/ahmedsalem/Desktop/all my projects/uneom.com/node_modules/next/dist/compiled/next-server/app-page.runtime.prod.js:12:150373) {
  digest: '3731830276'
}
TypeError: Cannot read properties of undefined (reading 'map')
    at f (/Users/ahmedsalem/Desktop/all my projects/uneom.com/.next/server/app/ar/locations/[city]/[industry]/page.js:1:8960)
    at eh (/Users/ahmedsalem/Desktop/all my projects/uneom.com/node_modules/next/dist/compiled/next-server/app-page.runtime.prod.js:12:134660)
    at e (/Users/ahmedsalem/Desktop/all my projects/uneom.com/node_modules/next/dist/compiled/next-server/app-page.runtime.prod.js:12:137545)
    at ek (/Users/ahmedsalem/Desktop/all my projects/uneom.com/node_modules/next/dist/compiled/next-server/app-page.runtime.prod.js:12:138019)
    at Array.toJSON (/Users/ahmedsalem/Desktop/all my projects/uneom.com/node_modules/next/dist/compiled/next-server/app-page.runtime.prod.js:12:135629)
    at stringify (<anonymous>)
    at eP (/Users/ahmedsalem/Desktop/all my projects/uneom.com/node_modules/next/dist/compiled/next-server/app-page.runtime.prod.js:12:142093)
    at eE (/Users/ahmedsalem/Desktop/all my projects/uneom.com/node_modules/next/dist/compiled/next-server/app-page.runtime.prod.js:12:142572)
    at Timeout._onTimeout (/Users/ahmedsalem/Desktop/all my projects/uneom.com/node_modules/next/dist/compiled/next-server/app-page.runtime.prod.js:12:135349)
    at listOnTimeout (node:internal/timers:605:17) {
  digest: '2101114011'
}
TypeError: Cannot read properties of undefined (reading 'map')
    at f (/Users/ahmedsalem/Desktop/all my projects/uneom.com/.next/server/app/ar/locations/[city]/[industry]/page.js:1:8960)
    at eh (/Users/ahmedsalem/Desktop/all my projects/uneom.com/node_modules/next/dist/compiled/next-server/app-page.runtime.prod.js:12:134660)
    at e (/Users/ahmedsalem/Desktop/all my projects/uneom.com/node_modules/next/dist/compiled/next-server/app-page.runtime.prod.js:12:137545)
    at ek (/Users/ahmedsalem/Desktop/all my projects/uneom.com/node_modules/next/dist/compiled/next-server/app-page.runtime.prod.js:12:138019)
    at Array.toJSON (/Users/ahmedsalem/Desktop/all my projects/uneom.com/node_modules/next/dist/compiled/next-server/app-page.runtime.prod.js:12:135629)
    at stringify (<anonymous>)
    at eP (/Users/ahmedsalem/Desktop/all my projects/uneom.com/node_modules/next/dist/compiled/next-server/app-page.runtime.prod.js:12:142093)
    at eE (/Users/ahmedsalem/Desktop/all my projects/uneom.com/node_modules/next/dist/compiled/next-server/app-page.runtime.prod.js:12:142572)
    at AsyncLocalStorage.run (node:internal/async_local_storage/async_context_frame:63:14)
    at Timeout._onTimeout (/Users/ahmedsalem/Desktop/all my projects/uneom.com/node_modules/next/dist/compiled/next-server/app-page.runtime.prod.js:12:150373) {
  digest: '3731830276'
}
TypeError: Cannot read properties of undefined (reading 'map')
    at f (/Users/ahmedsalem/Desktop/all my projects/uneom.com/.next/server/app/ar/locations/[city]/[industry]/page.js:1:8960)
    at eh (/Users/ahmedsalem/Desktop/all my projects/uneom.com/node_modules/next/dist/compiled/next-server/app-page.runtime.prod.js:12:134660)
    at e (/Users/ahmedsalem/Desktop/all my projects/uneom.com/node_modules/next/dist/compiled/next-server/app-page.runtime.prod.js:12:137545)
    at ek (/Users/ahmedsalem/Desktop/all my projects/uneom.com/node_modules/next/dist/compiled/next-server/app-page.runtime.prod.js:12:138019)
    at Array.toJSON (/Users/ahmedsalem/Desktop/all my projects/uneom.com/node_modules/next/dist/compiled/next-server/app-page.runtime.prod.js:12:135629)
    at stringify (<anonymous>)
    at eP (/Users/ahmedsalem/Desktop/all my projects/uneom.com/node_modules/next/dist/compiled/next-server/app-page.runtime.prod.js:12:142093)
    at eE (/Users/ahmedsalem/Desktop/all my projects/uneom.com/node_modules/next/dist/compiled/next-server/app-page.runtime.prod.js:12:142572)
    at Timeout._onTimeout (/Users/ahmedsalem/Desktop/all my projects/uneom.com/node_modules/next/dist/compiled/next-server/app-page.runtime.prod.js:12:135349)
    at listOnTimeout (node:internal/timers:605:17) {
  digest: '2101114011'
}
TypeError: Cannot read properties of undefined (reading 'map')
    at f (/Users/ahmedsalem/Desktop/all my projects/uneom.com/.next/server/app/ar/locations/[city]/[industry]/page.js:1:8960)
    at eh (/Users/ahmedsalem/Desktop/all my projects/uneom.com/node_modules/next/dist/compiled/next-server/app-page.runtime.prod.js:12:134660)
    at e (/Users/ahmedsalem/Desktop/all my projects/uneom.com/node_modules/next/dist/compiled/next-server/app-page.runtime.prod.js:12:137545)
    at ek (/Users/ahmedsalem/Desktop/all my projects/uneom.com/node_modules/next/dist/compiled/next-server/app-page.runtime.prod.js:12:138019)
    at Array.toJSON (/Users/ahmedsalem/Desktop/all my projects/uneom.com/node_modules/next/dist/compiled/next-server/app-page.runtime.prod.js:12:135629)
    at stringify (<anonymous>)
    at eP (/Users/ahmedsalem/Desktop/all my projects/uneom.com/node_modules/next/dist/compiled/next-server/app-page.runtime.prod.js:12:142093)
    at eE (/Users/ahmedsalem/Desktop/all my projects/uneom.com/node_modules/next/dist/compiled/next-server/app-page.runtime.prod.js:12:142572)
    at AsyncLocalStorage.run (node:internal/async_local_storage/async_context_frame:63:14)
    at Timeout._onTimeout (/Users/ahmedsalem/Desktop/all my projects/uneom.com/node_modules/next/dist/compiled/next-server/app-page.runtime.prod.js:12:150373) {
  digest: '3731830276'
}
TypeError: Cannot read properties of undefined (reading 'map')
    at f (/Users/ahmedsalem/Desktop/all my projects/uneom.com/.next/server/app/ar/locations/[city]/[industry]/page.js:1:8960)
    at eh (/Users/ahmedsalem/Desktop/all my projects/uneom.com/node_modules/next/dist/compiled/next-server/app-page.runtime.prod.js:12:134660)
    at e (/Users/ahmedsalem/Desktop/all my projects/uneom.com/node_modules/next/dist/compiled/next-server/app-page.runtime.prod.js:12:137545)
    at ek (/Users/ahmedsalem/Desktop/all my projects/uneom.com/node_modules/next/dist/compiled/next-server/app-page.runtime.prod.js:12:138019)
    at Array.toJSON (/Users/ahmedsalem/Desktop/all my projects/uneom.com/node_modules/next/dist/compiled/next-server/app-page.runtime.prod.js:12:135629)
    at stringify (<anonymous>)
    at eP (/Users/ahmedsalem/Desktop/all my projects/uneom.com/node_modules/next/dist/compiled/next-server/app-page.runtime.prod.js:12:142093)
    at eE (/Users/ahmedsalem/Desktop/all my projects/uneom.com/node_modules/next/dist/compiled/next-server/app-page.runtime.prod.js:12:142572)
    at Timeout._onTimeout (/Users/ahmedsalem/Desktop/all my projects/uneom.com/node_modules/next/dist/compiled/next-server/app-page.runtime.prod.js:12:135349)
    at listOnTimeout (node:internal/timers:605:17) {
  digest: '2101114011'
}
TypeError: Cannot read properties of undefined (reading 'map')
    at f (/Users/ahmedsalem/Desktop/all my projects/uneom.com/.next/server/app/ar/locations/[city]/[industry]/page.js:1:8960)
    at eh (/Users/ahmedsalem/Desktop/all my projects/uneom.com/node_modules/next/dist/compiled/next-server/app-page.runtime.prod.js:12:134660)
    at e (/Users/ahmedsalem/Desktop/all my projects/uneom.com/node_modules/next/dist/compiled/next-server/app-page.runtime.prod.js:12:137545)
    at ek (/Users/ahmedsalem/Desktop/all my projects/uneom.com/node_modules/next/dist/compiled/next-server/app-page.runtime.prod.js:12:138019)
    at Array.toJSON (/Users/ahmedsalem/Desktop/all my projects/uneom.com/node_modules/next/dist/compiled/next-server/app-page.runtime.prod.js:12:135629)
    at stringify (<anonymous>)
    at eP (/Users/ahmedsalem/Desktop/all my projects/uneom.com/node_modules/next/dist/compiled/next-server/app-page.runtime.prod.js:12:142093)
    at eE (/Users/ahmedsalem/Desktop/all my projects/uneom.com/node_modules/next/dist/compiled/next-server/app-page.runtime.prod.js:12:142572)
    at AsyncLocalStorage.run (node:internal/async_local_storage/async_context_frame:63:14)
    at Timeout._onTimeout (/Users/ahmedsalem/Desktop/all my projects/uneom.com/node_modules/next/dist/compiled/next-server/app-page.runtime.prod.js:12:150373) {
  digest: '3731830276'
}
TypeError: Cannot read properties of undefined (reading 'map')
    at f (/Users/ahmedsalem/Desktop/all my projects/uneom.com/.next/server/app/ar/locations/[city]/[industry]/page.js:1:8960)
    at eh (/Users/ahmedsalem/Desktop/all my projects/uneom.com/node_modules/next/dist/compiled/next-server/app-page.runtime.prod.js:12:134660)
    at e (/Users/ahmedsalem/Desktop/all my projects/uneom.com/node_modules/next/dist/compiled/next-server/app-page.runtime.prod.js:12:137545)
    at ek (/Users/ahmedsalem/Desktop/all my projects/uneom.com/node_modules/next/dist/compiled/next-server/app-page.runtime.prod.js:12:138019)
    at Array.toJSON (/Users/ahmedsalem/Desktop/all my projects/uneom.com/node_modules/next/dist/compiled/next-server/app-page.runtime.prod.js:12:135629)
    at stringify (<anonymous>)
    at eP (/Users/ahmedsalem/Desktop/all my projects/uneom.com/node_modules/next/dist/compiled/next-server/app-page.runtime.prod.js:12:142093)
    at eE (/Users/ahmedsalem/Desktop/all my projects/uneom.com/node_modules/next/dist/compiled/next-server/app-page.runtime.prod.js:12:142572)
    at Timeout._onTimeout (/Users/ahmedsalem/Desktop/all my projects/uneom.com/node_modules/next/dist/compiled/next-server/app-page.runtime.prod.js:12:135349)
    at listOnTimeout (node:internal/timers:605:17) {
  digest: '2101114011'
}
TypeError: Cannot read properties of undefined (reading 'map')
    at f (/Users/ahmedsalem/Desktop/all my projects/uneom.com/.next/server/app/ar/locations/[city]/[industry]/page.js:1:8960)
    at eh (/Users/ahmedsalem/Desktop/all my projects/uneom.com/node_modules/next/dist/compiled/next-server/app-page.runtime.prod.js:12:134660)
    at e (/Users/ahmedsalem/Desktop/all my projects/uneom.com/node_modules/next/dist/compiled/next-server/app-page.runtime.prod.js:12:137545)
    at ek (/Users/ahmedsalem/Desktop/all my projects/uneom.com/node_modules/next/dist/compiled/next-server/app-page.runtime.prod.js:12:138019)
    at Array.toJSON (/Users/ahmedsalem/Desktop/all my projects/uneom.com/node_modules/next/dist/compiled/next-server/app-page.runtime.prod.js:12:135629)
    at stringify (<anonymous>)
    at eP (/Users/ahmedsalem/Desktop/all my projects/uneom.com/node_modules/next/dist/compiled/next-server/app-page.runtime.prod.js:12:142093)
    at eE (/Users/ahmedsalem/Desktop/all my projects/uneom.com/node_modules/next/dist/compiled/next-server/app-page.runtime.prod.js:12:142572)
    at AsyncLocalStorage.run (node:internal/async_local_storage/async_context_frame:63:14)
    at Timeout._onTimeout (/Users/ahmedsalem/Desktop/all my projects/uneom.com/node_modules/next/dist/compiled/next-server/app-page.runtime.prod.js:12:150373) {
  digest: '3731830276'
}
TypeError: Cannot read properties of undefined (reading 'map')
    at f (/Users/ahmedsalem/Desktop/all my projects/uneom.com/.next/server/app/ar/locations/[city]/[industry]/page.js:1:8960)
    at eh (/Users/ahmedsalem/Desktop/all my projects/uneom.com/node_modules/next/dist/compiled/next-server/app-page.runtime.prod.js:12:134660)
    at e (/Users/ahmedsalem/Desktop/all my projects/uneom.com/node_modules/next/dist/compiled/next-server/app-page.runtime.prod.js:12:137545)
    at ek (/Users/ahmedsalem/Desktop/all my projects/uneom.com/node_modules/next/dist/compiled/next-server/app-page.runtime.prod.js:12:138019)
    at Array.toJSON (/Users/ahmedsalem/Desktop/all my projects/uneom.com/node_modules/next/dist/compiled/next-server/app-page.runtime.prod.js:12:135629)
    at stringify (<anonymous>)
    at eP (/Users/ahmedsalem/Desktop/all my projects/uneom.com/node_modules/next/dist/compiled/next-server/app-page.runtime.prod.js:12:142093)
    at eE (/Users/ahmedsalem/Desktop/all my projects/uneom.com/node_modules/next/dist/compiled/next-server/app-page.runtime.prod.js:12:142572)
    at Timeout._onTimeout (/Users/ahmedsalem/Desktop/all my projects/uneom.com/node_modules/next/dist/compiled/next-server/app-page.runtime.prod.js:12:135349)
    at listOnTimeout (node:internal/timers:605:17) {
  digest: '2101114011'
}
TypeError: Cannot read properties of undefined (reading 'map')
    at f (/Users/ahmedsalem/Desktop/all my projects/uneom.com/.next/server/app/ar/locations/[city]/[industry]/page.js:1:8960)
    at eh (/Users/ahmedsalem/Desktop/all my projects/uneom.com/node_modules/next/dist/compiled/next-server/app-page.runtime.prod.js:12:134660)
    at e (/Users/ahmedsalem/Desktop/all my projects/uneom.com/node_modules/next/dist/compiled/next-server/app-page.runtime.prod.js:12:137545)
    at ek (/Users/ahmedsalem/Desktop/all my projects/uneom.com/node_modules/next/dist/compiled/next-server/app-page.runtime.prod.js:12:138019)
    at Array.toJSON (/Users/ahmedsalem/Desktop/all my projects/uneom.com/node_modules/next/dist/compiled/next-server/app-page.runtime.prod.js:12:135629)
    at stringify (<anonymous>)
    at eP (/Users/ahmedsalem/Desktop/all my projects/uneom.com/node_modules/next/dist/compiled/next-server/app-page.runtime.prod.js:12:142093)
    at eE (/Users/ahmedsalem/Desktop/all my projects/uneom.com/node_modules/next/dist/compiled/next-server/app-page.runtime.prod.js:12:142572)
    at AsyncLocalStorage.run (node:internal/async_local_storage/async_context_frame:63:14)
    at Timeout._onTimeout (/Users/ahmedsalem/Desktop/all my projects/uneom.com/node_modules/next/dist/compiled/next-server/app-page.runtime.prod.js:12:150373) {
  digest: '3731830276'
}
TypeError: Cannot read properties of undefined (reading 'map')
    at f (/Users/ahmedsalem/Desktop/all my projects/uneom.com/.next/server/app/ar/locations/[city]/[industry]/page.js:1:8960)
    at eh (/Users/ahmedsalem/Desktop/all my projects/uneom.com/node_modules/next/dist/compiled/next-server/app-page.runtime.prod.js:12:134660)
    at e (/Users/ahmedsalem/Desktop/all my projects/uneom.com/node_modules/next/dist/compiled/next-server/app-page.runtime.prod.js:12:137545)
    at ek (/Users/ahmedsalem/Desktop/all my projects/uneom.com/node_modules/next/dist/compiled/next-server/app-page.runtime.prod.js:12:138019)
    at Array.toJSON (/Users/ahmedsalem/Desktop/all my projects/uneom.com/node_modules/next/dist/compiled/next-server/app-page.runtime.prod.js:12:135629)
    at stringify (<anonymous>)
    at eP (/Users/ahmedsalem/Desktop/all my projects/uneom.com/node_modules/next/dist/compiled/next-server/app-page.runtime.prod.js:12:142093)
    at eE (/Users/ahmedsalem/Desktop/all my projects/uneom.com/node_modules/next/dist/compiled/next-server/app-page.runtime.prod.js:12:142572)
    at Timeout._onTimeout (/Users/ahmedsalem/Desktop/all my projects/uneom.com/node_modules/next/dist/compiled/next-server/app-page.runtime.prod.js:12:135349)
    at listOnTimeout (node:internal/timers:605:17) {
  digest: '2101114011'
}

Error occurred prerendering page "/ar/locations/khobar/supply-manufacturing". Read more: https://nextjs.org/docs/messages/prerender-error

TypeError: Cannot read properties of undefined (reading 'map')
    at f (/Users/ahmedsalem/Desktop/all my projects/uneom.com/.next/server/app/ar/locations/[city]/[industry]/page.js:1:8960)
    at eh (/Users/ahmedsalem/Desktop/all my projects/uneom.com/node_modules/next/dist/compiled/next-server/app-page.runtime.prod.js:12:134660)
    at e (/Users/ahmedsalem/Desktop/all my projects/uneom.com/node_modules/next/dist/compiled/next-server/app-page.runtime.prod.js:12:137545)
    at ek (/Users/ahmedsalem/Desktop/all my projects/uneom.com/node_modules/next/dist/compiled/next-server/app-page.runtime.prod.js:12:138019)
    at Array.toJSON (/Users/ahmedsalem/Desktop/all my projects/uneom.com/node_modules/next/dist/compiled/next-server/app-page.runtime.prod.js:12:135629)
    at stringify (<anonymous>)
    at eP (/Users/ahmedsalem/Desktop/all my projects/uneom.com/node_modules/next/dist/compiled/next-server/app-page.runtime.prod.js:12:142093)
    at eE (/Users/ahmedsalem/Desktop/all my projects/uneom.com/node_modules/next/dist/compiled/next-server/app-page.runtime.prod.js:12:142572)
    at AsyncLocalStorage.run (node:internal/async_local_storage/async_context_frame:63:14)
    at Timeout._onTimeout (/Users/ahmedsalem/Desktop/all my projects/uneom.com/node_modules/next/dist/compiled/next-server/app-page.runtime.prod.js:12:150373)

Error occurred prerendering page "/ar/locations/khobar/factory-industry". Read more: https://nextjs.org/docs/messages/prerender-error

TypeError: Cannot read properties of undefined (reading 'map')
    at f (/Users/ahmedsalem/Desktop/all my projects/uneom.com/.next/server/app/ar/locations/[city]/[industry]/page.js:1:8960)
    at eh (/Users/ahmedsalem/Desktop/all my projects/uneom.com/node_modules/next/dist/compiled/next-server/app-page.runtime.prod.js:12:134660)
    at e (/Users/ahmedsalem/Desktop/all my projects/uneom.com/node_modules/next/dist/compiled/next-server/app-page.runtime.prod.js:12:137545)
    at ek (/Users/ahmedsalem/Desktop/all my projects/uneom.com/node_modules/next/dist/compiled/next-server/app-page.runtime.prod.js:12:138019)
    at Array.toJSON (/Users/ahmedsalem/Desktop/all my projects/uneom.com/node_modules/next/dist/compiled/next-server/app-page.runtime.prod.js:12:135629)
    at stringify (<anonymous>)
    at eP (/Users/ahmedsalem/Desktop/all my projects/uneom.com/node_modules/next/dist/compiled/next-server/app-page.runtime.prod.js:12:142093)
    at eE (/Users/ahmedsalem/Desktop/all my projects/uneom.com/node_modules/next/dist/compiled/next-server/app-page.runtime.prod.js:12:142572)
    at AsyncLocalStorage.run (node:internal/async_local_storage/async_context_frame:63:14)
    at Timeout._onTimeout (/Users/ahmedsalem/Desktop/all my projects/uneom.com/node_modules/next/dist/compiled/next-server/app-page.runtime.prod.js:12:150373)

Error occurred prerendering page "/ar/locations/khobar/retail-shops". Read more: https://nextjs.org/docs/messages/prerender-error

TypeError: Cannot read properties of undefined (reading 'map')
    at f (/Users/ahmedsalem/Desktop/all my projects/uneom.com/.next/server/app/ar/locations/[city]/[industry]/page.js:1:8960)
    at eh (/Users/ahmedsalem/Desktop/all my projects/uneom.com/node_modules/next/dist/compiled/next-server/app-page.runtime.prod.js:12:134660)
    at e (/Users/ahmedsalem/Desktop/all my projects/uneom.com/node_modules/next/dist/compiled/next-server/app-page.runtime.prod.js:12:137545)
    at ek (/Users/ahmedsalem/Desktop/all my projects/uneom.com/node_modules/next/dist/compiled/next-server/app-page.runtime.prod.js:12:138019)
    at Array.toJSON (/Users/ahmedsalem/Desktop/all my projects/uneom.com/node_modules/next/dist/compiled/next-server/app-page.runtime.prod.js:12:135629)
    at stringify (<anonymous>)
    at eP (/Users/ahmedsalem/Desktop/all my projects/uneom.com/node_modules/next/dist/compiled/next-server/app-page.runtime.prod.js:12:142093)
    at eE (/Users/ahmedsalem/Desktop/all my projects/uneom.com/node_modules/next/dist/compiled/next-server/app-page.runtime.prod.js:12:142572)
    at AsyncLocalStorage.run (node:internal/async_local_storage/async_context_frame:63:14)
    at Timeout._onTimeout (/Users/ahmedsalem/Desktop/all my projects/uneom.com/node_modules/next/dist/compiled/next-server/app-page.runtime.prod.js:12:150373)

Error occurred prerendering page "/ar/locations/tabuk/healthcare". Read more: https://nextjs.org/docs/messages/prerender-error

TypeError: Cannot read properties of undefined (reading 'map')
    at f (/Users/ahmedsalem/Desktop/all my projects/uneom.com/.next/server/app/ar/locations/[city]/[industry]/page.js:1:8960)
    at eh (/Users/ahmedsalem/Desktop/all my projects/uneom.com/node_modules/next/dist/compiled/next-server/app-page.runtime.prod.js:12:134660)
    at e (/Users/ahmedsalem/Desktop/all my projects/uneom.com/node_modules/next/dist/compiled/next-server/app-page.runtime.prod.js:12:137545)
    at ek (/Users/ahmedsalem/Desktop/all my projects/uneom.com/node_modules/next/dist/compiled/next-server/app-page.runtime.prod.js:12:138019)
    at Array.toJSON (/Users/ahmedsalem/Desktop/all my projects/uneom.com/node_modules/next/dist/compiled/next-server/app-page.runtime.prod.js:12:135629)
    at stringify (<anonymous>)
    at eP (/Users/ahmedsalem/Desktop/all my projects/uneom.com/node_modules/next/dist/compiled/next-server/app-page.runtime.prod.js:12:142093)
    at eE (/Users/ahmedsalem/Desktop/all my projects/uneom.com/node_modules/next/dist/compiled/next-server/app-page.runtime.prod.js:12:142572)
    at AsyncLocalStorage.run (node:internal/async_local_storage/async_context_frame:63:14)
    at Timeout._onTimeout (/Users/ahmedsalem/Desktop/all my projects/uneom.com/node_modules/next/dist/compiled/next-server/app-page.runtime.prod.js:12:150373)

Error occurred prerendering page "/ar/locations/tabuk/aviation". Read more: https://nextjs.org/docs/messages/prerender-error

TypeError: Cannot read properties of undefined (reading 'map')
    at f (/Users/ahmedsalem/Desktop/all my projects/uneom.com/.next/server/app/ar/locations/[city]/[industry]/page.js:1:8960)
    at eh (/Users/ahmedsalem/Desktop/all my projects/uneom.com/node_modules/next/dist/compiled/next-server/app-page.runtime.prod.js:12:134660)
    at e (/Users/ahmedsalem/Desktop/all my projects/uneom.com/node_modules/next/dist/compiled/next-server/app-page.runtime.prod.js:12:137545)
    at ek (/Users/ahmedsalem/Desktop/all my projects/uneom.com/node_modules/next/dist/compiled/next-server/app-page.runtime.prod.js:12:138019)
    at Array.toJSON (/Users/ahmedsalem/Desktop/all my projects/uneom.com/node_modules/next/dist/compiled/next-server/app-page.runtime.prod.js:12:135629)
    at stringify (<anonymous>)
    at eP (/Users/ahmedsalem/Desktop/all my projects/uneom.com/node_modules/next/dist/compiled/next-server/app-page.runtime.prod.js:12:142093)
    at eE (/Users/ahmedsalem/Desktop/all my projects/uneom.com/node_modules/next/dist/compiled/next-server/app-page.runtime.prod.js:12:142572)
    at AsyncLocalStorage.run (node:internal/async_local_storage/async_context_frame:63:14)
    at Timeout._onTimeout (/Users/ahmedsalem/Desktop/all my projects/uneom.com/node_modules/next/dist/compiled/next-server/app-page.runtime.prod.js:12:150373)

Error occurred prerendering page "/ar/locations/tabuk/corporate". Read more: https://nextjs.org/docs/messages/prerender-error

TypeError: Cannot read properties of undefined (reading 'map')
    at f (/Users/ahmedsalem/Desktop/all my projects/uneom.com/.next/server/app/ar/locations/[city]/[industry]/page.js:1:8960)
    at eh (/Users/ahmedsalem/Desktop/all my projects/uneom.com/node_modules/next/dist/compiled/next-server/app-page.runtime.prod.js:12:134660)
    at e (/Users/ahmedsalem/Desktop/all my projects/uneom.com/node_modules/next/dist/compiled/next-server/app-page.runtime.prod.js:12:137545)
    at ek (/Users/ahmedsalem/Desktop/all my projects/uneom.com/node_modules/next/dist/compiled/next-server/app-page.runtime.prod.js:12:138019)
    at Array.toJSON (/Users/ahmedsalem/Desktop/all my projects/uneom.com/node_modules/next/dist/compiled/next-server/app-page.runtime.prod.js:12:135629)
    at stringify (<anonymous>)
    at eP (/Users/ahmedsalem/Desktop/all my projects/uneom.com/node_modules/next/dist/compiled/next-server/app-page.runtime.prod.js:12:142093)
    at eE (/Users/ahmedsalem/Desktop/all my projects/uneom.com/node_modules/next/dist/compiled/next-server/app-page.runtime.prod.js:12:142572)
    at AsyncLocalStorage.run (node:internal/async_local_storage/async_context_frame:63:14)
    at Timeout._onTimeout (/Users/ahmedsalem/Desktop/all my projects/uneom.com/node_modules/next/dist/compiled/next-server/app-page.runtime.prod.js:12:150373)

Error occurred prerendering page "/ar/locations/tabuk/hospitality". Read more: https://nextjs.org/docs/messages/prerender-error

TypeError: Cannot read properties of undefined (reading 'map')
    at f (/Users/ahmedsalem/Desktop/all my projects/uneom.com/.next/server/app/ar/locations/[city]/[industry]/page.js:1:8960)
    at eh (/Users/ahmedsalem/Desktop/all my projects/uneom.com/node_modules/next/dist/compiled/next-server/app-page.runtime.prod.js:12:134660)
    at e (/Users/ahmedsalem/Desktop/all my projects/uneom.com/node_modules/next/dist/compiled/next-server/app-page.runtime.prod.js:12:137545)
    at ek (/Users/ahmedsalem/Desktop/all my projects/uneom.com/node_modules/next/dist/compiled/next-server/app-page.runtime.prod.js:12:138019)
    at Array.toJSON (/Users/ahmedsalem/Desktop/all my projects/uneom.com/node_modules/next/dist/compiled/next-server/app-page.runtime.prod.js:12:135629)
    at stringify (<anonymous>)
    at eP (/Users/ahmedsalem/Desktop/all my projects/uneom.com/node_modules/next/dist/compiled/next-server/app-page.runtime.prod.js:12:142093)
    at eE (/Users/ahmedsalem/Desktop/all my projects/uneom.com/node_modules/next/dist/compiled/next-server/app-page.runtime.prod.js:12:142572)
    at AsyncLocalStorage.run (node:internal/async_local_storage/async_context_frame:63:14)
    at Timeout._onTimeout (/Users/ahmedsalem/Desktop/all my projects/uneom.com/node_modules/next/dist/compiled/next-server/app-page.runtime.prod.js:12:150373)
TypeError: Cannot read properties of undefined (reading 'map')
    at f (/Users/ahmedsalem/Desktop/all my projects/uneom.com/.next/server/app/ar/locations/[city]/[industry]/page.js:1:8960)
    at eh (/Users/ahmedsalem/Desktop/all my projects/uneom.com/node_modules/next/dist/compiled/next-server/app-page.runtime.prod.js:12:134660)
    at e (/Users/ahmedsalem/Desktop/all my projects/uneom.com/node_modules/next/dist/compiled/next-server/app-page.runtime.prod.js:12:137545)
    at ek (/Users/ahmedsalem/Desktop/all my projects/uneom.com/node_modules/next/dist/compiled/next-server/app-page.runtime.prod.js:12:138019)
    at Array.toJSON (/Users/ahmedsalem/Desktop/all my projects/uneom.com/node_modules/next/dist/compiled/next-server/app-page.runtime.prod.js:12:135629)
    at stringify (<anonymous>)
    at eP (/Users/ahmedsalem/Desktop/all my projects/uneom.com/node_modules/next/dist/compiled/next-server/app-page.runtime.prod.js:12:142093)
    at eE (/Users/ahmedsalem/Desktop/all my projects/uneom.com/node_modules/next/dist/compiled/next-server/app-page.runtime.prod.js:12:142572)
    at AsyncLocalStorage.run (node:internal/async_local_storage/async_context_frame:63:14)
    at Timeout._onTimeout (/Users/ahmedsalem/Desktop/all my projects/uneom.com/node_modules/next/dist/compiled/next-server/app-page.runtime.prod.js:12:150373) {
  digest: '3731830276'
}
TypeError: Cannot read properties of undefined (reading 'map')
    at f (/Users/ahmedsalem/Desktop/all my projects/uneom.com/.next/server/app/ar/locations/[city]/[industry]/page.js:1:8960)
    at eh (/Users/ahmedsalem/Desktop/all my projects/uneom.com/node_modules/next/dist/compiled/next-server/app-page.runtime.prod.js:12:134660)
    at e (/Users/ahmedsalem/Desktop/all my projects/uneom.com/node_modules/next/dist/compiled/next-server/app-page.runtime.prod.js:12:137545)
    at ek (/Users/ahmedsalem/Desktop/all my projects/uneom.com/node_modules/next/dist/compiled/next-server/app-page.runtime.prod.js:12:138019)
    at Array.toJSON (/Users/ahmedsalem/Desktop/all my projects/uneom.com/node_modules/next/dist/compiled/next-server/app-page.runtime.prod.js:12:135629)
    at stringify (<anonymous>)
    at eP (/Users/ahmedsalem/Desktop/all my projects/uneom.com/node_modules/next/dist/compiled/next-server/app-page.runtime.prod.js:12:142093)
    at eE (/Users/ahmedsalem/Desktop/all my projects/uneom.com/node_modules/next/dist/compiled/next-server/app-page.runtime.prod.js:12:142572)
    at Timeout._onTimeout (/Users/ahmedsalem/Desktop/all my projects/uneom.com/node_modules/next/dist/compiled/next-server/app-page.runtime.prod.js:12:135349)
    at listOnTimeout (node:internal/timers:605:17) {
  digest: '2101114011'
}
TypeError: Cannot read properties of undefined (reading 'map')
    at f (/Users/ahmedsalem/Desktop/all my projects/uneom.com/.next/server/app/ar/locations/[city]/[industry]/page.js:1:8960)
    at eh (/Users/ahmedsalem/Desktop/all my projects/uneom.com/node_modules/next/dist/compiled/next-server/app-page.runtime.prod.js:12:134660)
    at e (/Users/ahmedsalem/Desktop/all my projects/uneom.com/node_modules/next/dist/compiled/next-server/app-page.runtime.prod.js:12:137545)
    at ek (/Users/ahmedsalem/Desktop/all my projects/uneom.com/node_modules/next/dist/compiled/next-server/app-page.runtime.prod.js:12:138019)
    at Array.toJSON (/Users/ahmedsalem/Desktop/all my projects/uneom.com/node_modules/next/dist/compiled/next-server/app-page.runtime.prod.js:12:135629)
    at stringify (<anonymous>)
    at eP (/Users/ahmedsalem/Desktop/all my projects/uneom.com/node_modules/next/dist/compiled/next-server/app-page.runtime.prod.js:12:142093)
    at eE (/Users/ahmedsalem/Desktop/all my projects/uneom.com/node_modules/next/dist/compiled/next-server/app-page.runtime.prod.js:12:142572)
    at AsyncLocalStorage.run (node:internal/async_local_storage/async_context_frame:63:14)
    at Timeout._onTimeout (/Users/ahmedsalem/Desktop/all my projects/uneom.com/node_modules/next/dist/compiled/next-server/app-page.runtime.prod.js:12:150373) {
  digest: '3731830276'
}
TypeError: Cannot read properties of undefined (reading 'map')
    at f (/Users/ahmedsalem/Desktop/all my projects/uneom.com/.next/server/app/ar/locations/[city]/[industry]/page.js:1:8960)
    at eh (/Users/ahmedsalem/Desktop/all my projects/uneom.com/node_modules/next/dist/compiled/next-server/app-page.runtime.prod.js:12:134660)
    at e (/Users/ahmedsalem/Desktop/all my projects/uneom.com/node_modules/next/dist/compiled/next-server/app-page.runtime.prod.js:12:137545)
    at ek (/Users/ahmedsalem/Desktop/all my projects/uneom.com/node_modules/next/dist/compiled/next-server/app-page.runtime.prod.js:12:138019)
    at Array.toJSON (/Users/ahmedsalem/Desktop/all my projects/uneom.com/node_modules/next/dist/compiled/next-server/app-page.runtime.prod.js:12:135629)
    at stringify (<anonymous>)
    at eP (/Users/ahmedsalem/Desktop/all my projects/uneom.com/node_modules/next/dist/compiled/next-server/app-page.runtime.prod.js:12:142093)
    at eE (/Users/ahmedsalem/Desktop/all my projects/uneom.com/node_modules/next/dist/compiled/next-server/app-page.runtime.prod.js:12:142572)
    at Timeout._onTimeout (/Users/ahmedsalem/Desktop/all my projects/uneom.com/node_modules/next/dist/compiled/next-server/app-page.runtime.prod.js:12:135349)
    at listOnTimeout (node:internal/timers:605:17) {
  digest: '2101114011'
}
TypeError: Cannot read properties of undefined (reading 'map')
    at f (/Users/ahmedsalem/Desktop/all my projects/uneom.com/.next/server/app/ar/locations/[city]/[industry]/page.js:1:8960)
    at eh (/Users/ahmedsalem/Desktop/all my projects/uneom.com/node_modules/next/dist/compiled/next-server/app-page.runtime.prod.js:12:134660)
    at e (/Users/ahmedsalem/Desktop/all my projects/uneom.com/node_modules/next/dist/compiled/next-server/app-page.runtime.prod.js:12:137545)
    at ek (/Users/ahmedsalem/Desktop/all my projects/uneom.com/node_modules/next/dist/compiled/next-server/app-page.runtime.prod.js:12:138019)
    at Array.toJSON (/Users/ahmedsalem/Desktop/all my projects/uneom.com/node_modules/next/dist/compiled/next-server/app-page.runtime.prod.js:12:135629)
    at stringify (<anonymous>)
    at eP (/Users/ahmedsalem/Desktop/all my projects/uneom.com/node_modules/next/dist/compiled/next-server/app-page.runtime.prod.js:12:142093)
    at eE (/Users/ahmedsalem/Desktop/all my projects/uneom.com/node_modules/next/dist/compiled/next-server/app-page.runtime.prod.js:12:142572)
    at AsyncLocalStorage.run (node:internal/async_local_storage/async_context_frame:63:14)
    at Timeout._onTimeout (/Users/ahmedsalem/Desktop/all my projects/uneom.com/node_modules/next/dist/compiled/next-server/app-page.runtime.prod.js:12:150373) {
  digest: '3731830276'
}
TypeError: Cannot read properties of undefined (reading 'map')
    at f (/Users/ahmedsalem/Desktop/all my projects/uneom.com/.next/server/app/ar/locations/[city]/[industry]/page.js:1:8960)
    at eh (/Users/ahmedsalem/Desktop/all my projects/uneom.com/node_modules/next/dist/compiled/next-server/app-page.runtime.prod.js:12:134660)
    at e (/Users/ahmedsalem/Desktop/all my projects/uneom.com/node_modules/next/dist/compiled/next-server/app-page.runtime.prod.js:12:137545)
    at ek (/Users/ahmedsalem/Desktop/all my projects/uneom.com/node_modules/next/dist/compiled/next-server/app-page.runtime.prod.js:12:138019)
    at Array.toJSON (/Users/ahmedsalem/Desktop/all my projects/uneom.com/node_modules/next/dist/compiled/next-server/app-page.runtime.prod.js:12:135629)
    at stringify (<anonymous>)
    at eP (/Users/ahmedsalem/Desktop/all my projects/uneom.com/node_modules/next/dist/compiled/next-server/app-page.runtime.prod.js:12:142093)
    at eE (/Users/ahmedsalem/Desktop/all my projects/uneom.com/node_modules/next/dist/compiled/next-server/app-page.runtime.prod.js:12:142572)
    at Timeout._onTimeout (/Users/ahmedsalem/Desktop/all my projects/uneom.com/node_modules/next/dist/compiled/next-server/app-page.runtime.prod.js:12:135349)
    at listOnTimeout (node:internal/timers:605:17) {
  digest: '2101114011'
}

Error occurred prerendering page "/ar/locations/tabuk/retail-shops". Read more: https://nextjs.org/docs/messages/prerender-error

TypeError: Cannot read properties of undefined (reading 'map')
    at f (/Users/ahmedsalem/Desktop/all my projects/uneom.com/.next/server/app/ar/locations/[city]/[industry]/page.js:1:8960)
    at eh (/Users/ahmedsalem/Desktop/all my projects/uneom.com/node_modules/next/dist/compiled/next-server/app-page.runtime.prod.js:12:134660)
    at e (/Users/ahmedsalem/Desktop/all my projects/uneom.com/node_modules/next/dist/compiled/next-server/app-page.runtime.prod.js:12:137545)
    at ek (/Users/ahmedsalem/Desktop/all my projects/uneom.com/node_modules/next/dist/compiled/next-server/app-page.runtime.prod.js:12:138019)
    at Array.toJSON (/Users/ahmedsalem/Desktop/all my projects/uneom.com/node_modules/next/dist/compiled/next-server/app-page.runtime.prod.js:12:135629)
    at stringify (<anonymous>)
    at eP (/Users/ahmedsalem/Desktop/all my projects/uneom.com/node_modules/next/dist/compiled/next-server/app-page.runtime.prod.js:12:142093)
    at eE (/Users/ahmedsalem/Desktop/all my projects/uneom.com/node_modules/next/dist/compiled/next-server/app-page.runtime.prod.js:12:142572)
    at AsyncLocalStorage.run (node:internal/async_local_storage/async_context_frame:63:14)
    at Timeout._onTimeout (/Users/ahmedsalem/Desktop/all my projects/uneom.com/node_modules/next/dist/compiled/next-server/app-page.runtime.prod.js:12:150373)
TypeError: Cannot read properties of undefined (reading 'map')
    at f (/Users/ahmedsalem/Desktop/all my projects/uneom.com/.next/server/app/ar/locations/[city]/[industry]/page.js:1:8960)
    at eh (/Users/ahmedsalem/Desktop/all my projects/uneom.com/node_modules/next/dist/compiled/next-server/app-page.runtime.prod.js:12:134660)
    at e (/Users/ahmedsalem/Desktop/all my projects/uneom.com/node_modules/next/dist/compiled/next-server/app-page.runtime.prod.js:12:137545)
    at ek (/Users/ahmedsalem/Desktop/all my projects/uneom.com/node_modules/next/dist/compiled/next-server/app-page.runtime.prod.js:12:138019)
    at Array.toJSON (/Users/ahmedsalem/Desktop/all my projects/uneom.com/node_modules/next/dist/compiled/next-server/app-page.runtime.prod.js:12:135629)
    at stringify (<anonymous>)
    at eP (/Users/ahmedsalem/Desktop/all my projects/uneom.com/node_modules/next/dist/compiled/next-server/app-page.runtime.prod.js:12:142093)
    at eE (/Users/ahmedsalem/Desktop/all my projects/uneom.com/node_modules/next/dist/compiled/next-server/app-page.runtime.prod.js:12:142572)
    at AsyncLocalStorage.run (node:internal/async_local_storage/async_context_frame:63:14)
    at Timeout._onTimeout (/Users/ahmedsalem/Desktop/all my projects/uneom.com/node_modules/next/dist/compiled/next-server/app-page.runtime.prod.js:12:150373) {
  digest: '3731830276'
}
TypeError: Cannot read properties of undefined (reading 'map')
    at f (/Users/ahmedsalem/Desktop/all my projects/uneom.com/.next/server/app/ar/locations/[city]/[industry]/page.js:1:8960)
    at eh (/Users/ahmedsalem/Desktop/all my projects/uneom.com/node_modules/next/dist/compiled/next-server/app-page.runtime.prod.js:12:134660)
    at e (/Users/ahmedsalem/Desktop/all my projects/uneom.com/node_modules/next/dist/compiled/next-server/app-page.runtime.prod.js:12:137545)
    at ek (/Users/ahmedsalem/Desktop/all my projects/uneom.com/node_modules/next/dist/compiled/next-server/app-page.runtime.prod.js:12:138019)
    at Array.toJSON (/Users/ahmedsalem/Desktop/all my projects/uneom.com/node_modules/next/dist/compiled/next-server/app-page.runtime.prod.js:12:135629)
    at stringify (<anonymous>)
    at eP (/Users/ahmedsalem/Desktop/all my projects/uneom.com/node_modules/next/dist/compiled/next-server/app-page.runtime.prod.js:12:142093)
    at eE (/Users/ahmedsalem/Desktop/all my projects/uneom.com/node_modules/next/dist/compiled/next-server/app-page.runtime.prod.js:12:142572)
    at Timeout._onTimeout (/Users/ahmedsalem/Desktop/all my projects/uneom.com/node_modules/next/dist/compiled/next-server/app-page.runtime.prod.js:12:135349)
    at listOnTimeout (node:internal/timers:605:17) {
  digest: '2101114011'
}
TypeError: Cannot read properties of undefined (reading 'map')
    at f (/Users/ahmedsalem/Desktop/all my projects/uneom.com/.next/server/app/ar/locations/[city]/[industry]/page.js:1:8960)
    at eh (/Users/ahmedsalem/Desktop/all my projects/uneom.com/node_modules/next/dist/compiled/next-server/app-page.runtime.prod.js:12:134660)
    at e (/Users/ahmedsalem/Desktop/all my projects/uneom.com/node_modules/next/dist/compiled/next-server/app-page.runtime.prod.js:12:137545)
    at ek (/Users/ahmedsalem/Desktop/all my projects/uneom.com/node_modules/next/dist/compiled/next-server/app-page.runtime.prod.js:12:138019)
    at Array.toJSON (/Users/ahmedsalem/Desktop/all my projects/uneom.com/node_modules/next/dist/compiled/next-server/app-page.runtime.prod.js:12:135629)
    at stringify (<anonymous>)
    at eP (/Users/ahmedsalem/Desktop/all my projects/uneom.com/node_modules/next/dist/compiled/next-server/app-page.runtime.prod.js:12:142093)
    at eE (/Users/ahmedsalem/Desktop/all my projects/uneom.com/node_modules/next/dist/compiled/next-server/app-page.runtime.prod.js:12:142572)
    at AsyncLocalStorage.run (node:internal/async_local_storage/async_context_frame:63:14)
    at Timeout._onTimeout (/Users/ahmedsalem/Desktop/all my projects/uneom.com/node_modules/next/dist/compiled/next-server/app-page.runtime.prod.js:12:150373) {
  digest: '3731830276'
}
TypeError: Cannot read properties of undefined (reading 'map')
    at f (/Users/ahmedsalem/Desktop/all my projects/uneom.com/.next/server/app/ar/locations/[city]/[industry]/page.js:1:8960)
    at eh (/Users/ahmedsalem/Desktop/all my projects/uneom.com/node_modules/next/dist/compiled/next-server/app-page.runtime.prod.js:12:134660)
    at e (/Users/ahmedsalem/Desktop/all my projects/uneom.com/node_modules/next/dist/compiled/next-server/app-page.runtime.prod.js:12:137545)
    at ek (/Users/ahmedsalem/Desktop/all my projects/uneom.com/node_modules/next/dist/compiled/next-server/app-page.runtime.prod.js:12:138019)
    at Array.toJSON (/Users/ahmedsalem/Desktop/all my projects/uneom.com/node_modules/next/dist/compiled/next-server/app-page.runtime.prod.js:12:135629)
    at stringify (<anonymous>)
    at eP (/Users/ahmedsalem/Desktop/all my projects/uneom.com/node_modules/next/dist/compiled/next-server/app-page.runtime.prod.js:12:142093)
    at eE (/Users/ahmedsalem/Desktop/all my projects/uneom.com/node_modules/next/dist/compiled/next-server/app-page.runtime.prod.js:12:142572)
    at Timeout._onTimeout (/Users/ahmedsalem/Desktop/all my projects/uneom.com/node_modules/next/dist/compiled/next-server/app-page.runtime.prod.js:12:135349)
    at listOnTimeout (node:internal/timers:605:17) {
  digest: '2101114011'
}

Error occurred prerendering page "/ar/locations/tabuk/security". Read more: https://nextjs.org/docs/messages/prerender-error

TypeError: Cannot read properties of undefined (reading 'map')
    at f (/Users/ahmedsalem/Desktop/all my projects/uneom.com/.next/server/app/ar/locations/[city]/[industry]/page.js:1:8960)
    at eh (/Users/ahmedsalem/Desktop/all my projects/uneom.com/node_modules/next/dist/compiled/next-server/app-page.runtime.prod.js:12:134660)
    at e (/Users/ahmedsalem/Desktop/all my projects/uneom.com/node_modules/next/dist/compiled/next-server/app-page.runtime.prod.js:12:137545)
    at ek (/Users/ahmedsalem/Desktop/all my projects/uneom.com/node_modules/next/dist/compiled/next-server/app-page.runtime.prod.js:12:138019)
    at Array.toJSON (/Users/ahmedsalem/Desktop/all my projects/uneom.com/node_modules/next/dist/compiled/next-server/app-page.runtime.prod.js:12:135629)
    at stringify (<anonymous>)
    at eP (/Users/ahmedsalem/Desktop/all my projects/uneom.com/node_modules/next/dist/compiled/next-server/app-page.runtime.prod.js:12:142093)
    at eE (/Users/ahmedsalem/Desktop/all my projects/uneom.com/node_modules/next/dist/compiled/next-server/app-page.runtime.prod.js:12:142572)
    at AsyncLocalStorage.run (node:internal/async_local_storage/async_context_frame:63:14)
    at Timeout._onTimeout (/Users/ahmedsalem/Desktop/all my projects/uneom.com/node_modules/next/dist/compiled/next-server/app-page.runtime.prod.js:12:150373)
TypeError: Cannot read properties of undefined (reading 'map')
    at f (/Users/ahmedsalem/Desktop/all my projects/uneom.com/.next/server/app/ar/locations/[city]/[industry]/page.js:1:8960)
    at eh (/Users/ahmedsalem/Desktop/all my projects/uneom.com/node_modules/next/dist/compiled/next-server/app-page.runtime.prod.js:12:134660)
    at e (/Users/ahmedsalem/Desktop/all my projects/uneom.com/node_modules/next/dist/compiled/next-server/app-page.runtime.prod.js:12:137545)
    at ek (/Users/ahmedsalem/Desktop/all my projects/uneom.com/node_modules/next/dist/compiled/next-server/app-page.runtime.prod.js:12:138019)
    at Array.toJSON (/Users/ahmedsalem/Desktop/all my projects/uneom.com/node_modules/next/dist/compiled/next-server/app-page.runtime.prod.js:12:135629)
    at stringify (<anonymous>)
    at eP (/Users/ahmedsalem/Desktop/all my projects/uneom.com/node_modules/next/dist/compiled/next-server/app-page.runtime.prod.js:12:142093)
    at eE (/Users/ahmedsalem/Desktop/all my projects/uneom.com/node_modules/next/dist/compiled/next-server/app-page.runtime.prod.js:12:142572)
    at AsyncLocalStorage.run (node:internal/async_local_storage/async_context_frame:63:14)
    at Timeout._onTimeout (/Users/ahmedsalem/Desktop/all my projects/uneom.com/node_modules/next/dist/compiled/next-server/app-page.runtime.prod.js:12:150373) {
  digest: '3731830276'
}
TypeError: Cannot read properties of undefined (reading 'map')
    at f (/Users/ahmedsalem/Desktop/all my projects/uneom.com/.next/server/app/ar/locations/[city]/[industry]/page.js:1:8960)
    at eh (/Users/ahmedsalem/Desktop/all my projects/uneom.com/node_modules/next/dist/compiled/next-server/app-page.runtime.prod.js:12:134660)
    at e (/Users/ahmedsalem/Desktop/all my projects/uneom.com/node_modules/next/dist/compiled/next-server/app-page.runtime.prod.js:12:137545)
    at ek (/Users/ahmedsalem/Desktop/all my projects/uneom.com/node_modules/next/dist/compiled/next-server/app-page.runtime.prod.js:12:138019)
    at Array.toJSON (/Users/ahmedsalem/Desktop/all my projects/uneom.com/node_modules/next/dist/compiled/next-server/app-page.runtime.prod.js:12:135629)
    at stringify (<anonymous>)
    at eP (/Users/ahmedsalem/Desktop/all my projects/uneom.com/node_modules/next/dist/compiled/next-server/app-page.runtime.prod.js:12:142093)
    at eE (/Users/ahmedsalem/Desktop/all my projects/uneom.com/node_modules/next/dist/compiled/next-server/app-page.runtime.prod.js:12:142572)
    at Timeout._onTimeout (/Users/ahmedsalem/Desktop/all my projects/uneom.com/node_modules/next/dist/compiled/next-server/app-page.runtime.prod.js:12:135349)
    at listOnTimeout (node:internal/timers:605:17) {
  digest: '2101114011'
}

Error occurred prerendering page "/ar/locations/abha/healthcare". Read more: https://nextjs.org/docs/messages/prerender-error

TypeError: Cannot read properties of undefined (reading 'map')
    at f (/Users/ahmedsalem/Desktop/all my projects/uneom.com/.next/server/app/ar/locations/[city]/[industry]/page.js:1:8960)
    at eh (/Users/ahmedsalem/Desktop/all my projects/uneom.com/node_modules/next/dist/compiled/next-server/app-page.runtime.prod.js:12:134660)
    at e (/Users/ahmedsalem/Desktop/all my projects/uneom.com/node_modules/next/dist/compiled/next-server/app-page.runtime.prod.js:12:137545)
    at ek (/Users/ahmedsalem/Desktop/all my projects/uneom.com/node_modules/next/dist/compiled/next-server/app-page.runtime.prod.js:12:138019)
    at Array.toJSON (/Users/ahmedsalem/Desktop/all my projects/uneom.com/node_modules/next/dist/compiled/next-server/app-page.runtime.prod.js:12:135629)
    at stringify (<anonymous>)
    at eP (/Users/ahmedsalem/Desktop/all my projects/uneom.com/node_modules/next/dist/compiled/next-server/app-page.runtime.prod.js:12:142093)
    at eE (/Users/ahmedsalem/Desktop/all my projects/uneom.com/node_modules/next/dist/compiled/next-server/app-page.runtime.prod.js:12:142572)
    at AsyncLocalStorage.run (node:internal/async_local_storage/async_context_frame:63:14)
    at Timeout._onTimeout (/Users/ahmedsalem/Desktop/all my projects/uneom.com/node_modules/next/dist/compiled/next-server/app-page.runtime.prod.js:12:150373)

Error occurred prerendering page "/ar/locations/tabuk/education". Read more: https://nextjs.org/docs/messages/prerender-error

TypeError: Cannot read properties of undefined (reading 'map')
    at f (/Users/ahmedsalem/Desktop/all my projects/uneom.com/.next/server/app/ar/locations/[city]/[industry]/page.js:1:8960)
    at eh (/Users/ahmedsalem/Desktop/all my projects/uneom.com/node_modules/next/dist/compiled/next-server/app-page.runtime.prod.js:12:134660)
    at e (/Users/ahmedsalem/Desktop/all my projects/uneom.com/node_modules/next/dist/compiled/next-server/app-page.runtime.prod.js:12:137545)
    at ek (/Users/ahmedsalem/Desktop/all my projects/uneom.com/node_modules/next/dist/compiled/next-server/app-page.runtime.prod.js:12:138019)
    at Array.toJSON (/Users/ahmedsalem/Desktop/all my projects/uneom.com/node_modules/next/dist/compiled/next-server/app-page.runtime.prod.js:12:135629)
    at stringify (<anonymous>)
    at eP (/Users/ahmedsalem/Desktop/all my projects/uneom.com/node_modules/next/dist/compiled/next-server/app-page.runtime.prod.js:12:142093)
    at eE (/Users/ahmedsalem/Desktop/all my projects/uneom.com/node_modules/next/dist/compiled/next-server/app-page.runtime.prod.js:12:142572)
    at AsyncLocalStorage.run (node:internal/async_local_storage/async_context_frame:63:14)
    at Timeout._onTimeout (/Users/ahmedsalem/Desktop/all my projects/uneom.com/node_modules/next/dist/compiled/next-server/app-page.runtime.prod.js:12:150373)
TypeError: Cannot read properties of undefined (reading 'map')
    at f (/Users/ahmedsalem/Desktop/all my projects/uneom.com/.next/server/app/ar/locations/[city]/[industry]/page.js:1:8960)
    at eh (/Users/ahmedsalem/Desktop/all my projects/uneom.com/node_modules/next/dist/compiled/next-server/app-page.runtime.prod.js:12:134660)
    at e (/Users/ahmedsalem/Desktop/all my projects/uneom.com/node_modules/next/dist/compiled/next-server/app-page.runtime.prod.js:12:137545)
    at ek (/Users/ahmedsalem/Desktop/all my projects/uneom.com/node_modules/next/dist/compiled/next-server/app-page.runtime.prod.js:12:138019)
    at Array.toJSON (/Users/ahmedsalem/Desktop/all my projects/uneom.com/node_modules/next/dist/compiled/next-server/app-page.runtime.prod.js:12:135629)
    at stringify (<anonymous>)
    at eP (/Users/ahmedsalem/Desktop/all my projects/uneom.com/node_modules/next/dist/compiled/next-server/app-page.runtime.prod.js:12:142093)
    at eE (/Users/ahmedsalem/Desktop/all my projects/uneom.com/node_modules/next/dist/compiled/next-server/app-page.runtime.prod.js:12:142572)
    at AsyncLocalStorage.run (node:internal/async_local_storage/async_context_frame:63:14)
    at Timeout._onTimeout (/Users/ahmedsalem/Desktop/all my projects/uneom.com/node_modules/next/dist/compiled/next-server/app-page.runtime.prod.js:12:150373) {
  digest: '3731830276'
}
TypeError: Cannot read properties of undefined (reading 'map')
    at f (/Users/ahmedsalem/Desktop/all my projects/uneom.com/.next/server/app/ar/locations/[city]/[industry]/page.js:1:8960)
    at eh (/Users/ahmedsalem/Desktop/all my projects/uneom.com/node_modules/next/dist/compiled/next-server/app-page.runtime.prod.js:12:134660)
    at e (/Users/ahmedsalem/Desktop/all my projects/uneom.com/node_modules/next/dist/compiled/next-server/app-page.runtime.prod.js:12:137545)
    at ek (/Users/ahmedsalem/Desktop/all my projects/uneom.com/node_modules/next/dist/compiled/next-server/app-page.runtime.prod.js:12:138019)
    at Array.toJSON (/Users/ahmedsalem/Desktop/all my projects/uneom.com/node_modules/next/dist/compiled/next-server/app-page.runtime.prod.js:12:135629)
    at stringify (<anonymous>)
    at eP (/Users/ahmedsalem/Desktop/all my projects/uneom.com/node_modules/next/dist/compiled/next-server/app-page.runtime.prod.js:12:142093)
    at eE (/Users/ahmedsalem/Desktop/all my projects/uneom.com/node_modules/next/dist/compiled/next-server/app-page.runtime.prod.js:12:142572)
    at Timeout._onTimeout (/Users/ahmedsalem/Desktop/all my projects/uneom.com/node_modules/next/dist/compiled/next-server/app-page.runtime.prod.js:12:135349)
    at listOnTimeout (node:internal/timers:605:17) {
  digest: '2101114011'
}

Error occurred prerendering page "/ar/locations/tabuk/factory-industry". Read more: https://nextjs.org/docs/messages/prerender-error

TypeError: Cannot read properties of undefined (reading 'map')
    at f (/Users/ahmedsalem/Desktop/all my projects/uneom.com/.next/server/app/ar/locations/[city]/[industry]/page.js:1:8960)
    at eh (/Users/ahmedsalem/Desktop/all my projects/uneom.com/node_modules/next/dist/compiled/next-server/app-page.runtime.prod.js:12:134660)
    at e (/Users/ahmedsalem/Desktop/all my projects/uneom.com/node_modules/next/dist/compiled/next-server/app-page.runtime.prod.js:12:137545)
    at ek (/Users/ahmedsalem/Desktop/all my projects/uneom.com/node_modules/next/dist/compiled/next-server/app-page.runtime.prod.js:12:138019)
    at Array.toJSON (/Users/ahmedsalem/Desktop/all my projects/uneom.com/node_modules/next/dist/compiled/next-server/app-page.runtime.prod.js:12:135629)
    at stringify (<anonymous>)
    at eP (/Users/ahmedsalem/Desktop/all my projects/uneom.com/node_modules/next/dist/compiled/next-server/app-page.runtime.prod.js:12:142093)
    at eE (/Users/ahmedsalem/Desktop/all my projects/uneom.com/node_modules/next/dist/compiled/next-server/app-page.runtime.prod.js:12:142572)
    at AsyncLocalStorage.run (node:internal/async_local_storage/async_context_frame:63:14)
    at Timeout._onTimeout (/Users/ahmedsalem/Desktop/all my projects/uneom.com/node_modules/next/dist/compiled/next-server/app-page.runtime.prod.js:12:150373)

Error occurred prerendering page "/ar/locations/tabuk/supply-manufacturing". Read more: https://nextjs.org/docs/messages/prerender-error

TypeError: Cannot read properties of undefined (reading 'map')
    at f (/Users/ahmedsalem/Desktop/all my projects/uneom.com/.next/server/app/ar/locations/[city]/[industry]/page.js:1:8960)
    at eh (/Users/ahmedsalem/Desktop/all my projects/uneom.com/node_modules/next/dist/compiled/next-server/app-page.runtime.prod.js:12:134660)
    at e (/Users/ahmedsalem/Desktop/all my projects/uneom.com/node_modules/next/dist/compiled/next-server/app-page.runtime.prod.js:12:137545)
    at ek (/Users/ahmedsalem/Desktop/all my projects/uneom.com/node_modules/next/dist/compiled/next-server/app-page.runtime.prod.js:12:138019)
    at Array.toJSON (/Users/ahmedsalem/Desktop/all my projects/uneom.com/node_modules/next/dist/compiled/next-server/app-page.runtime.prod.js:12:135629)
    at stringify (<anonymous>)
    at eP (/Users/ahmedsalem/Desktop/all my projects/uneom.com/node_modules/next/dist/compiled/next-server/app-page.runtime.prod.js:12:142093)
    at eE (/Users/ahmedsalem/Desktop/all my projects/uneom.com/node_modules/next/dist/compiled/next-server/app-page.runtime.prod.js:12:142572)
    at AsyncLocalStorage.run (node:internal/async_local_storage/async_context_frame:63:14)
    at Timeout._onTimeout (/Users/ahmedsalem/Desktop/all my projects/uneom.com/node_modules/next/dist/compiled/next-server/app-page.runtime.prod.js:12:150373)
TypeError: Cannot read properties of undefined (reading 'map')
    at f (/Users/ahmedsalem/Desktop/all my projects/uneom.com/.next/server/app/ar/locations/[city]/[industry]/page.js:1:8960)
    at eh (/Users/ahmedsalem/Desktop/all my projects/uneom.com/node_modules/next/dist/compiled/next-server/app-page.runtime.prod.js:12:134660)
    at e (/Users/ahmedsalem/Desktop/all my projects/uneom.com/node_modules/next/dist/compiled/next-server/app-page.runtime.prod.js:12:137545)
    at ek (/Users/ahmedsalem/Desktop/all my projects/uneom.com/node_modules/next/dist/compiled/next-server/app-page.runtime.prod.js:12:138019)
    at Array.toJSON (/Users/ahmedsalem/Desktop/all my projects/uneom.com/node_modules/next/dist/compiled/next-server/app-page.runtime.prod.js:12:135629)
    at stringify (<anonymous>)
    at eP (/Users/ahmedsalem/Desktop/all my projects/uneom.com/node_modules/next/dist/compiled/next-server/app-page.runtime.prod.js:12:142093)
    at eE (/Users/ahmedsalem/Desktop/all my projects/uneom.com/node_modules/next/dist/compiled/next-server/app-page.runtime.prod.js:12:142572)
    at AsyncLocalStorage.run (node:internal/async_local_storage/async_context_frame:63:14)
    at Timeout._onTimeout (/Users/ahmedsalem/Desktop/all my projects/uneom.com/node_modules/next/dist/compiled/next-server/app-page.runtime.prod.js:12:150373) {
  digest: '3731830276'
}
TypeError: Cannot read properties of undefined (reading 'map')
    at f (/Users/ahmedsalem/Desktop/all my projects/uneom.com/.next/server/app/ar/locations/[city]/[industry]/page.js:1:8960)
    at eh (/Users/ahmedsalem/Desktop/all my projects/uneom.com/node_modules/next/dist/compiled/next-server/app-page.runtime.prod.js:12:134660)
    at e (/Users/ahmedsalem/Desktop/all my projects/uneom.com/node_modules/next/dist/compiled/next-server/app-page.runtime.prod.js:12:137545)
    at ek (/Users/ahmedsalem/Desktop/all my projects/uneom.com/node_modules/next/dist/compiled/next-server/app-page.runtime.prod.js:12:138019)
    at Array.toJSON (/Users/ahmedsalem/Desktop/all my projects/uneom.com/node_modules/next/dist/compiled/next-server/app-page.runtime.prod.js:12:135629)
    at stringify (<anonymous>)
    at eP (/Users/ahmedsalem/Desktop/all my projects/uneom.com/node_modules/next/dist/compiled/next-server/app-page.runtime.prod.js:12:142093)
    at eE (/Users/ahmedsalem/Desktop/all my projects/uneom.com/node_modules/next/dist/compiled/next-server/app-page.runtime.prod.js:12:142572)
    at Timeout._onTimeout (/Users/ahmedsalem/Desktop/all my projects/uneom.com/node_modules/next/dist/compiled/next-server/app-page.runtime.prod.js:12:135349)
    at listOnTimeout (node:internal/timers:605:17) {
  digest: '2101114011'
}

Error occurred prerendering page "/ar/locations/abha/hospitality". Read more: https://nextjs.org/docs/messages/prerender-error

TypeError: Cannot read properties of undefined (reading 'map')
    at f (/Users/ahmedsalem/Desktop/all my projects/uneom.com/.next/server/app/ar/locations/[city]/[industry]/page.js:1:8960)
    at eh (/Users/ahmedsalem/Desktop/all my projects/uneom.com/node_modules/next/dist/compiled/next-server/app-page.runtime.prod.js:12:134660)
    at e (/Users/ahmedsalem/Desktop/all my projects/uneom.com/node_modules/next/dist/compiled/next-server/app-page.runtime.prod.js:12:137545)
    at ek (/Users/ahmedsalem/Desktop/all my projects/uneom.com/node_modules/next/dist/compiled/next-server/app-page.runtime.prod.js:12:138019)
    at Array.toJSON (/Users/ahmedsalem/Desktop/all my projects/uneom.com/node_modules/next/dist/compiled/next-server/app-page.runtime.prod.js:12:135629)
    at stringify (<anonymous>)
    at eP (/Users/ahmedsalem/Desktop/all my projects/uneom.com/node_modules/next/dist/compiled/next-server/app-page.runtime.prod.js:12:142093)
    at eE (/Users/ahmedsalem/Desktop/all my projects/uneom.com/node_modules/next/dist/compiled/next-server/app-page.runtime.prod.js:12:142572)
    at AsyncLocalStorage.run (node:internal/async_local_storage/async_context_frame:63:14)
    at Timeout._onTimeout (/Users/ahmedsalem/Desktop/all my projects/uneom.com/node_modules/next/dist/compiled/next-server/app-page.runtime.prod.js:12:150373) {
  digest: '3731830276'
}
TypeError: Cannot read properties of undefined (reading 'map')
    at f (/Users/ahmedsalem/Desktop/all my projects/uneom.com/.next/server/app/ar/locations/[city]/[industry]/page.js:1:8960)
    at eh (/Users/ahmedsalem/Desktop/all my projects/uneom.com/node_modules/next/dist/compiled/next-server/app-page.runtime.prod.js:12:134660)
    at e (/Users/ahmedsalem/Desktop/all my projects/uneom.com/node_modules/next/dist/compiled/next-server/app-page.runtime.prod.js:12:137545)
    at ek (/Users/ahmedsalem/Desktop/all my projects/uneom.com/node_modules/next/dist/compiled/next-server/app-page.runtime.prod.js:12:138019)
    at Array.toJSON (/Users/ahmedsalem/Desktop/all my projects/uneom.com/node_modules/next/dist/compiled/next-server/app-page.runtime.prod.js:12:135629)
    at stringify (<anonymous>)
    at eP (/Users/ahmedsalem/Desktop/all my projects/uneom.com/node_modules/next/dist/compiled/next-server/app-page.runtime.prod.js:12:142093)
    at eE (/Users/ahmedsalem/Desktop/all my projects/uneom.com/node_modules/next/dist/compiled/next-server/app-page.runtime.prod.js:12:142572)
    at Timeout._onTimeout (/Users/ahmedsalem/Desktop/all my projects/uneom.com/node_modules/next/dist/compiled/next-server/app-page.runtime.prod.js:12:135349)
    at listOnTimeout (node:internal/timers:605:17) {
  digest: '2101114011'
}

Error occurred prerendering page "/ar/locations/abha/aviation". Read more: https://nextjs.org/docs/messages/prerender-error

TypeError: Cannot read properties of undefined (reading 'map')
    at f (/Users/ahmedsalem/Desktop/all my projects/uneom.com/.next/server/app/ar/locations/[city]/[industry]/page.js:1:8960)
    at eh (/Users/ahmedsalem/Desktop/all my projects/uneom.com/node_modules/next/dist/compiled/next-server/app-page.runtime.prod.js:12:134660)
    at e (/Users/ahmedsalem/Desktop/all my projects/uneom.com/node_modules/next/dist/compiled/next-server/app-page.runtime.prod.js:12:137545)
    at ek (/Users/ahmedsalem/Desktop/all my projects/uneom.com/node_modules/next/dist/compiled/next-server/app-page.runtime.prod.js:12:138019)
    at Array.toJSON (/Users/ahmedsalem/Desktop/all my projects/uneom.com/node_modules/next/dist/compiled/next-server/app-page.runtime.prod.js:12:135629)
    at stringify (<anonymous>)
    at eP (/Users/ahmedsalem/Desktop/all my projects/uneom.com/node_modules/next/dist/compiled/next-server/app-page.runtime.prod.js:12:142093)
    at eE (/Users/ahmedsalem/Desktop/all my projects/uneom.com/node_modules/next/dist/compiled/next-server/app-page.runtime.prod.js:12:142572)
    at AsyncLocalStorage.run (node:internal/async_local_storage/async_context_frame:63:14)
    at Timeout._onTimeout (/Users/ahmedsalem/Desktop/all my projects/uneom.com/node_modules/next/dist/compiled/next-server/app-page.runtime.prod.js:12:150373)
TypeError: Cannot read properties of undefined (reading 'map')
    at f (/Users/ahmedsalem/Desktop/all my projects/uneom.com/.next/server/app/ar/locations/[city]/[industry]/page.js:1:8960)
    at eh (/Users/ahmedsalem/Desktop/all my projects/uneom.com/node_modules/next/dist/compiled/next-server/app-page.runtime.prod.js:12:134660)
    at e (/Users/ahmedsalem/Desktop/all my projects/uneom.com/node_modules/next/dist/compiled/next-server/app-page.runtime.prod.js:12:137545)
    at ek (/Users/ahmedsalem/Desktop/all my projects/uneom.com/node_modules/next/dist/compiled/next-server/app-page.runtime.prod.js:12:138019)
    at Array.toJSON (/Users/ahmedsalem/Desktop/all my projects/uneom.com/node_modules/next/dist/compiled/next-server/app-page.runtime.prod.js:12:135629)
    at stringify (<anonymous>)
    at eP (/Users/ahmedsalem/Desktop/all my projects/uneom.com/node_modules/next/dist/compiled/next-server/app-page.runtime.prod.js:12:142093)
    at eE (/Users/ahmedsalem/Desktop/all my projects/uneom.com/node_modules/next/dist/compiled/next-server/app-page.runtime.prod.js:12:142572)
    at AsyncLocalStorage.run (node:internal/async_local_storage/async_context_frame:63:14)
    at Timeout._onTimeout (/Users/ahmedsalem/Desktop/all my projects/uneom.com/node_modules/next/dist/compiled/next-server/app-page.runtime.prod.js:12:150373) {
  digest: '3731830276'
}
TypeError: Cannot read properties of undefined (reading 'map')
    at f (/Users/ahmedsalem/Desktop/all my projects/uneom.com/.next/server/app/ar/locations/[city]/[industry]/page.js:1:8960)
    at eh (/Users/ahmedsalem/Desktop/all my projects/uneom.com/node_modules/next/dist/compiled/next-server/app-page.runtime.prod.js:12:134660)
    at e (/Users/ahmedsalem/Desktop/all my projects/uneom.com/node_modules/next/dist/compiled/next-server/app-page.runtime.prod.js:12:137545)
    at ek (/Users/ahmedsalem/Desktop/all my projects/uneom.com/node_modules/next/dist/compiled/next-server/app-page.runtime.prod.js:12:138019)
    at Array.toJSON (/Users/ahmedsalem/Desktop/all my projects/uneom.com/node_modules/next/dist/compiled/next-server/app-page.runtime.prod.js:12:135629)
    at stringify (<anonymous>)
    at eP (/Users/ahmedsalem/Desktop/all my projects/uneom.com/node_modules/next/dist/compiled/next-server/app-page.runtime.prod.js:12:142093)
    at eE (/Users/ahmedsalem/Desktop/all my projects/uneom.com/node_modules/next/dist/compiled/next-server/app-page.runtime.prod.js:12:142572)
    at Timeout._onTimeout (/Users/ahmedsalem/Desktop/all my projects/uneom.com/node_modules/next/dist/compiled/next-server/app-page.runtime.prod.js:12:135349)
    at listOnTimeout (node:internal/timers:605:17) {
  digest: '2101114011'
}
TypeError: Cannot read properties of undefined (reading 'map')
    at f (/Users/ahmedsalem/Desktop/all my projects/uneom.com/.next/server/app/ar/locations/[city]/[industry]/page.js:1:8960)
    at eh (/Users/ahmedsalem/Desktop/all my projects/uneom.com/node_modules/next/dist/compiled/next-server/app-page.runtime.prod.js:12:134660)
    at e (/Users/ahmedsalem/Desktop/all my projects/uneom.com/node_modules/next/dist/compiled/next-server/app-page.runtime.prod.js:12:137545)
    at ek (/Users/ahmedsalem/Desktop/all my projects/uneom.com/node_modules/next/dist/compiled/next-server/app-page.runtime.prod.js:12:138019)
    at Array.toJSON (/Users/ahmedsalem/Desktop/all my projects/uneom.com/node_modules/next/dist/compiled/next-server/app-page.runtime.prod.js:12:135629)
    at stringify (<anonymous>)
    at eP (/Users/ahmedsalem/Desktop/all my projects/uneom.com/node_modules/next/dist/compiled/next-server/app-page.runtime.prod.js:12:142093)
    at eE (/Users/ahmedsalem/Desktop/all my projects/uneom.com/node_modules/next/dist/compiled/next-server/app-page.runtime.prod.js:12:142572)
    at AsyncLocalStorage.run (node:internal/async_local_storage/async_context_frame:63:14)
    at Timeout._onTimeout (/Users/ahmedsalem/Desktop/all my projects/uneom.com/node_modules/next/dist/compiled/next-server/app-page.runtime.prod.js:12:150373) {
  digest: '3731830276'
}
TypeError: Cannot read properties of undefined (reading 'map')
    at f (/Users/ahmedsalem/Desktop/all my projects/uneom.com/.next/server/app/ar/locations/[city]/[industry]/page.js:1:8960)
    at eh (/Users/ahmedsalem/Desktop/all my projects/uneom.com/node_modules/next/dist/compiled/next-server/app-page.runtime.prod.js:12:134660)
    at e (/Users/ahmedsalem/Desktop/all my projects/uneom.com/node_modules/next/dist/compiled/next-server/app-page.runtime.prod.js:12:137545)
    at ek (/Users/ahmedsalem/Desktop/all my projects/uneom.com/node_modules/next/dist/compiled/next-server/app-page.runtime.prod.js:12:138019)
    at Array.toJSON (/Users/ahmedsalem/Desktop/all my projects/uneom.com/node_modules/next/dist/compiled/next-server/app-page.runtime.prod.js:12:135629)
    at stringify (<anonymous>)
    at eP (/Users/ahmedsalem/Desktop/all my projects/uneom.com/node_modules/next/dist/compiled/next-server/app-page.runtime.prod.js:12:142093)
    at eE (/Users/ahmedsalem/Desktop/all my projects/uneom.com/node_modules/next/dist/compiled/next-server/app-page.runtime.prod.js:12:142572)
    at Timeout._onTimeout (/Users/ahmedsalem/Desktop/all my projects/uneom.com/node_modules/next/dist/compiled/next-server/app-page.runtime.prod.js:12:135349)
    at listOnTimeout (node:internal/timers:605:17) {
  digest: '2101114011'
}

Error occurred prerendering page "/ar/locations/tabuk/manufacturing". Read more: https://nextjs.org/docs/messages/prerender-error

TypeError: Cannot read properties of undefined (reading 'map')
    at f (/Users/ahmedsalem/Desktop/all my projects/uneom.com/.next/server/app/ar/locations/[city]/[industry]/page.js:1:8960)
    at eh (/Users/ahmedsalem/Desktop/all my projects/uneom.com/node_modules/next/dist/compiled/next-server/app-page.runtime.prod.js:12:134660)
    at e (/Users/ahmedsalem/Desktop/all my projects/uneom.com/node_modules/next/dist/compiled/next-server/app-page.runtime.prod.js:12:137545)
    at ek (/Users/ahmedsalem/Desktop/all my projects/uneom.com/node_modules/next/dist/compiled/next-server/app-page.runtime.prod.js:12:138019)
    at Array.toJSON (/Users/ahmedsalem/Desktop/all my projects/uneom.com/node_modules/next/dist/compiled/next-server/app-page.runtime.prod.js:12:135629)
    at stringify (<anonymous>)
    at eP (/Users/ahmedsalem/Desktop/all my projects/uneom.com/node_modules/next/dist/compiled/next-server/app-page.runtime.prod.js:12:142093)
    at eE (/Users/ahmedsalem/Desktop/all my projects/uneom.com/node_modules/next/dist/compiled/next-server/app-page.runtime.prod.js:12:142572)
    at AsyncLocalStorage.run (node:internal/async_local_storage/async_context_frame:63:14)
    at Timeout._onTimeout (/Users/ahmedsalem/Desktop/all my projects/uneom.com/node_modules/next/dist/compiled/next-server/app-page.runtime.prod.js:12:150373)
TypeError: Cannot read properties of undefined (reading 'map')
    at f (/Users/ahmedsalem/Desktop/all my projects/uneom.com/.next/server/app/ar/locations/[city]/[industry]/page.js:1:8960)
    at eh (/Users/ahmedsalem/Desktop/all my projects/uneom.com/node_modules/next/dist/compiled/next-server/app-page.runtime.prod.js:12:134660)
    at e (/Users/ahmedsalem/Desktop/all my projects/uneom.com/node_modules/next/dist/compiled/next-server/app-page.runtime.prod.js:12:137545)
    at ek (/Users/ahmedsalem/Desktop/all my projects/uneom.com/node_modules/next/dist/compiled/next-server/app-page.runtime.prod.js:12:138019)
    at Array.toJSON (/Users/ahmedsalem/Desktop/all my projects/uneom.com/node_modules/next/dist/compiled/next-server/app-page.runtime.prod.js:12:135629)
    at stringify (<anonymous>)
    at eP (/Users/ahmedsalem/Desktop/all my projects/uneom.com/node_modules/next/dist/compiled/next-server/app-page.runtime.prod.js:12:142093)
    at eE (/Users/ahmedsalem/Desktop/all my projects/uneom.com/node_modules/next/dist/compiled/next-server/app-page.runtime.prod.js:12:142572)
    at AsyncLocalStorage.run (node:internal/async_local_storage/async_context_frame:63:14)
    at Timeout._onTimeout (/Users/ahmedsalem/Desktop/all my projects/uneom.com/node_modules/next/dist/compiled/next-server/app-page.runtime.prod.js:12:150373)

Error occurred prerendering page "/ar/locations/abha/corporate". Read more: https://nextjs.org/docs/messages/prerender-error

TypeError: Cannot read properties of undefined (reading 'map')
    at f (/Users/ahmedsalem/Desktop/all my projects/uneom.com/.next/server/app/ar/locations/[city]/[industry]/page.js:1:8960)
    at eh (/Users/ahmedsalem/Desktop/all my projects/uneom.com/node_modules/next/dist/compiled/next-server/app-page.runtime.prod.js:12:134660)
    at e (/Users/ahmedsalem/Desktop/all my projects/uneom.com/node_modules/next/dist/compiled/next-server/app-page.runtime.prod.js:12:137545)
    at ek (/Users/ahmedsalem/Desktop/all my projects/uneom.com/node_modules/next/dist/compiled/next-server/app-page.runtime.prod.js:12:138019)
    at Array.toJSON (/Users/ahmedsalem/Desktop/all my projects/uneom.com/node_modules/next/dist/compiled/next-server/app-page.runtime.prod.js:12:135629)
    at stringify (<anonymous>)
    at eP (/Users/ahmedsalem/Desktop/all my projects/uneom.com/node_modules/next/dist/compiled/next-server/app-page.runtime.prod.js:12:142093)
    at eE (/Users/ahmedsalem/Desktop/all my projects/uneom.com/node_modules/next/dist/compiled/next-server/app-page.runtime.prod.js:12:142572)
    at AsyncLocalStorage.run (node:internal/async_local_storage/async_context_frame:63:14)
    at Timeout._onTimeout (/Users/ahmedsalem/Desktop/all my projects/uneom.com/node_modules/next/dist/compiled/next-server/app-page.runtime.prod.js:12:150373)
TypeError: Cannot read properties of undefined (reading 'map')
    at f (/Users/ahmedsalem/Desktop/all my projects/uneom.com/.next/server/app/ar/locations/[city]/[industry]/page.js:1:8960)
    at eh (/Users/ahmedsalem/Desktop/all my projects/uneom.com/node_modules/next/dist/compiled/next-server/app-page.runtime.prod.js:12:134660)
    at e (/Users/ahmedsalem/Desktop/all my projects/uneom.com/node_modules/next/dist/compiled/next-server/app-page.runtime.prod.js:12:137545)
    at ek (/Users/ahmedsalem/Desktop/all my projects/uneom.com/node_modules/next/dist/compiled/next-server/app-page.runtime.prod.js:12:138019)
    at Array.toJSON (/Users/ahmedsalem/Desktop/all my projects/uneom.com/node_modules/next/dist/compiled/next-server/app-page.runtime.prod.js:12:135629)
    at stringify (<anonymous>)
    at eP (/Users/ahmedsalem/Desktop/all my projects/uneom.com/node_modules/next/dist/compiled/next-server/app-page.runtime.prod.js:12:142093)
    at eE (/Users/ahmedsalem/Desktop/all my projects/uneom.com/node_modules/next/dist/compiled/next-server/app-page.runtime.prod.js:12:142572)
    at AsyncLocalStorage.run (node:internal/async_local_storage/async_context_frame:63:14)
    at Timeout._onTimeout (/Users/ahmedsalem/Desktop/all my projects/uneom.com/node_modules/next/dist/compiled/next-server/app-page.runtime.prod.js:12:150373) {
  digest: '3731830276'
}
TypeError: Cannot read properties of undefined (reading 'map')
    at f (/Users/ahmedsalem/Desktop/all my projects/uneom.com/.next/server/app/ar/locations/[city]/[industry]/page.js:1:8960)
    at eh (/Users/ahmedsalem/Desktop/all my projects/uneom.com/node_modules/next/dist/compiled/next-server/app-page.runtime.prod.js:12:134660)
    at e (/Users/ahmedsalem/Desktop/all my projects/uneom.com/node_modules/next/dist/compiled/next-server/app-page.runtime.prod.js:12:137545)
    at ek (/Users/ahmedsalem/Desktop/all my projects/uneom.com/node_modules/next/dist/compiled/next-server/app-page.runtime.prod.js:12:138019)
    at Array.toJSON (/Users/ahmedsalem/Desktop/all my projects/uneom.com/node_modules/next/dist/compiled/next-server/app-page.runtime.prod.js:12:135629)
    at stringify (<anonymous>)
    at eP (/Users/ahmedsalem/Desktop/all my projects/uneom.com/node_modules/next/dist/compiled/next-server/app-page.runtime.prod.js:12:142093)
    at eE (/Users/ahmedsalem/Desktop/all my projects/uneom.com/node_modules/next/dist/compiled/next-server/app-page.runtime.prod.js:12:142572)
    at Timeout._onTimeout (/Users/ahmedsalem/Desktop/all my projects/uneom.com/node_modules/next/dist/compiled/next-server/app-page.runtime.prod.js:12:135349)
    at listOnTimeout (node:internal/timers:605:17) {
  digest: '2101114011'
}
TypeError: Cannot read properties of undefined (reading 'map')
    at f (/Users/ahmedsalem/Desktop/all my projects/uneom.com/.next/server/app/ar/locations/[city]/[industry]/page.js:1:8960)
    at eh (/Users/ahmedsalem/Desktop/all my projects/uneom.com/node_modules/next/dist/compiled/next-server/app-page.runtime.prod.js:12:134660)
    at e (/Users/ahmedsalem/Desktop/all my projects/uneom.com/node_modules/next/dist/compiled/next-server/app-page.runtime.prod.js:12:137545)
    at ek (/Users/ahmedsalem/Desktop/all my projects/uneom.com/node_modules/next/dist/compiled/next-server/app-page.runtime.prod.js:12:138019)
    at Array.toJSON (/Users/ahmedsalem/Desktop/all my projects/uneom.com/node_modules/next/dist/compiled/next-server/app-page.runtime.prod.js:12:135629)
    at stringify (<anonymous>)
    at eP (/Users/ahmedsalem/Desktop/all my projects/uneom.com/node_modules/next/dist/compiled/next-server/app-page.runtime.prod.js:12:142093)
    at eE (/Users/ahmedsalem/Desktop/all my projects/uneom.com/node_modules/next/dist/compiled/next-server/app-page.runtime.prod.js:12:142572)
    at AsyncLocalStorage.run (node:internal/async_local_storage/async_context_frame:63:14)
    at Timeout._onTimeout (/Users/ahmedsalem/Desktop/all my projects/uneom.com/node_modules/next/dist/compiled/next-server/app-page.runtime.prod.js:12:150373) {
  digest: '3731830276'
}
TypeError: Cannot read properties of undefined (reading 'map')
    at f (/Users/ahmedsalem/Desktop/all my projects/uneom.com/.next/server/app/ar/locations/[city]/[industry]/page.js:1:8960)
    at eh (/Users/ahmedsalem/Desktop/all my projects/uneom.com/node_modules/next/dist/compiled/next-server/app-page.runtime.prod.js:12:134660)
    at e (/Users/ahmedsalem/Desktop/all my projects/uneom.com/node_modules/next/dist/compiled/next-server/app-page.runtime.prod.js:12:137545)
    at ek (/Users/ahmedsalem/Desktop/all my projects/uneom.com/node_modules/next/dist/compiled/next-server/app-page.runtime.prod.js:12:138019)
    at Array.toJSON (/Users/ahmedsalem/Desktop/all my projects/uneom.com/node_modules/next/dist/compiled/next-server/app-page.runtime.prod.js:12:135629)
    at stringify (<anonymous>)
    at eP (/Users/ahmedsalem/Desktop/all my projects/uneom.com/node_modules/next/dist/compiled/next-server/app-page.runtime.prod.js:12:142093)
    at eE (/Users/ahmedsalem/Desktop/all my projects/uneom.com/node_modules/next/dist/compiled/next-server/app-page.runtime.prod.js:12:142572)
    at Timeout._onTimeout (/Users/ahmedsalem/Desktop/all my projects/uneom.com/node_modules/next/dist/compiled/next-server/app-page.runtime.prod.js:12:135349)
    at listOnTimeout (node:internal/timers:605:17) {
  digest: '2101114011'
}

Error occurred prerendering page "/ar/locations/abha/education". Read more: https://nextjs.org/docs/messages/prerender-error

TypeError: Cannot read properties of undefined (reading 'map')
    at f (/Users/ahmedsalem/Desktop/all my projects/uneom.com/.next/server/app/ar/locations/[city]/[industry]/page.js:1:8960)
    at eh (/Users/ahmedsalem/Desktop/all my projects/uneom.com/node_modules/next/dist/compiled/next-server/app-page.runtime.prod.js:12:134660)
    at e (/Users/ahmedsalem/Desktop/all my projects/uneom.com/node_modules/next/dist/compiled/next-server/app-page.runtime.prod.js:12:137545)
    at ek (/Users/ahmedsalem/Desktop/all my projects/uneom.com/node_modules/next/dist/compiled/next-server/app-page.runtime.prod.js:12:138019)
    at Array.toJSON (/Users/ahmedsalem/Desktop/all my projects/uneom.com/node_modules/next/dist/compiled/next-server/app-page.runtime.prod.js:12:135629)
    at stringify (<anonymous>)
    at eP (/Users/ahmedsalem/Desktop/all my projects/uneom.com/node_modules/next/dist/compiled/next-server/app-page.runtime.prod.js:12:142093)
    at eE (/Users/ahmedsalem/Desktop/all my projects/uneom.com/node_modules/next/dist/compiled/next-server/app-page.runtime.prod.js:12:142572)
    at AsyncLocalStorage.run (node:internal/async_local_storage/async_context_frame:63:14)
    at Timeout._onTimeout (/Users/ahmedsalem/Desktop/all my projects/uneom.com/node_modules/next/dist/compiled/next-server/app-page.runtime.prod.js:12:150373)
TypeError: Cannot read properties of undefined (reading 'map')
    at f (/Users/ahmedsalem/Desktop/all my projects/uneom.com/.next/server/app/ar/locations/[city]/[industry]/page.js:1:8960)
    at eh (/Users/ahmedsalem/Desktop/all my projects/uneom.com/node_modules/next/dist/compiled/next-server/app-page.runtime.prod.js:12:134660)
    at e (/Users/ahmedsalem/Desktop/all my projects/uneom.com/node_modules/next/dist/compiled/next-server/app-page.runtime.prod.js:12:137545)
    at ek (/Users/ahmedsalem/Desktop/all my projects/uneom.com/node_modules/next/dist/compiled/next-server/app-page.runtime.prod.js:12:138019)
    at Array.toJSON (/Users/ahmedsalem/Desktop/all my projects/uneom.com/node_modules/next/dist/compiled/next-server/app-page.runtime.prod.js:12:135629)
    at stringify (<anonymous>)
    at eP (/Users/ahmedsalem/Desktop/all my projects/uneom.com/node_modules/next/dist/compiled/next-server/app-page.runtime.prod.js:12:142093)
    at eE (/Users/ahmedsalem/Desktop/all my projects/uneom.com/node_modules/next/dist/compiled/next-server/app-page.runtime.prod.js:12:142572)
    at AsyncLocalStorage.run (node:internal/async_local_storage/async_context_frame:63:14)
    at Timeout._onTimeout (/Users/ahmedsalem/Desktop/all my projects/uneom.com/node_modules/next/dist/compiled/next-server/app-page.runtime.prod.js:12:150373) {
  digest: '3731830276'
}
TypeError: Cannot read properties of undefined (reading 'map')
    at f (/Users/ahmedsalem/Desktop/all my projects/uneom.com/.next/server/app/ar/locations/[city]/[industry]/page.js:1:8960)
    at eh (/Users/ahmedsalem/Desktop/all my projects/uneom.com/node_modules/next/dist/compiled/next-server/app-page.runtime.prod.js:12:134660)
    at e (/Users/ahmedsalem/Desktop/all my projects/uneom.com/node_modules/next/dist/compiled/next-server/app-page.runtime.prod.js:12:137545)
    at ek (/Users/ahmedsalem/Desktop/all my projects/uneom.com/node_modules/next/dist/compiled/next-server/app-page.runtime.prod.js:12:138019)
    at Array.toJSON (/Users/ahmedsalem/Desktop/all my projects/uneom.com/node_modules/next/dist/compiled/next-server/app-page.runtime.prod.js:12:135629)
    at stringify (<anonymous>)
    at eP (/Users/ahmedsalem/Desktop/all my projects/uneom.com/node_modules/next/dist/compiled/next-server/app-page.runtime.prod.js:12:142093)
    at eE (/Users/ahmedsalem/Desktop/all my projects/uneom.com/node_modules/next/dist/compiled/next-server/app-page.runtime.prod.js:12:142572)
    at Timeout._onTimeout (/Users/ahmedsalem/Desktop/all my projects/uneom.com/node_modules/next/dist/compiled/next-server/app-page.runtime.prod.js:12:135349)
    at listOnTimeout (node:internal/timers:605:17) {
  digest: '2101114011'
}
TypeError: Cannot read properties of undefined (reading 'map')
    at f (/Users/ahmedsalem/Desktop/all my projects/uneom.com/.next/server/app/ar/locations/[city]/[industry]/page.js:1:8960)
    at eh (/Users/ahmedsalem/Desktop/all my projects/uneom.com/node_modules/next/dist/compiled/next-server/app-page.runtime.prod.js:12:134660)
    at e (/Users/ahmedsalem/Desktop/all my projects/uneom.com/node_modules/next/dist/compiled/next-server/app-page.runtime.prod.js:12:137545)
    at ek (/Users/ahmedsalem/Desktop/all my projects/uneom.com/node_modules/next/dist/compiled/next-server/app-page.runtime.prod.js:12:138019)
    at Array.toJSON (/Users/ahmedsalem/Desktop/all my projects/uneom.com/node_modules/next/dist/compiled/next-server/app-page.runtime.prod.js:12:135629)
    at stringify (<anonymous>)
    at eP (/Users/ahmedsalem/Desktop/all my projects/uneom.com/node_modules/next/dist/compiled/next-server/app-page.runtime.prod.js:12:142093)
    at eE (/Users/ahmedsalem/Desktop/all my projects/uneom.com/node_modules/next/dist/compiled/next-server/app-page.runtime.prod.js:12:142572)
    at AsyncLocalStorage.run (node:internal/async_local_storage/async_context_frame:63:14)
    at Timeout._onTimeout (/Users/ahmedsalem/Desktop/all my projects/uneom.com/node_modules/next/dist/compiled/next-server/app-page.runtime.prod.js:12:150373) {
  digest: '3731830276'
}
TypeError: Cannot read properties of undefined (reading 'map')
    at f (/Users/ahmedsalem/Desktop/all my projects/uneom.com/.next/server/app/ar/locations/[city]/[industry]/page.js:1:8960)
    at eh (/Users/ahmedsalem/Desktop/all my projects/uneom.com/node_modules/next/dist/compiled/next-server/app-page.runtime.prod.js:12:134660)
    at e (/Users/ahmedsalem/Desktop/all my projects/uneom.com/node_modules/next/dist/compiled/next-server/app-page.runtime.prod.js:12:137545)
    at ek (/Users/ahmedsalem/Desktop/all my projects/uneom.com/node_modules/next/dist/compiled/next-server/app-page.runtime.prod.js:12:138019)
    at Array.toJSON (/Users/ahmedsalem/Desktop/all my projects/uneom.com/node_modules/next/dist/compiled/next-server/app-page.runtime.prod.js:12:135629)
    at stringify (<anonymous>)
    at eP (/Users/ahmedsalem/Desktop/all my projects/uneom.com/node_modules/next/dist/compiled/next-server/app-page.runtime.prod.js:12:142093)
    at eE (/Users/ahmedsalem/Desktop/all my projects/uneom.com/node_modules/next/dist/compiled/next-server/app-page.runtime.prod.js:12:142572)
    at Timeout._onTimeout (/Users/ahmedsalem/Desktop/all my projects/uneom.com/node_modules/next/dist/compiled/next-server/app-page.runtime.prod.js:12:135349)
    at listOnTimeout (node:internal/timers:605:17) {
  digest: '2101114011'
}
TypeError: Cannot read properties of undefined (reading 'map')
    at f (/Users/ahmedsalem/Desktop/all my projects/uneom.com/.next/server/app/ar/locations/[city]/[industry]/page.js:1:8960)
    at eh (/Users/ahmedsalem/Desktop/all my projects/uneom.com/node_modules/next/dist/compiled/next-server/app-page.runtime.prod.js:12:134660)
    at e (/Users/ahmedsalem/Desktop/all my projects/uneom.com/node_modules/next/dist/compiled/next-server/app-page.runtime.prod.js:12:137545)
    at ek (/Users/ahmedsalem/Desktop/all my projects/uneom.com/node_modules/next/dist/compiled/next-server/app-page.runtime.prod.js:12:138019)
    at Array.toJSON (/Users/ahmedsalem/Desktop/all my projects/uneom.com/node_modules/next/dist/compiled/next-server/app-page.runtime.prod.js:12:135629)
    at stringify (<anonymous>)
    at eP (/Users/ahmedsalem/Desktop/all my projects/uneom.com/node_modules/next/dist/compiled/next-server/app-page.runtime.prod.js:12:142093)
    at eE (/Users/ahmedsalem/Desktop/all my projects/uneom.com/node_modules/next/dist/compiled/next-server/app-page.runtime.prod.js:12:142572)
    at AsyncLocalStorage.run (node:internal/async_local_storage/async_context_frame:63:14)
    at Timeout._onTimeout (/Users/ahmedsalem/Desktop/all my projects/uneom.com/node_modules/next/dist/compiled/next-server/app-page.runtime.prod.js:12:150373) {
  digest: '3731830276'
}
TypeError: Cannot read properties of undefined (reading 'map')
    at f (/Users/ahmedsalem/Desktop/all my projects/uneom.com/.next/server/app/ar/locations/[city]/[industry]/page.js:1:8960)
    at eh (/Users/ahmedsalem/Desktop/all my projects/uneom.com/node_modules/next/dist/compiled/next-server/app-page.runtime.prod.js:12:134660)
    at e (/Users/ahmedsalem/Desktop/all my projects/uneom.com/node_modules/next/dist/compiled/next-server/app-page.runtime.prod.js:12:137545)
    at ek (/Users/ahmedsalem/Desktop/all my projects/uneom.com/node_modules/next/dist/compiled/next-server/app-page.runtime.prod.js:12:138019)
    at Array.toJSON (/Users/ahmedsalem/Desktop/all my projects/uneom.com/node_modules/next/dist/compiled/next-server/app-page.runtime.prod.js:12:135629)
    at stringify (<anonymous>)
    at eP (/Users/ahmedsalem/Desktop/all my projects/uneom.com/node_modules/next/dist/compiled/next-server/app-page.runtime.prod.js:12:142093)
    at eE (/Users/ahmedsalem/Desktop/all my projects/uneom.com/node_modules/next/dist/compiled/next-server/app-page.runtime.prod.js:12:142572)
    at Timeout._onTimeout (/Users/ahmedsalem/Desktop/all my projects/uneom.com/node_modules/next/dist/compiled/next-server/app-page.runtime.prod.js:12:135349)
    at listOnTimeout (node:internal/timers:605:17) {
  digest: '2101114011'
}
TypeError: Cannot read properties of undefined (reading 'map')
    at f (/Users/ahmedsalem/Desktop/all my projects/uneom.com/.next/server/app/ar/locations/[city]/[industry]/page.js:1:8960)
    at eh (/Users/ahmedsalem/Desktop/all my projects/uneom.com/node_modules/next/dist/compiled/next-server/app-page.runtime.prod.js:12:134660)
    at e (/Users/ahmedsalem/Desktop/all my projects/uneom.com/node_modules/next/dist/compiled/next-server/app-page.runtime.prod.js:12:137545)
    at ek (/Users/ahmedsalem/Desktop/all my projects/uneom.com/node_modules/next/dist/compiled/next-server/app-page.runtime.prod.js:12:138019)
    at Array.toJSON (/Users/ahmedsalem/Desktop/all my projects/uneom.com/node_modules/next/dist/compiled/next-server/app-page.runtime.prod.js:12:135629)
    at stringify (<anonymous>)
    at eP (/Users/ahmedsalem/Desktop/all my projects/uneom.com/node_modules/next/dist/compiled/next-server/app-page.runtime.prod.js:12:142093)
    at eE (/Users/ahmedsalem/Desktop/all my projects/uneom.com/node_modules/next/dist/compiled/next-server/app-page.runtime.prod.js:12:142572)
    at AsyncLocalStorage.run (node:internal/async_local_storage/async_context_frame:63:14)
    at Timeout._onTimeout (/Users/ahmedsalem/Desktop/all my projects/uneom.com/node_modules/next/dist/compiled/next-server/app-page.runtime.prod.js:12:150373) {
  digest: '3731830276'
}
TypeError: Cannot read properties of undefined (reading 'map')
    at f (/Users/ahmedsalem/Desktop/all my projects/uneom.com/.next/server/app/ar/locations/[city]/[industry]/page.js:1:8960)
    at eh (/Users/ahmedsalem/Desktop/all my projects/uneom.com/node_modules/next/dist/compiled/next-server/app-page.runtime.prod.js:12:134660)
    at e (/Users/ahmedsalem/Desktop/all my projects/uneom.com/node_modules/next/dist/compiled/next-server/app-page.runtime.prod.js:12:137545)
    at ek (/Users/ahmedsalem/Desktop/all my projects/uneom.com/node_modules/next/dist/compiled/next-server/app-page.runtime.prod.js:12:138019)
    at Array.toJSON (/Users/ahmedsalem/Desktop/all my projects/uneom.com/node_modules/next/dist/compiled/next-server/app-page.runtime.prod.js:12:135629)
    at stringify (<anonymous>)
    at eP (/Users/ahmedsalem/Desktop/all my projects/uneom.com/node_modules/next/dist/compiled/next-server/app-page.runtime.prod.js:12:142093)
    at eE (/Users/ahmedsalem/Desktop/all my projects/uneom.com/node_modules/next/dist/compiled/next-server/app-page.runtime.prod.js:12:142572)
    at Timeout._onTimeout (/Users/ahmedsalem/Desktop/all my projects/uneom.com/node_modules/next/dist/compiled/next-server/app-page.runtime.prod.js:12:135349)
    at listOnTimeout (node:internal/timers:605:17) {
  digest: '2101114011'
}

Error occurred prerendering page "/ar/locations/abha/security". Read more: https://nextjs.org/docs/messages/prerender-error

TypeError: Cannot read properties of undefined (reading 'map')
    at f (/Users/ahmedsalem/Desktop/all my projects/uneom.com/.next/server/app/ar/locations/[city]/[industry]/page.js:1:8960)
    at eh (/Users/ahmedsalem/Desktop/all my projects/uneom.com/node_modules/next/dist/compiled/next-server/app-page.runtime.prod.js:12:134660)
    at e (/Users/ahmedsalem/Desktop/all my projects/uneom.com/node_modules/next/dist/compiled/next-server/app-page.runtime.prod.js:12:137545)
    at ek (/Users/ahmedsalem/Desktop/all my projects/uneom.com/node_modules/next/dist/compiled/next-server/app-page.runtime.prod.js:12:138019)
    at Array.toJSON (/Users/ahmedsalem/Desktop/all my projects/uneom.com/node_modules/next/dist/compiled/next-server/app-page.runtime.prod.js:12:135629)
    at stringify (<anonymous>)
    at eP (/Users/ahmedsalem/Desktop/all my projects/uneom.com/node_modules/next/dist/compiled/next-server/app-page.runtime.prod.js:12:142093)
    at eE (/Users/ahmedsalem/Desktop/all my projects/uneom.com/node_modules/next/dist/compiled/next-server/app-page.runtime.prod.js:12:142572)
    at AsyncLocalStorage.run (node:internal/async_local_storage/async_context_frame:63:14)
    at Timeout._onTimeout (/Users/ahmedsalem/Desktop/all my projects/uneom.com/node_modules/next/dist/compiled/next-server/app-page.runtime.prod.js:12:150373)
TypeError: Cannot read properties of undefined (reading 'map')
    at f (/Users/ahmedsalem/Desktop/all my projects/uneom.com/.next/server/app/ar/locations/[city]/[industry]/page.js:1:8960)
    at eh (/Users/ahmedsalem/Desktop/all my projects/uneom.com/node_modules/next/dist/compiled/next-server/app-page.runtime.prod.js:12:134660)
    at e (/Users/ahmedsalem/Desktop/all my projects/uneom.com/node_modules/next/dist/compiled/next-server/app-page.runtime.prod.js:12:137545)
    at ek (/Users/ahmedsalem/Desktop/all my projects/uneom.com/node_modules/next/dist/compiled/next-server/app-page.runtime.prod.js:12:138019)
    at Array.toJSON (/Users/ahmedsalem/Desktop/all my projects/uneom.com/node_modules/next/dist/compiled/next-server/app-page.runtime.prod.js:12:135629)
    at stringify (<anonymous>)
    at eP (/Users/ahmedsalem/Desktop/all my projects/uneom.com/node_modules/next/dist/compiled/next-server/app-page.runtime.prod.js:12:142093)
    at eE (/Users/ahmedsalem/Desktop/all my projects/uneom.com/node_modules/next/dist/compiled/next-server/app-page.runtime.prod.js:12:142572)
    at AsyncLocalStorage.run (node:internal/async_local_storage/async_context_frame:63:14)
    at Timeout._onTimeout (/Users/ahmedsalem/Desktop/all my projects/uneom.com/node_modules/next/dist/compiled/next-server/app-page.runtime.prod.js:12:150373) {
  digest: '3731830276'
}
TypeError: Cannot read properties of undefined (reading 'map')
    at f (/Users/ahmedsalem/Desktop/all my projects/uneom.com/.next/server/app/ar/locations/[city]/[industry]/page.js:1:8960)
    at eh (/Users/ahmedsalem/Desktop/all my projects/uneom.com/node_modules/next/dist/compiled/next-server/app-page.runtime.prod.js:12:134660)
    at e (/Users/ahmedsalem/Desktop/all my projects/uneom.com/node_modules/next/dist/compiled/next-server/app-page.runtime.prod.js:12:137545)
    at ek (/Users/ahmedsalem/Desktop/all my projects/uneom.com/node_modules/next/dist/compiled/next-server/app-page.runtime.prod.js:12:138019)
    at Array.toJSON (/Users/ahmedsalem/Desktop/all my projects/uneom.com/node_modules/next/dist/compiled/next-server/app-page.runtime.prod.js:12:135629)
    at stringify (<anonymous>)
    at eP (/Users/ahmedsalem/Desktop/all my projects/uneom.com/node_modules/next/dist/compiled/next-server/app-page.runtime.prod.js:12:142093)
    at eE (/Users/ahmedsalem/Desktop/all my projects/uneom.com/node_modules/next/dist/compiled/next-server/app-page.runtime.prod.js:12:142572)
    at Timeout._onTimeout (/Users/ahmedsalem/Desktop/all my projects/uneom.com/node_modules/next/dist/compiled/next-server/app-page.runtime.prod.js:12:135349)
    at listOnTimeout (node:internal/timers:605:17) {
  digest: '2101114011'
}

Error occurred prerendering page "/ar/locations/abha/manufacturing". Read more: https://nextjs.org/docs/messages/prerender-error

TypeError: Cannot read properties of undefined (reading 'map')
    at f (/Users/ahmedsalem/Desktop/all my projects/uneom.com/.next/server/app/ar/locations/[city]/[industry]/page.js:1:8960)
    at eh (/Users/ahmedsalem/Desktop/all my projects/uneom.com/node_modules/next/dist/compiled/next-server/app-page.runtime.prod.js:12:134660)
    at e (/Users/ahmedsalem/Desktop/all my projects/uneom.com/node_modules/next/dist/compiled/next-server/app-page.runtime.prod.js:12:137545)
    at ek (/Users/ahmedsalem/Desktop/all my projects/uneom.com/node_modules/next/dist/compiled/next-server/app-page.runtime.prod.js:12:138019)
    at Array.toJSON (/Users/ahmedsalem/Desktop/all my projects/uneom.com/node_modules/next/dist/compiled/next-server/app-page.runtime.prod.js:12:135629)
    at stringify (<anonymous>)
    at eP (/Users/ahmedsalem/Desktop/all my projects/uneom.com/node_modules/next/dist/compiled/next-server/app-page.runtime.prod.js:12:142093)
    at eE (/Users/ahmedsalem/Desktop/all my projects/uneom.com/node_modules/next/dist/compiled/next-server/app-page.runtime.prod.js:12:142572)
    at AsyncLocalStorage.run (node:internal/async_local_storage/async_context_frame:63:14)
    at Timeout._onTimeout (/Users/ahmedsalem/Desktop/all my projects/uneom.com/node_modules/next/dist/compiled/next-server/app-page.runtime.prod.js:12:150373)

Error occurred prerendering page "/ar/locations/abha/retail-shops". Read more: https://nextjs.org/docs/messages/prerender-error

TypeError: Cannot read properties of undefined (reading 'map')
    at f (/Users/ahmedsalem/Desktop/all my projects/uneom.com/.next/server/app/ar/locations/[city]/[industry]/page.js:1:8960)
    at eh (/Users/ahmedsalem/Desktop/all my projects/uneom.com/node_modules/next/dist/compiled/next-server/app-page.runtime.prod.js:12:134660)
    at e (/Users/ahmedsalem/Desktop/all my projects/uneom.com/node_modules/next/dist/compiled/next-server/app-page.runtime.prod.js:12:137545)
    at ek (/Users/ahmedsalem/Desktop/all my projects/uneom.com/node_modules/next/dist/compiled/next-server/app-page.runtime.prod.js:12:138019)
    at Array.toJSON (/Users/ahmedsalem/Desktop/all my projects/uneom.com/node_modules/next/dist/compiled/next-server/app-page.runtime.prod.js:12:135629)
    at stringify (<anonymous>)
    at eP (/Users/ahmedsalem/Desktop/all my projects/uneom.com/node_modules/next/dist/compiled/next-server/app-page.runtime.prod.js:12:142093)
    at eE (/Users/ahmedsalem/Desktop/all my projects/uneom.com/node_modules/next/dist/compiled/next-server/app-page.runtime.prod.js:12:142572)
    at AsyncLocalStorage.run (node:internal/async_local_storage/async_context_frame:63:14)
    at Timeout._onTimeout (/Users/ahmedsalem/Desktop/all my projects/uneom.com/node_modules/next/dist/compiled/next-server/app-page.runtime.prod.js:12:150373)

Error occurred prerendering page "/ar/locations/taif/healthcare". Read more: https://nextjs.org/docs/messages/prerender-error

TypeError: Cannot read properties of undefined (reading 'map')
    at f (/Users/ahmedsalem/Desktop/all my projects/uneom.com/.next/server/app/ar/locations/[city]/[industry]/page.js:1:8960)
    at eh (/Users/ahmedsalem/Desktop/all my projects/uneom.com/node_modules/next/dist/compiled/next-server/app-page.runtime.prod.js:12:134660)
    at e (/Users/ahmedsalem/Desktop/all my projects/uneom.com/node_modules/next/dist/compiled/next-server/app-page.runtime.prod.js:12:137545)
    at ek (/Users/ahmedsalem/Desktop/all my projects/uneom.com/node_modules/next/dist/compiled/next-server/app-page.runtime.prod.js:12:138019)
    at Array.toJSON (/Users/ahmedsalem/Desktop/all my projects/uneom.com/node_modules/next/dist/compiled/next-server/app-page.runtime.prod.js:12:135629)
    at stringify (<anonymous>)
    at eP (/Users/ahmedsalem/Desktop/all my projects/uneom.com/node_modules/next/dist/compiled/next-server/app-page.runtime.prod.js:12:142093)
    at eE (/Users/ahmedsalem/Desktop/all my projects/uneom.com/node_modules/next/dist/compiled/next-server/app-page.runtime.prod.js:12:142572)
    at AsyncLocalStorage.run (node:internal/async_local_storage/async_context_frame:63:14)
    at Timeout._onTimeout (/Users/ahmedsalem/Desktop/all my projects/uneom.com/node_modules/next/dist/compiled/next-server/app-page.runtime.prod.js:12:150373)

Error occurred prerendering page "/ar/locations/taif/hospitality". Read more: https://nextjs.org/docs/messages/prerender-error

TypeError: Cannot read properties of undefined (reading 'map')
    at f (/Users/ahmedsalem/Desktop/all my projects/uneom.com/.next/server/app/ar/locations/[city]/[industry]/page.js:1:8960)
    at eh (/Users/ahmedsalem/Desktop/all my projects/uneom.com/node_modules/next/dist/compiled/next-server/app-page.runtime.prod.js:12:134660)
    at e (/Users/ahmedsalem/Desktop/all my projects/uneom.com/node_modules/next/dist/compiled/next-server/app-page.runtime.prod.js:12:137545)
    at ek (/Users/ahmedsalem/Desktop/all my projects/uneom.com/node_modules/next/dist/compiled/next-server/app-page.runtime.prod.js:12:138019)
    at Array.toJSON (/Users/ahmedsalem/Desktop/all my projects/uneom.com/node_modules/next/dist/compiled/next-server/app-page.runtime.prod.js:12:135629)
    at stringify (<anonymous>)
    at eP (/Users/ahmedsalem/Desktop/all my projects/uneom.com/node_modules/next/dist/compiled/next-server/app-page.runtime.prod.js:12:142093)
    at eE (/Users/ahmedsalem/Desktop/all my projects/uneom.com/node_modules/next/dist/compiled/next-server/app-page.runtime.prod.js:12:142572)
    at AsyncLocalStorage.run (node:internal/async_local_storage/async_context_frame:63:14)
    at Timeout._onTimeout (/Users/ahmedsalem/Desktop/all my projects/uneom.com/node_modules/next/dist/compiled/next-server/app-page.runtime.prod.js:12:150373)

Error occurred prerendering page "/ar/locations/abha/supply-manufacturing". Read more: https://nextjs.org/docs/messages/prerender-error

TypeError: Cannot read properties of undefined (reading 'map')
    at f (/Users/ahmedsalem/Desktop/all my projects/uneom.com/.next/server/app/ar/locations/[city]/[industry]/page.js:1:8960)
    at eh (/Users/ahmedsalem/Desktop/all my projects/uneom.com/node_modules/next/dist/compiled/next-server/app-page.runtime.prod.js:12:134660)
    at e (/Users/ahmedsalem/Desktop/all my projects/uneom.com/node_modules/next/dist/compiled/next-server/app-page.runtime.prod.js:12:137545)
    at ek (/Users/ahmedsalem/Desktop/all my projects/uneom.com/node_modules/next/dist/compiled/next-server/app-page.runtime.prod.js:12:138019)
    at Array.toJSON (/Users/ahmedsalem/Desktop/all my projects/uneom.com/node_modules/next/dist/compiled/next-server/app-page.runtime.prod.js:12:135629)
    at stringify (<anonymous>)
    at eP (/Users/ahmedsalem/Desktop/all my projects/uneom.com/node_modules/next/dist/compiled/next-server/app-page.runtime.prod.js:12:142093)
    at eE (/Users/ahmedsalem/Desktop/all my projects/uneom.com/node_modules/next/dist/compiled/next-server/app-page.runtime.prod.js:12:142572)
    at AsyncLocalStorage.run (node:internal/async_local_storage/async_context_frame:63:14)
    at Timeout._onTimeout (/Users/ahmedsalem/Desktop/all my projects/uneom.com/node_modules/next/dist/compiled/next-server/app-page.runtime.prod.js:12:150373)
TypeError: Cannot read properties of undefined (reading 'map')
    at f (/Users/ahmedsalem/Desktop/all my projects/uneom.com/.next/server/app/ar/locations/[city]/[industry]/page.js:1:8960)
    at eh (/Users/ahmedsalem/Desktop/all my projects/uneom.com/node_modules/next/dist/compiled/next-server/app-page.runtime.prod.js:12:134660)
    at e (/Users/ahmedsalem/Desktop/all my projects/uneom.com/node_modules/next/dist/compiled/next-server/app-page.runtime.prod.js:12:137545)
    at ek (/Users/ahmedsalem/Desktop/all my projects/uneom.com/node_modules/next/dist/compiled/next-server/app-page.runtime.prod.js:12:138019)
    at Array.toJSON (/Users/ahmedsalem/Desktop/all my projects/uneom.com/node_modules/next/dist/compiled/next-server/app-page.runtime.prod.js:12:135629)
    at stringify (<anonymous>)
    at eP (/Users/ahmedsalem/Desktop/all my projects/uneom.com/node_modules/next/dist/compiled/next-server/app-page.runtime.prod.js:12:142093)
    at eE (/Users/ahmedsalem/Desktop/all my projects/uneom.com/node_modules/next/dist/compiled/next-server/app-page.runtime.prod.js:12:142572)
    at AsyncLocalStorage.run (node:internal/async_local_storage/async_context_frame:63:14)
    at Timeout._onTimeout (/Users/ahmedsalem/Desktop/all my projects/uneom.com/node_modules/next/dist/compiled/next-server/app-page.runtime.prod.js:12:150373) {
  digest: '3731830276'
}
TypeError: Cannot read properties of undefined (reading 'map')
    at f (/Users/ahmedsalem/Desktop/all my projects/uneom.com/.next/server/app/ar/locations/[city]/[industry]/page.js:1:8960)
    at eh (/Users/ahmedsalem/Desktop/all my projects/uneom.com/node_modules/next/dist/compiled/next-server/app-page.runtime.prod.js:12:134660)
    at e (/Users/ahmedsalem/Desktop/all my projects/uneom.com/node_modules/next/dist/compiled/next-server/app-page.runtime.prod.js:12:137545)
    at ek (/Users/ahmedsalem/Desktop/all my projects/uneom.com/node_modules/next/dist/compiled/next-server/app-page.runtime.prod.js:12:138019)
    at Array.toJSON (/Users/ahmedsalem/Desktop/all my projects/uneom.com/node_modules/next/dist/compiled/next-server/app-page.runtime.prod.js:12:135629)
    at stringify (<anonymous>)
    at eP (/Users/ahmedsalem/Desktop/all my projects/uneom.com/node_modules/next/dist/compiled/next-server/app-page.runtime.prod.js:12:142093)
    at eE (/Users/ahmedsalem/Desktop/all my projects/uneom.com/node_modules/next/dist/compiled/next-server/app-page.runtime.prod.js:12:142572)
    at Timeout._onTimeout (/Users/ahmedsalem/Desktop/all my projects/uneom.com/node_modules/next/dist/compiled/next-server/app-page.runtime.prod.js:12:135349)
    at listOnTimeout (node:internal/timers:605:17) {
  digest: '2101114011'
}

Error occurred prerendering page "/ar/locations/abha/factory-industry". Read more: https://nextjs.org/docs/messages/prerender-error

TypeError: Cannot read properties of undefined (reading 'map')
    at f (/Users/ahmedsalem/Desktop/all my projects/uneom.com/.next/server/app/ar/locations/[city]/[industry]/page.js:1:8960)
    at eh (/Users/ahmedsalem/Desktop/all my projects/uneom.com/node_modules/next/dist/compiled/next-server/app-page.runtime.prod.js:12:134660)
    at e (/Users/ahmedsalem/Desktop/all my projects/uneom.com/node_modules/next/dist/compiled/next-server/app-page.runtime.prod.js:12:137545)
    at ek (/Users/ahmedsalem/Desktop/all my projects/uneom.com/node_modules/next/dist/compiled/next-server/app-page.runtime.prod.js:12:138019)
    at Array.toJSON (/Users/ahmedsalem/Desktop/all my projects/uneom.com/node_modules/next/dist/compiled/next-server/app-page.runtime.prod.js:12:135629)
    at stringify (<anonymous>)
    at eP (/Users/ahmedsalem/Desktop/all my projects/uneom.com/node_modules/next/dist/compiled/next-server/app-page.runtime.prod.js:12:142093)
    at eE (/Users/ahmedsalem/Desktop/all my projects/uneom.com/node_modules/next/dist/compiled/next-server/app-page.runtime.prod.js:12:142572)
    at AsyncLocalStorage.run (node:internal/async_local_storage/async_context_frame:63:14)
    at Timeout._onTimeout (/Users/ahmedsalem/Desktop/all my projects/uneom.com/node_modules/next/dist/compiled/next-server/app-page.runtime.prod.js:12:150373)
TypeError: Cannot read properties of undefined (reading 'map')
    at f (/Users/ahmedsalem/Desktop/all my projects/uneom.com/.next/server/app/ar/locations/[city]/[industry]/page.js:1:8960)
    at eh (/Users/ahmedsalem/Desktop/all my projects/uneom.com/node_modules/next/dist/compiled/next-server/app-page.runtime.prod.js:12:134660)
    at e (/Users/ahmedsalem/Desktop/all my projects/uneom.com/node_modules/next/dist/compiled/next-server/app-page.runtime.prod.js:12:137545)
    at ek (/Users/ahmedsalem/Desktop/all my projects/uneom.com/node_modules/next/dist/compiled/next-server/app-page.runtime.prod.js:12:138019)
    at Array.toJSON (/Users/ahmedsalem/Desktop/all my projects/uneom.com/node_modules/next/dist/compiled/next-server/app-page.runtime.prod.js:12:135629)
    at stringify (<anonymous>)
    at eP (/Users/ahmedsalem/Desktop/all my projects/uneom.com/node_modules/next/dist/compiled/next-server/app-page.runtime.prod.js:12:142093)
    at eE (/Users/ahmedsalem/Desktop/all my projects/uneom.com/node_modules/next/dist/compiled/next-server/app-page.runtime.prod.js:12:142572)
    at AsyncLocalStorage.run (node:internal/async_local_storage/async_context_frame:63:14)
    at Timeout._onTimeout (/Users/ahmedsalem/Desktop/all my projects/uneom.com/node_modules/next/dist/compiled/next-server/app-page.runtime.prod.js:12:150373) {
  digest: '3731830276'
}
TypeError: Cannot read properties of undefined (reading 'map')
    at f (/Users/ahmedsalem/Desktop/all my projects/uneom.com/.next/server/app/ar/locations/[city]/[industry]/page.js:1:8960)
    at eh (/Users/ahmedsalem/Desktop/all my projects/uneom.com/node_modules/next/dist/compiled/next-server/app-page.runtime.prod.js:12:134660)
    at e (/Users/ahmedsalem/Desktop/all my projects/uneom.com/node_modules/next/dist/compiled/next-server/app-page.runtime.prod.js:12:137545)
    at ek (/Users/ahmedsalem/Desktop/all my projects/uneom.com/node_modules/next/dist/compiled/next-server/app-page.runtime.prod.js:12:138019)
    at Array.toJSON (/Users/ahmedsalem/Desktop/all my projects/uneom.com/node_modules/next/dist/compiled/next-server/app-page.runtime.prod.js:12:135629)
    at stringify (<anonymous>)
    at eP (/Users/ahmedsalem/Desktop/all my projects/uneom.com/node_modules/next/dist/compiled/next-server/app-page.runtime.prod.js:12:142093)
    at eE (/Users/ahmedsalem/Desktop/all my projects/uneom.com/node_modules/next/dist/compiled/next-server/app-page.runtime.prod.js:12:142572)
    at Timeout._onTimeout (/Users/ahmedsalem/Desktop/all my projects/uneom.com/node_modules/next/dist/compiled/next-server/app-page.runtime.prod.js:12:135349)
    at listOnTimeout (node:internal/timers:605:17) {
  digest: '2101114011'
}

Error occurred prerendering page "/ar/locations/taif/corporate". Read more: https://nextjs.org/docs/messages/prerender-error

TypeError: Cannot read properties of undefined (reading 'map')
    at f (/Users/ahmedsalem/Desktop/all my projects/uneom.com/.next/server/app/ar/locations/[city]/[industry]/page.js:1:8960)
    at eh (/Users/ahmedsalem/Desktop/all my projects/uneom.com/node_modules/next/dist/compiled/next-server/app-page.runtime.prod.js:12:134660)
    at e (/Users/ahmedsalem/Desktop/all my projects/uneom.com/node_modules/next/dist/compiled/next-server/app-page.runtime.prod.js:12:137545)
    at ek (/Users/ahmedsalem/Desktop/all my projects/uneom.com/node_modules/next/dist/compiled/next-server/app-page.runtime.prod.js:12:138019)
    at Array.toJSON (/Users/ahmedsalem/Desktop/all my projects/uneom.com/node_modules/next/dist/compiled/next-server/app-page.runtime.prod.js:12:135629)
    at stringify (<anonymous>)
    at eP (/Users/ahmedsalem/Desktop/all my projects/uneom.com/node_modules/next/dist/compiled/next-server/app-page.runtime.prod.js:12:142093)
    at eE (/Users/ahmedsalem/Desktop/all my projects/uneom.com/node_modules/next/dist/compiled/next-server/app-page.runtime.prod.js:12:142572)
    at AsyncLocalStorage.run (node:internal/async_local_storage/async_context_frame:63:14)
    at Timeout._onTimeout (/Users/ahmedsalem/Desktop/all my projects/uneom.com/node_modules/next/dist/compiled/next-server/app-page.runtime.prod.js:12:150373)
TypeError: Cannot read properties of undefined (reading 'map')
    at f (/Users/ahmedsalem/Desktop/all my projects/uneom.com/.next/server/app/ar/locations/[city]/[industry]/page.js:1:8960)
    at eh (/Users/ahmedsalem/Desktop/all my projects/uneom.com/node_modules/next/dist/compiled/next-server/app-page.runtime.prod.js:12:134660)
    at e (/Users/ahmedsalem/Desktop/all my projects/uneom.com/node_modules/next/dist/compiled/next-server/app-page.runtime.prod.js:12:137545)
    at ek (/Users/ahmedsalem/Desktop/all my projects/uneom.com/node_modules/next/dist/compiled/next-server/app-page.runtime.prod.js:12:138019)
    at Array.toJSON (/Users/ahmedsalem/Desktop/all my projects/uneom.com/node_modules/next/dist/compiled/next-server/app-page.runtime.prod.js:12:135629)
    at stringify (<anonymous>)
    at eP (/Users/ahmedsalem/Desktop/all my projects/uneom.com/node_modules/next/dist/compiled/next-server/app-page.runtime.prod.js:12:142093)
    at eE (/Users/ahmedsalem/Desktop/all my projects/uneom.com/node_modules/next/dist/compiled/next-server/app-page.runtime.prod.js:12:142572)
    at AsyncLocalStorage.run (node:internal/async_local_storage/async_context_frame:63:14)
    at Timeout._onTimeout (/Users/ahmedsalem/Desktop/all my projects/uneom.com/node_modules/next/dist/compiled/next-server/app-page.runtime.prod.js:12:150373) {
  digest: '3731830276'
}
TypeError: Cannot read properties of undefined (reading 'map')
    at f (/Users/ahmedsalem/Desktop/all my projects/uneom.com/.next/server/app/ar/locations/[city]/[industry]/page.js:1:8960)
    at eh (/Users/ahmedsalem/Desktop/all my projects/uneom.com/node_modules/next/dist/compiled/next-server/app-page.runtime.prod.js:12:134660)
    at e (/Users/ahmedsalem/Desktop/all my projects/uneom.com/node_modules/next/dist/compiled/next-server/app-page.runtime.prod.js:12:137545)
    at ek (/Users/ahmedsalem/Desktop/all my projects/uneom.com/node_modules/next/dist/compiled/next-server/app-page.runtime.prod.js:12:138019)
    at Array.toJSON (/Users/ahmedsalem/Desktop/all my projects/uneom.com/node_modules/next/dist/compiled/next-server/app-page.runtime.prod.js:12:135629)
    at stringify (<anonymous>)
    at eP (/Users/ahmedsalem/Desktop/all my projects/uneom.com/node_modules/next/dist/compiled/next-server/app-page.runtime.prod.js:12:142093)
    at eE (/Users/ahmedsalem/Desktop/all my projects/uneom.com/node_modules/next/dist/compiled/next-server/app-page.runtime.prod.js:12:142572)
    at Timeout._onTimeout (/Users/ahmedsalem/Desktop/all my projects/uneom.com/node_modules/next/dist/compiled/next-server/app-page.runtime.prod.js:12:135349)
    at listOnTimeout (node:internal/timers:605:17) {
  digest: '2101114011'
}
TypeError: Cannot read properties of undefined (reading 'map')
    at f (/Users/ahmedsalem/Desktop/all my projects/uneom.com/.next/server/app/ar/locations/[city]/[industry]/page.js:1:8960)
    at eh (/Users/ahmedsalem/Desktop/all my projects/uneom.com/node_modules/next/dist/compiled/next-server/app-page.runtime.prod.js:12:134660)
    at e (/Users/ahmedsalem/Desktop/all my projects/uneom.com/node_modules/next/dist/compiled/next-server/app-page.runtime.prod.js:12:137545)
    at ek (/Users/ahmedsalem/Desktop/all my projects/uneom.com/node_modules/next/dist/compiled/next-server/app-page.runtime.prod.js:12:138019)
    at Array.toJSON (/Users/ahmedsalem/Desktop/all my projects/uneom.com/node_modules/next/dist/compiled/next-server/app-page.runtime.prod.js:12:135629)
    at stringify (<anonymous>)
    at eP (/Users/ahmedsalem/Desktop/all my projects/uneom.com/node_modules/next/dist/compiled/next-server/app-page.runtime.prod.js:12:142093)
    at eE (/Users/ahmedsalem/Desktop/all my projects/uneom.com/node_modules/next/dist/compiled/next-server/app-page.runtime.prod.js:12:142572)
    at AsyncLocalStorage.run (node:internal/async_local_storage/async_context_frame:63:14)
    at Timeout._onTimeout (/Users/ahmedsalem/Desktop/all my projects/uneom.com/node_modules/next/dist/compiled/next-server/app-page.runtime.prod.js:12:150373) {
  digest: '3731830276'
}
TypeError: Cannot read properties of undefined (reading 'map')
    at f (/Users/ahmedsalem/Desktop/all my projects/uneom.com/.next/server/app/ar/locations/[city]/[industry]/page.js:1:8960)
    at eh (/Users/ahmedsalem/Desktop/all my projects/uneom.com/node_modules/next/dist/compiled/next-server/app-page.runtime.prod.js:12:134660)
    at e (/Users/ahmedsalem/Desktop/all my projects/uneom.com/node_modules/next/dist/compiled/next-server/app-page.runtime.prod.js:12:137545)
    at ek (/Users/ahmedsalem/Desktop/all my projects/uneom.com/node_modules/next/dist/compiled/next-server/app-page.runtime.prod.js:12:138019)
    at Array.toJSON (/Users/ahmedsalem/Desktop/all my projects/uneom.com/node_modules/next/dist/compiled/next-server/app-page.runtime.prod.js:12:135629)
    at stringify (<anonymous>)
    at eP (/Users/ahmedsalem/Desktop/all my projects/uneom.com/node_modules/next/dist/compiled/next-server/app-page.runtime.prod.js:12:142093)
    at eE (/Users/ahmedsalem/Desktop/all my projects/uneom.com/node_modules/next/dist/compiled/next-server/app-page.runtime.prod.js:12:142572)
    at Timeout._onTimeout (/Users/ahmedsalem/Desktop/all my projects/uneom.com/node_modules/next/dist/compiled/next-server/app-page.runtime.prod.js:12:135349)
    at listOnTimeout (node:internal/timers:605:17) {
  digest: '2101114011'
}

Error occurred prerendering page "/ar/locations/taif/aviation". Read more: https://nextjs.org/docs/messages/prerender-error

TypeError: Cannot read properties of undefined (reading 'map')
    at f (/Users/ahmedsalem/Desktop/all my projects/uneom.com/.next/server/app/ar/locations/[city]/[industry]/page.js:1:8960)
    at eh (/Users/ahmedsalem/Desktop/all my projects/uneom.com/node_modules/next/dist/compiled/next-server/app-page.runtime.prod.js:12:134660)
    at e (/Users/ahmedsalem/Desktop/all my projects/uneom.com/node_modules/next/dist/compiled/next-server/app-page.runtime.prod.js:12:137545)
    at ek (/Users/ahmedsalem/Desktop/all my projects/uneom.com/node_modules/next/dist/compiled/next-server/app-page.runtime.prod.js:12:138019)
    at Array.toJSON (/Users/ahmedsalem/Desktop/all my projects/uneom.com/node_modules/next/dist/compiled/next-server/app-page.runtime.prod.js:12:135629)
    at stringify (<anonymous>)
    at eP (/Users/ahmedsalem/Desktop/all my projects/uneom.com/node_modules/next/dist/compiled/next-server/app-page.runtime.prod.js:12:142093)
    at eE (/Users/ahmedsalem/Desktop/all my projects/uneom.com/node_modules/next/dist/compiled/next-server/app-page.runtime.prod.js:12:142572)
    at AsyncLocalStorage.run (node:internal/async_local_storage/async_context_frame:63:14)
    at Timeout._onTimeout (/Users/ahmedsalem/Desktop/all my projects/uneom.com/node_modules/next/dist/compiled/next-server/app-page.runtime.prod.js:12:150373)
TypeError: Cannot read properties of undefined (reading 'map')
    at f (/Users/ahmedsalem/Desktop/all my projects/uneom.com/.next/server/app/ar/locations/[city]/[industry]/page.js:1:8960)
    at eh (/Users/ahmedsalem/Desktop/all my projects/uneom.com/node_modules/next/dist/compiled/next-server/app-page.runtime.prod.js:12:134660)
    at e (/Users/ahmedsalem/Desktop/all my projects/uneom.com/node_modules/next/dist/compiled/next-server/app-page.runtime.prod.js:12:137545)
    at ek (/Users/ahmedsalem/Desktop/all my projects/uneom.com/node_modules/next/dist/compiled/next-server/app-page.runtime.prod.js:12:138019)
    at Array.toJSON (/Users/ahmedsalem/Desktop/all my projects/uneom.com/node_modules/next/dist/compiled/next-server/app-page.runtime.prod.js:12:135629)
    at stringify (<anonymous>)
    at eP (/Users/ahmedsalem/Desktop/all my projects/uneom.com/node_modules/next/dist/compiled/next-server/app-page.runtime.prod.js:12:142093)
    at eE (/Users/ahmedsalem/Desktop/all my projects/uneom.com/node_modules/next/dist/compiled/next-server/app-page.runtime.prod.js:12:142572)
    at AsyncLocalStorage.run (node:internal/async_local_storage/async_context_frame:63:14)
    at Timeout._onTimeout (/Users/ahmedsalem/Desktop/all my projects/uneom.com/node_modules/next/dist/compiled/next-server/app-page.runtime.prod.js:12:150373) {
  digest: '3731830276'
}
TypeError: Cannot read properties of undefined (reading 'map')
    at f (/Users/ahmedsalem/Desktop/all my projects/uneom.com/.next/server/app/ar/locations/[city]/[industry]/page.js:1:8960)
    at eh (/Users/ahmedsalem/Desktop/all my projects/uneom.com/node_modules/next/dist/compiled/next-server/app-page.runtime.prod.js:12:134660)
    at e (/Users/ahmedsalem/Desktop/all my projects/uneom.com/node_modules/next/dist/compiled/next-server/app-page.runtime.prod.js:12:137545)
    at ek (/Users/ahmedsalem/Desktop/all my projects/uneom.com/node_modules/next/dist/compiled/next-server/app-page.runtime.prod.js:12:138019)
    at Array.toJSON (/Users/ahmedsalem/Desktop/all my projects/uneom.com/node_modules/next/dist/compiled/next-server/app-page.runtime.prod.js:12:135629)
    at stringify (<anonymous>)
    at eP (/Users/ahmedsalem/Desktop/all my projects/uneom.com/node_modules/next/dist/compiled/next-server/app-page.runtime.prod.js:12:142093)
    at eE (/Users/ahmedsalem/Desktop/all my projects/uneom.com/node_modules/next/dist/compiled/next-server/app-page.runtime.prod.js:12:142572)
    at Timeout._onTimeout (/Users/ahmedsalem/Desktop/all my projects/uneom.com/node_modules/next/dist/compiled/next-server/app-page.runtime.prod.js:12:135349)
    at listOnTimeout (node:internal/timers:605:17) {
  digest: '2101114011'
}
TypeError: Cannot read properties of undefined (reading 'map')
    at f (/Users/ahmedsalem/Desktop/all my projects/uneom.com/.next/server/app/ar/locations/[city]/[industry]/page.js:1:8960)
    at eh (/Users/ahmedsalem/Desktop/all my projects/uneom.com/node_modules/next/dist/compiled/next-server/app-page.runtime.prod.js:12:134660)
    at e (/Users/ahmedsalem/Desktop/all my projects/uneom.com/node_modules/next/dist/compiled/next-server/app-page.runtime.prod.js:12:137545)
    at ek (/Users/ahmedsalem/Desktop/all my projects/uneom.com/node_modules/next/dist/compiled/next-server/app-page.runtime.prod.js:12:138019)
    at Array.toJSON (/Users/ahmedsalem/Desktop/all my projects/uneom.com/node_modules/next/dist/compiled/next-server/app-page.runtime.prod.js:12:135629)
    at stringify (<anonymous>)
    at eP (/Users/ahmedsalem/Desktop/all my projects/uneom.com/node_modules/next/dist/compiled/next-server/app-page.runtime.prod.js:12:142093)
    at eE (/Users/ahmedsalem/Desktop/all my projects/uneom.com/node_modules/next/dist/compiled/next-server/app-page.runtime.prod.js:12:142572)
    at AsyncLocalStorage.run (node:internal/async_local_storage/async_context_frame:63:14)
    at Timeout._onTimeout (/Users/ahmedsalem/Desktop/all my projects/uneom.com/node_modules/next/dist/compiled/next-server/app-page.runtime.prod.js:12:150373) {
  digest: '3731830276'
}
TypeError: Cannot read properties of undefined (reading 'map')
    at f (/Users/ahmedsalem/Desktop/all my projects/uneom.com/.next/server/app/ar/locations/[city]/[industry]/page.js:1:8960)
    at eh (/Users/ahmedsalem/Desktop/all my projects/uneom.com/node_modules/next/dist/compiled/next-server/app-page.runtime.prod.js:12:134660)
    at e (/Users/ahmedsalem/Desktop/all my projects/uneom.com/node_modules/next/dist/compiled/next-server/app-page.runtime.prod.js:12:137545)
    at ek (/Users/ahmedsalem/Desktop/all my projects/uneom.com/node_modules/next/dist/compiled/next-server/app-page.runtime.prod.js:12:138019)
    at Array.toJSON (/Users/ahmedsalem/Desktop/all my projects/uneom.com/node_modules/next/dist/compiled/next-server/app-page.runtime.prod.js:12:135629)
    at stringify (<anonymous>)
    at eP (/Users/ahmedsalem/Desktop/all my projects/uneom.com/node_modules/next/dist/compiled/next-server/app-page.runtime.prod.js:12:142093)
    at eE (/Users/ahmedsalem/Desktop/all my projects/uneom.com/node_modules/next/dist/compiled/next-server/app-page.runtime.prod.js:12:142572)
    at AsyncLocalStorage.run (node:internal/async_local_storage/async_context_frame:63:14)
    at Timeout._onTimeout (/Users/ahmedsalem/Desktop/all my projects/uneom.com/node_modules/next/dist/compiled/next-server/app-page.runtime.prod.js:12:150373) {
  digest: '3731830276'
}
TypeError: Cannot read properties of undefined (reading 'map')
    at f (/Users/ahmedsalem/Desktop/all my projects/uneom.com/.next/server/app/ar/locations/[city]/[industry]/page.js:1:8960)
    at eh (/Users/ahmedsalem/Desktop/all my projects/uneom.com/node_modules/next/dist/compiled/next-server/app-page.runtime.prod.js:12:134660)
    at e (/Users/ahmedsalem/Desktop/all my projects/uneom.com/node_modules/next/dist/compiled/next-server/app-page.runtime.prod.js:12:137545)
    at ek (/Users/ahmedsalem/Desktop/all my projects/uneom.com/node_modules/next/dist/compiled/next-server/app-page.runtime.prod.js:12:138019)
    at Array.toJSON (/Users/ahmedsalem/Desktop/all my projects/uneom.com/node_modules/next/dist/compiled/next-server/app-page.runtime.prod.js:12:135629)
    at stringify (<anonymous>)
    at eP (/Users/ahmedsalem/Desktop/all my projects/uneom.com/node_modules/next/dist/compiled/next-server/app-page.runtime.prod.js:12:142093)
    at eE (/Users/ahmedsalem/Desktop/all my projects/uneom.com/node_modules/next/dist/compiled/next-server/app-page.runtime.prod.js:12:142572)
    at Timeout._onTimeout (/Users/ahmedsalem/Desktop/all my projects/uneom.com/node_modules/next/dist/compiled/next-server/app-page.runtime.prod.js:12:135349)
    at listOnTimeout (node:internal/timers:605:17) {
  digest: '2101114011'
}

Error occurred prerendering page "/ar/locations/taif/education". Read more: https://nextjs.org/docs/messages/prerender-error

TypeError: Cannot read properties of undefined (reading 'map')
    at f (/Users/ahmedsalem/Desktop/all my projects/uneom.com/.next/server/app/ar/locations/[city]/[industry]/page.js:1:8960)
    at eh (/Users/ahmedsalem/Desktop/all my projects/uneom.com/node_modules/next/dist/compiled/next-server/app-page.runtime.prod.js:12:134660)
    at e (/Users/ahmedsalem/Desktop/all my projects/uneom.com/node_modules/next/dist/compiled/next-server/app-page.runtime.prod.js:12:137545)
    at ek (/Users/ahmedsalem/Desktop/all my projects/uneom.com/node_modules/next/dist/compiled/next-server/app-page.runtime.prod.js:12:138019)
    at Array.toJSON (/Users/ahmedsalem/Desktop/all my projects/uneom.com/node_modules/next/dist/compiled/next-server/app-page.runtime.prod.js:12:135629)
    at stringify (<anonymous>)
    at eP (/Users/ahmedsalem/Desktop/all my projects/uneom.com/node_modules/next/dist/compiled/next-server/app-page.runtime.prod.js:12:142093)
    at eE (/Users/ahmedsalem/Desktop/all my projects/uneom.com/node_modules/next/dist/compiled/next-server/app-page.runtime.prod.js:12:142572)
    at AsyncLocalStorage.run (node:internal/async_local_storage/async_context_frame:63:14)
    at Timeout._onTimeout (/Users/ahmedsalem/Desktop/all my projects/uneom.com/node_modules/next/dist/compiled/next-server/app-page.runtime.prod.js:12:150373)
TypeError: Cannot read properties of undefined (reading 'map')
    at f (/Users/ahmedsalem/Desktop/all my projects/uneom.com/.next/server/app/ar/locations/[city]/[industry]/page.js:1:8960)
    at eh (/Users/ahmedsalem/Desktop/all my projects/uneom.com/node_modules/next/dist/compiled/next-server/app-page.runtime.prod.js:12:134660)
    at e (/Users/ahmedsalem/Desktop/all my projects/uneom.com/node_modules/next/dist/compiled/next-server/app-page.runtime.prod.js:12:137545)
    at ek (/Users/ahmedsalem/Desktop/all my projects/uneom.com/node_modules/next/dist/compiled/next-server/app-page.runtime.prod.js:12:138019)
    at Array.toJSON (/Users/ahmedsalem/Desktop/all my projects/uneom.com/node_modules/next/dist/compiled/next-server/app-page.runtime.prod.js:12:135629)
    at stringify (<anonymous>)
    at eP (/Users/ahmedsalem/Desktop/all my projects/uneom.com/node_modules/next/dist/compiled/next-server/app-page.runtime.prod.js:12:142093)
    at eE (/Users/ahmedsalem/Desktop/all my projects/uneom.com/node_modules/next/dist/compiled/next-server/app-page.runtime.prod.js:12:142572)
    at Timeout._onTimeout (/Users/ahmedsalem/Desktop/all my projects/uneom.com/node_modules/next/dist/compiled/next-server/app-page.runtime.prod.js:12:135349)
    at listOnTimeout (node:internal/timers:605:17) {
  digest: '2101114011'
}
TypeError: Cannot read properties of undefined (reading 'map')
    at f (/Users/ahmedsalem/Desktop/all my projects/uneom.com/.next/server/app/ar/locations/[city]/[industry]/page.js:1:8960)
    at eh (/Users/ahmedsalem/Desktop/all my projects/uneom.com/node_modules/next/dist/compiled/next-server/app-page.runtime.prod.js:12:134660)
    at e (/Users/ahmedsalem/Desktop/all my projects/uneom.com/node_modules/next/dist/compiled/next-server/app-page.runtime.prod.js:12:137545)
    at ek (/Users/ahmedsalem/Desktop/all my projects/uneom.com/node_modules/next/dist/compiled/next-server/app-page.runtime.prod.js:12:138019)
    at Array.toJSON (/Users/ahmedsalem/Desktop/all my projects/uneom.com/node_modules/next/dist/compiled/next-server/app-page.runtime.prod.js:12:135629)
    at stringify (<anonymous>)
    at eP (/Users/ahmedsalem/Desktop/all my projects/uneom.com/node_modules/next/dist/compiled/next-server/app-page.runtime.prod.js:12:142093)
    at eE (/Users/ahmedsalem/Desktop/all my projects/uneom.com/node_modules/next/dist/compiled/next-server/app-page.runtime.prod.js:12:142572)
    at AsyncLocalStorage.run (node:internal/async_local_storage/async_context_frame:63:14)
    at Timeout._onTimeout (/Users/ahmedsalem/Desktop/all my projects/uneom.com/node_modules/next/dist/compiled/next-server/app-page.runtime.prod.js:12:150373) {
  digest: '3731830276'
}
TypeError: Cannot read properties of undefined (reading 'map')
    at f (/Users/ahmedsalem/Desktop/all my projects/uneom.com/.next/server/app/ar/locations/[city]/[industry]/page.js:1:8960)
    at eh (/Users/ahmedsalem/Desktop/all my projects/uneom.com/node_modules/next/dist/compiled/next-server/app-page.runtime.prod.js:12:134660)
    at e (/Users/ahmedsalem/Desktop/all my projects/uneom.com/node_modules/next/dist/compiled/next-server/app-page.runtime.prod.js:12:137545)
    at ek (/Users/ahmedsalem/Desktop/all my projects/uneom.com/node_modules/next/dist/compiled/next-server/app-page.runtime.prod.js:12:138019)
    at Array.toJSON (/Users/ahmedsalem/Desktop/all my projects/uneom.com/node_modules/next/dist/compiled/next-server/app-page.runtime.prod.js:12:135629)
    at stringify (<anonymous>)
    at eP (/Users/ahmedsalem/Desktop/all my projects/uneom.com/node_modules/next/dist/compiled/next-server/app-page.runtime.prod.js:12:142093)
    at eE (/Users/ahmedsalem/Desktop/all my projects/uneom.com/node_modules/next/dist/compiled/next-server/app-page.runtime.prod.js:12:142572)
    at Timeout._onTimeout (/Users/ahmedsalem/Desktop/all my projects/uneom.com/node_modules/next/dist/compiled/next-server/app-page.runtime.prod.js:12:135349)
    at listOnTimeout (node:internal/timers:605:17) {
  digest: '2101114011'
}
TypeError: Cannot read properties of undefined (reading 'map')
    at f (/Users/ahmedsalem/Desktop/all my projects/uneom.com/.next/server/app/ar/locations/[city]/[industry]/page.js:1:8960)
    at eh (/Users/ahmedsalem/Desktop/all my projects/uneom.com/node_modules/next/dist/compiled/next-server/app-page.runtime.prod.js:12:134660)
    at e (/Users/ahmedsalem/Desktop/all my projects/uneom.com/node_modules/next/dist/compiled/next-server/app-page.runtime.prod.js:12:137545)
    at ek (/Users/ahmedsalem/Desktop/all my projects/uneom.com/node_modules/next/dist/compiled/next-server/app-page.runtime.prod.js:12:138019)
    at Array.toJSON (/Users/ahmedsalem/Desktop/all my projects/uneom.com/node_modules/next/dist/compiled/next-server/app-page.runtime.prod.js:12:135629)
    at stringify (<anonymous>)
    at eP (/Users/ahmedsalem/Desktop/all my projects/uneom.com/node_modules/next/dist/compiled/next-server/app-page.runtime.prod.js:12:142093)
    at eE (/Users/ahmedsalem/Desktop/all my projects/uneom.com/node_modules/next/dist/compiled/next-server/app-page.runtime.prod.js:12:142572)
    at AsyncLocalStorage.run (node:internal/async_local_storage/async_context_frame:63:14)
    at Timeout._onTimeout (/Users/ahmedsalem/Desktop/all my projects/uneom.com/node_modules/next/dist/compiled/next-server/app-page.runtime.prod.js:12:150373) {
  digest: '3731830276'
}
TypeError: Cannot read properties of undefined (reading 'map')
    at f (/Users/ahmedsalem/Desktop/all my projects/uneom.com/.next/server/app/ar/locations/[city]/[industry]/page.js:1:8960)
    at eh (/Users/ahmedsalem/Desktop/all my projects/uneom.com/node_modules/next/dist/compiled/next-server/app-page.runtime.prod.js:12:134660)
    at e (/Users/ahmedsalem/Desktop/all my projects/uneom.com/node_modules/next/dist/compiled/next-server/app-page.runtime.prod.js:12:137545)
    at ek (/Users/ahmedsalem/Desktop/all my projects/uneom.com/node_modules/next/dist/compiled/next-server/app-page.runtime.prod.js:12:138019)
    at Array.toJSON (/Users/ahmedsalem/Desktop/all my projects/uneom.com/node_modules/next/dist/compiled/next-server/app-page.runtime.prod.js:12:135629)
    at stringify (<anonymous>)
    at eP (/Users/ahmedsalem/Desktop/all my projects/uneom.com/node_modules/next/dist/compiled/next-server/app-page.runtime.prod.js:12:142093)
    at eE (/Users/ahmedsalem/Desktop/all my projects/uneom.com/node_modules/next/dist/compiled/next-server/app-page.runtime.prod.js:12:142572)
    at Timeout._onTimeout (/Users/ahmedsalem/Desktop/all my projects/uneom.com/node_modules/next/dist/compiled/next-server/app-page.runtime.prod.js:12:135349)
    at listOnTimeout (node:internal/timers:605:17) {
  digest: '2101114011'
}

Error occurred prerendering page "/ar/locations/taif/factory-industry". Read more: https://nextjs.org/docs/messages/prerender-error

TypeError: Cannot read properties of undefined (reading 'map')
    at f (/Users/ahmedsalem/Desktop/all my projects/uneom.com/.next/server/app/ar/locations/[city]/[industry]/page.js:1:8960)
    at eh (/Users/ahmedsalem/Desktop/all my projects/uneom.com/node_modules/next/dist/compiled/next-server/app-page.runtime.prod.js:12:134660)
    at e (/Users/ahmedsalem/Desktop/all my projects/uneom.com/node_modules/next/dist/compiled/next-server/app-page.runtime.prod.js:12:137545)
    at ek (/Users/ahmedsalem/Desktop/all my projects/uneom.com/node_modules/next/dist/compiled/next-server/app-page.runtime.prod.js:12:138019)
    at Array.toJSON (/Users/ahmedsalem/Desktop/all my projects/uneom.com/node_modules/next/dist/compiled/next-server/app-page.runtime.prod.js:12:135629)
    at stringify (<anonymous>)
    at eP (/Users/ahmedsalem/Desktop/all my projects/uneom.com/node_modules/next/dist/compiled/next-server/app-page.runtime.prod.js:12:142093)
    at eE (/Users/ahmedsalem/Desktop/all my projects/uneom.com/node_modules/next/dist/compiled/next-server/app-page.runtime.prod.js:12:142572)
    at AsyncLocalStorage.run (node:internal/async_local_storage/async_context_frame:63:14)
    at Timeout._onTimeout (/Users/ahmedsalem/Desktop/all my projects/uneom.com/node_modules/next/dist/compiled/next-server/app-page.runtime.prod.js:12:150373)

Error occurred prerendering page "/ar/locations/taif/manufacturing". Read more: https://nextjs.org/docs/messages/prerender-error

TypeError: Cannot read properties of undefined (reading 'map')
    at f (/Users/ahmedsalem/Desktop/all my projects/uneom.com/.next/server/app/ar/locations/[city]/[industry]/page.js:1:8960)
    at eh (/Users/ahmedsalem/Desktop/all my projects/uneom.com/node_modules/next/dist/compiled/next-server/app-page.runtime.prod.js:12:134660)
    at e (/Users/ahmedsalem/Desktop/all my projects/uneom.com/node_modules/next/dist/compiled/next-server/app-page.runtime.prod.js:12:137545)
    at ek (/Users/ahmedsalem/Desktop/all my projects/uneom.com/node_modules/next/dist/compiled/next-server/app-page.runtime.prod.js:12:138019)
    at Array.toJSON (/Users/ahmedsalem/Desktop/all my projects/uneom.com/node_modules/next/dist/compiled/next-server/app-page.runtime.prod.js:12:135629)
    at stringify (<anonymous>)
    at eP (/Users/ahmedsalem/Desktop/all my projects/uneom.com/node_modules/next/dist/compiled/next-server/app-page.runtime.prod.js:12:142093)
    at eE (/Users/ahmedsalem/Desktop/all my projects/uneom.com/node_modules/next/dist/compiled/next-server/app-page.runtime.prod.js:12:142572)
    at AsyncLocalStorage.run (node:internal/async_local_storage/async_context_frame:63:14)
    at Timeout._onTimeout (/Users/ahmedsalem/Desktop/all my projects/uneom.com/node_modules/next/dist/compiled/next-server/app-page.runtime.prod.js:12:150373)

Error occurred prerendering page "/ar/locations/taif/security". Read more: https://nextjs.org/docs/messages/prerender-error

TypeError: Cannot read properties of undefined (reading 'map')
    at f (/Users/ahmedsalem/Desktop/all my projects/uneom.com/.next/server/app/ar/locations/[city]/[industry]/page.js:1:8960)
    at eh (/Users/ahmedsalem/Desktop/all my projects/uneom.com/node_modules/next/dist/compiled/next-server/app-page.runtime.prod.js:12:134660)
    at e (/Users/ahmedsalem/Desktop/all my projects/uneom.com/node_modules/next/dist/compiled/next-server/app-page.runtime.prod.js:12:137545)
    at ek (/Users/ahmedsalem/Desktop/all my projects/uneom.com/node_modules/next/dist/compiled/next-server/app-page.runtime.prod.js:12:138019)
    at Array.toJSON (/Users/ahmedsalem/Desktop/all my projects/uneom.com/node_modules/next/dist/compiled/next-server/app-page.runtime.prod.js:12:135629)
    at stringify (<anonymous>)
    at eP (/Users/ahmedsalem/Desktop/all my projects/uneom.com/node_modules/next/dist/compiled/next-server/app-page.runtime.prod.js:12:142093)
    at eE (/Users/ahmedsalem/Desktop/all my projects/uneom.com/node_modules/next/dist/compiled/next-server/app-page.runtime.prod.js:12:142572)
    at AsyncLocalStorage.run (node:internal/async_local_storage/async_context_frame:63:14)
    at Timeout._onTimeout (/Users/ahmedsalem/Desktop/all my projects/uneom.com/node_modules/next/dist/compiled/next-server/app-page.runtime.prod.js:12:150373)

Error occurred prerendering page "/ar/locations/taif/supply-manufacturing". Read more: https://nextjs.org/docs/messages/prerender-error

TypeError: Cannot read properties of undefined (reading 'map')
    at f (/Users/ahmedsalem/Desktop/all my projects/uneom.com/.next/server/app/ar/locations/[city]/[industry]/page.js:1:8960)
    at eh (/Users/ahmedsalem/Desktop/all my projects/uneom.com/node_modules/next/dist/compiled/next-server/app-page.runtime.prod.js:12:134660)
    at e (/Users/ahmedsalem/Desktop/all my projects/uneom.com/node_modules/next/dist/compiled/next-server/app-page.runtime.prod.js:12:137545)
    at ek (/Users/ahmedsalem/Desktop/all my projects/uneom.com/node_modules/next/dist/compiled/next-server/app-page.runtime.prod.js:12:138019)
    at Array.toJSON (/Users/ahmedsalem/Desktop/all my projects/uneom.com/node_modules/next/dist/compiled/next-server/app-page.runtime.prod.js:12:135629)
    at stringify (<anonymous>)
    at eP (/Users/ahmedsalem/Desktop/all my projects/uneom.com/node_modules/next/dist/compiled/next-server/app-page.runtime.prod.js:12:142093)
    at eE (/Users/ahmedsalem/Desktop/all my projects/uneom.com/node_modules/next/dist/compiled/next-server/app-page.runtime.prod.js:12:142572)
    at AsyncLocalStorage.run (node:internal/async_local_storage/async_context_frame:63:14)
    at Timeout._onTimeout (/Users/ahmedsalem/Desktop/all my projects/uneom.com/node_modules/next/dist/compiled/next-server/app-page.runtime.prod.js:12:150373)
TypeError: Cannot read properties of undefined (reading 'map')
    at f (/Users/ahmedsalem/Desktop/all my projects/uneom.com/.next/server/app/ar/locations/[city]/[industry]/page.js:1:8960)
    at eh (/Users/ahmedsalem/Desktop/all my projects/uneom.com/node_modules/next/dist/compiled/next-server/app-page.runtime.prod.js:12:134660)
    at e (/Users/ahmedsalem/Desktop/all my projects/uneom.com/node_modules/next/dist/compiled/next-server/app-page.runtime.prod.js:12:137545)
    at ek (/Users/ahmedsalem/Desktop/all my projects/uneom.com/node_modules/next/dist/compiled/next-server/app-page.runtime.prod.js:12:138019)
    at Array.toJSON (/Users/ahmedsalem/Desktop/all my projects/uneom.com/node_modules/next/dist/compiled/next-server/app-page.runtime.prod.js:12:135629)
    at stringify (<anonymous>)
    at eP (/Users/ahmedsalem/Desktop/all my projects/uneom.com/node_modules/next/dist/compiled/next-server/app-page.runtime.prod.js:12:142093)
    at eE (/Users/ahmedsalem/Desktop/all my projects/uneom.com/node_modules/next/dist/compiled/next-server/app-page.runtime.prod.js:12:142572)
    at AsyncLocalStorage.run (node:internal/async_local_storage/async_context_frame:63:14)
    at Timeout._onTimeout (/Users/ahmedsalem/Desktop/all my projects/uneom.com/node_modules/next/dist/compiled/next-server/app-page.runtime.prod.js:12:150373) {
  digest: '3731830276'
}
TypeError: Cannot read properties of undefined (reading 'map')
    at f (/Users/ahmedsalem/Desktop/all my projects/uneom.com/.next/server/app/ar/locations/[city]/[industry]/page.js:1:8960)
    at eh (/Users/ahmedsalem/Desktop/all my projects/uneom.com/node_modules/next/dist/compiled/next-server/app-page.runtime.prod.js:12:134660)
    at e (/Users/ahmedsalem/Desktop/all my projects/uneom.com/node_modules/next/dist/compiled/next-server/app-page.runtime.prod.js:12:137545)
    at ek (/Users/ahmedsalem/Desktop/all my projects/uneom.com/node_modules/next/dist/compiled/next-server/app-page.runtime.prod.js:12:138019)
    at Array.toJSON (/Users/ahmedsalem/Desktop/all my projects/uneom.com/node_modules/next/dist/compiled/next-server/app-page.runtime.prod.js:12:135629)
    at stringify (<anonymous>)
    at eP (/Users/ahmedsalem/Desktop/all my projects/uneom.com/node_modules/next/dist/compiled/next-server/app-page.runtime.prod.js:12:142093)
    at eE (/Users/ahmedsalem/Desktop/all my projects/uneom.com/node_modules/next/dist/compiled/next-server/app-page.runtime.prod.js:12:142572)
    at Timeout._onTimeout (/Users/ahmedsalem/Desktop/all my projects/uneom.com/node_modules/next/dist/compiled/next-server/app-page.runtime.prod.js:12:135349)
    at listOnTimeout (node:internal/timers:605:17) {
  digest: '2101114011'
}

Error occurred prerendering page "/ar/locations/buraidah/aviation". Read more: https://nextjs.org/docs/messages/prerender-error

TypeError: Cannot read properties of undefined (reading 'map')
    at f (/Users/ahmedsalem/Desktop/all my projects/uneom.com/.next/server/app/ar/locations/[city]/[industry]/page.js:1:8960)
    at eh (/Users/ahmedsalem/Desktop/all my projects/uneom.com/node_modules/next/dist/compiled/next-server/app-page.runtime.prod.js:12:134660)
    at e (/Users/ahmedsalem/Desktop/all my projects/uneom.com/node_modules/next/dist/compiled/next-server/app-page.runtime.prod.js:12:137545)
    at ek (/Users/ahmedsalem/Desktop/all my projects/uneom.com/node_modules/next/dist/compiled/next-server/app-page.runtime.prod.js:12:138019)
    at Array.toJSON (/Users/ahmedsalem/Desktop/all my projects/uneom.com/node_modules/next/dist/compiled/next-server/app-page.runtime.prod.js:12:135629)
    at stringify (<anonymous>)
    at eP (/Users/ahmedsalem/Desktop/all my projects/uneom.com/node_modules/next/dist/compiled/next-server/app-page.runtime.prod.js:12:142093)
    at eE (/Users/ahmedsalem/Desktop/all my projects/uneom.com/node_modules/next/dist/compiled/next-server/app-page.runtime.prod.js:12:142572)
    at AsyncLocalStorage.run (node:internal/async_local_storage/async_context_frame:63:14)
    at Timeout._onTimeout (/Users/ahmedsalem/Desktop/all my projects/uneom.com/node_modules/next/dist/compiled/next-server/app-page.runtime.prod.js:12:150373)

Error occurred prerendering page "/ar/locations/buraidah/healthcare". Read more: https://nextjs.org/docs/messages/prerender-error

TypeError: Cannot read properties of undefined (reading 'map')
    at f (/Users/ahmedsalem/Desktop/all my projects/uneom.com/.next/server/app/ar/locations/[city]/[industry]/page.js:1:8960)
    at eh (/Users/ahmedsalem/Desktop/all my projects/uneom.com/node_modules/next/dist/compiled/next-server/app-page.runtime.prod.js:12:134660)
    at e (/Users/ahmedsalem/Desktop/all my projects/uneom.com/node_modules/next/dist/compiled/next-server/app-page.runtime.prod.js:12:137545)
    at ek (/Users/ahmedsalem/Desktop/all my projects/uneom.com/node_modules/next/dist/compiled/next-server/app-page.runtime.prod.js:12:138019)
    at Array.toJSON (/Users/ahmedsalem/Desktop/all my projects/uneom.com/node_modules/next/dist/compiled/next-server/app-page.runtime.prod.js:12:135629)
    at stringify (<anonymous>)
    at eP (/Users/ahmedsalem/Desktop/all my projects/uneom.com/node_modules/next/dist/compiled/next-server/app-page.runtime.prod.js:12:142093)
    at eE (/Users/ahmedsalem/Desktop/all my projects/uneom.com/node_modules/next/dist/compiled/next-server/app-page.runtime.prod.js:12:142572)
    at AsyncLocalStorage.run (node:internal/async_local_storage/async_context_frame:63:14)
    at Timeout._onTimeout (/Users/ahmedsalem/Desktop/all my projects/uneom.com/node_modules/next/dist/compiled/next-server/app-page.runtime.prod.js:12:150373)
TypeError: Cannot read properties of undefined (reading 'map')
    at f (/Users/ahmedsalem/Desktop/all my projects/uneom.com/.next/server/app/ar/locations/[city]/[industry]/page.js:1:8960)
    at eh (/Users/ahmedsalem/Desktop/all my projects/uneom.com/node_modules/next/dist/compiled/next-server/app-page.runtime.prod.js:12:134660)
    at e (/Users/ahmedsalem/Desktop/all my projects/uneom.com/node_modules/next/dist/compiled/next-server/app-page.runtime.prod.js:12:137545)
    at ek (/Users/ahmedsalem/Desktop/all my projects/uneom.com/node_modules/next/dist/compiled/next-server/app-page.runtime.prod.js:12:138019)
    at Array.toJSON (/Users/ahmedsalem/Desktop/all my projects/uneom.com/node_modules/next/dist/compiled/next-server/app-page.runtime.prod.js:12:135629)
    at stringify (<anonymous>)
    at eP (/Users/ahmedsalem/Desktop/all my projects/uneom.com/node_modules/next/dist/compiled/next-server/app-page.runtime.prod.js:12:142093)
    at eE (/Users/ahmedsalem/Desktop/all my projects/uneom.com/node_modules/next/dist/compiled/next-server/app-page.runtime.prod.js:12:142572)
    at AsyncLocalStorage.run (node:internal/async_local_storage/async_context_frame:63:14)
    at Timeout._onTimeout (/Users/ahmedsalem/Desktop/all my projects/uneom.com/node_modules/next/dist/compiled/next-server/app-page.runtime.prod.js:12:150373) {
  digest: '3731830276'
}
TypeError: Cannot read properties of undefined (reading 'map')
    at f (/Users/ahmedsalem/Desktop/all my projects/uneom.com/.next/server/app/ar/locations/[city]/[industry]/page.js:1:8960)
    at eh (/Users/ahmedsalem/Desktop/all my projects/uneom.com/node_modules/next/dist/compiled/next-server/app-page.runtime.prod.js:12:134660)
    at e (/Users/ahmedsalem/Desktop/all my projects/uneom.com/node_modules/next/dist/compiled/next-server/app-page.runtime.prod.js:12:137545)
    at ek (/Users/ahmedsalem/Desktop/all my projects/uneom.com/node_modules/next/dist/compiled/next-server/app-page.runtime.prod.js:12:138019)
    at Array.toJSON (/Users/ahmedsalem/Desktop/all my projects/uneom.com/node_modules/next/dist/compiled/next-server/app-page.runtime.prod.js:12:135629)
    at stringify (<anonymous>)
    at eP (/Users/ahmedsalem/Desktop/all my projects/uneom.com/node_modules/next/dist/compiled/next-server/app-page.runtime.prod.js:12:142093)
    at eE (/Users/ahmedsalem/Desktop/all my projects/uneom.com/node_modules/next/dist/compiled/next-server/app-page.runtime.prod.js:12:142572)
    at Timeout._onTimeout (/Users/ahmedsalem/Desktop/all my projects/uneom.com/node_modules/next/dist/compiled/next-server/app-page.runtime.prod.js:12:135349)
    at listOnTimeout (node:internal/timers:605:17) {
  digest: '2101114011'
}

Error occurred prerendering page "/ar/locations/buraidah/hospitality". Read more: https://nextjs.org/docs/messages/prerender-error

TypeError: Cannot read properties of undefined (reading 'map')
    at f (/Users/ahmedsalem/Desktop/all my projects/uneom.com/.next/server/app/ar/locations/[city]/[industry]/page.js:1:8960)
    at eh (/Users/ahmedsalem/Desktop/all my projects/uneom.com/node_modules/next/dist/compiled/next-server/app-page.runtime.prod.js:12:134660)
    at e (/Users/ahmedsalem/Desktop/all my projects/uneom.com/node_modules/next/dist/compiled/next-server/app-page.runtime.prod.js:12:137545)
    at ek (/Users/ahmedsalem/Desktop/all my projects/uneom.com/node_modules/next/dist/compiled/next-server/app-page.runtime.prod.js:12:138019)
    at Array.toJSON (/Users/ahmedsalem/Desktop/all my projects/uneom.com/node_modules/next/dist/compiled/next-server/app-page.runtime.prod.js:12:135629)
    at stringify (<anonymous>)
    at eP (/Users/ahmedsalem/Desktop/all my projects/uneom.com/node_modules/next/dist/compiled/next-server/app-page.runtime.prod.js:12:142093)
    at eE (/Users/ahmedsalem/Desktop/all my projects/uneom.com/node_modules/next/dist/compiled/next-server/app-page.runtime.prod.js:12:142572)
    at AsyncLocalStorage.run (node:internal/async_local_storage/async_context_frame:63:14)
    at Timeout._onTimeout (/Users/ahmedsalem/Desktop/all my projects/uneom.com/node_modules/next/dist/compiled/next-server/app-page.runtime.prod.js:12:150373)
TypeError: Cannot read properties of undefined (reading 'map')
    at f (/Users/ahmedsalem/Desktop/all my projects/uneom.com/.next/server/app/ar/locations/[city]/[industry]/page.js:1:8960)
    at eh (/Users/ahmedsalem/Desktop/all my projects/uneom.com/node_modules/next/dist/compiled/next-server/app-page.runtime.prod.js:12:134660)
    at e (/Users/ahmedsalem/Desktop/all my projects/uneom.com/node_modules/next/dist/compiled/next-server/app-page.runtime.prod.js:12:137545)
    at ek (/Users/ahmedsalem/Desktop/all my projects/uneom.com/node_modules/next/dist/compiled/next-server/app-page.runtime.prod.js:12:138019)
    at Array.toJSON (/Users/ahmedsalem/Desktop/all my projects/uneom.com/node_modules/next/dist/compiled/next-server/app-page.runtime.prod.js:12:135629)
    at stringify (<anonymous>)
    at eP (/Users/ahmedsalem/Desktop/all my projects/uneom.com/node_modules/next/dist/compiled/next-server/app-page.runtime.prod.js:12:142093)
    at eE (/Users/ahmedsalem/Desktop/all my projects/uneom.com/node_modules/next/dist/compiled/next-server/app-page.runtime.prod.js:12:142572)
    at AsyncLocalStorage.run (node:internal/async_local_storage/async_context_frame:63:14)
    at Timeout._onTimeout (/Users/ahmedsalem/Desktop/all my projects/uneom.com/node_modules/next/dist/compiled/next-server/app-page.runtime.prod.js:12:150373) {
  digest: '3731830276'
}
TypeError: Cannot read properties of undefined (reading 'map')
    at f (/Users/ahmedsalem/Desktop/all my projects/uneom.com/.next/server/app/ar/locations/[city]/[industry]/page.js:1:8960)
    at eh (/Users/ahmedsalem/Desktop/all my projects/uneom.com/node_modules/next/dist/compiled/next-server/app-page.runtime.prod.js:12:134660)
    at e (/Users/ahmedsalem/Desktop/all my projects/uneom.com/node_modules/next/dist/compiled/next-server/app-page.runtime.prod.js:12:137545)
    at ek (/Users/ahmedsalem/Desktop/all my projects/uneom.com/node_modules/next/dist/compiled/next-server/app-page.runtime.prod.js:12:138019)
    at Array.toJSON (/Users/ahmedsalem/Desktop/all my projects/uneom.com/node_modules/next/dist/compiled/next-server/app-page.runtime.prod.js:12:135629)
    at stringify (<anonymous>)
    at eP (/Users/ahmedsalem/Desktop/all my projects/uneom.com/node_modules/next/dist/compiled/next-server/app-page.runtime.prod.js:12:142093)
    at eE (/Users/ahmedsalem/Desktop/all my projects/uneom.com/node_modules/next/dist/compiled/next-server/app-page.runtime.prod.js:12:142572)
    at Timeout._onTimeout (/Users/ahmedsalem/Desktop/all my projects/uneom.com/node_modules/next/dist/compiled/next-server/app-page.runtime.prod.js:12:135349)
    at listOnTimeout (node:internal/timers:605:17) {
  digest: '2101114011'
}

Error occurred prerendering page "/ar/locations/buraidah/education". Read more: https://nextjs.org/docs/messages/prerender-error

TypeError: Cannot read properties of undefined (reading 'map')
    at f (/Users/ahmedsalem/Desktop/all my projects/uneom.com/.next/server/app/ar/locations/[city]/[industry]/page.js:1:8960)
    at eh (/Users/ahmedsalem/Desktop/all my projects/uneom.com/node_modules/next/dist/compiled/next-server/app-page.runtime.prod.js:12:134660)
    at e (/Users/ahmedsalem/Desktop/all my projects/uneom.com/node_modules/next/dist/compiled/next-server/app-page.runtime.prod.js:12:137545)
    at ek (/Users/ahmedsalem/Desktop/all my projects/uneom.com/node_modules/next/dist/compiled/next-server/app-page.runtime.prod.js:12:138019)
    at Array.toJSON (/Users/ahmedsalem/Desktop/all my projects/uneom.com/node_modules/next/dist/compiled/next-server/app-page.runtime.prod.js:12:135629)
    at stringify (<anonymous>)
    at eP (/Users/ahmedsalem/Desktop/all my projects/uneom.com/node_modules/next/dist/compiled/next-server/app-page.runtime.prod.js:12:142093)
    at eE (/Users/ahmedsalem/Desktop/all my projects/uneom.com/node_modules/next/dist/compiled/next-server/app-page.runtime.prod.js:12:142572)
    at AsyncLocalStorage.run (node:internal/async_local_storage/async_context_frame:63:14)
    at Timeout._onTimeout (/Users/ahmedsalem/Desktop/all my projects/uneom.com/node_modules/next/dist/compiled/next-server/app-page.runtime.prod.js:12:150373)
TypeError: Cannot read properties of undefined (reading 'map')
    at f (/Users/ahmedsalem/Desktop/all my projects/uneom.com/.next/server/app/ar/locations/[city]/[industry]/page.js:1:8960)
    at eh (/Users/ahmedsalem/Desktop/all my projects/uneom.com/node_modules/next/dist/compiled/next-server/app-page.runtime.prod.js:12:134660)
    at e (/Users/ahmedsalem/Desktop/all my projects/uneom.com/node_modules/next/dist/compiled/next-server/app-page.runtime.prod.js:12:137545)
    at ek (/Users/ahmedsalem/Desktop/all my projects/uneom.com/node_modules/next/dist/compiled/next-server/app-page.runtime.prod.js:12:138019)
    at Array.toJSON (/Users/ahmedsalem/Desktop/all my projects/uneom.com/node_modules/next/dist/compiled/next-server/app-page.runtime.prod.js:12:135629)
    at stringify (<anonymous>)
    at eP (/Users/ahmedsalem/Desktop/all my projects/uneom.com/node_modules/next/dist/compiled/next-server/app-page.runtime.prod.js:12:142093)
    at eE (/Users/ahmedsalem/Desktop/all my projects/uneom.com/node_modules/next/dist/compiled/next-server/app-page.runtime.prod.js:12:142572)
    at AsyncLocalStorage.run (node:internal/async_local_storage/async_context_frame:63:14)
    at Timeout._onTimeout (/Users/ahmedsalem/Desktop/all my projects/uneom.com/node_modules/next/dist/compiled/next-server/app-page.runtime.prod.js:12:150373) {
  digest: '3731830276'
}
TypeError: Cannot read properties of undefined (reading 'map')
    at f (/Users/ahmedsalem/Desktop/all my projects/uneom.com/.next/server/app/ar/locations/[city]/[industry]/page.js:1:8960)
    at eh (/Users/ahmedsalem/Desktop/all my projects/uneom.com/node_modules/next/dist/compiled/next-server/app-page.runtime.prod.js:12:134660)
    at e (/Users/ahmedsalem/Desktop/all my projects/uneom.com/node_modules/next/dist/compiled/next-server/app-page.runtime.prod.js:12:137545)
    at ek (/Users/ahmedsalem/Desktop/all my projects/uneom.com/node_modules/next/dist/compiled/next-server/app-page.runtime.prod.js:12:138019)
    at Array.toJSON (/Users/ahmedsalem/Desktop/all my projects/uneom.com/node_modules/next/dist/compiled/next-server/app-page.runtime.prod.js:12:135629)
    at stringify (<anonymous>)
    at eP (/Users/ahmedsalem/Desktop/all my projects/uneom.com/node_modules/next/dist/compiled/next-server/app-page.runtime.prod.js:12:142093)
    at eE (/Users/ahmedsalem/Desktop/all my projects/uneom.com/node_modules/next/dist/compiled/next-server/app-page.runtime.prod.js:12:142572)
    at Timeout._onTimeout (/Users/ahmedsalem/Desktop/all my projects/uneom.com/node_modules/next/dist/compiled/next-server/app-page.runtime.prod.js:12:135349)
    at listOnTimeout (node:internal/timers:605:17) {
  digest: '2101114011'
}

Error occurred prerendering page "/ar/locations/buraidah/corporate". Read more: https://nextjs.org/docs/messages/prerender-error

TypeError: Cannot read properties of undefined (reading 'map')
    at f (/Users/ahmedsalem/Desktop/all my projects/uneom.com/.next/server/app/ar/locations/[city]/[industry]/page.js:1:8960)
    at eh (/Users/ahmedsalem/Desktop/all my projects/uneom.com/node_modules/next/dist/compiled/next-server/app-page.runtime.prod.js:12:134660)
    at e (/Users/ahmedsalem/Desktop/all my projects/uneom.com/node_modules/next/dist/compiled/next-server/app-page.runtime.prod.js:12:137545)
    at ek (/Users/ahmedsalem/Desktop/all my projects/uneom.com/node_modules/next/dist/compiled/next-server/app-page.runtime.prod.js:12:138019)
    at Array.toJSON (/Users/ahmedsalem/Desktop/all my projects/uneom.com/node_modules/next/dist/compiled/next-server/app-page.runtime.prod.js:12:135629)
    at stringify (<anonymous>)
    at eP (/Users/ahmedsalem/Desktop/all my projects/uneom.com/node_modules/next/dist/compiled/next-server/app-page.runtime.prod.js:12:142093)
    at eE (/Users/ahmedsalem/Desktop/all my projects/uneom.com/node_modules/next/dist/compiled/next-server/app-page.runtime.prod.js:12:142572)
    at AsyncLocalStorage.run (node:internal/async_local_storage/async_context_frame:63:14)
    at Timeout._onTimeout (/Users/ahmedsalem/Desktop/all my projects/uneom.com/node_modules/next/dist/compiled/next-server/app-page.runtime.prod.js:12:150373)

Error occurred prerendering page "/ar/locations/taif/retail-shops". Read more: https://nextjs.org/docs/messages/prerender-error

TypeError: Cannot read properties of undefined (reading 'map')
    at f (/Users/ahmedsalem/Desktop/all my projects/uneom.com/.next/server/app/ar/locations/[city]/[industry]/page.js:1:8960)
    at eh (/Users/ahmedsalem/Desktop/all my projects/uneom.com/node_modules/next/dist/compiled/next-server/app-page.runtime.prod.js:12:134660)
    at e (/Users/ahmedsalem/Desktop/all my projects/uneom.com/node_modules/next/dist/compiled/next-server/app-page.runtime.prod.js:12:137545)
    at ek (/Users/ahmedsalem/Desktop/all my projects/uneom.com/node_modules/next/dist/compiled/next-server/app-page.runtime.prod.js:12:138019)
    at Array.toJSON (/Users/ahmedsalem/Desktop/all my projects/uneom.com/node_modules/next/dist/compiled/next-server/app-page.runtime.prod.js:12:135629)
    at stringify (<anonymous>)
    at eP (/Users/ahmedsalem/Desktop/all my projects/uneom.com/node_modules/next/dist/compiled/next-server/app-page.runtime.prod.js:12:142093)
    at eE (/Users/ahmedsalem/Desktop/all my projects/uneom.com/node_modules/next/dist/compiled/next-server/app-page.runtime.prod.js:12:142572)
    at AsyncLocalStorage.run (node:internal/async_local_storage/async_context_frame:63:14)
    at Timeout._onTimeout (/Users/ahmedsalem/Desktop/all my projects/uneom.com/node_modules/next/dist/compiled/next-server/app-page.runtime.prod.js:12:150373)
TypeError: Cannot read properties of undefined (reading 'map')
    at f (/Users/ahmedsalem/Desktop/all my projects/uneom.com/.next/server/app/ar/locations/[city]/[industry]/page.js:1:8960)
    at eh (/Users/ahmedsalem/Desktop/all my projects/uneom.com/node_modules/next/dist/compiled/next-server/app-page.runtime.prod.js:12:134660)
    at e (/Users/ahmedsalem/Desktop/all my projects/uneom.com/node_modules/next/dist/compiled/next-server/app-page.runtime.prod.js:12:137545)
    at ek (/Users/ahmedsalem/Desktop/all my projects/uneom.com/node_modules/next/dist/compiled/next-server/app-page.runtime.prod.js:12:138019)
    at Array.toJSON (/Users/ahmedsalem/Desktop/all my projects/uneom.com/node_modules/next/dist/compiled/next-server/app-page.runtime.prod.js:12:135629)
    at stringify (<anonymous>)
    at eP (/Users/ahmedsalem/Desktop/all my projects/uneom.com/node_modules/next/dist/compiled/next-server/app-page.runtime.prod.js:12:142093)
    at eE (/Users/ahmedsalem/Desktop/all my projects/uneom.com/node_modules/next/dist/compiled/next-server/app-page.runtime.prod.js:12:142572)
    at AsyncLocalStorage.run (node:internal/async_local_storage/async_context_frame:63:14)
    at Timeout._onTimeout (/Users/ahmedsalem/Desktop/all my projects/uneom.com/node_modules/next/dist/compiled/next-server/app-page.runtime.prod.js:12:150373) {
  digest: '3731830276'
}
TypeError: Cannot read properties of undefined (reading 'map')
    at f (/Users/ahmedsalem/Desktop/all my projects/uneom.com/.next/server/app/ar/locations/[city]/[industry]/page.js:1:8960)
    at eh (/Users/ahmedsalem/Desktop/all my projects/uneom.com/node_modules/next/dist/compiled/next-server/app-page.runtime.prod.js:12:134660)
    at e (/Users/ahmedsalem/Desktop/all my projects/uneom.com/node_modules/next/dist/compiled/next-server/app-page.runtime.prod.js:12:137545)
    at ek (/Users/ahmedsalem/Desktop/all my projects/uneom.com/node_modules/next/dist/compiled/next-server/app-page.runtime.prod.js:12:138019)
    at Array.toJSON (/Users/ahmedsalem/Desktop/all my projects/uneom.com/node_modules/next/dist/compiled/next-server/app-page.runtime.prod.js:12:135629)
    at stringify (<anonymous>)
    at eP (/Users/ahmedsalem/Desktop/all my projects/uneom.com/node_modules/next/dist/compiled/next-server/app-page.runtime.prod.js:12:142093)
    at eE (/Users/ahmedsalem/Desktop/all my projects/uneom.com/node_modules/next/dist/compiled/next-server/app-page.runtime.prod.js:12:142572)
    at Timeout._onTimeout (/Users/ahmedsalem/Desktop/all my projects/uneom.com/node_modules/next/dist/compiled/next-server/app-page.runtime.prod.js:12:135349)
    at listOnTimeout (node:internal/timers:605:17) {
  digest: '2101114011'
}

Error occurred prerendering page "/ar/locations/buraidah/manufacturing". Read more: https://nextjs.org/docs/messages/prerender-error

TypeError: Cannot read properties of undefined (reading 'map')
    at f (/Users/ahmedsalem/Desktop/all my projects/uneom.com/.next/server/app/ar/locations/[city]/[industry]/page.js:1:8960)
    at eh (/Users/ahmedsalem/Desktop/all my projects/uneom.com/node_modules/next/dist/compiled/next-server/app-page.runtime.prod.js:12:134660)
    at e (/Users/ahmedsalem/Desktop/all my projects/uneom.com/node_modules/next/dist/compiled/next-server/app-page.runtime.prod.js:12:137545)
    at ek (/Users/ahmedsalem/Desktop/all my projects/uneom.com/node_modules/next/dist/compiled/next-server/app-page.runtime.prod.js:12:138019)
    at Array.toJSON (/Users/ahmedsalem/Desktop/all my projects/uneom.com/node_modules/next/dist/compiled/next-server/app-page.runtime.prod.js:12:135629)
    at stringify (<anonymous>)
    at eP (/Users/ahmedsalem/Desktop/all my projects/uneom.com/node_modules/next/dist/compiled/next-server/app-page.runtime.prod.js:12:142093)
    at eE (/Users/ahmedsalem/Desktop/all my projects/uneom.com/node_modules/next/dist/compiled/next-server/app-page.runtime.prod.js:12:142572)
    at AsyncLocalStorage.run (node:internal/async_local_storage/async_context_frame:63:14)
    at Timeout._onTimeout (/Users/ahmedsalem/Desktop/all my projects/uneom.com/node_modules/next/dist/compiled/next-server/app-page.runtime.prod.js:12:150373)
TypeError: Cannot read properties of undefined (reading 'map')
    at f (/Users/ahmedsalem/Desktop/all my projects/uneom.com/.next/server/app/ar/locations/[city]/[industry]/page.js:1:8960)
    at eh (/Users/ahmedsalem/Desktop/all my projects/uneom.com/node_modules/next/dist/compiled/next-server/app-page.runtime.prod.js:12:134660)
    at e (/Users/ahmedsalem/Desktop/all my projects/uneom.com/node_modules/next/dist/compiled/next-server/app-page.runtime.prod.js:12:137545)
    at ek (/Users/ahmedsalem/Desktop/all my projects/uneom.com/node_modules/next/dist/compiled/next-server/app-page.runtime.prod.js:12:138019)
    at Array.toJSON (/Users/ahmedsalem/Desktop/all my projects/uneom.com/node_modules/next/dist/compiled/next-server/app-page.runtime.prod.js:12:135629)
    at stringify (<anonymous>)
    at eP (/Users/ahmedsalem/Desktop/all my projects/uneom.com/node_modules/next/dist/compiled/next-server/app-page.runtime.prod.js:12:142093)
    at eE (/Users/ahmedsalem/Desktop/all my projects/uneom.com/node_modules/next/dist/compiled/next-server/app-page.runtime.prod.js:12:142572)
    at AsyncLocalStorage.run (node:internal/async_local_storage/async_context_frame:63:14)
    at Timeout._onTimeout (/Users/ahmedsalem/Desktop/all my projects/uneom.com/node_modules/next/dist/compiled/next-server/app-page.runtime.prod.js:12:150373) {
  digest: '3731830276'
}
TypeError: Cannot read properties of undefined (reading 'map')
    at f (/Users/ahmedsalem/Desktop/all my projects/uneom.com/.next/server/app/ar/locations/[city]/[industry]/page.js:1:8960)
    at eh (/Users/ahmedsalem/Desktop/all my projects/uneom.com/node_modules/next/dist/compiled/next-server/app-page.runtime.prod.js:12:134660)
    at e (/Users/ahmedsalem/Desktop/all my projects/uneom.com/node_modules/next/dist/compiled/next-server/app-page.runtime.prod.js:12:137545)
    at ek (/Users/ahmedsalem/Desktop/all my projects/uneom.com/node_modules/next/dist/compiled/next-server/app-page.runtime.prod.js:12:138019)
    at Array.toJSON (/Users/ahmedsalem/Desktop/all my projects/uneom.com/node_modules/next/dist/compiled/next-server/app-page.runtime.prod.js:12:135629)
    at stringify (<anonymous>)
    at eP (/Users/ahmedsalem/Desktop/all my projects/uneom.com/node_modules/next/dist/compiled/next-server/app-page.runtime.prod.js:12:142093)
    at eE (/Users/ahmedsalem/Desktop/all my projects/uneom.com/node_modules/next/dist/compiled/next-server/app-page.runtime.prod.js:12:142572)
    at Timeout._onTimeout (/Users/ahmedsalem/Desktop/all my projects/uneom.com/node_modules/next/dist/compiled/next-server/app-page.runtime.prod.js:12:135349)
    at listOnTimeout (node:internal/timers:605:17) {
  digest: '2101114011'
}

Error occurred prerendering page "/ar/locations/buraidah/security". Read more: https://nextjs.org/docs/messages/prerender-error

TypeError: Cannot read properties of undefined (reading 'map')
    at f (/Users/ahmedsalem/Desktop/all my projects/uneom.com/.next/server/app/ar/locations/[city]/[industry]/page.js:1:8960)
    at eh (/Users/ahmedsalem/Desktop/all my projects/uneom.com/node_modules/next/dist/compiled/next-server/app-page.runtime.prod.js:12:134660)
    at e (/Users/ahmedsalem/Desktop/all my projects/uneom.com/node_modules/next/dist/compiled/next-server/app-page.runtime.prod.js:12:137545)
    at ek (/Users/ahmedsalem/Desktop/all my projects/uneom.com/node_modules/next/dist/compiled/next-server/app-page.runtime.prod.js:12:138019)
    at Array.toJSON (/Users/ahmedsalem/Desktop/all my projects/uneom.com/node_modules/next/dist/compiled/next-server/app-page.runtime.prod.js:12:135629)
    at stringify (<anonymous>)
    at eP (/Users/ahmedsalem/Desktop/all my projects/uneom.com/node_modules/next/dist/compiled/next-server/app-page.runtime.prod.js:12:142093)
    at eE (/Users/ahmedsalem/Desktop/all my projects/uneom.com/node_modules/next/dist/compiled/next-server/app-page.runtime.prod.js:12:142572)
    at AsyncLocalStorage.run (node:internal/async_local_storage/async_context_frame:63:14)
    at Timeout._onTimeout (/Users/ahmedsalem/Desktop/all my projects/uneom.com/node_modules/next/dist/compiled/next-server/app-page.runtime.prod.js:12:150373)
TypeError: Cannot read properties of undefined (reading 'map')
    at f (/Users/ahmedsalem/Desktop/all my projects/uneom.com/.next/server/app/ar/locations/[city]/[industry]/page.js:1:8960)
    at eh (/Users/ahmedsalem/Desktop/all my projects/uneom.com/node_modules/next/dist/compiled/next-server/app-page.runtime.prod.js:12:134660)
    at e (/Users/ahmedsalem/Desktop/all my projects/uneom.com/node_modules/next/dist/compiled/next-server/app-page.runtime.prod.js:12:137545)
    at ek (/Users/ahmedsalem/Desktop/all my projects/uneom.com/node_modules/next/dist/compiled/next-server/app-page.runtime.prod.js:12:138019)
    at Array.toJSON (/Users/ahmedsalem/Desktop/all my projects/uneom.com/node_modules/next/dist/compiled/next-server/app-page.runtime.prod.js:12:135629)
    at stringify (<anonymous>)
    at eP (/Users/ahmedsalem/Desktop/all my projects/uneom.com/node_modules/next/dist/compiled/next-server/app-page.runtime.prod.js:12:142093)
    at eE (/Users/ahmedsalem/Desktop/all my projects/uneom.com/node_modules/next/dist/compiled/next-server/app-page.runtime.prod.js:12:142572)
    at AsyncLocalStorage.run (node:internal/async_local_storage/async_context_frame:63:14)
    at Timeout._onTimeout (/Users/ahmedsalem/Desktop/all my projects/uneom.com/node_modules/next/dist/compiled/next-server/app-page.runtime.prod.js:12:150373) {
  digest: '3731830276'
}
TypeError: Cannot read properties of undefined (reading 'map')
    at f (/Users/ahmedsalem/Desktop/all my projects/uneom.com/.next/server/app/ar/locations/[city]/[industry]/page.js:1:8960)
    at eh (/Users/ahmedsalem/Desktop/all my projects/uneom.com/node_modules/next/dist/compiled/next-server/app-page.runtime.prod.js:12:134660)
    at e (/Users/ahmedsalem/Desktop/all my projects/uneom.com/node_modules/next/dist/compiled/next-server/app-page.runtime.prod.js:12:137545)
    at ek (/Users/ahmedsalem/Desktop/all my projects/uneom.com/node_modules/next/dist/compiled/next-server/app-page.runtime.prod.js:12:138019)
    at Array.toJSON (/Users/ahmedsalem/Desktop/all my projects/uneom.com/node_modules/next/dist/compiled/next-server/app-page.runtime.prod.js:12:135629)
    at stringify (<anonymous>)
    at eP (/Users/ahmedsalem/Desktop/all my projects/uneom.com/node_modules/next/dist/compiled/next-server/app-page.runtime.prod.js:12:142093)
    at eE (/Users/ahmedsalem/Desktop/all my projects/uneom.com/node_modules/next/dist/compiled/next-server/app-page.runtime.prod.js:12:142572)
    at Timeout._onTimeout (/Users/ahmedsalem/Desktop/all my projects/uneom.com/node_modules/next/dist/compiled/next-server/app-page.runtime.prod.js:12:135349)
    at listOnTimeout (node:internal/timers:605:17) {
  digest: '2101114011'
}

Error occurred prerendering page "/ar/locations/buraidah/factory-industry". Read more: https://nextjs.org/docs/messages/prerender-error

TypeError: Cannot read properties of undefined (reading 'map')
    at f (/Users/ahmedsalem/Desktop/all my projects/uneom.com/.next/server/app/ar/locations/[city]/[industry]/page.js:1:8960)
    at eh (/Users/ahmedsalem/Desktop/all my projects/uneom.com/node_modules/next/dist/compiled/next-server/app-page.runtime.prod.js:12:134660)
    at e (/Users/ahmedsalem/Desktop/all my projects/uneom.com/node_modules/next/dist/compiled/next-server/app-page.runtime.prod.js:12:137545)
    at ek (/Users/ahmedsalem/Desktop/all my projects/uneom.com/node_modules/next/dist/compiled/next-server/app-page.runtime.prod.js:12:138019)
    at Array.toJSON (/Users/ahmedsalem/Desktop/all my projects/uneom.com/node_modules/next/dist/compiled/next-server/app-page.runtime.prod.js:12:135629)
    at stringify (<anonymous>)
    at eP (/Users/ahmedsalem/Desktop/all my projects/uneom.com/node_modules/next/dist/compiled/next-server/app-page.runtime.prod.js:12:142093)
    at eE (/Users/ahmedsalem/Desktop/all my projects/uneom.com/node_modules/next/dist/compiled/next-server/app-page.runtime.prod.js:12:142572)
    at AsyncLocalStorage.run (node:internal/async_local_storage/async_context_frame:63:14)
    at Timeout._onTimeout (/Users/ahmedsalem/Desktop/all my projects/uneom.com/node_modules/next/dist/compiled/next-server/app-page.runtime.prod.js:12:150373)
TypeError: Cannot read properties of undefined (reading 'map')
    at f (/Users/ahmedsalem/Desktop/all my projects/uneom.com/.next/server/app/ar/locations/[city]/[industry]/page.js:1:8960)
    at eh (/Users/ahmedsalem/Desktop/all my projects/uneom.com/node_modules/next/dist/compiled/next-server/app-page.runtime.prod.js:12:134660)
    at e (/Users/ahmedsalem/Desktop/all my projects/uneom.com/node_modules/next/dist/compiled/next-server/app-page.runtime.prod.js:12:137545)
    at ek (/Users/ahmedsalem/Desktop/all my projects/uneom.com/node_modules/next/dist/compiled/next-server/app-page.runtime.prod.js:12:138019)
    at Array.toJSON (/Users/ahmedsalem/Desktop/all my projects/uneom.com/node_modules/next/dist/compiled/next-server/app-page.runtime.prod.js:12:135629)
    at stringify (<anonymous>)
    at eP (/Users/ahmedsalem/Desktop/all my projects/uneom.com/node_modules/next/dist/compiled/next-server/app-page.runtime.prod.js:12:142093)
    at eE (/Users/ahmedsalem/Desktop/all my projects/uneom.com/node_modules/next/dist/compiled/next-server/app-page.runtime.prod.js:12:142572)
    at AsyncLocalStorage.run (node:internal/async_local_storage/async_context_frame:63:14)
    at Timeout._onTimeout (/Users/ahmedsalem/Desktop/all my projects/uneom.com/node_modules/next/dist/compiled/next-server/app-page.runtime.prod.js:12:150373) {
  digest: '3731830276'
}
TypeError: Cannot read properties of undefined (reading 'map')
    at f (/Users/ahmedsalem/Desktop/all my projects/uneom.com/.next/server/app/ar/locations/[city]/[industry]/page.js:1:8960)
    at eh (/Users/ahmedsalem/Desktop/all my projects/uneom.com/node_modules/next/dist/compiled/next-server/app-page.runtime.prod.js:12:134660)
    at e (/Users/ahmedsalem/Desktop/all my projects/uneom.com/node_modules/next/dist/compiled/next-server/app-page.runtime.prod.js:12:137545)
    at ek (/Users/ahmedsalem/Desktop/all my projects/uneom.com/node_modules/next/dist/compiled/next-server/app-page.runtime.prod.js:12:138019)
    at Array.toJSON (/Users/ahmedsalem/Desktop/all my projects/uneom.com/node_modules/next/dist/compiled/next-server/app-page.runtime.prod.js:12:135629)
    at stringify (<anonymous>)
    at eP (/Users/ahmedsalem/Desktop/all my projects/uneom.com/node_modules/next/dist/compiled/next-server/app-page.runtime.prod.js:12:142093)
    at eE (/Users/ahmedsalem/Desktop/all my projects/uneom.com/node_modules/next/dist/compiled/next-server/app-page.runtime.prod.js:12:142572)
    at Timeout._onTimeout (/Users/ahmedsalem/Desktop/all my projects/uneom.com/node_modules/next/dist/compiled/next-server/app-page.runtime.prod.js:12:135349)
    at listOnTimeout (node:internal/timers:605:17) {
  digest: '2101114011'
}

Error occurred prerendering page "/ar/locations/najran/hospitality". Read more: https://nextjs.org/docs/messages/prerender-error

TypeError: Cannot read properties of undefined (reading 'map')
    at f (/Users/ahmedsalem/Desktop/all my projects/uneom.com/.next/server/app/ar/locations/[city]/[industry]/page.js:1:8960)
    at eh (/Users/ahmedsalem/Desktop/all my projects/uneom.com/node_modules/next/dist/compiled/next-server/app-page.runtime.prod.js:12:134660)
    at e (/Users/ahmedsalem/Desktop/all my projects/uneom.com/node_modules/next/dist/compiled/next-server/app-page.runtime.prod.js:12:137545)
    at ek (/Users/ahmedsalem/Desktop/all my projects/uneom.com/node_modules/next/dist/compiled/next-server/app-page.runtime.prod.js:12:138019)
    at Array.toJSON (/Users/ahmedsalem/Desktop/all my projects/uneom.com/node_modules/next/dist/compiled/next-server/app-page.runtime.prod.js:12:135629)
    at stringify (<anonymous>)
    at eP (/Users/ahmedsalem/Desktop/all my projects/uneom.com/node_modules/next/dist/compiled/next-server/app-page.runtime.prod.js:12:142093)
    at eE (/Users/ahmedsalem/Desktop/all my projects/uneom.com/node_modules/next/dist/compiled/next-server/app-page.runtime.prod.js:12:142572)
    at AsyncLocalStorage.run (node:internal/async_local_storage/async_context_frame:63:14)
    at Timeout._onTimeout (/Users/ahmedsalem/Desktop/all my projects/uneom.com/node_modules/next/dist/compiled/next-server/app-page.runtime.prod.js:12:150373)
TypeError: Cannot read properties of undefined (reading 'map')
    at f (/Users/ahmedsalem/Desktop/all my projects/uneom.com/.next/server/app/ar/locations/[city]/[industry]/page.js:1:8960)
    at eh (/Users/ahmedsalem/Desktop/all my projects/uneom.com/node_modules/next/dist/compiled/next-server/app-page.runtime.prod.js:12:134660)
    at e (/Users/ahmedsalem/Desktop/all my projects/uneom.com/node_modules/next/dist/compiled/next-server/app-page.runtime.prod.js:12:137545)
    at ek (/Users/ahmedsalem/Desktop/all my projects/uneom.com/node_modules/next/dist/compiled/next-server/app-page.runtime.prod.js:12:138019)
    at Array.toJSON (/Users/ahmedsalem/Desktop/all my projects/uneom.com/node_modules/next/dist/compiled/next-server/app-page.runtime.prod.js:12:135629)
    at stringify (<anonymous>)
    at eP (/Users/ahmedsalem/Desktop/all my projects/uneom.com/node_modules/next/dist/compiled/next-server/app-page.runtime.prod.js:12:142093)
    at eE (/Users/ahmedsalem/Desktop/all my projects/uneom.com/node_modules/next/dist/compiled/next-server/app-page.runtime.prod.js:12:142572)
    at AsyncLocalStorage.run (node:internal/async_local_storage/async_context_frame:63:14)
    at Timeout._onTimeout (/Users/ahmedsalem/Desktop/all my projects/uneom.com/node_modules/next/dist/compiled/next-server/app-page.runtime.prod.js:12:150373) {
  digest: '3731830276'
}
TypeError: Cannot read properties of undefined (reading 'map')
    at f (/Users/ahmedsalem/Desktop/all my projects/uneom.com/.next/server/app/ar/locations/[city]/[industry]/page.js:1:8960)
    at eh (/Users/ahmedsalem/Desktop/all my projects/uneom.com/node_modules/next/dist/compiled/next-server/app-page.runtime.prod.js:12:134660)
    at e (/Users/ahmedsalem/Desktop/all my projects/uneom.com/node_modules/next/dist/compiled/next-server/app-page.runtime.prod.js:12:137545)
    at ek (/Users/ahmedsalem/Desktop/all my projects/uneom.com/node_modules/next/dist/compiled/next-server/app-page.runtime.prod.js:12:138019)
    at Array.toJSON (/Users/ahmedsalem/Desktop/all my projects/uneom.com/node_modules/next/dist/compiled/next-server/app-page.runtime.prod.js:12:135629)
    at stringify (<anonymous>)
    at eP (/Users/ahmedsalem/Desktop/all my projects/uneom.com/node_modules/next/dist/compiled/next-server/app-page.runtime.prod.js:12:142093)
    at eE (/Users/ahmedsalem/Desktop/all my projects/uneom.com/node_modules/next/dist/compiled/next-server/app-page.runtime.prod.js:12:142572)
    at Timeout._onTimeout (/Users/ahmedsalem/Desktop/all my projects/uneom.com/node_modules/next/dist/compiled/next-server/app-page.runtime.prod.js:12:135349)
    at listOnTimeout (node:internal/timers:605:17) {
  digest: '2101114011'
}

Error occurred prerendering page "/ar/locations/najran/healthcare". Read more: https://nextjs.org/docs/messages/prerender-error

TypeError: Cannot read properties of undefined (reading 'map')
    at f (/Users/ahmedsalem/Desktop/all my projects/uneom.com/.next/server/app/ar/locations/[city]/[industry]/page.js:1:8960)
    at eh (/Users/ahmedsalem/Desktop/all my projects/uneom.com/node_modules/next/dist/compiled/next-server/app-page.runtime.prod.js:12:134660)
    at e (/Users/ahmedsalem/Desktop/all my projects/uneom.com/node_modules/next/dist/compiled/next-server/app-page.runtime.prod.js:12:137545)
    at ek (/Users/ahmedsalem/Desktop/all my projects/uneom.com/node_modules/next/dist/compiled/next-server/app-page.runtime.prod.js:12:138019)
    at Array.toJSON (/Users/ahmedsalem/Desktop/all my projects/uneom.com/node_modules/next/dist/compiled/next-server/app-page.runtime.prod.js:12:135629)
    at stringify (<anonymous>)
    at eP (/Users/ahmedsalem/Desktop/all my projects/uneom.com/node_modules/next/dist/compiled/next-server/app-page.runtime.prod.js:12:142093)
    at eE (/Users/ahmedsalem/Desktop/all my projects/uneom.com/node_modules/next/dist/compiled/next-server/app-page.runtime.prod.js:12:142572)
    at AsyncLocalStorage.run (node:internal/async_local_storage/async_context_frame:63:14)
    at Timeout._onTimeout (/Users/ahmedsalem/Desktop/all my projects/uneom.com/node_modules/next/dist/compiled/next-server/app-page.runtime.prod.js:12:150373)
TypeError: Cannot read properties of undefined (reading 'map')
    at f (/Users/ahmedsalem/Desktop/all my projects/uneom.com/.next/server/app/ar/locations/[city]/[industry]/page.js:1:8960)
    at eh (/Users/ahmedsalem/Desktop/all my projects/uneom.com/node_modules/next/dist/compiled/next-server/app-page.runtime.prod.js:12:134660)
    at e (/Users/ahmedsalem/Desktop/all my projects/uneom.com/node_modules/next/dist/compiled/next-server/app-page.runtime.prod.js:12:137545)
    at ek (/Users/ahmedsalem/Desktop/all my projects/uneom.com/node_modules/next/dist/compiled/next-server/app-page.runtime.prod.js:12:138019)
    at Array.toJSON (/Users/ahmedsalem/Desktop/all my projects/uneom.com/node_modules/next/dist/compiled/next-server/app-page.runtime.prod.js:12:135629)
    at stringify (<anonymous>)
    at eP (/Users/ahmedsalem/Desktop/all my projects/uneom.com/node_modules/next/dist/compiled/next-server/app-page.runtime.prod.js:12:142093)
    at eE (/Users/ahmedsalem/Desktop/all my projects/uneom.com/node_modules/next/dist/compiled/next-server/app-page.runtime.prod.js:12:142572)
    at AsyncLocalStorage.run (node:internal/async_local_storage/async_context_frame:63:14)
    at Timeout._onTimeout (/Users/ahmedsalem/Desktop/all my projects/uneom.com/node_modules/next/dist/compiled/next-server/app-page.runtime.prod.js:12:150373) {
  digest: '3731830276'
}
TypeError: Cannot read properties of undefined (reading 'map')
    at f (/Users/ahmedsalem/Desktop/all my projects/uneom.com/.next/server/app/ar/locations/[city]/[industry]/page.js:1:8960)
    at eh (/Users/ahmedsalem/Desktop/all my projects/uneom.com/node_modules/next/dist/compiled/next-server/app-page.runtime.prod.js:12:134660)
    at e (/Users/ahmedsalem/Desktop/all my projects/uneom.com/node_modules/next/dist/compiled/next-server/app-page.runtime.prod.js:12:137545)
    at ek (/Users/ahmedsalem/Desktop/all my projects/uneom.com/node_modules/next/dist/compiled/next-server/app-page.runtime.prod.js:12:138019)
    at Array.toJSON (/Users/ahmedsalem/Desktop/all my projects/uneom.com/node_modules/next/dist/compiled/next-server/app-page.runtime.prod.js:12:135629)
    at stringify (<anonymous>)
    at eP (/Users/ahmedsalem/Desktop/all my projects/uneom.com/node_modules/next/dist/compiled/next-server/app-page.runtime.prod.js:12:142093)
    at eE (/Users/ahmedsalem/Desktop/all my projects/uneom.com/node_modules/next/dist/compiled/next-server/app-page.runtime.prod.js:12:142572)
    at Timeout._onTimeout (/Users/ahmedsalem/Desktop/all my projects/uneom.com/node_modules/next/dist/compiled/next-server/app-page.runtime.prod.js:12:135349)
    at listOnTimeout (node:internal/timers:605:17) {
  digest: '2101114011'
}
TypeError: Cannot read properties of undefined (reading 'map')
    at f (/Users/ahmedsalem/Desktop/all my projects/uneom.com/.next/server/app/ar/locations/[city]/[industry]/page.js:1:8960)
    at eh (/Users/ahmedsalem/Desktop/all my projects/uneom.com/node_modules/next/dist/compiled/next-server/app-page.runtime.prod.js:12:134660)
    at e (/Users/ahmedsalem/Desktop/all my projects/uneom.com/node_modules/next/dist/compiled/next-server/app-page.runtime.prod.js:12:137545)
    at ek (/Users/ahmedsalem/Desktop/all my projects/uneom.com/node_modules/next/dist/compiled/next-server/app-page.runtime.prod.js:12:138019)
    at Array.toJSON (/Users/ahmedsalem/Desktop/all my projects/uneom.com/node_modules/next/dist/compiled/next-server/app-page.runtime.prod.js:12:135629)
    at stringify (<anonymous>)
    at eP (/Users/ahmedsalem/Desktop/all my projects/uneom.com/node_modules/next/dist/compiled/next-server/app-page.runtime.prod.js:12:142093)
    at eE (/Users/ahmedsalem/Desktop/all my projects/uneom.com/node_modules/next/dist/compiled/next-server/app-page.runtime.prod.js:12:142572)
    at AsyncLocalStorage.run (node:internal/async_local_storage/async_context_frame:63:14)
    at Timeout._onTimeout (/Users/ahmedsalem/Desktop/all my projects/uneom.com/node_modules/next/dist/compiled/next-server/app-page.runtime.prod.js:12:150373) {
  digest: '3731830276'
}
TypeError: Cannot read properties of undefined (reading 'map')
    at f (/Users/ahmedsalem/Desktop/all my projects/uneom.com/.next/server/app/ar/locations/[city]/[industry]/page.js:1:8960)
    at eh (/Users/ahmedsalem/Desktop/all my projects/uneom.com/node_modules/next/dist/compiled/next-server/app-page.runtime.prod.js:12:134660)
    at e (/Users/ahmedsalem/Desktop/all my projects/uneom.com/node_modules/next/dist/compiled/next-server/app-page.runtime.prod.js:12:137545)
    at ek (/Users/ahmedsalem/Desktop/all my projects/uneom.com/node_modules/next/dist/compiled/next-server/app-page.runtime.prod.js:12:138019)
    at Array.toJSON (/Users/ahmedsalem/Desktop/all my projects/uneom.com/node_modules/next/dist/compiled/next-server/app-page.runtime.prod.js:12:135629)
    at stringify (<anonymous>)
    at eP (/Users/ahmedsalem/Desktop/all my projects/uneom.com/node_modules/next/dist/compiled/next-server/app-page.runtime.prod.js:12:142093)
    at eE (/Users/ahmedsalem/Desktop/all my projects/uneom.com/node_modules/next/dist/compiled/next-server/app-page.runtime.prod.js:12:142572)
    at Timeout._onTimeout (/Users/ahmedsalem/Desktop/all my projects/uneom.com/node_modules/next/dist/compiled/next-server/app-page.runtime.prod.js:12:135349)
    at listOnTimeout (node:internal/timers:605:17) {
  digest: '2101114011'
}

Error occurred prerendering page "/ar/locations/buraidah/supply-manufacturing". Read more: https://nextjs.org/docs/messages/prerender-error

TypeError: Cannot read properties of undefined (reading 'map')
    at f (/Users/ahmedsalem/Desktop/all my projects/uneom.com/.next/server/app/ar/locations/[city]/[industry]/page.js:1:8960)
    at eh (/Users/ahmedsalem/Desktop/all my projects/uneom.com/node_modules/next/dist/compiled/next-server/app-page.runtime.prod.js:12:134660)
    at e (/Users/ahmedsalem/Desktop/all my projects/uneom.com/node_modules/next/dist/compiled/next-server/app-page.runtime.prod.js:12:137545)
    at ek (/Users/ahmedsalem/Desktop/all my projects/uneom.com/node_modules/next/dist/compiled/next-server/app-page.runtime.prod.js:12:138019)
    at Array.toJSON (/Users/ahmedsalem/Desktop/all my projects/uneom.com/node_modules/next/dist/compiled/next-server/app-page.runtime.prod.js:12:135629)
    at stringify (<anonymous>)
    at eP (/Users/ahmedsalem/Desktop/all my projects/uneom.com/node_modules/next/dist/compiled/next-server/app-page.runtime.prod.js:12:142093)
    at eE (/Users/ahmedsalem/Desktop/all my projects/uneom.com/node_modules/next/dist/compiled/next-server/app-page.runtime.prod.js:12:142572)
    at AsyncLocalStorage.run (node:internal/async_local_storage/async_context_frame:63:14)
    at Timeout._onTimeout (/Users/ahmedsalem/Desktop/all my projects/uneom.com/node_modules/next/dist/compiled/next-server/app-page.runtime.prod.js:12:150373)

Error occurred prerendering page "/ar/locations/buraidah/retail-shops". Read more: https://nextjs.org/docs/messages/prerender-error

TypeError: Cannot read properties of undefined (reading 'map')
    at f (/Users/ahmedsalem/Desktop/all my projects/uneom.com/.next/server/app/ar/locations/[city]/[industry]/page.js:1:8960)
    at eh (/Users/ahmedsalem/Desktop/all my projects/uneom.com/node_modules/next/dist/compiled/next-server/app-page.runtime.prod.js:12:134660)
    at e (/Users/ahmedsalem/Desktop/all my projects/uneom.com/node_modules/next/dist/compiled/next-server/app-page.runtime.prod.js:12:137545)
    at ek (/Users/ahmedsalem/Desktop/all my projects/uneom.com/node_modules/next/dist/compiled/next-server/app-page.runtime.prod.js:12:138019)
    at Array.toJSON (/Users/ahmedsalem/Desktop/all my projects/uneom.com/node_modules/next/dist/compiled/next-server/app-page.runtime.prod.js:12:135629)
    at stringify (<anonymous>)
    at eP (/Users/ahmedsalem/Desktop/all my projects/uneom.com/node_modules/next/dist/compiled/next-server/app-page.runtime.prod.js:12:142093)
    at eE (/Users/ahmedsalem/Desktop/all my projects/uneom.com/node_modules/next/dist/compiled/next-server/app-page.runtime.prod.js:12:142572)
    at AsyncLocalStorage.run (node:internal/async_local_storage/async_context_frame:63:14)
    at Timeout._onTimeout (/Users/ahmedsalem/Desktop/all my projects/uneom.com/node_modules/next/dist/compiled/next-server/app-page.runtime.prod.js:12:150373)
TypeError: Cannot read properties of undefined (reading 'map')
    at f (/Users/ahmedsalem/Desktop/all my projects/uneom.com/.next/server/app/ar/locations/[city]/[industry]/page.js:1:8960)
    at eh (/Users/ahmedsalem/Desktop/all my projects/uneom.com/node_modules/next/dist/compiled/next-server/app-page.runtime.prod.js:12:134660)
    at e (/Users/ahmedsalem/Desktop/all my projects/uneom.com/node_modules/next/dist/compiled/next-server/app-page.runtime.prod.js:12:137545)
    at ek (/Users/ahmedsalem/Desktop/all my projects/uneom.com/node_modules/next/dist/compiled/next-server/app-page.runtime.prod.js:12:138019)
    at Array.toJSON (/Users/ahmedsalem/Desktop/all my projects/uneom.com/node_modules/next/dist/compiled/next-server/app-page.runtime.prod.js:12:135629)
    at stringify (<anonymous>)
    at eP (/Users/ahmedsalem/Desktop/all my projects/uneom.com/node_modules/next/dist/compiled/next-server/app-page.runtime.prod.js:12:142093)
    at eE (/Users/ahmedsalem/Desktop/all my projects/uneom.com/node_modules/next/dist/compiled/next-server/app-page.runtime.prod.js:12:142572)
    at AsyncLocalStorage.run (node:internal/async_local_storage/async_context_frame:63:14)
    at Timeout._onTimeout (/Users/ahmedsalem/Desktop/all my projects/uneom.com/node_modules/next/dist/compiled/next-server/app-page.runtime.prod.js:12:150373) {
  digest: '3731830276'
}
TypeError: Cannot read properties of undefined (reading 'map')
    at f (/Users/ahmedsalem/Desktop/all my projects/uneom.com/.next/server/app/ar/locations/[city]/[industry]/page.js:1:8960)
    at eh (/Users/ahmedsalem/Desktop/all my projects/uneom.com/node_modules/next/dist/compiled/next-server/app-page.runtime.prod.js:12:134660)
    at e (/Users/ahmedsalem/Desktop/all my projects/uneom.com/node_modules/next/dist/compiled/next-server/app-page.runtime.prod.js:12:137545)
    at ek (/Users/ahmedsalem/Desktop/all my projects/uneom.com/node_modules/next/dist/compiled/next-server/app-page.runtime.prod.js:12:138019)
    at Array.toJSON (/Users/ahmedsalem/Desktop/all my projects/uneom.com/node_modules/next/dist/compiled/next-server/app-page.runtime.prod.js:12:135629)
    at stringify (<anonymous>)
    at eP (/Users/ahmedsalem/Desktop/all my projects/uneom.com/node_modules/next/dist/compiled/next-server/app-page.runtime.prod.js:12:142093)
    at eE (/Users/ahmedsalem/Desktop/all my projects/uneom.com/node_modules/next/dist/compiled/next-server/app-page.runtime.prod.js:12:142572)
    at Timeout._onTimeout (/Users/ahmedsalem/Desktop/all my projects/uneom.com/node_modules/next/dist/compiled/next-server/app-page.runtime.prod.js:12:135349)
    at listOnTimeout (node:internal/timers:605:17) {
  digest: '2101114011'
}
TypeError: Cannot read properties of undefined (reading 'map')
    at f (/Users/ahmedsalem/Desktop/all my projects/uneom.com/.next/server/app/ar/locations/[city]/[industry]/page.js:1:8960)
    at eh (/Users/ahmedsalem/Desktop/all my projects/uneom.com/node_modules/next/dist/compiled/next-server/app-page.runtime.prod.js:12:134660)
    at e (/Users/ahmedsalem/Desktop/all my projects/uneom.com/node_modules/next/dist/compiled/next-server/app-page.runtime.prod.js:12:137545)
    at ek (/Users/ahmedsalem/Desktop/all my projects/uneom.com/node_modules/next/dist/compiled/next-server/app-page.runtime.prod.js:12:138019)
    at Array.toJSON (/Users/ahmedsalem/Desktop/all my projects/uneom.com/node_modules/next/dist/compiled/next-server/app-page.runtime.prod.js:12:135629)
    at stringify (<anonymous>)
    at eP (/Users/ahmedsalem/Desktop/all my projects/uneom.com/node_modules/next/dist/compiled/next-server/app-page.runtime.prod.js:12:142093)
    at eE (/Users/ahmedsalem/Desktop/all my projects/uneom.com/node_modules/next/dist/compiled/next-server/app-page.runtime.prod.js:12:142572)
    at AsyncLocalStorage.run (node:internal/async_local_storage/async_context_frame:63:14)
    at Timeout._onTimeout (/Users/ahmedsalem/Desktop/all my projects/uneom.com/node_modules/next/dist/compiled/next-server/app-page.runtime.prod.js:12:150373) {
  digest: '3731830276'
}
TypeError: Cannot read properties of undefined (reading 'map')
    at f (/Users/ahmedsalem/Desktop/all my projects/uneom.com/.next/server/app/ar/locations/[city]/[industry]/page.js:1:8960)
    at eh (/Users/ahmedsalem/Desktop/all my projects/uneom.com/node_modules/next/dist/compiled/next-server/app-page.runtime.prod.js:12:134660)
    at e (/Users/ahmedsalem/Desktop/all my projects/uneom.com/node_modules/next/dist/compiled/next-server/app-page.runtime.prod.js:12:137545)
    at ek (/Users/ahmedsalem/Desktop/all my projects/uneom.com/node_modules/next/dist/compiled/next-server/app-page.runtime.prod.js:12:138019)
    at Array.toJSON (/Users/ahmedsalem/Desktop/all my projects/uneom.com/node_modules/next/dist/compiled/next-server/app-page.runtime.prod.js:12:135629)
    at stringify (<anonymous>)
    at eP (/Users/ahmedsalem/Desktop/all my projects/uneom.com/node_modules/next/dist/compiled/next-server/app-page.runtime.prod.js:12:142093)
    at eE (/Users/ahmedsalem/Desktop/all my projects/uneom.com/node_modules/next/dist/compiled/next-server/app-page.runtime.prod.js:12:142572)
    at Timeout._onTimeout (/Users/ahmedsalem/Desktop/all my projects/uneom.com/node_modules/next/dist/compiled/next-server/app-page.runtime.prod.js:12:135349)
    at listOnTimeout (node:internal/timers:605:17) {
  digest: '2101114011'
}
TypeError: Cannot read properties of undefined (reading 'map')
    at f (/Users/ahmedsalem/Desktop/all my projects/uneom.com/.next/server/app/ar/locations/[city]/[industry]/page.js:1:8960)
    at eh (/Users/ahmedsalem/Desktop/all my projects/uneom.com/node_modules/next/dist/compiled/next-server/app-page.runtime.prod.js:12:134660)
    at e (/Users/ahmedsalem/Desktop/all my projects/uneom.com/node_modules/next/dist/compiled/next-server/app-page.runtime.prod.js:12:137545)
    at ek (/Users/ahmedsalem/Desktop/all my projects/uneom.com/node_modules/next/dist/compiled/next-server/app-page.runtime.prod.js:12:138019)
    at Array.toJSON (/Users/ahmedsalem/Desktop/all my projects/uneom.com/node_modules/next/dist/compiled/next-server/app-page.runtime.prod.js:12:135629)
    at stringify (<anonymous>)
    at eP (/Users/ahmedsalem/Desktop/all my projects/uneom.com/node_modules/next/dist/compiled/next-server/app-page.runtime.prod.js:12:142093)
    at eE (/Users/ahmedsalem/Desktop/all my projects/uneom.com/node_modules/next/dist/compiled/next-server/app-page.runtime.prod.js:12:142572)
    at AsyncLocalStorage.run (node:internal/async_local_storage/async_context_frame:63:14)
    at Timeout._onTimeout (/Users/ahmedsalem/Desktop/all my projects/uneom.com/node_modules/next/dist/compiled/next-server/app-page.runtime.prod.js:12:150373) {
  digest: '3731830276'
}
TypeError: Cannot read properties of undefined (reading 'map')
    at f (/Users/ahmedsalem/Desktop/all my projects/uneom.com/.next/server/app/ar/locations/[city]/[industry]/page.js:1:8960)
    at eh (/Users/ahmedsalem/Desktop/all my projects/uneom.com/node_modules/next/dist/compiled/next-server/app-page.runtime.prod.js:12:134660)
    at e (/Users/ahmedsalem/Desktop/all my projects/uneom.com/node_modules/next/dist/compiled/next-server/app-page.runtime.prod.js:12:137545)
    at ek (/Users/ahmedsalem/Desktop/all my projects/uneom.com/node_modules/next/dist/compiled/next-server/app-page.runtime.prod.js:12:138019)
    at Array.toJSON (/Users/ahmedsalem/Desktop/all my projects/uneom.com/node_modules/next/dist/compiled/next-server/app-page.runtime.prod.js:12:135629)
    at stringify (<anonymous>)
    at eP (/Users/ahmedsalem/Desktop/all my projects/uneom.com/node_modules/next/dist/compiled/next-server/app-page.runtime.prod.js:12:142093)
    at eE (/Users/ahmedsalem/Desktop/all my projects/uneom.com/node_modules/next/dist/compiled/next-server/app-page.runtime.prod.js:12:142572)
    at Timeout._onTimeout (/Users/ahmedsalem/Desktop/all my projects/uneom.com/node_modules/next/dist/compiled/next-server/app-page.runtime.prod.js:12:135349)
    at listOnTimeout (node:internal/timers:605:17) {
  digest: '2101114011'
}
TypeError: Cannot read properties of undefined (reading 'map')
    at f (/Users/ahmedsalem/Desktop/all my projects/uneom.com/.next/server/app/ar/locations/[city]/[industry]/page.js:1:8960)
    at eh (/Users/ahmedsalem/Desktop/all my projects/uneom.com/node_modules/next/dist/compiled/next-server/app-page.runtime.prod.js:12:134660)
    at e (/Users/ahmedsalem/Desktop/all my projects/uneom.com/node_modules/next/dist/compiled/next-server/app-page.runtime.prod.js:12:137545)
    at ek (/Users/ahmedsalem/Desktop/all my projects/uneom.com/node_modules/next/dist/compiled/next-server/app-page.runtime.prod.js:12:138019)
    at Array.toJSON (/Users/ahmedsalem/Desktop/all my projects/uneom.com/node_modules/next/dist/compiled/next-server/app-page.runtime.prod.js:12:135629)
    at stringify (<anonymous>)
    at eP (/Users/ahmedsalem/Desktop/all my projects/uneom.com/node_modules/next/dist/compiled/next-server/app-page.runtime.prod.js:12:142093)
    at eE (/Users/ahmedsalem/Desktop/all my projects/uneom.com/node_modules/next/dist/compiled/next-server/app-page.runtime.prod.js:12:142572)
    at AsyncLocalStorage.run (node:internal/async_local_storage/async_context_frame:63:14)
    at Timeout._onTimeout (/Users/ahmedsalem/Desktop/all my projects/uneom.com/node_modules/next/dist/compiled/next-server/app-page.runtime.prod.js:12:150373) {
  digest: '3731830276'
}
TypeError: Cannot read properties of undefined (reading 'map')
    at f (/Users/ahmedsalem/Desktop/all my projects/uneom.com/.next/server/app/ar/locations/[city]/[industry]/page.js:1:8960)
    at eh (/Users/ahmedsalem/Desktop/all my projects/uneom.com/node_modules/next/dist/compiled/next-server/app-page.runtime.prod.js:12:134660)
    at e (/Users/ahmedsalem/Desktop/all my projects/uneom.com/node_modules/next/dist/compiled/next-server/app-page.runtime.prod.js:12:137545)
    at ek (/Users/ahmedsalem/Desktop/all my projects/uneom.com/node_modules/next/dist/compiled/next-server/app-page.runtime.prod.js:12:138019)
    at Array.toJSON (/Users/ahmedsalem/Desktop/all my projects/uneom.com/node_modules/next/dist/compiled/next-server/app-page.runtime.prod.js:12:135629)
    at stringify (<anonymous>)
    at eP (/Users/ahmedsalem/Desktop/all my projects/uneom.com/node_modules/next/dist/compiled/next-server/app-page.runtime.prod.js:12:142093)
    at eE (/Users/ahmedsalem/Desktop/all my projects/uneom.com/node_modules/next/dist/compiled/next-server/app-page.runtime.prod.js:12:142572)
    at Timeout._onTimeout (/Users/ahmedsalem/Desktop/all my projects/uneom.com/node_modules/next/dist/compiled/next-server/app-page.runtime.prod.js:12:135349)
    at listOnTimeout (node:internal/timers:605:17) {
  digest: '2101114011'
}

Error occurred prerendering page "/ar/locations/najran/manufacturing". Read more: https://nextjs.org/docs/messages/prerender-error

TypeError: Cannot read properties of undefined (reading 'map')
    at f (/Users/ahmedsalem/Desktop/all my projects/uneom.com/.next/server/app/ar/locations/[city]/[industry]/page.js:1:8960)
    at eh (/Users/ahmedsalem/Desktop/all my projects/uneom.com/node_modules/next/dist/compiled/next-server/app-page.runtime.prod.js:12:134660)
    at e (/Users/ahmedsalem/Desktop/all my projects/uneom.com/node_modules/next/dist/compiled/next-server/app-page.runtime.prod.js:12:137545)
    at ek (/Users/ahmedsalem/Desktop/all my projects/uneom.com/node_modules/next/dist/compiled/next-server/app-page.runtime.prod.js:12:138019)
    at Array.toJSON (/Users/ahmedsalem/Desktop/all my projects/uneom.com/node_modules/next/dist/compiled/next-server/app-page.runtime.prod.js:12:135629)
    at stringify (<anonymous>)
    at eP (/Users/ahmedsalem/Desktop/all my projects/uneom.com/node_modules/next/dist/compiled/next-server/app-page.runtime.prod.js:12:142093)
    at eE (/Users/ahmedsalem/Desktop/all my projects/uneom.com/node_modules/next/dist/compiled/next-server/app-page.runtime.prod.js:12:142572)
    at AsyncLocalStorage.run (node:internal/async_local_storage/async_context_frame:63:14)
    at Timeout._onTimeout (/Users/ahmedsalem/Desktop/all my projects/uneom.com/node_modules/next/dist/compiled/next-server/app-page.runtime.prod.js:12:150373)
TypeError: Cannot read properties of undefined (reading 'map')
    at f (/Users/ahmedsalem/Desktop/all my projects/uneom.com/.next/server/app/ar/locations/[city]/[industry]/page.js:1:8960)
    at eh (/Users/ahmedsalem/Desktop/all my projects/uneom.com/node_modules/next/dist/compiled/next-server/app-page.runtime.prod.js:12:134660)
    at e (/Users/ahmedsalem/Desktop/all my projects/uneom.com/node_modules/next/dist/compiled/next-server/app-page.runtime.prod.js:12:137545)
    at ek (/Users/ahmedsalem/Desktop/all my projects/uneom.com/node_modules/next/dist/compiled/next-server/app-page.runtime.prod.js:12:138019)
    at Array.toJSON (/Users/ahmedsalem/Desktop/all my projects/uneom.com/node_modules/next/dist/compiled/next-server/app-page.runtime.prod.js:12:135629)
    at stringify (<anonymous>)
    at eP (/Users/ahmedsalem/Desktop/all my projects/uneom.com/node_modules/next/dist/compiled/next-server/app-page.runtime.prod.js:12:142093)
    at eE (/Users/ahmedsalem/Desktop/all my projects/uneom.com/node_modules/next/dist/compiled/next-server/app-page.runtime.prod.js:12:142572)
    at AsyncLocalStorage.run (node:internal/async_local_storage/async_context_frame:63:14)
    at Timeout._onTimeout (/Users/ahmedsalem/Desktop/all my projects/uneom.com/node_modules/next/dist/compiled/next-server/app-page.runtime.prod.js:12:150373) {
  digest: '3731830276'
}
TypeError: Cannot read properties of undefined (reading 'map')
    at f (/Users/ahmedsalem/Desktop/all my projects/uneom.com/.next/server/app/ar/locations/[city]/[industry]/page.js:1:8960)
    at eh (/Users/ahmedsalem/Desktop/all my projects/uneom.com/node_modules/next/dist/compiled/next-server/app-page.runtime.prod.js:12:134660)
    at e (/Users/ahmedsalem/Desktop/all my projects/uneom.com/node_modules/next/dist/compiled/next-server/app-page.runtime.prod.js:12:137545)
    at ek (/Users/ahmedsalem/Desktop/all my projects/uneom.com/node_modules/next/dist/compiled/next-server/app-page.runtime.prod.js:12:138019)
    at Array.toJSON (/Users/ahmedsalem/Desktop/all my projects/uneom.com/node_modules/next/dist/compiled/next-server/app-page.runtime.prod.js:12:135629)
    at stringify (<anonymous>)
    at eP (/Users/ahmedsalem/Desktop/all my projects/uneom.com/node_modules/next/dist/compiled/next-server/app-page.runtime.prod.js:12:142093)
    at eE (/Users/ahmedsalem/Desktop/all my projects/uneom.com/node_modules/next/dist/compiled/next-server/app-page.runtime.prod.js:12:142572)
    at Timeout._onTimeout (/Users/ahmedsalem/Desktop/all my projects/uneom.com/node_modules/next/dist/compiled/next-server/app-page.runtime.prod.js:12:135349)
    at listOnTimeout (node:internal/timers:605:17) {
  digest: '2101114011'
}

Error occurred prerendering page "/ar/locations/najran/aviation". Read more: https://nextjs.org/docs/messages/prerender-error

TypeError: Cannot read properties of undefined (reading 'map')
    at f (/Users/ahmedsalem/Desktop/all my projects/uneom.com/.next/server/app/ar/locations/[city]/[industry]/page.js:1:8960)
    at eh (/Users/ahmedsalem/Desktop/all my projects/uneom.com/node_modules/next/dist/compiled/next-server/app-page.runtime.prod.js:12:134660)
    at e (/Users/ahmedsalem/Desktop/all my projects/uneom.com/node_modules/next/dist/compiled/next-server/app-page.runtime.prod.js:12:137545)
    at ek (/Users/ahmedsalem/Desktop/all my projects/uneom.com/node_modules/next/dist/compiled/next-server/app-page.runtime.prod.js:12:138019)
    at Array.toJSON (/Users/ahmedsalem/Desktop/all my projects/uneom.com/node_modules/next/dist/compiled/next-server/app-page.runtime.prod.js:12:135629)
    at stringify (<anonymous>)
    at eP (/Users/ahmedsalem/Desktop/all my projects/uneom.com/node_modules/next/dist/compiled/next-server/app-page.runtime.prod.js:12:142093)
    at eE (/Users/ahmedsalem/Desktop/all my projects/uneom.com/node_modules/next/dist/compiled/next-server/app-page.runtime.prod.js:12:142572)
    at AsyncLocalStorage.run (node:internal/async_local_storage/async_context_frame:63:14)
    at Timeout._onTimeout (/Users/ahmedsalem/Desktop/all my projects/uneom.com/node_modules/next/dist/compiled/next-server/app-page.runtime.prod.js:12:150373)

Error occurred prerendering page "/ar/locations/najran/corporate". Read more: https://nextjs.org/docs/messages/prerender-error

TypeError: Cannot read properties of undefined (reading 'map')
    at f (/Users/ahmedsalem/Desktop/all my projects/uneom.com/.next/server/app/ar/locations/[city]/[industry]/page.js:1:8960)
    at eh (/Users/ahmedsalem/Desktop/all my projects/uneom.com/node_modules/next/dist/compiled/next-server/app-page.runtime.prod.js:12:134660)
    at e (/Users/ahmedsalem/Desktop/all my projects/uneom.com/node_modules/next/dist/compiled/next-server/app-page.runtime.prod.js:12:137545)
    at ek (/Users/ahmedsalem/Desktop/all my projects/uneom.com/node_modules/next/dist/compiled/next-server/app-page.runtime.prod.js:12:138019)
    at Array.toJSON (/Users/ahmedsalem/Desktop/all my projects/uneom.com/node_modules/next/dist/compiled/next-server/app-page.runtime.prod.js:12:135629)
    at stringify (<anonymous>)
    at eP (/Users/ahmedsalem/Desktop/all my projects/uneom.com/node_modules/next/dist/compiled/next-server/app-page.runtime.prod.js:12:142093)
    at eE (/Users/ahmedsalem/Desktop/all my projects/uneom.com/node_modules/next/dist/compiled/next-server/app-page.runtime.prod.js:12:142572)
    at AsyncLocalStorage.run (node:internal/async_local_storage/async_context_frame:63:14)
    at Timeout._onTimeout (/Users/ahmedsalem/Desktop/all my projects/uneom.com/node_modules/next/dist/compiled/next-server/app-page.runtime.prod.js:12:150373)
TypeError: Cannot read properties of undefined (reading 'map')
    at f (/Users/ahmedsalem/Desktop/all my projects/uneom.com/.next/server/app/ar/locations/[city]/[industry]/page.js:1:8960)
    at eh (/Users/ahmedsalem/Desktop/all my projects/uneom.com/node_modules/next/dist/compiled/next-server/app-page.runtime.prod.js:12:134660)
    at e (/Users/ahmedsalem/Desktop/all my projects/uneom.com/node_modules/next/dist/compiled/next-server/app-page.runtime.prod.js:12:137545)
    at ek (/Users/ahmedsalem/Desktop/all my projects/uneom.com/node_modules/next/dist/compiled/next-server/app-page.runtime.prod.js:12:138019)
    at Array.toJSON (/Users/ahmedsalem/Desktop/all my projects/uneom.com/node_modules/next/dist/compiled/next-server/app-page.runtime.prod.js:12:135629)
    at stringify (<anonymous>)
    at eP (/Users/ahmedsalem/Desktop/all my projects/uneom.com/node_modules/next/dist/compiled/next-server/app-page.runtime.prod.js:12:142093)
    at eE (/Users/ahmedsalem/Desktop/all my projects/uneom.com/node_modules/next/dist/compiled/next-server/app-page.runtime.prod.js:12:142572)
    at AsyncLocalStorage.run (node:internal/async_local_storage/async_context_frame:63:14)
    at Timeout._onTimeout (/Users/ahmedsalem/Desktop/all my projects/uneom.com/node_modules/next/dist/compiled/next-server/app-page.runtime.prod.js:12:150373) {
  digest: '3731830276'
}
TypeError: Cannot read properties of undefined (reading 'map')
    at f (/Users/ahmedsalem/Desktop/all my projects/uneom.com/.next/server/app/ar/locations/[city]/[industry]/page.js:1:8960)
    at eh (/Users/ahmedsalem/Desktop/all my projects/uneom.com/node_modules/next/dist/compiled/next-server/app-page.runtime.prod.js:12:134660)
    at e (/Users/ahmedsalem/Desktop/all my projects/uneom.com/node_modules/next/dist/compiled/next-server/app-page.runtime.prod.js:12:137545)
    at ek (/Users/ahmedsalem/Desktop/all my projects/uneom.com/node_modules/next/dist/compiled/next-server/app-page.runtime.prod.js:12:138019)
    at Array.toJSON (/Users/ahmedsalem/Desktop/all my projects/uneom.com/node_modules/next/dist/compiled/next-server/app-page.runtime.prod.js:12:135629)
    at stringify (<anonymous>)
    at eP (/Users/ahmedsalem/Desktop/all my projects/uneom.com/node_modules/next/dist/compiled/next-server/app-page.runtime.prod.js:12:142093)
    at eE (/Users/ahmedsalem/Desktop/all my projects/uneom.com/node_modules/next/dist/compiled/next-server/app-page.runtime.prod.js:12:142572)
    at Timeout._onTimeout (/Users/ahmedsalem/Desktop/all my projects/uneom.com/node_modules/next/dist/compiled/next-server/app-page.runtime.prod.js:12:135349)
    at listOnTimeout (node:internal/timers:605:17) {
  digest: '2101114011'
}

Error occurred prerendering page "/ar/locations/najran/factory-industry". Read more: https://nextjs.org/docs/messages/prerender-error

TypeError: Cannot read properties of undefined (reading 'map')
    at f (/Users/ahmedsalem/Desktop/all my projects/uneom.com/.next/server/app/ar/locations/[city]/[industry]/page.js:1:8960)
    at eh (/Users/ahmedsalem/Desktop/all my projects/uneom.com/node_modules/next/dist/compiled/next-server/app-page.runtime.prod.js:12:134660)
    at e (/Users/ahmedsalem/Desktop/all my projects/uneom.com/node_modules/next/dist/compiled/next-server/app-page.runtime.prod.js:12:137545)
    at ek (/Users/ahmedsalem/Desktop/all my projects/uneom.com/node_modules/next/dist/compiled/next-server/app-page.runtime.prod.js:12:138019)
    at Array.toJSON (/Users/ahmedsalem/Desktop/all my projects/uneom.com/node_modules/next/dist/compiled/next-server/app-page.runtime.prod.js:12:135629)
    at stringify (<anonymous>)
    at eP (/Users/ahmedsalem/Desktop/all my projects/uneom.com/node_modules/next/dist/compiled/next-server/app-page.runtime.prod.js:12:142093)
    at eE (/Users/ahmedsalem/Desktop/all my projects/uneom.com/node_modules/next/dist/compiled/next-server/app-page.runtime.prod.js:12:142572)
    at AsyncLocalStorage.run (node:internal/async_local_storage/async_context_frame:63:14)
    at Timeout._onTimeout (/Users/ahmedsalem/Desktop/all my projects/uneom.com/node_modules/next/dist/compiled/next-server/app-page.runtime.prod.js:12:150373)
TypeError: Cannot read properties of undefined (reading 'map')
    at f (/Users/ahmedsalem/Desktop/all my projects/uneom.com/.next/server/app/ar/locations/[city]/[industry]/page.js:1:8960)
    at eh (/Users/ahmedsalem/Desktop/all my projects/uneom.com/node_modules/next/dist/compiled/next-server/app-page.runtime.prod.js:12:134660)
    at e (/Users/ahmedsalem/Desktop/all my projects/uneom.com/node_modules/next/dist/compiled/next-server/app-page.runtime.prod.js:12:137545)
    at ek (/Users/ahmedsalem/Desktop/all my projects/uneom.com/node_modules/next/dist/compiled/next-server/app-page.runtime.prod.js:12:138019)
    at Array.toJSON (/Users/ahmedsalem/Desktop/all my projects/uneom.com/node_modules/next/dist/compiled/next-server/app-page.runtime.prod.js:12:135629)
    at stringify (<anonymous>)
    at eP (/Users/ahmedsalem/Desktop/all my projects/uneom.com/node_modules/next/dist/compiled/next-server/app-page.runtime.prod.js:12:142093)
    at eE (/Users/ahmedsalem/Desktop/all my projects/uneom.com/node_modules/next/dist/compiled/next-server/app-page.runtime.prod.js:12:142572)
    at AsyncLocalStorage.run (node:internal/async_local_storage/async_context_frame:63:14)
    at Timeout._onTimeout (/Users/ahmedsalem/Desktop/all my projects/uneom.com/node_modules/next/dist/compiled/next-server/app-page.runtime.prod.js:12:150373) {
  digest: '3731830276'
}
TypeError: Cannot read properties of undefined (reading 'map')
    at f (/Users/ahmedsalem/Desktop/all my projects/uneom.com/.next/server/app/ar/locations/[city]/[industry]/page.js:1:8960)
    at eh (/Users/ahmedsalem/Desktop/all my projects/uneom.com/node_modules/next/dist/compiled/next-server/app-page.runtime.prod.js:12:134660)
    at e (/Users/ahmedsalem/Desktop/all my projects/uneom.com/node_modules/next/dist/compiled/next-server/app-page.runtime.prod.js:12:137545)
    at ek (/Users/ahmedsalem/Desktop/all my projects/uneom.com/node_modules/next/dist/compiled/next-server/app-page.runtime.prod.js:12:138019)
    at Array.toJSON (/Users/ahmedsalem/Desktop/all my projects/uneom.com/node_modules/next/dist/compiled/next-server/app-page.runtime.prod.js:12:135629)
    at stringify (<anonymous>)
    at eP (/Users/ahmedsalem/Desktop/all my projects/uneom.com/node_modules/next/dist/compiled/next-server/app-page.runtime.prod.js:12:142093)
    at eE (/Users/ahmedsalem/Desktop/all my projects/uneom.com/node_modules/next/dist/compiled/next-server/app-page.runtime.prod.js:12:142572)
    at Timeout._onTimeout (/Users/ahmedsalem/Desktop/all my projects/uneom.com/node_modules/next/dist/compiled/next-server/app-page.runtime.prod.js:12:135349)
    at listOnTimeout (node:internal/timers:605:17) {
  digest: '2101114011'
}

Error occurred prerendering page "/ar/locations/najran/retail-shops". Read more: https://nextjs.org/docs/messages/prerender-error

TypeError: Cannot read properties of undefined (reading 'map')
    at f (/Users/ahmedsalem/Desktop/all my projects/uneom.com/.next/server/app/ar/locations/[city]/[industry]/page.js:1:8960)
    at eh (/Users/ahmedsalem/Desktop/all my projects/uneom.com/node_modules/next/dist/compiled/next-server/app-page.runtime.prod.js:12:134660)
    at e (/Users/ahmedsalem/Desktop/all my projects/uneom.com/node_modules/next/dist/compiled/next-server/app-page.runtime.prod.js:12:137545)
    at ek (/Users/ahmedsalem/Desktop/all my projects/uneom.com/node_modules/next/dist/compiled/next-server/app-page.runtime.prod.js:12:138019)
    at Array.toJSON (/Users/ahmedsalem/Desktop/all my projects/uneom.com/node_modules/next/dist/compiled/next-server/app-page.runtime.prod.js:12:135629)
    at stringify (<anonymous>)
    at eP (/Users/ahmedsalem/Desktop/all my projects/uneom.com/node_modules/next/dist/compiled/next-server/app-page.runtime.prod.js:12:142093)
    at eE (/Users/ahmedsalem/Desktop/all my projects/uneom.com/node_modules/next/dist/compiled/next-server/app-page.runtime.prod.js:12:142572)
    at AsyncLocalStorage.run (node:internal/async_local_storage/async_context_frame:63:14)
    at Timeout._onTimeout (/Users/ahmedsalem/Desktop/all my projects/uneom.com/node_modules/next/dist/compiled/next-server/app-page.runtime.prod.js:12:150373)

Error occurred prerendering page "/ar/locations/najran/education". Read more: https://nextjs.org/docs/messages/prerender-error

TypeError: Cannot read properties of undefined (reading 'map')
    at f (/Users/ahmedsalem/Desktop/all my projects/uneom.com/.next/server/app/ar/locations/[city]/[industry]/page.js:1:8960)
    at eh (/Users/ahmedsalem/Desktop/all my projects/uneom.com/node_modules/next/dist/compiled/next-server/app-page.runtime.prod.js:12:134660)
    at e (/Users/ahmedsalem/Desktop/all my projects/uneom.com/node_modules/next/dist/compiled/next-server/app-page.runtime.prod.js:12:137545)
    at ek (/Users/ahmedsalem/Desktop/all my projects/uneom.com/node_modules/next/dist/compiled/next-server/app-page.runtime.prod.js:12:138019)
    at Array.toJSON (/Users/ahmedsalem/Desktop/all my projects/uneom.com/node_modules/next/dist/compiled/next-server/app-page.runtime.prod.js:12:135629)
    at stringify (<anonymous>)
    at eP (/Users/ahmedsalem/Desktop/all my projects/uneom.com/node_modules/next/dist/compiled/next-server/app-page.runtime.prod.js:12:142093)
    at eE (/Users/ahmedsalem/Desktop/all my projects/uneom.com/node_modules/next/dist/compiled/next-server/app-page.runtime.prod.js:12:142572)
    at AsyncLocalStorage.run (node:internal/async_local_storage/async_context_frame:63:14)
    at Timeout._onTimeout (/Users/ahmedsalem/Desktop/all my projects/uneom.com/node_modules/next/dist/compiled/next-server/app-page.runtime.prod.js:12:150373)

Error occurred prerendering page "/ar/locations/najran/security". Read more: https://nextjs.org/docs/messages/prerender-error

TypeError: Cannot read properties of undefined (reading 'map')
    at f (/Users/ahmedsalem/Desktop/all my projects/uneom.com/.next/server/app/ar/locations/[city]/[industry]/page.js:1:8960)
    at eh (/Users/ahmedsalem/Desktop/all my projects/uneom.com/node_modules/next/dist/compiled/next-server/app-page.runtime.prod.js:12:134660)
    at e (/Users/ahmedsalem/Desktop/all my projects/uneom.com/node_modules/next/dist/compiled/next-server/app-page.runtime.prod.js:12:137545)
    at ek (/Users/ahmedsalem/Desktop/all my projects/uneom.com/node_modules/next/dist/compiled/next-server/app-page.runtime.prod.js:12:138019)
    at Array.toJSON (/Users/ahmedsalem/Desktop/all my projects/uneom.com/node_modules/next/dist/compiled/next-server/app-page.runtime.prod.js:12:135629)
    at stringify (<anonymous>)
    at eP (/Users/ahmedsalem/Desktop/all my projects/uneom.com/node_modules/next/dist/compiled/next-server/app-page.runtime.prod.js:12:142093)
    at eE (/Users/ahmedsalem/Desktop/all my projects/uneom.com/node_modules/next/dist/compiled/next-server/app-page.runtime.prod.js:12:142572)
    at AsyncLocalStorage.run (node:internal/async_local_storage/async_context_frame:63:14)
    at Timeout._onTimeout (/Users/ahmedsalem/Desktop/all my projects/uneom.com/node_modules/next/dist/compiled/next-server/app-page.runtime.prod.js:12:150373)
TypeError: Cannot read properties of undefined (reading 'map')
    at f (/Users/ahmedsalem/Desktop/all my projects/uneom.com/.next/server/app/ar/locations/[city]/[industry]/page.js:1:8960)
    at eh (/Users/ahmedsalem/Desktop/all my projects/uneom.com/node_modules/next/dist/compiled/next-server/app-page.runtime.prod.js:12:134660)
    at e (/Users/ahmedsalem/Desktop/all my projects/uneom.com/node_modules/next/dist/compiled/next-server/app-page.runtime.prod.js:12:137545)
    at ek (/Users/ahmedsalem/Desktop/all my projects/uneom.com/node_modules/next/dist/compiled/next-server/app-page.runtime.prod.js:12:138019)
    at Array.toJSON (/Users/ahmedsalem/Desktop/all my projects/uneom.com/node_modules/next/dist/compiled/next-server/app-page.runtime.prod.js:12:135629)
    at stringify (<anonymous>)
    at eP (/Users/ahmedsalem/Desktop/all my projects/uneom.com/node_modules/next/dist/compiled/next-server/app-page.runtime.prod.js:12:142093)
    at eE (/Users/ahmedsalem/Desktop/all my projects/uneom.com/node_modules/next/dist/compiled/next-server/app-page.runtime.prod.js:12:142572)
    at AsyncLocalStorage.run (node:internal/async_local_storage/async_context_frame:63:14)
    at Timeout._onTimeout (/Users/ahmedsalem/Desktop/all my projects/uneom.com/node_modules/next/dist/compiled/next-server/app-page.runtime.prod.js:12:150373) {
  digest: '3731830276'
}
TypeError: Cannot read properties of undefined (reading 'map')
    at f (/Users/ahmedsalem/Desktop/all my projects/uneom.com/.next/server/app/ar/locations/[city]/[industry]/page.js:1:8960)
    at eh (/Users/ahmedsalem/Desktop/all my projects/uneom.com/node_modules/next/dist/compiled/next-server/app-page.runtime.prod.js:12:134660)
    at e (/Users/ahmedsalem/Desktop/all my projects/uneom.com/node_modules/next/dist/compiled/next-server/app-page.runtime.prod.js:12:137545)
    at ek (/Users/ahmedsalem/Desktop/all my projects/uneom.com/node_modules/next/dist/compiled/next-server/app-page.runtime.prod.js:12:138019)
    at Array.toJSON (/Users/ahmedsalem/Desktop/all my projects/uneom.com/node_modules/next/dist/compiled/next-server/app-page.runtime.prod.js:12:135629)
    at stringify (<anonymous>)
    at eP (/Users/ahmedsalem/Desktop/all my projects/uneom.com/node_modules/next/dist/compiled/next-server/app-page.runtime.prod.js:12:142093)
    at eE (/Users/ahmedsalem/Desktop/all my projects/uneom.com/node_modules/next/dist/compiled/next-server/app-page.runtime.prod.js:12:142572)
    at Timeout._onTimeout (/Users/ahmedsalem/Desktop/all my projects/uneom.com/node_modules/next/dist/compiled/next-server/app-page.runtime.prod.js:12:135349)
    at listOnTimeout (node:internal/timers:605:17) {
  digest: '2101114011'
}

Error occurred prerendering page "/ar/locations/najran/supply-manufacturing". Read more: https://nextjs.org/docs/messages/prerender-error

TypeError: Cannot read properties of undefined (reading 'map')
    at f (/Users/ahmedsalem/Desktop/all my projects/uneom.com/.next/server/app/ar/locations/[city]/[industry]/page.js:1:8960)
    at eh (/Users/ahmedsalem/Desktop/all my projects/uneom.com/node_modules/next/dist/compiled/next-server/app-page.runtime.prod.js:12:134660)
    at e (/Users/ahmedsalem/Desktop/all my projects/uneom.com/node_modules/next/dist/compiled/next-server/app-page.runtime.prod.js:12:137545)
    at ek (/Users/ahmedsalem/Desktop/all my projects/uneom.com/node_modules/next/dist/compiled/next-server/app-page.runtime.prod.js:12:138019)
    at Array.toJSON (/Users/ahmedsalem/Desktop/all my projects/uneom.com/node_modules/next/dist/compiled/next-server/app-page.runtime.prod.js:12:135629)
    at stringify (<anonymous>)
    at eP (/Users/ahmedsalem/Desktop/all my projects/uneom.com/node_modules/next/dist/compiled/next-server/app-page.runtime.prod.js:12:142093)
    at eE (/Users/ahmedsalem/Desktop/all my projects/uneom.com/node_modules/next/dist/compiled/next-server/app-page.runtime.prod.js:12:142572)
    at AsyncLocalStorage.run (node:internal/async_local_storage/async_context_frame:63:14)
    at Timeout._onTimeout (/Users/ahmedsalem/Desktop/all my projects/uneom.com/node_modules/next/dist/compiled/next-server/app-page.runtime.prod.js:12:150373)
TypeError: Cannot read properties of undefined (reading 'map')
    at f (/Users/ahmedsalem/Desktop/all my projects/uneom.com/.next/server/app/ar/locations/[city]/[industry]/page.js:1:8960)
    at eh (/Users/ahmedsalem/Desktop/all my projects/uneom.com/node_modules/next/dist/compiled/next-server/app-page.runtime.prod.js:12:134660)
    at e (/Users/ahmedsalem/Desktop/all my projects/uneom.com/node_modules/next/dist/compiled/next-server/app-page.runtime.prod.js:12:137545)
    at ek (/Users/ahmedsalem/Desktop/all my projects/uneom.com/node_modules/next/dist/compiled/next-server/app-page.runtime.prod.js:12:138019)
    at Array.toJSON (/Users/ahmedsalem/Desktop/all my projects/uneom.com/node_modules/next/dist/compiled/next-server/app-page.runtime.prod.js:12:135629)
    at stringify (<anonymous>)
    at eP (/Users/ahmedsalem/Desktop/all my projects/uneom.com/node_modules/next/dist/compiled/next-server/app-page.runtime.prod.js:12:142093)
    at eE (/Users/ahmedsalem/Desktop/all my projects/uneom.com/node_modules/next/dist/compiled/next-server/app-page.runtime.prod.js:12:142572)
    at AsyncLocalStorage.run (node:internal/async_local_storage/async_context_frame:63:14)
    at Timeout._onTimeout (/Users/ahmedsalem/Desktop/all my projects/uneom.com/node_modules/next/dist/compiled/next-server/app-page.runtime.prod.js:12:150373) {
  digest: '3731830276'
}
TypeError: Cannot read properties of undefined (reading 'map')
    at f (/Users/ahmedsalem/Desktop/all my projects/uneom.com/.next/server/app/ar/locations/[city]/[industry]/page.js:1:8960)
    at eh (/Users/ahmedsalem/Desktop/all my projects/uneom.com/node_modules/next/dist/compiled/next-server/app-page.runtime.prod.js:12:134660)
    at e (/Users/ahmedsalem/Desktop/all my projects/uneom.com/node_modules/next/dist/compiled/next-server/app-page.runtime.prod.js:12:137545)
    at ek (/Users/ahmedsalem/Desktop/all my projects/uneom.com/node_modules/next/dist/compiled/next-server/app-page.runtime.prod.js:12:138019)
    at Array.toJSON (/Users/ahmedsalem/Desktop/all my projects/uneom.com/node_modules/next/dist/compiled/next-server/app-page.runtime.prod.js:12:135629)
    at stringify (<anonymous>)
    at eP (/Users/ahmedsalem/Desktop/all my projects/uneom.com/node_modules/next/dist/compiled/next-server/app-page.runtime.prod.js:12:142093)
    at eE (/Users/ahmedsalem/Desktop/all my projects/uneom.com/node_modules/next/dist/compiled/next-server/app-page.runtime.prod.js:12:142572)
    at Timeout._onTimeout (/Users/ahmedsalem/Desktop/all my projects/uneom.com/node_modules/next/dist/compiled/next-server/app-page.runtime.prod.js:12:135349)
    at listOnTimeout (node:internal/timers:605:17) {
  digest: '2101114011'
}

Error occurred prerendering page "/ar/locations/hail/hospitality". Read more: https://nextjs.org/docs/messages/prerender-error

TypeError: Cannot read properties of undefined (reading 'map')
    at f (/Users/ahmedsalem/Desktop/all my projects/uneom.com/.next/server/app/ar/locations/[city]/[industry]/page.js:1:8960)
    at eh (/Users/ahmedsalem/Desktop/all my projects/uneom.com/node_modules/next/dist/compiled/next-server/app-page.runtime.prod.js:12:134660)
    at e (/Users/ahmedsalem/Desktop/all my projects/uneom.com/node_modules/next/dist/compiled/next-server/app-page.runtime.prod.js:12:137545)
    at ek (/Users/ahmedsalem/Desktop/all my projects/uneom.com/node_modules/next/dist/compiled/next-server/app-page.runtime.prod.js:12:138019)
    at Array.toJSON (/Users/ahmedsalem/Desktop/all my projects/uneom.com/node_modules/next/dist/compiled/next-server/app-page.runtime.prod.js:12:135629)
    at stringify (<anonymous>)
    at eP (/Users/ahmedsalem/Desktop/all my projects/uneom.com/node_modules/next/dist/compiled/next-server/app-page.runtime.prod.js:12:142093)
    at eE (/Users/ahmedsalem/Desktop/all my projects/uneom.com/node_modules/next/dist/compiled/next-server/app-page.runtime.prod.js:12:142572)
    at AsyncLocalStorage.run (node:internal/async_local_storage/async_context_frame:63:14)
    at Timeout._onTimeout (/Users/ahmedsalem/Desktop/all my projects/uneom.com/node_modules/next/dist/compiled/next-server/app-page.runtime.prod.js:12:150373)
TypeError: Cannot read properties of undefined (reading 'map')
    at f (/Users/ahmedsalem/Desktop/all my projects/uneom.com/.next/server/app/ar/locations/[city]/[industry]/page.js:1:8960)
    at eh (/Users/ahmedsalem/Desktop/all my projects/uneom.com/node_modules/next/dist/compiled/next-server/app-page.runtime.prod.js:12:134660)
    at e (/Users/ahmedsalem/Desktop/all my projects/uneom.com/node_modules/next/dist/compiled/next-server/app-page.runtime.prod.js:12:137545)
    at ek (/Users/ahmedsalem/Desktop/all my projects/uneom.com/node_modules/next/dist/compiled/next-server/app-page.runtime.prod.js:12:138019)
    at Array.toJSON (/Users/ahmedsalem/Desktop/all my projects/uneom.com/node_modules/next/dist/compiled/next-server/app-page.runtime.prod.js:12:135629)
    at stringify (<anonymous>)
    at eP (/Users/ahmedsalem/Desktop/all my projects/uneom.com/node_modules/next/dist/compiled/next-server/app-page.runtime.prod.js:12:142093)
    at eE (/Users/ahmedsalem/Desktop/all my projects/uneom.com/node_modules/next/dist/compiled/next-server/app-page.runtime.prod.js:12:142572)
    at AsyncLocalStorage.run (node:internal/async_local_storage/async_context_frame:63:14)
    at Timeout._onTimeout (/Users/ahmedsalem/Desktop/all my projects/uneom.com/node_modules/next/dist/compiled/next-server/app-page.runtime.prod.js:12:150373) {
  digest: '3731830276'
}
TypeError: Cannot read properties of undefined (reading 'map')
    at f (/Users/ahmedsalem/Desktop/all my projects/uneom.com/.next/server/app/ar/locations/[city]/[industry]/page.js:1:8960)
    at eh (/Users/ahmedsalem/Desktop/all my projects/uneom.com/node_modules/next/dist/compiled/next-server/app-page.runtime.prod.js:12:134660)
    at e (/Users/ahmedsalem/Desktop/all my projects/uneom.com/node_modules/next/dist/compiled/next-server/app-page.runtime.prod.js:12:137545)
    at ek (/Users/ahmedsalem/Desktop/all my projects/uneom.com/node_modules/next/dist/compiled/next-server/app-page.runtime.prod.js:12:138019)
    at Array.toJSON (/Users/ahmedsalem/Desktop/all my projects/uneom.com/node_modules/next/dist/compiled/next-server/app-page.runtime.prod.js:12:135629)
    at stringify (<anonymous>)
    at eP (/Users/ahmedsalem/Desktop/all my projects/uneom.com/node_modules/next/dist/compiled/next-server/app-page.runtime.prod.js:12:142093)
    at eE (/Users/ahmedsalem/Desktop/all my projects/uneom.com/node_modules/next/dist/compiled/next-server/app-page.runtime.prod.js:12:142572)
    at Timeout._onTimeout (/Users/ahmedsalem/Desktop/all my projects/uneom.com/node_modules/next/dist/compiled/next-server/app-page.runtime.prod.js:12:135349)
    at listOnTimeout (node:internal/timers:605:17) {
  digest: '2101114011'
}

Error occurred prerendering page "/ar/locations/hail/healthcare". Read more: https://nextjs.org/docs/messages/prerender-error

TypeError: Cannot read properties of undefined (reading 'map')
    at f (/Users/ahmedsalem/Desktop/all my projects/uneom.com/.next/server/app/ar/locations/[city]/[industry]/page.js:1:8960)
    at eh (/Users/ahmedsalem/Desktop/all my projects/uneom.com/node_modules/next/dist/compiled/next-server/app-page.runtime.prod.js:12:134660)
    at e (/Users/ahmedsalem/Desktop/all my projects/uneom.com/node_modules/next/dist/compiled/next-server/app-page.runtime.prod.js:12:137545)
    at ek (/Users/ahmedsalem/Desktop/all my projects/uneom.com/node_modules/next/dist/compiled/next-server/app-page.runtime.prod.js:12:138019)
    at Array.toJSON (/Users/ahmedsalem/Desktop/all my projects/uneom.com/node_modules/next/dist/compiled/next-server/app-page.runtime.prod.js:12:135629)
    at stringify (<anonymous>)
    at eP (/Users/ahmedsalem/Desktop/all my projects/uneom.com/node_modules/next/dist/compiled/next-server/app-page.runtime.prod.js:12:142093)
    at eE (/Users/ahmedsalem/Desktop/all my projects/uneom.com/node_modules/next/dist/compiled/next-server/app-page.runtime.prod.js:12:142572)
    at AsyncLocalStorage.run (node:internal/async_local_storage/async_context_frame:63:14)
    at Timeout._onTimeout (/Users/ahmedsalem/Desktop/all my projects/uneom.com/node_modules/next/dist/compiled/next-server/app-page.runtime.prod.js:12:150373)
TypeError: Cannot read properties of undefined (reading 'map')
    at f (/Users/ahmedsalem/Desktop/all my projects/uneom.com/.next/server/app/ar/locations/[city]/[industry]/page.js:1:8960)
    at eh (/Users/ahmedsalem/Desktop/all my projects/uneom.com/node_modules/next/dist/compiled/next-server/app-page.runtime.prod.js:12:134660)
    at e (/Users/ahmedsalem/Desktop/all my projects/uneom.com/node_modules/next/dist/compiled/next-server/app-page.runtime.prod.js:12:137545)
    at ek (/Users/ahmedsalem/Desktop/all my projects/uneom.com/node_modules/next/dist/compiled/next-server/app-page.runtime.prod.js:12:138019)
    at Array.toJSON (/Users/ahmedsalem/Desktop/all my projects/uneom.com/node_modules/next/dist/compiled/next-server/app-page.runtime.prod.js:12:135629)
    at stringify (<anonymous>)
    at eP (/Users/ahmedsalem/Desktop/all my projects/uneom.com/node_modules/next/dist/compiled/next-server/app-page.runtime.prod.js:12:142093)
    at eE (/Users/ahmedsalem/Desktop/all my projects/uneom.com/node_modules/next/dist/compiled/next-server/app-page.runtime.prod.js:12:142572)
    at AsyncLocalStorage.run (node:internal/async_local_storage/async_context_frame:63:14)
    at Timeout._onTimeout (/Users/ahmedsalem/Desktop/all my projects/uneom.com/node_modules/next/dist/compiled/next-server/app-page.runtime.prod.js:12:150373) {
  digest: '3731830276'
}
TypeError: Cannot read properties of undefined (reading 'map')
    at f (/Users/ahmedsalem/Desktop/all my projects/uneom.com/.next/server/app/ar/locations/[city]/[industry]/page.js:1:8960)
    at eh (/Users/ahmedsalem/Desktop/all my projects/uneom.com/node_modules/next/dist/compiled/next-server/app-page.runtime.prod.js:12:134660)
    at e (/Users/ahmedsalem/Desktop/all my projects/uneom.com/node_modules/next/dist/compiled/next-server/app-page.runtime.prod.js:12:137545)
    at ek (/Users/ahmedsalem/Desktop/all my projects/uneom.com/node_modules/next/dist/compiled/next-server/app-page.runtime.prod.js:12:138019)
    at Array.toJSON (/Users/ahmedsalem/Desktop/all my projects/uneom.com/node_modules/next/dist/compiled/next-server/app-page.runtime.prod.js:12:135629)
    at stringify (<anonymous>)
    at eP (/Users/ahmedsalem/Desktop/all my projects/uneom.com/node_modules/next/dist/compiled/next-server/app-page.runtime.prod.js:12:142093)
    at eE (/Users/ahmedsalem/Desktop/all my projects/uneom.com/node_modules/next/dist/compiled/next-server/app-page.runtime.prod.js:12:142572)
    at Timeout._onTimeout (/Users/ahmedsalem/Desktop/all my projects/uneom.com/node_modules/next/dist/compiled/next-server/app-page.runtime.prod.js:12:135349)
    at listOnTimeout (node:internal/timers:605:17) {
  digest: '2101114011'
}

Error occurred prerendering page "/ar/locations/hail/education". Read more: https://nextjs.org/docs/messages/prerender-error

TypeError: Cannot read properties of undefined (reading 'map')
    at f (/Users/ahmedsalem/Desktop/all my projects/uneom.com/.next/server/app/ar/locations/[city]/[industry]/page.js:1:8960)
    at eh (/Users/ahmedsalem/Desktop/all my projects/uneom.com/node_modules/next/dist/compiled/next-server/app-page.runtime.prod.js:12:134660)
    at e (/Users/ahmedsalem/Desktop/all my projects/uneom.com/node_modules/next/dist/compiled/next-server/app-page.runtime.prod.js:12:137545)
    at ek (/Users/ahmedsalem/Desktop/all my projects/uneom.com/node_modules/next/dist/compiled/next-server/app-page.runtime.prod.js:12:138019)
    at Array.toJSON (/Users/ahmedsalem/Desktop/all my projects/uneom.com/node_modules/next/dist/compiled/next-server/app-page.runtime.prod.js:12:135629)
    at stringify (<anonymous>)
    at eP (/Users/ahmedsalem/Desktop/all my projects/uneom.com/node_modules/next/dist/compiled/next-server/app-page.runtime.prod.js:12:142093)
    at eE (/Users/ahmedsalem/Desktop/all my projects/uneom.com/node_modules/next/dist/compiled/next-server/app-page.runtime.prod.js:12:142572)
    at AsyncLocalStorage.run (node:internal/async_local_storage/async_context_frame:63:14)
    at Timeout._onTimeout (/Users/ahmedsalem/Desktop/all my projects/uneom.com/node_modules/next/dist/compiled/next-server/app-page.runtime.prod.js:12:150373)
TypeError: Cannot read properties of undefined (reading 'map')
    at f (/Users/ahmedsalem/Desktop/all my projects/uneom.com/.next/server/app/ar/locations/[city]/[industry]/page.js:1:8960)
    at eh (/Users/ahmedsalem/Desktop/all my projects/uneom.com/node_modules/next/dist/compiled/next-server/app-page.runtime.prod.js:12:134660)
    at e (/Users/ahmedsalem/Desktop/all my projects/uneom.com/node_modules/next/dist/compiled/next-server/app-page.runtime.prod.js:12:137545)
    at ek (/Users/ahmedsalem/Desktop/all my projects/uneom.com/node_modules/next/dist/compiled/next-server/app-page.runtime.prod.js:12:138019)
    at Array.toJSON (/Users/ahmedsalem/Desktop/all my projects/uneom.com/node_modules/next/dist/compiled/next-server/app-page.runtime.prod.js:12:135629)
    at stringify (<anonymous>)
    at eP (/Users/ahmedsalem/Desktop/all my projects/uneom.com/node_modules/next/dist/compiled/next-server/app-page.runtime.prod.js:12:142093)
    at eE (/Users/ahmedsalem/Desktop/all my projects/uneom.com/node_modules/next/dist/compiled/next-server/app-page.runtime.prod.js:12:142572)
    at AsyncLocalStorage.run (node:internal/async_local_storage/async_context_frame:63:14)
    at Timeout._onTimeout (/Users/ahmedsalem/Desktop/all my projects/uneom.com/node_modules/next/dist/compiled/next-server/app-page.runtime.prod.js:12:150373) {
  digest: '3731830276'
}
TypeError: Cannot read properties of undefined (reading 'map')
    at f (/Users/ahmedsalem/Desktop/all my projects/uneom.com/.next/server/app/ar/locations/[city]/[industry]/page.js:1:8960)
    at eh (/Users/ahmedsalem/Desktop/all my projects/uneom.com/node_modules/next/dist/compiled/next-server/app-page.runtime.prod.js:12:134660)
    at e (/Users/ahmedsalem/Desktop/all my projects/uneom.com/node_modules/next/dist/compiled/next-server/app-page.runtime.prod.js:12:137545)
    at ek (/Users/ahmedsalem/Desktop/all my projects/uneom.com/node_modules/next/dist/compiled/next-server/app-page.runtime.prod.js:12:138019)
    at Array.toJSON (/Users/ahmedsalem/Desktop/all my projects/uneom.com/node_modules/next/dist/compiled/next-server/app-page.runtime.prod.js:12:135629)
    at stringify (<anonymous>)
    at eP (/Users/ahmedsalem/Desktop/all my projects/uneom.com/node_modules/next/dist/compiled/next-server/app-page.runtime.prod.js:12:142093)
    at eE (/Users/ahmedsalem/Desktop/all my projects/uneom.com/node_modules/next/dist/compiled/next-server/app-page.runtime.prod.js:12:142572)
    at Timeout._onTimeout (/Users/ahmedsalem/Desktop/all my projects/uneom.com/node_modules/next/dist/compiled/next-server/app-page.runtime.prod.js:12:135349)
    at listOnTimeout (node:internal/timers:605:17) {
  digest: '2101114011'
}

Error occurred prerendering page "/ar/locations/hail/corporate". Read more: https://nextjs.org/docs/messages/prerender-error

TypeError: Cannot read properties of undefined (reading 'map')
    at f (/Users/ahmedsalem/Desktop/all my projects/uneom.com/.next/server/app/ar/locations/[city]/[industry]/page.js:1:8960)
    at eh (/Users/ahmedsalem/Desktop/all my projects/uneom.com/node_modules/next/dist/compiled/next-server/app-page.runtime.prod.js:12:134660)
    at e (/Users/ahmedsalem/Desktop/all my projects/uneom.com/node_modules/next/dist/compiled/next-server/app-page.runtime.prod.js:12:137545)
    at ek (/Users/ahmedsalem/Desktop/all my projects/uneom.com/node_modules/next/dist/compiled/next-server/app-page.runtime.prod.js:12:138019)
    at Array.toJSON (/Users/ahmedsalem/Desktop/all my projects/uneom.com/node_modules/next/dist/compiled/next-server/app-page.runtime.prod.js:12:135629)
    at stringify (<anonymous>)
    at eP (/Users/ahmedsalem/Desktop/all my projects/uneom.com/node_modules/next/dist/compiled/next-server/app-page.runtime.prod.js:12:142093)
    at eE (/Users/ahmedsalem/Desktop/all my projects/uneom.com/node_modules/next/dist/compiled/next-server/app-page.runtime.prod.js:12:142572)
    at AsyncLocalStorage.run (node:internal/async_local_storage/async_context_frame:63:14)
    at Timeout._onTimeout (/Users/ahmedsalem/Desktop/all my projects/uneom.com/node_modules/next/dist/compiled/next-server/app-page.runtime.prod.js:12:150373)
TypeError: Cannot read properties of undefined (reading 'map')
    at f (/Users/ahmedsalem/Desktop/all my projects/uneom.com/.next/server/app/ar/locations/[city]/[industry]/page.js:1:8960)
    at eh (/Users/ahmedsalem/Desktop/all my projects/uneom.com/node_modules/next/dist/compiled/next-server/app-page.runtime.prod.js:12:134660)
    at e (/Users/ahmedsalem/Desktop/all my projects/uneom.com/node_modules/next/dist/compiled/next-server/app-page.runtime.prod.js:12:137545)
    at ek (/Users/ahmedsalem/Desktop/all my projects/uneom.com/node_modules/next/dist/compiled/next-server/app-page.runtime.prod.js:12:138019)
    at Array.toJSON (/Users/ahmedsalem/Desktop/all my projects/uneom.com/node_modules/next/dist/compiled/next-server/app-page.runtime.prod.js:12:135629)
    at stringify (<anonymous>)
    at eP (/Users/ahmedsalem/Desktop/all my projects/uneom.com/node_modules/next/dist/compiled/next-server/app-page.runtime.prod.js:12:142093)
    at eE (/Users/ahmedsalem/Desktop/all my projects/uneom.com/node_modules/next/dist/compiled/next-server/app-page.runtime.prod.js:12:142572)
    at AsyncLocalStorage.run (node:internal/async_local_storage/async_context_frame:63:14)
    at Timeout._onTimeout (/Users/ahmedsalem/Desktop/all my projects/uneom.com/node_modules/next/dist/compiled/next-server/app-page.runtime.prod.js:12:150373) {
  digest: '3731830276'
}
TypeError: Cannot read properties of undefined (reading 'map')
    at f (/Users/ahmedsalem/Desktop/all my projects/uneom.com/.next/server/app/ar/locations/[city]/[industry]/page.js:1:8960)
    at eh (/Users/ahmedsalem/Desktop/all my projects/uneom.com/node_modules/next/dist/compiled/next-server/app-page.runtime.prod.js:12:134660)
    at e (/Users/ahmedsalem/Desktop/all my projects/uneom.com/node_modules/next/dist/compiled/next-server/app-page.runtime.prod.js:12:137545)
    at ek (/Users/ahmedsalem/Desktop/all my projects/uneom.com/node_modules/next/dist/compiled/next-server/app-page.runtime.prod.js:12:138019)
    at Array.toJSON (/Users/ahmedsalem/Desktop/all my projects/uneom.com/node_modules/next/dist/compiled/next-server/app-page.runtime.prod.js:12:135629)
    at stringify (<anonymous>)
    at eP (/Users/ahmedsalem/Desktop/all my projects/uneom.com/node_modules/next/dist/compiled/next-server/app-page.runtime.prod.js:12:142093)
    at eE (/Users/ahmedsalem/Desktop/all my projects/uneom.com/node_modules/next/dist/compiled/next-server/app-page.runtime.prod.js:12:142572)
    at Timeout._onTimeout (/Users/ahmedsalem/Desktop/all my projects/uneom.com/node_modules/next/dist/compiled/next-server/app-page.runtime.prod.js:12:135349)
    at listOnTimeout (node:internal/timers:605:17) {
  digest: '2101114011'
}

Error occurred prerendering page "/ar/locations/hail/manufacturing". Read more: https://nextjs.org/docs/messages/prerender-error

TypeError: Cannot read properties of undefined (reading 'map')
    at f (/Users/ahmedsalem/Desktop/all my projects/uneom.com/.next/server/app/ar/locations/[city]/[industry]/page.js:1:8960)
    at eh (/Users/ahmedsalem/Desktop/all my projects/uneom.com/node_modules/next/dist/compiled/next-server/app-page.runtime.prod.js:12:134660)
    at e (/Users/ahmedsalem/Desktop/all my projects/uneom.com/node_modules/next/dist/compiled/next-server/app-page.runtime.prod.js:12:137545)
    at ek (/Users/ahmedsalem/Desktop/all my projects/uneom.com/node_modules/next/dist/compiled/next-server/app-page.runtime.prod.js:12:138019)
    at Array.toJSON (/Users/ahmedsalem/Desktop/all my projects/uneom.com/node_modules/next/dist/compiled/next-server/app-page.runtime.prod.js:12:135629)
    at stringify (<anonymous>)
    at eP (/Users/ahmedsalem/Desktop/all my projects/uneom.com/node_modules/next/dist/compiled/next-server/app-page.runtime.prod.js:12:142093)
    at eE (/Users/ahmedsalem/Desktop/all my projects/uneom.com/node_modules/next/dist/compiled/next-server/app-page.runtime.prod.js:12:142572)
    at AsyncLocalStorage.run (node:internal/async_local_storage/async_context_frame:63:14)
    at Timeout._onTimeout (/Users/ahmedsalem/Desktop/all my projects/uneom.com/node_modules/next/dist/compiled/next-server/app-page.runtime.prod.js:12:150373)
TypeError: Cannot read properties of undefined (reading 'map')
    at f (/Users/ahmedsalem/Desktop/all my projects/uneom.com/.next/server/app/ar/locations/[city]/[industry]/page.js:1:8960)
    at eh (/Users/ahmedsalem/Desktop/all my projects/uneom.com/node_modules/next/dist/compiled/next-server/app-page.runtime.prod.js:12:134660)
    at e (/Users/ahmedsalem/Desktop/all my projects/uneom.com/node_modules/next/dist/compiled/next-server/app-page.runtime.prod.js:12:137545)
    at ek (/Users/ahmedsalem/Desktop/all my projects/uneom.com/node_modules/next/dist/compiled/next-server/app-page.runtime.prod.js:12:138019)
    at Array.toJSON (/Users/ahmedsalem/Desktop/all my projects/uneom.com/node_modules/next/dist/compiled/next-server/app-page.runtime.prod.js:12:135629)
    at stringify (<anonymous>)
    at eP (/Users/ahmedsalem/Desktop/all my projects/uneom.com/node_modules/next/dist/compiled/next-server/app-page.runtime.prod.js:12:142093)
    at eE (/Users/ahmedsalem/Desktop/all my projects/uneom.com/node_modules/next/dist/compiled/next-server/app-page.runtime.prod.js:12:142572)
    at AsyncLocalStorage.run (node:internal/async_local_storage/async_context_frame:63:14)
    at Timeout._onTimeout (/Users/ahmedsalem/Desktop/all my projects/uneom.com/node_modules/next/dist/compiled/next-server/app-page.runtime.prod.js:12:150373) {
  digest: '3731830276'
}
TypeError: Cannot read properties of undefined (reading 'map')
    at f (/Users/ahmedsalem/Desktop/all my projects/uneom.com/.next/server/app/ar/locations/[city]/[industry]/page.js:1:8960)
    at eh (/Users/ahmedsalem/Desktop/all my projects/uneom.com/node_modules/next/dist/compiled/next-server/app-page.runtime.prod.js:12:134660)
    at e (/Users/ahmedsalem/Desktop/all my projects/uneom.com/node_modules/next/dist/compiled/next-server/app-page.runtime.prod.js:12:137545)
    at ek (/Users/ahmedsalem/Desktop/all my projects/uneom.com/node_modules/next/dist/compiled/next-server/app-page.runtime.prod.js:12:138019)
    at Array.toJSON (/Users/ahmedsalem/Desktop/all my projects/uneom.com/node_modules/next/dist/compiled/next-server/app-page.runtime.prod.js:12:135629)
    at stringify (<anonymous>)
    at eP (/Users/ahmedsalem/Desktop/all my projects/uneom.com/node_modules/next/dist/compiled/next-server/app-page.runtime.prod.js:12:142093)
    at eE (/Users/ahmedsalem/Desktop/all my projects/uneom.com/node_modules/next/dist/compiled/next-server/app-page.runtime.prod.js:12:142572)
    at Timeout._onTimeout (/Users/ahmedsalem/Desktop/all my projects/uneom.com/node_modules/next/dist/compiled/next-server/app-page.runtime.prod.js:12:135349)
    at listOnTimeout (node:internal/timers:605:17) {
  digest: '2101114011'
}

Error occurred prerendering page "/ar/locations/hail/aviation". Read more: https://nextjs.org/docs/messages/prerender-error

TypeError: Cannot read properties of undefined (reading 'map')
    at f (/Users/ahmedsalem/Desktop/all my projects/uneom.com/.next/server/app/ar/locations/[city]/[industry]/page.js:1:8960)
    at eh (/Users/ahmedsalem/Desktop/all my projects/uneom.com/node_modules/next/dist/compiled/next-server/app-page.runtime.prod.js:12:134660)
    at e (/Users/ahmedsalem/Desktop/all my projects/uneom.com/node_modules/next/dist/compiled/next-server/app-page.runtime.prod.js:12:137545)
    at ek (/Users/ahmedsalem/Desktop/all my projects/uneom.com/node_modules/next/dist/compiled/next-server/app-page.runtime.prod.js:12:138019)
    at Array.toJSON (/Users/ahmedsalem/Desktop/all my projects/uneom.com/node_modules/next/dist/compiled/next-server/app-page.runtime.prod.js:12:135629)
    at stringify (<anonymous>)
    at eP (/Users/ahmedsalem/Desktop/all my projects/uneom.com/node_modules/next/dist/compiled/next-server/app-page.runtime.prod.js:12:142093)
    at eE (/Users/ahmedsalem/Desktop/all my projects/uneom.com/node_modules/next/dist/compiled/next-server/app-page.runtime.prod.js:12:142572)
    at AsyncLocalStorage.run (node:internal/async_local_storage/async_context_frame:63:14)
    at Timeout._onTimeout (/Users/ahmedsalem/Desktop/all my projects/uneom.com/node_modules/next/dist/compiled/next-server/app-page.runtime.prod.js:12:150373)
TypeError: Cannot read properties of undefined (reading 'map')
    at f (/Users/ahmedsalem/Desktop/all my projects/uneom.com/.next/server/app/ar/locations/[city]/[industry]/page.js:1:8960)
    at eh (/Users/ahmedsalem/Desktop/all my projects/uneom.com/node_modules/next/dist/compiled/next-server/app-page.runtime.prod.js:12:134660)
    at e (/Users/ahmedsalem/Desktop/all my projects/uneom.com/node_modules/next/dist/compiled/next-server/app-page.runtime.prod.js:12:137545)
    at ek (/Users/ahmedsalem/Desktop/all my projects/uneom.com/node_modules/next/dist/compiled/next-server/app-page.runtime.prod.js:12:138019)
    at Array.toJSON (/Users/ahmedsalem/Desktop/all my projects/uneom.com/node_modules/next/dist/compiled/next-server/app-page.runtime.prod.js:12:135629)
    at stringify (<anonymous>)
    at eP (/Users/ahmedsalem/Desktop/all my projects/uneom.com/node_modules/next/dist/compiled/next-server/app-page.runtime.prod.js:12:142093)
    at eE (/Users/ahmedsalem/Desktop/all my projects/uneom.com/node_modules/next/dist/compiled/next-server/app-page.runtime.prod.js:12:142572)
    at AsyncLocalStorage.run (node:internal/async_local_storage/async_context_frame:63:14)
    at Timeout._onTimeout (/Users/ahmedsalem/Desktop/all my projects/uneom.com/node_modules/next/dist/compiled/next-server/app-page.runtime.prod.js:12:150373) {
  digest: '3731830276'
}
TypeError: Cannot read properties of undefined (reading 'map')
    at f (/Users/ahmedsalem/Desktop/all my projects/uneom.com/.next/server/app/ar/locations/[city]/[industry]/page.js:1:8960)
    at eh (/Users/ahmedsalem/Desktop/all my projects/uneom.com/node_modules/next/dist/compiled/next-server/app-page.runtime.prod.js:12:134660)
    at e (/Users/ahmedsalem/Desktop/all my projects/uneom.com/node_modules/next/dist/compiled/next-server/app-page.runtime.prod.js:12:137545)
    at ek (/Users/ahmedsalem/Desktop/all my projects/uneom.com/node_modules/next/dist/compiled/next-server/app-page.runtime.prod.js:12:138019)
    at Array.toJSON (/Users/ahmedsalem/Desktop/all my projects/uneom.com/node_modules/next/dist/compiled/next-server/app-page.runtime.prod.js:12:135629)
    at stringify (<anonymous>)
    at eP (/Users/ahmedsalem/Desktop/all my projects/uneom.com/node_modules/next/dist/compiled/next-server/app-page.runtime.prod.js:12:142093)
    at eE (/Users/ahmedsalem/Desktop/all my projects/uneom.com/node_modules/next/dist/compiled/next-server/app-page.runtime.prod.js:12:142572)
    at Timeout._onTimeout (/Users/ahmedsalem/Desktop/all my projects/uneom.com/node_modules/next/dist/compiled/next-server/app-page.runtime.prod.js:12:135349)
    at listOnTimeout (node:internal/timers:605:17) {
  digest: '2101114011'
}
TypeError: Cannot read properties of undefined (reading 'map')
    at f (/Users/ahmedsalem/Desktop/all my projects/uneom.com/.next/server/app/ar/locations/[city]/[industry]/page.js:1:8960)
    at eh (/Users/ahmedsalem/Desktop/all my projects/uneom.com/node_modules/next/dist/compiled/next-server/app-page.runtime.prod.js:12:134660)
    at e (/Users/ahmedsalem/Desktop/all my projects/uneom.com/node_modules/next/dist/compiled/next-server/app-page.runtime.prod.js:12:137545)
    at ek (/Users/ahmedsalem/Desktop/all my projects/uneom.com/node_modules/next/dist/compiled/next-server/app-page.runtime.prod.js:12:138019)
    at Array.toJSON (/Users/ahmedsalem/Desktop/all my projects/uneom.com/node_modules/next/dist/compiled/next-server/app-page.runtime.prod.js:12:135629)
    at stringify (<anonymous>)
    at eP (/Users/ahmedsalem/Desktop/all my projects/uneom.com/node_modules/next/dist/compiled/next-server/app-page.runtime.prod.js:12:142093)
    at eE (/Users/ahmedsalem/Desktop/all my projects/uneom.com/node_modules/next/dist/compiled/next-server/app-page.runtime.prod.js:12:142572)
    at AsyncLocalStorage.run (node:internal/async_local_storage/async_context_frame:63:14)
    at Timeout._onTimeout (/Users/ahmedsalem/Desktop/all my projects/uneom.com/node_modules/next/dist/compiled/next-server/app-page.runtime.prod.js:12:150373) {
  digest: '3731830276'
}
TypeError: Cannot read properties of undefined (reading 'map')
    at f (/Users/ahmedsalem/Desktop/all my projects/uneom.com/.next/server/app/ar/locations/[city]/[industry]/page.js:1:8960)
    at eh (/Users/ahmedsalem/Desktop/all my projects/uneom.com/node_modules/next/dist/compiled/next-server/app-page.runtime.prod.js:12:134660)
    at e (/Users/ahmedsalem/Desktop/all my projects/uneom.com/node_modules/next/dist/compiled/next-server/app-page.runtime.prod.js:12:137545)
    at ek (/Users/ahmedsalem/Desktop/all my projects/uneom.com/node_modules/next/dist/compiled/next-server/app-page.runtime.prod.js:12:138019)
    at Array.toJSON (/Users/ahmedsalem/Desktop/all my projects/uneom.com/node_modules/next/dist/compiled/next-server/app-page.runtime.prod.js:12:135629)
    at stringify (<anonymous>)
    at eP (/Users/ahmedsalem/Desktop/all my projects/uneom.com/node_modules/next/dist/compiled/next-server/app-page.runtime.prod.js:12:142093)
    at eE (/Users/ahmedsalem/Desktop/all my projects/uneom.com/node_modules/next/dist/compiled/next-server/app-page.runtime.prod.js:12:142572)
    at Timeout._onTimeout (/Users/ahmedsalem/Desktop/all my projects/uneom.com/node_modules/next/dist/compiled/next-server/app-page.runtime.prod.js:12:135349)
    at listOnTimeout (node:internal/timers:605:17) {
  digest: '2101114011'
}
TypeError: Cannot read properties of undefined (reading 'map')
    at f (/Users/ahmedsalem/Desktop/all my projects/uneom.com/.next/server/app/ar/locations/[city]/[industry]/page.js:1:8960)
    at eh (/Users/ahmedsalem/Desktop/all my projects/uneom.com/node_modules/next/dist/compiled/next-server/app-page.runtime.prod.js:12:134660)
    at e (/Users/ahmedsalem/Desktop/all my projects/uneom.com/node_modules/next/dist/compiled/next-server/app-page.runtime.prod.js:12:137545)
    at ek (/Users/ahmedsalem/Desktop/all my projects/uneom.com/node_modules/next/dist/compiled/next-server/app-page.runtime.prod.js:12:138019)
    at Array.toJSON (/Users/ahmedsalem/Desktop/all my projects/uneom.com/node_modules/next/dist/compiled/next-server/app-page.runtime.prod.js:12:135629)
    at stringify (<anonymous>)
    at eP (/Users/ahmedsalem/Desktop/all my projects/uneom.com/node_modules/next/dist/compiled/next-server/app-page.runtime.prod.js:12:142093)
    at eE (/Users/ahmedsalem/Desktop/all my projects/uneom.com/node_modules/next/dist/compiled/next-server/app-page.runtime.prod.js:12:142572)
    at AsyncLocalStorage.run (node:internal/async_local_storage/async_context_frame:63:14)
    at Timeout._onTimeout (/Users/ahmedsalem/Desktop/all my projects/uneom.com/node_modules/next/dist/compiled/next-server/app-page.runtime.prod.js:12:150373) {
  digest: '3731830276'
}
TypeError: Cannot read properties of undefined (reading 'map')
    at f (/Users/ahmedsalem/Desktop/all my projects/uneom.com/.next/server/app/ar/locations/[city]/[industry]/page.js:1:8960)
    at eh (/Users/ahmedsalem/Desktop/all my projects/uneom.com/node_modules/next/dist/compiled/next-server/app-page.runtime.prod.js:12:134660)
    at e (/Users/ahmedsalem/Desktop/all my projects/uneom.com/node_modules/next/dist/compiled/next-server/app-page.runtime.prod.js:12:137545)
    at ek (/Users/ahmedsalem/Desktop/all my projects/uneom.com/node_modules/next/dist/compiled/next-server/app-page.runtime.prod.js:12:138019)
    at Array.toJSON (/Users/ahmedsalem/Desktop/all my projects/uneom.com/node_modules/next/dist/compiled/next-server/app-page.runtime.prod.js:12:135629)
    at stringify (<anonymous>)
    at eP (/Users/ahmedsalem/Desktop/all my projects/uneom.com/node_modules/next/dist/compiled/next-server/app-page.runtime.prod.js:12:142093)
    at eE (/Users/ahmedsalem/Desktop/all my projects/uneom.com/node_modules/next/dist/compiled/next-server/app-page.runtime.prod.js:12:142572)
    at Timeout._onTimeout (/Users/ahmedsalem/Desktop/all my projects/uneom.com/node_modules/next/dist/compiled/next-server/app-page.runtime.prod.js:12:135349)
    at listOnTimeout (node:internal/timers:605:17) {
  digest: '2101114011'
}
TypeError: Cannot read properties of undefined (reading 'map')
    at f (/Users/ahmedsalem/Desktop/all my projects/uneom.com/.next/server/app/ar/locations/[city]/[industry]/page.js:1:8960)
    at eh (/Users/ahmedsalem/Desktop/all my projects/uneom.com/node_modules/next/dist/compiled/next-server/app-page.runtime.prod.js:12:134660)
    at e (/Users/ahmedsalem/Desktop/all my projects/uneom.com/node_modules/next/dist/compiled/next-server/app-page.runtime.prod.js:12:137545)
    at ek (/Users/ahmedsalem/Desktop/all my projects/uneom.com/node_modules/next/dist/compiled/next-server/app-page.runtime.prod.js:12:138019)
    at Array.toJSON (/Users/ahmedsalem/Desktop/all my projects/uneom.com/node_modules/next/dist/compiled/next-server/app-page.runtime.prod.js:12:135629)
    at stringify (<anonymous>)
    at eP (/Users/ahmedsalem/Desktop/all my projects/uneom.com/node_modules/next/dist/compiled/next-server/app-page.runtime.prod.js:12:142093)
    at eE (/Users/ahmedsalem/Desktop/all my projects/uneom.com/node_modules/next/dist/compiled/next-server/app-page.runtime.prod.js:12:142572)
    at AsyncLocalStorage.run (node:internal/async_local_storage/async_context_frame:63:14)
    at Timeout._onTimeout (/Users/ahmedsalem/Desktop/all my projects/uneom.com/node_modules/next/dist/compiled/next-server/app-page.runtime.prod.js:12:150373) {
  digest: '3731830276'
}
TypeError: Cannot read properties of undefined (reading 'map')
    at f (/Users/ahmedsalem/Desktop/all my projects/uneom.com/.next/server/app/ar/locations/[city]/[industry]/page.js:1:8960)
    at eh (/Users/ahmedsalem/Desktop/all my projects/uneom.com/node_modules/next/dist/compiled/next-server/app-page.runtime.prod.js:12:134660)
    at e (/Users/ahmedsalem/Desktop/all my projects/uneom.com/node_modules/next/dist/compiled/next-server/app-page.runtime.prod.js:12:137545)
    at ek (/Users/ahmedsalem/Desktop/all my projects/uneom.com/node_modules/next/dist/compiled/next-server/app-page.runtime.prod.js:12:138019)
    at Array.toJSON (/Users/ahmedsalem/Desktop/all my projects/uneom.com/node_modules/next/dist/compiled/next-server/app-page.runtime.prod.js:12:135629)
    at stringify (<anonymous>)
    at eP (/Users/ahmedsalem/Desktop/all my projects/uneom.com/node_modules/next/dist/compiled/next-server/app-page.runtime.prod.js:12:142093)
    at eE (/Users/ahmedsalem/Desktop/all my projects/uneom.com/node_modules/next/dist/compiled/next-server/app-page.runtime.prod.js:12:142572)
    at Timeout._onTimeout (/Users/ahmedsalem/Desktop/all my projects/uneom.com/node_modules/next/dist/compiled/next-server/app-page.runtime.prod.js:12:135349)
    at listOnTimeout (node:internal/timers:605:17) {
  digest: '2101114011'
}

Error occurred prerendering page "/ar/locations/jazan/healthcare". Read more: https://nextjs.org/docs/messages/prerender-error

TypeError: Cannot read properties of undefined (reading 'map')
    at f (/Users/ahmedsalem/Desktop/all my projects/uneom.com/.next/server/app/ar/locations/[city]/[industry]/page.js:1:8960)
    at eh (/Users/ahmedsalem/Desktop/all my projects/uneom.com/node_modules/next/dist/compiled/next-server/app-page.runtime.prod.js:12:134660)
    at e (/Users/ahmedsalem/Desktop/all my projects/uneom.com/node_modules/next/dist/compiled/next-server/app-page.runtime.prod.js:12:137545)
    at ek (/Users/ahmedsalem/Desktop/all my projects/uneom.com/node_modules/next/dist/compiled/next-server/app-page.runtime.prod.js:12:138019)
    at Array.toJSON (/Users/ahmedsalem/Desktop/all my projects/uneom.com/node_modules/next/dist/compiled/next-server/app-page.runtime.prod.js:12:135629)
    at stringify (<anonymous>)
    at eP (/Users/ahmedsalem/Desktop/all my projects/uneom.com/node_modules/next/dist/compiled/next-server/app-page.runtime.prod.js:12:142093)
    at eE (/Users/ahmedsalem/Desktop/all my projects/uneom.com/node_modules/next/dist/compiled/next-server/app-page.runtime.prod.js:12:142572)
    at AsyncLocalStorage.run (node:internal/async_local_storage/async_context_frame:63:14)
    at Timeout._onTimeout (/Users/ahmedsalem/Desktop/all my projects/uneom.com/node_modules/next/dist/compiled/next-server/app-page.runtime.prod.js:12:150373)
TypeError: Cannot read properties of undefined (reading 'map')
    at f (/Users/ahmedsalem/Desktop/all my projects/uneom.com/.next/server/app/ar/locations/[city]/[industry]/page.js:1:8960)
    at eh (/Users/ahmedsalem/Desktop/all my projects/uneom.com/node_modules/next/dist/compiled/next-server/app-page.runtime.prod.js:12:134660)
    at e (/Users/ahmedsalem/Desktop/all my projects/uneom.com/node_modules/next/dist/compiled/next-server/app-page.runtime.prod.js:12:137545)
    at ek (/Users/ahmedsalem/Desktop/all my projects/uneom.com/node_modules/next/dist/compiled/next-server/app-page.runtime.prod.js:12:138019)
    at Array.toJSON (/Users/ahmedsalem/Desktop/all my projects/uneom.com/node_modules/next/dist/compiled/next-server/app-page.runtime.prod.js:12:135629)
    at stringify (<anonymous>)
    at eP (/Users/ahmedsalem/Desktop/all my projects/uneom.com/node_modules/next/dist/compiled/next-server/app-page.runtime.prod.js:12:142093)
    at eE (/Users/ahmedsalem/Desktop/all my projects/uneom.com/node_modules/next/dist/compiled/next-server/app-page.runtime.prod.js:12:142572)
    at AsyncLocalStorage.run (node:internal/async_local_storage/async_context_frame:63:14)
    at Timeout._onTimeout (/Users/ahmedsalem/Desktop/all my projects/uneom.com/node_modules/next/dist/compiled/next-server/app-page.runtime.prod.js:12:150373) {
  digest: '3731830276'
}
TypeError: Cannot read properties of undefined (reading 'map')
    at f (/Users/ahmedsalem/Desktop/all my projects/uneom.com/.next/server/app/ar/locations/[city]/[industry]/page.js:1:8960)
    at eh (/Users/ahmedsalem/Desktop/all my projects/uneom.com/node_modules/next/dist/compiled/next-server/app-page.runtime.prod.js:12:134660)
    at e (/Users/ahmedsalem/Desktop/all my projects/uneom.com/node_modules/next/dist/compiled/next-server/app-page.runtime.prod.js:12:137545)
    at ek (/Users/ahmedsalem/Desktop/all my projects/uneom.com/node_modules/next/dist/compiled/next-server/app-page.runtime.prod.js:12:138019)
    at Array.toJSON (/Users/ahmedsalem/Desktop/all my projects/uneom.com/node_modules/next/dist/compiled/next-server/app-page.runtime.prod.js:12:135629)
    at stringify (<anonymous>)
    at eP (/Users/ahmedsalem/Desktop/all my projects/uneom.com/node_modules/next/dist/compiled/next-server/app-page.runtime.prod.js:12:142093)
    at eE (/Users/ahmedsalem/Desktop/all my projects/uneom.com/node_modules/next/dist/compiled/next-server/app-page.runtime.prod.js:12:142572)
    at Timeout._onTimeout (/Users/ahmedsalem/Desktop/all my projects/uneom.com/node_modules/next/dist/compiled/next-server/app-page.runtime.prod.js:12:135349)
    at listOnTimeout (node:internal/timers:605:17) {
  digest: '2101114011'
}
TypeError: Cannot read properties of undefined (reading 'map')
    at f (/Users/ahmedsalem/Desktop/all my projects/uneom.com/.next/server/app/ar/locations/[city]/[industry]/page.js:1:8960)
    at eh (/Users/ahmedsalem/Desktop/all my projects/uneom.com/node_modules/next/dist/compiled/next-server/app-page.runtime.prod.js:12:134660)
    at e (/Users/ahmedsalem/Desktop/all my projects/uneom.com/node_modules/next/dist/compiled/next-server/app-page.runtime.prod.js:12:137545)
    at ek (/Users/ahmedsalem/Desktop/all my projects/uneom.com/node_modules/next/dist/compiled/next-server/app-page.runtime.prod.js:12:138019)
    at Array.toJSON (/Users/ahmedsalem/Desktop/all my projects/uneom.com/node_modules/next/dist/compiled/next-server/app-page.runtime.prod.js:12:135629)
    at stringify (<anonymous>)
    at eP (/Users/ahmedsalem/Desktop/all my projects/uneom.com/node_modules/next/dist/compiled/next-server/app-page.runtime.prod.js:12:142093)
    at eE (/Users/ahmedsalem/Desktop/all my projects/uneom.com/node_modules/next/dist/compiled/next-server/app-page.runtime.prod.js:12:142572)
    at AsyncLocalStorage.run (node:internal/async_local_storage/async_context_frame:63:14)
    at Timeout._onTimeout (/Users/ahmedsalem/Desktop/all my projects/uneom.com/node_modules/next/dist/compiled/next-server/app-page.runtime.prod.js:12:150373) {
  digest: '3731830276'
}
TypeError: Cannot read properties of undefined (reading 'map')
    at f (/Users/ahmedsalem/Desktop/all my projects/uneom.com/.next/server/app/ar/locations/[city]/[industry]/page.js:1:8960)
    at eh (/Users/ahmedsalem/Desktop/all my projects/uneom.com/node_modules/next/dist/compiled/next-server/app-page.runtime.prod.js:12:134660)
    at e (/Users/ahmedsalem/Desktop/all my projects/uneom.com/node_modules/next/dist/compiled/next-server/app-page.runtime.prod.js:12:137545)
    at ek (/Users/ahmedsalem/Desktop/all my projects/uneom.com/node_modules/next/dist/compiled/next-server/app-page.runtime.prod.js:12:138019)
    at Array.toJSON (/Users/ahmedsalem/Desktop/all my projects/uneom.com/node_modules/next/dist/compiled/next-server/app-page.runtime.prod.js:12:135629)
    at stringify (<anonymous>)
    at eP (/Users/ahmedsalem/Desktop/all my projects/uneom.com/node_modules/next/dist/compiled/next-server/app-page.runtime.prod.js:12:142093)
    at eE (/Users/ahmedsalem/Desktop/all my projects/uneom.com/node_modules/next/dist/compiled/next-server/app-page.runtime.prod.js:12:142572)
    at Timeout._onTimeout (/Users/ahmedsalem/Desktop/all my projects/uneom.com/node_modules/next/dist/compiled/next-server/app-page.runtime.prod.js:12:135349)
    at listOnTimeout (node:internal/timers:605:17) {
  digest: '2101114011'
}

Error occurred prerendering page "/ar/locations/jazan/aviation". Read more: https://nextjs.org/docs/messages/prerender-error

TypeError: Cannot read properties of undefined (reading 'map')
    at f (/Users/ahmedsalem/Desktop/all my projects/uneom.com/.next/server/app/ar/locations/[city]/[industry]/page.js:1:8960)
    at eh (/Users/ahmedsalem/Desktop/all my projects/uneom.com/node_modules/next/dist/compiled/next-server/app-page.runtime.prod.js:12:134660)
    at e (/Users/ahmedsalem/Desktop/all my projects/uneom.com/node_modules/next/dist/compiled/next-server/app-page.runtime.prod.js:12:137545)
    at ek (/Users/ahmedsalem/Desktop/all my projects/uneom.com/node_modules/next/dist/compiled/next-server/app-page.runtime.prod.js:12:138019)
    at Array.toJSON (/Users/ahmedsalem/Desktop/all my projects/uneom.com/node_modules/next/dist/compiled/next-server/app-page.runtime.prod.js:12:135629)
    at stringify (<anonymous>)
    at eP (/Users/ahmedsalem/Desktop/all my projects/uneom.com/node_modules/next/dist/compiled/next-server/app-page.runtime.prod.js:12:142093)
    at eE (/Users/ahmedsalem/Desktop/all my projects/uneom.com/node_modules/next/dist/compiled/next-server/app-page.runtime.prod.js:12:142572)
    at AsyncLocalStorage.run (node:internal/async_local_storage/async_context_frame:63:14)
    at Timeout._onTimeout (/Users/ahmedsalem/Desktop/all my projects/uneom.com/node_modules/next/dist/compiled/next-server/app-page.runtime.prod.js:12:150373)
TypeError: Cannot read properties of undefined (reading 'map')
    at f (/Users/ahmedsalem/Desktop/all my projects/uneom.com/.next/server/app/ar/locations/[city]/[industry]/page.js:1:8960)
    at eh (/Users/ahmedsalem/Desktop/all my projects/uneom.com/node_modules/next/dist/compiled/next-server/app-page.runtime.prod.js:12:134660)
    at e (/Users/ahmedsalem/Desktop/all my projects/uneom.com/node_modules/next/dist/compiled/next-server/app-page.runtime.prod.js:12:137545)
    at ek (/Users/ahmedsalem/Desktop/all my projects/uneom.com/node_modules/next/dist/compiled/next-server/app-page.runtime.prod.js:12:138019)
    at Array.toJSON (/Users/ahmedsalem/Desktop/all my projects/uneom.com/node_modules/next/dist/compiled/next-server/app-page.runtime.prod.js:12:135629)
    at stringify (<anonymous>)
    at eP (/Users/ahmedsalem/Desktop/all my projects/uneom.com/node_modules/next/dist/compiled/next-server/app-page.runtime.prod.js:12:142093)
    at eE (/Users/ahmedsalem/Desktop/all my projects/uneom.com/node_modules/next/dist/compiled/next-server/app-page.runtime.prod.js:12:142572)
    at AsyncLocalStorage.run (node:internal/async_local_storage/async_context_frame:63:14)
    at Timeout._onTimeout (/Users/ahmedsalem/Desktop/all my projects/uneom.com/node_modules/next/dist/compiled/next-server/app-page.runtime.prod.js:12:150373) {
  digest: '3731830276'
}
TypeError: Cannot read properties of undefined (reading 'map')
    at f (/Users/ahmedsalem/Desktop/all my projects/uneom.com/.next/server/app/ar/locations/[city]/[industry]/page.js:1:8960)
    at eh (/Users/ahmedsalem/Desktop/all my projects/uneom.com/node_modules/next/dist/compiled/next-server/app-page.runtime.prod.js:12:134660)
    at e (/Users/ahmedsalem/Desktop/all my projects/uneom.com/node_modules/next/dist/compiled/next-server/app-page.runtime.prod.js:12:137545)
    at ek (/Users/ahmedsalem/Desktop/all my projects/uneom.com/node_modules/next/dist/compiled/next-server/app-page.runtime.prod.js:12:138019)
    at Array.toJSON (/Users/ahmedsalem/Desktop/all my projects/uneom.com/node_modules/next/dist/compiled/next-server/app-page.runtime.prod.js:12:135629)
    at stringify (<anonymous>)
    at eP (/Users/ahmedsalem/Desktop/all my projects/uneom.com/node_modules/next/dist/compiled/next-server/app-page.runtime.prod.js:12:142093)
    at eE (/Users/ahmedsalem/Desktop/all my projects/uneom.com/node_modules/next/dist/compiled/next-server/app-page.runtime.prod.js:12:142572)
    at Timeout._onTimeout (/Users/ahmedsalem/Desktop/all my projects/uneom.com/node_modules/next/dist/compiled/next-server/app-page.runtime.prod.js:12:135349)
    at listOnTimeout (node:internal/timers:605:17) {
  digest: '2101114011'
}

Error occurred prerendering page "/ar/locations/jazan/hospitality". Read more: https://nextjs.org/docs/messages/prerender-error

TypeError: Cannot read properties of undefined (reading 'map')
    at f (/Users/ahmedsalem/Desktop/all my projects/uneom.com/.next/server/app/ar/locations/[city]/[industry]/page.js:1:8960)
    at eh (/Users/ahmedsalem/Desktop/all my projects/uneom.com/node_modules/next/dist/compiled/next-server/app-page.runtime.prod.js:12:134660)
    at e (/Users/ahmedsalem/Desktop/all my projects/uneom.com/node_modules/next/dist/compiled/next-server/app-page.runtime.prod.js:12:137545)
    at ek (/Users/ahmedsalem/Desktop/all my projects/uneom.com/node_modules/next/dist/compiled/next-server/app-page.runtime.prod.js:12:138019)
    at Array.toJSON (/Users/ahmedsalem/Desktop/all my projects/uneom.com/node_modules/next/dist/compiled/next-server/app-page.runtime.prod.js:12:135629)
    at stringify (<anonymous>)
    at eP (/Users/ahmedsalem/Desktop/all my projects/uneom.com/node_modules/next/dist/compiled/next-server/app-page.runtime.prod.js:12:142093)
    at eE (/Users/ahmedsalem/Desktop/all my projects/uneom.com/node_modules/next/dist/compiled/next-server/app-page.runtime.prod.js:12:142572)
    at AsyncLocalStorage.run (node:internal/async_local_storage/async_context_frame:63:14)
    at Timeout._onTimeout (/Users/ahmedsalem/Desktop/all my projects/uneom.com/node_modules/next/dist/compiled/next-server/app-page.runtime.prod.js:12:150373)

Error occurred prerendering page "/ar/locations/hail/factory-industry". Read more: https://nextjs.org/docs/messages/prerender-error

TypeError: Cannot read properties of undefined (reading 'map')
    at f (/Users/ahmedsalem/Desktop/all my projects/uneom.com/.next/server/app/ar/locations/[city]/[industry]/page.js:1:8960)
    at eh (/Users/ahmedsalem/Desktop/all my projects/uneom.com/node_modules/next/dist/compiled/next-server/app-page.runtime.prod.js:12:134660)
    at e (/Users/ahmedsalem/Desktop/all my projects/uneom.com/node_modules/next/dist/compiled/next-server/app-page.runtime.prod.js:12:137545)
    at ek (/Users/ahmedsalem/Desktop/all my projects/uneom.com/node_modules/next/dist/compiled/next-server/app-page.runtime.prod.js:12:138019)
    at Array.toJSON (/Users/ahmedsalem/Desktop/all my projects/uneom.com/node_modules/next/dist/compiled/next-server/app-page.runtime.prod.js:12:135629)
    at stringify (<anonymous>)
    at eP (/Users/ahmedsalem/Desktop/all my projects/uneom.com/node_modules/next/dist/compiled/next-server/app-page.runtime.prod.js:12:142093)
    at eE (/Users/ahmedsalem/Desktop/all my projects/uneom.com/node_modules/next/dist/compiled/next-server/app-page.runtime.prod.js:12:142572)
    at AsyncLocalStorage.run (node:internal/async_local_storage/async_context_frame:63:14)
    at Timeout._onTimeout (/Users/ahmedsalem/Desktop/all my projects/uneom.com/node_modules/next/dist/compiled/next-server/app-page.runtime.prod.js:12:150373)
   Generating static pages (219/876) 

Error occurred prerendering page "/ar/locations/hail/security". Read more: https://nextjs.org/docs/messages/prerender-error

TypeError: Cannot read properties of undefined (reading 'map')
    at f (/Users/ahmedsalem/Desktop/all my projects/uneom.com/.next/server/app/ar/locations/[city]/[industry]/page.js:1:8960)
    at eh (/Users/ahmedsalem/Desktop/all my projects/uneom.com/node_modules/next/dist/compiled/next-server/app-page.runtime.prod.js:12:134660)
    at e (/Users/ahmedsalem/Desktop/all my projects/uneom.com/node_modules/next/dist/compiled/next-server/app-page.runtime.prod.js:12:137545)
    at ek (/Users/ahmedsalem/Desktop/all my projects/uneom.com/node_modules/next/dist/compiled/next-server/app-page.runtime.prod.js:12:138019)
    at Array.toJSON (/Users/ahmedsalem/Desktop/all my projects/uneom.com/node_modules/next/dist/compiled/next-server/app-page.runtime.prod.js:12:135629)
    at stringify (<anonymous>)
    at eP (/Users/ahmedsalem/Desktop/all my projects/uneom.com/node_modules/next/dist/compiled/next-server/app-page.runtime.prod.js:12:142093)
    at eE (/Users/ahmedsalem/Desktop/all my projects/uneom.com/node_modules/next/dist/compiled/next-server/app-page.runtime.prod.js:12:142572)
    at AsyncLocalStorage.run (node:internal/async_local_storage/async_context_frame:63:14)
    at Timeout._onTimeout (/Users/ahmedsalem/Desktop/all my projects/uneom.com/node_modules/next/dist/compiled/next-server/app-page.runtime.prod.js:12:150373)

Error occurred prerendering page "/ar/locations/hail/retail-shops". Read more: https://nextjs.org/docs/messages/prerender-error

TypeError: Cannot read properties of undefined (reading 'map')
    at f (/Users/ahmedsalem/Desktop/all my projects/uneom.com/.next/server/app/ar/locations/[city]/[industry]/page.js:1:8960)
    at eh (/Users/ahmedsalem/Desktop/all my projects/uneom.com/node_modules/next/dist/compiled/next-server/app-page.runtime.prod.js:12:134660)
    at e (/Users/ahmedsalem/Desktop/all my projects/uneom.com/node_modules/next/dist/compiled/next-server/app-page.runtime.prod.js:12:137545)
    at ek (/Users/ahmedsalem/Desktop/all my projects/uneom.com/node_modules/next/dist/compiled/next-server/app-page.runtime.prod.js:12:138019)
    at Array.toJSON (/Users/ahmedsalem/Desktop/all my projects/uneom.com/node_modules/next/dist/compiled/next-server/app-page.runtime.prod.js:12:135629)
    at stringify (<anonymous>)
    at eP (/Users/ahmedsalem/Desktop/all my projects/uneom.com/node_modules/next/dist/compiled/next-server/app-page.runtime.prod.js:12:142093)
    at eE (/Users/ahmedsalem/Desktop/all my projects/uneom.com/node_modules/next/dist/compiled/next-server/app-page.runtime.prod.js:12:142572)
    at AsyncLocalStorage.run (node:internal/async_local_storage/async_context_frame:63:14)
    at Timeout._onTimeout (/Users/ahmedsalem/Desktop/all my projects/uneom.com/node_modules/next/dist/compiled/next-server/app-page.runtime.prod.js:12:150373)

Error occurred prerendering page "/ar/locations/hail/supply-manufacturing". Read more: https://nextjs.org/docs/messages/prerender-error

TypeError: Cannot read properties of undefined (reading 'map')
    at f (/Users/ahmedsalem/Desktop/all my projects/uneom.com/.next/server/app/ar/locations/[city]/[industry]/page.js:1:8960)
    at eh (/Users/ahmedsalem/Desktop/all my projects/uneom.com/node_modules/next/dist/compiled/next-server/app-page.runtime.prod.js:12:134660)
    at e (/Users/ahmedsalem/Desktop/all my projects/uneom.com/node_modules/next/dist/compiled/next-server/app-page.runtime.prod.js:12:137545)
    at ek (/Users/ahmedsalem/Desktop/all my projects/uneom.com/node_modules/next/dist/compiled/next-server/app-page.runtime.prod.js:12:138019)
    at Array.toJSON (/Users/ahmedsalem/Desktop/all my projects/uneom.com/node_modules/next/dist/compiled/next-server/app-page.runtime.prod.js:12:135629)
    at stringify (<anonymous>)
    at eP (/Users/ahmedsalem/Desktop/all my projects/uneom.com/node_modules/next/dist/compiled/next-server/app-page.runtime.prod.js:12:142093)
    at eE (/Users/ahmedsalem/Desktop/all my projects/uneom.com/node_modules/next/dist/compiled/next-server/app-page.runtime.prod.js:12:142572)
    at AsyncLocalStorage.run (node:internal/async_local_storage/async_context_frame:63:14)
    at Timeout._onTimeout (/Users/ahmedsalem/Desktop/all my projects/uneom.com/node_modules/next/dist/compiled/next-server/app-page.runtime.prod.js:12:150373)
TypeError: Cannot read properties of undefined (reading 'map')
    at f (/Users/ahmedsalem/Desktop/all my projects/uneom.com/.next/server/app/ar/locations/[city]/[industry]/page.js:1:8960)
    at eh (/Users/ahmedsalem/Desktop/all my projects/uneom.com/node_modules/next/dist/compiled/next-server/app-page.runtime.prod.js:12:134660)
    at e (/Users/ahmedsalem/Desktop/all my projects/uneom.com/node_modules/next/dist/compiled/next-server/app-page.runtime.prod.js:12:137545)
    at ek (/Users/ahmedsalem/Desktop/all my projects/uneom.com/node_modules/next/dist/compiled/next-server/app-page.runtime.prod.js:12:138019)
    at Array.toJSON (/Users/ahmedsalem/Desktop/all my projects/uneom.com/node_modules/next/dist/compiled/next-server/app-page.runtime.prod.js:12:135629)
    at stringify (<anonymous>)
    at eP (/Users/ahmedsalem/Desktop/all my projects/uneom.com/node_modules/next/dist/compiled/next-server/app-page.runtime.prod.js:12:142093)
    at eE (/Users/ahmedsalem/Desktop/all my projects/uneom.com/node_modules/next/dist/compiled/next-server/app-page.runtime.prod.js:12:142572)
    at AsyncLocalStorage.run (node:internal/async_local_storage/async_context_frame:63:14)
    at Timeout._onTimeout (/Users/ahmedsalem/Desktop/all my projects/uneom.com/node_modules/next/dist/compiled/next-server/app-page.runtime.prod.js:12:150373) {
  digest: '3731830276'
}
TypeError: Cannot read properties of undefined (reading 'map')
    at f (/Users/ahmedsalem/Desktop/all my projects/uneom.com/.next/server/app/ar/locations/[city]/[industry]/page.js:1:8960)
    at eh (/Users/ahmedsalem/Desktop/all my projects/uneom.com/node_modules/next/dist/compiled/next-server/app-page.runtime.prod.js:12:134660)
    at e (/Users/ahmedsalem/Desktop/all my projects/uneom.com/node_modules/next/dist/compiled/next-server/app-page.runtime.prod.js:12:137545)
    at ek (/Users/ahmedsalem/Desktop/all my projects/uneom.com/node_modules/next/dist/compiled/next-server/app-page.runtime.prod.js:12:138019)
    at Array.toJSON (/Users/ahmedsalem/Desktop/all my projects/uneom.com/node_modules/next/dist/compiled/next-server/app-page.runtime.prod.js:12:135629)
    at stringify (<anonymous>)
    at eP (/Users/ahmedsalem/Desktop/all my projects/uneom.com/node_modules/next/dist/compiled/next-server/app-page.runtime.prod.js:12:142093)
    at eE (/Users/ahmedsalem/Desktop/all my projects/uneom.com/node_modules/next/dist/compiled/next-server/app-page.runtime.prod.js:12:142572)
    at Timeout._onTimeout (/Users/ahmedsalem/Desktop/all my projects/uneom.com/node_modules/next/dist/compiled/next-server/app-page.runtime.prod.js:12:135349)
    at listOnTimeout (node:internal/timers:605:17) {
  digest: '2101114011'
}

Error occurred prerendering page "/ar/locations/jazan/corporate". Read more: https://nextjs.org/docs/messages/prerender-error

TypeError: Cannot read properties of undefined (reading 'map')
    at f (/Users/ahmedsalem/Desktop/all my projects/uneom.com/.next/server/app/ar/locations/[city]/[industry]/page.js:1:8960)
    at eh (/Users/ahmedsalem/Desktop/all my projects/uneom.com/node_modules/next/dist/compiled/next-server/app-page.runtime.prod.js:12:134660)
    at e (/Users/ahmedsalem/Desktop/all my projects/uneom.com/node_modules/next/dist/compiled/next-server/app-page.runtime.prod.js:12:137545)
    at ek (/Users/ahmedsalem/Desktop/all my projects/uneom.com/node_modules/next/dist/compiled/next-server/app-page.runtime.prod.js:12:138019)
    at Array.toJSON (/Users/ahmedsalem/Desktop/all my projects/uneom.com/node_modules/next/dist/compiled/next-server/app-page.runtime.prod.js:12:135629)
    at stringify (<anonymous>)
    at eP (/Users/ahmedsalem/Desktop/all my projects/uneom.com/node_modules/next/dist/compiled/next-server/app-page.runtime.prod.js:12:142093)
    at eE (/Users/ahmedsalem/Desktop/all my projects/uneom.com/node_modules/next/dist/compiled/next-server/app-page.runtime.prod.js:12:142572)
    at AsyncLocalStorage.run (node:internal/async_local_storage/async_context_frame:63:14)
    at Timeout._onTimeout (/Users/ahmedsalem/Desktop/all my projects/uneom.com/node_modules/next/dist/compiled/next-server/app-page.runtime.prod.js:12:150373)
TypeError: Cannot read properties of undefined (reading 'map')
    at f (/Users/ahmedsalem/Desktop/all my projects/uneom.com/.next/server/app/ar/locations/[city]/[industry]/page.js:1:8960)
    at eh (/Users/ahmedsalem/Desktop/all my projects/uneom.com/node_modules/next/dist/compiled/next-server/app-page.runtime.prod.js:12:134660)
    at e (/Users/ahmedsalem/Desktop/all my projects/uneom.com/node_modules/next/dist/compiled/next-server/app-page.runtime.prod.js:12:137545)
    at ek (/Users/ahmedsalem/Desktop/all my projects/uneom.com/node_modules/next/dist/compiled/next-server/app-page.runtime.prod.js:12:138019)
    at Array.toJSON (/Users/ahmedsalem/Desktop/all my projects/uneom.com/node_modules/next/dist/compiled/next-server/app-page.runtime.prod.js:12:135629)
    at stringify (<anonymous>)
    at eP (/Users/ahmedsalem/Desktop/all my projects/uneom.com/node_modules/next/dist/compiled/next-server/app-page.runtime.prod.js:12:142093)
    at eE (/Users/ahmedsalem/Desktop/all my projects/uneom.com/node_modules/next/dist/compiled/next-server/app-page.runtime.prod.js:12:142572)
    at AsyncLocalStorage.run (node:internal/async_local_storage/async_context_frame:63:14)
    at Timeout._onTimeout (/Users/ahmedsalem/Desktop/all my projects/uneom.com/node_modules/next/dist/compiled/next-server/app-page.runtime.prod.js:12:150373) {
  digest: '3731830276'
}
TypeError: Cannot read properties of undefined (reading 'map')
    at f (/Users/ahmedsalem/Desktop/all my projects/uneom.com/.next/server/app/ar/locations/[city]/[industry]/page.js:1:8960)
    at eh (/Users/ahmedsalem/Desktop/all my projects/uneom.com/node_modules/next/dist/compiled/next-server/app-page.runtime.prod.js:12:134660)
    at e (/Users/ahmedsalem/Desktop/all my projects/uneom.com/node_modules/next/dist/compiled/next-server/app-page.runtime.prod.js:12:137545)
    at ek (/Users/ahmedsalem/Desktop/all my projects/uneom.com/node_modules/next/dist/compiled/next-server/app-page.runtime.prod.js:12:138019)
    at Array.toJSON (/Users/ahmedsalem/Desktop/all my projects/uneom.com/node_modules/next/dist/compiled/next-server/app-page.runtime.prod.js:12:135629)
    at stringify (<anonymous>)
    at eP (/Users/ahmedsalem/Desktop/all my projects/uneom.com/node_modules/next/dist/compiled/next-server/app-page.runtime.prod.js:12:142093)
    at eE (/Users/ahmedsalem/Desktop/all my projects/uneom.com/node_modules/next/dist/compiled/next-server/app-page.runtime.prod.js:12:142572)
    at Timeout._onTimeout (/Users/ahmedsalem/Desktop/all my projects/uneom.com/node_modules/next/dist/compiled/next-server/app-page.runtime.prod.js:12:135349)
    at listOnTimeout (node:internal/timers:605:17) {
  digest: '2101114011'
}

Error occurred prerendering page "/ar/locations/jazan/education". Read more: https://nextjs.org/docs/messages/prerender-error

TypeError: Cannot read properties of undefined (reading 'map')
    at f (/Users/ahmedsalem/Desktop/all my projects/uneom.com/.next/server/app/ar/locations/[city]/[industry]/page.js:1:8960)
    at eh (/Users/ahmedsalem/Desktop/all my projects/uneom.com/node_modules/next/dist/compiled/next-server/app-page.runtime.prod.js:12:134660)
    at e (/Users/ahmedsalem/Desktop/all my projects/uneom.com/node_modules/next/dist/compiled/next-server/app-page.runtime.prod.js:12:137545)
    at ek (/Users/ahmedsalem/Desktop/all my projects/uneom.com/node_modules/next/dist/compiled/next-server/app-page.runtime.prod.js:12:138019)
    at Array.toJSON (/Users/ahmedsalem/Desktop/all my projects/uneom.com/node_modules/next/dist/compiled/next-server/app-page.runtime.prod.js:12:135629)
    at stringify (<anonymous>)
    at eP (/Users/ahmedsalem/Desktop/all my projects/uneom.com/node_modules/next/dist/compiled/next-server/app-page.runtime.prod.js:12:142093)
    at eE (/Users/ahmedsalem/Desktop/all my projects/uneom.com/node_modules/next/dist/compiled/next-server/app-page.runtime.prod.js:12:142572)
    at AsyncLocalStorage.run (node:internal/async_local_storage/async_context_frame:63:14)
    at Timeout._onTimeout (/Users/ahmedsalem/Desktop/all my projects/uneom.com/node_modules/next/dist/compiled/next-server/app-page.runtime.prod.js:12:150373)
TypeError: Cannot read properties of undefined (reading 'map')
    at f (/Users/ahmedsalem/Desktop/all my projects/uneom.com/.next/server/app/ar/locations/[city]/[industry]/page.js:1:8960)
    at eh (/Users/ahmedsalem/Desktop/all my projects/uneom.com/node_modules/next/dist/compiled/next-server/app-page.runtime.prod.js:12:134660)
    at e (/Users/ahmedsalem/Desktop/all my projects/uneom.com/node_modules/next/dist/compiled/next-server/app-page.runtime.prod.js:12:137545)
    at ek (/Users/ahmedsalem/Desktop/all my projects/uneom.com/node_modules/next/dist/compiled/next-server/app-page.runtime.prod.js:12:138019)
    at Array.toJSON (/Users/ahmedsalem/Desktop/all my projects/uneom.com/node_modules/next/dist/compiled/next-server/app-page.runtime.prod.js:12:135629)
    at stringify (<anonymous>)
    at eP (/Users/ahmedsalem/Desktop/all my projects/uneom.com/node_modules/next/dist/compiled/next-server/app-page.runtime.prod.js:12:142093)
    at eE (/Users/ahmedsalem/Desktop/all my projects/uneom.com/node_modules/next/dist/compiled/next-server/app-page.runtime.prod.js:12:142572)
    at AsyncLocalStorage.run (node:internal/async_local_storage/async_context_frame:63:14)
    at Timeout._onTimeout (/Users/ahmedsalem/Desktop/all my projects/uneom.com/node_modules/next/dist/compiled/next-server/app-page.runtime.prod.js:12:150373) {
  digest: '3731830276'
}
TypeError: Cannot read properties of undefined (reading 'map')
    at f (/Users/ahmedsalem/Desktop/all my projects/uneom.com/.next/server/app/ar/locations/[city]/[industry]/page.js:1:8960)
    at eh (/Users/ahmedsalem/Desktop/all my projects/uneom.com/node_modules/next/dist/compiled/next-server/app-page.runtime.prod.js:12:134660)
    at e (/Users/ahmedsalem/Desktop/all my projects/uneom.com/node_modules/next/dist/compiled/next-server/app-page.runtime.prod.js:12:137545)
    at ek (/Users/ahmedsalem/Desktop/all my projects/uneom.com/node_modules/next/dist/compiled/next-server/app-page.runtime.prod.js:12:138019)
    at Array.toJSON (/Users/ahmedsalem/Desktop/all my projects/uneom.com/node_modules/next/dist/compiled/next-server/app-page.runtime.prod.js:12:135629)
    at stringify (<anonymous>)
    at eP (/Users/ahmedsalem/Desktop/all my projects/uneom.com/node_modules/next/dist/compiled/next-server/app-page.runtime.prod.js:12:142093)
    at eE (/Users/ahmedsalem/Desktop/all my projects/uneom.com/node_modules/next/dist/compiled/next-server/app-page.runtime.prod.js:12:142572)
    at Timeout._onTimeout (/Users/ahmedsalem/Desktop/all my projects/uneom.com/node_modules/next/dist/compiled/next-server/app-page.runtime.prod.js:12:135349)
    at listOnTimeout (node:internal/timers:605:17) {
  digest: '2101114011'
}

Error occurred prerendering page "/ar/locations/jazan/security". Read more: https://nextjs.org/docs/messages/prerender-error

TypeError: Cannot read properties of undefined (reading 'map')
    at f (/Users/ahmedsalem/Desktop/all my projects/uneom.com/.next/server/app/ar/locations/[city]/[industry]/page.js:1:8960)
    at eh (/Users/ahmedsalem/Desktop/all my projects/uneom.com/node_modules/next/dist/compiled/next-server/app-page.runtime.prod.js:12:134660)
    at e (/Users/ahmedsalem/Desktop/all my projects/uneom.com/node_modules/next/dist/compiled/next-server/app-page.runtime.prod.js:12:137545)
    at ek (/Users/ahmedsalem/Desktop/all my projects/uneom.com/node_modules/next/dist/compiled/next-server/app-page.runtime.prod.js:12:138019)
    at Array.toJSON (/Users/ahmedsalem/Desktop/all my projects/uneom.com/node_modules/next/dist/compiled/next-server/app-page.runtime.prod.js:12:135629)
    at stringify (<anonymous>)
    at eP (/Users/ahmedsalem/Desktop/all my projects/uneom.com/node_modules/next/dist/compiled/next-server/app-page.runtime.prod.js:12:142093)
    at eE (/Users/ahmedsalem/Desktop/all my projects/uneom.com/node_modules/next/dist/compiled/next-server/app-page.runtime.prod.js:12:142572)
    at AsyncLocalStorage.run (node:internal/async_local_storage/async_context_frame:63:14)
    at Timeout._onTimeout (/Users/ahmedsalem/Desktop/all my projects/uneom.com/node_modules/next/dist/compiled/next-server/app-page.runtime.prod.js:12:150373)
TypeError: Cannot read properties of undefined (reading 'map')
    at f (/Users/ahmedsalem/Desktop/all my projects/uneom.com/.next/server/app/ar/locations/[city]/[industry]/page.js:1:8960)
    at eh (/Users/ahmedsalem/Desktop/all my projects/uneom.com/node_modules/next/dist/compiled/next-server/app-page.runtime.prod.js:12:134660)
    at e (/Users/ahmedsalem/Desktop/all my projects/uneom.com/node_modules/next/dist/compiled/next-server/app-page.runtime.prod.js:12:137545)
    at ek (/Users/ahmedsalem/Desktop/all my projects/uneom.com/node_modules/next/dist/compiled/next-server/app-page.runtime.prod.js:12:138019)
    at Array.toJSON (/Users/ahmedsalem/Desktop/all my projects/uneom.com/node_modules/next/dist/compiled/next-server/app-page.runtime.prod.js:12:135629)
    at stringify (<anonymous>)
    at eP (/Users/ahmedsalem/Desktop/all my projects/uneom.com/node_modules/next/dist/compiled/next-server/app-page.runtime.prod.js:12:142093)
    at eE (/Users/ahmedsalem/Desktop/all my projects/uneom.com/node_modules/next/dist/compiled/next-server/app-page.runtime.prod.js:12:142572)
    at AsyncLocalStorage.run (node:internal/async_local_storage/async_context_frame:63:14)
    at Timeout._onTimeout (/Users/ahmedsalem/Desktop/all my projects/uneom.com/node_modules/next/dist/compiled/next-server/app-page.runtime.prod.js:12:150373) {
  digest: '3731830276'
}
TypeError: Cannot read properties of undefined (reading 'map')
    at f (/Users/ahmedsalem/Desktop/all my projects/uneom.com/.next/server/app/ar/locations/[city]/[industry]/page.js:1:8960)
    at eh (/Users/ahmedsalem/Desktop/all my projects/uneom.com/node_modules/next/dist/compiled/next-server/app-page.runtime.prod.js:12:134660)
    at e (/Users/ahmedsalem/Desktop/all my projects/uneom.com/node_modules/next/dist/compiled/next-server/app-page.runtime.prod.js:12:137545)
    at ek (/Users/ahmedsalem/Desktop/all my projects/uneom.com/node_modules/next/dist/compiled/next-server/app-page.runtime.prod.js:12:138019)
    at Array.toJSON (/Users/ahmedsalem/Desktop/all my projects/uneom.com/node_modules/next/dist/compiled/next-server/app-page.runtime.prod.js:12:135629)
    at stringify (<anonymous>)
    at eP (/Users/ahmedsalem/Desktop/all my projects/uneom.com/node_modules/next/dist/compiled/next-server/app-page.runtime.prod.js:12:142093)
    at eE (/Users/ahmedsalem/Desktop/all my projects/uneom.com/node_modules/next/dist/compiled/next-server/app-page.runtime.prod.js:12:142572)
    at Timeout._onTimeout (/Users/ahmedsalem/Desktop/all my projects/uneom.com/node_modules/next/dist/compiled/next-server/app-page.runtime.prod.js:12:135349)
    at listOnTimeout (node:internal/timers:605:17) {
  digest: '2101114011'
}

Error occurred prerendering page "/ar/locations/jazan/retail-shops". Read more: https://nextjs.org/docs/messages/prerender-error

TypeError: Cannot read properties of undefined (reading 'map')
    at f (/Users/ahmedsalem/Desktop/all my projects/uneom.com/.next/server/app/ar/locations/[city]/[industry]/page.js:1:8960)
    at eh (/Users/ahmedsalem/Desktop/all my projects/uneom.com/node_modules/next/dist/compiled/next-server/app-page.runtime.prod.js:12:134660)
    at e (/Users/ahmedsalem/Desktop/all my projects/uneom.com/node_modules/next/dist/compiled/next-server/app-page.runtime.prod.js:12:137545)
    at ek (/Users/ahmedsalem/Desktop/all my projects/uneom.com/node_modules/next/dist/compiled/next-server/app-page.runtime.prod.js:12:138019)
    at Array.toJSON (/Users/ahmedsalem/Desktop/all my projects/uneom.com/node_modules/next/dist/compiled/next-server/app-page.runtime.prod.js:12:135629)
    at stringify (<anonymous>)
    at eP (/Users/ahmedsalem/Desktop/all my projects/uneom.com/node_modules/next/dist/compiled/next-server/app-page.runtime.prod.js:12:142093)
    at eE (/Users/ahmedsalem/Desktop/all my projects/uneom.com/node_modules/next/dist/compiled/next-server/app-page.runtime.prod.js:12:142572)
    at AsyncLocalStorage.run (node:internal/async_local_storage/async_context_frame:63:14)
    at Timeout._onTimeout (/Users/ahmedsalem/Desktop/all my projects/uneom.com/node_modules/next/dist/compiled/next-server/app-page.runtime.prod.js:12:150373)
TypeError: Cannot read properties of undefined (reading 'map')
    at f (/Users/ahmedsalem/Desktop/all my projects/uneom.com/.next/server/app/ar/locations/[city]/[industry]/page.js:1:8960)
    at eh (/Users/ahmedsalem/Desktop/all my projects/uneom.com/node_modules/next/dist/compiled/next-server/app-page.runtime.prod.js:12:134660)
    at e (/Users/ahmedsalem/Desktop/all my projects/uneom.com/node_modules/next/dist/compiled/next-server/app-page.runtime.prod.js:12:137545)
    at ek (/Users/ahmedsalem/Desktop/all my projects/uneom.com/node_modules/next/dist/compiled/next-server/app-page.runtime.prod.js:12:138019)
    at Array.toJSON (/Users/ahmedsalem/Desktop/all my projects/uneom.com/node_modules/next/dist/compiled/next-server/app-page.runtime.prod.js:12:135629)
    at stringify (<anonymous>)
    at eP (/Users/ahmedsalem/Desktop/all my projects/uneom.com/node_modules/next/dist/compiled/next-server/app-page.runtime.prod.js:12:142093)
    at eE (/Users/ahmedsalem/Desktop/all my projects/uneom.com/node_modules/next/dist/compiled/next-server/app-page.runtime.prod.js:12:142572)
    at AsyncLocalStorage.run (node:internal/async_local_storage/async_context_frame:63:14)
    at Timeout._onTimeout (/Users/ahmedsalem/Desktop/all my projects/uneom.com/node_modules/next/dist/compiled/next-server/app-page.runtime.prod.js:12:150373) {
  digest: '3731830276'
}
TypeError: Cannot read properties of undefined (reading 'map')
    at f (/Users/ahmedsalem/Desktop/all my projects/uneom.com/.next/server/app/ar/locations/[city]/[industry]/page.js:1:8960)
    at eh (/Users/ahmedsalem/Desktop/all my projects/uneom.com/node_modules/next/dist/compiled/next-server/app-page.runtime.prod.js:12:134660)
    at e (/Users/ahmedsalem/Desktop/all my projects/uneom.com/node_modules/next/dist/compiled/next-server/app-page.runtime.prod.js:12:137545)
    at ek (/Users/ahmedsalem/Desktop/all my projects/uneom.com/node_modules/next/dist/compiled/next-server/app-page.runtime.prod.js:12:138019)
    at Array.toJSON (/Users/ahmedsalem/Desktop/all my projects/uneom.com/node_modules/next/dist/compiled/next-server/app-page.runtime.prod.js:12:135629)
    at stringify (<anonymous>)
    at eP (/Users/ahmedsalem/Desktop/all my projects/uneom.com/node_modules/next/dist/compiled/next-server/app-page.runtime.prod.js:12:142093)
    at eE (/Users/ahmedsalem/Desktop/all my projects/uneom.com/node_modules/next/dist/compiled/next-server/app-page.runtime.prod.js:12:142572)
    at Timeout._onTimeout (/Users/ahmedsalem/Desktop/all my projects/uneom.com/node_modules/next/dist/compiled/next-server/app-page.runtime.prod.js:12:135349)
    at listOnTimeout (node:internal/timers:605:17) {
  digest: '2101114011'
}

Error occurred prerendering page "/ar/locations/jazan/factory-industry". Read more: https://nextjs.org/docs/messages/prerender-error

TypeError: Cannot read properties of undefined (reading 'map')
    at f (/Users/ahmedsalem/Desktop/all my projects/uneom.com/.next/server/app/ar/locations/[city]/[industry]/page.js:1:8960)
    at eh (/Users/ahmedsalem/Desktop/all my projects/uneom.com/node_modules/next/dist/compiled/next-server/app-page.runtime.prod.js:12:134660)
    at e (/Users/ahmedsalem/Desktop/all my projects/uneom.com/node_modules/next/dist/compiled/next-server/app-page.runtime.prod.js:12:137545)
    at ek (/Users/ahmedsalem/Desktop/all my projects/uneom.com/node_modules/next/dist/compiled/next-server/app-page.runtime.prod.js:12:138019)
    at Array.toJSON (/Users/ahmedsalem/Desktop/all my projects/uneom.com/node_modules/next/dist/compiled/next-server/app-page.runtime.prod.js:12:135629)
    at stringify (<anonymous>)
    at eP (/Users/ahmedsalem/Desktop/all my projects/uneom.com/node_modules/next/dist/compiled/next-server/app-page.runtime.prod.js:12:142093)
    at eE (/Users/ahmedsalem/Desktop/all my projects/uneom.com/node_modules/next/dist/compiled/next-server/app-page.runtime.prod.js:12:142572)
    at AsyncLocalStorage.run (node:internal/async_local_storage/async_context_frame:63:14)
    at Timeout._onTimeout (/Users/ahmedsalem/Desktop/all my projects/uneom.com/node_modules/next/dist/compiled/next-server/app-page.runtime.prod.js:12:150373)
TypeError: Cannot read properties of undefined (reading 'map')
    at f (/Users/ahmedsalem/Desktop/all my projects/uneom.com/.next/server/app/ar/locations/[city]/[industry]/page.js:1:8960)
    at eh (/Users/ahmedsalem/Desktop/all my projects/uneom.com/node_modules/next/dist/compiled/next-server/app-page.runtime.prod.js:12:134660)
    at e (/Users/ahmedsalem/Desktop/all my projects/uneom.com/node_modules/next/dist/compiled/next-server/app-page.runtime.prod.js:12:137545)
    at ek (/Users/ahmedsalem/Desktop/all my projects/uneom.com/node_modules/next/dist/compiled/next-server/app-page.runtime.prod.js:12:138019)
    at Array.toJSON (/Users/ahmedsalem/Desktop/all my projects/uneom.com/node_modules/next/dist/compiled/next-server/app-page.runtime.prod.js:12:135629)
    at stringify (<anonymous>)
    at eP (/Users/ahmedsalem/Desktop/all my projects/uneom.com/node_modules/next/dist/compiled/next-server/app-page.runtime.prod.js:12:142093)
    at eE (/Users/ahmedsalem/Desktop/all my projects/uneom.com/node_modules/next/dist/compiled/next-server/app-page.runtime.prod.js:12:142572)
    at AsyncLocalStorage.run (node:internal/async_local_storage/async_context_frame:63:14)
    at Timeout._onTimeout (/Users/ahmedsalem/Desktop/all my projects/uneom.com/node_modules/next/dist/compiled/next-server/app-page.runtime.prod.js:12:150373) {
  digest: '3731830276'
}
TypeError: Cannot read properties of undefined (reading 'map')
    at f (/Users/ahmedsalem/Desktop/all my projects/uneom.com/.next/server/app/ar/locations/[city]/[industry]/page.js:1:8960)
    at eh (/Users/ahmedsalem/Desktop/all my projects/uneom.com/node_modules/next/dist/compiled/next-server/app-page.runtime.prod.js:12:134660)
    at e (/Users/ahmedsalem/Desktop/all my projects/uneom.com/node_modules/next/dist/compiled/next-server/app-page.runtime.prod.js:12:137545)
    at ek (/Users/ahmedsalem/Desktop/all my projects/uneom.com/node_modules/next/dist/compiled/next-server/app-page.runtime.prod.js:12:138019)
    at Array.toJSON (/Users/ahmedsalem/Desktop/all my projects/uneom.com/node_modules/next/dist/compiled/next-server/app-page.runtime.prod.js:12:135629)
    at stringify (<anonymous>)
    at eP (/Users/ahmedsalem/Desktop/all my projects/uneom.com/node_modules/next/dist/compiled/next-server/app-page.runtime.prod.js:12:142093)
    at eE (/Users/ahmedsalem/Desktop/all my projects/uneom.com/node_modules/next/dist/compiled/next-server/app-page.runtime.prod.js:12:142572)
    at Timeout._onTimeout (/Users/ahmedsalem/Desktop/all my projects/uneom.com/node_modules/next/dist/compiled/next-server/app-page.runtime.prod.js:12:135349)
    at listOnTimeout (node:internal/timers:605:17) {
  digest: '2101114011'
}

Error occurred prerendering page "/ar/locations/jazan/manufacturing". Read more: https://nextjs.org/docs/messages/prerender-error

TypeError: Cannot read properties of undefined (reading 'map')
    at f (/Users/ahmedsalem/Desktop/all my projects/uneom.com/.next/server/app/ar/locations/[city]/[industry]/page.js:1:8960)
    at eh (/Users/ahmedsalem/Desktop/all my projects/uneom.com/node_modules/next/dist/compiled/next-server/app-page.runtime.prod.js:12:134660)
    at e (/Users/ahmedsalem/Desktop/all my projects/uneom.com/node_modules/next/dist/compiled/next-server/app-page.runtime.prod.js:12:137545)
    at ek (/Users/ahmedsalem/Desktop/all my projects/uneom.com/node_modules/next/dist/compiled/next-server/app-page.runtime.prod.js:12:138019)
    at Array.toJSON (/Users/ahmedsalem/Desktop/all my projects/uneom.com/node_modules/next/dist/compiled/next-server/app-page.runtime.prod.js:12:135629)
    at stringify (<anonymous>)
    at eP (/Users/ahmedsalem/Desktop/all my projects/uneom.com/node_modules/next/dist/compiled/next-server/app-page.runtime.prod.js:12:142093)
    at eE (/Users/ahmedsalem/Desktop/all my projects/uneom.com/node_modules/next/dist/compiled/next-server/app-page.runtime.prod.js:12:142572)
    at AsyncLocalStorage.run (node:internal/async_local_storage/async_context_frame:63:14)
    at Timeout._onTimeout (/Users/ahmedsalem/Desktop/all my projects/uneom.com/node_modules/next/dist/compiled/next-server/app-page.runtime.prod.js:12:150373)
TypeError: Cannot read properties of undefined (reading 'map')
    at f (/Users/ahmedsalem/Desktop/all my projects/uneom.com/.next/server/app/ar/locations/[city]/[industry]/page.js:1:8960)
    at eh (/Users/ahmedsalem/Desktop/all my projects/uneom.com/node_modules/next/dist/compiled/next-server/app-page.runtime.prod.js:12:134660)
    at e (/Users/ahmedsalem/Desktop/all my projects/uneom.com/node_modules/next/dist/compiled/next-server/app-page.runtime.prod.js:12:137545)
    at ek (/Users/ahmedsalem/Desktop/all my projects/uneom.com/node_modules/next/dist/compiled/next-server/app-page.runtime.prod.js:12:138019)
    at Array.toJSON (/Users/ahmedsalem/Desktop/all my projects/uneom.com/node_modules/next/dist/compiled/next-server/app-page.runtime.prod.js:12:135629)
    at stringify (<anonymous>)
    at eP (/Users/ahmedsalem/Desktop/all my projects/uneom.com/node_modules/next/dist/compiled/next-server/app-page.runtime.prod.js:12:142093)
    at eE (/Users/ahmedsalem/Desktop/all my projects/uneom.com/node_modules/next/dist/compiled/next-server/app-page.runtime.prod.js:12:142572)
    at AsyncLocalStorage.run (node:internal/async_local_storage/async_context_frame:63:14)
    at Timeout._onTimeout (/Users/ahmedsalem/Desktop/all my projects/uneom.com/node_modules/next/dist/compiled/next-server/app-page.runtime.prod.js:12:150373) {
  digest: '3731830276'
}
TypeError: Cannot read properties of undefined (reading 'map')
    at f (/Users/ahmedsalem/Desktop/all my projects/uneom.com/.next/server/app/ar/locations/[city]/[industry]/page.js:1:8960)
    at eh (/Users/ahmedsalem/Desktop/all my projects/uneom.com/node_modules/next/dist/compiled/next-server/app-page.runtime.prod.js:12:134660)
    at e (/Users/ahmedsalem/Desktop/all my projects/uneom.com/node_modules/next/dist/compiled/next-server/app-page.runtime.prod.js:12:137545)
    at ek (/Users/ahmedsalem/Desktop/all my projects/uneom.com/node_modules/next/dist/compiled/next-server/app-page.runtime.prod.js:12:138019)
    at Array.toJSON (/Users/ahmedsalem/Desktop/all my projects/uneom.com/node_modules/next/dist/compiled/next-server/app-page.runtime.prod.js:12:135629)
    at stringify (<anonymous>)
    at eP (/Users/ahmedsalem/Desktop/all my projects/uneom.com/node_modules/next/dist/compiled/next-server/app-page.runtime.prod.js:12:142093)
    at eE (/Users/ahmedsalem/Desktop/all my projects/uneom.com/node_modules/next/dist/compiled/next-server/app-page.runtime.prod.js:12:142572)
    at Timeout._onTimeout (/Users/ahmedsalem/Desktop/all my projects/uneom.com/node_modules/next/dist/compiled/next-server/app-page.runtime.prod.js:12:135349)
    at listOnTimeout (node:internal/timers:605:17) {
  digest: '2101114011'
}

Error occurred prerendering page "/ar/locations/jazan/supply-manufacturing". Read more: https://nextjs.org/docs/messages/prerender-error

TypeError: Cannot read properties of undefined (reading 'map')
    at f (/Users/ahmedsalem/Desktop/all my projects/uneom.com/.next/server/app/ar/locations/[city]/[industry]/page.js:1:8960)
    at eh (/Users/ahmedsalem/Desktop/all my projects/uneom.com/node_modules/next/dist/compiled/next-server/app-page.runtime.prod.js:12:134660)
    at e (/Users/ahmedsalem/Desktop/all my projects/uneom.com/node_modules/next/dist/compiled/next-server/app-page.runtime.prod.js:12:137545)
    at ek (/Users/ahmedsalem/Desktop/all my projects/uneom.com/node_modules/next/dist/compiled/next-server/app-page.runtime.prod.js:12:138019)
    at Array.toJSON (/Users/ahmedsalem/Desktop/all my projects/uneom.com/node_modules/next/dist/compiled/next-server/app-page.runtime.prod.js:12:135629)
    at stringify (<anonymous>)
    at eP (/Users/ahmedsalem/Desktop/all my projects/uneom.com/node_modules/next/dist/compiled/next-server/app-page.runtime.prod.js:12:142093)
    at eE (/Users/ahmedsalem/Desktop/all my projects/uneom.com/node_modules/next/dist/compiled/next-server/app-page.runtime.prod.js:12:142572)
    at AsyncLocalStorage.run (node:internal/async_local_storage/async_context_frame:63:14)
    at Timeout._onTimeout (/Users/ahmedsalem/Desktop/all my projects/uneom.com/node_modules/next/dist/compiled/next-server/app-page.runtime.prod.js:12:150373)
TypeError: Cannot read properties of undefined (reading 'map')
    at f (/Users/ahmedsalem/Desktop/all my projects/uneom.com/.next/server/app/ar/locations/[city]/[industry]/page.js:1:8960)
    at eh (/Users/ahmedsalem/Desktop/all my projects/uneom.com/node_modules/next/dist/compiled/next-server/app-page.runtime.prod.js:12:134660)
    at e (/Users/ahmedsalem/Desktop/all my projects/uneom.com/node_modules/next/dist/compiled/next-server/app-page.runtime.prod.js:12:137545)
    at ek (/Users/ahmedsalem/Desktop/all my projects/uneom.com/node_modules/next/dist/compiled/next-server/app-page.runtime.prod.js:12:138019)
    at Array.toJSON (/Users/ahmedsalem/Desktop/all my projects/uneom.com/node_modules/next/dist/compiled/next-server/app-page.runtime.prod.js:12:135629)
    at stringify (<anonymous>)
    at eP (/Users/ahmedsalem/Desktop/all my projects/uneom.com/node_modules/next/dist/compiled/next-server/app-page.runtime.prod.js:12:142093)
    at eE (/Users/ahmedsalem/Desktop/all my projects/uneom.com/node_modules/next/dist/compiled/next-server/app-page.runtime.prod.js:12:142572)
    at AsyncLocalStorage.run (node:internal/async_local_storage/async_context_frame:63:14)
    at Timeout._onTimeout (/Users/ahmedsalem/Desktop/all my projects/uneom.com/node_modules/next/dist/compiled/next-server/app-page.runtime.prod.js:12:150373) {
  digest: '3731830276'
}
TypeError: Cannot read properties of undefined (reading 'map')
    at f (/Users/ahmedsalem/Desktop/all my projects/uneom.com/.next/server/app/ar/locations/[city]/[industry]/page.js:1:8960)
    at eh (/Users/ahmedsalem/Desktop/all my projects/uneom.com/node_modules/next/dist/compiled/next-server/app-page.runtime.prod.js:12:134660)
    at e (/Users/ahmedsalem/Desktop/all my projects/uneom.com/node_modules/next/dist/compiled/next-server/app-page.runtime.prod.js:12:137545)
    at ek (/Users/ahmedsalem/Desktop/all my projects/uneom.com/node_modules/next/dist/compiled/next-server/app-page.runtime.prod.js:12:138019)
    at Array.toJSON (/Users/ahmedsalem/Desktop/all my projects/uneom.com/node_modules/next/dist/compiled/next-server/app-page.runtime.prod.js:12:135629)
    at stringify (<anonymous>)
    at eP (/Users/ahmedsalem/Desktop/all my projects/uneom.com/node_modules/next/dist/compiled/next-server/app-page.runtime.prod.js:12:142093)
    at eE (/Users/ahmedsalem/Desktop/all my projects/uneom.com/node_modules/next/dist/compiled/next-server/app-page.runtime.prod.js:12:142572)
    at Timeout._onTimeout (/Users/ahmedsalem/Desktop/all my projects/uneom.com/node_modules/next/dist/compiled/next-server/app-page.runtime.prod.js:12:135349)
    at listOnTimeout (node:internal/timers:605:17) {
  digest: '2101114011'
}

Error occurred prerendering page "/ar/locations/yanbu/healthcare". Read more: https://nextjs.org/docs/messages/prerender-error

TypeError: Cannot read properties of undefined (reading 'map')
    at f (/Users/ahmedsalem/Desktop/all my projects/uneom.com/.next/server/app/ar/locations/[city]/[industry]/page.js:1:8960)
    at eh (/Users/ahmedsalem/Desktop/all my projects/uneom.com/node_modules/next/dist/compiled/next-server/app-page.runtime.prod.js:12:134660)
    at e (/Users/ahmedsalem/Desktop/all my projects/uneom.com/node_modules/next/dist/compiled/next-server/app-page.runtime.prod.js:12:137545)
    at ek (/Users/ahmedsalem/Desktop/all my projects/uneom.com/node_modules/next/dist/compiled/next-server/app-page.runtime.prod.js:12:138019)
    at Array.toJSON (/Users/ahmedsalem/Desktop/all my projects/uneom.com/node_modules/next/dist/compiled/next-server/app-page.runtime.prod.js:12:135629)
    at stringify (<anonymous>)
    at eP (/Users/ahmedsalem/Desktop/all my projects/uneom.com/node_modules/next/dist/compiled/next-server/app-page.runtime.prod.js:12:142093)
    at eE (/Users/ahmedsalem/Desktop/all my projects/uneom.com/node_modules/next/dist/compiled/next-server/app-page.runtime.prod.js:12:142572)
    at AsyncLocalStorage.run (node:internal/async_local_storage/async_context_frame:63:14)
    at Timeout._onTimeout (/Users/ahmedsalem/Desktop/all my projects/uneom.com/node_modules/next/dist/compiled/next-server/app-page.runtime.prod.js:12:150373)
TypeError: Cannot read properties of undefined (reading 'map')
    at f (/Users/ahmedsalem/Desktop/all my projects/uneom.com/.next/server/app/ar/locations/[city]/[industry]/page.js:1:8960)
    at eh (/Users/ahmedsalem/Desktop/all my projects/uneom.com/node_modules/next/dist/compiled/next-server/app-page.runtime.prod.js:12:134660)
    at e (/Users/ahmedsalem/Desktop/all my projects/uneom.com/node_modules/next/dist/compiled/next-server/app-page.runtime.prod.js:12:137545)
    at ek (/Users/ahmedsalem/Desktop/all my projects/uneom.com/node_modules/next/dist/compiled/next-server/app-page.runtime.prod.js:12:138019)
    at Array.toJSON (/Users/ahmedsalem/Desktop/all my projects/uneom.com/node_modules/next/dist/compiled/next-server/app-page.runtime.prod.js:12:135629)
    at stringify (<anonymous>)
    at eP (/Users/ahmedsalem/Desktop/all my projects/uneom.com/node_modules/next/dist/compiled/next-server/app-page.runtime.prod.js:12:142093)
    at eE (/Users/ahmedsalem/Desktop/all my projects/uneom.com/node_modules/next/dist/compiled/next-server/app-page.runtime.prod.js:12:142572)
    at AsyncLocalStorage.run (node:internal/async_local_storage/async_context_frame:63:14)
    at Timeout._onTimeout (/Users/ahmedsalem/Desktop/all my projects/uneom.com/node_modules/next/dist/compiled/next-server/app-page.runtime.prod.js:12:150373) {
  digest: '3731830276'
}
TypeError: Cannot read properties of undefined (reading 'map')
    at f (/Users/ahmedsalem/Desktop/all my projects/uneom.com/.next/server/app/ar/locations/[city]/[industry]/page.js:1:8960)
    at eh (/Users/ahmedsalem/Desktop/all my projects/uneom.com/node_modules/next/dist/compiled/next-server/app-page.runtime.prod.js:12:134660)
    at e (/Users/ahmedsalem/Desktop/all my projects/uneom.com/node_modules/next/dist/compiled/next-server/app-page.runtime.prod.js:12:137545)
    at ek (/Users/ahmedsalem/Desktop/all my projects/uneom.com/node_modules/next/dist/compiled/next-server/app-page.runtime.prod.js:12:138019)
    at Array.toJSON (/Users/ahmedsalem/Desktop/all my projects/uneom.com/node_modules/next/dist/compiled/next-server/app-page.runtime.prod.js:12:135629)
    at stringify (<anonymous>)
    at eP (/Users/ahmedsalem/Desktop/all my projects/uneom.com/node_modules/next/dist/compiled/next-server/app-page.runtime.prod.js:12:142093)
    at eE (/Users/ahmedsalem/Desktop/all my projects/uneom.com/node_modules/next/dist/compiled/next-server/app-page.runtime.prod.js:12:142572)
    at Timeout._onTimeout (/Users/ahmedsalem/Desktop/all my projects/uneom.com/node_modules/next/dist/compiled/next-server/app-page.runtime.prod.js:12:135349)
    at listOnTimeout (node:internal/timers:605:17) {
  digest: '2101114011'
}
TypeError: Cannot read properties of undefined (reading 'map')
    at f (/Users/ahmedsalem/Desktop/all my projects/uneom.com/.next/server/app/ar/locations/[city]/[industry]/page.js:1:8960)
    at eh (/Users/ahmedsalem/Desktop/all my projects/uneom.com/node_modules/next/dist/compiled/next-server/app-page.runtime.prod.js:12:134660)
    at e (/Users/ahmedsalem/Desktop/all my projects/uneom.com/node_modules/next/dist/compiled/next-server/app-page.runtime.prod.js:12:137545)
    at ek (/Users/ahmedsalem/Desktop/all my projects/uneom.com/node_modules/next/dist/compiled/next-server/app-page.runtime.prod.js:12:138019)
    at Array.toJSON (/Users/ahmedsalem/Desktop/all my projects/uneom.com/node_modules/next/dist/compiled/next-server/app-page.runtime.prod.js:12:135629)
    at stringify (<anonymous>)
    at eP (/Users/ahmedsalem/Desktop/all my projects/uneom.com/node_modules/next/dist/compiled/next-server/app-page.runtime.prod.js:12:142093)
    at eE (/Users/ahmedsalem/Desktop/all my projects/uneom.com/node_modules/next/dist/compiled/next-server/app-page.runtime.prod.js:12:142572)
    at AsyncLocalStorage.run (node:internal/async_local_storage/async_context_frame:63:14)
    at Timeout._onTimeout (/Users/ahmedsalem/Desktop/all my projects/uneom.com/node_modules/next/dist/compiled/next-server/app-page.runtime.prod.js:12:150373) {
  digest: '3731830276'
}
TypeError: Cannot read properties of undefined (reading 'map')
    at f (/Users/ahmedsalem/Desktop/all my projects/uneom.com/.next/server/app/ar/locations/[city]/[industry]/page.js:1:8960)
    at eh (/Users/ahmedsalem/Desktop/all my projects/uneom.com/node_modules/next/dist/compiled/next-server/app-page.runtime.prod.js:12:134660)
    at e (/Users/ahmedsalem/Desktop/all my projects/uneom.com/node_modules/next/dist/compiled/next-server/app-page.runtime.prod.js:12:137545)
    at ek (/Users/ahmedsalem/Desktop/all my projects/uneom.com/node_modules/next/dist/compiled/next-server/app-page.runtime.prod.js:12:138019)
    at Array.toJSON (/Users/ahmedsalem/Desktop/all my projects/uneom.com/node_modules/next/dist/compiled/next-server/app-page.runtime.prod.js:12:135629)
    at stringify (<anonymous>)
    at eP (/Users/ahmedsalem/Desktop/all my projects/uneom.com/node_modules/next/dist/compiled/next-server/app-page.runtime.prod.js:12:142093)
    at eE (/Users/ahmedsalem/Desktop/all my projects/uneom.com/node_modules/next/dist/compiled/next-server/app-page.runtime.prod.js:12:142572)
    at Timeout._onTimeout (/Users/ahmedsalem/Desktop/all my projects/uneom.com/node_modules/next/dist/compiled/next-server/app-page.runtime.prod.js:12:135349)
    at listOnTimeout (node:internal/timers:605:17) {
  digest: '2101114011'
}
TypeError: Cannot read properties of undefined (reading 'map')
    at f (/Users/ahmedsalem/Desktop/all my projects/uneom.com/.next/server/app/ar/locations/[city]/[industry]/page.js:1:8960)
    at eh (/Users/ahmedsalem/Desktop/all my projects/uneom.com/node_modules/next/dist/compiled/next-server/app-page.runtime.prod.js:12:134660)
    at e (/Users/ahmedsalem/Desktop/all my projects/uneom.com/node_modules/next/dist/compiled/next-server/app-page.runtime.prod.js:12:137545)
    at ek (/Users/ahmedsalem/Desktop/all my projects/uneom.com/node_modules/next/dist/compiled/next-server/app-page.runtime.prod.js:12:138019)
    at Array.toJSON (/Users/ahmedsalem/Desktop/all my projects/uneom.com/node_modules/next/dist/compiled/next-server/app-page.runtime.prod.js:12:135629)
    at stringify (<anonymous>)
    at eP (/Users/ahmedsalem/Desktop/all my projects/uneom.com/node_modules/next/dist/compiled/next-server/app-page.runtime.prod.js:12:142093)
    at eE (/Users/ahmedsalem/Desktop/all my projects/uneom.com/node_modules/next/dist/compiled/next-server/app-page.runtime.prod.js:12:142572)
    at AsyncLocalStorage.run (node:internal/async_local_storage/async_context_frame:63:14)
    at Timeout._onTimeout (/Users/ahmedsalem/Desktop/all my projects/uneom.com/node_modules/next/dist/compiled/next-server/app-page.runtime.prod.js:12:150373) {
  digest: '3731830276'
}
TypeError: Cannot read properties of undefined (reading 'map')
    at f (/Users/ahmedsalem/Desktop/all my projects/uneom.com/.next/server/app/ar/locations/[city]/[industry]/page.js:1:8960)
    at eh (/Users/ahmedsalem/Desktop/all my projects/uneom.com/node_modules/next/dist/compiled/next-server/app-page.runtime.prod.js:12:134660)
    at e (/Users/ahmedsalem/Desktop/all my projects/uneom.com/node_modules/next/dist/compiled/next-server/app-page.runtime.prod.js:12:137545)
    at ek (/Users/ahmedsalem/Desktop/all my projects/uneom.com/node_modules/next/dist/compiled/next-server/app-page.runtime.prod.js:12:138019)
    at Array.toJSON (/Users/ahmedsalem/Desktop/all my projects/uneom.com/node_modules/next/dist/compiled/next-server/app-page.runtime.prod.js:12:135629)
    at stringify (<anonymous>)
    at eP (/Users/ahmedsalem/Desktop/all my projects/uneom.com/node_modules/next/dist/compiled/next-server/app-page.runtime.prod.js:12:142093)
    at eE (/Users/ahmedsalem/Desktop/all my projects/uneom.com/node_modules/next/dist/compiled/next-server/app-page.runtime.prod.js:12:142572)
    at Timeout._onTimeout (/Users/ahmedsalem/Desktop/all my projects/uneom.com/node_modules/next/dist/compiled/next-server/app-page.runtime.prod.js:12:135349)
    at listOnTimeout (node:internal/timers:605:17) {
  digest: '2101114011'
}
TypeError: Cannot read properties of undefined (reading 'map')
    at f (/Users/ahmedsalem/Desktop/all my projects/uneom.com/.next/server/app/ar/locations/[city]/[industry]/page.js:1:8960)
    at eh (/Users/ahmedsalem/Desktop/all my projects/uneom.com/node_modules/next/dist/compiled/next-server/app-page.runtime.prod.js:12:134660)
    at e (/Users/ahmedsalem/Desktop/all my projects/uneom.com/node_modules/next/dist/compiled/next-server/app-page.runtime.prod.js:12:137545)
    at ek (/Users/ahmedsalem/Desktop/all my projects/uneom.com/node_modules/next/dist/compiled/next-server/app-page.runtime.prod.js:12:138019)
    at Array.toJSON (/Users/ahmedsalem/Desktop/all my projects/uneom.com/node_modules/next/dist/compiled/next-server/app-page.runtime.prod.js:12:135629)
    at stringify (<anonymous>)
    at eP (/Users/ahmedsalem/Desktop/all my projects/uneom.com/node_modules/next/dist/compiled/next-server/app-page.runtime.prod.js:12:142093)
    at eE (/Users/ahmedsalem/Desktop/all my projects/uneom.com/node_modules/next/dist/compiled/next-server/app-page.runtime.prod.js:12:142572)
    at AsyncLocalStorage.run (node:internal/async_local_storage/async_context_frame:63:14)
    at Timeout._onTimeout (/Users/ahmedsalem/Desktop/all my projects/uneom.com/node_modules/next/dist/compiled/next-server/app-page.runtime.prod.js:12:150373) {
  digest: '3731830276'
}
TypeError: Cannot read properties of undefined (reading 'map')
    at f (/Users/ahmedsalem/Desktop/all my projects/uneom.com/.next/server/app/ar/locations/[city]/[industry]/page.js:1:8960)
    at eh (/Users/ahmedsalem/Desktop/all my projects/uneom.com/node_modules/next/dist/compiled/next-server/app-page.runtime.prod.js:12:134660)
    at e (/Users/ahmedsalem/Desktop/all my projects/uneom.com/node_modules/next/dist/compiled/next-server/app-page.runtime.prod.js:12:137545)
    at ek (/Users/ahmedsalem/Desktop/all my projects/uneom.com/node_modules/next/dist/compiled/next-server/app-page.runtime.prod.js:12:138019)
    at Array.toJSON (/Users/ahmedsalem/Desktop/all my projects/uneom.com/node_modules/next/dist/compiled/next-server/app-page.runtime.prod.js:12:135629)
    at stringify (<anonymous>)
    at eP (/Users/ahmedsalem/Desktop/all my projects/uneom.com/node_modules/next/dist/compiled/next-server/app-page.runtime.prod.js:12:142093)
    at eE (/Users/ahmedsalem/Desktop/all my projects/uneom.com/node_modules/next/dist/compiled/next-server/app-page.runtime.prod.js:12:142572)
    at Timeout._onTimeout (/Users/ahmedsalem/Desktop/all my projects/uneom.com/node_modules/next/dist/compiled/next-server/app-page.runtime.prod.js:12:135349)
    at listOnTimeout (node:internal/timers:605:17) {
  digest: '2101114011'
}
TypeError: Cannot read properties of undefined (reading 'map')
    at f (/Users/ahmedsalem/Desktop/all my projects/uneom.com/.next/server/app/ar/locations/[city]/[industry]/page.js:1:8960)
    at eh (/Users/ahmedsalem/Desktop/all my projects/uneom.com/node_modules/next/dist/compiled/next-server/app-page.runtime.prod.js:12:134660)
    at e (/Users/ahmedsalem/Desktop/all my projects/uneom.com/node_modules/next/dist/compiled/next-server/app-page.runtime.prod.js:12:137545)
    at ek (/Users/ahmedsalem/Desktop/all my projects/uneom.com/node_modules/next/dist/compiled/next-server/app-page.runtime.prod.js:12:138019)
    at Array.toJSON (/Users/ahmedsalem/Desktop/all my projects/uneom.com/node_modules/next/dist/compiled/next-server/app-page.runtime.prod.js:12:135629)
    at stringify (<anonymous>)
    at eP (/Users/ahmedsalem/Desktop/all my projects/uneom.com/node_modules/next/dist/compiled/next-server/app-page.runtime.prod.js:12:142093)
    at eE (/Users/ahmedsalem/Desktop/all my projects/uneom.com/node_modules/next/dist/compiled/next-server/app-page.runtime.prod.js:12:142572)
    at AsyncLocalStorage.run (node:internal/async_local_storage/async_context_frame:63:14)
    at Timeout._onTimeout (/Users/ahmedsalem/Desktop/all my projects/uneom.com/node_modules/next/dist/compiled/next-server/app-page.runtime.prod.js:12:150373) {
  digest: '3731830276'
}
TypeError: Cannot read properties of undefined (reading 'map')
    at f (/Users/ahmedsalem/Desktop/all my projects/uneom.com/.next/server/app/ar/locations/[city]/[industry]/page.js:1:8960)
    at eh (/Users/ahmedsalem/Desktop/all my projects/uneom.com/node_modules/next/dist/compiled/next-server/app-page.runtime.prod.js:12:134660)
    at e (/Users/ahmedsalem/Desktop/all my projects/uneom.com/node_modules/next/dist/compiled/next-server/app-page.runtime.prod.js:12:137545)
    at ek (/Users/ahmedsalem/Desktop/all my projects/uneom.com/node_modules/next/dist/compiled/next-server/app-page.runtime.prod.js:12:138019)
    at Array.toJSON (/Users/ahmedsalem/Desktop/all my projects/uneom.com/node_modules/next/dist/compiled/next-server/app-page.runtime.prod.js:12:135629)
    at stringify (<anonymous>)
    at eP (/Users/ahmedsalem/Desktop/all my projects/uneom.com/node_modules/next/dist/compiled/next-server/app-page.runtime.prod.js:12:142093)
    at eE (/Users/ahmedsalem/Desktop/all my projects/uneom.com/node_modules/next/dist/compiled/next-server/app-page.runtime.prod.js:12:142572)
    at Timeout._onTimeout (/Users/ahmedsalem/Desktop/all my projects/uneom.com/node_modules/next/dist/compiled/next-server/app-page.runtime.prod.js:12:135349)
    at listOnTimeout (node:internal/timers:605:17) {
  digest: '2101114011'
}

Error occurred prerendering page "/ar/locations/yanbu/corporate". Read more: https://nextjs.org/docs/messages/prerender-error

TypeError: Cannot read properties of undefined (reading 'map')
    at f (/Users/ahmedsalem/Desktop/all my projects/uneom.com/.next/server/app/ar/locations/[city]/[industry]/page.js:1:8960)
    at eh (/Users/ahmedsalem/Desktop/all my projects/uneom.com/node_modules/next/dist/compiled/next-server/app-page.runtime.prod.js:12:134660)
    at e (/Users/ahmedsalem/Desktop/all my projects/uneom.com/node_modules/next/dist/compiled/next-server/app-page.runtime.prod.js:12:137545)
    at ek (/Users/ahmedsalem/Desktop/all my projects/uneom.com/node_modules/next/dist/compiled/next-server/app-page.runtime.prod.js:12:138019)
    at Array.toJSON (/Users/ahmedsalem/Desktop/all my projects/uneom.com/node_modules/next/dist/compiled/next-server/app-page.runtime.prod.js:12:135629)
    at stringify (<anonymous>)
    at eP (/Users/ahmedsalem/Desktop/all my projects/uneom.com/node_modules/next/dist/compiled/next-server/app-page.runtime.prod.js:12:142093)
    at eE (/Users/ahmedsalem/Desktop/all my projects/uneom.com/node_modules/next/dist/compiled/next-server/app-page.runtime.prod.js:12:142572)
    at AsyncLocalStorage.run (node:internal/async_local_storage/async_context_frame:63:14)
    at Timeout._onTimeout (/Users/ahmedsalem/Desktop/all my projects/uneom.com/node_modules/next/dist/compiled/next-server/app-page.runtime.prod.js:12:150373)
TypeError: Cannot read properties of undefined (reading 'map')
    at f (/Users/ahmedsalem/Desktop/all my projects/uneom.com/.next/server/app/ar/locations/[city]/[industry]/page.js:1:8960)
    at eh (/Users/ahmedsalem/Desktop/all my projects/uneom.com/node_modules/next/dist/compiled/next-server/app-page.runtime.prod.js:12:134660)
    at e (/Users/ahmedsalem/Desktop/all my projects/uneom.com/node_modules/next/dist/compiled/next-server/app-page.runtime.prod.js:12:137545)
    at ek (/Users/ahmedsalem/Desktop/all my projects/uneom.com/node_modules/next/dist/compiled/next-server/app-page.runtime.prod.js:12:138019)
    at Array.toJSON (/Users/ahmedsalem/Desktop/all my projects/uneom.com/node_modules/next/dist/compiled/next-server/app-page.runtime.prod.js:12:135629)
    at stringify (<anonymous>)
    at eP (/Users/ahmedsalem/Desktop/all my projects/uneom.com/node_modules/next/dist/compiled/next-server/app-page.runtime.prod.js:12:142093)
    at eE (/Users/ahmedsalem/Desktop/all my projects/uneom.com/node_modules/next/dist/compiled/next-server/app-page.runtime.prod.js:12:142572)
    at AsyncLocalStorage.run (node:internal/async_local_storage/async_context_frame:63:14)
    at Timeout._onTimeout (/Users/ahmedsalem/Desktop/all my projects/uneom.com/node_modules/next/dist/compiled/next-server/app-page.runtime.prod.js:12:150373) {
  digest: '3731830276'
}
TypeError: Cannot read properties of undefined (reading 'map')
    at f (/Users/ahmedsalem/Desktop/all my projects/uneom.com/.next/server/app/ar/locations/[city]/[industry]/page.js:1:8960)
    at eh (/Users/ahmedsalem/Desktop/all my projects/uneom.com/node_modules/next/dist/compiled/next-server/app-page.runtime.prod.js:12:134660)
    at e (/Users/ahmedsalem/Desktop/all my projects/uneom.com/node_modules/next/dist/compiled/next-server/app-page.runtime.prod.js:12:137545)
    at ek (/Users/ahmedsalem/Desktop/all my projects/uneom.com/node_modules/next/dist/compiled/next-server/app-page.runtime.prod.js:12:138019)
    at Array.toJSON (/Users/ahmedsalem/Desktop/all my projects/uneom.com/node_modules/next/dist/compiled/next-server/app-page.runtime.prod.js:12:135629)
    at stringify (<anonymous>)
    at eP (/Users/ahmedsalem/Desktop/all my projects/uneom.com/node_modules/next/dist/compiled/next-server/app-page.runtime.prod.js:12:142093)
    at eE (/Users/ahmedsalem/Desktop/all my projects/uneom.com/node_modules/next/dist/compiled/next-server/app-page.runtime.prod.js:12:142572)
    at Timeout._onTimeout (/Users/ahmedsalem/Desktop/all my projects/uneom.com/node_modules/next/dist/compiled/next-server/app-page.runtime.prod.js:12:135349)
    at listOnTimeout (node:internal/timers:605:17) {
  digest: '2101114011'
}

Error occurred prerendering page "/ar/locations/yanbu/hospitality". Read more: https://nextjs.org/docs/messages/prerender-error

TypeError: Cannot read properties of undefined (reading 'map')
    at f (/Users/ahmedsalem/Desktop/all my projects/uneom.com/.next/server/app/ar/locations/[city]/[industry]/page.js:1:8960)
    at eh (/Users/ahmedsalem/Desktop/all my projects/uneom.com/node_modules/next/dist/compiled/next-server/app-page.runtime.prod.js:12:134660)
    at e (/Users/ahmedsalem/Desktop/all my projects/uneom.com/node_modules/next/dist/compiled/next-server/app-page.runtime.prod.js:12:137545)
    at ek (/Users/ahmedsalem/Desktop/all my projects/uneom.com/node_modules/next/dist/compiled/next-server/app-page.runtime.prod.js:12:138019)
    at Array.toJSON (/Users/ahmedsalem/Desktop/all my projects/uneom.com/node_modules/next/dist/compiled/next-server/app-page.runtime.prod.js:12:135629)
    at stringify (<anonymous>)
    at eP (/Users/ahmedsalem/Desktop/all my projects/uneom.com/node_modules/next/dist/compiled/next-server/app-page.runtime.prod.js:12:142093)
    at eE (/Users/ahmedsalem/Desktop/all my projects/uneom.com/node_modules/next/dist/compiled/next-server/app-page.runtime.prod.js:12:142572)
    at AsyncLocalStorage.run (node:internal/async_local_storage/async_context_frame:63:14)
    at Timeout._onTimeout (/Users/ahmedsalem/Desktop/all my projects/uneom.com/node_modules/next/dist/compiled/next-server/app-page.runtime.prod.js:12:150373)

Error occurred prerendering page "/ar/locations/yanbu/manufacturing". Read more: https://nextjs.org/docs/messages/prerender-error

TypeError: Cannot read properties of undefined (reading 'map')
    at f (/Users/ahmedsalem/Desktop/all my projects/uneom.com/.next/server/app/ar/locations/[city]/[industry]/page.js:1:8960)
    at eh (/Users/ahmedsalem/Desktop/all my projects/uneom.com/node_modules/next/dist/compiled/next-server/app-page.runtime.prod.js:12:134660)
    at e (/Users/ahmedsalem/Desktop/all my projects/uneom.com/node_modules/next/dist/compiled/next-server/app-page.runtime.prod.js:12:137545)
    at ek (/Users/ahmedsalem/Desktop/all my projects/uneom.com/node_modules/next/dist/compiled/next-server/app-page.runtime.prod.js:12:138019)
    at Array.toJSON (/Users/ahmedsalem/Desktop/all my projects/uneom.com/node_modules/next/dist/compiled/next-server/app-page.runtime.prod.js:12:135629)
    at stringify (<anonymous>)
    at eP (/Users/ahmedsalem/Desktop/all my projects/uneom.com/node_modules/next/dist/compiled/next-server/app-page.runtime.prod.js:12:142093)
    at eE (/Users/ahmedsalem/Desktop/all my projects/uneom.com/node_modules/next/dist/compiled/next-server/app-page.runtime.prod.js:12:142572)
    at AsyncLocalStorage.run (node:internal/async_local_storage/async_context_frame:63:14)
    at Timeout._onTimeout (/Users/ahmedsalem/Desktop/all my projects/uneom.com/node_modules/next/dist/compiled/next-server/app-page.runtime.prod.js:12:150373)

Error occurred prerendering page "/ar/locations/yanbu/aviation". Read more: https://nextjs.org/docs/messages/prerender-error

TypeError: Cannot read properties of undefined (reading 'map')
    at f (/Users/ahmedsalem/Desktop/all my projects/uneom.com/.next/server/app/ar/locations/[city]/[industry]/page.js:1:8960)
    at eh (/Users/ahmedsalem/Desktop/all my projects/uneom.com/node_modules/next/dist/compiled/next-server/app-page.runtime.prod.js:12:134660)
    at e (/Users/ahmedsalem/Desktop/all my projects/uneom.com/node_modules/next/dist/compiled/next-server/app-page.runtime.prod.js:12:137545)
    at ek (/Users/ahmedsalem/Desktop/all my projects/uneom.com/node_modules/next/dist/compiled/next-server/app-page.runtime.prod.js:12:138019)
    at Array.toJSON (/Users/ahmedsalem/Desktop/all my projects/uneom.com/node_modules/next/dist/compiled/next-server/app-page.runtime.prod.js:12:135629)
    at stringify (<anonymous>)
    at eP (/Users/ahmedsalem/Desktop/all my projects/uneom.com/node_modules/next/dist/compiled/next-server/app-page.runtime.prod.js:12:142093)
    at eE (/Users/ahmedsalem/Desktop/all my projects/uneom.com/node_modules/next/dist/compiled/next-server/app-page.runtime.prod.js:12:142572)
    at AsyncLocalStorage.run (node:internal/async_local_storage/async_context_frame:63:14)
    at Timeout._onTimeout (/Users/ahmedsalem/Desktop/all my projects/uneom.com/node_modules/next/dist/compiled/next-server/app-page.runtime.prod.js:12:150373)

Error occurred prerendering page "/ar/locations/yanbu/education". Read more: https://nextjs.org/docs/messages/prerender-error

TypeError: Cannot read properties of undefined (reading 'map')
    at f (/Users/ahmedsalem/Desktop/all my projects/uneom.com/.next/server/app/ar/locations/[city]/[industry]/page.js:1:8960)
    at eh (/Users/ahmedsalem/Desktop/all my projects/uneom.com/node_modules/next/dist/compiled/next-server/app-page.runtime.prod.js:12:134660)
    at e (/Users/ahmedsalem/Desktop/all my projects/uneom.com/node_modules/next/dist/compiled/next-server/app-page.runtime.prod.js:12:137545)
    at ek (/Users/ahmedsalem/Desktop/all my projects/uneom.com/node_modules/next/dist/compiled/next-server/app-page.runtime.prod.js:12:138019)
    at Array.toJSON (/Users/ahmedsalem/Desktop/all my projects/uneom.com/node_modules/next/dist/compiled/next-server/app-page.runtime.prod.js:12:135629)
    at stringify (<anonymous>)
    at eP (/Users/ahmedsalem/Desktop/all my projects/uneom.com/node_modules/next/dist/compiled/next-server/app-page.runtime.prod.js:12:142093)
    at eE (/Users/ahmedsalem/Desktop/all my projects/uneom.com/node_modules/next/dist/compiled/next-server/app-page.runtime.prod.js:12:142572)
    at AsyncLocalStorage.run (node:internal/async_local_storage/async_context_frame:63:14)
    at Timeout._onTimeout (/Users/ahmedsalem/Desktop/all my projects/uneom.com/node_modules/next/dist/compiled/next-server/app-page.runtime.prod.js:12:150373)
TypeError: Cannot read properties of undefined (reading 'map')
    at f (/Users/ahmedsalem/Desktop/all my projects/uneom.com/.next/server/app/ar/locations/[city]/[industry]/page.js:1:8960)
    at eh (/Users/ahmedsalem/Desktop/all my projects/uneom.com/node_modules/next/dist/compiled/next-server/app-page.runtime.prod.js:12:134660)
    at e (/Users/ahmedsalem/Desktop/all my projects/uneom.com/node_modules/next/dist/compiled/next-server/app-page.runtime.prod.js:12:137545)
    at ek (/Users/ahmedsalem/Desktop/all my projects/uneom.com/node_modules/next/dist/compiled/next-server/app-page.runtime.prod.js:12:138019)
    at Array.toJSON (/Users/ahmedsalem/Desktop/all my projects/uneom.com/node_modules/next/dist/compiled/next-server/app-page.runtime.prod.js:12:135629)
    at stringify (<anonymous>)
    at eP (/Users/ahmedsalem/Desktop/all my projects/uneom.com/node_modules/next/dist/compiled/next-server/app-page.runtime.prod.js:12:142093)
    at eE (/Users/ahmedsalem/Desktop/all my projects/uneom.com/node_modules/next/dist/compiled/next-server/app-page.runtime.prod.js:12:142572)
    at AsyncLocalStorage.run (node:internal/async_local_storage/async_context_frame:63:14)
    at Timeout._onTimeout (/Users/ahmedsalem/Desktop/all my projects/uneom.com/node_modules/next/dist/compiled/next-server/app-page.runtime.prod.js:12:150373) {
  digest: '3731830276'
}
TypeError: Cannot read properties of undefined (reading 'map')
    at f (/Users/ahmedsalem/Desktop/all my projects/uneom.com/.next/server/app/ar/locations/[city]/[industry]/page.js:1:8960)
    at eh (/Users/ahmedsalem/Desktop/all my projects/uneom.com/node_modules/next/dist/compiled/next-server/app-page.runtime.prod.js:12:134660)
    at e (/Users/ahmedsalem/Desktop/all my projects/uneom.com/node_modules/next/dist/compiled/next-server/app-page.runtime.prod.js:12:137545)
    at ek (/Users/ahmedsalem/Desktop/all my projects/uneom.com/node_modules/next/dist/compiled/next-server/app-page.runtime.prod.js:12:138019)
    at Array.toJSON (/Users/ahmedsalem/Desktop/all my projects/uneom.com/node_modules/next/dist/compiled/next-server/app-page.runtime.prod.js:12:135629)
    at stringify (<anonymous>)
    at eP (/Users/ahmedsalem/Desktop/all my projects/uneom.com/node_modules/next/dist/compiled/next-server/app-page.runtime.prod.js:12:142093)
    at eE (/Users/ahmedsalem/Desktop/all my projects/uneom.com/node_modules/next/dist/compiled/next-server/app-page.runtime.prod.js:12:142572)
    at Timeout._onTimeout (/Users/ahmedsalem/Desktop/all my projects/uneom.com/node_modules/next/dist/compiled/next-server/app-page.runtime.prod.js:12:135349)
    at listOnTimeout (node:internal/timers:605:17) {
  digest: '2101114011'
}
TypeError: Cannot read properties of undefined (reading 'map')
    at f (/Users/ahmedsalem/Desktop/all my projects/uneom.com/.next/server/app/ar/locations/[city]/[industry]/page.js:1:8960)
    at eh (/Users/ahmedsalem/Desktop/all my projects/uneom.com/node_modules/next/dist/compiled/next-server/app-page.runtime.prod.js:12:134660)
    at e (/Users/ahmedsalem/Desktop/all my projects/uneom.com/node_modules/next/dist/compiled/next-server/app-page.runtime.prod.js:12:137545)
    at ek (/Users/ahmedsalem/Desktop/all my projects/uneom.com/node_modules/next/dist/compiled/next-server/app-page.runtime.prod.js:12:138019)
    at Array.toJSON (/Users/ahmedsalem/Desktop/all my projects/uneom.com/node_modules/next/dist/compiled/next-server/app-page.runtime.prod.js:12:135629)
    at stringify (<anonymous>)
    at eP (/Users/ahmedsalem/Desktop/all my projects/uneom.com/node_modules/next/dist/compiled/next-server/app-page.runtime.prod.js:12:142093)
    at eE (/Users/ahmedsalem/Desktop/all my projects/uneom.com/node_modules/next/dist/compiled/next-server/app-page.runtime.prod.js:12:142572)
    at AsyncLocalStorage.run (node:internal/async_local_storage/async_context_frame:63:14)
    at Timeout._onTimeout (/Users/ahmedsalem/Desktop/all my projects/uneom.com/node_modules/next/dist/compiled/next-server/app-page.runtime.prod.js:12:150373) {
  digest: '3731830276'
}
TypeError: Cannot read properties of undefined (reading 'map')
    at f (/Users/ahmedsalem/Desktop/all my projects/uneom.com/.next/server/app/ar/locations/[city]/[industry]/page.js:1:8960)
    at eh (/Users/ahmedsalem/Desktop/all my projects/uneom.com/node_modules/next/dist/compiled/next-server/app-page.runtime.prod.js:12:134660)
    at e (/Users/ahmedsalem/Desktop/all my projects/uneom.com/node_modules/next/dist/compiled/next-server/app-page.runtime.prod.js:12:137545)
    at ek (/Users/ahmedsalem/Desktop/all my projects/uneom.com/node_modules/next/dist/compiled/next-server/app-page.runtime.prod.js:12:138019)
    at Array.toJSON (/Users/ahmedsalem/Desktop/all my projects/uneom.com/node_modules/next/dist/compiled/next-server/app-page.runtime.prod.js:12:135629)
    at stringify (<anonymous>)
    at eP (/Users/ahmedsalem/Desktop/all my projects/uneom.com/node_modules/next/dist/compiled/next-server/app-page.runtime.prod.js:12:142093)
    at eE (/Users/ahmedsalem/Desktop/all my projects/uneom.com/node_modules/next/dist/compiled/next-server/app-page.runtime.prod.js:12:142572)
    at Timeout._onTimeout (/Users/ahmedsalem/Desktop/all my projects/uneom.com/node_modules/next/dist/compiled/next-server/app-page.runtime.prod.js:12:135349)
    at listOnTimeout (node:internal/timers:605:17) {
  digest: '2101114011'
}
TypeError: Cannot read properties of undefined (reading 'map')
    at f (/Users/ahmedsalem/Desktop/all my projects/uneom.com/.next/server/app/ar/locations/[city]/[industry]/page.js:1:8960)
    at eh (/Users/ahmedsalem/Desktop/all my projects/uneom.com/node_modules/next/dist/compiled/next-server/app-page.runtime.prod.js:12:134660)
    at e (/Users/ahmedsalem/Desktop/all my projects/uneom.com/node_modules/next/dist/compiled/next-server/app-page.runtime.prod.js:12:137545)
    at ek (/Users/ahmedsalem/Desktop/all my projects/uneom.com/node_modules/next/dist/compiled/next-server/app-page.runtime.prod.js:12:138019)
    at Array.toJSON (/Users/ahmedsalem/Desktop/all my projects/uneom.com/node_modules/next/dist/compiled/next-server/app-page.runtime.prod.js:12:135629)
    at stringify (<anonymous>)
    at eP (/Users/ahmedsalem/Desktop/all my projects/uneom.com/node_modules/next/dist/compiled/next-server/app-page.runtime.prod.js:12:142093)
    at eE (/Users/ahmedsalem/Desktop/all my projects/uneom.com/node_modules/next/dist/compiled/next-server/app-page.runtime.prod.js:12:142572)
    at AsyncLocalStorage.run (node:internal/async_local_storage/async_context_frame:63:14)
    at Timeout._onTimeout (/Users/ahmedsalem/Desktop/all my projects/uneom.com/node_modules/next/dist/compiled/next-server/app-page.runtime.prod.js:12:150373) {
  digest: '3731830276'
}
TypeError: Cannot read properties of undefined (reading 'map')
    at f (/Users/ahmedsalem/Desktop/all my projects/uneom.com/.next/server/app/ar/locations/[city]/[industry]/page.js:1:8960)
    at eh (/Users/ahmedsalem/Desktop/all my projects/uneom.com/node_modules/next/dist/compiled/next-server/app-page.runtime.prod.js:12:134660)
    at e (/Users/ahmedsalem/Desktop/all my projects/uneom.com/node_modules/next/dist/compiled/next-server/app-page.runtime.prod.js:12:137545)
    at ek (/Users/ahmedsalem/Desktop/all my projects/uneom.com/node_modules/next/dist/compiled/next-server/app-page.runtime.prod.js:12:138019)
    at Array.toJSON (/Users/ahmedsalem/Desktop/all my projects/uneom.com/node_modules/next/dist/compiled/next-server/app-page.runtime.prod.js:12:135629)
    at stringify (<anonymous>)
    at eP (/Users/ahmedsalem/Desktop/all my projects/uneom.com/node_modules/next/dist/compiled/next-server/app-page.runtime.prod.js:12:142093)
    at eE (/Users/ahmedsalem/Desktop/all my projects/uneom.com/node_modules/next/dist/compiled/next-server/app-page.runtime.prod.js:12:142572)
    at Timeout._onTimeout (/Users/ahmedsalem/Desktop/all my projects/uneom.com/node_modules/next/dist/compiled/next-server/app-page.runtime.prod.js:12:135349)
    at listOnTimeout (node:internal/timers:605:17) {
  digest: '2101114011'
}

Error occurred prerendering page "/ar/locations/yanbu/security". Read more: https://nextjs.org/docs/messages/prerender-error

TypeError: Cannot read properties of undefined (reading 'map')
    at f (/Users/ahmedsalem/Desktop/all my projects/uneom.com/.next/server/app/ar/locations/[city]/[industry]/page.js:1:8960)
    at eh (/Users/ahmedsalem/Desktop/all my projects/uneom.com/node_modules/next/dist/compiled/next-server/app-page.runtime.prod.js:12:134660)
    at e (/Users/ahmedsalem/Desktop/all my projects/uneom.com/node_modules/next/dist/compiled/next-server/app-page.runtime.prod.js:12:137545)
    at ek (/Users/ahmedsalem/Desktop/all my projects/uneom.com/node_modules/next/dist/compiled/next-server/app-page.runtime.prod.js:12:138019)
    at Array.toJSON (/Users/ahmedsalem/Desktop/all my projects/uneom.com/node_modules/next/dist/compiled/next-server/app-page.runtime.prod.js:12:135629)
    at stringify (<anonymous>)
    at eP (/Users/ahmedsalem/Desktop/all my projects/uneom.com/node_modules/next/dist/compiled/next-server/app-page.runtime.prod.js:12:142093)
    at eE (/Users/ahmedsalem/Desktop/all my projects/uneom.com/node_modules/next/dist/compiled/next-server/app-page.runtime.prod.js:12:142572)
    at AsyncLocalStorage.run (node:internal/async_local_storage/async_context_frame:63:14)
    at Timeout._onTimeout (/Users/ahmedsalem/Desktop/all my projects/uneom.com/node_modules/next/dist/compiled/next-server/app-page.runtime.prod.js:12:150373)
TypeError: Cannot read properties of undefined (reading 'map')
    at f (/Users/ahmedsalem/Desktop/all my projects/uneom.com/.next/server/app/ar/locations/[city]/[industry]/page.js:1:8960)
    at eh (/Users/ahmedsalem/Desktop/all my projects/uneom.com/node_modules/next/dist/compiled/next-server/app-page.runtime.prod.js:12:134660)
    at e (/Users/ahmedsalem/Desktop/all my projects/uneom.com/node_modules/next/dist/compiled/next-server/app-page.runtime.prod.js:12:137545)
    at ek (/Users/ahmedsalem/Desktop/all my projects/uneom.com/node_modules/next/dist/compiled/next-server/app-page.runtime.prod.js:12:138019)
    at Array.toJSON (/Users/ahmedsalem/Desktop/all my projects/uneom.com/node_modules/next/dist/compiled/next-server/app-page.runtime.prod.js:12:135629)
    at stringify (<anonymous>)
    at eP (/Users/ahmedsalem/Desktop/all my projects/uneom.com/node_modules/next/dist/compiled/next-server/app-page.runtime.prod.js:12:142093)
    at eE (/Users/ahmedsalem/Desktop/all my projects/uneom.com/node_modules/next/dist/compiled/next-server/app-page.runtime.prod.js:12:142572)
    at AsyncLocalStorage.run (node:internal/async_local_storage/async_context_frame:63:14)
    at Timeout._onTimeout (/Users/ahmedsalem/Desktop/all my projects/uneom.com/node_modules/next/dist/compiled/next-server/app-page.runtime.prod.js:12:150373) {
  digest: '3731830276'
}
TypeError: Cannot read properties of undefined (reading 'map')
    at f (/Users/ahmedsalem/Desktop/all my projects/uneom.com/.next/server/app/ar/locations/[city]/[industry]/page.js:1:8960)
    at eh (/Users/ahmedsalem/Desktop/all my projects/uneom.com/node_modules/next/dist/compiled/next-server/app-page.runtime.prod.js:12:134660)
    at e (/Users/ahmedsalem/Desktop/all my projects/uneom.com/node_modules/next/dist/compiled/next-server/app-page.runtime.prod.js:12:137545)
    at ek (/Users/ahmedsalem/Desktop/all my projects/uneom.com/node_modules/next/dist/compiled/next-server/app-page.runtime.prod.js:12:138019)
    at Array.toJSON (/Users/ahmedsalem/Desktop/all my projects/uneom.com/node_modules/next/dist/compiled/next-server/app-page.runtime.prod.js:12:135629)
    at stringify (<anonymous>)
    at eP (/Users/ahmedsalem/Desktop/all my projects/uneom.com/node_modules/next/dist/compiled/next-server/app-page.runtime.prod.js:12:142093)
    at eE (/Users/ahmedsalem/Desktop/all my projects/uneom.com/node_modules/next/dist/compiled/next-server/app-page.runtime.prod.js:12:142572)
    at Timeout._onTimeout (/Users/ahmedsalem/Desktop/all my projects/uneom.com/node_modules/next/dist/compiled/next-server/app-page.runtime.prod.js:12:135349)
    at listOnTimeout (node:internal/timers:605:17) {
  digest: '2101114011'
}
TypeError: Cannot read properties of undefined (reading 'map')
    at f (/Users/ahmedsalem/Desktop/all my projects/uneom.com/.next/server/app/ar/locations/[city]/[industry]/page.js:1:8960)
    at eh (/Users/ahmedsalem/Desktop/all my projects/uneom.com/node_modules/next/dist/compiled/next-server/app-page.runtime.prod.js:12:134660)
    at e (/Users/ahmedsalem/Desktop/all my projects/uneom.com/node_modules/next/dist/compiled/next-server/app-page.runtime.prod.js:12:137545)
    at ek (/Users/ahmedsalem/Desktop/all my projects/uneom.com/node_modules/next/dist/compiled/next-server/app-page.runtime.prod.js:12:138019)
    at Array.toJSON (/Users/ahmedsalem/Desktop/all my projects/uneom.com/node_modules/next/dist/compiled/next-server/app-page.runtime.prod.js:12:135629)
    at stringify (<anonymous>)
    at eP (/Users/ahmedsalem/Desktop/all my projects/uneom.com/node_modules/next/dist/compiled/next-server/app-page.runtime.prod.js:12:142093)
    at eE (/Users/ahmedsalem/Desktop/all my projects/uneom.com/node_modules/next/dist/compiled/next-server/app-page.runtime.prod.js:12:142572)
    at AsyncLocalStorage.run (node:internal/async_local_storage/async_context_frame:63:14)
    at Timeout._onTimeout (/Users/ahmedsalem/Desktop/all my projects/uneom.com/node_modules/next/dist/compiled/next-server/app-page.runtime.prod.js:12:150373) {
  digest: '3731830276'
}
TypeError: Cannot read properties of undefined (reading 'map')
    at f (/Users/ahmedsalem/Desktop/all my projects/uneom.com/.next/server/app/ar/locations/[city]/[industry]/page.js:1:8960)
    at eh (/Users/ahmedsalem/Desktop/all my projects/uneom.com/node_modules/next/dist/compiled/next-server/app-page.runtime.prod.js:12:134660)
    at e (/Users/ahmedsalem/Desktop/all my projects/uneom.com/node_modules/next/dist/compiled/next-server/app-page.runtime.prod.js:12:137545)
    at ek (/Users/ahmedsalem/Desktop/all my projects/uneom.com/node_modules/next/dist/compiled/next-server/app-page.runtime.prod.js:12:138019)
    at Array.toJSON (/Users/ahmedsalem/Desktop/all my projects/uneom.com/node_modules/next/dist/compiled/next-server/app-page.runtime.prod.js:12:135629)
    at stringify (<anonymous>)
    at eP (/Users/ahmedsalem/Desktop/all my projects/uneom.com/node_modules/next/dist/compiled/next-server/app-page.runtime.prod.js:12:142093)
    at eE (/Users/ahmedsalem/Desktop/all my projects/uneom.com/node_modules/next/dist/compiled/next-server/app-page.runtime.prod.js:12:142572)
    at Timeout._onTimeout (/Users/ahmedsalem/Desktop/all my projects/uneom.com/node_modules/next/dist/compiled/next-server/app-page.runtime.prod.js:12:135349)
    at listOnTimeout (node:internal/timers:605:17) {
  digest: '2101114011'
}
TypeError: Cannot read properties of undefined (reading 'map')
    at f (/Users/ahmedsalem/Desktop/all my projects/uneom.com/.next/server/app/ar/locations/[city]/[industry]/page.js:1:8960)
    at eh (/Users/ahmedsalem/Desktop/all my projects/uneom.com/node_modules/next/dist/compiled/next-server/app-page.runtime.prod.js:12:134660)
    at e (/Users/ahmedsalem/Desktop/all my projects/uneom.com/node_modules/next/dist/compiled/next-server/app-page.runtime.prod.js:12:137545)
    at ek (/Users/ahmedsalem/Desktop/all my projects/uneom.com/node_modules/next/dist/compiled/next-server/app-page.runtime.prod.js:12:138019)
    at Array.toJSON (/Users/ahmedsalem/Desktop/all my projects/uneom.com/node_modules/next/dist/compiled/next-server/app-page.runtime.prod.js:12:135629)
    at stringify (<anonymous>)
    at eP (/Users/ahmedsalem/Desktop/all my projects/uneom.com/node_modules/next/dist/compiled/next-server/app-page.runtime.prod.js:12:142093)
    at eE (/Users/ahmedsalem/Desktop/all my projects/uneom.com/node_modules/next/dist/compiled/next-server/app-page.runtime.prod.js:12:142572)
    at AsyncLocalStorage.run (node:internal/async_local_storage/async_context_frame:63:14)
    at Timeout._onTimeout (/Users/ahmedsalem/Desktop/all my projects/uneom.com/node_modules/next/dist/compiled/next-server/app-page.runtime.prod.js:12:150373) {
  digest: '3731830276'
}
TypeError: Cannot read properties of undefined (reading 'map')
    at f (/Users/ahmedsalem/Desktop/all my projects/uneom.com/.next/server/app/ar/locations/[city]/[industry]/page.js:1:8960)
    at eh (/Users/ahmedsalem/Desktop/all my projects/uneom.com/node_modules/next/dist/compiled/next-server/app-page.runtime.prod.js:12:134660)
    at e (/Users/ahmedsalem/Desktop/all my projects/uneom.com/node_modules/next/dist/compiled/next-server/app-page.runtime.prod.js:12:137545)
    at ek (/Users/ahmedsalem/Desktop/all my projects/uneom.com/node_modules/next/dist/compiled/next-server/app-page.runtime.prod.js:12:138019)
    at Array.toJSON (/Users/ahmedsalem/Desktop/all my projects/uneom.com/node_modules/next/dist/compiled/next-server/app-page.runtime.prod.js:12:135629)
    at stringify (<anonymous>)
    at eP (/Users/ahmedsalem/Desktop/all my projects/uneom.com/node_modules/next/dist/compiled/next-server/app-page.runtime.prod.js:12:142093)
    at eE (/Users/ahmedsalem/Desktop/all my projects/uneom.com/node_modules/next/dist/compiled/next-server/app-page.runtime.prod.js:12:142572)
    at Timeout._onTimeout (/Users/ahmedsalem/Desktop/all my projects/uneom.com/node_modules/next/dist/compiled/next-server/app-page.runtime.prod.js:12:135349)
    at listOnTimeout (node:internal/timers:605:17) {
  digest: '2101114011'
}

Error occurred prerendering page "/ar/locations/yanbu/factory-industry". Read more: https://nextjs.org/docs/messages/prerender-error

TypeError: Cannot read properties of undefined (reading 'map')
    at f (/Users/ahmedsalem/Desktop/all my projects/uneom.com/.next/server/app/ar/locations/[city]/[industry]/page.js:1:8960)
    at eh (/Users/ahmedsalem/Desktop/all my projects/uneom.com/node_modules/next/dist/compiled/next-server/app-page.runtime.prod.js:12:134660)
    at e (/Users/ahmedsalem/Desktop/all my projects/uneom.com/node_modules/next/dist/compiled/next-server/app-page.runtime.prod.js:12:137545)
    at ek (/Users/ahmedsalem/Desktop/all my projects/uneom.com/node_modules/next/dist/compiled/next-server/app-page.runtime.prod.js:12:138019)
    at Array.toJSON (/Users/ahmedsalem/Desktop/all my projects/uneom.com/node_modules/next/dist/compiled/next-server/app-page.runtime.prod.js:12:135629)
    at stringify (<anonymous>)
    at eP (/Users/ahmedsalem/Desktop/all my projects/uneom.com/node_modules/next/dist/compiled/next-server/app-page.runtime.prod.js:12:142093)
    at eE (/Users/ahmedsalem/Desktop/all my projects/uneom.com/node_modules/next/dist/compiled/next-server/app-page.runtime.prod.js:12:142572)
    at AsyncLocalStorage.run (node:internal/async_local_storage/async_context_frame:63:14)
    at Timeout._onTimeout (/Users/ahmedsalem/Desktop/all my projects/uneom.com/node_modules/next/dist/compiled/next-server/app-page.runtime.prod.js:12:150373)

Error occurred prerendering page "/ar/locations/yanbu/supply-manufacturing". Read more: https://nextjs.org/docs/messages/prerender-error

TypeError: Cannot read properties of undefined (reading 'map')
    at f (/Users/ahmedsalem/Desktop/all my projects/uneom.com/.next/server/app/ar/locations/[city]/[industry]/page.js:1:8960)
    at eh (/Users/ahmedsalem/Desktop/all my projects/uneom.com/node_modules/next/dist/compiled/next-server/app-page.runtime.prod.js:12:134660)
    at e (/Users/ahmedsalem/Desktop/all my projects/uneom.com/node_modules/next/dist/compiled/next-server/app-page.runtime.prod.js:12:137545)
    at ek (/Users/ahmedsalem/Desktop/all my projects/uneom.com/node_modules/next/dist/compiled/next-server/app-page.runtime.prod.js:12:138019)
    at Array.toJSON (/Users/ahmedsalem/Desktop/all my projects/uneom.com/node_modules/next/dist/compiled/next-server/app-page.runtime.prod.js:12:135629)
    at stringify (<anonymous>)
    at eP (/Users/ahmedsalem/Desktop/all my projects/uneom.com/node_modules/next/dist/compiled/next-server/app-page.runtime.prod.js:12:142093)
    at eE (/Users/ahmedsalem/Desktop/all my projects/uneom.com/node_modules/next/dist/compiled/next-server/app-page.runtime.prod.js:12:142572)
    at AsyncLocalStorage.run (node:internal/async_local_storage/async_context_frame:63:14)
    at Timeout._onTimeout (/Users/ahmedsalem/Desktop/all my projects/uneom.com/node_modules/next/dist/compiled/next-server/app-page.runtime.prod.js:12:150373)

Error occurred prerendering page "/ar/locations/yanbu/retail-shops". Read more: https://nextjs.org/docs/messages/prerender-error

TypeError: Cannot read properties of undefined (reading 'map')
    at f (/Users/ahmedsalem/Desktop/all my projects/uneom.com/.next/server/app/ar/locations/[city]/[industry]/page.js:1:8960)
    at eh (/Users/ahmedsalem/Desktop/all my projects/uneom.com/node_modules/next/dist/compiled/next-server/app-page.runtime.prod.js:12:134660)
    at e (/Users/ahmedsalem/Desktop/all my projects/uneom.com/node_modules/next/dist/compiled/next-server/app-page.runtime.prod.js:12:137545)
    at ek (/Users/ahmedsalem/Desktop/all my projects/uneom.com/node_modules/next/dist/compiled/next-server/app-page.runtime.prod.js:12:138019)
    at Array.toJSON (/Users/ahmedsalem/Desktop/all my projects/uneom.com/node_modules/next/dist/compiled/next-server/app-page.runtime.prod.js:12:135629)
    at stringify (<anonymous>)
    at eP (/Users/ahmedsalem/Desktop/all my projects/uneom.com/node_modules/next/dist/compiled/next-server/app-page.runtime.prod.js:12:142093)
    at eE (/Users/ahmedsalem/Desktop/all my projects/uneom.com/node_modules/next/dist/compiled/next-server/app-page.runtime.prod.js:12:142572)
    at AsyncLocalStorage.run (node:internal/async_local_storage/async_context_frame:63:14)
    at Timeout._onTimeout (/Users/ahmedsalem/Desktop/all my projects/uneom.com/node_modules/next/dist/compiled/next-server/app-page.runtime.prod.js:12:150373)
TypeError: Cannot read properties of undefined (reading 'map')
    at f (/Users/ahmedsalem/Desktop/all my projects/uneom.com/.next/server/app/ar/locations/[city]/[industry]/page.js:1:8960)
    at eh (/Users/ahmedsalem/Desktop/all my projects/uneom.com/node_modules/next/dist/compiled/next-server/app-page.runtime.prod.js:12:134660)
    at e (/Users/ahmedsalem/Desktop/all my projects/uneom.com/node_modules/next/dist/compiled/next-server/app-page.runtime.prod.js:12:137545)
    at ek (/Users/ahmedsalem/Desktop/all my projects/uneom.com/node_modules/next/dist/compiled/next-server/app-page.runtime.prod.js:12:138019)
    at Array.toJSON (/Users/ahmedsalem/Desktop/all my projects/uneom.com/node_modules/next/dist/compiled/next-server/app-page.runtime.prod.js:12:135629)
    at stringify (<anonymous>)
    at eP (/Users/ahmedsalem/Desktop/all my projects/uneom.com/node_modules/next/dist/compiled/next-server/app-page.runtime.prod.js:12:142093)
    at eE (/Users/ahmedsalem/Desktop/all my projects/uneom.com/node_modules/next/dist/compiled/next-server/app-page.runtime.prod.js:12:142572)
    at AsyncLocalStorage.run (node:internal/async_local_storage/async_context_frame:63:14)
    at Timeout._onTimeout (/Users/ahmedsalem/Desktop/all my projects/uneom.com/node_modules/next/dist/compiled/next-server/app-page.runtime.prod.js:12:150373) {
  digest: '3731830276'
}
TypeError: Cannot read properties of undefined (reading 'map')
    at f (/Users/ahmedsalem/Desktop/all my projects/uneom.com/.next/server/app/ar/locations/[city]/[industry]/page.js:1:8960)
    at eh (/Users/ahmedsalem/Desktop/all my projects/uneom.com/node_modules/next/dist/compiled/next-server/app-page.runtime.prod.js:12:134660)
    at e (/Users/ahmedsalem/Desktop/all my projects/uneom.com/node_modules/next/dist/compiled/next-server/app-page.runtime.prod.js:12:137545)
    at ek (/Users/ahmedsalem/Desktop/all my projects/uneom.com/node_modules/next/dist/compiled/next-server/app-page.runtime.prod.js:12:138019)
    at Array.toJSON (/Users/ahmedsalem/Desktop/all my projects/uneom.com/node_modules/next/dist/compiled/next-server/app-page.runtime.prod.js:12:135629)
    at stringify (<anonymous>)
    at eP (/Users/ahmedsalem/Desktop/all my projects/uneom.com/node_modules/next/dist/compiled/next-server/app-page.runtime.prod.js:12:142093)
    at eE (/Users/ahmedsalem/Desktop/all my projects/uneom.com/node_modules/next/dist/compiled/next-server/app-page.runtime.prod.js:12:142572)
    at Timeout._onTimeout (/Users/ahmedsalem/Desktop/all my projects/uneom.com/node_modules/next/dist/compiled/next-server/app-page.runtime.prod.js:12:135349)
    at listOnTimeout (node:internal/timers:605:17) {
  digest: '2101114011'
}

Error occurred prerendering page "/ar/locations/al-ahsa/hospitality". Read more: https://nextjs.org/docs/messages/prerender-error

TypeError: Cannot read properties of undefined (reading 'map')
    at f (/Users/ahmedsalem/Desktop/all my projects/uneom.com/.next/server/app/ar/locations/[city]/[industry]/page.js:1:8960)
    at eh (/Users/ahmedsalem/Desktop/all my projects/uneom.com/node_modules/next/dist/compiled/next-server/app-page.runtime.prod.js:12:134660)
    at e (/Users/ahmedsalem/Desktop/all my projects/uneom.com/node_modules/next/dist/compiled/next-server/app-page.runtime.prod.js:12:137545)
    at ek (/Users/ahmedsalem/Desktop/all my projects/uneom.com/node_modules/next/dist/compiled/next-server/app-page.runtime.prod.js:12:138019)
    at Array.toJSON (/Users/ahmedsalem/Desktop/all my projects/uneom.com/node_modules/next/dist/compiled/next-server/app-page.runtime.prod.js:12:135629)
    at stringify (<anonymous>)
    at eP (/Users/ahmedsalem/Desktop/all my projects/uneom.com/node_modules/next/dist/compiled/next-server/app-page.runtime.prod.js:12:142093)
    at eE (/Users/ahmedsalem/Desktop/all my projects/uneom.com/node_modules/next/dist/compiled/next-server/app-page.runtime.prod.js:12:142572)
    at AsyncLocalStorage.run (node:internal/async_local_storage/async_context_frame:63:14)
    at Timeout._onTimeout (/Users/ahmedsalem/Desktop/all my projects/uneom.com/node_modules/next/dist/compiled/next-server/app-page.runtime.prod.js:12:150373)

Error occurred prerendering page "/ar/locations/al-ahsa/healthcare". Read more: https://nextjs.org/docs/messages/prerender-error

TypeError: Cannot read properties of undefined (reading 'map')
    at f (/Users/ahmedsalem/Desktop/all my projects/uneom.com/.next/server/app/ar/locations/[city]/[industry]/page.js:1:8960)
    at eh (/Users/ahmedsalem/Desktop/all my projects/uneom.com/node_modules/next/dist/compiled/next-server/app-page.runtime.prod.js:12:134660)
    at e (/Users/ahmedsalem/Desktop/all my projects/uneom.com/node_modules/next/dist/compiled/next-server/app-page.runtime.prod.js:12:137545)
    at ek (/Users/ahmedsalem/Desktop/all my projects/uneom.com/node_modules/next/dist/compiled/next-server/app-page.runtime.prod.js:12:138019)
    at Array.toJSON (/Users/ahmedsalem/Desktop/all my projects/uneom.com/node_modules/next/dist/compiled/next-server/app-page.runtime.prod.js:12:135629)
    at stringify (<anonymous>)
    at eP (/Users/ahmedsalem/Desktop/all my projects/uneom.com/node_modules/next/dist/compiled/next-server/app-page.runtime.prod.js:12:142093)
    at eE (/Users/ahmedsalem/Desktop/all my projects/uneom.com/node_modules/next/dist/compiled/next-server/app-page.runtime.prod.js:12:142572)
    at AsyncLocalStorage.run (node:internal/async_local_storage/async_context_frame:63:14)
    at Timeout._onTimeout (/Users/ahmedsalem/Desktop/all my projects/uneom.com/node_modules/next/dist/compiled/next-server/app-page.runtime.prod.js:12:150373)
TypeError: Cannot read properties of undefined (reading 'map')
    at f (/Users/ahmedsalem/Desktop/all my projects/uneom.com/.next/server/app/ar/locations/[city]/[industry]/page.js:1:8960)
    at eh (/Users/ahmedsalem/Desktop/all my projects/uneom.com/node_modules/next/dist/compiled/next-server/app-page.runtime.prod.js:12:134660)
    at e (/Users/ahmedsalem/Desktop/all my projects/uneom.com/node_modules/next/dist/compiled/next-server/app-page.runtime.prod.js:12:137545)
    at ek (/Users/ahmedsalem/Desktop/all my projects/uneom.com/node_modules/next/dist/compiled/next-server/app-page.runtime.prod.js:12:138019)
    at Array.toJSON (/Users/ahmedsalem/Desktop/all my projects/uneom.com/node_modules/next/dist/compiled/next-server/app-page.runtime.prod.js:12:135629)
    at stringify (<anonymous>)
    at eP (/Users/ahmedsalem/Desktop/all my projects/uneom.com/node_modules/next/dist/compiled/next-server/app-page.runtime.prod.js:12:142093)
    at eE (/Users/ahmedsalem/Desktop/all my projects/uneom.com/node_modules/next/dist/compiled/next-server/app-page.runtime.prod.js:12:142572)
    at AsyncLocalStorage.run (node:internal/async_local_storage/async_context_frame:63:14)
    at Timeout._onTimeout (/Users/ahmedsalem/Desktop/all my projects/uneom.com/node_modules/next/dist/compiled/next-server/app-page.runtime.prod.js:12:150373) {
  digest: '3731830276'
}
TypeError: Cannot read properties of undefined (reading 'map')
    at f (/Users/ahmedsalem/Desktop/all my projects/uneom.com/.next/server/app/ar/locations/[city]/[industry]/page.js:1:8960)
    at eh (/Users/ahmedsalem/Desktop/all my projects/uneom.com/node_modules/next/dist/compiled/next-server/app-page.runtime.prod.js:12:134660)
    at e (/Users/ahmedsalem/Desktop/all my projects/uneom.com/node_modules/next/dist/compiled/next-server/app-page.runtime.prod.js:12:137545)
    at ek (/Users/ahmedsalem/Desktop/all my projects/uneom.com/node_modules/next/dist/compiled/next-server/app-page.runtime.prod.js:12:138019)
    at Array.toJSON (/Users/ahmedsalem/Desktop/all my projects/uneom.com/node_modules/next/dist/compiled/next-server/app-page.runtime.prod.js:12:135629)
    at stringify (<anonymous>)
    at eP (/Users/ahmedsalem/Desktop/all my projects/uneom.com/node_modules/next/dist/compiled/next-server/app-page.runtime.prod.js:12:142093)
    at eE (/Users/ahmedsalem/Desktop/all my projects/uneom.com/node_modules/next/dist/compiled/next-server/app-page.runtime.prod.js:12:142572)
    at Timeout._onTimeout (/Users/ahmedsalem/Desktop/all my projects/uneom.com/node_modules/next/dist/compiled/next-server/app-page.runtime.prod.js:12:135349)
    at listOnTimeout (node:internal/timers:605:17) {
  digest: '2101114011'
}

Error occurred prerendering page "/ar/locations/al-ahsa/manufacturing". Read more: https://nextjs.org/docs/messages/prerender-error

TypeError: Cannot read properties of undefined (reading 'map')
    at f (/Users/ahmedsalem/Desktop/all my projects/uneom.com/.next/server/app/ar/locations/[city]/[industry]/page.js:1:8960)
    at eh (/Users/ahmedsalem/Desktop/all my projects/uneom.com/node_modules/next/dist/compiled/next-server/app-page.runtime.prod.js:12:134660)
    at e (/Users/ahmedsalem/Desktop/all my projects/uneom.com/node_modules/next/dist/compiled/next-server/app-page.runtime.prod.js:12:137545)
    at ek (/Users/ahmedsalem/Desktop/all my projects/uneom.com/node_modules/next/dist/compiled/next-server/app-page.runtime.prod.js:12:138019)
    at Array.toJSON (/Users/ahmedsalem/Desktop/all my projects/uneom.com/node_modules/next/dist/compiled/next-server/app-page.runtime.prod.js:12:135629)
    at stringify (<anonymous>)
    at eP (/Users/ahmedsalem/Desktop/all my projects/uneom.com/node_modules/next/dist/compiled/next-server/app-page.runtime.prod.js:12:142093)
    at eE (/Users/ahmedsalem/Desktop/all my projects/uneom.com/node_modules/next/dist/compiled/next-server/app-page.runtime.prod.js:12:142572)
    at AsyncLocalStorage.run (node:internal/async_local_storage/async_context_frame:63:14)
    at Timeout._onTimeout (/Users/ahmedsalem/Desktop/all my projects/uneom.com/node_modules/next/dist/compiled/next-server/app-page.runtime.prod.js:12:150373)
TypeError: Cannot read properties of undefined (reading 'map')
    at f (/Users/ahmedsalem/Desktop/all my projects/uneom.com/.next/server/app/ar/locations/[city]/[industry]/page.js:1:8960)
    at eh (/Users/ahmedsalem/Desktop/all my projects/uneom.com/node_modules/next/dist/compiled/next-server/app-page.runtime.prod.js:12:134660)
    at e (/Users/ahmedsalem/Desktop/all my projects/uneom.com/node_modules/next/dist/compiled/next-server/app-page.runtime.prod.js:12:137545)
    at ek (/Users/ahmedsalem/Desktop/all my projects/uneom.com/node_modules/next/dist/compiled/next-server/app-page.runtime.prod.js:12:138019)
    at Array.toJSON (/Users/ahmedsalem/Desktop/all my projects/uneom.com/node_modules/next/dist/compiled/next-server/app-page.runtime.prod.js:12:135629)
    at stringify (<anonymous>)
    at eP (/Users/ahmedsalem/Desktop/all my projects/uneom.com/node_modules/next/dist/compiled/next-server/app-page.runtime.prod.js:12:142093)
    at eE (/Users/ahmedsalem/Desktop/all my projects/uneom.com/node_modules/next/dist/compiled/next-server/app-page.runtime.prod.js:12:142572)
    at AsyncLocalStorage.run (node:internal/async_local_storage/async_context_frame:63:14)
    at Timeout._onTimeout (/Users/ahmedsalem/Desktop/all my projects/uneom.com/node_modules/next/dist/compiled/next-server/app-page.runtime.prod.js:12:150373) {
  digest: '3731830276'
}
TypeError: Cannot read properties of undefined (reading 'map')
    at f (/Users/ahmedsalem/Desktop/all my projects/uneom.com/.next/server/app/ar/locations/[city]/[industry]/page.js:1:8960)
    at eh (/Users/ahmedsalem/Desktop/all my projects/uneom.com/node_modules/next/dist/compiled/next-server/app-page.runtime.prod.js:12:134660)
    at e (/Users/ahmedsalem/Desktop/all my projects/uneom.com/node_modules/next/dist/compiled/next-server/app-page.runtime.prod.js:12:137545)
    at ek (/Users/ahmedsalem/Desktop/all my projects/uneom.com/node_modules/next/dist/compiled/next-server/app-page.runtime.prod.js:12:138019)
    at Array.toJSON (/Users/ahmedsalem/Desktop/all my projects/uneom.com/node_modules/next/dist/compiled/next-server/app-page.runtime.prod.js:12:135629)
    at stringify (<anonymous>)
    at eP (/Users/ahmedsalem/Desktop/all my projects/uneom.com/node_modules/next/dist/compiled/next-server/app-page.runtime.prod.js:12:142093)
    at eE (/Users/ahmedsalem/Desktop/all my projects/uneom.com/node_modules/next/dist/compiled/next-server/app-page.runtime.prod.js:12:142572)
    at Timeout._onTimeout (/Users/ahmedsalem/Desktop/all my projects/uneom.com/node_modules/next/dist/compiled/next-server/app-page.runtime.prod.js:12:135349)
    at listOnTimeout (node:internal/timers:605:17) {
  digest: '2101114011'
}

Error occurred prerendering page "/ar/locations/al-ahsa/education". Read more: https://nextjs.org/docs/messages/prerender-error

TypeError: Cannot read properties of undefined (reading 'map')
    at f (/Users/ahmedsalem/Desktop/all my projects/uneom.com/.next/server/app/ar/locations/[city]/[industry]/page.js:1:8960)
    at eh (/Users/ahmedsalem/Desktop/all my projects/uneom.com/node_modules/next/dist/compiled/next-server/app-page.runtime.prod.js:12:134660)
    at e (/Users/ahmedsalem/Desktop/all my projects/uneom.com/node_modules/next/dist/compiled/next-server/app-page.runtime.prod.js:12:137545)
    at ek (/Users/ahmedsalem/Desktop/all my projects/uneom.com/node_modules/next/dist/compiled/next-server/app-page.runtime.prod.js:12:138019)
    at Array.toJSON (/Users/ahmedsalem/Desktop/all my projects/uneom.com/node_modules/next/dist/compiled/next-server/app-page.runtime.prod.js:12:135629)
    at stringify (<anonymous>)
    at eP (/Users/ahmedsalem/Desktop/all my projects/uneom.com/node_modules/next/dist/compiled/next-server/app-page.runtime.prod.js:12:142093)
    at eE (/Users/ahmedsalem/Desktop/all my projects/uneom.com/node_modules/next/dist/compiled/next-server/app-page.runtime.prod.js:12:142572)
    at AsyncLocalStorage.run (node:internal/async_local_storage/async_context_frame:63:14)
    at Timeout._onTimeout (/Users/ahmedsalem/Desktop/all my projects/uneom.com/node_modules/next/dist/compiled/next-server/app-page.runtime.prod.js:12:150373)
TypeError: Cannot read properties of undefined (reading 'map')
    at f (/Users/ahmedsalem/Desktop/all my projects/uneom.com/.next/server/app/ar/locations/[city]/[industry]/page.js:1:8960)
    at eh (/Users/ahmedsalem/Desktop/all my projects/uneom.com/node_modules/next/dist/compiled/next-server/app-page.runtime.prod.js:12:134660)
    at e (/Users/ahmedsalem/Desktop/all my projects/uneom.com/node_modules/next/dist/compiled/next-server/app-page.runtime.prod.js:12:137545)
    at ek (/Users/ahmedsalem/Desktop/all my projects/uneom.com/node_modules/next/dist/compiled/next-server/app-page.runtime.prod.js:12:138019)
    at Array.toJSON (/Users/ahmedsalem/Desktop/all my projects/uneom.com/node_modules/next/dist/compiled/next-server/app-page.runtime.prod.js:12:135629)
    at stringify (<anonymous>)
    at eP (/Users/ahmedsalem/Desktop/all my projects/uneom.com/node_modules/next/dist/compiled/next-server/app-page.runtime.prod.js:12:142093)
    at eE (/Users/ahmedsalem/Desktop/all my projects/uneom.com/node_modules/next/dist/compiled/next-server/app-page.runtime.prod.js:12:142572)
    at AsyncLocalStorage.run (node:internal/async_local_storage/async_context_frame:63:14)
    at Timeout._onTimeout (/Users/ahmedsalem/Desktop/all my projects/uneom.com/node_modules/next/dist/compiled/next-server/app-page.runtime.prod.js:12:150373) {
  digest: '3731830276'
}
TypeError: Cannot read properties of undefined (reading 'map')
    at f (/Users/ahmedsalem/Desktop/all my projects/uneom.com/.next/server/app/ar/locations/[city]/[industry]/page.js:1:8960)
    at eh (/Users/ahmedsalem/Desktop/all my projects/uneom.com/node_modules/next/dist/compiled/next-server/app-page.runtime.prod.js:12:134660)
    at e (/Users/ahmedsalem/Desktop/all my projects/uneom.com/node_modules/next/dist/compiled/next-server/app-page.runtime.prod.js:12:137545)
    at ek (/Users/ahmedsalem/Desktop/all my projects/uneom.com/node_modules/next/dist/compiled/next-server/app-page.runtime.prod.js:12:138019)
    at Array.toJSON (/Users/ahmedsalem/Desktop/all my projects/uneom.com/node_modules/next/dist/compiled/next-server/app-page.runtime.prod.js:12:135629)
    at stringify (<anonymous>)
    at eP (/Users/ahmedsalem/Desktop/all my projects/uneom.com/node_modules/next/dist/compiled/next-server/app-page.runtime.prod.js:12:142093)
    at eE (/Users/ahmedsalem/Desktop/all my projects/uneom.com/node_modules/next/dist/compiled/next-server/app-page.runtime.prod.js:12:142572)
    at Timeout._onTimeout (/Users/ahmedsalem/Desktop/all my projects/uneom.com/node_modules/next/dist/compiled/next-server/app-page.runtime.prod.js:12:135349)
    at listOnTimeout (node:internal/timers:605:17) {
  digest: '2101114011'
}

Error occurred prerendering page "/ar/locations/al-ahsa/aviation". Read more: https://nextjs.org/docs/messages/prerender-error

TypeError: Cannot read properties of undefined (reading 'map')
    at f (/Users/ahmedsalem/Desktop/all my projects/uneom.com/.next/server/app/ar/locations/[city]/[industry]/page.js:1:8960)
    at eh (/Users/ahmedsalem/Desktop/all my projects/uneom.com/node_modules/next/dist/compiled/next-server/app-page.runtime.prod.js:12:134660)
    at e (/Users/ahmedsalem/Desktop/all my projects/uneom.com/node_modules/next/dist/compiled/next-server/app-page.runtime.prod.js:12:137545)
    at ek (/Users/ahmedsalem/Desktop/all my projects/uneom.com/node_modules/next/dist/compiled/next-server/app-page.runtime.prod.js:12:138019)
    at Array.toJSON (/Users/ahmedsalem/Desktop/all my projects/uneom.com/node_modules/next/dist/compiled/next-server/app-page.runtime.prod.js:12:135629)
    at stringify (<anonymous>)
    at eP (/Users/ahmedsalem/Desktop/all my projects/uneom.com/node_modules/next/dist/compiled/next-server/app-page.runtime.prod.js:12:142093)
    at eE (/Users/ahmedsalem/Desktop/all my projects/uneom.com/node_modules/next/dist/compiled/next-server/app-page.runtime.prod.js:12:142572)
    at AsyncLocalStorage.run (node:internal/async_local_storage/async_context_frame:63:14)
    at Timeout._onTimeout (/Users/ahmedsalem/Desktop/all my projects/uneom.com/node_modules/next/dist/compiled/next-server/app-page.runtime.prod.js:12:150373)

Error occurred prerendering page "/ar/locations/al-ahsa/corporate". Read more: https://nextjs.org/docs/messages/prerender-error

TypeError: Cannot read properties of undefined (reading 'map')
    at f (/Users/ahmedsalem/Desktop/all my projects/uneom.com/.next/server/app/ar/locations/[city]/[industry]/page.js:1:8960)
    at eh (/Users/ahmedsalem/Desktop/all my projects/uneom.com/node_modules/next/dist/compiled/next-server/app-page.runtime.prod.js:12:134660)
    at e (/Users/ahmedsalem/Desktop/all my projects/uneom.com/node_modules/next/dist/compiled/next-server/app-page.runtime.prod.js:12:137545)
    at ek (/Users/ahmedsalem/Desktop/all my projects/uneom.com/node_modules/next/dist/compiled/next-server/app-page.runtime.prod.js:12:138019)
    at Array.toJSON (/Users/ahmedsalem/Desktop/all my projects/uneom.com/node_modules/next/dist/compiled/next-server/app-page.runtime.prod.js:12:135629)
    at stringify (<anonymous>)
    at eP (/Users/ahmedsalem/Desktop/all my projects/uneom.com/node_modules/next/dist/compiled/next-server/app-page.runtime.prod.js:12:142093)
    at eE (/Users/ahmedsalem/Desktop/all my projects/uneom.com/node_modules/next/dist/compiled/next-server/app-page.runtime.prod.js:12:142572)
    at AsyncLocalStorage.run (node:internal/async_local_storage/async_context_frame:63:14)
    at Timeout._onTimeout (/Users/ahmedsalem/Desktop/all my projects/uneom.com/node_modules/next/dist/compiled/next-server/app-page.runtime.prod.js:12:150373)
TypeError: Cannot read properties of undefined (reading 'map')
    at f (/Users/ahmedsalem/Desktop/all my projects/uneom.com/.next/server/app/ar/locations/[city]/[industry]/page.js:1:8960)
    at eh (/Users/ahmedsalem/Desktop/all my projects/uneom.com/node_modules/next/dist/compiled/next-server/app-page.runtime.prod.js:12:134660)
    at e (/Users/ahmedsalem/Desktop/all my projects/uneom.com/node_modules/next/dist/compiled/next-server/app-page.runtime.prod.js:12:137545)
    at ek (/Users/ahmedsalem/Desktop/all my projects/uneom.com/node_modules/next/dist/compiled/next-server/app-page.runtime.prod.js:12:138019)
    at Array.toJSON (/Users/ahmedsalem/Desktop/all my projects/uneom.com/node_modules/next/dist/compiled/next-server/app-page.runtime.prod.js:12:135629)
    at stringify (<anonymous>)
    at eP (/Users/ahmedsalem/Desktop/all my projects/uneom.com/node_modules/next/dist/compiled/next-server/app-page.runtime.prod.js:12:142093)
    at eE (/Users/ahmedsalem/Desktop/all my projects/uneom.com/node_modules/next/dist/compiled/next-server/app-page.runtime.prod.js:12:142572)
    at AsyncLocalStorage.run (node:internal/async_local_storage/async_context_frame:63:14)
    at Timeout._onTimeout (/Users/ahmedsalem/Desktop/all my projects/uneom.com/node_modules/next/dist/compiled/next-server/app-page.runtime.prod.js:12:150373) {
  digest: '3731830276'
}
TypeError: Cannot read properties of undefined (reading 'map')
    at f (/Users/ahmedsalem/Desktop/all my projects/uneom.com/.next/server/app/ar/locations/[city]/[industry]/page.js:1:8960)
    at eh (/Users/ahmedsalem/Desktop/all my projects/uneom.com/node_modules/next/dist/compiled/next-server/app-page.runtime.prod.js:12:134660)
    at e (/Users/ahmedsalem/Desktop/all my projects/uneom.com/node_modules/next/dist/compiled/next-server/app-page.runtime.prod.js:12:137545)
    at ek (/Users/ahmedsalem/Desktop/all my projects/uneom.com/node_modules/next/dist/compiled/next-server/app-page.runtime.prod.js:12:138019)
    at Array.toJSON (/Users/ahmedsalem/Desktop/all my projects/uneom.com/node_modules/next/dist/compiled/next-server/app-page.runtime.prod.js:12:135629)
    at stringify (<anonymous>)
    at eP (/Users/ahmedsalem/Desktop/all my projects/uneom.com/node_modules/next/dist/compiled/next-server/app-page.runtime.prod.js:12:142093)
    at eE (/Users/ahmedsalem/Desktop/all my projects/uneom.com/node_modules/next/dist/compiled/next-server/app-page.runtime.prod.js:12:142572)
    at Timeout._onTimeout (/Users/ahmedsalem/Desktop/all my projects/uneom.com/node_modules/next/dist/compiled/next-server/app-page.runtime.prod.js:12:135349)
    at listOnTimeout (node:internal/timers:605:17) {
  digest: '2101114011'
}

Error occurred prerendering page "/ar/locations/al-ahsa/security". Read more: https://nextjs.org/docs/messages/prerender-error

TypeError: Cannot read properties of undefined (reading 'map')
    at f (/Users/ahmedsalem/Desktop/all my projects/uneom.com/.next/server/app/ar/locations/[city]/[industry]/page.js:1:8960)
    at eh (/Users/ahmedsalem/Desktop/all my projects/uneom.com/node_modules/next/dist/compiled/next-server/app-page.runtime.prod.js:12:134660)
    at e (/Users/ahmedsalem/Desktop/all my projects/uneom.com/node_modules/next/dist/compiled/next-server/app-page.runtime.prod.js:12:137545)
    at ek (/Users/ahmedsalem/Desktop/all my projects/uneom.com/node_modules/next/dist/compiled/next-server/app-page.runtime.prod.js:12:138019)
    at Array.toJSON (/Users/ahmedsalem/Desktop/all my projects/uneom.com/node_modules/next/dist/compiled/next-server/app-page.runtime.prod.js:12:135629)
    at stringify (<anonymous>)
    at eP (/Users/ahmedsalem/Desktop/all my projects/uneom.com/node_modules/next/dist/compiled/next-server/app-page.runtime.prod.js:12:142093)
    at eE (/Users/ahmedsalem/Desktop/all my projects/uneom.com/node_modules/next/dist/compiled/next-server/app-page.runtime.prod.js:12:142572)
    at AsyncLocalStorage.run (node:internal/async_local_storage/async_context_frame:63:14)
    at Timeout._onTimeout (/Users/ahmedsalem/Desktop/all my projects/uneom.com/node_modules/next/dist/compiled/next-server/app-page.runtime.prod.js:12:150373)
TypeError: Cannot read properties of undefined (reading 'map')
    at f (/Users/ahmedsalem/Desktop/all my projects/uneom.com/.next/server/app/ar/locations/[city]/[industry]/page.js:1:8960)
    at eh (/Users/ahmedsalem/Desktop/all my projects/uneom.com/node_modules/next/dist/compiled/next-server/app-page.runtime.prod.js:12:134660)
    at e (/Users/ahmedsalem/Desktop/all my projects/uneom.com/node_modules/next/dist/compiled/next-server/app-page.runtime.prod.js:12:137545)
    at ek (/Users/ahmedsalem/Desktop/all my projects/uneom.com/node_modules/next/dist/compiled/next-server/app-page.runtime.prod.js:12:138019)
    at Array.toJSON (/Users/ahmedsalem/Desktop/all my projects/uneom.com/node_modules/next/dist/compiled/next-server/app-page.runtime.prod.js:12:135629)
    at stringify (<anonymous>)
    at eP (/Users/ahmedsalem/Desktop/all my projects/uneom.com/node_modules/next/dist/compiled/next-server/app-page.runtime.prod.js:12:142093)
    at eE (/Users/ahmedsalem/Desktop/all my projects/uneom.com/node_modules/next/dist/compiled/next-server/app-page.runtime.prod.js:12:142572)
    at AsyncLocalStorage.run (node:internal/async_local_storage/async_context_frame:63:14)
    at Timeout._onTimeout (/Users/ahmedsalem/Desktop/all my projects/uneom.com/node_modules/next/dist/compiled/next-server/app-page.runtime.prod.js:12:150373) {
  digest: '3731830276'
}
TypeError: Cannot read properties of undefined (reading 'map')
    at f (/Users/ahmedsalem/Desktop/all my projects/uneom.com/.next/server/app/ar/locations/[city]/[industry]/page.js:1:8960)
    at eh (/Users/ahmedsalem/Desktop/all my projects/uneom.com/node_modules/next/dist/compiled/next-server/app-page.runtime.prod.js:12:134660)
    at e (/Users/ahmedsalem/Desktop/all my projects/uneom.com/node_modules/next/dist/compiled/next-server/app-page.runtime.prod.js:12:137545)
    at ek (/Users/ahmedsalem/Desktop/all my projects/uneom.com/node_modules/next/dist/compiled/next-server/app-page.runtime.prod.js:12:138019)
    at Array.toJSON (/Users/ahmedsalem/Desktop/all my projects/uneom.com/node_modules/next/dist/compiled/next-server/app-page.runtime.prod.js:12:135629)
    at stringify (<anonymous>)
    at eP (/Users/ahmedsalem/Desktop/all my projects/uneom.com/node_modules/next/dist/compiled/next-server/app-page.runtime.prod.js:12:142093)
    at eE (/Users/ahmedsalem/Desktop/all my projects/uneom.com/node_modules/next/dist/compiled/next-server/app-page.runtime.prod.js:12:142572)
    at AsyncLocalStorage.run (node:internal/async_local_storage/async_context_frame:63:14)
    at Timeout._onTimeout (/Users/ahmedsalem/Desktop/all my projects/uneom.com/node_modules/next/dist/compiled/next-server/app-page.runtime.prod.js:12:150373) {
  digest: '3731830276'
}
TypeError: Cannot read properties of undefined (reading 'map')
    at f (/Users/ahmedsalem/Desktop/all my projects/uneom.com/.next/server/app/ar/locations/[city]/[industry]/page.js:1:8960)
    at eh (/Users/ahmedsalem/Desktop/all my projects/uneom.com/node_modules/next/dist/compiled/next-server/app-page.runtime.prod.js:12:134660)
    at e (/Users/ahmedsalem/Desktop/all my projects/uneom.com/node_modules/next/dist/compiled/next-server/app-page.runtime.prod.js:12:137545)
    at ek (/Users/ahmedsalem/Desktop/all my projects/uneom.com/node_modules/next/dist/compiled/next-server/app-page.runtime.prod.js:12:138019)
    at Array.toJSON (/Users/ahmedsalem/Desktop/all my projects/uneom.com/node_modules/next/dist/compiled/next-server/app-page.runtime.prod.js:12:135629)
    at stringify (<anonymous>)
    at eP (/Users/ahmedsalem/Desktop/all my projects/uneom.com/node_modules/next/dist/compiled/next-server/app-page.runtime.prod.js:12:142093)
    at eE (/Users/ahmedsalem/Desktop/all my projects/uneom.com/node_modules/next/dist/compiled/next-server/app-page.runtime.prod.js:12:142572)
    at Timeout._onTimeout (/Users/ahmedsalem/Desktop/all my projects/uneom.com/node_modules/next/dist/compiled/next-server/app-page.runtime.prod.js:12:135349)
    at listOnTimeout (node:internal/timers:605:17) {
  digest: '2101114011'
}
TypeError: Cannot read properties of undefined (reading 'map')
    at f (/Users/ahmedsalem/Desktop/all my projects/uneom.com/.next/server/app/ar/locations/[city]/[industry]/page.js:1:8960)
    at eh (/Users/ahmedsalem/Desktop/all my projects/uneom.com/node_modules/next/dist/compiled/next-server/app-page.runtime.prod.js:12:134660)
    at e (/Users/ahmedsalem/Desktop/all my projects/uneom.com/node_modules/next/dist/compiled/next-server/app-page.runtime.prod.js:12:137545)
    at ek (/Users/ahmedsalem/Desktop/all my projects/uneom.com/node_modules/next/dist/compiled/next-server/app-page.runtime.prod.js:12:138019)
    at Array.toJSON (/Users/ahmedsalem/Desktop/all my projects/uneom.com/node_modules/next/dist/compiled/next-server/app-page.runtime.prod.js:12:135629)
    at stringify (<anonymous>)
    at eP (/Users/ahmedsalem/Desktop/all my projects/uneom.com/node_modules/next/dist/compiled/next-server/app-page.runtime.prod.js:12:142093)
    at eE (/Users/ahmedsalem/Desktop/all my projects/uneom.com/node_modules/next/dist/compiled/next-server/app-page.runtime.prod.js:12:142572)
    at AsyncLocalStorage.run (node:internal/async_local_storage/async_context_frame:63:14)
    at Timeout._onTimeout (/Users/ahmedsalem/Desktop/all my projects/uneom.com/node_modules/next/dist/compiled/next-server/app-page.runtime.prod.js:12:150373) {
  digest: '3731830276'
}
TypeError: Cannot read properties of undefined (reading 'map')
    at f (/Users/ahmedsalem/Desktop/all my projects/uneom.com/.next/server/app/ar/locations/[city]/[industry]/page.js:1:8960)
    at eh (/Users/ahmedsalem/Desktop/all my projects/uneom.com/node_modules/next/dist/compiled/next-server/app-page.runtime.prod.js:12:134660)
    at e (/Users/ahmedsalem/Desktop/all my projects/uneom.com/node_modules/next/dist/compiled/next-server/app-page.runtime.prod.js:12:137545)
    at ek (/Users/ahmedsalem/Desktop/all my projects/uneom.com/node_modules/next/dist/compiled/next-server/app-page.runtime.prod.js:12:138019)
    at Array.toJSON (/Users/ahmedsalem/Desktop/all my projects/uneom.com/node_modules/next/dist/compiled/next-server/app-page.runtime.prod.js:12:135629)
    at stringify (<anonymous>)
    at eP (/Users/ahmedsalem/Desktop/all my projects/uneom.com/node_modules/next/dist/compiled/next-server/app-page.runtime.prod.js:12:142093)
    at eE (/Users/ahmedsalem/Desktop/all my projects/uneom.com/node_modules/next/dist/compiled/next-server/app-page.runtime.prod.js:12:142572)
    at Timeout._onTimeout (/Users/ahmedsalem/Desktop/all my projects/uneom.com/node_modules/next/dist/compiled/next-server/app-page.runtime.prod.js:12:135349)
    at listOnTimeout (node:internal/timers:605:17) {
  digest: '2101114011'
}

Error occurred prerendering page "/ar/locations/al-ahsa/factory-industry". Read more: https://nextjs.org/docs/messages/prerender-error

TypeError: Cannot read properties of undefined (reading 'map')
    at f (/Users/ahmedsalem/Desktop/all my projects/uneom.com/.next/server/app/ar/locations/[city]/[industry]/page.js:1:8960)
    at eh (/Users/ahmedsalem/Desktop/all my projects/uneom.com/node_modules/next/dist/compiled/next-server/app-page.runtime.prod.js:12:134660)
    at e (/Users/ahmedsalem/Desktop/all my projects/uneom.com/node_modules/next/dist/compiled/next-server/app-page.runtime.prod.js:12:137545)
    at ek (/Users/ahmedsalem/Desktop/all my projects/uneom.com/node_modules/next/dist/compiled/next-server/app-page.runtime.prod.js:12:138019)
    at Array.toJSON (/Users/ahmedsalem/Desktop/all my projects/uneom.com/node_modules/next/dist/compiled/next-server/app-page.runtime.prod.js:12:135629)
    at stringify (<anonymous>)
    at eP (/Users/ahmedsalem/Desktop/all my projects/uneom.com/node_modules/next/dist/compiled/next-server/app-page.runtime.prod.js:12:142093)
    at eE (/Users/ahmedsalem/Desktop/all my projects/uneom.com/node_modules/next/dist/compiled/next-server/app-page.runtime.prod.js:12:142572)
    at AsyncLocalStorage.run (node:internal/async_local_storage/async_context_frame:63:14)
    at Timeout._onTimeout (/Users/ahmedsalem/Desktop/all my projects/uneom.com/node_modules/next/dist/compiled/next-server/app-page.runtime.prod.js:12:150373)
TypeError: Cannot read properties of undefined (reading 'map')
    at f (/Users/ahmedsalem/Desktop/all my projects/uneom.com/.next/server/app/ar/locations/[city]/[industry]/page.js:1:8960)
    at eh (/Users/ahmedsalem/Desktop/all my projects/uneom.com/node_modules/next/dist/compiled/next-server/app-page.runtime.prod.js:12:134660)
    at e (/Users/ahmedsalem/Desktop/all my projects/uneom.com/node_modules/next/dist/compiled/next-server/app-page.runtime.prod.js:12:137545)
    at ek (/Users/ahmedsalem/Desktop/all my projects/uneom.com/node_modules/next/dist/compiled/next-server/app-page.runtime.prod.js:12:138019)
    at Array.toJSON (/Users/ahmedsalem/Desktop/all my projects/uneom.com/node_modules/next/dist/compiled/next-server/app-page.runtime.prod.js:12:135629)
    at stringify (<anonymous>)
    at eP (/Users/ahmedsalem/Desktop/all my projects/uneom.com/node_modules/next/dist/compiled/next-server/app-page.runtime.prod.js:12:142093)
    at eE (/Users/ahmedsalem/Desktop/all my projects/uneom.com/node_modules/next/dist/compiled/next-server/app-page.runtime.prod.js:12:142572)
    at AsyncLocalStorage.run (node:internal/async_local_storage/async_context_frame:63:14)
    at Timeout._onTimeout (/Users/ahmedsalem/Desktop/all my projects/uneom.com/node_modules/next/dist/compiled/next-server/app-page.runtime.prod.js:12:150373) {
  digest: '3731830276'
}
TypeError: Cannot read properties of undefined (reading 'map')
    at f (/Users/ahmedsalem/Desktop/all my projects/uneom.com/.next/server/app/ar/locations/[city]/[industry]/page.js:1:8960)
    at eh (/Users/ahmedsalem/Desktop/all my projects/uneom.com/node_modules/next/dist/compiled/next-server/app-page.runtime.prod.js:12:134660)
    at e (/Users/ahmedsalem/Desktop/all my projects/uneom.com/node_modules/next/dist/compiled/next-server/app-page.runtime.prod.js:12:137545)
    at ek (/Users/ahmedsalem/Desktop/all my projects/uneom.com/node_modules/next/dist/compiled/next-server/app-page.runtime.prod.js:12:138019)
    at Array.toJSON (/Users/ahmedsalem/Desktop/all my projects/uneom.com/node_modules/next/dist/compiled/next-server/app-page.runtime.prod.js:12:135629)
    at stringify (<anonymous>)
    at eP (/Users/ahmedsalem/Desktop/all my projects/uneom.com/node_modules/next/dist/compiled/next-server/app-page.runtime.prod.js:12:142093)
    at eE (/Users/ahmedsalem/Desktop/all my projects/uneom.com/node_modules/next/dist/compiled/next-server/app-page.runtime.prod.js:12:142572)
    at Timeout._onTimeout (/Users/ahmedsalem/Desktop/all my projects/uneom.com/node_modules/next/dist/compiled/next-server/app-page.runtime.prod.js:12:135349)
    at listOnTimeout (node:internal/timers:605:17) {
  digest: '2101114011'
}
TypeError: Cannot read properties of undefined (reading 'map')
    at f (/Users/ahmedsalem/Desktop/all my projects/uneom.com/.next/server/app/ar/locations/[city]/[industry]/page.js:1:8960)
    at eh (/Users/ahmedsalem/Desktop/all my projects/uneom.com/node_modules/next/dist/compiled/next-server/app-page.runtime.prod.js:12:134660)
    at e (/Users/ahmedsalem/Desktop/all my projects/uneom.com/node_modules/next/dist/compiled/next-server/app-page.runtime.prod.js:12:137545)
    at ek (/Users/ahmedsalem/Desktop/all my projects/uneom.com/node_modules/next/dist/compiled/next-server/app-page.runtime.prod.js:12:138019)
    at Array.toJSON (/Users/ahmedsalem/Desktop/all my projects/uneom.com/node_modules/next/dist/compiled/next-server/app-page.runtime.prod.js:12:135629)
    at stringify (<anonymous>)
    at eP (/Users/ahmedsalem/Desktop/all my projects/uneom.com/node_modules/next/dist/compiled/next-server/app-page.runtime.prod.js:12:142093)
    at eE (/Users/ahmedsalem/Desktop/all my projects/uneom.com/node_modules/next/dist/compiled/next-server/app-page.runtime.prod.js:12:142572)
    at AsyncLocalStorage.run (node:internal/async_local_storage/async_context_frame:63:14)
    at Timeout._onTimeout (/Users/ahmedsalem/Desktop/all my projects/uneom.com/node_modules/next/dist/compiled/next-server/app-page.runtime.prod.js:12:150373) {
  digest: '3731830276'
}
TypeError: Cannot read properties of undefined (reading 'map')
    at f (/Users/ahmedsalem/Desktop/all my projects/uneom.com/.next/server/app/ar/locations/[city]/[industry]/page.js:1:8960)
    at eh (/Users/ahmedsalem/Desktop/all my projects/uneom.com/node_modules/next/dist/compiled/next-server/app-page.runtime.prod.js:12:134660)
    at e (/Users/ahmedsalem/Desktop/all my projects/uneom.com/node_modules/next/dist/compiled/next-server/app-page.runtime.prod.js:12:137545)
    at ek (/Users/ahmedsalem/Desktop/all my projects/uneom.com/node_modules/next/dist/compiled/next-server/app-page.runtime.prod.js:12:138019)
    at Array.toJSON (/Users/ahmedsalem/Desktop/all my projects/uneom.com/node_modules/next/dist/compiled/next-server/app-page.runtime.prod.js:12:135629)
    at stringify (<anonymous>)
    at eP (/Users/ahmedsalem/Desktop/all my projects/uneom.com/node_modules/next/dist/compiled/next-server/app-page.runtime.prod.js:12:142093)
    at eE (/Users/ahmedsalem/Desktop/all my projects/uneom.com/node_modules/next/dist/compiled/next-server/app-page.runtime.prod.js:12:142572)
    at Timeout._onTimeout (/Users/ahmedsalem/Desktop/all my projects/uneom.com/node_modules/next/dist/compiled/next-server/app-page.runtime.prod.js:12:135349)
    at listOnTimeout (node:internal/timers:605:17) {
  digest: '2101114011'
}
TypeError: Cannot read properties of undefined (reading 'map')
    at f (/Users/ahmedsalem/Desktop/all my projects/uneom.com/.next/server/app/ar/locations/[city]/[industry]/page.js:1:8960)
    at eh (/Users/ahmedsalem/Desktop/all my projects/uneom.com/node_modules/next/dist/compiled/next-server/app-page.runtime.prod.js:12:134660)
    at e (/Users/ahmedsalem/Desktop/all my projects/uneom.com/node_modules/next/dist/compiled/next-server/app-page.runtime.prod.js:12:137545)
    at ek (/Users/ahmedsalem/Desktop/all my projects/uneom.com/node_modules/next/dist/compiled/next-server/app-page.runtime.prod.js:12:138019)
    at Array.toJSON (/Users/ahmedsalem/Desktop/all my projects/uneom.com/node_modules/next/dist/compiled/next-server/app-page.runtime.prod.js:12:135629)
    at stringify (<anonymous>)
    at eP (/Users/ahmedsalem/Desktop/all my projects/uneom.com/node_modules/next/dist/compiled/next-server/app-page.runtime.prod.js:12:142093)
    at eE (/Users/ahmedsalem/Desktop/all my projects/uneom.com/node_modules/next/dist/compiled/next-server/app-page.runtime.prod.js:12:142572)
    at Timeout._onTimeout (/Users/ahmedsalem/Desktop/all my projects/uneom.com/node_modules/next/dist/compiled/next-server/app-page.runtime.prod.js:12:135349)
    at listOnTimeout (node:internal/timers:605:17) {
  digest: '2101114011'
}
TypeError: Cannot read properties of undefined (reading 'map')
    at f (/Users/ahmedsalem/Desktop/all my projects/uneom.com/.next/server/app/ar/locations/[city]/[industry]/page.js:1:8960)
    at eh (/Users/ahmedsalem/Desktop/all my projects/uneom.com/node_modules/next/dist/compiled/next-server/app-page.runtime.prod.js:12:134660)
    at e (/Users/ahmedsalem/Desktop/all my projects/uneom.com/node_modules/next/dist/compiled/next-server/app-page.runtime.prod.js:12:137545)
    at ek (/Users/ahmedsalem/Desktop/all my projects/uneom.com/node_modules/next/dist/compiled/next-server/app-page.runtime.prod.js:12:138019)
    at Array.toJSON (/Users/ahmedsalem/Desktop/all my projects/uneom.com/node_modules/next/dist/compiled/next-server/app-page.runtime.prod.js:12:135629)
    at stringify (<anonymous>)
    at eP (/Users/ahmedsalem/Desktop/all my projects/uneom.com/node_modules/next/dist/compiled/next-server/app-page.runtime.prod.js:12:142093)
    at eE (/Users/ahmedsalem/Desktop/all my projects/uneom.com/node_modules/next/dist/compiled/next-server/app-page.runtime.prod.js:12:142572)
    at AsyncLocalStorage.run (node:internal/async_local_storage/async_context_frame:63:14)
    at Timeout._onTimeout (/Users/ahmedsalem/Desktop/all my projects/uneom.com/node_modules/next/dist/compiled/next-server/app-page.runtime.prod.js:12:150373) {
  digest: '3731830276'
}
TypeError: Cannot read properties of undefined (reading 'map')
    at f (/Users/ahmedsalem/Desktop/all my projects/uneom.com/.next/server/app/ar/locations/[city]/[industry]/page.js:1:8960)
    at eh (/Users/ahmedsalem/Desktop/all my projects/uneom.com/node_modules/next/dist/compiled/next-server/app-page.runtime.prod.js:12:134660)
    at e (/Users/ahmedsalem/Desktop/all my projects/uneom.com/node_modules/next/dist/compiled/next-server/app-page.runtime.prod.js:12:137545)
    at ek (/Users/ahmedsalem/Desktop/all my projects/uneom.com/node_modules/next/dist/compiled/next-server/app-page.runtime.prod.js:12:138019)
    at Array.toJSON (/Users/ahmedsalem/Desktop/all my projects/uneom.com/node_modules/next/dist/compiled/next-server/app-page.runtime.prod.js:12:135629)
    at stringify (<anonymous>)
    at eP (/Users/ahmedsalem/Desktop/all my projects/uneom.com/node_modules/next/dist/compiled/next-server/app-page.runtime.prod.js:12:142093)
    at eE (/Users/ahmedsalem/Desktop/all my projects/uneom.com/node_modules/next/dist/compiled/next-server/app-page.runtime.prod.js:12:142572)
    at Timeout._onTimeout (/Users/ahmedsalem/Desktop/all my projects/uneom.com/node_modules/next/dist/compiled/next-server/app-page.runtime.prod.js:12:135349)
    at listOnTimeout (node:internal/timers:605:17) {
  digest: '2101114011'
}

Error occurred prerendering page "/ar/locations/khamis-mushait/aviation". Read more: https://nextjs.org/docs/messages/prerender-error

TypeError: Cannot read properties of undefined (reading 'map')
    at f (/Users/ahmedsalem/Desktop/all my projects/uneom.com/.next/server/app/ar/locations/[city]/[industry]/page.js:1:8960)
    at eh (/Users/ahmedsalem/Desktop/all my projects/uneom.com/node_modules/next/dist/compiled/next-server/app-page.runtime.prod.js:12:134660)
    at e (/Users/ahmedsalem/Desktop/all my projects/uneom.com/node_modules/next/dist/compiled/next-server/app-page.runtime.prod.js:12:137545)
    at ek (/Users/ahmedsalem/Desktop/all my projects/uneom.com/node_modules/next/dist/compiled/next-server/app-page.runtime.prod.js:12:138019)
    at Array.toJSON (/Users/ahmedsalem/Desktop/all my projects/uneom.com/node_modules/next/dist/compiled/next-server/app-page.runtime.prod.js:12:135629)
    at stringify (<anonymous>)
    at eP (/Users/ahmedsalem/Desktop/all my projects/uneom.com/node_modules/next/dist/compiled/next-server/app-page.runtime.prod.js:12:142093)
    at eE (/Users/ahmedsalem/Desktop/all my projects/uneom.com/node_modules/next/dist/compiled/next-server/app-page.runtime.prod.js:12:142572)
    at AsyncLocalStorage.run (node:internal/async_local_storage/async_context_frame:63:14)
    at Timeout._onTimeout (/Users/ahmedsalem/Desktop/all my projects/uneom.com/node_modules/next/dist/compiled/next-server/app-page.runtime.prod.js:12:150373)

Error occurred prerendering page "/ar/locations/khamis-mushait/healthcare". Read more: https://nextjs.org/docs/messages/prerender-error

TypeError: Cannot read properties of undefined (reading 'map')
    at f (/Users/ahmedsalem/Desktop/all my projects/uneom.com/.next/server/app/ar/locations/[city]/[industry]/page.js:1:8960)
    at eh (/Users/ahmedsalem/Desktop/all my projects/uneom.com/node_modules/next/dist/compiled/next-server/app-page.runtime.prod.js:12:134660)
    at e (/Users/ahmedsalem/Desktop/all my projects/uneom.com/node_modules/next/dist/compiled/next-server/app-page.runtime.prod.js:12:137545)
    at ek (/Users/ahmedsalem/Desktop/all my projects/uneom.com/node_modules/next/dist/compiled/next-server/app-page.runtime.prod.js:12:138019)
    at Array.toJSON (/Users/ahmedsalem/Desktop/all my projects/uneom.com/node_modules/next/dist/compiled/next-server/app-page.runtime.prod.js:12:135629)
    at stringify (<anonymous>)
    at eP (/Users/ahmedsalem/Desktop/all my projects/uneom.com/node_modules/next/dist/compiled/next-server/app-page.runtime.prod.js:12:142093)
    at eE (/Users/ahmedsalem/Desktop/all my projects/uneom.com/node_modules/next/dist/compiled/next-server/app-page.runtime.prod.js:12:142572)
    at AsyncLocalStorage.run (node:internal/async_local_storage/async_context_frame:63:14)
    at Timeout._onTimeout (/Users/ahmedsalem/Desktop/all my projects/uneom.com/node_modules/next/dist/compiled/next-server/app-page.runtime.prod.js:12:150373)

Error occurred prerendering page "/ar/locations/al-ahsa/supply-manufacturing". Read more: https://nextjs.org/docs/messages/prerender-error

TypeError: Cannot read properties of undefined (reading 'map')
    at f (/Users/ahmedsalem/Desktop/all my projects/uneom.com/.next/server/app/ar/locations/[city]/[industry]/page.js:1:8960)
    at eh (/Users/ahmedsalem/Desktop/all my projects/uneom.com/node_modules/next/dist/compiled/next-server/app-page.runtime.prod.js:12:134660)
    at e (/Users/ahmedsalem/Desktop/all my projects/uneom.com/node_modules/next/dist/compiled/next-server/app-page.runtime.prod.js:12:137545)
    at ek (/Users/ahmedsalem/Desktop/all my projects/uneom.com/node_modules/next/dist/compiled/next-server/app-page.runtime.prod.js:12:138019)
    at Array.toJSON (/Users/ahmedsalem/Desktop/all my projects/uneom.com/node_modules/next/dist/compiled/next-server/app-page.runtime.prod.js:12:135629)
    at stringify (<anonymous>)
    at eP (/Users/ahmedsalem/Desktop/all my projects/uneom.com/node_modules/next/dist/compiled/next-server/app-page.runtime.prod.js:12:142093)
    at eE (/Users/ahmedsalem/Desktop/all my projects/uneom.com/node_modules/next/dist/compiled/next-server/app-page.runtime.prod.js:12:142572)
    at AsyncLocalStorage.run (node:internal/async_local_storage/async_context_frame:63:14)
    at Timeout._onTimeout (/Users/ahmedsalem/Desktop/all my projects/uneom.com/node_modules/next/dist/compiled/next-server/app-page.runtime.prod.js:12:150373)
TypeError: Cannot read properties of undefined (reading 'map')
    at f (/Users/ahmedsalem/Desktop/all my projects/uneom.com/.next/server/app/ar/locations/[city]/[industry]/page.js:1:8960)
    at eh (/Users/ahmedsalem/Desktop/all my projects/uneom.com/node_modules/next/dist/compiled/next-server/app-page.runtime.prod.js:12:134660)
    at e (/Users/ahmedsalem/Desktop/all my projects/uneom.com/node_modules/next/dist/compiled/next-server/app-page.runtime.prod.js:12:137545)
    at ek (/Users/ahmedsalem/Desktop/all my projects/uneom.com/node_modules/next/dist/compiled/next-server/app-page.runtime.prod.js:12:138019)
    at Array.toJSON (/Users/ahmedsalem/Desktop/all my projects/uneom.com/node_modules/next/dist/compiled/next-server/app-page.runtime.prod.js:12:135629)
    at stringify (<anonymous>)
    at eP (/Users/ahmedsalem/Desktop/all my projects/uneom.com/node_modules/next/dist/compiled/next-server/app-page.runtime.prod.js:12:142093)
    at eE (/Users/ahmedsalem/Desktop/all my projects/uneom.com/node_modules/next/dist/compiled/next-server/app-page.runtime.prod.js:12:142572)
    at AsyncLocalStorage.run (node:internal/async_local_storage/async_context_frame:63:14)
    at Timeout._onTimeout (/Users/ahmedsalem/Desktop/all my projects/uneom.com/node_modules/next/dist/compiled/next-server/app-page.runtime.prod.js:12:150373) {
  digest: '3731830276'
}
TypeError: Cannot read properties of undefined (reading 'map')
    at f (/Users/ahmedsalem/Desktop/all my projects/uneom.com/.next/server/app/ar/locations/[city]/[industry]/page.js:1:8960)
    at eh (/Users/ahmedsalem/Desktop/all my projects/uneom.com/node_modules/next/dist/compiled/next-server/app-page.runtime.prod.js:12:134660)
    at e (/Users/ahmedsalem/Desktop/all my projects/uneom.com/node_modules/next/dist/compiled/next-server/app-page.runtime.prod.js:12:137545)
    at ek (/Users/ahmedsalem/Desktop/all my projects/uneom.com/node_modules/next/dist/compiled/next-server/app-page.runtime.prod.js:12:138019)
    at Array.toJSON (/Users/ahmedsalem/Desktop/all my projects/uneom.com/node_modules/next/dist/compiled/next-server/app-page.runtime.prod.js:12:135629)
    at stringify (<anonymous>)
    at eP (/Users/ahmedsalem/Desktop/all my projects/uneom.com/node_modules/next/dist/compiled/next-server/app-page.runtime.prod.js:12:142093)
    at eE (/Users/ahmedsalem/Desktop/all my projects/uneom.com/node_modules/next/dist/compiled/next-server/app-page.runtime.prod.js:12:142572)
    at Timeout._onTimeout (/Users/ahmedsalem/Desktop/all my projects/uneom.com/node_modules/next/dist/compiled/next-server/app-page.runtime.prod.js:12:135349)
    at listOnTimeout (node:internal/timers:605:17) {
  digest: '2101114011'
}

Error occurred prerendering page "/ar/locations/khamis-mushait/education". Read more: https://nextjs.org/docs/messages/prerender-error

TypeError: Cannot read properties of undefined (reading 'map')
    at f (/Users/ahmedsalem/Desktop/all my projects/uneom.com/.next/server/app/ar/locations/[city]/[industry]/page.js:1:8960)
    at eh (/Users/ahmedsalem/Desktop/all my projects/uneom.com/node_modules/next/dist/compiled/next-server/app-page.runtime.prod.js:12:134660)
    at e (/Users/ahmedsalem/Desktop/all my projects/uneom.com/node_modules/next/dist/compiled/next-server/app-page.runtime.prod.js:12:137545)
    at ek (/Users/ahmedsalem/Desktop/all my projects/uneom.com/node_modules/next/dist/compiled/next-server/app-page.runtime.prod.js:12:138019)
    at Array.toJSON (/Users/ahmedsalem/Desktop/all my projects/uneom.com/node_modules/next/dist/compiled/next-server/app-page.runtime.prod.js:12:135629)
    at stringify (<anonymous>)
    at eP (/Users/ahmedsalem/Desktop/all my projects/uneom.com/node_modules/next/dist/compiled/next-server/app-page.runtime.prod.js:12:142093)
    at eE (/Users/ahmedsalem/Desktop/all my projects/uneom.com/node_modules/next/dist/compiled/next-server/app-page.runtime.prod.js:12:142572)
    at AsyncLocalStorage.run (node:internal/async_local_storage/async_context_frame:63:14)
    at Timeout._onTimeout (/Users/ahmedsalem/Desktop/all my projects/uneom.com/node_modules/next/dist/compiled/next-server/app-page.runtime.prod.js:12:150373)

Error occurred prerendering page "/ar/locations/al-ahsa/retail-shops". Read more: https://nextjs.org/docs/messages/prerender-error

TypeError: Cannot read properties of undefined (reading 'map')
    at f (/Users/ahmedsalem/Desktop/all my projects/uneom.com/.next/server/app/ar/locations/[city]/[industry]/page.js:1:8960)
    at eh (/Users/ahmedsalem/Desktop/all my projects/uneom.com/node_modules/next/dist/compiled/next-server/app-page.runtime.prod.js:12:134660)
    at e (/Users/ahmedsalem/Desktop/all my projects/uneom.com/node_modules/next/dist/compiled/next-server/app-page.runtime.prod.js:12:137545)
    at ek (/Users/ahmedsalem/Desktop/all my projects/uneom.com/node_modules/next/dist/compiled/next-server/app-page.runtime.prod.js:12:138019)
    at Array.toJSON (/Users/ahmedsalem/Desktop/all my projects/uneom.com/node_modules/next/dist/compiled/next-server/app-page.runtime.prod.js:12:135629)
    at stringify (<anonymous>)
    at eP (/Users/ahmedsalem/Desktop/all my projects/uneom.com/node_modules/next/dist/compiled/next-server/app-page.runtime.prod.js:12:142093)
    at eE (/Users/ahmedsalem/Desktop/all my projects/uneom.com/node_modules/next/dist/compiled/next-server/app-page.runtime.prod.js:12:142572)
    at AsyncLocalStorage.run (node:internal/async_local_storage/async_context_frame:63:14)
    at Timeout._onTimeout (/Users/ahmedsalem/Desktop/all my projects/uneom.com/node_modules/next/dist/compiled/next-server/app-page.runtime.prod.js:12:150373)

Error occurred prerendering page "/ar/locations/khamis-mushait/hospitality". Read more: https://nextjs.org/docs/messages/prerender-error

TypeError: Cannot read properties of undefined (reading 'map')
    at f (/Users/ahmedsalem/Desktop/all my projects/uneom.com/.next/server/app/ar/locations/[city]/[industry]/page.js:1:8960)
    at eh (/Users/ahmedsalem/Desktop/all my projects/uneom.com/node_modules/next/dist/compiled/next-server/app-page.runtime.prod.js:12:134660)
    at e (/Users/ahmedsalem/Desktop/all my projects/uneom.com/node_modules/next/dist/compiled/next-server/app-page.runtime.prod.js:12:137545)
    at ek (/Users/ahmedsalem/Desktop/all my projects/uneom.com/node_modules/next/dist/compiled/next-server/app-page.runtime.prod.js:12:138019)
    at Array.toJSON (/Users/ahmedsalem/Desktop/all my projects/uneom.com/node_modules/next/dist/compiled/next-server/app-page.runtime.prod.js:12:135629)
    at stringify (<anonymous>)
    at eP (/Users/ahmedsalem/Desktop/all my projects/uneom.com/node_modules/next/dist/compiled/next-server/app-page.runtime.prod.js:12:142093)
    at eE (/Users/ahmedsalem/Desktop/all my projects/uneom.com/node_modules/next/dist/compiled/next-server/app-page.runtime.prod.js:12:142572)
    at AsyncLocalStorage.run (node:internal/async_local_storage/async_context_frame:63:14)
    at Timeout._onTimeout (/Users/ahmedsalem/Desktop/all my projects/uneom.com/node_modules/next/dist/compiled/next-server/app-page.runtime.prod.js:12:150373)

Error occurred prerendering page "/ar/locations/khamis-mushait/corporate". Read more: https://nextjs.org/docs/messages/prerender-error

TypeError: Cannot read properties of undefined (reading 'map')
    at f (/Users/ahmedsalem/Desktop/all my projects/uneom.com/.next/server/app/ar/locations/[city]/[industry]/page.js:1:8960)
    at eh (/Users/ahmedsalem/Desktop/all my projects/uneom.com/node_modules/next/dist/compiled/next-server/app-page.runtime.prod.js:12:134660)
    at e (/Users/ahmedsalem/Desktop/all my projects/uneom.com/node_modules/next/dist/compiled/next-server/app-page.runtime.prod.js:12:137545)
    at ek (/Users/ahmedsalem/Desktop/all my projects/uneom.com/node_modules/next/dist/compiled/next-server/app-page.runtime.prod.js:12:138019)
    at Array.toJSON (/Users/ahmedsalem/Desktop/all my projects/uneom.com/node_modules/next/dist/compiled/next-server/app-page.runtime.prod.js:12:135629)
    at stringify (<anonymous>)
    at eP (/Users/ahmedsalem/Desktop/all my projects/uneom.com/node_modules/next/dist/compiled/next-server/app-page.runtime.prod.js:12:142093)
    at eE (/Users/ahmedsalem/Desktop/all my projects/uneom.com/node_modules/next/dist/compiled/next-server/app-page.runtime.prod.js:12:142572)
    at AsyncLocalStorage.run (node:internal/async_local_storage/async_context_frame:63:14)
    at Timeout._onTimeout (/Users/ahmedsalem/Desktop/all my projects/uneom.com/node_modules/next/dist/compiled/next-server/app-page.runtime.prod.js:12:150373)
TypeError: Cannot read properties of undefined (reading 'map')
    at f (/Users/ahmedsalem/Desktop/all my projects/uneom.com/.next/server/app/ar/locations/[city]/[industry]/page.js:1:8960)
    at eh (/Users/ahmedsalem/Desktop/all my projects/uneom.com/node_modules/next/dist/compiled/next-server/app-page.runtime.prod.js:12:134660)
    at e (/Users/ahmedsalem/Desktop/all my projects/uneom.com/node_modules/next/dist/compiled/next-server/app-page.runtime.prod.js:12:137545)
    at ek (/Users/ahmedsalem/Desktop/all my projects/uneom.com/node_modules/next/dist/compiled/next-server/app-page.runtime.prod.js:12:138019)
    at Array.toJSON (/Users/ahmedsalem/Desktop/all my projects/uneom.com/node_modules/next/dist/compiled/next-server/app-page.runtime.prod.js:12:135629)
    at stringify (<anonymous>)
    at eP (/Users/ahmedsalem/Desktop/all my projects/uneom.com/node_modules/next/dist/compiled/next-server/app-page.runtime.prod.js:12:142093)
    at eE (/Users/ahmedsalem/Desktop/all my projects/uneom.com/node_modules/next/dist/compiled/next-server/app-page.runtime.prod.js:12:142572)
    at AsyncLocalStorage.run (node:internal/async_local_storage/async_context_frame:63:14)
    at Timeout._onTimeout (/Users/ahmedsalem/Desktop/all my projects/uneom.com/node_modules/next/dist/compiled/next-server/app-page.runtime.prod.js:12:150373) {
  digest: '3731830276'
}
TypeError: Cannot read properties of undefined (reading 'map')
    at f (/Users/ahmedsalem/Desktop/all my projects/uneom.com/.next/server/app/ar/locations/[city]/[industry]/page.js:1:8960)
    at eh (/Users/ahmedsalem/Desktop/all my projects/uneom.com/node_modules/next/dist/compiled/next-server/app-page.runtime.prod.js:12:134660)
    at e (/Users/ahmedsalem/Desktop/all my projects/uneom.com/node_modules/next/dist/compiled/next-server/app-page.runtime.prod.js:12:137545)
    at ek (/Users/ahmedsalem/Desktop/all my projects/uneom.com/node_modules/next/dist/compiled/next-server/app-page.runtime.prod.js:12:138019)
    at Array.toJSON (/Users/ahmedsalem/Desktop/all my projects/uneom.com/node_modules/next/dist/compiled/next-server/app-page.runtime.prod.js:12:135629)
    at stringify (<anonymous>)
    at eP (/Users/ahmedsalem/Desktop/all my projects/uneom.com/node_modules/next/dist/compiled/next-server/app-page.runtime.prod.js:12:142093)
    at eE (/Users/ahmedsalem/Desktop/all my projects/uneom.com/node_modules/next/dist/compiled/next-server/app-page.runtime.prod.js:12:142572)
    at Timeout._onTimeout (/Users/ahmedsalem/Desktop/all my projects/uneom.com/node_modules/next/dist/compiled/next-server/app-page.runtime.prod.js:12:135349)
    at listOnTimeout (node:internal/timers:605:17) {
  digest: '2101114011'
}

Error occurred prerendering page "/ar/locations/khamis-mushait/manufacturing". Read more: https://nextjs.org/docs/messages/prerender-error

TypeError: Cannot read properties of undefined (reading 'map')
    at f (/Users/ahmedsalem/Desktop/all my projects/uneom.com/.next/server/app/ar/locations/[city]/[industry]/page.js:1:8960)
    at eh (/Users/ahmedsalem/Desktop/all my projects/uneom.com/node_modules/next/dist/compiled/next-server/app-page.runtime.prod.js:12:134660)
    at e (/Users/ahmedsalem/Desktop/all my projects/uneom.com/node_modules/next/dist/compiled/next-server/app-page.runtime.prod.js:12:137545)
    at ek (/Users/ahmedsalem/Desktop/all my projects/uneom.com/node_modules/next/dist/compiled/next-server/app-page.runtime.prod.js:12:138019)
    at Array.toJSON (/Users/ahmedsalem/Desktop/all my projects/uneom.com/node_modules/next/dist/compiled/next-server/app-page.runtime.prod.js:12:135629)
    at stringify (<anonymous>)
    at eP (/Users/ahmedsalem/Desktop/all my projects/uneom.com/node_modules/next/dist/compiled/next-server/app-page.runtime.prod.js:12:142093)
    at eE (/Users/ahmedsalem/Desktop/all my projects/uneom.com/node_modules/next/dist/compiled/next-server/app-page.runtime.prod.js:12:142572)
    at AsyncLocalStorage.run (node:internal/async_local_storage/async_context_frame:63:14)
    at Timeout._onTimeout (/Users/ahmedsalem/Desktop/all my projects/uneom.com/node_modules/next/dist/compiled/next-server/app-page.runtime.prod.js:12:150373)
TypeError: Cannot read properties of undefined (reading 'map')
    at f (/Users/ahmedsalem/Desktop/all my projects/uneom.com/.next/server/app/ar/locations/[city]/[industry]/page.js:1:8960)
    at eh (/Users/ahmedsalem/Desktop/all my projects/uneom.com/node_modules/next/dist/compiled/next-server/app-page.runtime.prod.js:12:134660)
    at e (/Users/ahmedsalem/Desktop/all my projects/uneom.com/node_modules/next/dist/compiled/next-server/app-page.runtime.prod.js:12:137545)
    at ek (/Users/ahmedsalem/Desktop/all my projects/uneom.com/node_modules/next/dist/compiled/next-server/app-page.runtime.prod.js:12:138019)
    at Array.toJSON (/Users/ahmedsalem/Desktop/all my projects/uneom.com/node_modules/next/dist/compiled/next-server/app-page.runtime.prod.js:12:135629)
    at stringify (<anonymous>)
    at eP (/Users/ahmedsalem/Desktop/all my projects/uneom.com/node_modules/next/dist/compiled/next-server/app-page.runtime.prod.js:12:142093)
    at eE (/Users/ahmedsalem/Desktop/all my projects/uneom.com/node_modules/next/dist/compiled/next-server/app-page.runtime.prod.js:12:142572)
    at AsyncLocalStorage.run (node:internal/async_local_storage/async_context_frame:63:14)
    at Timeout._onTimeout (/Users/ahmedsalem/Desktop/all my projects/uneom.com/node_modules/next/dist/compiled/next-server/app-page.runtime.prod.js:12:150373) {
  digest: '3731830276'
}
TypeError: Cannot read properties of undefined (reading 'map')
    at f (/Users/ahmedsalem/Desktop/all my projects/uneom.com/.next/server/app/ar/locations/[city]/[industry]/page.js:1:8960)
    at eh (/Users/ahmedsalem/Desktop/all my projects/uneom.com/node_modules/next/dist/compiled/next-server/app-page.runtime.prod.js:12:134660)
    at e (/Users/ahmedsalem/Desktop/all my projects/uneom.com/node_modules/next/dist/compiled/next-server/app-page.runtime.prod.js:12:137545)
    at ek (/Users/ahmedsalem/Desktop/all my projects/uneom.com/node_modules/next/dist/compiled/next-server/app-page.runtime.prod.js:12:138019)
    at Array.toJSON (/Users/ahmedsalem/Desktop/all my projects/uneom.com/node_modules/next/dist/compiled/next-server/app-page.runtime.prod.js:12:135629)
    at stringify (<anonymous>)
    at eP (/Users/ahmedsalem/Desktop/all my projects/uneom.com/node_modules/next/dist/compiled/next-server/app-page.runtime.prod.js:12:142093)
    at eE (/Users/ahmedsalem/Desktop/all my projects/uneom.com/node_modules/next/dist/compiled/next-server/app-page.runtime.prod.js:12:142572)
    at Timeout._onTimeout (/Users/ahmedsalem/Desktop/all my projects/uneom.com/node_modules/next/dist/compiled/next-server/app-page.runtime.prod.js:12:135349)
    at listOnTimeout (node:internal/timers:605:17) {
  digest: '2101114011'
}

Error occurred prerendering page "/ar/locations/khamis-mushait/security". Read more: https://nextjs.org/docs/messages/prerender-error

TypeError: Cannot read properties of undefined (reading 'map')
    at f (/Users/ahmedsalem/Desktop/all my projects/uneom.com/.next/server/app/ar/locations/[city]/[industry]/page.js:1:8960)
    at eh (/Users/ahmedsalem/Desktop/all my projects/uneom.com/node_modules/next/dist/compiled/next-server/app-page.runtime.prod.js:12:134660)
    at e (/Users/ahmedsalem/Desktop/all my projects/uneom.com/node_modules/next/dist/compiled/next-server/app-page.runtime.prod.js:12:137545)
    at ek (/Users/ahmedsalem/Desktop/all my projects/uneom.com/node_modules/next/dist/compiled/next-server/app-page.runtime.prod.js:12:138019)
    at Array.toJSON (/Users/ahmedsalem/Desktop/all my projects/uneom.com/node_modules/next/dist/compiled/next-server/app-page.runtime.prod.js:12:135629)
    at stringify (<anonymous>)
    at eP (/Users/ahmedsalem/Desktop/all my projects/uneom.com/node_modules/next/dist/compiled/next-server/app-page.runtime.prod.js:12:142093)
    at eE (/Users/ahmedsalem/Desktop/all my projects/uneom.com/node_modules/next/dist/compiled/next-server/app-page.runtime.prod.js:12:142572)
    at AsyncLocalStorage.run (node:internal/async_local_storage/async_context_frame:63:14)
    at Timeout._onTimeout (/Users/ahmedsalem/Desktop/all my projects/uneom.com/node_modules/next/dist/compiled/next-server/app-page.runtime.prod.js:12:150373)
TypeError: Cannot read properties of undefined (reading 'map')
    at f (/Users/ahmedsalem/Desktop/all my projects/uneom.com/.next/server/app/ar/locations/[city]/[industry]/page.js:1:8960)
    at eh (/Users/ahmedsalem/Desktop/all my projects/uneom.com/node_modules/next/dist/compiled/next-server/app-page.runtime.prod.js:12:134660)
    at e (/Users/ahmedsalem/Desktop/all my projects/uneom.com/node_modules/next/dist/compiled/next-server/app-page.runtime.prod.js:12:137545)
    at ek (/Users/ahmedsalem/Desktop/all my projects/uneom.com/node_modules/next/dist/compiled/next-server/app-page.runtime.prod.js:12:138019)
    at Array.toJSON (/Users/ahmedsalem/Desktop/all my projects/uneom.com/node_modules/next/dist/compiled/next-server/app-page.runtime.prod.js:12:135629)
    at stringify (<anonymous>)
    at eP (/Users/ahmedsalem/Desktop/all my projects/uneom.com/node_modules/next/dist/compiled/next-server/app-page.runtime.prod.js:12:142093)
    at eE (/Users/ahmedsalem/Desktop/all my projects/uneom.com/node_modules/next/dist/compiled/next-server/app-page.runtime.prod.js:12:142572)
    at AsyncLocalStorage.run (node:internal/async_local_storage/async_context_frame:63:14)
    at Timeout._onTimeout (/Users/ahmedsalem/Desktop/all my projects/uneom.com/node_modules/next/dist/compiled/next-server/app-page.runtime.prod.js:12:150373) {
  digest: '3731830276'
}
TypeError: Cannot read properties of undefined (reading 'map')
    at f (/Users/ahmedsalem/Desktop/all my projects/uneom.com/.next/server/app/ar/locations/[city]/[industry]/page.js:1:8960)
    at eh (/Users/ahmedsalem/Desktop/all my projects/uneom.com/node_modules/next/dist/compiled/next-server/app-page.runtime.prod.js:12:134660)
    at e (/Users/ahmedsalem/Desktop/all my projects/uneom.com/node_modules/next/dist/compiled/next-server/app-page.runtime.prod.js:12:137545)
    at ek (/Users/ahmedsalem/Desktop/all my projects/uneom.com/node_modules/next/dist/compiled/next-server/app-page.runtime.prod.js:12:138019)
    at Array.toJSON (/Users/ahmedsalem/Desktop/all my projects/uneom.com/node_modules/next/dist/compiled/next-server/app-page.runtime.prod.js:12:135629)
    at stringify (<anonymous>)
    at eP (/Users/ahmedsalem/Desktop/all my projects/uneom.com/node_modules/next/dist/compiled/next-server/app-page.runtime.prod.js:12:142093)
    at eE (/Users/ahmedsalem/Desktop/all my projects/uneom.com/node_modules/next/dist/compiled/next-server/app-page.runtime.prod.js:12:142572)
    at Timeout._onTimeout (/Users/ahmedsalem/Desktop/all my projects/uneom.com/node_modules/next/dist/compiled/next-server/app-page.runtime.prod.js:12:135349)
    at listOnTimeout (node:internal/timers:605:17) {
  digest: '2101114011'
}

Error occurred prerendering page "/ar/locations/khamis-mushait/factory-industry". Read more: https://nextjs.org/docs/messages/prerender-error

TypeError: Cannot read properties of undefined (reading 'map')
    at f (/Users/ahmedsalem/Desktop/all my projects/uneom.com/.next/server/app/ar/locations/[city]/[industry]/page.js:1:8960)
    at eh (/Users/ahmedsalem/Desktop/all my projects/uneom.com/node_modules/next/dist/compiled/next-server/app-page.runtime.prod.js:12:134660)
    at e (/Users/ahmedsalem/Desktop/all my projects/uneom.com/node_modules/next/dist/compiled/next-server/app-page.runtime.prod.js:12:137545)
    at ek (/Users/ahmedsalem/Desktop/all my projects/uneom.com/node_modules/next/dist/compiled/next-server/app-page.runtime.prod.js:12:138019)
    at Array.toJSON (/Users/ahmedsalem/Desktop/all my projects/uneom.com/node_modules/next/dist/compiled/next-server/app-page.runtime.prod.js:12:135629)
    at stringify (<anonymous>)
    at eP (/Users/ahmedsalem/Desktop/all my projects/uneom.com/node_modules/next/dist/compiled/next-server/app-page.runtime.prod.js:12:142093)
    at eE (/Users/ahmedsalem/Desktop/all my projects/uneom.com/node_modules/next/dist/compiled/next-server/app-page.runtime.prod.js:12:142572)
    at AsyncLocalStorage.run (node:internal/async_local_storage/async_context_frame:63:14)
    at Timeout._onTimeout (/Users/ahmedsalem/Desktop/all my projects/uneom.com/node_modules/next/dist/compiled/next-server/app-page.runtime.prod.js:12:150373)
TypeError: Cannot read properties of undefined (reading 'map')
    at f (/Users/ahmedsalem/Desktop/all my projects/uneom.com/.next/server/app/ar/locations/[city]/[industry]/page.js:1:8960)
    at eh (/Users/ahmedsalem/Desktop/all my projects/uneom.com/node_modules/next/dist/compiled/next-server/app-page.runtime.prod.js:12:134660)
    at e (/Users/ahmedsalem/Desktop/all my projects/uneom.com/node_modules/next/dist/compiled/next-server/app-page.runtime.prod.js:12:137545)
    at ek (/Users/ahmedsalem/Desktop/all my projects/uneom.com/node_modules/next/dist/compiled/next-server/app-page.runtime.prod.js:12:138019)
    at Array.toJSON (/Users/ahmedsalem/Desktop/all my projects/uneom.com/node_modules/next/dist/compiled/next-server/app-page.runtime.prod.js:12:135629)
    at stringify (<anonymous>)
    at eP (/Users/ahmedsalem/Desktop/all my projects/uneom.com/node_modules/next/dist/compiled/next-server/app-page.runtime.prod.js:12:142093)
    at eE (/Users/ahmedsalem/Desktop/all my projects/uneom.com/node_modules/next/dist/compiled/next-server/app-page.runtime.prod.js:12:142572)
    at AsyncLocalStorage.run (node:internal/async_local_storage/async_context_frame:63:14)
    at Timeout._onTimeout (/Users/ahmedsalem/Desktop/all my projects/uneom.com/node_modules/next/dist/compiled/next-server/app-page.runtime.prod.js:12:150373) {
  digest: '3731830276'
}
TypeError: Cannot read properties of undefined (reading 'map')
    at f (/Users/ahmedsalem/Desktop/all my projects/uneom.com/.next/server/app/ar/locations/[city]/[industry]/page.js:1:8960)
    at eh (/Users/ahmedsalem/Desktop/all my projects/uneom.com/node_modules/next/dist/compiled/next-server/app-page.runtime.prod.js:12:134660)
    at e (/Users/ahmedsalem/Desktop/all my projects/uneom.com/node_modules/next/dist/compiled/next-server/app-page.runtime.prod.js:12:137545)
    at ek (/Users/ahmedsalem/Desktop/all my projects/uneom.com/node_modules/next/dist/compiled/next-server/app-page.runtime.prod.js:12:138019)
    at Array.toJSON (/Users/ahmedsalem/Desktop/all my projects/uneom.com/node_modules/next/dist/compiled/next-server/app-page.runtime.prod.js:12:135629)
    at stringify (<anonymous>)
    at eP (/Users/ahmedsalem/Desktop/all my projects/uneom.com/node_modules/next/dist/compiled/next-server/app-page.runtime.prod.js:12:142093)
    at eE (/Users/ahmedsalem/Desktop/all my projects/uneom.com/node_modules/next/dist/compiled/next-server/app-page.runtime.prod.js:12:142572)
    at Timeout._onTimeout (/Users/ahmedsalem/Desktop/all my projects/uneom.com/node_modules/next/dist/compiled/next-server/app-page.runtime.prod.js:12:135349)
    at listOnTimeout (node:internal/timers:605:17) {
  digest: '2101114011'
}

Error occurred prerendering page "/ar/locations/khamis-mushait/retail-shops". Read more: https://nextjs.org/docs/messages/prerender-error

TypeError: Cannot read properties of undefined (reading 'map')
    at f (/Users/ahmedsalem/Desktop/all my projects/uneom.com/.next/server/app/ar/locations/[city]/[industry]/page.js:1:8960)
    at eh (/Users/ahmedsalem/Desktop/all my projects/uneom.com/node_modules/next/dist/compiled/next-server/app-page.runtime.prod.js:12:134660)
    at e (/Users/ahmedsalem/Desktop/all my projects/uneom.com/node_modules/next/dist/compiled/next-server/app-page.runtime.prod.js:12:137545)
    at ek (/Users/ahmedsalem/Desktop/all my projects/uneom.com/node_modules/next/dist/compiled/next-server/app-page.runtime.prod.js:12:138019)
    at Array.toJSON (/Users/ahmedsalem/Desktop/all my projects/uneom.com/node_modules/next/dist/compiled/next-server/app-page.runtime.prod.js:12:135629)
    at stringify (<anonymous>)
    at eP (/Users/ahmedsalem/Desktop/all my projects/uneom.com/node_modules/next/dist/compiled/next-server/app-page.runtime.prod.js:12:142093)
    at eE (/Users/ahmedsalem/Desktop/all my projects/uneom.com/node_modules/next/dist/compiled/next-server/app-page.runtime.prod.js:12:142572)
    at AsyncLocalStorage.run (node:internal/async_local_storage/async_context_frame:63:14)
    at Timeout._onTimeout (/Users/ahmedsalem/Desktop/all my projects/uneom.com/node_modules/next/dist/compiled/next-server/app-page.runtime.prod.js:12:150373)
TypeError: Cannot read properties of undefined (reading 'map')
    at f (/Users/ahmedsalem/Desktop/all my projects/uneom.com/.next/server/app/ar/locations/[city]/[industry]/page.js:1:8960)
    at eh (/Users/ahmedsalem/Desktop/all my projects/uneom.com/node_modules/next/dist/compiled/next-server/app-page.runtime.prod.js:12:134660)
    at e (/Users/ahmedsalem/Desktop/all my projects/uneom.com/node_modules/next/dist/compiled/next-server/app-page.runtime.prod.js:12:137545)
    at ek (/Users/ahmedsalem/Desktop/all my projects/uneom.com/node_modules/next/dist/compiled/next-server/app-page.runtime.prod.js:12:138019)
    at Array.toJSON (/Users/ahmedsalem/Desktop/all my projects/uneom.com/node_modules/next/dist/compiled/next-server/app-page.runtime.prod.js:12:135629)
    at stringify (<anonymous>)
    at eP (/Users/ahmedsalem/Desktop/all my projects/uneom.com/node_modules/next/dist/compiled/next-server/app-page.runtime.prod.js:12:142093)
    at eE (/Users/ahmedsalem/Desktop/all my projects/uneom.com/node_modules/next/dist/compiled/next-server/app-page.runtime.prod.js:12:142572)
    at AsyncLocalStorage.run (node:internal/async_local_storage/async_context_frame:63:14)
    at Timeout._onTimeout (/Users/ahmedsalem/Desktop/all my projects/uneom.com/node_modules/next/dist/compiled/next-server/app-page.runtime.prod.js:12:150373) {
  digest: '3731830276'
}
TypeError: Cannot read properties of undefined (reading 'map')
    at f (/Users/ahmedsalem/Desktop/all my projects/uneom.com/.next/server/app/ar/locations/[city]/[industry]/page.js:1:8960)
    at eh (/Users/ahmedsalem/Desktop/all my projects/uneom.com/node_modules/next/dist/compiled/next-server/app-page.runtime.prod.js:12:134660)
    at e (/Users/ahmedsalem/Desktop/all my projects/uneom.com/node_modules/next/dist/compiled/next-server/app-page.runtime.prod.js:12:137545)
    at ek (/Users/ahmedsalem/Desktop/all my projects/uneom.com/node_modules/next/dist/compiled/next-server/app-page.runtime.prod.js:12:138019)
    at Array.toJSON (/Users/ahmedsalem/Desktop/all my projects/uneom.com/node_modules/next/dist/compiled/next-server/app-page.runtime.prod.js:12:135629)
    at stringify (<anonymous>)
    at eP (/Users/ahmedsalem/Desktop/all my projects/uneom.com/node_modules/next/dist/compiled/next-server/app-page.runtime.prod.js:12:142093)
    at eE (/Users/ahmedsalem/Desktop/all my projects/uneom.com/node_modules/next/dist/compiled/next-server/app-page.runtime.prod.js:12:142572)
    at Timeout._onTimeout (/Users/ahmedsalem/Desktop/all my projects/uneom.com/node_modules/next/dist/compiled/next-server/app-page.runtime.prod.js:12:135349)
    at listOnTimeout (node:internal/timers:605:17) {
  digest: '2101114011'
}

Error occurred prerendering page "/ar/locations/khamis-mushait/supply-manufacturing". Read more: https://nextjs.org/docs/messages/prerender-error

TypeError: Cannot read properties of undefined (reading 'map')
    at f (/Users/ahmedsalem/Desktop/all my projects/uneom.com/.next/server/app/ar/locations/[city]/[industry]/page.js:1:8960)
    at eh (/Users/ahmedsalem/Desktop/all my projects/uneom.com/node_modules/next/dist/compiled/next-server/app-page.runtime.prod.js:12:134660)
    at e (/Users/ahmedsalem/Desktop/all my projects/uneom.com/node_modules/next/dist/compiled/next-server/app-page.runtime.prod.js:12:137545)
    at ek (/Users/ahmedsalem/Desktop/all my projects/uneom.com/node_modules/next/dist/compiled/next-server/app-page.runtime.prod.js:12:138019)
    at Array.toJSON (/Users/ahmedsalem/Desktop/all my projects/uneom.com/node_modules/next/dist/compiled/next-server/app-page.runtime.prod.js:12:135629)
    at stringify (<anonymous>)
    at eP (/Users/ahmedsalem/Desktop/all my projects/uneom.com/node_modules/next/dist/compiled/next-server/app-page.runtime.prod.js:12:142093)
    at eE (/Users/ahmedsalem/Desktop/all my projects/uneom.com/node_modules/next/dist/compiled/next-server/app-page.runtime.prod.js:12:142572)
    at AsyncLocalStorage.run (node:internal/async_local_storage/async_context_frame:63:14)
    at Timeout._onTimeout (/Users/ahmedsalem/Desktop/all my projects/uneom.com/node_modules/next/dist/compiled/next-server/app-page.runtime.prod.js:12:150373)
TypeError: Cannot read properties of undefined (reading 'map')
    at f (/Users/ahmedsalem/Desktop/all my projects/uneom.com/.next/server/app/ar/locations/[city]/[industry]/page.js:1:8960)
    at eh (/Users/ahmedsalem/Desktop/all my projects/uneom.com/node_modules/next/dist/compiled/next-server/app-page.runtime.prod.js:12:134660)
    at e (/Users/ahmedsalem/Desktop/all my projects/uneom.com/node_modules/next/dist/compiled/next-server/app-page.runtime.prod.js:12:137545)
    at ek (/Users/ahmedsalem/Desktop/all my projects/uneom.com/node_modules/next/dist/compiled/next-server/app-page.runtime.prod.js:12:138019)
    at Array.toJSON (/Users/ahmedsalem/Desktop/all my projects/uneom.com/node_modules/next/dist/compiled/next-server/app-page.runtime.prod.js:12:135629)
    at stringify (<anonymous>)
    at eP (/Users/ahmedsalem/Desktop/all my projects/uneom.com/node_modules/next/dist/compiled/next-server/app-page.runtime.prod.js:12:142093)
    at eE (/Users/ahmedsalem/Desktop/all my projects/uneom.com/node_modules/next/dist/compiled/next-server/app-page.runtime.prod.js:12:142572)
    at AsyncLocalStorage.run (node:internal/async_local_storage/async_context_frame:63:14)
    at Timeout._onTimeout (/Users/ahmedsalem/Desktop/all my projects/uneom.com/node_modules/next/dist/compiled/next-server/app-page.runtime.prod.js:12:150373) {
  digest: '3731830276'
}
TypeError: Cannot read properties of undefined (reading 'map')
    at f (/Users/ahmedsalem/Desktop/all my projects/uneom.com/.next/server/app/ar/locations/[city]/[industry]/page.js:1:8960)
    at eh (/Users/ahmedsalem/Desktop/all my projects/uneom.com/node_modules/next/dist/compiled/next-server/app-page.runtime.prod.js:12:134660)
    at e (/Users/ahmedsalem/Desktop/all my projects/uneom.com/node_modules/next/dist/compiled/next-server/app-page.runtime.prod.js:12:137545)
    at ek (/Users/ahmedsalem/Desktop/all my projects/uneom.com/node_modules/next/dist/compiled/next-server/app-page.runtime.prod.js:12:138019)
    at Array.toJSON (/Users/ahmedsalem/Desktop/all my projects/uneom.com/node_modules/next/dist/compiled/next-server/app-page.runtime.prod.js:12:135629)
    at stringify (<anonymous>)
    at eP (/Users/ahmedsalem/Desktop/all my projects/uneom.com/node_modules/next/dist/compiled/next-server/app-page.runtime.prod.js:12:142093)
    at eE (/Users/ahmedsalem/Desktop/all my projects/uneom.com/node_modules/next/dist/compiled/next-server/app-page.runtime.prod.js:12:142572)
    at Timeout._onTimeout (/Users/ahmedsalem/Desktop/all my projects/uneom.com/node_modules/next/dist/compiled/next-server/app-page.runtime.prod.js:12:135349)
    at listOnTimeout (node:internal/timers:605:17) {
  digest: '2101114011'
}

Error occurred prerendering page "/ar/locations/al-jubail/healthcare". Read more: https://nextjs.org/docs/messages/prerender-error

TypeError: Cannot read properties of undefined (reading 'map')
    at f (/Users/ahmedsalem/Desktop/all my projects/uneom.com/.next/server/app/ar/locations/[city]/[industry]/page.js:1:8960)
    at eh (/Users/ahmedsalem/Desktop/all my projects/uneom.com/node_modules/next/dist/compiled/next-server/app-page.runtime.prod.js:12:134660)
    at e (/Users/ahmedsalem/Desktop/all my projects/uneom.com/node_modules/next/dist/compiled/next-server/app-page.runtime.prod.js:12:137545)
    at ek (/Users/ahmedsalem/Desktop/all my projects/uneom.com/node_modules/next/dist/compiled/next-server/app-page.runtime.prod.js:12:138019)
    at Array.toJSON (/Users/ahmedsalem/Desktop/all my projects/uneom.com/node_modules/next/dist/compiled/next-server/app-page.runtime.prod.js:12:135629)
    at stringify (<anonymous>)
    at eP (/Users/ahmedsalem/Desktop/all my projects/uneom.com/node_modules/next/dist/compiled/next-server/app-page.runtime.prod.js:12:142093)
    at eE (/Users/ahmedsalem/Desktop/all my projects/uneom.com/node_modules/next/dist/compiled/next-server/app-page.runtime.prod.js:12:142572)
    at AsyncLocalStorage.run (node:internal/async_local_storage/async_context_frame:63:14)
    at Timeout._onTimeout (/Users/ahmedsalem/Desktop/all my projects/uneom.com/node_modules/next/dist/compiled/next-server/app-page.runtime.prod.js:12:150373)
TypeError: Cannot read properties of undefined (reading 'map')
    at f (/Users/ahmedsalem/Desktop/all my projects/uneom.com/.next/server/app/ar/locations/[city]/[industry]/page.js:1:8960)
    at eh (/Users/ahmedsalem/Desktop/all my projects/uneom.com/node_modules/next/dist/compiled/next-server/app-page.runtime.prod.js:12:134660)
    at e (/Users/ahmedsalem/Desktop/all my projects/uneom.com/node_modules/next/dist/compiled/next-server/app-page.runtime.prod.js:12:137545)
    at ek (/Users/ahmedsalem/Desktop/all my projects/uneom.com/node_modules/next/dist/compiled/next-server/app-page.runtime.prod.js:12:138019)
    at Array.toJSON (/Users/ahmedsalem/Desktop/all my projects/uneom.com/node_modules/next/dist/compiled/next-server/app-page.runtime.prod.js:12:135629)
    at stringify (<anonymous>)
    at eP (/Users/ahmedsalem/Desktop/all my projects/uneom.com/node_modules/next/dist/compiled/next-server/app-page.runtime.prod.js:12:142093)
    at eE (/Users/ahmedsalem/Desktop/all my projects/uneom.com/node_modules/next/dist/compiled/next-server/app-page.runtime.prod.js:12:142572)
    at AsyncLocalStorage.run (node:internal/async_local_storage/async_context_frame:63:14)
    at Timeout._onTimeout (/Users/ahmedsalem/Desktop/all my projects/uneom.com/node_modules/next/dist/compiled/next-server/app-page.runtime.prod.js:12:150373) {
  digest: '3731830276'
}
TypeError: Cannot read properties of undefined (reading 'map')
    at f (/Users/ahmedsalem/Desktop/all my projects/uneom.com/.next/server/app/ar/locations/[city]/[industry]/page.js:1:8960)
    at eh (/Users/ahmedsalem/Desktop/all my projects/uneom.com/node_modules/next/dist/compiled/next-server/app-page.runtime.prod.js:12:134660)
    at e (/Users/ahmedsalem/Desktop/all my projects/uneom.com/node_modules/next/dist/compiled/next-server/app-page.runtime.prod.js:12:137545)
    at ek (/Users/ahmedsalem/Desktop/all my projects/uneom.com/node_modules/next/dist/compiled/next-server/app-page.runtime.prod.js:12:138019)
    at Array.toJSON (/Users/ahmedsalem/Desktop/all my projects/uneom.com/node_modules/next/dist/compiled/next-server/app-page.runtime.prod.js:12:135629)
    at stringify (<anonymous>)
    at eP (/Users/ahmedsalem/Desktop/all my projects/uneom.com/node_modules/next/dist/compiled/next-server/app-page.runtime.prod.js:12:142093)
    at eE (/Users/ahmedsalem/Desktop/all my projects/uneom.com/node_modules/next/dist/compiled/next-server/app-page.runtime.prod.js:12:142572)
    at Timeout._onTimeout (/Users/ahmedsalem/Desktop/all my projects/uneom.com/node_modules/next/dist/compiled/next-server/app-page.runtime.prod.js:12:135349)
    at listOnTimeout (node:internal/timers:605:17) {
  digest: '2101114011'
}
TypeError: Cannot read properties of undefined (reading 'map')
    at f (/Users/ahmedsalem/Desktop/all my projects/uneom.com/.next/server/app/ar/locations/[city]/[industry]/page.js:1:8960)
    at eh (/Users/ahmedsalem/Desktop/all my projects/uneom.com/node_modules/next/dist/compiled/next-server/app-page.runtime.prod.js:12:134660)
    at e (/Users/ahmedsalem/Desktop/all my projects/uneom.com/node_modules/next/dist/compiled/next-server/app-page.runtime.prod.js:12:137545)
    at ek (/Users/ahmedsalem/Desktop/all my projects/uneom.com/node_modules/next/dist/compiled/next-server/app-page.runtime.prod.js:12:138019)
    at Array.toJSON (/Users/ahmedsalem/Desktop/all my projects/uneom.com/node_modules/next/dist/compiled/next-server/app-page.runtime.prod.js:12:135629)
    at stringify (<anonymous>)
    at eP (/Users/ahmedsalem/Desktop/all my projects/uneom.com/node_modules/next/dist/compiled/next-server/app-page.runtime.prod.js:12:142093)
    at eE (/Users/ahmedsalem/Desktop/all my projects/uneom.com/node_modules/next/dist/compiled/next-server/app-page.runtime.prod.js:12:142572)
    at AsyncLocalStorage.run (node:internal/async_local_storage/async_context_frame:63:14)
    at Timeout._onTimeout (/Users/ahmedsalem/Desktop/all my projects/uneom.com/node_modules/next/dist/compiled/next-server/app-page.runtime.prod.js:12:150373) {
  digest: '3731830276'
}
TypeError: Cannot read properties of undefined (reading 'map')
    at f (/Users/ahmedsalem/Desktop/all my projects/uneom.com/.next/server/app/ar/locations/[city]/[industry]/page.js:1:8960)
    at eh (/Users/ahmedsalem/Desktop/all my projects/uneom.com/node_modules/next/dist/compiled/next-server/app-page.runtime.prod.js:12:134660)
    at e (/Users/ahmedsalem/Desktop/all my projects/uneom.com/node_modules/next/dist/compiled/next-server/app-page.runtime.prod.js:12:137545)
    at ek (/Users/ahmedsalem/Desktop/all my projects/uneom.com/node_modules/next/dist/compiled/next-server/app-page.runtime.prod.js:12:138019)
    at Array.toJSON (/Users/ahmedsalem/Desktop/all my projects/uneom.com/node_modules/next/dist/compiled/next-server/app-page.runtime.prod.js:12:135629)
    at stringify (<anonymous>)
    at eP (/Users/ahmedsalem/Desktop/all my projects/uneom.com/node_modules/next/dist/compiled/next-server/app-page.runtime.prod.js:12:142093)
    at eE (/Users/ahmedsalem/Desktop/all my projects/uneom.com/node_modules/next/dist/compiled/next-server/app-page.runtime.prod.js:12:142572)
    at Timeout._onTimeout (/Users/ahmedsalem/Desktop/all my projects/uneom.com/node_modules/next/dist/compiled/next-server/app-page.runtime.prod.js:12:135349)
    at listOnTimeout (node:internal/timers:605:17) {
  digest: '2101114011'
}

Error occurred prerendering page "/ar/locations/al-jubail/hospitality". Read more: https://nextjs.org/docs/messages/prerender-error

TypeError: Cannot read properties of undefined (reading 'map')
    at f (/Users/ahmedsalem/Desktop/all my projects/uneom.com/.next/server/app/ar/locations/[city]/[industry]/page.js:1:8960)
    at eh (/Users/ahmedsalem/Desktop/all my projects/uneom.com/node_modules/next/dist/compiled/next-server/app-page.runtime.prod.js:12:134660)
    at e (/Users/ahmedsalem/Desktop/all my projects/uneom.com/node_modules/next/dist/compiled/next-server/app-page.runtime.prod.js:12:137545)
    at ek (/Users/ahmedsalem/Desktop/all my projects/uneom.com/node_modules/next/dist/compiled/next-server/app-page.runtime.prod.js:12:138019)
    at Array.toJSON (/Users/ahmedsalem/Desktop/all my projects/uneom.com/node_modules/next/dist/compiled/next-server/app-page.runtime.prod.js:12:135629)
    at stringify (<anonymous>)
    at eP (/Users/ahmedsalem/Desktop/all my projects/uneom.com/node_modules/next/dist/compiled/next-server/app-page.runtime.prod.js:12:142093)
    at eE (/Users/ahmedsalem/Desktop/all my projects/uneom.com/node_modules/next/dist/compiled/next-server/app-page.runtime.prod.js:12:142572)
    at AsyncLocalStorage.run (node:internal/async_local_storage/async_context_frame:63:14)
    at Timeout._onTimeout (/Users/ahmedsalem/Desktop/all my projects/uneom.com/node_modules/next/dist/compiled/next-server/app-page.runtime.prod.js:12:150373)
TypeError: Cannot read properties of undefined (reading 'map')
    at f (/Users/ahmedsalem/Desktop/all my projects/uneom.com/.next/server/app/ar/locations/[city]/[industry]/page.js:1:8960)
    at eh (/Users/ahmedsalem/Desktop/all my projects/uneom.com/node_modules/next/dist/compiled/next-server/app-page.runtime.prod.js:12:134660)
    at e (/Users/ahmedsalem/Desktop/all my projects/uneom.com/node_modules/next/dist/compiled/next-server/app-page.runtime.prod.js:12:137545)
    at ek (/Users/ahmedsalem/Desktop/all my projects/uneom.com/node_modules/next/dist/compiled/next-server/app-page.runtime.prod.js:12:138019)
    at Array.toJSON (/Users/ahmedsalem/Desktop/all my projects/uneom.com/node_modules/next/dist/compiled/next-server/app-page.runtime.prod.js:12:135629)
    at stringify (<anonymous>)
    at eP (/Users/ahmedsalem/Desktop/all my projects/uneom.com/node_modules/next/dist/compiled/next-server/app-page.runtime.prod.js:12:142093)
    at eE (/Users/ahmedsalem/Desktop/all my projects/uneom.com/node_modules/next/dist/compiled/next-server/app-page.runtime.prod.js:12:142572)
    at AsyncLocalStorage.run (node:internal/async_local_storage/async_context_frame:63:14)
    at Timeout._onTimeout (/Users/ahmedsalem/Desktop/all my projects/uneom.com/node_modules/next/dist/compiled/next-server/app-page.runtime.prod.js:12:150373) {
  digest: '3731830276'
}
TypeError: Cannot read properties of undefined (reading 'map')
    at f (/Users/ahmedsalem/Desktop/all my projects/uneom.com/.next/server/app/ar/locations/[city]/[industry]/page.js:1:8960)
    at eh (/Users/ahmedsalem/Desktop/all my projects/uneom.com/node_modules/next/dist/compiled/next-server/app-page.runtime.prod.js:12:134660)
    at e (/Users/ahmedsalem/Desktop/all my projects/uneom.com/node_modules/next/dist/compiled/next-server/app-page.runtime.prod.js:12:137545)
    at ek (/Users/ahmedsalem/Desktop/all my projects/uneom.com/node_modules/next/dist/compiled/next-server/app-page.runtime.prod.js:12:138019)
    at Array.toJSON (/Users/ahmedsalem/Desktop/all my projects/uneom.com/node_modules/next/dist/compiled/next-server/app-page.runtime.prod.js:12:135629)
    at stringify (<anonymous>)
    at eP (/Users/ahmedsalem/Desktop/all my projects/uneom.com/node_modules/next/dist/compiled/next-server/app-page.runtime.prod.js:12:142093)
    at eE (/Users/ahmedsalem/Desktop/all my projects/uneom.com/node_modules/next/dist/compiled/next-server/app-page.runtime.prod.js:12:142572)
    at Timeout._onTimeout (/Users/ahmedsalem/Desktop/all my projects/uneom.com/node_modules/next/dist/compiled/next-server/app-page.runtime.prod.js:12:135349)
    at listOnTimeout (node:internal/timers:605:17) {
  digest: '2101114011'
}
TypeError: Cannot read properties of undefined (reading 'map')
    at f (/Users/ahmedsalem/Desktop/all my projects/uneom.com/.next/server/app/ar/locations/[city]/[industry]/page.js:1:8960)
    at eh (/Users/ahmedsalem/Desktop/all my projects/uneom.com/node_modules/next/dist/compiled/next-server/app-page.runtime.prod.js:12:134660)
    at e (/Users/ahmedsalem/Desktop/all my projects/uneom.com/node_modules/next/dist/compiled/next-server/app-page.runtime.prod.js:12:137545)
    at ek (/Users/ahmedsalem/Desktop/all my projects/uneom.com/node_modules/next/dist/compiled/next-server/app-page.runtime.prod.js:12:138019)
    at Array.toJSON (/Users/ahmedsalem/Desktop/all my projects/uneom.com/node_modules/next/dist/compiled/next-server/app-page.runtime.prod.js:12:135629)
    at stringify (<anonymous>)
    at eP (/Users/ahmedsalem/Desktop/all my projects/uneom.com/node_modules/next/dist/compiled/next-server/app-page.runtime.prod.js:12:142093)
    at eE (/Users/ahmedsalem/Desktop/all my projects/uneom.com/node_modules/next/dist/compiled/next-server/app-page.runtime.prod.js:12:142572)
    at AsyncLocalStorage.run (node:internal/async_local_storage/async_context_frame:63:14)
    at Timeout._onTimeout (/Users/ahmedsalem/Desktop/all my projects/uneom.com/node_modules/next/dist/compiled/next-server/app-page.runtime.prod.js:12:150373) {
  digest: '3731830276'
}
TypeError: Cannot read properties of undefined (reading 'map')
    at f (/Users/ahmedsalem/Desktop/all my projects/uneom.com/.next/server/app/ar/locations/[city]/[industry]/page.js:1:8960)
    at eh (/Users/ahmedsalem/Desktop/all my projects/uneom.com/node_modules/next/dist/compiled/next-server/app-page.runtime.prod.js:12:134660)
    at e (/Users/ahmedsalem/Desktop/all my projects/uneom.com/node_modules/next/dist/compiled/next-server/app-page.runtime.prod.js:12:137545)
    at ek (/Users/ahmedsalem/Desktop/all my projects/uneom.com/node_modules/next/dist/compiled/next-server/app-page.runtime.prod.js:12:138019)
    at Array.toJSON (/Users/ahmedsalem/Desktop/all my projects/uneom.com/node_modules/next/dist/compiled/next-server/app-page.runtime.prod.js:12:135629)
    at stringify (<anonymous>)
    at eP (/Users/ahmedsalem/Desktop/all my projects/uneom.com/node_modules/next/dist/compiled/next-server/app-page.runtime.prod.js:12:142093)
    at eE (/Users/ahmedsalem/Desktop/all my projects/uneom.com/node_modules/next/dist/compiled/next-server/app-page.runtime.prod.js:12:142572)
    at Timeout._onTimeout (/Users/ahmedsalem/Desktop/all my projects/uneom.com/node_modules/next/dist/compiled/next-server/app-page.runtime.prod.js:12:135349)
    at listOnTimeout (node:internal/timers:605:17) {
  digest: '2101114011'
}
TypeError: Cannot read properties of undefined (reading 'map')
    at f (/Users/ahmedsalem/Desktop/all my projects/uneom.com/.next/server/app/ar/locations/[city]/[industry]/page.js:1:8960)
    at eh (/Users/ahmedsalem/Desktop/all my projects/uneom.com/node_modules/next/dist/compiled/next-server/app-page.runtime.prod.js:12:134660)
    at e (/Users/ahmedsalem/Desktop/all my projects/uneom.com/node_modules/next/dist/compiled/next-server/app-page.runtime.prod.js:12:137545)
    at ek (/Users/ahmedsalem/Desktop/all my projects/uneom.com/node_modules/next/dist/compiled/next-server/app-page.runtime.prod.js:12:138019)
    at Array.toJSON (/Users/ahmedsalem/Desktop/all my projects/uneom.com/node_modules/next/dist/compiled/next-server/app-page.runtime.prod.js:12:135629)
    at stringify (<anonymous>)
    at eP (/Users/ahmedsalem/Desktop/all my projects/uneom.com/node_modules/next/dist/compiled/next-server/app-page.runtime.prod.js:12:142093)
    at eE (/Users/ahmedsalem/Desktop/all my projects/uneom.com/node_modules/next/dist/compiled/next-server/app-page.runtime.prod.js:12:142572)
    at AsyncLocalStorage.run (node:internal/async_local_storage/async_context_frame:63:14)
    at Timeout._onTimeout (/Users/ahmedsalem/Desktop/all my projects/uneom.com/node_modules/next/dist/compiled/next-server/app-page.runtime.prod.js:12:150373) {
  digest: '3731830276'
}
TypeError: Cannot read properties of undefined (reading 'map')
    at f (/Users/ahmedsalem/Desktop/all my projects/uneom.com/.next/server/app/ar/locations/[city]/[industry]/page.js:1:8960)
    at eh (/Users/ahmedsalem/Desktop/all my projects/uneom.com/node_modules/next/dist/compiled/next-server/app-page.runtime.prod.js:12:134660)
    at e (/Users/ahmedsalem/Desktop/all my projects/uneom.com/node_modules/next/dist/compiled/next-server/app-page.runtime.prod.js:12:137545)
    at ek (/Users/ahmedsalem/Desktop/all my projects/uneom.com/node_modules/next/dist/compiled/next-server/app-page.runtime.prod.js:12:138019)
    at Array.toJSON (/Users/ahmedsalem/Desktop/all my projects/uneom.com/node_modules/next/dist/compiled/next-server/app-page.runtime.prod.js:12:135629)
    at stringify (<anonymous>)
    at eP (/Users/ahmedsalem/Desktop/all my projects/uneom.com/node_modules/next/dist/compiled/next-server/app-page.runtime.prod.js:12:142093)
    at eE (/Users/ahmedsalem/Desktop/all my projects/uneom.com/node_modules/next/dist/compiled/next-server/app-page.runtime.prod.js:12:142572)
    at Timeout._onTimeout (/Users/ahmedsalem/Desktop/all my projects/uneom.com/node_modules/next/dist/compiled/next-server/app-page.runtime.prod.js:12:135349)
    at listOnTimeout (node:internal/timers:605:17) {
  digest: '2101114011'
}
TypeError: Cannot read properties of undefined (reading 'map')
    at f (/Users/ahmedsalem/Desktop/all my projects/uneom.com/.next/server/app/ar/locations/[city]/[industry]/page.js:1:8960)
    at eh (/Users/ahmedsalem/Desktop/all my projects/uneom.com/node_modules/next/dist/compiled/next-server/app-page.runtime.prod.js:12:134660)
    at e (/Users/ahmedsalem/Desktop/all my projects/uneom.com/node_modules/next/dist/compiled/next-server/app-page.runtime.prod.js:12:137545)
    at ek (/Users/ahmedsalem/Desktop/all my projects/uneom.com/node_modules/next/dist/compiled/next-server/app-page.runtime.prod.js:12:138019)
    at Array.toJSON (/Users/ahmedsalem/Desktop/all my projects/uneom.com/node_modules/next/dist/compiled/next-server/app-page.runtime.prod.js:12:135629)
    at stringify (<anonymous>)
    at eP (/Users/ahmedsalem/Desktop/all my projects/uneom.com/node_modules/next/dist/compiled/next-server/app-page.runtime.prod.js:12:142093)
    at eE (/Users/ahmedsalem/Desktop/all my projects/uneom.com/node_modules/next/dist/compiled/next-server/app-page.runtime.prod.js:12:142572)
    at AsyncLocalStorage.run (node:internal/async_local_storage/async_context_frame:63:14)
    at Timeout._onTimeout (/Users/ahmedsalem/Desktop/all my projects/uneom.com/node_modules/next/dist/compiled/next-server/app-page.runtime.prod.js:12:150373) {
  digest: '3731830276'
}
TypeError: Cannot read properties of undefined (reading 'map')
    at f (/Users/ahmedsalem/Desktop/all my projects/uneom.com/.next/server/app/ar/locations/[city]/[industry]/page.js:1:8960)
    at eh (/Users/ahmedsalem/Desktop/all my projects/uneom.com/node_modules/next/dist/compiled/next-server/app-page.runtime.prod.js:12:134660)
    at e (/Users/ahmedsalem/Desktop/all my projects/uneom.com/node_modules/next/dist/compiled/next-server/app-page.runtime.prod.js:12:137545)
    at ek (/Users/ahmedsalem/Desktop/all my projects/uneom.com/node_modules/next/dist/compiled/next-server/app-page.runtime.prod.js:12:138019)
    at Array.toJSON (/Users/ahmedsalem/Desktop/all my projects/uneom.com/node_modules/next/dist/compiled/next-server/app-page.runtime.prod.js:12:135629)
    at stringify (<anonymous>)
    at eP (/Users/ahmedsalem/Desktop/all my projects/uneom.com/node_modules/next/dist/compiled/next-server/app-page.runtime.prod.js:12:142093)
    at eE (/Users/ahmedsalem/Desktop/all my projects/uneom.com/node_modules/next/dist/compiled/next-server/app-page.runtime.prod.js:12:142572)
    at Timeout._onTimeout (/Users/ahmedsalem/Desktop/all my projects/uneom.com/node_modules/next/dist/compiled/next-server/app-page.runtime.prod.js:12:135349)
    at listOnTimeout (node:internal/timers:605:17) {
  digest: '2101114011'
}

Error occurred prerendering page "/ar/locations/al-jubail/education". Read more: https://nextjs.org/docs/messages/prerender-error

TypeError: Cannot read properties of undefined (reading 'map')
    at f (/Users/ahmedsalem/Desktop/all my projects/uneom.com/.next/server/app/ar/locations/[city]/[industry]/page.js:1:8960)
    at eh (/Users/ahmedsalem/Desktop/all my projects/uneom.com/node_modules/next/dist/compiled/next-server/app-page.runtime.prod.js:12:134660)
    at e (/Users/ahmedsalem/Desktop/all my projects/uneom.com/node_modules/next/dist/compiled/next-server/app-page.runtime.prod.js:12:137545)
    at ek (/Users/ahmedsalem/Desktop/all my projects/uneom.com/node_modules/next/dist/compiled/next-server/app-page.runtime.prod.js:12:138019)
    at Array.toJSON (/Users/ahmedsalem/Desktop/all my projects/uneom.com/node_modules/next/dist/compiled/next-server/app-page.runtime.prod.js:12:135629)
    at stringify (<anonymous>)
    at eP (/Users/ahmedsalem/Desktop/all my projects/uneom.com/node_modules/next/dist/compiled/next-server/app-page.runtime.prod.js:12:142093)
    at eE (/Users/ahmedsalem/Desktop/all my projects/uneom.com/node_modules/next/dist/compiled/next-server/app-page.runtime.prod.js:12:142572)
    at AsyncLocalStorage.run (node:internal/async_local_storage/async_context_frame:63:14)
    at Timeout._onTimeout (/Users/ahmedsalem/Desktop/all my projects/uneom.com/node_modules/next/dist/compiled/next-server/app-page.runtime.prod.js:12:150373)

Error occurred prerendering page "/ar/locations/al-jubail/corporate". Read more: https://nextjs.org/docs/messages/prerender-error

TypeError: Cannot read properties of undefined (reading 'map')
    at f (/Users/ahmedsalem/Desktop/all my projects/uneom.com/.next/server/app/ar/locations/[city]/[industry]/page.js:1:8960)
    at eh (/Users/ahmedsalem/Desktop/all my projects/uneom.com/node_modules/next/dist/compiled/next-server/app-page.runtime.prod.js:12:134660)
    at e (/Users/ahmedsalem/Desktop/all my projects/uneom.com/node_modules/next/dist/compiled/next-server/app-page.runtime.prod.js:12:137545)
    at ek (/Users/ahmedsalem/Desktop/all my projects/uneom.com/node_modules/next/dist/compiled/next-server/app-page.runtime.prod.js:12:138019)
    at Array.toJSON (/Users/ahmedsalem/Desktop/all my projects/uneom.com/node_modules/next/dist/compiled/next-server/app-page.runtime.prod.js:12:135629)
    at stringify (<anonymous>)
    at eP (/Users/ahmedsalem/Desktop/all my projects/uneom.com/node_modules/next/dist/compiled/next-server/app-page.runtime.prod.js:12:142093)
    at eE (/Users/ahmedsalem/Desktop/all my projects/uneom.com/node_modules/next/dist/compiled/next-server/app-page.runtime.prod.js:12:142572)
    at AsyncLocalStorage.run (node:internal/async_local_storage/async_context_frame:63:14)
    at Timeout._onTimeout (/Users/ahmedsalem/Desktop/all my projects/uneom.com/node_modules/next/dist/compiled/next-server/app-page.runtime.prod.js:12:150373)

Error occurred prerendering page "/ar/locations/al-jubail/aviation". Read more: https://nextjs.org/docs/messages/prerender-error

TypeError: Cannot read properties of undefined (reading 'map')
    at f (/Users/ahmedsalem/Desktop/all my projects/uneom.com/.next/server/app/ar/locations/[city]/[industry]/page.js:1:8960)
    at eh (/Users/ahmedsalem/Desktop/all my projects/uneom.com/node_modules/next/dist/compiled/next-server/app-page.runtime.prod.js:12:134660)
    at e (/Users/ahmedsalem/Desktop/all my projects/uneom.com/node_modules/next/dist/compiled/next-server/app-page.runtime.prod.js:12:137545)
    at ek (/Users/ahmedsalem/Desktop/all my projects/uneom.com/node_modules/next/dist/compiled/next-server/app-page.runtime.prod.js:12:138019)
    at Array.toJSON (/Users/ahmedsalem/Desktop/all my projects/uneom.com/node_modules/next/dist/compiled/next-server/app-page.runtime.prod.js:12:135629)
    at stringify (<anonymous>)
    at eP (/Users/ahmedsalem/Desktop/all my projects/uneom.com/node_modules/next/dist/compiled/next-server/app-page.runtime.prod.js:12:142093)
    at eE (/Users/ahmedsalem/Desktop/all my projects/uneom.com/node_modules/next/dist/compiled/next-server/app-page.runtime.prod.js:12:142572)
    at AsyncLocalStorage.run (node:internal/async_local_storage/async_context_frame:63:14)
    at Timeout._onTimeout (/Users/ahmedsalem/Desktop/all my projects/uneom.com/node_modules/next/dist/compiled/next-server/app-page.runtime.prod.js:12:150373)

Error occurred prerendering page "/ar/locations/al-jubail/manufacturing". Read more: https://nextjs.org/docs/messages/prerender-error

TypeError: Cannot read properties of undefined (reading 'map')
    at f (/Users/ahmedsalem/Desktop/all my projects/uneom.com/.next/server/app/ar/locations/[city]/[industry]/page.js:1:8960)
    at eh (/Users/ahmedsalem/Desktop/all my projects/uneom.com/node_modules/next/dist/compiled/next-server/app-page.runtime.prod.js:12:134660)
    at e (/Users/ahmedsalem/Desktop/all my projects/uneom.com/node_modules/next/dist/compiled/next-server/app-page.runtime.prod.js:12:137545)
    at ek (/Users/ahmedsalem/Desktop/all my projects/uneom.com/node_modules/next/dist/compiled/next-server/app-page.runtime.prod.js:12:138019)
    at Array.toJSON (/Users/ahmedsalem/Desktop/all my projects/uneom.com/node_modules/next/dist/compiled/next-server/app-page.runtime.prod.js:12:135629)
    at stringify (<anonymous>)
    at eP (/Users/ahmedsalem/Desktop/all my projects/uneom.com/node_modules/next/dist/compiled/next-server/app-page.runtime.prod.js:12:142093)
    at eE (/Users/ahmedsalem/Desktop/all my projects/uneom.com/node_modules/next/dist/compiled/next-server/app-page.runtime.prod.js:12:142572)
    at AsyncLocalStorage.run (node:internal/async_local_storage/async_context_frame:63:14)
    at Timeout._onTimeout (/Users/ahmedsalem/Desktop/all my projects/uneom.com/node_modules/next/dist/compiled/next-server/app-page.runtime.prod.js:12:150373)
TypeError: Cannot read properties of undefined (reading 'map')
    at f (/Users/ahmedsalem/Desktop/all my projects/uneom.com/.next/server/app/ar/locations/[city]/[industry]/page.js:1:8960)
    at eh (/Users/ahmedsalem/Desktop/all my projects/uneom.com/node_modules/next/dist/compiled/next-server/app-page.runtime.prod.js:12:134660)
    at e (/Users/ahmedsalem/Desktop/all my projects/uneom.com/node_modules/next/dist/compiled/next-server/app-page.runtime.prod.js:12:137545)
    at ek (/Users/ahmedsalem/Desktop/all my projects/uneom.com/node_modules/next/dist/compiled/next-server/app-page.runtime.prod.js:12:138019)
    at Array.toJSON (/Users/ahmedsalem/Desktop/all my projects/uneom.com/node_modules/next/dist/compiled/next-server/app-page.runtime.prod.js:12:135629)
    at stringify (<anonymous>)
    at eP (/Users/ahmedsalem/Desktop/all my projects/uneom.com/node_modules/next/dist/compiled/next-server/app-page.runtime.prod.js:12:142093)
    at eE (/Users/ahmedsalem/Desktop/all my projects/uneom.com/node_modules/next/dist/compiled/next-server/app-page.runtime.prod.js:12:142572)
    at AsyncLocalStorage.run (node:internal/async_local_storage/async_context_frame:63:14)
    at Timeout._onTimeout (/Users/ahmedsalem/Desktop/all my projects/uneom.com/node_modules/next/dist/compiled/next-server/app-page.runtime.prod.js:12:150373) {
  digest: '3731830276'
}
TypeError: Cannot read properties of undefined (reading 'map')
    at f (/Users/ahmedsalem/Desktop/all my projects/uneom.com/.next/server/app/ar/locations/[city]/[industry]/page.js:1:8960)
    at eh (/Users/ahmedsalem/Desktop/all my projects/uneom.com/node_modules/next/dist/compiled/next-server/app-page.runtime.prod.js:12:134660)
    at e (/Users/ahmedsalem/Desktop/all my projects/uneom.com/node_modules/next/dist/compiled/next-server/app-page.runtime.prod.js:12:137545)
    at ek (/Users/ahmedsalem/Desktop/all my projects/uneom.com/node_modules/next/dist/compiled/next-server/app-page.runtime.prod.js:12:138019)
    at Array.toJSON (/Users/ahmedsalem/Desktop/all my projects/uneom.com/node_modules/next/dist/compiled/next-server/app-page.runtime.prod.js:12:135629)
    at stringify (<anonymous>)
    at eP (/Users/ahmedsalem/Desktop/all my projects/uneom.com/node_modules/next/dist/compiled/next-server/app-page.runtime.prod.js:12:142093)
    at eE (/Users/ahmedsalem/Desktop/all my projects/uneom.com/node_modules/next/dist/compiled/next-server/app-page.runtime.prod.js:12:142572)
    at Timeout._onTimeout (/Users/ahmedsalem/Desktop/all my projects/uneom.com/node_modules/next/dist/compiled/next-server/app-page.runtime.prod.js:12:135349)
    at listOnTimeout (node:internal/timers:605:17) {
  digest: '2101114011'
}
TypeError: Cannot read properties of undefined (reading 'map')
    at f (/Users/ahmedsalem/Desktop/all my projects/uneom.com/.next/server/app/ar/locations/[city]/[industry]/page.js:1:8960)
    at eh (/Users/ahmedsalem/Desktop/all my projects/uneom.com/node_modules/next/dist/compiled/next-server/app-page.runtime.prod.js:12:134660)
    at e (/Users/ahmedsalem/Desktop/all my projects/uneom.com/node_modules/next/dist/compiled/next-server/app-page.runtime.prod.js:12:137545)
    at ek (/Users/ahmedsalem/Desktop/all my projects/uneom.com/node_modules/next/dist/compiled/next-server/app-page.runtime.prod.js:12:138019)
    at Array.toJSON (/Users/ahmedsalem/Desktop/all my projects/uneom.com/node_modules/next/dist/compiled/next-server/app-page.runtime.prod.js:12:135629)
    at stringify (<anonymous>)
    at eP (/Users/ahmedsalem/Desktop/all my projects/uneom.com/node_modules/next/dist/compiled/next-server/app-page.runtime.prod.js:12:142093)
    at eE (/Users/ahmedsalem/Desktop/all my projects/uneom.com/node_modules/next/dist/compiled/next-server/app-page.runtime.prod.js:12:142572)
    at AsyncLocalStorage.run (node:internal/async_local_storage/async_context_frame:63:14)
    at Timeout._onTimeout (/Users/ahmedsalem/Desktop/all my projects/uneom.com/node_modules/next/dist/compiled/next-server/app-page.runtime.prod.js:12:150373) {
  digest: '3731830276'
}

Error occurred prerendering page "/ar/locations/al-jubail/security". Read more: https://nextjs.org/docs/messages/prerender-error

TypeError: Cannot read properties of undefined (reading 'map')
    at f (/Users/ahmedsalem/Desktop/all my projects/uneom.com/.next/server/app/ar/locations/[city]/[industry]/page.js:1:8960)
    at eh (/Users/ahmedsalem/Desktop/all my projects/uneom.com/node_modules/next/dist/compiled/next-server/app-page.runtime.prod.js:12:134660)
    at e (/Users/ahmedsalem/Desktop/all my projects/uneom.com/node_modules/next/dist/compiled/next-server/app-page.runtime.prod.js:12:137545)
    at ek (/Users/ahmedsalem/Desktop/all my projects/uneom.com/node_modules/next/dist/compiled/next-server/app-page.runtime.prod.js:12:138019)
    at Array.toJSON (/Users/ahmedsalem/Desktop/all my projects/uneom.com/node_modules/next/dist/compiled/next-server/app-page.runtime.prod.js:12:135629)
    at stringify (<anonymous>)
    at eP (/Users/ahmedsalem/Desktop/all my projects/uneom.com/node_modules/next/dist/compiled/next-server/app-page.runtime.prod.js:12:142093)
    at eE (/Users/ahmedsalem/Desktop/all my projects/uneom.com/node_modules/next/dist/compiled/next-server/app-page.runtime.prod.js:12:142572)
    at AsyncLocalStorage.run (node:internal/async_local_storage/async_context_frame:63:14)
    at Timeout._onTimeout (/Users/ahmedsalem/Desktop/all my projects/uneom.com/node_modules/next/dist/compiled/next-server/app-page.runtime.prod.js:12:150373)
TypeError: Cannot read properties of undefined (reading 'map')
    at f (/Users/ahmedsalem/Desktop/all my projects/uneom.com/.next/server/app/ar/locations/[city]/[industry]/page.js:1:8960)
    at eh (/Users/ahmedsalem/Desktop/all my projects/uneom.com/node_modules/next/dist/compiled/next-server/app-page.runtime.prod.js:12:134660)
    at e (/Users/ahmedsalem/Desktop/all my projects/uneom.com/node_modules/next/dist/compiled/next-server/app-page.runtime.prod.js:12:137545)
    at ek (/Users/ahmedsalem/Desktop/all my projects/uneom.com/node_modules/next/dist/compiled/next-server/app-page.runtime.prod.js:12:138019)
    at Array.toJSON (/Users/ahmedsalem/Desktop/all my projects/uneom.com/node_modules/next/dist/compiled/next-server/app-page.runtime.prod.js:12:135629)
    at stringify (<anonymous>)
    at eP (/Users/ahmedsalem/Desktop/all my projects/uneom.com/node_modules/next/dist/compiled/next-server/app-page.runtime.prod.js:12:142093)
    at eE (/Users/ahmedsalem/Desktop/all my projects/uneom.com/node_modules/next/dist/compiled/next-server/app-page.runtime.prod.js:12:142572)
    at Timeout._onTimeout (/Users/ahmedsalem/Desktop/all my projects/uneom.com/node_modules/next/dist/compiled/next-server/app-page.runtime.prod.js:12:135349)
    at listOnTimeout (node:internal/timers:605:17) {
  digest: '2101114011'
}

Error occurred prerendering page "/ar/locations/al-jubail/retail-shops". Read more: https://nextjs.org/docs/messages/prerender-error

TypeError: Cannot read properties of undefined (reading 'map')
    at f (/Users/ahmedsalem/Desktop/all my projects/uneom.com/.next/server/app/ar/locations/[city]/[industry]/page.js:1:8960)
    at eh (/Users/ahmedsalem/Desktop/all my projects/uneom.com/node_modules/next/dist/compiled/next-server/app-page.runtime.prod.js:12:134660)
    at e (/Users/ahmedsalem/Desktop/all my projects/uneom.com/node_modules/next/dist/compiled/next-server/app-page.runtime.prod.js:12:137545)
    at ek (/Users/ahmedsalem/Desktop/all my projects/uneom.com/node_modules/next/dist/compiled/next-server/app-page.runtime.prod.js:12:138019)
    at Array.toJSON (/Users/ahmedsalem/Desktop/all my projects/uneom.com/node_modules/next/dist/compiled/next-server/app-page.runtime.prod.js:12:135629)
    at stringify (<anonymous>)
    at eP (/Users/ahmedsalem/Desktop/all my projects/uneom.com/node_modules/next/dist/compiled/next-server/app-page.runtime.prod.js:12:142093)
    at eE (/Users/ahmedsalem/Desktop/all my projects/uneom.com/node_modules/next/dist/compiled/next-server/app-page.runtime.prod.js:12:142572)
    at AsyncLocalStorage.run (node:internal/async_local_storage/async_context_frame:63:14)
    at Timeout._onTimeout (/Users/ahmedsalem/Desktop/all my projects/uneom.com/node_modules/next/dist/compiled/next-server/app-page.runtime.prod.js:12:150373)
TypeError: Cannot read properties of undefined (reading 'map')
    at f (/Users/ahmedsalem/Desktop/all my projects/uneom.com/.next/server/app/ar/locations/[city]/[industry]/page.js:1:8960)
    at eh (/Users/ahmedsalem/Desktop/all my projects/uneom.com/node_modules/next/dist/compiled/next-server/app-page.runtime.prod.js:12:134660)
    at e (/Users/ahmedsalem/Desktop/all my projects/uneom.com/node_modules/next/dist/compiled/next-server/app-page.runtime.prod.js:12:137545)
    at ek (/Users/ahmedsalem/Desktop/all my projects/uneom.com/node_modules/next/dist/compiled/next-server/app-page.runtime.prod.js:12:138019)
    at Array.toJSON (/Users/ahmedsalem/Desktop/all my projects/uneom.com/node_modules/next/dist/compiled/next-server/app-page.runtime.prod.js:12:135629)
    at stringify (<anonymous>)
    at eP (/Users/ahmedsalem/Desktop/all my projects/uneom.com/node_modules/next/dist/compiled/next-server/app-page.runtime.prod.js:12:142093)
    at eE (/Users/ahmedsalem/Desktop/all my projects/uneom.com/node_modules/next/dist/compiled/next-server/app-page.runtime.prod.js:12:142572)
    at AsyncLocalStorage.run (node:internal/async_local_storage/async_context_frame:63:14)
    at Timeout._onTimeout (/Users/ahmedsalem/Desktop/all my projects/uneom.com/node_modules/next/dist/compiled/next-server/app-page.runtime.prod.js:12:150373) {
  digest: '3731830276'
}
TypeError: Cannot read properties of undefined (reading 'map')
    at f (/Users/ahmedsalem/Desktop/all my projects/uneom.com/.next/server/app/ar/locations/[city]/[industry]/page.js:1:8960)
    at eh (/Users/ahmedsalem/Desktop/all my projects/uneom.com/node_modules/next/dist/compiled/next-server/app-page.runtime.prod.js:12:134660)
    at e (/Users/ahmedsalem/Desktop/all my projects/uneom.com/node_modules/next/dist/compiled/next-server/app-page.runtime.prod.js:12:137545)
    at ek (/Users/ahmedsalem/Desktop/all my projects/uneom.com/node_modules/next/dist/compiled/next-server/app-page.runtime.prod.js:12:138019)
    at Array.toJSON (/Users/ahmedsalem/Desktop/all my projects/uneom.com/node_modules/next/dist/compiled/next-server/app-page.runtime.prod.js:12:135629)
    at stringify (<anonymous>)
    at eP (/Users/ahmedsalem/Desktop/all my projects/uneom.com/node_modules/next/dist/compiled/next-server/app-page.runtime.prod.js:12:142093)
    at eE (/Users/ahmedsalem/Desktop/all my projects/uneom.com/node_modules/next/dist/compiled/next-server/app-page.runtime.prod.js:12:142572)
    at Timeout._onTimeout (/Users/ahmedsalem/Desktop/all my projects/uneom.com/node_modules/next/dist/compiled/next-server/app-page.runtime.prod.js:12:135349)
    at listOnTimeout (node:internal/timers:605:17) {
  digest: '2101114011'
}

Error occurred prerendering page "/ar/locations/al-jubail/supply-manufacturing". Read more: https://nextjs.org/docs/messages/prerender-error

TypeError: Cannot read properties of undefined (reading 'map')
    at f (/Users/ahmedsalem/Desktop/all my projects/uneom.com/.next/server/app/ar/locations/[city]/[industry]/page.js:1:8960)
    at eh (/Users/ahmedsalem/Desktop/all my projects/uneom.com/node_modules/next/dist/compiled/next-server/app-page.runtime.prod.js:12:134660)
    at e (/Users/ahmedsalem/Desktop/all my projects/uneom.com/node_modules/next/dist/compiled/next-server/app-page.runtime.prod.js:12:137545)
    at ek (/Users/ahmedsalem/Desktop/all my projects/uneom.com/node_modules/next/dist/compiled/next-server/app-page.runtime.prod.js:12:138019)
    at Array.toJSON (/Users/ahmedsalem/Desktop/all my projects/uneom.com/node_modules/next/dist/compiled/next-server/app-page.runtime.prod.js:12:135629)
    at stringify (<anonymous>)
    at eP (/Users/ahmedsalem/Desktop/all my projects/uneom.com/node_modules/next/dist/compiled/next-server/app-page.runtime.prod.js:12:142093)
    at eE (/Users/ahmedsalem/Desktop/all my projects/uneom.com/node_modules/next/dist/compiled/next-server/app-page.runtime.prod.js:12:142572)
    at AsyncLocalStorage.run (node:internal/async_local_storage/async_context_frame:63:14)
    at Timeout._onTimeout (/Users/ahmedsalem/Desktop/all my projects/uneom.com/node_modules/next/dist/compiled/next-server/app-page.runtime.prod.js:12:150373)
TypeError: Cannot read properties of undefined (reading 'map')
    at f (/Users/ahmedsalem/Desktop/all my projects/uneom.com/.next/server/app/ar/locations/[city]/[industry]/page.js:1:8960)
    at eh (/Users/ahmedsalem/Desktop/all my projects/uneom.com/node_modules/next/dist/compiled/next-server/app-page.runtime.prod.js:12:134660)
    at e (/Users/ahmedsalem/Desktop/all my projects/uneom.com/node_modules/next/dist/compiled/next-server/app-page.runtime.prod.js:12:137545)
    at ek (/Users/ahmedsalem/Desktop/all my projects/uneom.com/node_modules/next/dist/compiled/next-server/app-page.runtime.prod.js:12:138019)
    at Array.toJSON (/Users/ahmedsalem/Desktop/all my projects/uneom.com/node_modules/next/dist/compiled/next-server/app-page.runtime.prod.js:12:135629)
    at stringify (<anonymous>)
    at eP (/Users/ahmedsalem/Desktop/all my projects/uneom.com/node_modules/next/dist/compiled/next-server/app-page.runtime.prod.js:12:142093)
    at eE (/Users/ahmedsalem/Desktop/all my projects/uneom.com/node_modules/next/dist/compiled/next-server/app-page.runtime.prod.js:12:142572)
    at AsyncLocalStorage.run (node:internal/async_local_storage/async_context_frame:63:14)
    at Timeout._onTimeout (/Users/ahmedsalem/Desktop/all my projects/uneom.com/node_modules/next/dist/compiled/next-server/app-page.runtime.prod.js:12:150373) {
  digest: '3731830276'
}
TypeError: Cannot read properties of undefined (reading 'map')
    at f (/Users/ahmedsalem/Desktop/all my projects/uneom.com/.next/server/app/ar/locations/[city]/[industry]/page.js:1:8960)
    at eh (/Users/ahmedsalem/Desktop/all my projects/uneom.com/node_modules/next/dist/compiled/next-server/app-page.runtime.prod.js:12:134660)
    at e (/Users/ahmedsalem/Desktop/all my projects/uneom.com/node_modules/next/dist/compiled/next-server/app-page.runtime.prod.js:12:137545)
    at ek (/Users/ahmedsalem/Desktop/all my projects/uneom.com/node_modules/next/dist/compiled/next-server/app-page.runtime.prod.js:12:138019)
    at Array.toJSON (/Users/ahmedsalem/Desktop/all my projects/uneom.com/node_modules/next/dist/compiled/next-server/app-page.runtime.prod.js:12:135629)
    at stringify (<anonymous>)
    at eP (/Users/ahmedsalem/Desktop/all my projects/uneom.com/node_modules/next/dist/compiled/next-server/app-page.runtime.prod.js:12:142093)
    at eE (/Users/ahmedsalem/Desktop/all my projects/uneom.com/node_modules/next/dist/compiled/next-server/app-page.runtime.prod.js:12:142572)
    at Timeout._onTimeout (/Users/ahmedsalem/Desktop/all my projects/uneom.com/node_modules/next/dist/compiled/next-server/app-page.runtime.prod.js:12:135349)
    at listOnTimeout (node:internal/timers:605:17) {
  digest: '2101114011'
}

Error occurred prerendering page "/ar/locations/dhahran/aviation". Read more: https://nextjs.org/docs/messages/prerender-error

TypeError: Cannot read properties of undefined (reading 'map')
    at f (/Users/ahmedsalem/Desktop/all my projects/uneom.com/.next/server/app/ar/locations/[city]/[industry]/page.js:1:8960)
    at eh (/Users/ahmedsalem/Desktop/all my projects/uneom.com/node_modules/next/dist/compiled/next-server/app-page.runtime.prod.js:12:134660)
    at e (/Users/ahmedsalem/Desktop/all my projects/uneom.com/node_modules/next/dist/compiled/next-server/app-page.runtime.prod.js:12:137545)
    at ek (/Users/ahmedsalem/Desktop/all my projects/uneom.com/node_modules/next/dist/compiled/next-server/app-page.runtime.prod.js:12:138019)
    at Array.toJSON (/Users/ahmedsalem/Desktop/all my projects/uneom.com/node_modules/next/dist/compiled/next-server/app-page.runtime.prod.js:12:135629)
    at stringify (<anonymous>)
    at eP (/Users/ahmedsalem/Desktop/all my projects/uneom.com/node_modules/next/dist/compiled/next-server/app-page.runtime.prod.js:12:142093)
    at eE (/Users/ahmedsalem/Desktop/all my projects/uneom.com/node_modules/next/dist/compiled/next-server/app-page.runtime.prod.js:12:142572)
    at AsyncLocalStorage.run (node:internal/async_local_storage/async_context_frame:63:14)
    at Timeout._onTimeout (/Users/ahmedsalem/Desktop/all my projects/uneom.com/node_modules/next/dist/compiled/next-server/app-page.runtime.prod.js:12:150373)
TypeError: Cannot read properties of undefined (reading 'map')
    at f (/Users/ahmedsalem/Desktop/all my projects/uneom.com/.next/server/app/ar/locations/[city]/[industry]/page.js:1:8960)
    at eh (/Users/ahmedsalem/Desktop/all my projects/uneom.com/node_modules/next/dist/compiled/next-server/app-page.runtime.prod.js:12:134660)
    at e (/Users/ahmedsalem/Desktop/all my projects/uneom.com/node_modules/next/dist/compiled/next-server/app-page.runtime.prod.js:12:137545)
    at ek (/Users/ahmedsalem/Desktop/all my projects/uneom.com/node_modules/next/dist/compiled/next-server/app-page.runtime.prod.js:12:138019)
    at Array.toJSON (/Users/ahmedsalem/Desktop/all my projects/uneom.com/node_modules/next/dist/compiled/next-server/app-page.runtime.prod.js:12:135629)
    at stringify (<anonymous>)
    at eP (/Users/ahmedsalem/Desktop/all my projects/uneom.com/node_modules/next/dist/compiled/next-server/app-page.runtime.prod.js:12:142093)
    at eE (/Users/ahmedsalem/Desktop/all my projects/uneom.com/node_modules/next/dist/compiled/next-server/app-page.runtime.prod.js:12:142572)
    at AsyncLocalStorage.run (node:internal/async_local_storage/async_context_frame:63:14)
    at Timeout._onTimeout (/Users/ahmedsalem/Desktop/all my projects/uneom.com/node_modules/next/dist/compiled/next-server/app-page.runtime.prod.js:12:150373) {
  digest: '3731830276'
}
TypeError: Cannot read properties of undefined (reading 'map')
    at f (/Users/ahmedsalem/Desktop/all my projects/uneom.com/.next/server/app/ar/locations/[city]/[industry]/page.js:1:8960)
    at eh (/Users/ahmedsalem/Desktop/all my projects/uneom.com/node_modules/next/dist/compiled/next-server/app-page.runtime.prod.js:12:134660)
    at e (/Users/ahmedsalem/Desktop/all my projects/uneom.com/node_modules/next/dist/compiled/next-server/app-page.runtime.prod.js:12:137545)
    at ek (/Users/ahmedsalem/Desktop/all my projects/uneom.com/node_modules/next/dist/compiled/next-server/app-page.runtime.prod.js:12:138019)
    at Array.toJSON (/Users/ahmedsalem/Desktop/all my projects/uneom.com/node_modules/next/dist/compiled/next-server/app-page.runtime.prod.js:12:135629)
    at stringify (<anonymous>)
    at eP (/Users/ahmedsalem/Desktop/all my projects/uneom.com/node_modules/next/dist/compiled/next-server/app-page.runtime.prod.js:12:142093)
    at eE (/Users/ahmedsalem/Desktop/all my projects/uneom.com/node_modules/next/dist/compiled/next-server/app-page.runtime.prod.js:12:142572)
    at Timeout._onTimeout (/Users/ahmedsalem/Desktop/all my projects/uneom.com/node_modules/next/dist/compiled/next-server/app-page.runtime.prod.js:12:135349)
    at listOnTimeout (node:internal/timers:605:17) {
  digest: '2101114011'
}

Error occurred prerendering page "/ar/locations/dhahran/hospitality". Read more: https://nextjs.org/docs/messages/prerender-error

TypeError: Cannot read properties of undefined (reading 'map')
    at f (/Users/ahmedsalem/Desktop/all my projects/uneom.com/.next/server/app/ar/locations/[city]/[industry]/page.js:1:8960)
    at eh (/Users/ahmedsalem/Desktop/all my projects/uneom.com/node_modules/next/dist/compiled/next-server/app-page.runtime.prod.js:12:134660)
    at e (/Users/ahmedsalem/Desktop/all my projects/uneom.com/node_modules/next/dist/compiled/next-server/app-page.runtime.prod.js:12:137545)
    at ek (/Users/ahmedsalem/Desktop/all my projects/uneom.com/node_modules/next/dist/compiled/next-server/app-page.runtime.prod.js:12:138019)
    at Array.toJSON (/Users/ahmedsalem/Desktop/all my projects/uneom.com/node_modules/next/dist/compiled/next-server/app-page.runtime.prod.js:12:135629)
    at stringify (<anonymous>)
    at eP (/Users/ahmedsalem/Desktop/all my projects/uneom.com/node_modules/next/dist/compiled/next-server/app-page.runtime.prod.js:12:142093)
    at eE (/Users/ahmedsalem/Desktop/all my projects/uneom.com/node_modules/next/dist/compiled/next-server/app-page.runtime.prod.js:12:142572)
    at AsyncLocalStorage.run (node:internal/async_local_storage/async_context_frame:63:14)
    at Timeout._onTimeout (/Users/ahmedsalem/Desktop/all my projects/uneom.com/node_modules/next/dist/compiled/next-server/app-page.runtime.prod.js:12:150373)
TypeError: Cannot read properties of undefined (reading 'map')
    at f (/Users/ahmedsalem/Desktop/all my projects/uneom.com/.next/server/app/ar/locations/[city]/[industry]/page.js:1:8960)
    at eh (/Users/ahmedsalem/Desktop/all my projects/uneom.com/node_modules/next/dist/compiled/next-server/app-page.runtime.prod.js:12:134660)
    at e (/Users/ahmedsalem/Desktop/all my projects/uneom.com/node_modules/next/dist/compiled/next-server/app-page.runtime.prod.js:12:137545)
    at ek (/Users/ahmedsalem/Desktop/all my projects/uneom.com/node_modules/next/dist/compiled/next-server/app-page.runtime.prod.js:12:138019)
    at Array.toJSON (/Users/ahmedsalem/Desktop/all my projects/uneom.com/node_modules/next/dist/compiled/next-server/app-page.runtime.prod.js:12:135629)
    at stringify (<anonymous>)
    at eP (/Users/ahmedsalem/Desktop/all my projects/uneom.com/node_modules/next/dist/compiled/next-server/app-page.runtime.prod.js:12:142093)
    at eE (/Users/ahmedsalem/Desktop/all my projects/uneom.com/node_modules/next/dist/compiled/next-server/app-page.runtime.prod.js:12:142572)
    at AsyncLocalStorage.run (node:internal/async_local_storage/async_context_frame:63:14)
    at Timeout._onTimeout (/Users/ahmedsalem/Desktop/all my projects/uneom.com/node_modules/next/dist/compiled/next-server/app-page.runtime.prod.js:12:150373) {
  digest: '3731830276'
}
TypeError: Cannot read properties of undefined (reading 'map')
    at f (/Users/ahmedsalem/Desktop/all my projects/uneom.com/.next/server/app/ar/locations/[city]/[industry]/page.js:1:8960)
    at eh (/Users/ahmedsalem/Desktop/all my projects/uneom.com/node_modules/next/dist/compiled/next-server/app-page.runtime.prod.js:12:134660)
    at e (/Users/ahmedsalem/Desktop/all my projects/uneom.com/node_modules/next/dist/compiled/next-server/app-page.runtime.prod.js:12:137545)
    at ek (/Users/ahmedsalem/Desktop/all my projects/uneom.com/node_modules/next/dist/compiled/next-server/app-page.runtime.prod.js:12:138019)
    at Array.toJSON (/Users/ahmedsalem/Desktop/all my projects/uneom.com/node_modules/next/dist/compiled/next-server/app-page.runtime.prod.js:12:135629)
    at stringify (<anonymous>)
    at eP (/Users/ahmedsalem/Desktop/all my projects/uneom.com/node_modules/next/dist/compiled/next-server/app-page.runtime.prod.js:12:142093)
    at eE (/Users/ahmedsalem/Desktop/all my projects/uneom.com/node_modules/next/dist/compiled/next-server/app-page.runtime.prod.js:12:142572)
    at Timeout._onTimeout (/Users/ahmedsalem/Desktop/all my projects/uneom.com/node_modules/next/dist/compiled/next-server/app-page.runtime.prod.js:12:135349)
    at listOnTimeout (node:internal/timers:605:17) {
  digest: '2101114011'
}

Error occurred prerendering page "/ar/locations/dhahran/healthcare". Read more: https://nextjs.org/docs/messages/prerender-error

TypeError: Cannot read properties of undefined (reading 'map')
    at f (/Users/ahmedsalem/Desktop/all my projects/uneom.com/.next/server/app/ar/locations/[city]/[industry]/page.js:1:8960)
    at eh (/Users/ahmedsalem/Desktop/all my projects/uneom.com/node_modules/next/dist/compiled/next-server/app-page.runtime.prod.js:12:134660)
    at e (/Users/ahmedsalem/Desktop/all my projects/uneom.com/node_modules/next/dist/compiled/next-server/app-page.runtime.prod.js:12:137545)
    at ek (/Users/ahmedsalem/Desktop/all my projects/uneom.com/node_modules/next/dist/compiled/next-server/app-page.runtime.prod.js:12:138019)
    at Array.toJSON (/Users/ahmedsalem/Desktop/all my projects/uneom.com/node_modules/next/dist/compiled/next-server/app-page.runtime.prod.js:12:135629)
    at stringify (<anonymous>)
    at eP (/Users/ahmedsalem/Desktop/all my projects/uneom.com/node_modules/next/dist/compiled/next-server/app-page.runtime.prod.js:12:142093)
    at eE (/Users/ahmedsalem/Desktop/all my projects/uneom.com/node_modules/next/dist/compiled/next-server/app-page.runtime.prod.js:12:142572)
    at AsyncLocalStorage.run (node:internal/async_local_storage/async_context_frame:63:14)
    at Timeout._onTimeout (/Users/ahmedsalem/Desktop/all my projects/uneom.com/node_modules/next/dist/compiled/next-server/app-page.runtime.prod.js:12:150373)

Error occurred prerendering page "/ar/locations/al-jubail/factory-industry". Read more: https://nextjs.org/docs/messages/prerender-error

TypeError: Cannot read properties of undefined (reading 'map')
    at f (/Users/ahmedsalem/Desktop/all my projects/uneom.com/.next/server/app/ar/locations/[city]/[industry]/page.js:1:8960)
    at eh (/Users/ahmedsalem/Desktop/all my projects/uneom.com/node_modules/next/dist/compiled/next-server/app-page.runtime.prod.js:12:134660)
    at e (/Users/ahmedsalem/Desktop/all my projects/uneom.com/node_modules/next/dist/compiled/next-server/app-page.runtime.prod.js:12:137545)
    at ek (/Users/ahmedsalem/Desktop/all my projects/uneom.com/node_modules/next/dist/compiled/next-server/app-page.runtime.prod.js:12:138019)
    at Array.toJSON (/Users/ahmedsalem/Desktop/all my projects/uneom.com/node_modules/next/dist/compiled/next-server/app-page.runtime.prod.js:12:135629)
    at stringify (<anonymous>)
    at eP (/Users/ahmedsalem/Desktop/all my projects/uneom.com/node_modules/next/dist/compiled/next-server/app-page.runtime.prod.js:12:142093)
    at eE (/Users/ahmedsalem/Desktop/all my projects/uneom.com/node_modules/next/dist/compiled/next-server/app-page.runtime.prod.js:12:142572)
    at AsyncLocalStorage.run (node:internal/async_local_storage/async_context_frame:63:14)
    at Timeout._onTimeout (/Users/ahmedsalem/Desktop/all my projects/uneom.com/node_modules/next/dist/compiled/next-server/app-page.runtime.prod.js:12:150373)
TypeError: Cannot read properties of undefined (reading 'map')
    at f (/Users/ahmedsalem/Desktop/all my projects/uneom.com/.next/server/app/ar/locations/[city]/[industry]/page.js:1:8960)
    at eh (/Users/ahmedsalem/Desktop/all my projects/uneom.com/node_modules/next/dist/compiled/next-server/app-page.runtime.prod.js:12:134660)
    at e (/Users/ahmedsalem/Desktop/all my projects/uneom.com/node_modules/next/dist/compiled/next-server/app-page.runtime.prod.js:12:137545)
    at ek (/Users/ahmedsalem/Desktop/all my projects/uneom.com/node_modules/next/dist/compiled/next-server/app-page.runtime.prod.js:12:138019)
    at Array.toJSON (/Users/ahmedsalem/Desktop/all my projects/uneom.com/node_modules/next/dist/compiled/next-server/app-page.runtime.prod.js:12:135629)
    at stringify (<anonymous>)
    at eP (/Users/ahmedsalem/Desktop/all my projects/uneom.com/node_modules/next/dist/compiled/next-server/app-page.runtime.prod.js:12:142093)
    at eE (/Users/ahmedsalem/Desktop/all my projects/uneom.com/node_modules/next/dist/compiled/next-server/app-page.runtime.prod.js:12:142572)
    at AsyncLocalStorage.run (node:internal/async_local_storage/async_context_frame:63:14)
    at Timeout._onTimeout (/Users/ahmedsalem/Desktop/all my projects/uneom.com/node_modules/next/dist/compiled/next-server/app-page.runtime.prod.js:12:150373) {
  digest: '3731830276'
}
TypeError: Cannot read properties of undefined (reading 'map')
    at f (/Users/ahmedsalem/Desktop/all my projects/uneom.com/.next/server/app/ar/locations/[city]/[industry]/page.js:1:8960)
    at eh (/Users/ahmedsalem/Desktop/all my projects/uneom.com/node_modules/next/dist/compiled/next-server/app-page.runtime.prod.js:12:134660)
    at e (/Users/ahmedsalem/Desktop/all my projects/uneom.com/node_modules/next/dist/compiled/next-server/app-page.runtime.prod.js:12:137545)
    at ek (/Users/ahmedsalem/Desktop/all my projects/uneom.com/node_modules/next/dist/compiled/next-server/app-page.runtime.prod.js:12:138019)
    at Array.toJSON (/Users/ahmedsalem/Desktop/all my projects/uneom.com/node_modules/next/dist/compiled/next-server/app-page.runtime.prod.js:12:135629)
    at stringify (<anonymous>)
    at eP (/Users/ahmedsalem/Desktop/all my projects/uneom.com/node_modules/next/dist/compiled/next-server/app-page.runtime.prod.js:12:142093)
    at eE (/Users/ahmedsalem/Desktop/all my projects/uneom.com/node_modules/next/dist/compiled/next-server/app-page.runtime.prod.js:12:142572)
    at AsyncLocalStorage.run (node:internal/async_local_storage/async_context_frame:63:14)
    at Timeout._onTimeout (/Users/ahmedsalem/Desktop/all my projects/uneom.com/node_modules/next/dist/compiled/next-server/app-page.runtime.prod.js:12:150373) {
  digest: '3731830276'
}
TypeError: Cannot read properties of undefined (reading 'map')
    at f (/Users/ahmedsalem/Desktop/all my projects/uneom.com/.next/server/app/ar/locations/[city]/[industry]/page.js:1:8960)
    at eh (/Users/ahmedsalem/Desktop/all my projects/uneom.com/node_modules/next/dist/compiled/next-server/app-page.runtime.prod.js:12:134660)
    at e (/Users/ahmedsalem/Desktop/all my projects/uneom.com/node_modules/next/dist/compiled/next-server/app-page.runtime.prod.js:12:137545)
    at ek (/Users/ahmedsalem/Desktop/all my projects/uneom.com/node_modules/next/dist/compiled/next-server/app-page.runtime.prod.js:12:138019)
    at Array.toJSON (/Users/ahmedsalem/Desktop/all my projects/uneom.com/node_modules/next/dist/compiled/next-server/app-page.runtime.prod.js:12:135629)
    at stringify (<anonymous>)
    at eP (/Users/ahmedsalem/Desktop/all my projects/uneom.com/node_modules/next/dist/compiled/next-server/app-page.runtime.prod.js:12:142093)
    at eE (/Users/ahmedsalem/Desktop/all my projects/uneom.com/node_modules/next/dist/compiled/next-server/app-page.runtime.prod.js:12:142572)
    at Timeout._onTimeout (/Users/ahmedsalem/Desktop/all my projects/uneom.com/node_modules/next/dist/compiled/next-server/app-page.runtime.prod.js:12:135349)
    at listOnTimeout (node:internal/timers:605:17) {
  digest: '2101114011'
}
TypeError: Cannot read properties of undefined (reading 'map')
    at f (/Users/ahmedsalem/Desktop/all my projects/uneom.com/.next/server/app/ar/locations/[city]/[industry]/page.js:1:8960)
    at eh (/Users/ahmedsalem/Desktop/all my projects/uneom.com/node_modules/next/dist/compiled/next-server/app-page.runtime.prod.js:12:134660)
    at e (/Users/ahmedsalem/Desktop/all my projects/uneom.com/node_modules/next/dist/compiled/next-server/app-page.runtime.prod.js:12:137545)
    at ek (/Users/ahmedsalem/Desktop/all my projects/uneom.com/node_modules/next/dist/compiled/next-server/app-page.runtime.prod.js:12:138019)
    at Array.toJSON (/Users/ahmedsalem/Desktop/all my projects/uneom.com/node_modules/next/dist/compiled/next-server/app-page.runtime.prod.js:12:135629)
    at stringify (<anonymous>)
    at eP (/Users/ahmedsalem/Desktop/all my projects/uneom.com/node_modules/next/dist/compiled/next-server/app-page.runtime.prod.js:12:142093)
    at eE (/Users/ahmedsalem/Desktop/all my projects/uneom.com/node_modules/next/dist/compiled/next-server/app-page.runtime.prod.js:12:142572)
    at AsyncLocalStorage.run (node:internal/async_local_storage/async_context_frame:63:14)
    at Timeout._onTimeout (/Users/ahmedsalem/Desktop/all my projects/uneom.com/node_modules/next/dist/compiled/next-server/app-page.runtime.prod.js:12:150373) {
  digest: '3731830276'
}
TypeError: Cannot read properties of undefined (reading 'map')
    at f (/Users/ahmedsalem/Desktop/all my projects/uneom.com/.next/server/app/ar/locations/[city]/[industry]/page.js:1:8960)
    at eh (/Users/ahmedsalem/Desktop/all my projects/uneom.com/node_modules/next/dist/compiled/next-server/app-page.runtime.prod.js:12:134660)
    at e (/Users/ahmedsalem/Desktop/all my projects/uneom.com/node_modules/next/dist/compiled/next-server/app-page.runtime.prod.js:12:137545)
    at ek (/Users/ahmedsalem/Desktop/all my projects/uneom.com/node_modules/next/dist/compiled/next-server/app-page.runtime.prod.js:12:138019)
    at Array.toJSON (/Users/ahmedsalem/Desktop/all my projects/uneom.com/node_modules/next/dist/compiled/next-server/app-page.runtime.prod.js:12:135629)
    at stringify (<anonymous>)
    at eP (/Users/ahmedsalem/Desktop/all my projects/uneom.com/node_modules/next/dist/compiled/next-server/app-page.runtime.prod.js:12:142093)
    at eE (/Users/ahmedsalem/Desktop/all my projects/uneom.com/node_modules/next/dist/compiled/next-server/app-page.runtime.prod.js:12:142572)
    at Timeout._onTimeout (/Users/ahmedsalem/Desktop/all my projects/uneom.com/node_modules/next/dist/compiled/next-server/app-page.runtime.prod.js:12:135349)
    at listOnTimeout (node:internal/timers:605:17) {
  digest: '2101114011'
}
TypeError: Cannot read properties of undefined (reading 'map')
    at f (/Users/ahmedsalem/Desktop/all my projects/uneom.com/.next/server/app/ar/locations/[city]/[industry]/page.js:1:8960)
    at eh (/Users/ahmedsalem/Desktop/all my projects/uneom.com/node_modules/next/dist/compiled/next-server/app-page.runtime.prod.js:12:134660)
    at e (/Users/ahmedsalem/Desktop/all my projects/uneom.com/node_modules/next/dist/compiled/next-server/app-page.runtime.prod.js:12:137545)
    at ek (/Users/ahmedsalem/Desktop/all my projects/uneom.com/node_modules/next/dist/compiled/next-server/app-page.runtime.prod.js:12:138019)
    at Array.toJSON (/Users/ahmedsalem/Desktop/all my projects/uneom.com/node_modules/next/dist/compiled/next-server/app-page.runtime.prod.js:12:135629)
    at stringify (<anonymous>)
    at eP (/Users/ahmedsalem/Desktop/all my projects/uneom.com/node_modules/next/dist/compiled/next-server/app-page.runtime.prod.js:12:142093)
    at eE (/Users/ahmedsalem/Desktop/all my projects/uneom.com/node_modules/next/dist/compiled/next-server/app-page.runtime.prod.js:12:142572)
    at AsyncLocalStorage.run (node:internal/async_local_storage/async_context_frame:63:14)
    at Timeout._onTimeout (/Users/ahmedsalem/Desktop/all my projects/uneom.com/node_modules/next/dist/compiled/next-server/app-page.runtime.prod.js:12:150373) {
  digest: '3731830276'
}
TypeError: Cannot read properties of undefined (reading 'map')
    at f (/Users/ahmedsalem/Desktop/all my projects/uneom.com/.next/server/app/ar/locations/[city]/[industry]/page.js:1:8960)
    at eh (/Users/ahmedsalem/Desktop/all my projects/uneom.com/node_modules/next/dist/compiled/next-server/app-page.runtime.prod.js:12:134660)
    at e (/Users/ahmedsalem/Desktop/all my projects/uneom.com/node_modules/next/dist/compiled/next-server/app-page.runtime.prod.js:12:137545)
    at ek (/Users/ahmedsalem/Desktop/all my projects/uneom.com/node_modules/next/dist/compiled/next-server/app-page.runtime.prod.js:12:138019)
    at Array.toJSON (/Users/ahmedsalem/Desktop/all my projects/uneom.com/node_modules/next/dist/compiled/next-server/app-page.runtime.prod.js:12:135629)
    at stringify (<anonymous>)
    at eP (/Users/ahmedsalem/Desktop/all my projects/uneom.com/node_modules/next/dist/compiled/next-server/app-page.runtime.prod.js:12:142093)
    at eE (/Users/ahmedsalem/Desktop/all my projects/uneom.com/node_modules/next/dist/compiled/next-server/app-page.runtime.prod.js:12:142572)
    at AsyncLocalStorage.run (node:internal/async_local_storage/async_context_frame:63:14)
    at Timeout._onTimeout (/Users/ahmedsalem/Desktop/all my projects/uneom.com/node_modules/next/dist/compiled/next-server/app-page.runtime.prod.js:12:150373) {
  digest: '3731830276'
}
TypeError: Cannot read properties of undefined (reading 'map')
    at f (/Users/ahmedsalem/Desktop/all my projects/uneom.com/.next/server/app/ar/locations/[city]/[industry]/page.js:1:8960)
    at eh (/Users/ahmedsalem/Desktop/all my projects/uneom.com/node_modules/next/dist/compiled/next-server/app-page.runtime.prod.js:12:134660)
    at e (/Users/ahmedsalem/Desktop/all my projects/uneom.com/node_modules/next/dist/compiled/next-server/app-page.runtime.prod.js:12:137545)
    at ek (/Users/ahmedsalem/Desktop/all my projects/uneom.com/node_modules/next/dist/compiled/next-server/app-page.runtime.prod.js:12:138019)
    at Array.toJSON (/Users/ahmedsalem/Desktop/all my projects/uneom.com/node_modules/next/dist/compiled/next-server/app-page.runtime.prod.js:12:135629)
    at stringify (<anonymous>)
    at eP (/Users/ahmedsalem/Desktop/all my projects/uneom.com/node_modules/next/dist/compiled/next-server/app-page.runtime.prod.js:12:142093)
    at eE (/Users/ahmedsalem/Desktop/all my projects/uneom.com/node_modules/next/dist/compiled/next-server/app-page.runtime.prod.js:12:142572)
    at AsyncLocalStorage.run (node:internal/async_local_storage/async_context_frame:63:14)
    at Timeout._onTimeout (/Users/ahmedsalem/Desktop/all my projects/uneom.com/node_modules/next/dist/compiled/next-server/app-page.runtime.prod.js:12:150373) {
  digest: '3731830276'
}
TypeError: Cannot read properties of undefined (reading 'map')
    at f (/Users/ahmedsalem/Desktop/all my projects/uneom.com/.next/server/app/ar/locations/[city]/[industry]/page.js:1:8960)
    at eh (/Users/ahmedsalem/Desktop/all my projects/uneom.com/node_modules/next/dist/compiled/next-server/app-page.runtime.prod.js:12:134660)
    at e (/Users/ahmedsalem/Desktop/all my projects/uneom.com/node_modules/next/dist/compiled/next-server/app-page.runtime.prod.js:12:137545)
    at ek (/Users/ahmedsalem/Desktop/all my projects/uneom.com/node_modules/next/dist/compiled/next-server/app-page.runtime.prod.js:12:138019)
    at Array.toJSON (/Users/ahmedsalem/Desktop/all my projects/uneom.com/node_modules/next/dist/compiled/next-server/app-page.runtime.prod.js:12:135629)
    at stringify (<anonymous>)
    at eP (/Users/ahmedsalem/Desktop/all my projects/uneom.com/node_modules/next/dist/compiled/next-server/app-page.runtime.prod.js:12:142093)
    at eE (/Users/ahmedsalem/Desktop/all my projects/uneom.com/node_modules/next/dist/compiled/next-server/app-page.runtime.prod.js:12:142572)
    at Timeout._onTimeout (/Users/ahmedsalem/Desktop/all my projects/uneom.com/node_modules/next/dist/compiled/next-server/app-page.runtime.prod.js:12:135349)
    at listOnTimeout (node:internal/timers:605:17) {
  digest: '2101114011'
}
TypeError: Cannot read properties of undefined (reading 'map')
    at f (/Users/ahmedsalem/Desktop/all my projects/uneom.com/.next/server/app/ar/locations/[city]/[industry]/page.js:1:8960)
    at eh (/Users/ahmedsalem/Desktop/all my projects/uneom.com/node_modules/next/dist/compiled/next-server/app-page.runtime.prod.js:12:134660)
    at e (/Users/ahmedsalem/Desktop/all my projects/uneom.com/node_modules/next/dist/compiled/next-server/app-page.runtime.prod.js:12:137545)
    at ek (/Users/ahmedsalem/Desktop/all my projects/uneom.com/node_modules/next/dist/compiled/next-server/app-page.runtime.prod.js:12:138019)
    at Array.toJSON (/Users/ahmedsalem/Desktop/all my projects/uneom.com/node_modules/next/dist/compiled/next-server/app-page.runtime.prod.js:12:135629)
    at stringify (<anonymous>)
    at eP (/Users/ahmedsalem/Desktop/all my projects/uneom.com/node_modules/next/dist/compiled/next-server/app-page.runtime.prod.js:12:142093)
    at eE (/Users/ahmedsalem/Desktop/all my projects/uneom.com/node_modules/next/dist/compiled/next-server/app-page.runtime.prod.js:12:142572)
    at Timeout._onTimeout (/Users/ahmedsalem/Desktop/all my projects/uneom.com/node_modules/next/dist/compiled/next-server/app-page.runtime.prod.js:12:135349)
    at listOnTimeout (node:internal/timers:605:17) {
  digest: '2101114011'
}
TypeError: Cannot read properties of undefined (reading 'map')
    at f (/Users/ahmedsalem/Desktop/all my projects/uneom.com/.next/server/app/ar/locations/[city]/[industry]/page.js:1:8960)
    at eh (/Users/ahmedsalem/Desktop/all my projects/uneom.com/node_modules/next/dist/compiled/next-server/app-page.runtime.prod.js:12:134660)
    at e (/Users/ahmedsalem/Desktop/all my projects/uneom.com/node_modules/next/dist/compiled/next-server/app-page.runtime.prod.js:12:137545)
    at ek (/Users/ahmedsalem/Desktop/all my projects/uneom.com/node_modules/next/dist/compiled/next-server/app-page.runtime.prod.js:12:138019)
    at Array.toJSON (/Users/ahmedsalem/Desktop/all my projects/uneom.com/node_modules/next/dist/compiled/next-server/app-page.runtime.prod.js:12:135629)
    at stringify (<anonymous>)
    at eP (/Users/ahmedsalem/Desktop/all my projects/uneom.com/node_modules/next/dist/compiled/next-server/app-page.runtime.prod.js:12:142093)
    at eE (/Users/ahmedsalem/Desktop/all my projects/uneom.com/node_modules/next/dist/compiled/next-server/app-page.runtime.prod.js:12:142572)
    at AsyncLocalStorage.run (node:internal/async_local_storage/async_context_frame:63:14)
    at Timeout._onTimeout (/Users/ahmedsalem/Desktop/all my projects/uneom.com/node_modules/next/dist/compiled/next-server/app-page.runtime.prod.js:12:150373) {
  digest: '3731830276'
}
TypeError: Cannot read properties of undefined (reading 'map')
    at f (/Users/ahmedsalem/Desktop/all my projects/uneom.com/.next/server/app/ar/locations/[city]/[industry]/page.js:1:8960)
    at eh (/Users/ahmedsalem/Desktop/all my projects/uneom.com/node_modules/next/dist/compiled/next-server/app-page.runtime.prod.js:12:134660)
    at e (/Users/ahmedsalem/Desktop/all my projects/uneom.com/node_modules/next/dist/compiled/next-server/app-page.runtime.prod.js:12:137545)
    at ek (/Users/ahmedsalem/Desktop/all my projects/uneom.com/node_modules/next/dist/compiled/next-server/app-page.runtime.prod.js:12:138019)
    at Array.toJSON (/Users/ahmedsalem/Desktop/all my projects/uneom.com/node_modules/next/dist/compiled/next-server/app-page.runtime.prod.js:12:135629)
    at stringify (<anonymous>)
    at eP (/Users/ahmedsalem/Desktop/all my projects/uneom.com/node_modules/next/dist/compiled/next-server/app-page.runtime.prod.js:12:142093)
    at eE (/Users/ahmedsalem/Desktop/all my projects/uneom.com/node_modules/next/dist/compiled/next-server/app-page.runtime.prod.js:12:142572)
    at Timeout._onTimeout (/Users/ahmedsalem/Desktop/all my projects/uneom.com/node_modules/next/dist/compiled/next-server/app-page.runtime.prod.js:12:135349)
    at listOnTimeout (node:internal/timers:605:17) {
  digest: '2101114011'
}
TypeError: Cannot read properties of undefined (reading 'map')
    at f (/Users/ahmedsalem/Desktop/all my projects/uneom.com/.next/server/app/ar/locations/[city]/[industry]/page.js:1:8960)
    at eh (/Users/ahmedsalem/Desktop/all my projects/uneom.com/node_modules/next/dist/compiled/next-server/app-page.runtime.prod.js:12:134660)
    at e (/Users/ahmedsalem/Desktop/all my projects/uneom.com/node_modules/next/dist/compiled/next-server/app-page.runtime.prod.js:12:137545)
    at ek (/Users/ahmedsalem/Desktop/all my projects/uneom.com/node_modules/next/dist/compiled/next-server/app-page.runtime.prod.js:12:138019)
    at Array.toJSON (/Users/ahmedsalem/Desktop/all my projects/uneom.com/node_modules/next/dist/compiled/next-server/app-page.runtime.prod.js:12:135629)
    at stringify (<anonymous>)
    at eP (/Users/ahmedsalem/Desktop/all my projects/uneom.com/node_modules/next/dist/compiled/next-server/app-page.runtime.prod.js:12:142093)
    at eE (/Users/ahmedsalem/Desktop/all my projects/uneom.com/node_modules/next/dist/compiled/next-server/app-page.runtime.prod.js:12:142572)
    at Timeout._onTimeout (/Users/ahmedsalem/Desktop/all my projects/uneom.com/node_modules/next/dist/compiled/next-server/app-page.runtime.prod.js:12:135349)
    at listOnTimeout (node:internal/timers:605:17) {
  digest: '2101114011'
}
TypeError: Cannot read properties of undefined (reading 'map')
    at f (/Users/ahmedsalem/Desktop/all my projects/uneom.com/.next/server/app/ar/locations/[city]/[industry]/page.js:1:8960)
    at eh (/Users/ahmedsalem/Desktop/all my projects/uneom.com/node_modules/next/dist/compiled/next-server/app-page.runtime.prod.js:12:134660)
    at e (/Users/ahmedsalem/Desktop/all my projects/uneom.com/node_modules/next/dist/compiled/next-server/app-page.runtime.prod.js:12:137545)
    at ek (/Users/ahmedsalem/Desktop/all my projects/uneom.com/node_modules/next/dist/compiled/next-server/app-page.runtime.prod.js:12:138019)
    at Array.toJSON (/Users/ahmedsalem/Desktop/all my projects/uneom.com/node_modules/next/dist/compiled/next-server/app-page.runtime.prod.js:12:135629)
    at stringify (<anonymous>)
    at eP (/Users/ahmedsalem/Desktop/all my projects/uneom.com/node_modules/next/dist/compiled/next-server/app-page.runtime.prod.js:12:142093)
    at eE (/Users/ahmedsalem/Desktop/all my projects/uneom.com/node_modules/next/dist/compiled/next-server/app-page.runtime.prod.js:12:142572)
    at Timeout._onTimeout (/Users/ahmedsalem/Desktop/all my projects/uneom.com/node_modules/next/dist/compiled/next-server/app-page.runtime.prod.js:12:135349)
    at listOnTimeout (node:internal/timers:605:17) {
  digest: '2101114011'
}

Error occurred prerendering page "/ar/locations/dhahran/factory-industry". Read more: https://nextjs.org/docs/messages/prerender-error

TypeError: Cannot read properties of undefined (reading 'map')
    at f (/Users/ahmedsalem/Desktop/all my projects/uneom.com/.next/server/app/ar/locations/[city]/[industry]/page.js:1:8960)
    at eh (/Users/ahmedsalem/Desktop/all my projects/uneom.com/node_modules/next/dist/compiled/next-server/app-page.runtime.prod.js:12:134660)
    at e (/Users/ahmedsalem/Desktop/all my projects/uneom.com/node_modules/next/dist/compiled/next-server/app-page.runtime.prod.js:12:137545)
    at ek (/Users/ahmedsalem/Desktop/all my projects/uneom.com/node_modules/next/dist/compiled/next-server/app-page.runtime.prod.js:12:138019)
    at Array.toJSON (/Users/ahmedsalem/Desktop/all my projects/uneom.com/node_modules/next/dist/compiled/next-server/app-page.runtime.prod.js:12:135629)
    at stringify (<anonymous>)
    at eP (/Users/ahmedsalem/Desktop/all my projects/uneom.com/node_modules/next/dist/compiled/next-server/app-page.runtime.prod.js:12:142093)
    at eE (/Users/ahmedsalem/Desktop/all my projects/uneom.com/node_modules/next/dist/compiled/next-server/app-page.runtime.prod.js:12:142572)
    at AsyncLocalStorage.run (node:internal/async_local_storage/async_context_frame:63:14)
    at Timeout._onTimeout (/Users/ahmedsalem/Desktop/all my projects/uneom.com/node_modules/next/dist/compiled/next-server/app-page.runtime.prod.js:12:150373)

Error occurred prerendering page "/ar/locations/dhahran/supply-manufacturing". Read more: https://nextjs.org/docs/messages/prerender-error

TypeError: Cannot read properties of undefined (reading 'map')
    at f (/Users/ahmedsalem/Desktop/all my projects/uneom.com/.next/server/app/ar/locations/[city]/[industry]/page.js:1:8960)
    at eh (/Users/ahmedsalem/Desktop/all my projects/uneom.com/node_modules/next/dist/compiled/next-server/app-page.runtime.prod.js:12:134660)
    at e (/Users/ahmedsalem/Desktop/all my projects/uneom.com/node_modules/next/dist/compiled/next-server/app-page.runtime.prod.js:12:137545)
    at ek (/Users/ahmedsalem/Desktop/all my projects/uneom.com/node_modules/next/dist/compiled/next-server/app-page.runtime.prod.js:12:138019)
    at Array.toJSON (/Users/ahmedsalem/Desktop/all my projects/uneom.com/node_modules/next/dist/compiled/next-server/app-page.runtime.prod.js:12:135629)
    at stringify (<anonymous>)
    at eP (/Users/ahmedsalem/Desktop/all my projects/uneom.com/node_modules/next/dist/compiled/next-server/app-page.runtime.prod.js:12:142093)
    at eE (/Users/ahmedsalem/Desktop/all my projects/uneom.com/node_modules/next/dist/compiled/next-server/app-page.runtime.prod.js:12:142572)
    at AsyncLocalStorage.run (node:internal/async_local_storage/async_context_frame:63:14)
    at Timeout._onTimeout (/Users/ahmedsalem/Desktop/all my projects/uneom.com/node_modules/next/dist/compiled/next-server/app-page.runtime.prod.js:12:150373)

Error occurred prerendering page "/ar/locations/dhahran/retail-shops". Read more: https://nextjs.org/docs/messages/prerender-error

TypeError: Cannot read properties of undefined (reading 'map')
    at f (/Users/ahmedsalem/Desktop/all my projects/uneom.com/.next/server/app/ar/locations/[city]/[industry]/page.js:1:8960)
    at eh (/Users/ahmedsalem/Desktop/all my projects/uneom.com/node_modules/next/dist/compiled/next-server/app-page.runtime.prod.js:12:134660)
    at e (/Users/ahmedsalem/Desktop/all my projects/uneom.com/node_modules/next/dist/compiled/next-server/app-page.runtime.prod.js:12:137545)
    at ek (/Users/ahmedsalem/Desktop/all my projects/uneom.com/node_modules/next/dist/compiled/next-server/app-page.runtime.prod.js:12:138019)
    at Array.toJSON (/Users/ahmedsalem/Desktop/all my projects/uneom.com/node_modules/next/dist/compiled/next-server/app-page.runtime.prod.js:12:135629)
    at stringify (<anonymous>)
    at eP (/Users/ahmedsalem/Desktop/all my projects/uneom.com/node_modules/next/dist/compiled/next-server/app-page.runtime.prod.js:12:142093)
    at eE (/Users/ahmedsalem/Desktop/all my projects/uneom.com/node_modules/next/dist/compiled/next-server/app-page.runtime.prod.js:12:142572)
    at AsyncLocalStorage.run (node:internal/async_local_storage/async_context_frame:63:14)
    at Timeout._onTimeout (/Users/ahmedsalem/Desktop/all my projects/uneom.com/node_modules/next/dist/compiled/next-server/app-page.runtime.prod.js:12:150373)

Error occurred prerendering page "/ar/locations/dhahran/corporate". Read more: https://nextjs.org/docs/messages/prerender-error

TypeError: Cannot read properties of undefined (reading 'map')
    at f (/Users/ahmedsalem/Desktop/all my projects/uneom.com/.next/server/app/ar/locations/[city]/[industry]/page.js:1:8960)
    at eh (/Users/ahmedsalem/Desktop/all my projects/uneom.com/node_modules/next/dist/compiled/next-server/app-page.runtime.prod.js:12:134660)
    at e (/Users/ahmedsalem/Desktop/all my projects/uneom.com/node_modules/next/dist/compiled/next-server/app-page.runtime.prod.js:12:137545)
    at ek (/Users/ahmedsalem/Desktop/all my projects/uneom.com/node_modules/next/dist/compiled/next-server/app-page.runtime.prod.js:12:138019)
    at Array.toJSON (/Users/ahmedsalem/Desktop/all my projects/uneom.com/node_modules/next/dist/compiled/next-server/app-page.runtime.prod.js:12:135629)
    at stringify (<anonymous>)
    at eP (/Users/ahmedsalem/Desktop/all my projects/uneom.com/node_modules/next/dist/compiled/next-server/app-page.runtime.prod.js:12:142093)
    at eE (/Users/ahmedsalem/Desktop/all my projects/uneom.com/node_modules/next/dist/compiled/next-server/app-page.runtime.prod.js:12:142572)
    at AsyncLocalStorage.run (node:internal/async_local_storage/async_context_frame:63:14)
    at Timeout._onTimeout (/Users/ahmedsalem/Desktop/all my projects/uneom.com/node_modules/next/dist/compiled/next-server/app-page.runtime.prod.js:12:150373)

Error occurred prerendering page "/ar/locations/dhahran/education". Read more: https://nextjs.org/docs/messages/prerender-error

TypeError: Cannot read properties of undefined (reading 'map')
    at f (/Users/ahmedsalem/Desktop/all my projects/uneom.com/.next/server/app/ar/locations/[city]/[industry]/page.js:1:8960)
    at eh (/Users/ahmedsalem/Desktop/all my projects/uneom.com/node_modules/next/dist/compiled/next-server/app-page.runtime.prod.js:12:134660)
    at e (/Users/ahmedsalem/Desktop/all my projects/uneom.com/node_modules/next/dist/compiled/next-server/app-page.runtime.prod.js:12:137545)
    at ek (/Users/ahmedsalem/Desktop/all my projects/uneom.com/node_modules/next/dist/compiled/next-server/app-page.runtime.prod.js:12:138019)
    at Array.toJSON (/Users/ahmedsalem/Desktop/all my projects/uneom.com/node_modules/next/dist/compiled/next-server/app-page.runtime.prod.js:12:135629)
    at stringify (<anonymous>)
    at eP (/Users/ahmedsalem/Desktop/all my projects/uneom.com/node_modules/next/dist/compiled/next-server/app-page.runtime.prod.js:12:142093)
    at eE (/Users/ahmedsalem/Desktop/all my projects/uneom.com/node_modules/next/dist/compiled/next-server/app-page.runtime.prod.js:12:142572)
    at AsyncLocalStorage.run (node:internal/async_local_storage/async_context_frame:63:14)
    at Timeout._onTimeout (/Users/ahmedsalem/Desktop/all my projects/uneom.com/node_modules/next/dist/compiled/next-server/app-page.runtime.prod.js:12:150373)

Error occurred prerendering page "/ar/locations/dhahran/manufacturing". Read more: https://nextjs.org/docs/messages/prerender-error

TypeError: Cannot read properties of undefined (reading 'map')
    at f (/Users/ahmedsalem/Desktop/all my projects/uneom.com/.next/server/app/ar/locations/[city]/[industry]/page.js:1:8960)
    at eh (/Users/ahmedsalem/Desktop/all my projects/uneom.com/node_modules/next/dist/compiled/next-server/app-page.runtime.prod.js:12:134660)
    at e (/Users/ahmedsalem/Desktop/all my projects/uneom.com/node_modules/next/dist/compiled/next-server/app-page.runtime.prod.js:12:137545)
    at ek (/Users/ahmedsalem/Desktop/all my projects/uneom.com/node_modules/next/dist/compiled/next-server/app-page.runtime.prod.js:12:138019)
    at Array.toJSON (/Users/ahmedsalem/Desktop/all my projects/uneom.com/node_modules/next/dist/compiled/next-server/app-page.runtime.prod.js:12:135629)
    at stringify (<anonymous>)
    at eP (/Users/ahmedsalem/Desktop/all my projects/uneom.com/node_modules/next/dist/compiled/next-server/app-page.runtime.prod.js:12:142093)
    at eE (/Users/ahmedsalem/Desktop/all my projects/uneom.com/node_modules/next/dist/compiled/next-server/app-page.runtime.prod.js:12:142572)
    at AsyncLocalStorage.run (node:internal/async_local_storage/async_context_frame:63:14)
    at Timeout._onTimeout (/Users/ahmedsalem/Desktop/all my projects/uneom.com/node_modules/next/dist/compiled/next-server/app-page.runtime.prod.js:12:150373)

Error occurred prerendering page "/ar/locations/dhahran/security". Read more: https://nextjs.org/docs/messages/prerender-error

TypeError: Cannot read properties of undefined (reading 'map')
    at f (/Users/ahmedsalem/Desktop/all my projects/uneom.com/.next/server/app/ar/locations/[city]/[industry]/page.js:1:8960)
    at eh (/Users/ahmedsalem/Desktop/all my projects/uneom.com/node_modules/next/dist/compiled/next-server/app-page.runtime.prod.js:12:134660)
    at e (/Users/ahmedsalem/Desktop/all my projects/uneom.com/node_modules/next/dist/compiled/next-server/app-page.runtime.prod.js:12:137545)
    at ek (/Users/ahmedsalem/Desktop/all my projects/uneom.com/node_modules/next/dist/compiled/next-server/app-page.runtime.prod.js:12:138019)
    at Array.toJSON (/Users/ahmedsalem/Desktop/all my projects/uneom.com/node_modules/next/dist/compiled/next-server/app-page.runtime.prod.js:12:135629)
    at stringify (<anonymous>)
    at eP (/Users/ahmedsalem/Desktop/all my projects/uneom.com/node_modules/next/dist/compiled/next-server/app-page.runtime.prod.js:12:142093)
    at eE (/Users/ahmedsalem/Desktop/all my projects/uneom.com/node_modules/next/dist/compiled/next-server/app-page.runtime.prod.js:12:142572)
    at AsyncLocalStorage.run (node:internal/async_local_storage/async_context_frame:63:14)
    at Timeout._onTimeout (/Users/ahmedsalem/Desktop/all my projects/uneom.com/node_modules/next/dist/compiled/next-server/app-page.runtime.prod.js:12:150373)
TypeError: Cannot read properties of undefined (reading 'map')
    at f (/Users/ahmedsalem/Desktop/all my projects/uneom.com/.next/server/app/ar/locations/[city]/[industry]/page.js:1:8960)
    at eh (/Users/ahmedsalem/Desktop/all my projects/uneom.com/node_modules/next/dist/compiled/next-server/app-page.runtime.prod.js:12:134660)
    at e (/Users/ahmedsalem/Desktop/all my projects/uneom.com/node_modules/next/dist/compiled/next-server/app-page.runtime.prod.js:12:137545)
    at ek (/Users/ahmedsalem/Desktop/all my projects/uneom.com/node_modules/next/dist/compiled/next-server/app-page.runtime.prod.js:12:138019)
    at Array.toJSON (/Users/ahmedsalem/Desktop/all my projects/uneom.com/node_modules/next/dist/compiled/next-server/app-page.runtime.prod.js:12:135629)
    at stringify (<anonymous>)
    at eP (/Users/ahmedsalem/Desktop/all my projects/uneom.com/node_modules/next/dist/compiled/next-server/app-page.runtime.prod.js:12:142093)
    at eE (/Users/ahmedsalem/Desktop/all my projects/uneom.com/node_modules/next/dist/compiled/next-server/app-page.runtime.prod.js:12:142572)
    at AsyncLocalStorage.run (node:internal/async_local_storage/async_context_frame:63:14)
    at Timeout._onTimeout (/Users/ahmedsalem/Desktop/all my projects/uneom.com/node_modules/next/dist/compiled/next-server/app-page.runtime.prod.js:12:150373) {
  digest: '3731830276'
}
TypeError: Cannot read properties of undefined (reading 'map')
    at f (/Users/ahmedsalem/Desktop/all my projects/uneom.com/.next/server/app/ar/locations/[city]/[industry]/page.js:1:8960)
    at eh (/Users/ahmedsalem/Desktop/all my projects/uneom.com/node_modules/next/dist/compiled/next-server/app-page.runtime.prod.js:12:134660)
    at e (/Users/ahmedsalem/Desktop/all my projects/uneom.com/node_modules/next/dist/compiled/next-server/app-page.runtime.prod.js:12:137545)
    at ek (/Users/ahmedsalem/Desktop/all my projects/uneom.com/node_modules/next/dist/compiled/next-server/app-page.runtime.prod.js:12:138019)
    at Array.toJSON (/Users/ahmedsalem/Desktop/all my projects/uneom.com/node_modules/next/dist/compiled/next-server/app-page.runtime.prod.js:12:135629)
    at stringify (<anonymous>)
    at eP (/Users/ahmedsalem/Desktop/all my projects/uneom.com/node_modules/next/dist/compiled/next-server/app-page.runtime.prod.js:12:142093)
    at eE (/Users/ahmedsalem/Desktop/all my projects/uneom.com/node_modules/next/dist/compiled/next-server/app-page.runtime.prod.js:12:142572)
    at Timeout._onTimeout (/Users/ahmedsalem/Desktop/all my projects/uneom.com/node_modules/next/dist/compiled/next-server/app-page.runtime.prod.js:12:135349)
    at listOnTimeout (node:internal/timers:605:17) {
  digest: '2101114011'
}

Error occurred prerendering page "/ar/locations/al-qatif/hospitality". Read more: https://nextjs.org/docs/messages/prerender-error

TypeError: Cannot read properties of undefined (reading 'map')
    at f (/Users/ahmedsalem/Desktop/all my projects/uneom.com/.next/server/app/ar/locations/[city]/[industry]/page.js:1:8960)
    at eh (/Users/ahmedsalem/Desktop/all my projects/uneom.com/node_modules/next/dist/compiled/next-server/app-page.runtime.prod.js:12:134660)
    at e (/Users/ahmedsalem/Desktop/all my projects/uneom.com/node_modules/next/dist/compiled/next-server/app-page.runtime.prod.js:12:137545)
    at ek (/Users/ahmedsalem/Desktop/all my projects/uneom.com/node_modules/next/dist/compiled/next-server/app-page.runtime.prod.js:12:138019)
    at Array.toJSON (/Users/ahmedsalem/Desktop/all my projects/uneom.com/node_modules/next/dist/compiled/next-server/app-page.runtime.prod.js:12:135629)
    at stringify (<anonymous>)
    at eP (/Users/ahmedsalem/Desktop/all my projects/uneom.com/node_modules/next/dist/compiled/next-server/app-page.runtime.prod.js:12:142093)
    at eE (/Users/ahmedsalem/Desktop/all my projects/uneom.com/node_modules/next/dist/compiled/next-server/app-page.runtime.prod.js:12:142572)
    at AsyncLocalStorage.run (node:internal/async_local_storage/async_context_frame:63:14)
    at Timeout._onTimeout (/Users/ahmedsalem/Desktop/all my projects/uneom.com/node_modules/next/dist/compiled/next-server/app-page.runtime.prod.js:12:150373)
TypeError: Cannot read properties of undefined (reading 'map')
    at f (/Users/ahmedsalem/Desktop/all my projects/uneom.com/.next/server/app/ar/locations/[city]/[industry]/page.js:1:8960)
    at eh (/Users/ahmedsalem/Desktop/all my projects/uneom.com/node_modules/next/dist/compiled/next-server/app-page.runtime.prod.js:12:134660)
    at e (/Users/ahmedsalem/Desktop/all my projects/uneom.com/node_modules/next/dist/compiled/next-server/app-page.runtime.prod.js:12:137545)
    at ek (/Users/ahmedsalem/Desktop/all my projects/uneom.com/node_modules/next/dist/compiled/next-server/app-page.runtime.prod.js:12:138019)
    at Array.toJSON (/Users/ahmedsalem/Desktop/all my projects/uneom.com/node_modules/next/dist/compiled/next-server/app-page.runtime.prod.js:12:135629)
    at stringify (<anonymous>)
    at eP (/Users/ahmedsalem/Desktop/all my projects/uneom.com/node_modules/next/dist/compiled/next-server/app-page.runtime.prod.js:12:142093)
    at eE (/Users/ahmedsalem/Desktop/all my projects/uneom.com/node_modules/next/dist/compiled/next-server/app-page.runtime.prod.js:12:142572)
    at AsyncLocalStorage.run (node:internal/async_local_storage/async_context_frame:63:14)
    at Timeout._onTimeout (/Users/ahmedsalem/Desktop/all my projects/uneom.com/node_modules/next/dist/compiled/next-server/app-page.runtime.prod.js:12:150373) {
  digest: '3731830276'
}
TypeError: Cannot read properties of undefined (reading 'map')
    at f (/Users/ahmedsalem/Desktop/all my projects/uneom.com/.next/server/app/ar/locations/[city]/[industry]/page.js:1:8960)
    at eh (/Users/ahmedsalem/Desktop/all my projects/uneom.com/node_modules/next/dist/compiled/next-server/app-page.runtime.prod.js:12:134660)
    at e (/Users/ahmedsalem/Desktop/all my projects/uneom.com/node_modules/next/dist/compiled/next-server/app-page.runtime.prod.js:12:137545)
    at ek (/Users/ahmedsalem/Desktop/all my projects/uneom.com/node_modules/next/dist/compiled/next-server/app-page.runtime.prod.js:12:138019)
    at Array.toJSON (/Users/ahmedsalem/Desktop/all my projects/uneom.com/node_modules/next/dist/compiled/next-server/app-page.runtime.prod.js:12:135629)
    at stringify (<anonymous>)
    at eP (/Users/ahmedsalem/Desktop/all my projects/uneom.com/node_modules/next/dist/compiled/next-server/app-page.runtime.prod.js:12:142093)
    at eE (/Users/ahmedsalem/Desktop/all my projects/uneom.com/node_modules/next/dist/compiled/next-server/app-page.runtime.prod.js:12:142572)
    at Timeout._onTimeout (/Users/ahmedsalem/Desktop/all my projects/uneom.com/node_modules/next/dist/compiled/next-server/app-page.runtime.prod.js:12:135349)
    at listOnTimeout (node:internal/timers:605:17) {
  digest: '2101114011'
}

Error occurred prerendering page "/ar/locations/al-qatif/corporate". Read more: https://nextjs.org/docs/messages/prerender-error

TypeError: Cannot read properties of undefined (reading 'map')
    at f (/Users/ahmedsalem/Desktop/all my projects/uneom.com/.next/server/app/ar/locations/[city]/[industry]/page.js:1:8960)
    at eh (/Users/ahmedsalem/Desktop/all my projects/uneom.com/node_modules/next/dist/compiled/next-server/app-page.runtime.prod.js:12:134660)
    at e (/Users/ahmedsalem/Desktop/all my projects/uneom.com/node_modules/next/dist/compiled/next-server/app-page.runtime.prod.js:12:137545)
    at ek (/Users/ahmedsalem/Desktop/all my projects/uneom.com/node_modules/next/dist/compiled/next-server/app-page.runtime.prod.js:12:138019)
    at Array.toJSON (/Users/ahmedsalem/Desktop/all my projects/uneom.com/node_modules/next/dist/compiled/next-server/app-page.runtime.prod.js:12:135629)
    at stringify (<anonymous>)
    at eP (/Users/ahmedsalem/Desktop/all my projects/uneom.com/node_modules/next/dist/compiled/next-server/app-page.runtime.prod.js:12:142093)
    at eE (/Users/ahmedsalem/Desktop/all my projects/uneom.com/node_modules/next/dist/compiled/next-server/app-page.runtime.prod.js:12:142572)
    at AsyncLocalStorage.run (node:internal/async_local_storage/async_context_frame:63:14)
    at Timeout._onTimeout (/Users/ahmedsalem/Desktop/all my projects/uneom.com/node_modules/next/dist/compiled/next-server/app-page.runtime.prod.js:12:150373)
TypeError: Cannot read properties of undefined (reading 'map')
    at f (/Users/ahmedsalem/Desktop/all my projects/uneom.com/.next/server/app/ar/locations/[city]/[industry]/page.js:1:8960)
    at eh (/Users/ahmedsalem/Desktop/all my projects/uneom.com/node_modules/next/dist/compiled/next-server/app-page.runtime.prod.js:12:134660)
    at e (/Users/ahmedsalem/Desktop/all my projects/uneom.com/node_modules/next/dist/compiled/next-server/app-page.runtime.prod.js:12:137545)
    at ek (/Users/ahmedsalem/Desktop/all my projects/uneom.com/node_modules/next/dist/compiled/next-server/app-page.runtime.prod.js:12:138019)
    at Array.toJSON (/Users/ahmedsalem/Desktop/all my projects/uneom.com/node_modules/next/dist/compiled/next-server/app-page.runtime.prod.js:12:135629)
    at stringify (<anonymous>)
    at eP (/Users/ahmedsalem/Desktop/all my projects/uneom.com/node_modules/next/dist/compiled/next-server/app-page.runtime.prod.js:12:142093)
    at eE (/Users/ahmedsalem/Desktop/all my projects/uneom.com/node_modules/next/dist/compiled/next-server/app-page.runtime.prod.js:12:142572)
    at AsyncLocalStorage.run (node:internal/async_local_storage/async_context_frame:63:14)
    at Timeout._onTimeout (/Users/ahmedsalem/Desktop/all my projects/uneom.com/node_modules/next/dist/compiled/next-server/app-page.runtime.prod.js:12:150373) {
  digest: '3731830276'
}
TypeError: Cannot read properties of undefined (reading 'map')
    at f (/Users/ahmedsalem/Desktop/all my projects/uneom.com/.next/server/app/ar/locations/[city]/[industry]/page.js:1:8960)
    at eh (/Users/ahmedsalem/Desktop/all my projects/uneom.com/node_modules/next/dist/compiled/next-server/app-page.runtime.prod.js:12:134660)
    at e (/Users/ahmedsalem/Desktop/all my projects/uneom.com/node_modules/next/dist/compiled/next-server/app-page.runtime.prod.js:12:137545)
    at ek (/Users/ahmedsalem/Desktop/all my projects/uneom.com/node_modules/next/dist/compiled/next-server/app-page.runtime.prod.js:12:138019)
    at Array.toJSON (/Users/ahmedsalem/Desktop/all my projects/uneom.com/node_modules/next/dist/compiled/next-server/app-page.runtime.prod.js:12:135629)
    at stringify (<anonymous>)
    at eP (/Users/ahmedsalem/Desktop/all my projects/uneom.com/node_modules/next/dist/compiled/next-server/app-page.runtime.prod.js:12:142093)
    at eE (/Users/ahmedsalem/Desktop/all my projects/uneom.com/node_modules/next/dist/compiled/next-server/app-page.runtime.prod.js:12:142572)
    at Timeout._onTimeout (/Users/ahmedsalem/Desktop/all my projects/uneom.com/node_modules/next/dist/compiled/next-server/app-page.runtime.prod.js:12:135349)
    at listOnTimeout (node:internal/timers:605:17) {
  digest: '2101114011'
}

Error occurred prerendering page "/ar/locations/al-qatif/healthcare". Read more: https://nextjs.org/docs/messages/prerender-error

TypeError: Cannot read properties of undefined (reading 'map')
    at f (/Users/ahmedsalem/Desktop/all my projects/uneom.com/.next/server/app/ar/locations/[city]/[industry]/page.js:1:8960)
    at eh (/Users/ahmedsalem/Desktop/all my projects/uneom.com/node_modules/next/dist/compiled/next-server/app-page.runtime.prod.js:12:134660)
    at e (/Users/ahmedsalem/Desktop/all my projects/uneom.com/node_modules/next/dist/compiled/next-server/app-page.runtime.prod.js:12:137545)
    at ek (/Users/ahmedsalem/Desktop/all my projects/uneom.com/node_modules/next/dist/compiled/next-server/app-page.runtime.prod.js:12:138019)
    at Array.toJSON (/Users/ahmedsalem/Desktop/all my projects/uneom.com/node_modules/next/dist/compiled/next-server/app-page.runtime.prod.js:12:135629)
    at stringify (<anonymous>)
    at eP (/Users/ahmedsalem/Desktop/all my projects/uneom.com/node_modules/next/dist/compiled/next-server/app-page.runtime.prod.js:12:142093)
    at eE (/Users/ahmedsalem/Desktop/all my projects/uneom.com/node_modules/next/dist/compiled/next-server/app-page.runtime.prod.js:12:142572)
    at AsyncLocalStorage.run (node:internal/async_local_storage/async_context_frame:63:14)
    at Timeout._onTimeout (/Users/ahmedsalem/Desktop/all my projects/uneom.com/node_modules/next/dist/compiled/next-server/app-page.runtime.prod.js:12:150373)
TypeError: Cannot read properties of undefined (reading 'map')
    at f (/Users/ahmedsalem/Desktop/all my projects/uneom.com/.next/server/app/ar/locations/[city]/[industry]/page.js:1:8960)
    at eh (/Users/ahmedsalem/Desktop/all my projects/uneom.com/node_modules/next/dist/compiled/next-server/app-page.runtime.prod.js:12:134660)
    at e (/Users/ahmedsalem/Desktop/all my projects/uneom.com/node_modules/next/dist/compiled/next-server/app-page.runtime.prod.js:12:137545)
    at ek (/Users/ahmedsalem/Desktop/all my projects/uneom.com/node_modules/next/dist/compiled/next-server/app-page.runtime.prod.js:12:138019)
    at Array.toJSON (/Users/ahmedsalem/Desktop/all my projects/uneom.com/node_modules/next/dist/compiled/next-server/app-page.runtime.prod.js:12:135629)
    at stringify (<anonymous>)
    at eP (/Users/ahmedsalem/Desktop/all my projects/uneom.com/node_modules/next/dist/compiled/next-server/app-page.runtime.prod.js:12:142093)
    at eE (/Users/ahmedsalem/Desktop/all my projects/uneom.com/node_modules/next/dist/compiled/next-server/app-page.runtime.prod.js:12:142572)
    at AsyncLocalStorage.run (node:internal/async_local_storage/async_context_frame:63:14)
    at Timeout._onTimeout (/Users/ahmedsalem/Desktop/all my projects/uneom.com/node_modules/next/dist/compiled/next-server/app-page.runtime.prod.js:12:150373) {
  digest: '3731830276'
}
TypeError: Cannot read properties of undefined (reading 'map')
    at f (/Users/ahmedsalem/Desktop/all my projects/uneom.com/.next/server/app/ar/locations/[city]/[industry]/page.js:1:8960)
    at eh (/Users/ahmedsalem/Desktop/all my projects/uneom.com/node_modules/next/dist/compiled/next-server/app-page.runtime.prod.js:12:134660)
    at e (/Users/ahmedsalem/Desktop/all my projects/uneom.com/node_modules/next/dist/compiled/next-server/app-page.runtime.prod.js:12:137545)
    at ek (/Users/ahmedsalem/Desktop/all my projects/uneom.com/node_modules/next/dist/compiled/next-server/app-page.runtime.prod.js:12:138019)
    at Array.toJSON (/Users/ahmedsalem/Desktop/all my projects/uneom.com/node_modules/next/dist/compiled/next-server/app-page.runtime.prod.js:12:135629)
    at stringify (<anonymous>)
    at eP (/Users/ahmedsalem/Desktop/all my projects/uneom.com/node_modules/next/dist/compiled/next-server/app-page.runtime.prod.js:12:142093)
    at eE (/Users/ahmedsalem/Desktop/all my projects/uneom.com/node_modules/next/dist/compiled/next-server/app-page.runtime.prod.js:12:142572)
    at Timeout._onTimeout (/Users/ahmedsalem/Desktop/all my projects/uneom.com/node_modules/next/dist/compiled/next-server/app-page.runtime.prod.js:12:135349)
    at listOnTimeout (node:internal/timers:605:17) {
  digest: '2101114011'
}

Error occurred prerendering page "/ar/locations/al-qatif/aviation". Read more: https://nextjs.org/docs/messages/prerender-error

TypeError: Cannot read properties of undefined (reading 'map')
    at f (/Users/ahmedsalem/Desktop/all my projects/uneom.com/.next/server/app/ar/locations/[city]/[industry]/page.js:1:8960)
    at eh (/Users/ahmedsalem/Desktop/all my projects/uneom.com/node_modules/next/dist/compiled/next-server/app-page.runtime.prod.js:12:134660)
    at e (/Users/ahmedsalem/Desktop/all my projects/uneom.com/node_modules/next/dist/compiled/next-server/app-page.runtime.prod.js:12:137545)
    at ek (/Users/ahmedsalem/Desktop/all my projects/uneom.com/node_modules/next/dist/compiled/next-server/app-page.runtime.prod.js:12:138019)
    at Array.toJSON (/Users/ahmedsalem/Desktop/all my projects/uneom.com/node_modules/next/dist/compiled/next-server/app-page.runtime.prod.js:12:135629)
    at stringify (<anonymous>)
    at eP (/Users/ahmedsalem/Desktop/all my projects/uneom.com/node_modules/next/dist/compiled/next-server/app-page.runtime.prod.js:12:142093)
    at eE (/Users/ahmedsalem/Desktop/all my projects/uneom.com/node_modules/next/dist/compiled/next-server/app-page.runtime.prod.js:12:142572)
    at AsyncLocalStorage.run (node:internal/async_local_storage/async_context_frame:63:14)
    at Timeout._onTimeout (/Users/ahmedsalem/Desktop/all my projects/uneom.com/node_modules/next/dist/compiled/next-server/app-page.runtime.prod.js:12:150373)
TypeError: Cannot read properties of undefined (reading 'map')
    at f (/Users/ahmedsalem/Desktop/all my projects/uneom.com/.next/server/app/ar/locations/[city]/[industry]/page.js:1:8960)
    at eh (/Users/ahmedsalem/Desktop/all my projects/uneom.com/node_modules/next/dist/compiled/next-server/app-page.runtime.prod.js:12:134660)
    at e (/Users/ahmedsalem/Desktop/all my projects/uneom.com/node_modules/next/dist/compiled/next-server/app-page.runtime.prod.js:12:137545)
    at ek (/Users/ahmedsalem/Desktop/all my projects/uneom.com/node_modules/next/dist/compiled/next-server/app-page.runtime.prod.js:12:138019)
    at Array.toJSON (/Users/ahmedsalem/Desktop/all my projects/uneom.com/node_modules/next/dist/compiled/next-server/app-page.runtime.prod.js:12:135629)
    at stringify (<anonymous>)
    at eP (/Users/ahmedsalem/Desktop/all my projects/uneom.com/node_modules/next/dist/compiled/next-server/app-page.runtime.prod.js:12:142093)
    at eE (/Users/ahmedsalem/Desktop/all my projects/uneom.com/node_modules/next/dist/compiled/next-server/app-page.runtime.prod.js:12:142572)
    at AsyncLocalStorage.run (node:internal/async_local_storage/async_context_frame:63:14)
    at Timeout._onTimeout (/Users/ahmedsalem/Desktop/all my projects/uneom.com/node_modules/next/dist/compiled/next-server/app-page.runtime.prod.js:12:150373) {
  digest: '3731830276'
}
TypeError: Cannot read properties of undefined (reading 'map')
    at f (/Users/ahmedsalem/Desktop/all my projects/uneom.com/.next/server/app/ar/locations/[city]/[industry]/page.js:1:8960)
    at eh (/Users/ahmedsalem/Desktop/all my projects/uneom.com/node_modules/next/dist/compiled/next-server/app-page.runtime.prod.js:12:134660)
    at e (/Users/ahmedsalem/Desktop/all my projects/uneom.com/node_modules/next/dist/compiled/next-server/app-page.runtime.prod.js:12:137545)
    at ek (/Users/ahmedsalem/Desktop/all my projects/uneom.com/node_modules/next/dist/compiled/next-server/app-page.runtime.prod.js:12:138019)
    at Array.toJSON (/Users/ahmedsalem/Desktop/all my projects/uneom.com/node_modules/next/dist/compiled/next-server/app-page.runtime.prod.js:12:135629)
    at stringify (<anonymous>)
    at eP (/Users/ahmedsalem/Desktop/all my projects/uneom.com/node_modules/next/dist/compiled/next-server/app-page.runtime.prod.js:12:142093)
    at eE (/Users/ahmedsalem/Desktop/all my projects/uneom.com/node_modules/next/dist/compiled/next-server/app-page.runtime.prod.js:12:142572)
    at Timeout._onTimeout (/Users/ahmedsalem/Desktop/all my projects/uneom.com/node_modules/next/dist/compiled/next-server/app-page.runtime.prod.js:12:135349)
    at listOnTimeout (node:internal/timers:605:17) {
  digest: '2101114011'
}

Error occurred prerendering page "/ar/locations/al-qatif/education". Read more: https://nextjs.org/docs/messages/prerender-error

TypeError: Cannot read properties of undefined (reading 'map')
    at f (/Users/ahmedsalem/Desktop/all my projects/uneom.com/.next/server/app/ar/locations/[city]/[industry]/page.js:1:8960)
    at eh (/Users/ahmedsalem/Desktop/all my projects/uneom.com/node_modules/next/dist/compiled/next-server/app-page.runtime.prod.js:12:134660)
    at e (/Users/ahmedsalem/Desktop/all my projects/uneom.com/node_modules/next/dist/compiled/next-server/app-page.runtime.prod.js:12:137545)
    at ek (/Users/ahmedsalem/Desktop/all my projects/uneom.com/node_modules/next/dist/compiled/next-server/app-page.runtime.prod.js:12:138019)
    at Array.toJSON (/Users/ahmedsalem/Desktop/all my projects/uneom.com/node_modules/next/dist/compiled/next-server/app-page.runtime.prod.js:12:135629)
    at stringify (<anonymous>)
    at eP (/Users/ahmedsalem/Desktop/all my projects/uneom.com/node_modules/next/dist/compiled/next-server/app-page.runtime.prod.js:12:142093)
    at eE (/Users/ahmedsalem/Desktop/all my projects/uneom.com/node_modules/next/dist/compiled/next-server/app-page.runtime.prod.js:12:142572)
    at AsyncLocalStorage.run (node:internal/async_local_storage/async_context_frame:63:14)
    at Timeout._onTimeout (/Users/ahmedsalem/Desktop/all my projects/uneom.com/node_modules/next/dist/compiled/next-server/app-page.runtime.prod.js:12:150373)
TypeError: Cannot read properties of undefined (reading 'map')
    at f (/Users/ahmedsalem/Desktop/all my projects/uneom.com/.next/server/app/ar/locations/[city]/[industry]/page.js:1:8960)
    at eh (/Users/ahmedsalem/Desktop/all my projects/uneom.com/node_modules/next/dist/compiled/next-server/app-page.runtime.prod.js:12:134660)
    at e (/Users/ahmedsalem/Desktop/all my projects/uneom.com/node_modules/next/dist/compiled/next-server/app-page.runtime.prod.js:12:137545)
    at ek (/Users/ahmedsalem/Desktop/all my projects/uneom.com/node_modules/next/dist/compiled/next-server/app-page.runtime.prod.js:12:138019)
    at Array.toJSON (/Users/ahmedsalem/Desktop/all my projects/uneom.com/node_modules/next/dist/compiled/next-server/app-page.runtime.prod.js:12:135629)
    at stringify (<anonymous>)
    at eP (/Users/ahmedsalem/Desktop/all my projects/uneom.com/node_modules/next/dist/compiled/next-server/app-page.runtime.prod.js:12:142093)
    at eE (/Users/ahmedsalem/Desktop/all my projects/uneom.com/node_modules/next/dist/compiled/next-server/app-page.runtime.prod.js:12:142572)
    at AsyncLocalStorage.run (node:internal/async_local_storage/async_context_frame:63:14)
    at Timeout._onTimeout (/Users/ahmedsalem/Desktop/all my projects/uneom.com/node_modules/next/dist/compiled/next-server/app-page.runtime.prod.js:12:150373) {
  digest: '3731830276'
}
TypeError: Cannot read properties of undefined (reading 'map')
    at f (/Users/ahmedsalem/Desktop/all my projects/uneom.com/.next/server/app/ar/locations/[city]/[industry]/page.js:1:8960)
    at eh (/Users/ahmedsalem/Desktop/all my projects/uneom.com/node_modules/next/dist/compiled/next-server/app-page.runtime.prod.js:12:134660)
    at e (/Users/ahmedsalem/Desktop/all my projects/uneom.com/node_modules/next/dist/compiled/next-server/app-page.runtime.prod.js:12:137545)
    at ek (/Users/ahmedsalem/Desktop/all my projects/uneom.com/node_modules/next/dist/compiled/next-server/app-page.runtime.prod.js:12:138019)
    at Array.toJSON (/Users/ahmedsalem/Desktop/all my projects/uneom.com/node_modules/next/dist/compiled/next-server/app-page.runtime.prod.js:12:135629)
    at stringify (<anonymous>)
    at eP (/Users/ahmedsalem/Desktop/all my projects/uneom.com/node_modules/next/dist/compiled/next-server/app-page.runtime.prod.js:12:142093)
    at eE (/Users/ahmedsalem/Desktop/all my projects/uneom.com/node_modules/next/dist/compiled/next-server/app-page.runtime.prod.js:12:142572)
    at Timeout._onTimeout (/Users/ahmedsalem/Desktop/all my projects/uneom.com/node_modules/next/dist/compiled/next-server/app-page.runtime.prod.js:12:135349)
    at listOnTimeout (node:internal/timers:605:17) {
  digest: '2101114011'
}

Error occurred prerendering page "/ar/locations/al-qatif/security". Read more: https://nextjs.org/docs/messages/prerender-error

TypeError: Cannot read properties of undefined (reading 'map')
    at f (/Users/ahmedsalem/Desktop/all my projects/uneom.com/.next/server/app/ar/locations/[city]/[industry]/page.js:1:8960)
    at eh (/Users/ahmedsalem/Desktop/all my projects/uneom.com/node_modules/next/dist/compiled/next-server/app-page.runtime.prod.js:12:134660)
    at e (/Users/ahmedsalem/Desktop/all my projects/uneom.com/node_modules/next/dist/compiled/next-server/app-page.runtime.prod.js:12:137545)
    at ek (/Users/ahmedsalem/Desktop/all my projects/uneom.com/node_modules/next/dist/compiled/next-server/app-page.runtime.prod.js:12:138019)
    at Array.toJSON (/Users/ahmedsalem/Desktop/all my projects/uneom.com/node_modules/next/dist/compiled/next-server/app-page.runtime.prod.js:12:135629)
    at stringify (<anonymous>)
    at eP (/Users/ahmedsalem/Desktop/all my projects/uneom.com/node_modules/next/dist/compiled/next-server/app-page.runtime.prod.js:12:142093)
    at eE (/Users/ahmedsalem/Desktop/all my projects/uneom.com/node_modules/next/dist/compiled/next-server/app-page.runtime.prod.js:12:142572)
    at AsyncLocalStorage.run (node:internal/async_local_storage/async_context_frame:63:14)
    at Timeout._onTimeout (/Users/ahmedsalem/Desktop/all my projects/uneom.com/node_modules/next/dist/compiled/next-server/app-page.runtime.prod.js:12:150373)
TypeError: Cannot read properties of undefined (reading 'map')
    at f (/Users/ahmedsalem/Desktop/all my projects/uneom.com/.next/server/app/ar/locations/[city]/[industry]/page.js:1:8960)
    at eh (/Users/ahmedsalem/Desktop/all my projects/uneom.com/node_modules/next/dist/compiled/next-server/app-page.runtime.prod.js:12:134660)
    at e (/Users/ahmedsalem/Desktop/all my projects/uneom.com/node_modules/next/dist/compiled/next-server/app-page.runtime.prod.js:12:137545)
    at ek (/Users/ahmedsalem/Desktop/all my projects/uneom.com/node_modules/next/dist/compiled/next-server/app-page.runtime.prod.js:12:138019)
    at Array.toJSON (/Users/ahmedsalem/Desktop/all my projects/uneom.com/node_modules/next/dist/compiled/next-server/app-page.runtime.prod.js:12:135629)
    at stringify (<anonymous>)
    at eP (/Users/ahmedsalem/Desktop/all my projects/uneom.com/node_modules/next/dist/compiled/next-server/app-page.runtime.prod.js:12:142093)
    at eE (/Users/ahmedsalem/Desktop/all my projects/uneom.com/node_modules/next/dist/compiled/next-server/app-page.runtime.prod.js:12:142572)
    at AsyncLocalStorage.run (node:internal/async_local_storage/async_context_frame:63:14)
    at Timeout._onTimeout (/Users/ahmedsalem/Desktop/all my projects/uneom.com/node_modules/next/dist/compiled/next-server/app-page.runtime.prod.js:12:150373) {
  digest: '3731830276'
}
TypeError: Cannot read properties of undefined (reading 'map')
    at f (/Users/ahmedsalem/Desktop/all my projects/uneom.com/.next/server/app/ar/locations/[city]/[industry]/page.js:1:8960)
    at eh (/Users/ahmedsalem/Desktop/all my projects/uneom.com/node_modules/next/dist/compiled/next-server/app-page.runtime.prod.js:12:134660)
    at e (/Users/ahmedsalem/Desktop/all my projects/uneom.com/node_modules/next/dist/compiled/next-server/app-page.runtime.prod.js:12:137545)
    at ek (/Users/ahmedsalem/Desktop/all my projects/uneom.com/node_modules/next/dist/compiled/next-server/app-page.runtime.prod.js:12:138019)
    at Array.toJSON (/Users/ahmedsalem/Desktop/all my projects/uneom.com/node_modules/next/dist/compiled/next-server/app-page.runtime.prod.js:12:135629)
    at stringify (<anonymous>)
    at eP (/Users/ahmedsalem/Desktop/all my projects/uneom.com/node_modules/next/dist/compiled/next-server/app-page.runtime.prod.js:12:142093)
    at eE (/Users/ahmedsalem/Desktop/all my projects/uneom.com/node_modules/next/dist/compiled/next-server/app-page.runtime.prod.js:12:142572)
    at Timeout._onTimeout (/Users/ahmedsalem/Desktop/all my projects/uneom.com/node_modules/next/dist/compiled/next-server/app-page.runtime.prod.js:12:135349)
    at listOnTimeout (node:internal/timers:605:17) {
  digest: '2101114011'
}

Error occurred prerendering page "/ar/locations/al-qatif/manufacturing". Read more: https://nextjs.org/docs/messages/prerender-error

TypeError: Cannot read properties of undefined (reading 'map')
    at f (/Users/ahmedsalem/Desktop/all my projects/uneom.com/.next/server/app/ar/locations/[city]/[industry]/page.js:1:8960)
    at eh (/Users/ahmedsalem/Desktop/all my projects/uneom.com/node_modules/next/dist/compiled/next-server/app-page.runtime.prod.js:12:134660)
    at e (/Users/ahmedsalem/Desktop/all my projects/uneom.com/node_modules/next/dist/compiled/next-server/app-page.runtime.prod.js:12:137545)
    at ek (/Users/ahmedsalem/Desktop/all my projects/uneom.com/node_modules/next/dist/compiled/next-server/app-page.runtime.prod.js:12:138019)
    at Array.toJSON (/Users/ahmedsalem/Desktop/all my projects/uneom.com/node_modules/next/dist/compiled/next-server/app-page.runtime.prod.js:12:135629)
    at stringify (<anonymous>)
    at eP (/Users/ahmedsalem/Desktop/all my projects/uneom.com/node_modules/next/dist/compiled/next-server/app-page.runtime.prod.js:12:142093)
    at eE (/Users/ahmedsalem/Desktop/all my projects/uneom.com/node_modules/next/dist/compiled/next-server/app-page.runtime.prod.js:12:142572)
    at AsyncLocalStorage.run (node:internal/async_local_storage/async_context_frame:63:14)
    at Timeout._onTimeout (/Users/ahmedsalem/Desktop/all my projects/uneom.com/node_modules/next/dist/compiled/next-server/app-page.runtime.prod.js:12:150373)
TypeError: Cannot read properties of undefined (reading 'map')
    at f (/Users/ahmedsalem/Desktop/all my projects/uneom.com/.next/server/app/ar/locations/[city]/[industry]/page.js:1:8960)
    at eh (/Users/ahmedsalem/Desktop/all my projects/uneom.com/node_modules/next/dist/compiled/next-server/app-page.runtime.prod.js:12:134660)
    at e (/Users/ahmedsalem/Desktop/all my projects/uneom.com/node_modules/next/dist/compiled/next-server/app-page.runtime.prod.js:12:137545)
    at ek (/Users/ahmedsalem/Desktop/all my projects/uneom.com/node_modules/next/dist/compiled/next-server/app-page.runtime.prod.js:12:138019)
    at Array.toJSON (/Users/ahmedsalem/Desktop/all my projects/uneom.com/node_modules/next/dist/compiled/next-server/app-page.runtime.prod.js:12:135629)
    at stringify (<anonymous>)
    at eP (/Users/ahmedsalem/Desktop/all my projects/uneom.com/node_modules/next/dist/compiled/next-server/app-page.runtime.prod.js:12:142093)
    at eE (/Users/ahmedsalem/Desktop/all my projects/uneom.com/node_modules/next/dist/compiled/next-server/app-page.runtime.prod.js:12:142572)
    at AsyncLocalStorage.run (node:internal/async_local_storage/async_context_frame:63:14)
    at Timeout._onTimeout (/Users/ahmedsalem/Desktop/all my projects/uneom.com/node_modules/next/dist/compiled/next-server/app-page.runtime.prod.js:12:150373) {
  digest: '3731830276'
}
TypeError: Cannot read properties of undefined (reading 'map')
    at f (/Users/ahmedsalem/Desktop/all my projects/uneom.com/.next/server/app/ar/locations/[city]/[industry]/page.js:1:8960)
    at eh (/Users/ahmedsalem/Desktop/all my projects/uneom.com/node_modules/next/dist/compiled/next-server/app-page.runtime.prod.js:12:134660)
    at e (/Users/ahmedsalem/Desktop/all my projects/uneom.com/node_modules/next/dist/compiled/next-server/app-page.runtime.prod.js:12:137545)
    at ek (/Users/ahmedsalem/Desktop/all my projects/uneom.com/node_modules/next/dist/compiled/next-server/app-page.runtime.prod.js:12:138019)
    at Array.toJSON (/Users/ahmedsalem/Desktop/all my projects/uneom.com/node_modules/next/dist/compiled/next-server/app-page.runtime.prod.js:12:135629)
    at stringify (<anonymous>)
    at eP (/Users/ahmedsalem/Desktop/all my projects/uneom.com/node_modules/next/dist/compiled/next-server/app-page.runtime.prod.js:12:142093)
    at eE (/Users/ahmedsalem/Desktop/all my projects/uneom.com/node_modules/next/dist/compiled/next-server/app-page.runtime.prod.js:12:142572)
    at Timeout._onTimeout (/Users/ahmedsalem/Desktop/all my projects/uneom.com/node_modules/next/dist/compiled/next-server/app-page.runtime.prod.js:12:135349)
    at listOnTimeout (node:internal/timers:605:17) {
  digest: '2101114011'
}
TypeError: Cannot read properties of undefined (reading 'map')
    at f (/Users/ahmedsalem/Desktop/all my projects/uneom.com/.next/server/app/ar/locations/[city]/[industry]/page.js:1:8960)
    at eh (/Users/ahmedsalem/Desktop/all my projects/uneom.com/node_modules/next/dist/compiled/next-server/app-page.runtime.prod.js:12:134660)
    at e (/Users/ahmedsalem/Desktop/all my projects/uneom.com/node_modules/next/dist/compiled/next-server/app-page.runtime.prod.js:12:137545)
    at ek (/Users/ahmedsalem/Desktop/all my projects/uneom.com/node_modules/next/dist/compiled/next-server/app-page.runtime.prod.js:12:138019)
    at Array.toJSON (/Users/ahmedsalem/Desktop/all my projects/uneom.com/node_modules/next/dist/compiled/next-server/app-page.runtime.prod.js:12:135629)
    at stringify (<anonymous>)
    at eP (/Users/ahmedsalem/Desktop/all my projects/uneom.com/node_modules/next/dist/compiled/next-server/app-page.runtime.prod.js:12:142093)
    at eE (/Users/ahmedsalem/Desktop/all my projects/uneom.com/node_modules/next/dist/compiled/next-server/app-page.runtime.prod.js:12:142572)
    at AsyncLocalStorage.run (node:internal/async_local_storage/async_context_frame:63:14)
    at Timeout._onTimeout (/Users/ahmedsalem/Desktop/all my projects/uneom.com/node_modules/next/dist/compiled/next-server/app-page.runtime.prod.js:12:150373) {
  digest: '3731830276'
}
TypeError: Cannot read properties of undefined (reading 'map')
    at f (/Users/ahmedsalem/Desktop/all my projects/uneom.com/.next/server/app/ar/locations/[city]/[industry]/page.js:1:8960)
    at eh (/Users/ahmedsalem/Desktop/all my projects/uneom.com/node_modules/next/dist/compiled/next-server/app-page.runtime.prod.js:12:134660)
    at e (/Users/ahmedsalem/Desktop/all my projects/uneom.com/node_modules/next/dist/compiled/next-server/app-page.runtime.prod.js:12:137545)
    at ek (/Users/ahmedsalem/Desktop/all my projects/uneom.com/node_modules/next/dist/compiled/next-server/app-page.runtime.prod.js:12:138019)
    at Array.toJSON (/Users/ahmedsalem/Desktop/all my projects/uneom.com/node_modules/next/dist/compiled/next-server/app-page.runtime.prod.js:12:135629)
    at stringify (<anonymous>)
    at eP (/Users/ahmedsalem/Desktop/all my projects/uneom.com/node_modules/next/dist/compiled/next-server/app-page.runtime.prod.js:12:142093)
    at eE (/Users/ahmedsalem/Desktop/all my projects/uneom.com/node_modules/next/dist/compiled/next-server/app-page.runtime.prod.js:12:142572)
    at Timeout._onTimeout (/Users/ahmedsalem/Desktop/all my projects/uneom.com/node_modules/next/dist/compiled/next-server/app-page.runtime.prod.js:12:135349)
    at listOnTimeout (node:internal/timers:605:17) {
  digest: '2101114011'
}
TypeError: Cannot read properties of undefined (reading 'map')
    at f (/Users/ahmedsalem/Desktop/all my projects/uneom.com/.next/server/app/ar/locations/[city]/[industry]/page.js:1:8960)
    at eh (/Users/ahmedsalem/Desktop/all my projects/uneom.com/node_modules/next/dist/compiled/next-server/app-page.runtime.prod.js:12:134660)
    at e (/Users/ahmedsalem/Desktop/all my projects/uneom.com/node_modules/next/dist/compiled/next-server/app-page.runtime.prod.js:12:137545)
    at ek (/Users/ahmedsalem/Desktop/all my projects/uneom.com/node_modules/next/dist/compiled/next-server/app-page.runtime.prod.js:12:138019)
    at Array.toJSON (/Users/ahmedsalem/Desktop/all my projects/uneom.com/node_modules/next/dist/compiled/next-server/app-page.runtime.prod.js:12:135629)
    at stringify (<anonymous>)
    at eP (/Users/ahmedsalem/Desktop/all my projects/uneom.com/node_modules/next/dist/compiled/next-server/app-page.runtime.prod.js:12:142093)
    at eE (/Users/ahmedsalem/Desktop/all my projects/uneom.com/node_modules/next/dist/compiled/next-server/app-page.runtime.prod.js:12:142572)
    at AsyncLocalStorage.run (node:internal/async_local_storage/async_context_frame:63:14)
    at Timeout._onTimeout (/Users/ahmedsalem/Desktop/all my projects/uneom.com/node_modules/next/dist/compiled/next-server/app-page.runtime.prod.js:12:150373) {
  digest: '3731830276'
}
TypeError: Cannot read properties of undefined (reading 'map')
    at f (/Users/ahmedsalem/Desktop/all my projects/uneom.com/.next/server/app/ar/locations/[city]/[industry]/page.js:1:8960)
    at eh (/Users/ahmedsalem/Desktop/all my projects/uneom.com/node_modules/next/dist/compiled/next-server/app-page.runtime.prod.js:12:134660)
    at e (/Users/ahmedsalem/Desktop/all my projects/uneom.com/node_modules/next/dist/compiled/next-server/app-page.runtime.prod.js:12:137545)
    at ek (/Users/ahmedsalem/Desktop/all my projects/uneom.com/node_modules/next/dist/compiled/next-server/app-page.runtime.prod.js:12:138019)
    at Array.toJSON (/Users/ahmedsalem/Desktop/all my projects/uneom.com/node_modules/next/dist/compiled/next-server/app-page.runtime.prod.js:12:135629)
    at stringify (<anonymous>)
    at eP (/Users/ahmedsalem/Desktop/all my projects/uneom.com/node_modules/next/dist/compiled/next-server/app-page.runtime.prod.js:12:142093)
    at eE (/Users/ahmedsalem/Desktop/all my projects/uneom.com/node_modules/next/dist/compiled/next-server/app-page.runtime.prod.js:12:142572)
    at AsyncLocalStorage.run (node:internal/async_local_storage/async_context_frame:63:14)
    at Timeout._onTimeout (/Users/ahmedsalem/Desktop/all my projects/uneom.com/node_modules/next/dist/compiled/next-server/app-page.runtime.prod.js:12:150373) {
  digest: '3731830276'
}
TypeError: Cannot read properties of undefined (reading 'map')
    at f (/Users/ahmedsalem/Desktop/all my projects/uneom.com/.next/server/app/ar/locations/[city]/[industry]/page.js:1:8960)
    at eh (/Users/ahmedsalem/Desktop/all my projects/uneom.com/node_modules/next/dist/compiled/next-server/app-page.runtime.prod.js:12:134660)
    at e (/Users/ahmedsalem/Desktop/all my projects/uneom.com/node_modules/next/dist/compiled/next-server/app-page.runtime.prod.js:12:137545)
    at ek (/Users/ahmedsalem/Desktop/all my projects/uneom.com/node_modules/next/dist/compiled/next-server/app-page.runtime.prod.js:12:138019)
    at Array.toJSON (/Users/ahmedsalem/Desktop/all my projects/uneom.com/node_modules/next/dist/compiled/next-server/app-page.runtime.prod.js:12:135629)
    at stringify (<anonymous>)
    at eP (/Users/ahmedsalem/Desktop/all my projects/uneom.com/node_modules/next/dist/compiled/next-server/app-page.runtime.prod.js:12:142093)
    at eE (/Users/ahmedsalem/Desktop/all my projects/uneom.com/node_modules/next/dist/compiled/next-server/app-page.runtime.prod.js:12:142572)
    at AsyncLocalStorage.run (node:internal/async_local_storage/async_context_frame:63:14)
    at Timeout._onTimeout (/Users/ahmedsalem/Desktop/all my projects/uneom.com/node_modules/next/dist/compiled/next-server/app-page.runtime.prod.js:12:150373) {
  digest: '3731830276'
}
TypeError: Cannot read properties of undefined (reading 'map')
    at f (/Users/ahmedsalem/Desktop/all my projects/uneom.com/.next/server/app/ar/locations/[city]/[industry]/page.js:1:8960)
    at eh (/Users/ahmedsalem/Desktop/all my projects/uneom.com/node_modules/next/dist/compiled/next-server/app-page.runtime.prod.js:12:134660)
    at e (/Users/ahmedsalem/Desktop/all my projects/uneom.com/node_modules/next/dist/compiled/next-server/app-page.runtime.prod.js:12:137545)
    at ek (/Users/ahmedsalem/Desktop/all my projects/uneom.com/node_modules/next/dist/compiled/next-server/app-page.runtime.prod.js:12:138019)
    at Array.toJSON (/Users/ahmedsalem/Desktop/all my projects/uneom.com/node_modules/next/dist/compiled/next-server/app-page.runtime.prod.js:12:135629)
    at stringify (<anonymous>)
    at eP (/Users/ahmedsalem/Desktop/all my projects/uneom.com/node_modules/next/dist/compiled/next-server/app-page.runtime.prod.js:12:142093)
    at eE (/Users/ahmedsalem/Desktop/all my projects/uneom.com/node_modules/next/dist/compiled/next-server/app-page.runtime.prod.js:12:142572)
    at AsyncLocalStorage.run (node:internal/async_local_storage/async_context_frame:63:14)
    at Timeout._onTimeout (/Users/ahmedsalem/Desktop/all my projects/uneom.com/node_modules/next/dist/compiled/next-server/app-page.runtime.prod.js:12:150373) {
  digest: '3731830276'
}
TypeError: Cannot read properties of undefined (reading 'map')
    at f (/Users/ahmedsalem/Desktop/all my projects/uneom.com/.next/server/app/ar/locations/[city]/[industry]/page.js:1:8960)
    at eh (/Users/ahmedsalem/Desktop/all my projects/uneom.com/node_modules/next/dist/compiled/next-server/app-page.runtime.prod.js:12:134660)
    at e (/Users/ahmedsalem/Desktop/all my projects/uneom.com/node_modules/next/dist/compiled/next-server/app-page.runtime.prod.js:12:137545)
    at ek (/Users/ahmedsalem/Desktop/all my projects/uneom.com/node_modules/next/dist/compiled/next-server/app-page.runtime.prod.js:12:138019)
    at Array.toJSON (/Users/ahmedsalem/Desktop/all my projects/uneom.com/node_modules/next/dist/compiled/next-server/app-page.runtime.prod.js:12:135629)
    at stringify (<anonymous>)
    at eP (/Users/ahmedsalem/Desktop/all my projects/uneom.com/node_modules/next/dist/compiled/next-server/app-page.runtime.prod.js:12:142093)
    at eE (/Users/ahmedsalem/Desktop/all my projects/uneom.com/node_modules/next/dist/compiled/next-server/app-page.runtime.prod.js:12:142572)
    at AsyncLocalStorage.run (node:internal/async_local_storage/async_context_frame:63:14)
    at Timeout._onTimeout (/Users/ahmedsalem/Desktop/all my projects/uneom.com/node_modules/next/dist/compiled/next-server/app-page.runtime.prod.js:12:150373) {
  digest: '3731830276'
}
TypeError: Cannot read properties of undefined (reading 'map')
    at f (/Users/ahmedsalem/Desktop/all my projects/uneom.com/.next/server/app/ar/locations/[city]/[industry]/page.js:1:8960)
    at eh (/Users/ahmedsalem/Desktop/all my projects/uneom.com/node_modules/next/dist/compiled/next-server/app-page.runtime.prod.js:12:134660)
    at e (/Users/ahmedsalem/Desktop/all my projects/uneom.com/node_modules/next/dist/compiled/next-server/app-page.runtime.prod.js:12:137545)
    at ek (/Users/ahmedsalem/Desktop/all my projects/uneom.com/node_modules/next/dist/compiled/next-server/app-page.runtime.prod.js:12:138019)
    at Array.toJSON (/Users/ahmedsalem/Desktop/all my projects/uneom.com/node_modules/next/dist/compiled/next-server/app-page.runtime.prod.js:12:135629)
    at stringify (<anonymous>)
    at eP (/Users/ahmedsalem/Desktop/all my projects/uneom.com/node_modules/next/dist/compiled/next-server/app-page.runtime.prod.js:12:142093)
    at eE (/Users/ahmedsalem/Desktop/all my projects/uneom.com/node_modules/next/dist/compiled/next-server/app-page.runtime.prod.js:12:142572)
    at Timeout._onTimeout (/Users/ahmedsalem/Desktop/all my projects/uneom.com/node_modules/next/dist/compiled/next-server/app-page.runtime.prod.js:12:135349)
    at listOnTimeout (node:internal/timers:605:17) {
  digest: '2101114011'
}
TypeError: Cannot read properties of undefined (reading 'map')
    at f (/Users/ahmedsalem/Desktop/all my projects/uneom.com/.next/server/app/ar/locations/[city]/[industry]/page.js:1:8960)
    at eh (/Users/ahmedsalem/Desktop/all my projects/uneom.com/node_modules/next/dist/compiled/next-server/app-page.runtime.prod.js:12:134660)
    at e (/Users/ahmedsalem/Desktop/all my projects/uneom.com/node_modules/next/dist/compiled/next-server/app-page.runtime.prod.js:12:137545)
    at ek (/Users/ahmedsalem/Desktop/all my projects/uneom.com/node_modules/next/dist/compiled/next-server/app-page.runtime.prod.js:12:138019)
    at Array.toJSON (/Users/ahmedsalem/Desktop/all my projects/uneom.com/node_modules/next/dist/compiled/next-server/app-page.runtime.prod.js:12:135629)
    at stringify (<anonymous>)
    at eP (/Users/ahmedsalem/Desktop/all my projects/uneom.com/node_modules/next/dist/compiled/next-server/app-page.runtime.prod.js:12:142093)
    at eE (/Users/ahmedsalem/Desktop/all my projects/uneom.com/node_modules/next/dist/compiled/next-server/app-page.runtime.prod.js:12:142572)
    at Timeout._onTimeout (/Users/ahmedsalem/Desktop/all my projects/uneom.com/node_modules/next/dist/compiled/next-server/app-page.runtime.prod.js:12:135349)
    at listOnTimeout (node:internal/timers:605:17) {
  digest: '2101114011'
}
TypeError: Cannot read properties of undefined (reading 'map')
    at f (/Users/ahmedsalem/Desktop/all my projects/uneom.com/.next/server/app/ar/locations/[city]/[industry]/page.js:1:8960)
    at eh (/Users/ahmedsalem/Desktop/all my projects/uneom.com/node_modules/next/dist/compiled/next-server/app-page.runtime.prod.js:12:134660)
    at e (/Users/ahmedsalem/Desktop/all my projects/uneom.com/node_modules/next/dist/compiled/next-server/app-page.runtime.prod.js:12:137545)
    at ek (/Users/ahmedsalem/Desktop/all my projects/uneom.com/node_modules/next/dist/compiled/next-server/app-page.runtime.prod.js:12:138019)
    at Array.toJSON (/Users/ahmedsalem/Desktop/all my projects/uneom.com/node_modules/next/dist/compiled/next-server/app-page.runtime.prod.js:12:135629)
    at stringify (<anonymous>)
    at eP (/Users/ahmedsalem/Desktop/all my projects/uneom.com/node_modules/next/dist/compiled/next-server/app-page.runtime.prod.js:12:142093)
    at eE (/Users/ahmedsalem/Desktop/all my projects/uneom.com/node_modules/next/dist/compiled/next-server/app-page.runtime.prod.js:12:142572)
    at Timeout._onTimeout (/Users/ahmedsalem/Desktop/all my projects/uneom.com/node_modules/next/dist/compiled/next-server/app-page.runtime.prod.js:12:135349)
    at listOnTimeout (node:internal/timers:605:17) {
  digest: '2101114011'
}
TypeError: Cannot read properties of undefined (reading 'map')
    at f (/Users/ahmedsalem/Desktop/all my projects/uneom.com/.next/server/app/ar/locations/[city]/[industry]/page.js:1:8960)
    at eh (/Users/ahmedsalem/Desktop/all my projects/uneom.com/node_modules/next/dist/compiled/next-server/app-page.runtime.prod.js:12:134660)
    at e (/Users/ahmedsalem/Desktop/all my projects/uneom.com/node_modules/next/dist/compiled/next-server/app-page.runtime.prod.js:12:137545)
    at ek (/Users/ahmedsalem/Desktop/all my projects/uneom.com/node_modules/next/dist/compiled/next-server/app-page.runtime.prod.js:12:138019)
    at Array.toJSON (/Users/ahmedsalem/Desktop/all my projects/uneom.com/node_modules/next/dist/compiled/next-server/app-page.runtime.prod.js:12:135629)
    at stringify (<anonymous>)
    at eP (/Users/ahmedsalem/Desktop/all my projects/uneom.com/node_modules/next/dist/compiled/next-server/app-page.runtime.prod.js:12:142093)
    at eE (/Users/ahmedsalem/Desktop/all my projects/uneom.com/node_modules/next/dist/compiled/next-server/app-page.runtime.prod.js:12:142572)
    at Timeout._onTimeout (/Users/ahmedsalem/Desktop/all my projects/uneom.com/node_modules/next/dist/compiled/next-server/app-page.runtime.prod.js:12:135349)
    at listOnTimeout (node:internal/timers:605:17) {
  digest: '2101114011'
}
TypeError: Cannot read properties of undefined (reading 'map')
    at f (/Users/ahmedsalem/Desktop/all my projects/uneom.com/.next/server/app/ar/locations/[city]/[industry]/page.js:1:8960)
    at eh (/Users/ahmedsalem/Desktop/all my projects/uneom.com/node_modules/next/dist/compiled/next-server/app-page.runtime.prod.js:12:134660)
    at e (/Users/ahmedsalem/Desktop/all my projects/uneom.com/node_modules/next/dist/compiled/next-server/app-page.runtime.prod.js:12:137545)
    at ek (/Users/ahmedsalem/Desktop/all my projects/uneom.com/node_modules/next/dist/compiled/next-server/app-page.runtime.prod.js:12:138019)
    at Array.toJSON (/Users/ahmedsalem/Desktop/all my projects/uneom.com/node_modules/next/dist/compiled/next-server/app-page.runtime.prod.js:12:135629)
    at stringify (<anonymous>)
    at eP (/Users/ahmedsalem/Desktop/all my projects/uneom.com/node_modules/next/dist/compiled/next-server/app-page.runtime.prod.js:12:142093)
    at eE (/Users/ahmedsalem/Desktop/all my projects/uneom.com/node_modules/next/dist/compiled/next-server/app-page.runtime.prod.js:12:142572)
    at Timeout._onTimeout (/Users/ahmedsalem/Desktop/all my projects/uneom.com/node_modules/next/dist/compiled/next-server/app-page.runtime.prod.js:12:135349)
    at listOnTimeout (node:internal/timers:605:17) {
  digest: '2101114011'
}

Error occurred prerendering page "/ar/locations/al-qatif/factory-industry". Read more: https://nextjs.org/docs/messages/prerender-error

TypeError: Cannot read properties of undefined (reading 'map')
    at f (/Users/ahmedsalem/Desktop/all my projects/uneom.com/.next/server/app/ar/locations/[city]/[industry]/page.js:1:8960)
    at eh (/Users/ahmedsalem/Desktop/all my projects/uneom.com/node_modules/next/dist/compiled/next-server/app-page.runtime.prod.js:12:134660)
    at e (/Users/ahmedsalem/Desktop/all my projects/uneom.com/node_modules/next/dist/compiled/next-server/app-page.runtime.prod.js:12:137545)
    at ek (/Users/ahmedsalem/Desktop/all my projects/uneom.com/node_modules/next/dist/compiled/next-server/app-page.runtime.prod.js:12:138019)
    at Array.toJSON (/Users/ahmedsalem/Desktop/all my projects/uneom.com/node_modules/next/dist/compiled/next-server/app-page.runtime.prod.js:12:135629)
    at stringify (<anonymous>)
    at eP (/Users/ahmedsalem/Desktop/all my projects/uneom.com/node_modules/next/dist/compiled/next-server/app-page.runtime.prod.js:12:142093)
    at eE (/Users/ahmedsalem/Desktop/all my projects/uneom.com/node_modules/next/dist/compiled/next-server/app-page.runtime.prod.js:12:142572)
    at AsyncLocalStorage.run (node:internal/async_local_storage/async_context_frame:63:14)
    at Timeout._onTimeout (/Users/ahmedsalem/Desktop/all my projects/uneom.com/node_modules/next/dist/compiled/next-server/app-page.runtime.prod.js:12:150373)

Error occurred prerendering page "/ar/locations/al-kharj/healthcare". Read more: https://nextjs.org/docs/messages/prerender-error

TypeError: Cannot read properties of undefined (reading 'map')
    at f (/Users/ahmedsalem/Desktop/all my projects/uneom.com/.next/server/app/ar/locations/[city]/[industry]/page.js:1:8960)
    at eh (/Users/ahmedsalem/Desktop/all my projects/uneom.com/node_modules/next/dist/compiled/next-server/app-page.runtime.prod.js:12:134660)
    at e (/Users/ahmedsalem/Desktop/all my projects/uneom.com/node_modules/next/dist/compiled/next-server/app-page.runtime.prod.js:12:137545)
    at ek (/Users/ahmedsalem/Desktop/all my projects/uneom.com/node_modules/next/dist/compiled/next-server/app-page.runtime.prod.js:12:138019)
    at Array.toJSON (/Users/ahmedsalem/Desktop/all my projects/uneom.com/node_modules/next/dist/compiled/next-server/app-page.runtime.prod.js:12:135629)
    at stringify (<anonymous>)
    at eP (/Users/ahmedsalem/Desktop/all my projects/uneom.com/node_modules/next/dist/compiled/next-server/app-page.runtime.prod.js:12:142093)
    at eE (/Users/ahmedsalem/Desktop/all my projects/uneom.com/node_modules/next/dist/compiled/next-server/app-page.runtime.prod.js:12:142572)
    at AsyncLocalStorage.run (node:internal/async_local_storage/async_context_frame:63:14)
    at Timeout._onTimeout (/Users/ahmedsalem/Desktop/all my projects/uneom.com/node_modules/next/dist/compiled/next-server/app-page.runtime.prod.js:12:150373)

Error occurred prerendering page "/ar/locations/al-qatif/supply-manufacturing". Read more: https://nextjs.org/docs/messages/prerender-error

TypeError: Cannot read properties of undefined (reading 'map')
    at f (/Users/ahmedsalem/Desktop/all my projects/uneom.com/.next/server/app/ar/locations/[city]/[industry]/page.js:1:8960)
    at eh (/Users/ahmedsalem/Desktop/all my projects/uneom.com/node_modules/next/dist/compiled/next-server/app-page.runtime.prod.js:12:134660)
    at e (/Users/ahmedsalem/Desktop/all my projects/uneom.com/node_modules/next/dist/compiled/next-server/app-page.runtime.prod.js:12:137545)
    at ek (/Users/ahmedsalem/Desktop/all my projects/uneom.com/node_modules/next/dist/compiled/next-server/app-page.runtime.prod.js:12:138019)
    at Array.toJSON (/Users/ahmedsalem/Desktop/all my projects/uneom.com/node_modules/next/dist/compiled/next-server/app-page.runtime.prod.js:12:135629)
    at stringify (<anonymous>)
    at eP (/Users/ahmedsalem/Desktop/all my projects/uneom.com/node_modules/next/dist/compiled/next-server/app-page.runtime.prod.js:12:142093)
    at eE (/Users/ahmedsalem/Desktop/all my projects/uneom.com/node_modules/next/dist/compiled/next-server/app-page.runtime.prod.js:12:142572)
    at AsyncLocalStorage.run (node:internal/async_local_storage/async_context_frame:63:14)
    at Timeout._onTimeout (/Users/ahmedsalem/Desktop/all my projects/uneom.com/node_modules/next/dist/compiled/next-server/app-page.runtime.prod.js:12:150373)

Error occurred prerendering page "/ar/locations/al-qatif/retail-shops". Read more: https://nextjs.org/docs/messages/prerender-error

TypeError: Cannot read properties of undefined (reading 'map')
    at f (/Users/ahmedsalem/Desktop/all my projects/uneom.com/.next/server/app/ar/locations/[city]/[industry]/page.js:1:8960)
    at eh (/Users/ahmedsalem/Desktop/all my projects/uneom.com/node_modules/next/dist/compiled/next-server/app-page.runtime.prod.js:12:134660)
    at e (/Users/ahmedsalem/Desktop/all my projects/uneom.com/node_modules/next/dist/compiled/next-server/app-page.runtime.prod.js:12:137545)
    at ek (/Users/ahmedsalem/Desktop/all my projects/uneom.com/node_modules/next/dist/compiled/next-server/app-page.runtime.prod.js:12:138019)
    at Array.toJSON (/Users/ahmedsalem/Desktop/all my projects/uneom.com/node_modules/next/dist/compiled/next-server/app-page.runtime.prod.js:12:135629)
    at stringify (<anonymous>)
    at eP (/Users/ahmedsalem/Desktop/all my projects/uneom.com/node_modules/next/dist/compiled/next-server/app-page.runtime.prod.js:12:142093)
    at eE (/Users/ahmedsalem/Desktop/all my projects/uneom.com/node_modules/next/dist/compiled/next-server/app-page.runtime.prod.js:12:142572)
    at AsyncLocalStorage.run (node:internal/async_local_storage/async_context_frame:63:14)
    at Timeout._onTimeout (/Users/ahmedsalem/Desktop/all my projects/uneom.com/node_modules/next/dist/compiled/next-server/app-page.runtime.prod.js:12:150373)
TypeError: Cannot read properties of undefined (reading 'map')
    at f (/Users/ahmedsalem/Desktop/all my projects/uneom.com/.next/server/app/ar/locations/[city]/[industry]/page.js:1:8960)
    at eh (/Users/ahmedsalem/Desktop/all my projects/uneom.com/node_modules/next/dist/compiled/next-server/app-page.runtime.prod.js:12:134660)
    at e (/Users/ahmedsalem/Desktop/all my projects/uneom.com/node_modules/next/dist/compiled/next-server/app-page.runtime.prod.js:12:137545)
    at ek (/Users/ahmedsalem/Desktop/all my projects/uneom.com/node_modules/next/dist/compiled/next-server/app-page.runtime.prod.js:12:138019)
    at Array.toJSON (/Users/ahmedsalem/Desktop/all my projects/uneom.com/node_modules/next/dist/compiled/next-server/app-page.runtime.prod.js:12:135629)
    at stringify (<anonymous>)
    at eP (/Users/ahmedsalem/Desktop/all my projects/uneom.com/node_modules/next/dist/compiled/next-server/app-page.runtime.prod.js:12:142093)
    at eE (/Users/ahmedsalem/Desktop/all my projects/uneom.com/node_modules/next/dist/compiled/next-server/app-page.runtime.prod.js:12:142572)
    at AsyncLocalStorage.run (node:internal/async_local_storage/async_context_frame:63:14)
    at Timeout._onTimeout (/Users/ahmedsalem/Desktop/all my projects/uneom.com/node_modules/next/dist/compiled/next-server/app-page.runtime.prod.js:12:150373) {
  digest: '3731830276'
}
TypeError: Cannot read properties of undefined (reading 'map')
    at f (/Users/ahmedsalem/Desktop/all my projects/uneom.com/.next/server/app/ar/locations/[city]/[industry]/page.js:1:8960)
    at eh (/Users/ahmedsalem/Desktop/all my projects/uneom.com/node_modules/next/dist/compiled/next-server/app-page.runtime.prod.js:12:134660)
    at e (/Users/ahmedsalem/Desktop/all my projects/uneom.com/node_modules/next/dist/compiled/next-server/app-page.runtime.prod.js:12:137545)
    at ek (/Users/ahmedsalem/Desktop/all my projects/uneom.com/node_modules/next/dist/compiled/next-server/app-page.runtime.prod.js:12:138019)
    at Array.toJSON (/Users/ahmedsalem/Desktop/all my projects/uneom.com/node_modules/next/dist/compiled/next-server/app-page.runtime.prod.js:12:135629)
    at stringify (<anonymous>)
    at eP (/Users/ahmedsalem/Desktop/all my projects/uneom.com/node_modules/next/dist/compiled/next-server/app-page.runtime.prod.js:12:142093)
    at eE (/Users/ahmedsalem/Desktop/all my projects/uneom.com/node_modules/next/dist/compiled/next-server/app-page.runtime.prod.js:12:142572)
    at Timeout._onTimeout (/Users/ahmedsalem/Desktop/all my projects/uneom.com/node_modules/next/dist/compiled/next-server/app-page.runtime.prod.js:12:135349)
    at listOnTimeout (node:internal/timers:605:17) {
  digest: '2101114011'
}

Error occurred prerendering page "/ar/locations/al-kharj/hospitality". Read more: https://nextjs.org/docs/messages/prerender-error

TypeError: Cannot read properties of undefined (reading 'map')
    at f (/Users/ahmedsalem/Desktop/all my projects/uneom.com/.next/server/app/ar/locations/[city]/[industry]/page.js:1:8960)
    at eh (/Users/ahmedsalem/Desktop/all my projects/uneom.com/node_modules/next/dist/compiled/next-server/app-page.runtime.prod.js:12:134660)
    at e (/Users/ahmedsalem/Desktop/all my projects/uneom.com/node_modules/next/dist/compiled/next-server/app-page.runtime.prod.js:12:137545)
    at ek (/Users/ahmedsalem/Desktop/all my projects/uneom.com/node_modules/next/dist/compiled/next-server/app-page.runtime.prod.js:12:138019)
    at Array.toJSON (/Users/ahmedsalem/Desktop/all my projects/uneom.com/node_modules/next/dist/compiled/next-server/app-page.runtime.prod.js:12:135629)
    at stringify (<anonymous>)
    at eP (/Users/ahmedsalem/Desktop/all my projects/uneom.com/node_modules/next/dist/compiled/next-server/app-page.runtime.prod.js:12:142093)
    at eE (/Users/ahmedsalem/Desktop/all my projects/uneom.com/node_modules/next/dist/compiled/next-server/app-page.runtime.prod.js:12:142572)
    at AsyncLocalStorage.run (node:internal/async_local_storage/async_context_frame:63:14)
    at Timeout._onTimeout (/Users/ahmedsalem/Desktop/all my projects/uneom.com/node_modules/next/dist/compiled/next-server/app-page.runtime.prod.js:12:150373)

Error occurred prerendering page "/ar/locations/al-kharj/aviation". Read more: https://nextjs.org/docs/messages/prerender-error

TypeError: Cannot read properties of undefined (reading 'map')
    at f (/Users/ahmedsalem/Desktop/all my projects/uneom.com/.next/server/app/ar/locations/[city]/[industry]/page.js:1:8960)
    at eh (/Users/ahmedsalem/Desktop/all my projects/uneom.com/node_modules/next/dist/compiled/next-server/app-page.runtime.prod.js:12:134660)
    at e (/Users/ahmedsalem/Desktop/all my projects/uneom.com/node_modules/next/dist/compiled/next-server/app-page.runtime.prod.js:12:137545)
    at ek (/Users/ahmedsalem/Desktop/all my projects/uneom.com/node_modules/next/dist/compiled/next-server/app-page.runtime.prod.js:12:138019)
    at Array.toJSON (/Users/ahmedsalem/Desktop/all my projects/uneom.com/node_modules/next/dist/compiled/next-server/app-page.runtime.prod.js:12:135629)
    at stringify (<anonymous>)
    at eP (/Users/ahmedsalem/Desktop/all my projects/uneom.com/node_modules/next/dist/compiled/next-server/app-page.runtime.prod.js:12:142093)
    at eE (/Users/ahmedsalem/Desktop/all my projects/uneom.com/node_modules/next/dist/compiled/next-server/app-page.runtime.prod.js:12:142572)
    at AsyncLocalStorage.run (node:internal/async_local_storage/async_context_frame:63:14)
    at Timeout._onTimeout (/Users/ahmedsalem/Desktop/all my projects/uneom.com/node_modules/next/dist/compiled/next-server/app-page.runtime.prod.js:12:150373)
TypeError: Cannot read properties of undefined (reading 'map')
    at f (/Users/ahmedsalem/Desktop/all my projects/uneom.com/.next/server/app/ar/locations/[city]/[industry]/page.js:1:8960)
    at eh (/Users/ahmedsalem/Desktop/all my projects/uneom.com/node_modules/next/dist/compiled/next-server/app-page.runtime.prod.js:12:134660)
    at e (/Users/ahmedsalem/Desktop/all my projects/uneom.com/node_modules/next/dist/compiled/next-server/app-page.runtime.prod.js:12:137545)
    at ek (/Users/ahmedsalem/Desktop/all my projects/uneom.com/node_modules/next/dist/compiled/next-server/app-page.runtime.prod.js:12:138019)
    at Array.toJSON (/Users/ahmedsalem/Desktop/all my projects/uneom.com/node_modules/next/dist/compiled/next-server/app-page.runtime.prod.js:12:135629)
    at stringify (<anonymous>)
    at eP (/Users/ahmedsalem/Desktop/all my projects/uneom.com/node_modules/next/dist/compiled/next-server/app-page.runtime.prod.js:12:142093)
    at eE (/Users/ahmedsalem/Desktop/all my projects/uneom.com/node_modules/next/dist/compiled/next-server/app-page.runtime.prod.js:12:142572)
    at AsyncLocalStorage.run (node:internal/async_local_storage/async_context_frame:63:14)
    at Timeout._onTimeout (/Users/ahmedsalem/Desktop/all my projects/uneom.com/node_modules/next/dist/compiled/next-server/app-page.runtime.prod.js:12:150373) {
  digest: '3731830276'
}
TypeError: Cannot read properties of undefined (reading 'map')
    at f (/Users/ahmedsalem/Desktop/all my projects/uneom.com/.next/server/app/ar/locations/[city]/[industry]/page.js:1:8960)
    at eh (/Users/ahmedsalem/Desktop/all my projects/uneom.com/node_modules/next/dist/compiled/next-server/app-page.runtime.prod.js:12:134660)
    at e (/Users/ahmedsalem/Desktop/all my projects/uneom.com/node_modules/next/dist/compiled/next-server/app-page.runtime.prod.js:12:137545)
    at ek (/Users/ahmedsalem/Desktop/all my projects/uneom.com/node_modules/next/dist/compiled/next-server/app-page.runtime.prod.js:12:138019)
    at Array.toJSON (/Users/ahmedsalem/Desktop/all my projects/uneom.com/node_modules/next/dist/compiled/next-server/app-page.runtime.prod.js:12:135629)
    at stringify (<anonymous>)
    at eP (/Users/ahmedsalem/Desktop/all my projects/uneom.com/node_modules/next/dist/compiled/next-server/app-page.runtime.prod.js:12:142093)
    at eE (/Users/ahmedsalem/Desktop/all my projects/uneom.com/node_modules/next/dist/compiled/next-server/app-page.runtime.prod.js:12:142572)
    at Timeout._onTimeout (/Users/ahmedsalem/Desktop/all my projects/uneom.com/node_modules/next/dist/compiled/next-server/app-page.runtime.prod.js:12:135349)
    at listOnTimeout (node:internal/timers:605:17) {
  digest: '2101114011'
}

Error occurred prerendering page "/ar/locations/al-kharj/corporate". Read more: https://nextjs.org/docs/messages/prerender-error

TypeError: Cannot read properties of undefined (reading 'map')
    at f (/Users/ahmedsalem/Desktop/all my projects/uneom.com/.next/server/app/ar/locations/[city]/[industry]/page.js:1:8960)
    at eh (/Users/ahmedsalem/Desktop/all my projects/uneom.com/node_modules/next/dist/compiled/next-server/app-page.runtime.prod.js:12:134660)
    at e (/Users/ahmedsalem/Desktop/all my projects/uneom.com/node_modules/next/dist/compiled/next-server/app-page.runtime.prod.js:12:137545)
    at ek (/Users/ahmedsalem/Desktop/all my projects/uneom.com/node_modules/next/dist/compiled/next-server/app-page.runtime.prod.js:12:138019)
    at Array.toJSON (/Users/ahmedsalem/Desktop/all my projects/uneom.com/node_modules/next/dist/compiled/next-server/app-page.runtime.prod.js:12:135629)
    at stringify (<anonymous>)
    at eP (/Users/ahmedsalem/Desktop/all my projects/uneom.com/node_modules/next/dist/compiled/next-server/app-page.runtime.prod.js:12:142093)
    at eE (/Users/ahmedsalem/Desktop/all my projects/uneom.com/node_modules/next/dist/compiled/next-server/app-page.runtime.prod.js:12:142572)
    at AsyncLocalStorage.run (node:internal/async_local_storage/async_context_frame:63:14)
    at Timeout._onTimeout (/Users/ahmedsalem/Desktop/all my projects/uneom.com/node_modules/next/dist/compiled/next-server/app-page.runtime.prod.js:12:150373)
TypeError: Cannot read properties of undefined (reading 'map')
    at f (/Users/ahmedsalem/Desktop/all my projects/uneom.com/.next/server/app/ar/locations/[city]/[industry]/page.js:1:8960)
    at eh (/Users/ahmedsalem/Desktop/all my projects/uneom.com/node_modules/next/dist/compiled/next-server/app-page.runtime.prod.js:12:134660)
    at e (/Users/ahmedsalem/Desktop/all my projects/uneom.com/node_modules/next/dist/compiled/next-server/app-page.runtime.prod.js:12:137545)
    at ek (/Users/ahmedsalem/Desktop/all my projects/uneom.com/node_modules/next/dist/compiled/next-server/app-page.runtime.prod.js:12:138019)
    at Array.toJSON (/Users/ahmedsalem/Desktop/all my projects/uneom.com/node_modules/next/dist/compiled/next-server/app-page.runtime.prod.js:12:135629)
    at stringify (<anonymous>)
    at eP (/Users/ahmedsalem/Desktop/all my projects/uneom.com/node_modules/next/dist/compiled/next-server/app-page.runtime.prod.js:12:142093)
    at eE (/Users/ahmedsalem/Desktop/all my projects/uneom.com/node_modules/next/dist/compiled/next-server/app-page.runtime.prod.js:12:142572)
    at AsyncLocalStorage.run (node:internal/async_local_storage/async_context_frame:63:14)
    at Timeout._onTimeout (/Users/ahmedsalem/Desktop/all my projects/uneom.com/node_modules/next/dist/compiled/next-server/app-page.runtime.prod.js:12:150373) {
  digest: '3731830276'
}
TypeError: Cannot read properties of undefined (reading 'map')
    at f (/Users/ahmedsalem/Desktop/all my projects/uneom.com/.next/server/app/ar/locations/[city]/[industry]/page.js:1:8960)
    at eh (/Users/ahmedsalem/Desktop/all my projects/uneom.com/node_modules/next/dist/compiled/next-server/app-page.runtime.prod.js:12:134660)
    at e (/Users/ahmedsalem/Desktop/all my projects/uneom.com/node_modules/next/dist/compiled/next-server/app-page.runtime.prod.js:12:137545)
    at ek (/Users/ahmedsalem/Desktop/all my projects/uneom.com/node_modules/next/dist/compiled/next-server/app-page.runtime.prod.js:12:138019)
    at Array.toJSON (/Users/ahmedsalem/Desktop/all my projects/uneom.com/node_modules/next/dist/compiled/next-server/app-page.runtime.prod.js:12:135629)
    at stringify (<anonymous>)
    at eP (/Users/ahmedsalem/Desktop/all my projects/uneom.com/node_modules/next/dist/compiled/next-server/app-page.runtime.prod.js:12:142093)
    at eE (/Users/ahmedsalem/Desktop/all my projects/uneom.com/node_modules/next/dist/compiled/next-server/app-page.runtime.prod.js:12:142572)
    at Timeout._onTimeout (/Users/ahmedsalem/Desktop/all my projects/uneom.com/node_modules/next/dist/compiled/next-server/app-page.runtime.prod.js:12:135349)
    at listOnTimeout (node:internal/timers:605:17) {
  digest: '2101114011'
}
TypeError: Cannot read properties of undefined (reading 'map')
    at f (/Users/ahmedsalem/Desktop/all my projects/uneom.com/.next/server/app/ar/locations/[city]/[industry]/page.js:1:8960)
    at eh (/Users/ahmedsalem/Desktop/all my projects/uneom.com/node_modules/next/dist/compiled/next-server/app-page.runtime.prod.js:12:134660)
    at e (/Users/ahmedsalem/Desktop/all my projects/uneom.com/node_modules/next/dist/compiled/next-server/app-page.runtime.prod.js:12:137545)
    at ek (/Users/ahmedsalem/Desktop/all my projects/uneom.com/node_modules/next/dist/compiled/next-server/app-page.runtime.prod.js:12:138019)
    at Array.toJSON (/Users/ahmedsalem/Desktop/all my projects/uneom.com/node_modules/next/dist/compiled/next-server/app-page.runtime.prod.js:12:135629)
    at stringify (<anonymous>)
    at eP (/Users/ahmedsalem/Desktop/all my projects/uneom.com/node_modules/next/dist/compiled/next-server/app-page.runtime.prod.js:12:142093)
    at eE (/Users/ahmedsalem/Desktop/all my projects/uneom.com/node_modules/next/dist/compiled/next-server/app-page.runtime.prod.js:12:142572)
    at AsyncLocalStorage.run (node:internal/async_local_storage/async_context_frame:63:14)
    at Timeout._onTimeout (/Users/ahmedsalem/Desktop/all my projects/uneom.com/node_modules/next/dist/compiled/next-server/app-page.runtime.prod.js:12:150373) {
  digest: '3731830276'
}
TypeError: Cannot read properties of undefined (reading 'map')
    at f (/Users/ahmedsalem/Desktop/all my projects/uneom.com/.next/server/app/ar/locations/[city]/[industry]/page.js:1:8960)
    at eh (/Users/ahmedsalem/Desktop/all my projects/uneom.com/node_modules/next/dist/compiled/next-server/app-page.runtime.prod.js:12:134660)
    at e (/Users/ahmedsalem/Desktop/all my projects/uneom.com/node_modules/next/dist/compiled/next-server/app-page.runtime.prod.js:12:137545)
    at ek (/Users/ahmedsalem/Desktop/all my projects/uneom.com/node_modules/next/dist/compiled/next-server/app-page.runtime.prod.js:12:138019)
    at Array.toJSON (/Users/ahmedsalem/Desktop/all my projects/uneom.com/node_modules/next/dist/compiled/next-server/app-page.runtime.prod.js:12:135629)
    at stringify (<anonymous>)
    at eP (/Users/ahmedsalem/Desktop/all my projects/uneom.com/node_modules/next/dist/compiled/next-server/app-page.runtime.prod.js:12:142093)
    at eE (/Users/ahmedsalem/Desktop/all my projects/uneom.com/node_modules/next/dist/compiled/next-server/app-page.runtime.prod.js:12:142572)
    at Timeout._onTimeout (/Users/ahmedsalem/Desktop/all my projects/uneom.com/node_modules/next/dist/compiled/next-server/app-page.runtime.prod.js:12:135349)
    at listOnTimeout (node:internal/timers:605:17) {
  digest: '2101114011'
}
TypeError: Cannot read properties of undefined (reading 'map')
    at f (/Users/ahmedsalem/Desktop/all my projects/uneom.com/.next/server/app/ar/locations/[city]/[industry]/page.js:1:8960)
    at eh (/Users/ahmedsalem/Desktop/all my projects/uneom.com/node_modules/next/dist/compiled/next-server/app-page.runtime.prod.js:12:134660)
    at e (/Users/ahmedsalem/Desktop/all my projects/uneom.com/node_modules/next/dist/compiled/next-server/app-page.runtime.prod.js:12:137545)
    at ek (/Users/ahmedsalem/Desktop/all my projects/uneom.com/node_modules/next/dist/compiled/next-server/app-page.runtime.prod.js:12:138019)
    at Array.toJSON (/Users/ahmedsalem/Desktop/all my projects/uneom.com/node_modules/next/dist/compiled/next-server/app-page.runtime.prod.js:12:135629)
    at stringify (<anonymous>)
    at eP (/Users/ahmedsalem/Desktop/all my projects/uneom.com/node_modules/next/dist/compiled/next-server/app-page.runtime.prod.js:12:142093)
    at eE (/Users/ahmedsalem/Desktop/all my projects/uneom.com/node_modules/next/dist/compiled/next-server/app-page.runtime.prod.js:12:142572)
    at AsyncLocalStorage.run (node:internal/async_local_storage/async_context_frame:63:14)
    at Timeout._onTimeout (/Users/ahmedsalem/Desktop/all my projects/uneom.com/node_modules/next/dist/compiled/next-server/app-page.runtime.prod.js:12:150373) {
  digest: '3731830276'
}
TypeError: Cannot read properties of undefined (reading 'map')
    at f (/Users/ahmedsalem/Desktop/all my projects/uneom.com/.next/server/app/ar/locations/[city]/[industry]/page.js:1:8960)
    at eh (/Users/ahmedsalem/Desktop/all my projects/uneom.com/node_modules/next/dist/compiled/next-server/app-page.runtime.prod.js:12:134660)
    at e (/Users/ahmedsalem/Desktop/all my projects/uneom.com/node_modules/next/dist/compiled/next-server/app-page.runtime.prod.js:12:137545)
    at ek (/Users/ahmedsalem/Desktop/all my projects/uneom.com/node_modules/next/dist/compiled/next-server/app-page.runtime.prod.js:12:138019)
    at Array.toJSON (/Users/ahmedsalem/Desktop/all my projects/uneom.com/node_modules/next/dist/compiled/next-server/app-page.runtime.prod.js:12:135629)
    at stringify (<anonymous>)
    at eP (/Users/ahmedsalem/Desktop/all my projects/uneom.com/node_modules/next/dist/compiled/next-server/app-page.runtime.prod.js:12:142093)
    at eE (/Users/ahmedsalem/Desktop/all my projects/uneom.com/node_modules/next/dist/compiled/next-server/app-page.runtime.prod.js:12:142572)
    at AsyncLocalStorage.run (node:internal/async_local_storage/async_context_frame:63:14)
    at Timeout._onTimeout (/Users/ahmedsalem/Desktop/all my projects/uneom.com/node_modules/next/dist/compiled/next-server/app-page.runtime.prod.js:12:150373) {
  digest: '3731830276'
}
TypeError: Cannot read properties of undefined (reading 'map')
    at f (/Users/ahmedsalem/Desktop/all my projects/uneom.com/.next/server/app/ar/locations/[city]/[industry]/page.js:1:8960)
    at eh (/Users/ahmedsalem/Desktop/all my projects/uneom.com/node_modules/next/dist/compiled/next-server/app-page.runtime.prod.js:12:134660)
    at e (/Users/ahmedsalem/Desktop/all my projects/uneom.com/node_modules/next/dist/compiled/next-server/app-page.runtime.prod.js:12:137545)
    at ek (/Users/ahmedsalem/Desktop/all my projects/uneom.com/node_modules/next/dist/compiled/next-server/app-page.runtime.prod.js:12:138019)
    at Array.toJSON (/Users/ahmedsalem/Desktop/all my projects/uneom.com/node_modules/next/dist/compiled/next-server/app-page.runtime.prod.js:12:135629)
    at stringify (<anonymous>)
    at eP (/Users/ahmedsalem/Desktop/all my projects/uneom.com/node_modules/next/dist/compiled/next-server/app-page.runtime.prod.js:12:142093)
    at eE (/Users/ahmedsalem/Desktop/all my projects/uneom.com/node_modules/next/dist/compiled/next-server/app-page.runtime.prod.js:12:142572)
    at Timeout._onTimeout (/Users/ahmedsalem/Desktop/all my projects/uneom.com/node_modules/next/dist/compiled/next-server/app-page.runtime.prod.js:12:135349)
    at listOnTimeout (node:internal/timers:605:17) {
  digest: '2101114011'
}
TypeError: Cannot read properties of undefined (reading 'map')
    at f (/Users/ahmedsalem/Desktop/all my projects/uneom.com/.next/server/app/ar/locations/[city]/[industry]/page.js:1:8960)
    at eh (/Users/ahmedsalem/Desktop/all my projects/uneom.com/node_modules/next/dist/compiled/next-server/app-page.runtime.prod.js:12:134660)
    at e (/Users/ahmedsalem/Desktop/all my projects/uneom.com/node_modules/next/dist/compiled/next-server/app-page.runtime.prod.js:12:137545)
    at ek (/Users/ahmedsalem/Desktop/all my projects/uneom.com/node_modules/next/dist/compiled/next-server/app-page.runtime.prod.js:12:138019)
    at Array.toJSON (/Users/ahmedsalem/Desktop/all my projects/uneom.com/node_modules/next/dist/compiled/next-server/app-page.runtime.prod.js:12:135629)
    at stringify (<anonymous>)
    at eP (/Users/ahmedsalem/Desktop/all my projects/uneom.com/node_modules/next/dist/compiled/next-server/app-page.runtime.prod.js:12:142093)
    at eE (/Users/ahmedsalem/Desktop/all my projects/uneom.com/node_modules/next/dist/compiled/next-server/app-page.runtime.prod.js:12:142572)
    at Timeout._onTimeout (/Users/ahmedsalem/Desktop/all my projects/uneom.com/node_modules/next/dist/compiled/next-server/app-page.runtime.prod.js:12:135349)
    at listOnTimeout (node:internal/timers:605:17) {
  digest: '2101114011'
}

Error occurred prerendering page "/ar/locations/al-kharj/manufacturing". Read more: https://nextjs.org/docs/messages/prerender-error

TypeError: Cannot read properties of undefined (reading 'map')
    at f (/Users/ahmedsalem/Desktop/all my projects/uneom.com/.next/server/app/ar/locations/[city]/[industry]/page.js:1:8960)
    at eh (/Users/ahmedsalem/Desktop/all my projects/uneom.com/node_modules/next/dist/compiled/next-server/app-page.runtime.prod.js:12:134660)
    at e (/Users/ahmedsalem/Desktop/all my projects/uneom.com/node_modules/next/dist/compiled/next-server/app-page.runtime.prod.js:12:137545)
    at ek (/Users/ahmedsalem/Desktop/all my projects/uneom.com/node_modules/next/dist/compiled/next-server/app-page.runtime.prod.js:12:138019)
    at Array.toJSON (/Users/ahmedsalem/Desktop/all my projects/uneom.com/node_modules/next/dist/compiled/next-server/app-page.runtime.prod.js:12:135629)
    at stringify (<anonymous>)
    at eP (/Users/ahmedsalem/Desktop/all my projects/uneom.com/node_modules/next/dist/compiled/next-server/app-page.runtime.prod.js:12:142093)
    at eE (/Users/ahmedsalem/Desktop/all my projects/uneom.com/node_modules/next/dist/compiled/next-server/app-page.runtime.prod.js:12:142572)
    at AsyncLocalStorage.run (node:internal/async_local_storage/async_context_frame:63:14)
    at Timeout._onTimeout (/Users/ahmedsalem/Desktop/all my projects/uneom.com/node_modules/next/dist/compiled/next-server/app-page.runtime.prod.js:12:150373)

Error occurred prerendering page "/ar/locations/al-kharj/education". Read more: https://nextjs.org/docs/messages/prerender-error

TypeError: Cannot read properties of undefined (reading 'map')
    at f (/Users/ahmedsalem/Desktop/all my projects/uneom.com/.next/server/app/ar/locations/[city]/[industry]/page.js:1:8960)
    at eh (/Users/ahmedsalem/Desktop/all my projects/uneom.com/node_modules/next/dist/compiled/next-server/app-page.runtime.prod.js:12:134660)
    at e (/Users/ahmedsalem/Desktop/all my projects/uneom.com/node_modules/next/dist/compiled/next-server/app-page.runtime.prod.js:12:137545)
    at ek (/Users/ahmedsalem/Desktop/all my projects/uneom.com/node_modules/next/dist/compiled/next-server/app-page.runtime.prod.js:12:138019)
    at Array.toJSON (/Users/ahmedsalem/Desktop/all my projects/uneom.com/node_modules/next/dist/compiled/next-server/app-page.runtime.prod.js:12:135629)
    at stringify (<anonymous>)
    at eP (/Users/ahmedsalem/Desktop/all my projects/uneom.com/node_modules/next/dist/compiled/next-server/app-page.runtime.prod.js:12:142093)
    at eE (/Users/ahmedsalem/Desktop/all my projects/uneom.com/node_modules/next/dist/compiled/next-server/app-page.runtime.prod.js:12:142572)
    at AsyncLocalStorage.run (node:internal/async_local_storage/async_context_frame:63:14)
    at Timeout._onTimeout (/Users/ahmedsalem/Desktop/all my projects/uneom.com/node_modules/next/dist/compiled/next-server/app-page.runtime.prod.js:12:150373)
TypeError: Cannot read properties of undefined (reading 'map')
    at f (/Users/ahmedsalem/Desktop/all my projects/uneom.com/.next/server/app/ar/locations/[city]/[industry]/page.js:1:8960)
    at eh (/Users/ahmedsalem/Desktop/all my projects/uneom.com/node_modules/next/dist/compiled/next-server/app-page.runtime.prod.js:12:134660)
    at e (/Users/ahmedsalem/Desktop/all my projects/uneom.com/node_modules/next/dist/compiled/next-server/app-page.runtime.prod.js:12:137545)
    at ek (/Users/ahmedsalem/Desktop/all my projects/uneom.com/node_modules/next/dist/compiled/next-server/app-page.runtime.prod.js:12:138019)
    at Array.toJSON (/Users/ahmedsalem/Desktop/all my projects/uneom.com/node_modules/next/dist/compiled/next-server/app-page.runtime.prod.js:12:135629)
    at stringify (<anonymous>)
    at eP (/Users/ahmedsalem/Desktop/all my projects/uneom.com/node_modules/next/dist/compiled/next-server/app-page.runtime.prod.js:12:142093)
    at eE (/Users/ahmedsalem/Desktop/all my projects/uneom.com/node_modules/next/dist/compiled/next-server/app-page.runtime.prod.js:12:142572)
    at AsyncLocalStorage.run (node:internal/async_local_storage/async_context_frame:63:14)
    at Timeout._onTimeout (/Users/ahmedsalem/Desktop/all my projects/uneom.com/node_modules/next/dist/compiled/next-server/app-page.runtime.prod.js:12:150373) {
  digest: '3731830276'
}
TypeError: Cannot read properties of undefined (reading 'map')
    at f (/Users/ahmedsalem/Desktop/all my projects/uneom.com/.next/server/app/ar/locations/[city]/[industry]/page.js:1:8960)
    at eh (/Users/ahmedsalem/Desktop/all my projects/uneom.com/node_modules/next/dist/compiled/next-server/app-page.runtime.prod.js:12:134660)
    at e (/Users/ahmedsalem/Desktop/all my projects/uneom.com/node_modules/next/dist/compiled/next-server/app-page.runtime.prod.js:12:137545)
    at ek (/Users/ahmedsalem/Desktop/all my projects/uneom.com/node_modules/next/dist/compiled/next-server/app-page.runtime.prod.js:12:138019)
    at Array.toJSON (/Users/ahmedsalem/Desktop/all my projects/uneom.com/node_modules/next/dist/compiled/next-server/app-page.runtime.prod.js:12:135629)
    at stringify (<anonymous>)
    at eP (/Users/ahmedsalem/Desktop/all my projects/uneom.com/node_modules/next/dist/compiled/next-server/app-page.runtime.prod.js:12:142093)
    at eE (/Users/ahmedsalem/Desktop/all my projects/uneom.com/node_modules/next/dist/compiled/next-server/app-page.runtime.prod.js:12:142572)
    at Timeout._onTimeout (/Users/ahmedsalem/Desktop/all my projects/uneom.com/node_modules/next/dist/compiled/next-server/app-page.runtime.prod.js:12:135349)
    at listOnTimeout (node:internal/timers:605:17) {
  digest: '2101114011'
}

Error occurred prerendering page "/ar/locations/al-kharj/security". Read more: https://nextjs.org/docs/messages/prerender-error

TypeError: Cannot read properties of undefined (reading 'map')
    at f (/Users/ahmedsalem/Desktop/all my projects/uneom.com/.next/server/app/ar/locations/[city]/[industry]/page.js:1:8960)
    at eh (/Users/ahmedsalem/Desktop/all my projects/uneom.com/node_modules/next/dist/compiled/next-server/app-page.runtime.prod.js:12:134660)
    at e (/Users/ahmedsalem/Desktop/all my projects/uneom.com/node_modules/next/dist/compiled/next-server/app-page.runtime.prod.js:12:137545)
    at ek (/Users/ahmedsalem/Desktop/all my projects/uneom.com/node_modules/next/dist/compiled/next-server/app-page.runtime.prod.js:12:138019)
    at Array.toJSON (/Users/ahmedsalem/Desktop/all my projects/uneom.com/node_modules/next/dist/compiled/next-server/app-page.runtime.prod.js:12:135629)
    at stringify (<anonymous>)
    at eP (/Users/ahmedsalem/Desktop/all my projects/uneom.com/node_modules/next/dist/compiled/next-server/app-page.runtime.prod.js:12:142093)
    at eE (/Users/ahmedsalem/Desktop/all my projects/uneom.com/node_modules/next/dist/compiled/next-server/app-page.runtime.prod.js:12:142572)
    at AsyncLocalStorage.run (node:internal/async_local_storage/async_context_frame:63:14)
    at Timeout._onTimeout (/Users/ahmedsalem/Desktop/all my projects/uneom.com/node_modules/next/dist/compiled/next-server/app-page.runtime.prod.js:12:150373)

Error occurred prerendering page "/ar/locations/al-kharj/retail-shops". Read more: https://nextjs.org/docs/messages/prerender-error

TypeError: Cannot read properties of undefined (reading 'map')
    at f (/Users/ahmedsalem/Desktop/all my projects/uneom.com/.next/server/app/ar/locations/[city]/[industry]/page.js:1:8960)
    at eh (/Users/ahmedsalem/Desktop/all my projects/uneom.com/node_modules/next/dist/compiled/next-server/app-page.runtime.prod.js:12:134660)
    at e (/Users/ahmedsalem/Desktop/all my projects/uneom.com/node_modules/next/dist/compiled/next-server/app-page.runtime.prod.js:12:137545)
    at ek (/Users/ahmedsalem/Desktop/all my projects/uneom.com/node_modules/next/dist/compiled/next-server/app-page.runtime.prod.js:12:138019)
    at Array.toJSON (/Users/ahmedsalem/Desktop/all my projects/uneom.com/node_modules/next/dist/compiled/next-server/app-page.runtime.prod.js:12:135629)
    at stringify (<anonymous>)
    at eP (/Users/ahmedsalem/Desktop/all my projects/uneom.com/node_modules/next/dist/compiled/next-server/app-page.runtime.prod.js:12:142093)
    at eE (/Users/ahmedsalem/Desktop/all my projects/uneom.com/node_modules/next/dist/compiled/next-server/app-page.runtime.prod.js:12:142572)
    at AsyncLocalStorage.run (node:internal/async_local_storage/async_context_frame:63:14)
    at Timeout._onTimeout (/Users/ahmedsalem/Desktop/all my projects/uneom.com/node_modules/next/dist/compiled/next-server/app-page.runtime.prod.js:12:150373)
TypeError: Cannot read properties of undefined (reading 'map')
    at f (/Users/ahmedsalem/Desktop/all my projects/uneom.com/.next/server/app/ar/locations/[city]/[industry]/page.js:1:8960)
    at eh (/Users/ahmedsalem/Desktop/all my projects/uneom.com/node_modules/next/dist/compiled/next-server/app-page.runtime.prod.js:12:134660)
    at e (/Users/ahmedsalem/Desktop/all my projects/uneom.com/node_modules/next/dist/compiled/next-server/app-page.runtime.prod.js:12:137545)
    at ek (/Users/ahmedsalem/Desktop/all my projects/uneom.com/node_modules/next/dist/compiled/next-server/app-page.runtime.prod.js:12:138019)
    at Array.toJSON (/Users/ahmedsalem/Desktop/all my projects/uneom.com/node_modules/next/dist/compiled/next-server/app-page.runtime.prod.js:12:135629)
    at stringify (<anonymous>)
    at eP (/Users/ahmedsalem/Desktop/all my projects/uneom.com/node_modules/next/dist/compiled/next-server/app-page.runtime.prod.js:12:142093)
    at eE (/Users/ahmedsalem/Desktop/all my projects/uneom.com/node_modules/next/dist/compiled/next-server/app-page.runtime.prod.js:12:142572)
    at AsyncLocalStorage.run (node:internal/async_local_storage/async_context_frame:63:14)
    at Timeout._onTimeout (/Users/ahmedsalem/Desktop/all my projects/uneom.com/node_modules/next/dist/compiled/next-server/app-page.runtime.prod.js:12:150373) {
  digest: '3731830276'
}
TypeError: Cannot read properties of undefined (reading 'map')
    at f (/Users/ahmedsalem/Desktop/all my projects/uneom.com/.next/server/app/ar/locations/[city]/[industry]/page.js:1:8960)
    at eh (/Users/ahmedsalem/Desktop/all my projects/uneom.com/node_modules/next/dist/compiled/next-server/app-page.runtime.prod.js:12:134660)
    at e (/Users/ahmedsalem/Desktop/all my projects/uneom.com/node_modules/next/dist/compiled/next-server/app-page.runtime.prod.js:12:137545)
    at ek (/Users/ahmedsalem/Desktop/all my projects/uneom.com/node_modules/next/dist/compiled/next-server/app-page.runtime.prod.js:12:138019)
    at Array.toJSON (/Users/ahmedsalem/Desktop/all my projects/uneom.com/node_modules/next/dist/compiled/next-server/app-page.runtime.prod.js:12:135629)
    at stringify (<anonymous>)
    at eP (/Users/ahmedsalem/Desktop/all my projects/uneom.com/node_modules/next/dist/compiled/next-server/app-page.runtime.prod.js:12:142093)
    at eE (/Users/ahmedsalem/Desktop/all my projects/uneom.com/node_modules/next/dist/compiled/next-server/app-page.runtime.prod.js:12:142572)
    at Timeout._onTimeout (/Users/ahmedsalem/Desktop/all my projects/uneom.com/node_modules/next/dist/compiled/next-server/app-page.runtime.prod.js:12:135349)
    at listOnTimeout (node:internal/timers:605:17) {
  digest: '2101114011'
}

Error occurred prerendering page "/ar/locations/al-kharj/factory-industry". Read more: https://nextjs.org/docs/messages/prerender-error

TypeError: Cannot read properties of undefined (reading 'map')
    at f (/Users/ahmedsalem/Desktop/all my projects/uneom.com/.next/server/app/ar/locations/[city]/[industry]/page.js:1:8960)
    at eh (/Users/ahmedsalem/Desktop/all my projects/uneom.com/node_modules/next/dist/compiled/next-server/app-page.runtime.prod.js:12:134660)
    at e (/Users/ahmedsalem/Desktop/all my projects/uneom.com/node_modules/next/dist/compiled/next-server/app-page.runtime.prod.js:12:137545)
    at ek (/Users/ahmedsalem/Desktop/all my projects/uneom.com/node_modules/next/dist/compiled/next-server/app-page.runtime.prod.js:12:138019)
    at Array.toJSON (/Users/ahmedsalem/Desktop/all my projects/uneom.com/node_modules/next/dist/compiled/next-server/app-page.runtime.prod.js:12:135629)
    at stringify (<anonymous>)
    at eP (/Users/ahmedsalem/Desktop/all my projects/uneom.com/node_modules/next/dist/compiled/next-server/app-page.runtime.prod.js:12:142093)
    at eE (/Users/ahmedsalem/Desktop/all my projects/uneom.com/node_modules/next/dist/compiled/next-server/app-page.runtime.prod.js:12:142572)
    at AsyncLocalStorage.run (node:internal/async_local_storage/async_context_frame:63:14)
    at Timeout._onTimeout (/Users/ahmedsalem/Desktop/all my projects/uneom.com/node_modules/next/dist/compiled/next-server/app-page.runtime.prod.js:12:150373)

Error occurred prerendering page "/ar/locations/al-kharj/supply-manufacturing". Read more: https://nextjs.org/docs/messages/prerender-error

TypeError: Cannot read properties of undefined (reading 'map')
    at f (/Users/ahmedsalem/Desktop/all my projects/uneom.com/.next/server/app/ar/locations/[city]/[industry]/page.js:1:8960)
    at eh (/Users/ahmedsalem/Desktop/all my projects/uneom.com/node_modules/next/dist/compiled/next-server/app-page.runtime.prod.js:12:134660)
    at e (/Users/ahmedsalem/Desktop/all my projects/uneom.com/node_modules/next/dist/compiled/next-server/app-page.runtime.prod.js:12:137545)
    at ek (/Users/ahmedsalem/Desktop/all my projects/uneom.com/node_modules/next/dist/compiled/next-server/app-page.runtime.prod.js:12:138019)
    at Array.toJSON (/Users/ahmedsalem/Desktop/all my projects/uneom.com/node_modules/next/dist/compiled/next-server/app-page.runtime.prod.js:12:135629)
    at stringify (<anonymous>)
    at eP (/Users/ahmedsalem/Desktop/all my projects/uneom.com/node_modules/next/dist/compiled/next-server/app-page.runtime.prod.js:12:142093)
    at eE (/Users/ahmedsalem/Desktop/all my projects/uneom.com/node_modules/next/dist/compiled/next-server/app-page.runtime.prod.js:12:142572)
    at AsyncLocalStorage.run (node:internal/async_local_storage/async_context_frame:63:14)
    at Timeout._onTimeout (/Users/ahmedsalem/Desktop/all my projects/uneom.com/node_modules/next/dist/compiled/next-server/app-page.runtime.prod.js:12:150373)
TypeError: Cannot read properties of undefined (reading 'map')
    at f (/Users/ahmedsalem/Desktop/all my projects/uneom.com/.next/server/app/ar/locations/[city]/[industry]/page.js:1:8960)
    at eh (/Users/ahmedsalem/Desktop/all my projects/uneom.com/node_modules/next/dist/compiled/next-server/app-page.runtime.prod.js:12:134660)
    at e (/Users/ahmedsalem/Desktop/all my projects/uneom.com/node_modules/next/dist/compiled/next-server/app-page.runtime.prod.js:12:137545)
    at ek (/Users/ahmedsalem/Desktop/all my projects/uneom.com/node_modules/next/dist/compiled/next-server/app-page.runtime.prod.js:12:138019)
    at Array.toJSON (/Users/ahmedsalem/Desktop/all my projects/uneom.com/node_modules/next/dist/compiled/next-server/app-page.runtime.prod.js:12:135629)
    at stringify (<anonymous>)
    at eP (/Users/ahmedsalem/Desktop/all my projects/uneom.com/node_modules/next/dist/compiled/next-server/app-page.runtime.prod.js:12:142093)
    at eE (/Users/ahmedsalem/Desktop/all my projects/uneom.com/node_modules/next/dist/compiled/next-server/app-page.runtime.prod.js:12:142572)
    at AsyncLocalStorage.run (node:internal/async_local_storage/async_context_frame:63:14)
    at Timeout._onTimeout (/Users/ahmedsalem/Desktop/all my projects/uneom.com/node_modules/next/dist/compiled/next-server/app-page.runtime.prod.js:12:150373) {
  digest: '3731830276'
}
TypeError: Cannot read properties of undefined (reading 'map')
    at f (/Users/ahmedsalem/Desktop/all my projects/uneom.com/.next/server/app/ar/locations/[city]/[industry]/page.js:1:8960)
    at eh (/Users/ahmedsalem/Desktop/all my projects/uneom.com/node_modules/next/dist/compiled/next-server/app-page.runtime.prod.js:12:134660)
    at e (/Users/ahmedsalem/Desktop/all my projects/uneom.com/node_modules/next/dist/compiled/next-server/app-page.runtime.prod.js:12:137545)
    at ek (/Users/ahmedsalem/Desktop/all my projects/uneom.com/node_modules/next/dist/compiled/next-server/app-page.runtime.prod.js:12:138019)
    at Array.toJSON (/Users/ahmedsalem/Desktop/all my projects/uneom.com/node_modules/next/dist/compiled/next-server/app-page.runtime.prod.js:12:135629)
    at stringify (<anonymous>)
    at eP (/Users/ahmedsalem/Desktop/all my projects/uneom.com/node_modules/next/dist/compiled/next-server/app-page.runtime.prod.js:12:142093)
    at eE (/Users/ahmedsalem/Desktop/all my projects/uneom.com/node_modules/next/dist/compiled/next-server/app-page.runtime.prod.js:12:142572)
    at Timeout._onTimeout (/Users/ahmedsalem/Desktop/all my projects/uneom.com/node_modules/next/dist/compiled/next-server/app-page.runtime.prod.js:12:135349)
    at listOnTimeout (node:internal/timers:605:17) {
  digest: '2101114011'
}

Error occurred prerendering page "/ar/locations/arar/aviation". Read more: https://nextjs.org/docs/messages/prerender-error

TypeError: Cannot read properties of undefined (reading 'map')
    at f (/Users/ahmedsalem/Desktop/all my projects/uneom.com/.next/server/app/ar/locations/[city]/[industry]/page.js:1:8960)
    at eh (/Users/ahmedsalem/Desktop/all my projects/uneom.com/node_modules/next/dist/compiled/next-server/app-page.runtime.prod.js:12:134660)
    at e (/Users/ahmedsalem/Desktop/all my projects/uneom.com/node_modules/next/dist/compiled/next-server/app-page.runtime.prod.js:12:137545)
    at ek (/Users/ahmedsalem/Desktop/all my projects/uneom.com/node_modules/next/dist/compiled/next-server/app-page.runtime.prod.js:12:138019)
    at Array.toJSON (/Users/ahmedsalem/Desktop/all my projects/uneom.com/node_modules/next/dist/compiled/next-server/app-page.runtime.prod.js:12:135629)
    at stringify (<anonymous>)
    at eP (/Users/ahmedsalem/Desktop/all my projects/uneom.com/node_modules/next/dist/compiled/next-server/app-page.runtime.prod.js:12:142093)
    at eE (/Users/ahmedsalem/Desktop/all my projects/uneom.com/node_modules/next/dist/compiled/next-server/app-page.runtime.prod.js:12:142572)
    at AsyncLocalStorage.run (node:internal/async_local_storage/async_context_frame:63:14)
    at Timeout._onTimeout (/Users/ahmedsalem/Desktop/all my projects/uneom.com/node_modules/next/dist/compiled/next-server/app-page.runtime.prod.js:12:150373)

Error occurred prerendering page "/ar/locations/arar/healthcare". Read more: https://nextjs.org/docs/messages/prerender-error

TypeError: Cannot read properties of undefined (reading 'map')
    at f (/Users/ahmedsalem/Desktop/all my projects/uneom.com/.next/server/app/ar/locations/[city]/[industry]/page.js:1:8960)
    at eh (/Users/ahmedsalem/Desktop/all my projects/uneom.com/node_modules/next/dist/compiled/next-server/app-page.runtime.prod.js:12:134660)
    at e (/Users/ahmedsalem/Desktop/all my projects/uneom.com/node_modules/next/dist/compiled/next-server/app-page.runtime.prod.js:12:137545)
    at ek (/Users/ahmedsalem/Desktop/all my projects/uneom.com/node_modules/next/dist/compiled/next-server/app-page.runtime.prod.js:12:138019)
    at Array.toJSON (/Users/ahmedsalem/Desktop/all my projects/uneom.com/node_modules/next/dist/compiled/next-server/app-page.runtime.prod.js:12:135629)
    at stringify (<anonymous>)
    at eP (/Users/ahmedsalem/Desktop/all my projects/uneom.com/node_modules/next/dist/compiled/next-server/app-page.runtime.prod.js:12:142093)
    at eE (/Users/ahmedsalem/Desktop/all my projects/uneom.com/node_modules/next/dist/compiled/next-server/app-page.runtime.prod.js:12:142572)
    at AsyncLocalStorage.run (node:internal/async_local_storage/async_context_frame:63:14)
    at Timeout._onTimeout (/Users/ahmedsalem/Desktop/all my projects/uneom.com/node_modules/next/dist/compiled/next-server/app-page.runtime.prod.js:12:150373)
TypeError: Cannot read properties of undefined (reading 'map')
    at f (/Users/ahmedsalem/Desktop/all my projects/uneom.com/.next/server/app/ar/locations/[city]/[industry]/page.js:1:8960)
    at eh (/Users/ahmedsalem/Desktop/all my projects/uneom.com/node_modules/next/dist/compiled/next-server/app-page.runtime.prod.js:12:134660)
    at e (/Users/ahmedsalem/Desktop/all my projects/uneom.com/node_modules/next/dist/compiled/next-server/app-page.runtime.prod.js:12:137545)
    at ek (/Users/ahmedsalem/Desktop/all my projects/uneom.com/node_modules/next/dist/compiled/next-server/app-page.runtime.prod.js:12:138019)
    at Array.toJSON (/Users/ahmedsalem/Desktop/all my projects/uneom.com/node_modules/next/dist/compiled/next-server/app-page.runtime.prod.js:12:135629)
    at stringify (<anonymous>)
    at eP (/Users/ahmedsalem/Desktop/all my projects/uneom.com/node_modules/next/dist/compiled/next-server/app-page.runtime.prod.js:12:142093)
    at eE (/Users/ahmedsalem/Desktop/all my projects/uneom.com/node_modules/next/dist/compiled/next-server/app-page.runtime.prod.js:12:142572)
    at AsyncLocalStorage.run (node:internal/async_local_storage/async_context_frame:63:14)
    at Timeout._onTimeout (/Users/ahmedsalem/Desktop/all my projects/uneom.com/node_modules/next/dist/compiled/next-server/app-page.runtime.prod.js:12:150373) {
  digest: '3731830276'
}
TypeError: Cannot read properties of undefined (reading 'map')
    at f (/Users/ahmedsalem/Desktop/all my projects/uneom.com/.next/server/app/ar/locations/[city]/[industry]/page.js:1:8960)
    at eh (/Users/ahmedsalem/Desktop/all my projects/uneom.com/node_modules/next/dist/compiled/next-server/app-page.runtime.prod.js:12:134660)
    at e (/Users/ahmedsalem/Desktop/all my projects/uneom.com/node_modules/next/dist/compiled/next-server/app-page.runtime.prod.js:12:137545)
    at ek (/Users/ahmedsalem/Desktop/all my projects/uneom.com/node_modules/next/dist/compiled/next-server/app-page.runtime.prod.js:12:138019)
    at Array.toJSON (/Users/ahmedsalem/Desktop/all my projects/uneom.com/node_modules/next/dist/compiled/next-server/app-page.runtime.prod.js:12:135629)
    at stringify (<anonymous>)
    at eP (/Users/ahmedsalem/Desktop/all my projects/uneom.com/node_modules/next/dist/compiled/next-server/app-page.runtime.prod.js:12:142093)
    at eE (/Users/ahmedsalem/Desktop/all my projects/uneom.com/node_modules/next/dist/compiled/next-server/app-page.runtime.prod.js:12:142572)
    at Timeout._onTimeout (/Users/ahmedsalem/Desktop/all my projects/uneom.com/node_modules/next/dist/compiled/next-server/app-page.runtime.prod.js:12:135349)
    at listOnTimeout (node:internal/timers:605:17) {
  digest: '2101114011'
}

Error occurred prerendering page "/ar/locations/arar/corporate". Read more: https://nextjs.org/docs/messages/prerender-error

TypeError: Cannot read properties of undefined (reading 'map')
    at f (/Users/ahmedsalem/Desktop/all my projects/uneom.com/.next/server/app/ar/locations/[city]/[industry]/page.js:1:8960)
    at eh (/Users/ahmedsalem/Desktop/all my projects/uneom.com/node_modules/next/dist/compiled/next-server/app-page.runtime.prod.js:12:134660)
    at e (/Users/ahmedsalem/Desktop/all my projects/uneom.com/node_modules/next/dist/compiled/next-server/app-page.runtime.prod.js:12:137545)
    at ek (/Users/ahmedsalem/Desktop/all my projects/uneom.com/node_modules/next/dist/compiled/next-server/app-page.runtime.prod.js:12:138019)
    at Array.toJSON (/Users/ahmedsalem/Desktop/all my projects/uneom.com/node_modules/next/dist/compiled/next-server/app-page.runtime.prod.js:12:135629)
    at stringify (<anonymous>)
    at eP (/Users/ahmedsalem/Desktop/all my projects/uneom.com/node_modules/next/dist/compiled/next-server/app-page.runtime.prod.js:12:142093)
    at eE (/Users/ahmedsalem/Desktop/all my projects/uneom.com/node_modules/next/dist/compiled/next-server/app-page.runtime.prod.js:12:142572)
    at AsyncLocalStorage.run (node:internal/async_local_storage/async_context_frame:63:14)
    at Timeout._onTimeout (/Users/ahmedsalem/Desktop/all my projects/uneom.com/node_modules/next/dist/compiled/next-server/app-page.runtime.prod.js:12:150373)
TypeError: Cannot read properties of undefined (reading 'map')
    at f (/Users/ahmedsalem/Desktop/all my projects/uneom.com/.next/server/app/ar/locations/[city]/[industry]/page.js:1:8960)
    at eh (/Users/ahmedsalem/Desktop/all my projects/uneom.com/node_modules/next/dist/compiled/next-server/app-page.runtime.prod.js:12:134660)
    at e (/Users/ahmedsalem/Desktop/all my projects/uneom.com/node_modules/next/dist/compiled/next-server/app-page.runtime.prod.js:12:137545)
    at ek (/Users/ahmedsalem/Desktop/all my projects/uneom.com/node_modules/next/dist/compiled/next-server/app-page.runtime.prod.js:12:138019)
    at Array.toJSON (/Users/ahmedsalem/Desktop/all my projects/uneom.com/node_modules/next/dist/compiled/next-server/app-page.runtime.prod.js:12:135629)
    at stringify (<anonymous>)
    at eP (/Users/ahmedsalem/Desktop/all my projects/uneom.com/node_modules/next/dist/compiled/next-server/app-page.runtime.prod.js:12:142093)
    at eE (/Users/ahmedsalem/Desktop/all my projects/uneom.com/node_modules/next/dist/compiled/next-server/app-page.runtime.prod.js:12:142572)
    at AsyncLocalStorage.run (node:internal/async_local_storage/async_context_frame:63:14)
    at Timeout._onTimeout (/Users/ahmedsalem/Desktop/all my projects/uneom.com/node_modules/next/dist/compiled/next-server/app-page.runtime.prod.js:12:150373) {
  digest: '3731830276'
}
TypeError: Cannot read properties of undefined (reading 'map')
    at f (/Users/ahmedsalem/Desktop/all my projects/uneom.com/.next/server/app/ar/locations/[city]/[industry]/page.js:1:8960)
    at eh (/Users/ahmedsalem/Desktop/all my projects/uneom.com/node_modules/next/dist/compiled/next-server/app-page.runtime.prod.js:12:134660)
    at e (/Users/ahmedsalem/Desktop/all my projects/uneom.com/node_modules/next/dist/compiled/next-server/app-page.runtime.prod.js:12:137545)
    at ek (/Users/ahmedsalem/Desktop/all my projects/uneom.com/node_modules/next/dist/compiled/next-server/app-page.runtime.prod.js:12:138019)
    at Array.toJSON (/Users/ahmedsalem/Desktop/all my projects/uneom.com/node_modules/next/dist/compiled/next-server/app-page.runtime.prod.js:12:135629)
    at stringify (<anonymous>)
    at eP (/Users/ahmedsalem/Desktop/all my projects/uneom.com/node_modules/next/dist/compiled/next-server/app-page.runtime.prod.js:12:142093)
    at eE (/Users/ahmedsalem/Desktop/all my projects/uneom.com/node_modules/next/dist/compiled/next-server/app-page.runtime.prod.js:12:142572)
    at Timeout._onTimeout (/Users/ahmedsalem/Desktop/all my projects/uneom.com/node_modules/next/dist/compiled/next-server/app-page.runtime.prod.js:12:135349)
    at listOnTimeout (node:internal/timers:605:17) {
  digest: '2101114011'
}

Error occurred prerendering page "/ar/locations/arar/education". Read more: https://nextjs.org/docs/messages/prerender-error

TypeError: Cannot read properties of undefined (reading 'map')
    at f (/Users/ahmedsalem/Desktop/all my projects/uneom.com/.next/server/app/ar/locations/[city]/[industry]/page.js:1:8960)
    at eh (/Users/ahmedsalem/Desktop/all my projects/uneom.com/node_modules/next/dist/compiled/next-server/app-page.runtime.prod.js:12:134660)
    at e (/Users/ahmedsalem/Desktop/all my projects/uneom.com/node_modules/next/dist/compiled/next-server/app-page.runtime.prod.js:12:137545)
    at ek (/Users/ahmedsalem/Desktop/all my projects/uneom.com/node_modules/next/dist/compiled/next-server/app-page.runtime.prod.js:12:138019)
    at Array.toJSON (/Users/ahmedsalem/Desktop/all my projects/uneom.com/node_modules/next/dist/compiled/next-server/app-page.runtime.prod.js:12:135629)
    at stringify (<anonymous>)
    at eP (/Users/ahmedsalem/Desktop/all my projects/uneom.com/node_modules/next/dist/compiled/next-server/app-page.runtime.prod.js:12:142093)
    at eE (/Users/ahmedsalem/Desktop/all my projects/uneom.com/node_modules/next/dist/compiled/next-server/app-page.runtime.prod.js:12:142572)
    at AsyncLocalStorage.run (node:internal/async_local_storage/async_context_frame:63:14)
    at Timeout._onTimeout (/Users/ahmedsalem/Desktop/all my projects/uneom.com/node_modules/next/dist/compiled/next-server/app-page.runtime.prod.js:12:150373)
TypeError: Cannot read properties of undefined (reading 'map')
    at f (/Users/ahmedsalem/Desktop/all my projects/uneom.com/.next/server/app/ar/locations/[city]/[industry]/page.js:1:8960)
    at eh (/Users/ahmedsalem/Desktop/all my projects/uneom.com/node_modules/next/dist/compiled/next-server/app-page.runtime.prod.js:12:134660)
    at e (/Users/ahmedsalem/Desktop/all my projects/uneom.com/node_modules/next/dist/compiled/next-server/app-page.runtime.prod.js:12:137545)
    at ek (/Users/ahmedsalem/Desktop/all my projects/uneom.com/node_modules/next/dist/compiled/next-server/app-page.runtime.prod.js:12:138019)
    at Array.toJSON (/Users/ahmedsalem/Desktop/all my projects/uneom.com/node_modules/next/dist/compiled/next-server/app-page.runtime.prod.js:12:135629)
    at stringify (<anonymous>)
    at eP (/Users/ahmedsalem/Desktop/all my projects/uneom.com/node_modules/next/dist/compiled/next-server/app-page.runtime.prod.js:12:142093)
    at eE (/Users/ahmedsalem/Desktop/all my projects/uneom.com/node_modules/next/dist/compiled/next-server/app-page.runtime.prod.js:12:142572)
    at AsyncLocalStorage.run (node:internal/async_local_storage/async_context_frame:63:14)
    at Timeout._onTimeout (/Users/ahmedsalem/Desktop/all my projects/uneom.com/node_modules/next/dist/compiled/next-server/app-page.runtime.prod.js:12:150373) {
  digest: '3731830276'
}
TypeError: Cannot read properties of undefined (reading 'map')
    at f (/Users/ahmedsalem/Desktop/all my projects/uneom.com/.next/server/app/ar/locations/[city]/[industry]/page.js:1:8960)
    at eh (/Users/ahmedsalem/Desktop/all my projects/uneom.com/node_modules/next/dist/compiled/next-server/app-page.runtime.prod.js:12:134660)
    at e (/Users/ahmedsalem/Desktop/all my projects/uneom.com/node_modules/next/dist/compiled/next-server/app-page.runtime.prod.js:12:137545)
    at ek (/Users/ahmedsalem/Desktop/all my projects/uneom.com/node_modules/next/dist/compiled/next-server/app-page.runtime.prod.js:12:138019)
    at Array.toJSON (/Users/ahmedsalem/Desktop/all my projects/uneom.com/node_modules/next/dist/compiled/next-server/app-page.runtime.prod.js:12:135629)
    at stringify (<anonymous>)
    at eP (/Users/ahmedsalem/Desktop/all my projects/uneom.com/node_modules/next/dist/compiled/next-server/app-page.runtime.prod.js:12:142093)
    at eE (/Users/ahmedsalem/Desktop/all my projects/uneom.com/node_modules/next/dist/compiled/next-server/app-page.runtime.prod.js:12:142572)
    at Timeout._onTimeout (/Users/ahmedsalem/Desktop/all my projects/uneom.com/node_modules/next/dist/compiled/next-server/app-page.runtime.prod.js:12:135349)
    at listOnTimeout (node:internal/timers:605:17) {
  digest: '2101114011'
}

Error occurred prerendering page "/ar/locations/arar/manufacturing". Read more: https://nextjs.org/docs/messages/prerender-error

TypeError: Cannot read properties of undefined (reading 'map')
    at f (/Users/ahmedsalem/Desktop/all my projects/uneom.com/.next/server/app/ar/locations/[city]/[industry]/page.js:1:8960)
    at eh (/Users/ahmedsalem/Desktop/all my projects/uneom.com/node_modules/next/dist/compiled/next-server/app-page.runtime.prod.js:12:134660)
    at e (/Users/ahmedsalem/Desktop/all my projects/uneom.com/node_modules/next/dist/compiled/next-server/app-page.runtime.prod.js:12:137545)
    at ek (/Users/ahmedsalem/Desktop/all my projects/uneom.com/node_modules/next/dist/compiled/next-server/app-page.runtime.prod.js:12:138019)
    at Array.toJSON (/Users/ahmedsalem/Desktop/all my projects/uneom.com/node_modules/next/dist/compiled/next-server/app-page.runtime.prod.js:12:135629)
    at stringify (<anonymous>)
    at eP (/Users/ahmedsalem/Desktop/all my projects/uneom.com/node_modules/next/dist/compiled/next-server/app-page.runtime.prod.js:12:142093)
    at eE (/Users/ahmedsalem/Desktop/all my projects/uneom.com/node_modules/next/dist/compiled/next-server/app-page.runtime.prod.js:12:142572)
    at AsyncLocalStorage.run (node:internal/async_local_storage/async_context_frame:63:14)
    at Timeout._onTimeout (/Users/ahmedsalem/Desktop/all my projects/uneom.com/node_modules/next/dist/compiled/next-server/app-page.runtime.prod.js:12:150373)

Error occurred prerendering page "/ar/locations/arar/hospitality". Read more: https://nextjs.org/docs/messages/prerender-error

TypeError: Cannot read properties of undefined (reading 'map')
    at f (/Users/ahmedsalem/Desktop/all my projects/uneom.com/.next/server/app/ar/locations/[city]/[industry]/page.js:1:8960)
    at eh (/Users/ahmedsalem/Desktop/all my projects/uneom.com/node_modules/next/dist/compiled/next-server/app-page.runtime.prod.js:12:134660)
    at e (/Users/ahmedsalem/Desktop/all my projects/uneom.com/node_modules/next/dist/compiled/next-server/app-page.runtime.prod.js:12:137545)
    at ek (/Users/ahmedsalem/Desktop/all my projects/uneom.com/node_modules/next/dist/compiled/next-server/app-page.runtime.prod.js:12:138019)
    at Array.toJSON (/Users/ahmedsalem/Desktop/all my projects/uneom.com/node_modules/next/dist/compiled/next-server/app-page.runtime.prod.js:12:135629)
    at stringify (<anonymous>)
    at eP (/Users/ahmedsalem/Desktop/all my projects/uneom.com/node_modules/next/dist/compiled/next-server/app-page.runtime.prod.js:12:142093)
    at eE (/Users/ahmedsalem/Desktop/all my projects/uneom.com/node_modules/next/dist/compiled/next-server/app-page.runtime.prod.js:12:142572)
    at AsyncLocalStorage.run (node:internal/async_local_storage/async_context_frame:63:14)
    at Timeout._onTimeout (/Users/ahmedsalem/Desktop/all my projects/uneom.com/node_modules/next/dist/compiled/next-server/app-page.runtime.prod.js:12:150373)
TypeError: Cannot read properties of undefined (reading 'map')
    at f (/Users/ahmedsalem/Desktop/all my projects/uneom.com/.next/server/app/ar/locations/[city]/[industry]/page.js:1:8960)
    at eh (/Users/ahmedsalem/Desktop/all my projects/uneom.com/node_modules/next/dist/compiled/next-server/app-page.runtime.prod.js:12:134660)
    at e (/Users/ahmedsalem/Desktop/all my projects/uneom.com/node_modules/next/dist/compiled/next-server/app-page.runtime.prod.js:12:137545)
    at ek (/Users/ahmedsalem/Desktop/all my projects/uneom.com/node_modules/next/dist/compiled/next-server/app-page.runtime.prod.js:12:138019)
    at Array.toJSON (/Users/ahmedsalem/Desktop/all my projects/uneom.com/node_modules/next/dist/compiled/next-server/app-page.runtime.prod.js:12:135629)
    at stringify (<anonymous>)
    at eP (/Users/ahmedsalem/Desktop/all my projects/uneom.com/node_modules/next/dist/compiled/next-server/app-page.runtime.prod.js:12:142093)
    at eE (/Users/ahmedsalem/Desktop/all my projects/uneom.com/node_modules/next/dist/compiled/next-server/app-page.runtime.prod.js:12:142572)
    at AsyncLocalStorage.run (node:internal/async_local_storage/async_context_frame:63:14)
    at Timeout._onTimeout (/Users/ahmedsalem/Desktop/all my projects/uneom.com/node_modules/next/dist/compiled/next-server/app-page.runtime.prod.js:12:150373) {
  digest: '3731830276'
}
TypeError: Cannot read properties of undefined (reading 'map')
    at f (/Users/ahmedsalem/Desktop/all my projects/uneom.com/.next/server/app/ar/locations/[city]/[industry]/page.js:1:8960)
    at eh (/Users/ahmedsalem/Desktop/all my projects/uneom.com/node_modules/next/dist/compiled/next-server/app-page.runtime.prod.js:12:134660)
    at e (/Users/ahmedsalem/Desktop/all my projects/uneom.com/node_modules/next/dist/compiled/next-server/app-page.runtime.prod.js:12:137545)
    at ek (/Users/ahmedsalem/Desktop/all my projects/uneom.com/node_modules/next/dist/compiled/next-server/app-page.runtime.prod.js:12:138019)
    at Array.toJSON (/Users/ahmedsalem/Desktop/all my projects/uneom.com/node_modules/next/dist/compiled/next-server/app-page.runtime.prod.js:12:135629)
    at stringify (<anonymous>)
    at eP (/Users/ahmedsalem/Desktop/all my projects/uneom.com/node_modules/next/dist/compiled/next-server/app-page.runtime.prod.js:12:142093)
    at eE (/Users/ahmedsalem/Desktop/all my projects/uneom.com/node_modules/next/dist/compiled/next-server/app-page.runtime.prod.js:12:142572)
    at Timeout._onTimeout (/Users/ahmedsalem/Desktop/all my projects/uneom.com/node_modules/next/dist/compiled/next-server/app-page.runtime.prod.js:12:135349)
    at listOnTimeout (node:internal/timers:605:17) {
  digest: '2101114011'
}

Error occurred prerendering page "/ar/locations/arar/security". Read more: https://nextjs.org/docs/messages/prerender-error

TypeError: Cannot read properties of undefined (reading 'map')
    at f (/Users/ahmedsalem/Desktop/all my projects/uneom.com/.next/server/app/ar/locations/[city]/[industry]/page.js:1:8960)
    at eh (/Users/ahmedsalem/Desktop/all my projects/uneom.com/node_modules/next/dist/compiled/next-server/app-page.runtime.prod.js:12:134660)
    at e (/Users/ahmedsalem/Desktop/all my projects/uneom.com/node_modules/next/dist/compiled/next-server/app-page.runtime.prod.js:12:137545)
    at ek (/Users/ahmedsalem/Desktop/all my projects/uneom.com/node_modules/next/dist/compiled/next-server/app-page.runtime.prod.js:12:138019)
    at Array.toJSON (/Users/ahmedsalem/Desktop/all my projects/uneom.com/node_modules/next/dist/compiled/next-server/app-page.runtime.prod.js:12:135629)
    at stringify (<anonymous>)
    at eP (/Users/ahmedsalem/Desktop/all my projects/uneom.com/node_modules/next/dist/compiled/next-server/app-page.runtime.prod.js:12:142093)
    at eE (/Users/ahmedsalem/Desktop/all my projects/uneom.com/node_modules/next/dist/compiled/next-server/app-page.runtime.prod.js:12:142572)
    at AsyncLocalStorage.run (node:internal/async_local_storage/async_context_frame:63:14)
    at Timeout._onTimeout (/Users/ahmedsalem/Desktop/all my projects/uneom.com/node_modules/next/dist/compiled/next-server/app-page.runtime.prod.js:12:150373)
TypeError: Cannot read properties of undefined (reading 'map')
    at f (/Users/ahmedsalem/Desktop/all my projects/uneom.com/.next/server/app/ar/locations/[city]/[industry]/page.js:1:8960)
    at eh (/Users/ahmedsalem/Desktop/all my projects/uneom.com/node_modules/next/dist/compiled/next-server/app-page.runtime.prod.js:12:134660)
    at e (/Users/ahmedsalem/Desktop/all my projects/uneom.com/node_modules/next/dist/compiled/next-server/app-page.runtime.prod.js:12:137545)
    at ek (/Users/ahmedsalem/Desktop/all my projects/uneom.com/node_modules/next/dist/compiled/next-server/app-page.runtime.prod.js:12:138019)
    at Array.toJSON (/Users/ahmedsalem/Desktop/all my projects/uneom.com/node_modules/next/dist/compiled/next-server/app-page.runtime.prod.js:12:135629)
    at stringify (<anonymous>)
    at eP (/Users/ahmedsalem/Desktop/all my projects/uneom.com/node_modules/next/dist/compiled/next-server/app-page.runtime.prod.js:12:142093)
    at eE (/Users/ahmedsalem/Desktop/all my projects/uneom.com/node_modules/next/dist/compiled/next-server/app-page.runtime.prod.js:12:142572)
    at AsyncLocalStorage.run (node:internal/async_local_storage/async_context_frame:63:14)
    at Timeout._onTimeout (/Users/ahmedsalem/Desktop/all my projects/uneom.com/node_modules/next/dist/compiled/next-server/app-page.runtime.prod.js:12:150373) {
  digest: '3731830276'
}
TypeError: Cannot read properties of undefined (reading 'map')
    at f (/Users/ahmedsalem/Desktop/all my projects/uneom.com/.next/server/app/ar/locations/[city]/[industry]/page.js:1:8960)
    at eh (/Users/ahmedsalem/Desktop/all my projects/uneom.com/node_modules/next/dist/compiled/next-server/app-page.runtime.prod.js:12:134660)
    at e (/Users/ahmedsalem/Desktop/all my projects/uneom.com/node_modules/next/dist/compiled/next-server/app-page.runtime.prod.js:12:137545)
    at ek (/Users/ahmedsalem/Desktop/all my projects/uneom.com/node_modules/next/dist/compiled/next-server/app-page.runtime.prod.js:12:138019)
    at Array.toJSON (/Users/ahmedsalem/Desktop/all my projects/uneom.com/node_modules/next/dist/compiled/next-server/app-page.runtime.prod.js:12:135629)
    at stringify (<anonymous>)
    at eP (/Users/ahmedsalem/Desktop/all my projects/uneom.com/node_modules/next/dist/compiled/next-server/app-page.runtime.prod.js:12:142093)
    at eE (/Users/ahmedsalem/Desktop/all my projects/uneom.com/node_modules/next/dist/compiled/next-server/app-page.runtime.prod.js:12:142572)
    at Timeout._onTimeout (/Users/ahmedsalem/Desktop/all my projects/uneom.com/node_modules/next/dist/compiled/next-server/app-page.runtime.prod.js:12:135349)
    at listOnTimeout (node:internal/timers:605:17) {
  digest: '2101114011'
}

Error occurred prerendering page "/ar/locations/arar/factory-industry". Read more: https://nextjs.org/docs/messages/prerender-error

TypeError: Cannot read properties of undefined (reading 'map')
    at f (/Users/ahmedsalem/Desktop/all my projects/uneom.com/.next/server/app/ar/locations/[city]/[industry]/page.js:1:8960)
    at eh (/Users/ahmedsalem/Desktop/all my projects/uneom.com/node_modules/next/dist/compiled/next-server/app-page.runtime.prod.js:12:134660)
    at e (/Users/ahmedsalem/Desktop/all my projects/uneom.com/node_modules/next/dist/compiled/next-server/app-page.runtime.prod.js:12:137545)
    at ek (/Users/ahmedsalem/Desktop/all my projects/uneom.com/node_modules/next/dist/compiled/next-server/app-page.runtime.prod.js:12:138019)
    at Array.toJSON (/Users/ahmedsalem/Desktop/all my projects/uneom.com/node_modules/next/dist/compiled/next-server/app-page.runtime.prod.js:12:135629)
    at stringify (<anonymous>)
    at eP (/Users/ahmedsalem/Desktop/all my projects/uneom.com/node_modules/next/dist/compiled/next-server/app-page.runtime.prod.js:12:142093)
    at eE (/Users/ahmedsalem/Desktop/all my projects/uneom.com/node_modules/next/dist/compiled/next-server/app-page.runtime.prod.js:12:142572)
    at AsyncLocalStorage.run (node:internal/async_local_storage/async_context_frame:63:14)
    at Timeout._onTimeout (/Users/ahmedsalem/Desktop/all my projects/uneom.com/node_modules/next/dist/compiled/next-server/app-page.runtime.prod.js:12:150373)
TypeError: Cannot read properties of undefined (reading 'map')
    at f (/Users/ahmedsalem/Desktop/all my projects/uneom.com/.next/server/app/ar/locations/[city]/[industry]/page.js:1:8960)
    at eh (/Users/ahmedsalem/Desktop/all my projects/uneom.com/node_modules/next/dist/compiled/next-server/app-page.runtime.prod.js:12:134660)
    at e (/Users/ahmedsalem/Desktop/all my projects/uneom.com/node_modules/next/dist/compiled/next-server/app-page.runtime.prod.js:12:137545)
    at ek (/Users/ahmedsalem/Desktop/all my projects/uneom.com/node_modules/next/dist/compiled/next-server/app-page.runtime.prod.js:12:138019)
    at Array.toJSON (/Users/ahmedsalem/Desktop/all my projects/uneom.com/node_modules/next/dist/compiled/next-server/app-page.runtime.prod.js:12:135629)
    at stringify (<anonymous>)
    at eP (/Users/ahmedsalem/Desktop/all my projects/uneom.com/node_modules/next/dist/compiled/next-server/app-page.runtime.prod.js:12:142093)
    at eE (/Users/ahmedsalem/Desktop/all my projects/uneom.com/node_modules/next/dist/compiled/next-server/app-page.runtime.prod.js:12:142572)
    at AsyncLocalStorage.run (node:internal/async_local_storage/async_context_frame:63:14)
    at Timeout._onTimeout (/Users/ahmedsalem/Desktop/all my projects/uneom.com/node_modules/next/dist/compiled/next-server/app-page.runtime.prod.js:12:150373) {
  digest: '3731830276'
}
TypeError: Cannot read properties of undefined (reading 'map')
    at f (/Users/ahmedsalem/Desktop/all my projects/uneom.com/.next/server/app/ar/locations/[city]/[industry]/page.js:1:8960)
    at eh (/Users/ahmedsalem/Desktop/all my projects/uneom.com/node_modules/next/dist/compiled/next-server/app-page.runtime.prod.js:12:134660)
    at e (/Users/ahmedsalem/Desktop/all my projects/uneom.com/node_modules/next/dist/compiled/next-server/app-page.runtime.prod.js:12:137545)
    at ek (/Users/ahmedsalem/Desktop/all my projects/uneom.com/node_modules/next/dist/compiled/next-server/app-page.runtime.prod.js:12:138019)
    at Array.toJSON (/Users/ahmedsalem/Desktop/all my projects/uneom.com/node_modules/next/dist/compiled/next-server/app-page.runtime.prod.js:12:135629)
    at stringify (<anonymous>)
    at eP (/Users/ahmedsalem/Desktop/all my projects/uneom.com/node_modules/next/dist/compiled/next-server/app-page.runtime.prod.js:12:142093)
    at eE (/Users/ahmedsalem/Desktop/all my projects/uneom.com/node_modules/next/dist/compiled/next-server/app-page.runtime.prod.js:12:142572)
    at Timeout._onTimeout (/Users/ahmedsalem/Desktop/all my projects/uneom.com/node_modules/next/dist/compiled/next-server/app-page.runtime.prod.js:12:135349)
    at listOnTimeout (node:internal/timers:605:17) {
  digest: '2101114011'
}

Error occurred prerendering page "/ar/locations/arar/supply-manufacturing". Read more: https://nextjs.org/docs/messages/prerender-error

TypeError: Cannot read properties of undefined (reading 'map')
    at f (/Users/ahmedsalem/Desktop/all my projects/uneom.com/.next/server/app/ar/locations/[city]/[industry]/page.js:1:8960)
    at eh (/Users/ahmedsalem/Desktop/all my projects/uneom.com/node_modules/next/dist/compiled/next-server/app-page.runtime.prod.js:12:134660)
    at e (/Users/ahmedsalem/Desktop/all my projects/uneom.com/node_modules/next/dist/compiled/next-server/app-page.runtime.prod.js:12:137545)
    at ek (/Users/ahmedsalem/Desktop/all my projects/uneom.com/node_modules/next/dist/compiled/next-server/app-page.runtime.prod.js:12:138019)
    at Array.toJSON (/Users/ahmedsalem/Desktop/all my projects/uneom.com/node_modules/next/dist/compiled/next-server/app-page.runtime.prod.js:12:135629)
    at stringify (<anonymous>)
    at eP (/Users/ahmedsalem/Desktop/all my projects/uneom.com/node_modules/next/dist/compiled/next-server/app-page.runtime.prod.js:12:142093)
    at eE (/Users/ahmedsalem/Desktop/all my projects/uneom.com/node_modules/next/dist/compiled/next-server/app-page.runtime.prod.js:12:142572)
    at AsyncLocalStorage.run (node:internal/async_local_storage/async_context_frame:63:14)
    at Timeout._onTimeout (/Users/ahmedsalem/Desktop/all my projects/uneom.com/node_modules/next/dist/compiled/next-server/app-page.runtime.prod.js:12:150373)
TypeError: Cannot read properties of undefined (reading 'map')
    at f (/Users/ahmedsalem/Desktop/all my projects/uneom.com/.next/server/app/ar/locations/[city]/[industry]/page.js:1:8960)
    at eh (/Users/ahmedsalem/Desktop/all my projects/uneom.com/node_modules/next/dist/compiled/next-server/app-page.runtime.prod.js:12:134660)
    at e (/Users/ahmedsalem/Desktop/all my projects/uneom.com/node_modules/next/dist/compiled/next-server/app-page.runtime.prod.js:12:137545)
    at ek (/Users/ahmedsalem/Desktop/all my projects/uneom.com/node_modules/next/dist/compiled/next-server/app-page.runtime.prod.js:12:138019)
    at Array.toJSON (/Users/ahmedsalem/Desktop/all my projects/uneom.com/node_modules/next/dist/compiled/next-server/app-page.runtime.prod.js:12:135629)
    at stringify (<anonymous>)
    at eP (/Users/ahmedsalem/Desktop/all my projects/uneom.com/node_modules/next/dist/compiled/next-server/app-page.runtime.prod.js:12:142093)
    at eE (/Users/ahmedsalem/Desktop/all my projects/uneom.com/node_modules/next/dist/compiled/next-server/app-page.runtime.prod.js:12:142572)
    at AsyncLocalStorage.run (node:internal/async_local_storage/async_context_frame:63:14)
    at Timeout._onTimeout (/Users/ahmedsalem/Desktop/all my projects/uneom.com/node_modules/next/dist/compiled/next-server/app-page.runtime.prod.js:12:150373) {
  digest: '3731830276'
}
TypeError: Cannot read properties of undefined (reading 'map')
    at f (/Users/ahmedsalem/Desktop/all my projects/uneom.com/.next/server/app/ar/locations/[city]/[industry]/page.js:1:8960)
    at eh (/Users/ahmedsalem/Desktop/all my projects/uneom.com/node_modules/next/dist/compiled/next-server/app-page.runtime.prod.js:12:134660)
    at e (/Users/ahmedsalem/Desktop/all my projects/uneom.com/node_modules/next/dist/compiled/next-server/app-page.runtime.prod.js:12:137545)
    at ek (/Users/ahmedsalem/Desktop/all my projects/uneom.com/node_modules/next/dist/compiled/next-server/app-page.runtime.prod.js:12:138019)
    at Array.toJSON (/Users/ahmedsalem/Desktop/all my projects/uneom.com/node_modules/next/dist/compiled/next-server/app-page.runtime.prod.js:12:135629)
    at stringify (<anonymous>)
    at eP (/Users/ahmedsalem/Desktop/all my projects/uneom.com/node_modules/next/dist/compiled/next-server/app-page.runtime.prod.js:12:142093)
    at eE (/Users/ahmedsalem/Desktop/all my projects/uneom.com/node_modules/next/dist/compiled/next-server/app-page.runtime.prod.js:12:142572)
    at Timeout._onTimeout (/Users/ahmedsalem/Desktop/all my projects/uneom.com/node_modules/next/dist/compiled/next-server/app-page.runtime.prod.js:12:135349)
    at listOnTimeout (node:internal/timers:605:17) {
  digest: '2101114011'
}

Error occurred prerendering page "/ar/locations/sakaka/hospitality". Read more: https://nextjs.org/docs/messages/prerender-error

TypeError: Cannot read properties of undefined (reading 'map')
    at f (/Users/ahmedsalem/Desktop/all my projects/uneom.com/.next/server/app/ar/locations/[city]/[industry]/page.js:1:8960)
    at eh (/Users/ahmedsalem/Desktop/all my projects/uneom.com/node_modules/next/dist/compiled/next-server/app-page.runtime.prod.js:12:134660)
    at e (/Users/ahmedsalem/Desktop/all my projects/uneom.com/node_modules/next/dist/compiled/next-server/app-page.runtime.prod.js:12:137545)
    at ek (/Users/ahmedsalem/Desktop/all my projects/uneom.com/node_modules/next/dist/compiled/next-server/app-page.runtime.prod.js:12:138019)
    at Array.toJSON (/Users/ahmedsalem/Desktop/all my projects/uneom.com/node_modules/next/dist/compiled/next-server/app-page.runtime.prod.js:12:135629)
    at stringify (<anonymous>)
    at eP (/Users/ahmedsalem/Desktop/all my projects/uneom.com/node_modules/next/dist/compiled/next-server/app-page.runtime.prod.js:12:142093)
    at eE (/Users/ahmedsalem/Desktop/all my projects/uneom.com/node_modules/next/dist/compiled/next-server/app-page.runtime.prod.js:12:142572)
    at AsyncLocalStorage.run (node:internal/async_local_storage/async_context_frame:63:14)
    at Timeout._onTimeout (/Users/ahmedsalem/Desktop/all my projects/uneom.com/node_modules/next/dist/compiled/next-server/app-page.runtime.prod.js:12:150373)
TypeError: Cannot read properties of undefined (reading 'map')
    at f (/Users/ahmedsalem/Desktop/all my projects/uneom.com/.next/server/app/ar/locations/[city]/[industry]/page.js:1:8960)
    at eh (/Users/ahmedsalem/Desktop/all my projects/uneom.com/node_modules/next/dist/compiled/next-server/app-page.runtime.prod.js:12:134660)
    at e (/Users/ahmedsalem/Desktop/all my projects/uneom.com/node_modules/next/dist/compiled/next-server/app-page.runtime.prod.js:12:137545)
    at ek (/Users/ahmedsalem/Desktop/all my projects/uneom.com/node_modules/next/dist/compiled/next-server/app-page.runtime.prod.js:12:138019)
    at Array.toJSON (/Users/ahmedsalem/Desktop/all my projects/uneom.com/node_modules/next/dist/compiled/next-server/app-page.runtime.prod.js:12:135629)
    at stringify (<anonymous>)
    at eP (/Users/ahmedsalem/Desktop/all my projects/uneom.com/node_modules/next/dist/compiled/next-server/app-page.runtime.prod.js:12:142093)
    at eE (/Users/ahmedsalem/Desktop/all my projects/uneom.com/node_modules/next/dist/compiled/next-server/app-page.runtime.prod.js:12:142572)
    at AsyncLocalStorage.run (node:internal/async_local_storage/async_context_frame:63:14)
    at Timeout._onTimeout (/Users/ahmedsalem/Desktop/all my projects/uneom.com/node_modules/next/dist/compiled/next-server/app-page.runtime.prod.js:12:150373) {
  digest: '3731830276'
}
TypeError: Cannot read properties of undefined (reading 'map')
    at f (/Users/ahmedsalem/Desktop/all my projects/uneom.com/.next/server/app/ar/locations/[city]/[industry]/page.js:1:8960)
    at eh (/Users/ahmedsalem/Desktop/all my projects/uneom.com/node_modules/next/dist/compiled/next-server/app-page.runtime.prod.js:12:134660)
    at e (/Users/ahmedsalem/Desktop/all my projects/uneom.com/node_modules/next/dist/compiled/next-server/app-page.runtime.prod.js:12:137545)
    at ek (/Users/ahmedsalem/Desktop/all my projects/uneom.com/node_modules/next/dist/compiled/next-server/app-page.runtime.prod.js:12:138019)
    at Array.toJSON (/Users/ahmedsalem/Desktop/all my projects/uneom.com/node_modules/next/dist/compiled/next-server/app-page.runtime.prod.js:12:135629)
    at stringify (<anonymous>)
    at eP (/Users/ahmedsalem/Desktop/all my projects/uneom.com/node_modules/next/dist/compiled/next-server/app-page.runtime.prod.js:12:142093)
    at eE (/Users/ahmedsalem/Desktop/all my projects/uneom.com/node_modules/next/dist/compiled/next-server/app-page.runtime.prod.js:12:142572)
    at Timeout._onTimeout (/Users/ahmedsalem/Desktop/all my projects/uneom.com/node_modules/next/dist/compiled/next-server/app-page.runtime.prod.js:12:135349)
    at listOnTimeout (node:internal/timers:605:17) {
  digest: '2101114011'
}

Error occurred prerendering page "/ar/locations/sakaka/aviation". Read more: https://nextjs.org/docs/messages/prerender-error

TypeError: Cannot read properties of undefined (reading 'map')
    at f (/Users/ahmedsalem/Desktop/all my projects/uneom.com/.next/server/app/ar/locations/[city]/[industry]/page.js:1:8960)
    at eh (/Users/ahmedsalem/Desktop/all my projects/uneom.com/node_modules/next/dist/compiled/next-server/app-page.runtime.prod.js:12:134660)
    at e (/Users/ahmedsalem/Desktop/all my projects/uneom.com/node_modules/next/dist/compiled/next-server/app-page.runtime.prod.js:12:137545)
    at ek (/Users/ahmedsalem/Desktop/all my projects/uneom.com/node_modules/next/dist/compiled/next-server/app-page.runtime.prod.js:12:138019)
    at Array.toJSON (/Users/ahmedsalem/Desktop/all my projects/uneom.com/node_modules/next/dist/compiled/next-server/app-page.runtime.prod.js:12:135629)
    at stringify (<anonymous>)
    at eP (/Users/ahmedsalem/Desktop/all my projects/uneom.com/node_modules/next/dist/compiled/next-server/app-page.runtime.prod.js:12:142093)
    at eE (/Users/ahmedsalem/Desktop/all my projects/uneom.com/node_modules/next/dist/compiled/next-server/app-page.runtime.prod.js:12:142572)
    at AsyncLocalStorage.run (node:internal/async_local_storage/async_context_frame:63:14)
    at Timeout._onTimeout (/Users/ahmedsalem/Desktop/all my projects/uneom.com/node_modules/next/dist/compiled/next-server/app-page.runtime.prod.js:12:150373)
TypeError: Cannot read properties of undefined (reading 'map')
    at f (/Users/ahmedsalem/Desktop/all my projects/uneom.com/.next/server/app/ar/locations/[city]/[industry]/page.js:1:8960)
    at eh (/Users/ahmedsalem/Desktop/all my projects/uneom.com/node_modules/next/dist/compiled/next-server/app-page.runtime.prod.js:12:134660)
    at e (/Users/ahmedsalem/Desktop/all my projects/uneom.com/node_modules/next/dist/compiled/next-server/app-page.runtime.prod.js:12:137545)
    at ek (/Users/ahmedsalem/Desktop/all my projects/uneom.com/node_modules/next/dist/compiled/next-server/app-page.runtime.prod.js:12:138019)
    at Array.toJSON (/Users/ahmedsalem/Desktop/all my projects/uneom.com/node_modules/next/dist/compiled/next-server/app-page.runtime.prod.js:12:135629)
    at stringify (<anonymous>)
    at eP (/Users/ahmedsalem/Desktop/all my projects/uneom.com/node_modules/next/dist/compiled/next-server/app-page.runtime.prod.js:12:142093)
    at eE (/Users/ahmedsalem/Desktop/all my projects/uneom.com/node_modules/next/dist/compiled/next-server/app-page.runtime.prod.js:12:142572)
    at AsyncLocalStorage.run (node:internal/async_local_storage/async_context_frame:63:14)
    at Timeout._onTimeout (/Users/ahmedsalem/Desktop/all my projects/uneom.com/node_modules/next/dist/compiled/next-server/app-page.runtime.prod.js:12:150373) {
  digest: '3731830276'
}
TypeError: Cannot read properties of undefined (reading 'map')
    at f (/Users/ahmedsalem/Desktop/all my projects/uneom.com/.next/server/app/ar/locations/[city]/[industry]/page.js:1:8960)
    at eh (/Users/ahmedsalem/Desktop/all my projects/uneom.com/node_modules/next/dist/compiled/next-server/app-page.runtime.prod.js:12:134660)
    at e (/Users/ahmedsalem/Desktop/all my projects/uneom.com/node_modules/next/dist/compiled/next-server/app-page.runtime.prod.js:12:137545)
    at ek (/Users/ahmedsalem/Desktop/all my projects/uneom.com/node_modules/next/dist/compiled/next-server/app-page.runtime.prod.js:12:138019)
    at Array.toJSON (/Users/ahmedsalem/Desktop/all my projects/uneom.com/node_modules/next/dist/compiled/next-server/app-page.runtime.prod.js:12:135629)
    at stringify (<anonymous>)
    at eP (/Users/ahmedsalem/Desktop/all my projects/uneom.com/node_modules/next/dist/compiled/next-server/app-page.runtime.prod.js:12:142093)
    at eE (/Users/ahmedsalem/Desktop/all my projects/uneom.com/node_modules/next/dist/compiled/next-server/app-page.runtime.prod.js:12:142572)
    at Timeout._onTimeout (/Users/ahmedsalem/Desktop/all my projects/uneom.com/node_modules/next/dist/compiled/next-server/app-page.runtime.prod.js:12:135349)
    at listOnTimeout (node:internal/timers:605:17) {
  digest: '2101114011'
}

Error occurred prerendering page "/ar/locations/arar/retail-shops". Read more: https://nextjs.org/docs/messages/prerender-error

TypeError: Cannot read properties of undefined (reading 'map')
    at f (/Users/ahmedsalem/Desktop/all my projects/uneom.com/.next/server/app/ar/locations/[city]/[industry]/page.js:1:8960)
    at eh (/Users/ahmedsalem/Desktop/all my projects/uneom.com/node_modules/next/dist/compiled/next-server/app-page.runtime.prod.js:12:134660)
    at e (/Users/ahmedsalem/Desktop/all my projects/uneom.com/node_modules/next/dist/compiled/next-server/app-page.runtime.prod.js:12:137545)
    at ek (/Users/ahmedsalem/Desktop/all my projects/uneom.com/node_modules/next/dist/compiled/next-server/app-page.runtime.prod.js:12:138019)
    at Array.toJSON (/Users/ahmedsalem/Desktop/all my projects/uneom.com/node_modules/next/dist/compiled/next-server/app-page.runtime.prod.js:12:135629)
    at stringify (<anonymous>)
    at eP (/Users/ahmedsalem/Desktop/all my projects/uneom.com/node_modules/next/dist/compiled/next-server/app-page.runtime.prod.js:12:142093)
    at eE (/Users/ahmedsalem/Desktop/all my projects/uneom.com/node_modules/next/dist/compiled/next-server/app-page.runtime.prod.js:12:142572)
    at AsyncLocalStorage.run (node:internal/async_local_storage/async_context_frame:63:14)
    at Timeout._onTimeout (/Users/ahmedsalem/Desktop/all my projects/uneom.com/node_modules/next/dist/compiled/next-server/app-page.runtime.prod.js:12:150373)
TypeError: Cannot read properties of undefined (reading 'map')
    at f (/Users/ahmedsalem/Desktop/all my projects/uneom.com/.next/server/app/ar/locations/[city]/[industry]/page.js:1:8960)
    at eh (/Users/ahmedsalem/Desktop/all my projects/uneom.com/node_modules/next/dist/compiled/next-server/app-page.runtime.prod.js:12:134660)
    at e (/Users/ahmedsalem/Desktop/all my projects/uneom.com/node_modules/next/dist/compiled/next-server/app-page.runtime.prod.js:12:137545)
    at ek (/Users/ahmedsalem/Desktop/all my projects/uneom.com/node_modules/next/dist/compiled/next-server/app-page.runtime.prod.js:12:138019)
    at Array.toJSON (/Users/ahmedsalem/Desktop/all my projects/uneom.com/node_modules/next/dist/compiled/next-server/app-page.runtime.prod.js:12:135629)
    at stringify (<anonymous>)
    at eP (/Users/ahmedsalem/Desktop/all my projects/uneom.com/node_modules/next/dist/compiled/next-server/app-page.runtime.prod.js:12:142093)
    at eE (/Users/ahmedsalem/Desktop/all my projects/uneom.com/node_modules/next/dist/compiled/next-server/app-page.runtime.prod.js:12:142572)
    at AsyncLocalStorage.run (node:internal/async_local_storage/async_context_frame:63:14)
    at Timeout._onTimeout (/Users/ahmedsalem/Desktop/all my projects/uneom.com/node_modules/next/dist/compiled/next-server/app-page.runtime.prod.js:12:150373) {
  digest: '3731830276'
}
TypeError: Cannot read properties of undefined (reading 'map')
    at f (/Users/ahmedsalem/Desktop/all my projects/uneom.com/.next/server/app/ar/locations/[city]/[industry]/page.js:1:8960)
    at eh (/Users/ahmedsalem/Desktop/all my projects/uneom.com/node_modules/next/dist/compiled/next-server/app-page.runtime.prod.js:12:134660)
    at e (/Users/ahmedsalem/Desktop/all my projects/uneom.com/node_modules/next/dist/compiled/next-server/app-page.runtime.prod.js:12:137545)
    at ek (/Users/ahmedsalem/Desktop/all my projects/uneom.com/node_modules/next/dist/compiled/next-server/app-page.runtime.prod.js:12:138019)
    at Array.toJSON (/Users/ahmedsalem/Desktop/all my projects/uneom.com/node_modules/next/dist/compiled/next-server/app-page.runtime.prod.js:12:135629)
    at stringify (<anonymous>)
    at eP (/Users/ahmedsalem/Desktop/all my projects/uneom.com/node_modules/next/dist/compiled/next-server/app-page.runtime.prod.js:12:142093)
    at eE (/Users/ahmedsalem/Desktop/all my projects/uneom.com/node_modules/next/dist/compiled/next-server/app-page.runtime.prod.js:12:142572)
    at Timeout._onTimeout (/Users/ahmedsalem/Desktop/all my projects/uneom.com/node_modules/next/dist/compiled/next-server/app-page.runtime.prod.js:12:135349)
    at listOnTimeout (node:internal/timers:605:17) {
  digest: '2101114011'
}

Error occurred prerendering page "/ar/locations/sakaka/healthcare". Read more: https://nextjs.org/docs/messages/prerender-error

TypeError: Cannot read properties of undefined (reading 'map')
    at f (/Users/ahmedsalem/Desktop/all my projects/uneom.com/.next/server/app/ar/locations/[city]/[industry]/page.js:1:8960)
    at eh (/Users/ahmedsalem/Desktop/all my projects/uneom.com/node_modules/next/dist/compiled/next-server/app-page.runtime.prod.js:12:134660)
    at e (/Users/ahmedsalem/Desktop/all my projects/uneom.com/node_modules/next/dist/compiled/next-server/app-page.runtime.prod.js:12:137545)
    at ek (/Users/ahmedsalem/Desktop/all my projects/uneom.com/node_modules/next/dist/compiled/next-server/app-page.runtime.prod.js:12:138019)
    at Array.toJSON (/Users/ahmedsalem/Desktop/all my projects/uneom.com/node_modules/next/dist/compiled/next-server/app-page.runtime.prod.js:12:135629)
    at stringify (<anonymous>)
    at eP (/Users/ahmedsalem/Desktop/all my projects/uneom.com/node_modules/next/dist/compiled/next-server/app-page.runtime.prod.js:12:142093)
    at eE (/Users/ahmedsalem/Desktop/all my projects/uneom.com/node_modules/next/dist/compiled/next-server/app-page.runtime.prod.js:12:142572)
    at AsyncLocalStorage.run (node:internal/async_local_storage/async_context_frame:63:14)
    at Timeout._onTimeout (/Users/ahmedsalem/Desktop/all my projects/uneom.com/node_modules/next/dist/compiled/next-server/app-page.runtime.prod.js:12:150373)
TypeError: Cannot read properties of undefined (reading 'map')
    at f (/Users/ahmedsalem/Desktop/all my projects/uneom.com/.next/server/app/ar/locations/[city]/[industry]/page.js:1:8960)
    at eh (/Users/ahmedsalem/Desktop/all my projects/uneom.com/node_modules/next/dist/compiled/next-server/app-page.runtime.prod.js:12:134660)
    at e (/Users/ahmedsalem/Desktop/all my projects/uneom.com/node_modules/next/dist/compiled/next-server/app-page.runtime.prod.js:12:137545)
    at ek (/Users/ahmedsalem/Desktop/all my projects/uneom.com/node_modules/next/dist/compiled/next-server/app-page.runtime.prod.js:12:138019)
    at Array.toJSON (/Users/ahmedsalem/Desktop/all my projects/uneom.com/node_modules/next/dist/compiled/next-server/app-page.runtime.prod.js:12:135629)
    at stringify (<anonymous>)
    at eP (/Users/ahmedsalem/Desktop/all my projects/uneom.com/node_modules/next/dist/compiled/next-server/app-page.runtime.prod.js:12:142093)
    at eE (/Users/ahmedsalem/Desktop/all my projects/uneom.com/node_modules/next/dist/compiled/next-server/app-page.runtime.prod.js:12:142572)
    at AsyncLocalStorage.run (node:internal/async_local_storage/async_context_frame:63:14)
    at Timeout._onTimeout (/Users/ahmedsalem/Desktop/all my projects/uneom.com/node_modules/next/dist/compiled/next-server/app-page.runtime.prod.js:12:150373) {
  digest: '3731830276'
}
TypeError: Cannot read properties of undefined (reading 'map')
    at f (/Users/ahmedsalem/Desktop/all my projects/uneom.com/.next/server/app/ar/locations/[city]/[industry]/page.js:1:8960)
    at eh (/Users/ahmedsalem/Desktop/all my projects/uneom.com/node_modules/next/dist/compiled/next-server/app-page.runtime.prod.js:12:134660)
    at e (/Users/ahmedsalem/Desktop/all my projects/uneom.com/node_modules/next/dist/compiled/next-server/app-page.runtime.prod.js:12:137545)
    at ek (/Users/ahmedsalem/Desktop/all my projects/uneom.com/node_modules/next/dist/compiled/next-server/app-page.runtime.prod.js:12:138019)
    at Array.toJSON (/Users/ahmedsalem/Desktop/all my projects/uneom.com/node_modules/next/dist/compiled/next-server/app-page.runtime.prod.js:12:135629)
    at stringify (<anonymous>)
    at eP (/Users/ahmedsalem/Desktop/all my projects/uneom.com/node_modules/next/dist/compiled/next-server/app-page.runtime.prod.js:12:142093)
    at eE (/Users/ahmedsalem/Desktop/all my projects/uneom.com/node_modules/next/dist/compiled/next-server/app-page.runtime.prod.js:12:142572)
    at Timeout._onTimeout (/Users/ahmedsalem/Desktop/all my projects/uneom.com/node_modules/next/dist/compiled/next-server/app-page.runtime.prod.js:12:135349)
    at listOnTimeout (node:internal/timers:605:17) {
  digest: '2101114011'
}

Error occurred prerendering page "/ar/locations/sakaka/corporate". Read more: https://nextjs.org/docs/messages/prerender-error

TypeError: Cannot read properties of undefined (reading 'map')
    at f (/Users/ahmedsalem/Desktop/all my projects/uneom.com/.next/server/app/ar/locations/[city]/[industry]/page.js:1:8960)
    at eh (/Users/ahmedsalem/Desktop/all my projects/uneom.com/node_modules/next/dist/compiled/next-server/app-page.runtime.prod.js:12:134660)
    at e (/Users/ahmedsalem/Desktop/all my projects/uneom.com/node_modules/next/dist/compiled/next-server/app-page.runtime.prod.js:12:137545)
    at ek (/Users/ahmedsalem/Desktop/all my projects/uneom.com/node_modules/next/dist/compiled/next-server/app-page.runtime.prod.js:12:138019)
    at Array.toJSON (/Users/ahmedsalem/Desktop/all my projects/uneom.com/node_modules/next/dist/compiled/next-server/app-page.runtime.prod.js:12:135629)
    at stringify (<anonymous>)
    at eP (/Users/ahmedsalem/Desktop/all my projects/uneom.com/node_modules/next/dist/compiled/next-server/app-page.runtime.prod.js:12:142093)
    at eE (/Users/ahmedsalem/Desktop/all my projects/uneom.com/node_modules/next/dist/compiled/next-server/app-page.runtime.prod.js:12:142572)
    at AsyncLocalStorage.run (node:internal/async_local_storage/async_context_frame:63:14)
    at Timeout._onTimeout (/Users/ahmedsalem/Desktop/all my projects/uneom.com/node_modules/next/dist/compiled/next-server/app-page.runtime.prod.js:12:150373)
TypeError: Cannot read properties of undefined (reading 'map')
    at f (/Users/ahmedsalem/Desktop/all my projects/uneom.com/.next/server/app/ar/locations/[city]/[industry]/page.js:1:8960)
    at eh (/Users/ahmedsalem/Desktop/all my projects/uneom.com/node_modules/next/dist/compiled/next-server/app-page.runtime.prod.js:12:134660)
    at e (/Users/ahmedsalem/Desktop/all my projects/uneom.com/node_modules/next/dist/compiled/next-server/app-page.runtime.prod.js:12:137545)
    at ek (/Users/ahmedsalem/Desktop/all my projects/uneom.com/node_modules/next/dist/compiled/next-server/app-page.runtime.prod.js:12:138019)
    at Array.toJSON (/Users/ahmedsalem/Desktop/all my projects/uneom.com/node_modules/next/dist/compiled/next-server/app-page.runtime.prod.js:12:135629)
    at stringify (<anonymous>)
    at eP (/Users/ahmedsalem/Desktop/all my projects/uneom.com/node_modules/next/dist/compiled/next-server/app-page.runtime.prod.js:12:142093)
    at eE (/Users/ahmedsalem/Desktop/all my projects/uneom.com/node_modules/next/dist/compiled/next-server/app-page.runtime.prod.js:12:142572)
    at AsyncLocalStorage.run (node:internal/async_local_storage/async_context_frame:63:14)
    at Timeout._onTimeout (/Users/ahmedsalem/Desktop/all my projects/uneom.com/node_modules/next/dist/compiled/next-server/app-page.runtime.prod.js:12:150373) {
  digest: '3731830276'
}
TypeError: Cannot read properties of undefined (reading 'map')
    at f (/Users/ahmedsalem/Desktop/all my projects/uneom.com/.next/server/app/ar/locations/[city]/[industry]/page.js:1:8960)
    at eh (/Users/ahmedsalem/Desktop/all my projects/uneom.com/node_modules/next/dist/compiled/next-server/app-page.runtime.prod.js:12:134660)
    at e (/Users/ahmedsalem/Desktop/all my projects/uneom.com/node_modules/next/dist/compiled/next-server/app-page.runtime.prod.js:12:137545)
    at ek (/Users/ahmedsalem/Desktop/all my projects/uneom.com/node_modules/next/dist/compiled/next-server/app-page.runtime.prod.js:12:138019)
    at Array.toJSON (/Users/ahmedsalem/Desktop/all my projects/uneom.com/node_modules/next/dist/compiled/next-server/app-page.runtime.prod.js:12:135629)
    at stringify (<anonymous>)
    at eP (/Users/ahmedsalem/Desktop/all my projects/uneom.com/node_modules/next/dist/compiled/next-server/app-page.runtime.prod.js:12:142093)
    at eE (/Users/ahmedsalem/Desktop/all my projects/uneom.com/node_modules/next/dist/compiled/next-server/app-page.runtime.prod.js:12:142572)
    at Timeout._onTimeout (/Users/ahmedsalem/Desktop/all my projects/uneom.com/node_modules/next/dist/compiled/next-server/app-page.runtime.prod.js:12:135349)
    at listOnTimeout (node:internal/timers:605:17) {
  digest: '2101114011'
}

Error occurred prerendering page "/ar/locations/sakaka/manufacturing". Read more: https://nextjs.org/docs/messages/prerender-error

TypeError: Cannot read properties of undefined (reading 'map')
    at f (/Users/ahmedsalem/Desktop/all my projects/uneom.com/.next/server/app/ar/locations/[city]/[industry]/page.js:1:8960)
    at eh (/Users/ahmedsalem/Desktop/all my projects/uneom.com/node_modules/next/dist/compiled/next-server/app-page.runtime.prod.js:12:134660)
    at e (/Users/ahmedsalem/Desktop/all my projects/uneom.com/node_modules/next/dist/compiled/next-server/app-page.runtime.prod.js:12:137545)
    at ek (/Users/ahmedsalem/Desktop/all my projects/uneom.com/node_modules/next/dist/compiled/next-server/app-page.runtime.prod.js:12:138019)
    at Array.toJSON (/Users/ahmedsalem/Desktop/all my projects/uneom.com/node_modules/next/dist/compiled/next-server/app-page.runtime.prod.js:12:135629)
    at stringify (<anonymous>)
    at eP (/Users/ahmedsalem/Desktop/all my projects/uneom.com/node_modules/next/dist/compiled/next-server/app-page.runtime.prod.js:12:142093)
    at eE (/Users/ahmedsalem/Desktop/all my projects/uneom.com/node_modules/next/dist/compiled/next-server/app-page.runtime.prod.js:12:142572)
    at AsyncLocalStorage.run (node:internal/async_local_storage/async_context_frame:63:14)
    at Timeout._onTimeout (/Users/ahmedsalem/Desktop/all my projects/uneom.com/node_modules/next/dist/compiled/next-server/app-page.runtime.prod.js:12:150373)
TypeError: Cannot read properties of undefined (reading 'map')
    at f (/Users/ahmedsalem/Desktop/all my projects/uneom.com/.next/server/app/ar/locations/[city]/[industry]/page.js:1:8960)
    at eh (/Users/ahmedsalem/Desktop/all my projects/uneom.com/node_modules/next/dist/compiled/next-server/app-page.runtime.prod.js:12:134660)
    at e (/Users/ahmedsalem/Desktop/all my projects/uneom.com/node_modules/next/dist/compiled/next-server/app-page.runtime.prod.js:12:137545)
    at ek (/Users/ahmedsalem/Desktop/all my projects/uneom.com/node_modules/next/dist/compiled/next-server/app-page.runtime.prod.js:12:138019)
    at Array.toJSON (/Users/ahmedsalem/Desktop/all my projects/uneom.com/node_modules/next/dist/compiled/next-server/app-page.runtime.prod.js:12:135629)
    at stringify (<anonymous>)
    at eP (/Users/ahmedsalem/Desktop/all my projects/uneom.com/node_modules/next/dist/compiled/next-server/app-page.runtime.prod.js:12:142093)
    at eE (/Users/ahmedsalem/Desktop/all my projects/uneom.com/node_modules/next/dist/compiled/next-server/app-page.runtime.prod.js:12:142572)
    at AsyncLocalStorage.run (node:internal/async_local_storage/async_context_frame:63:14)
    at Timeout._onTimeout (/Users/ahmedsalem/Desktop/all my projects/uneom.com/node_modules/next/dist/compiled/next-server/app-page.runtime.prod.js:12:150373) {
  digest: '3731830276'
}
TypeError: Cannot read properties of undefined (reading 'map')
    at f (/Users/ahmedsalem/Desktop/all my projects/uneom.com/.next/server/app/ar/locations/[city]/[industry]/page.js:1:8960)
    at eh (/Users/ahmedsalem/Desktop/all my projects/uneom.com/node_modules/next/dist/compiled/next-server/app-page.runtime.prod.js:12:134660)
    at e (/Users/ahmedsalem/Desktop/all my projects/uneom.com/node_modules/next/dist/compiled/next-server/app-page.runtime.prod.js:12:137545)
    at ek (/Users/ahmedsalem/Desktop/all my projects/uneom.com/node_modules/next/dist/compiled/next-server/app-page.runtime.prod.js:12:138019)
    at Array.toJSON (/Users/ahmedsalem/Desktop/all my projects/uneom.com/node_modules/next/dist/compiled/next-server/app-page.runtime.prod.js:12:135629)
    at stringify (<anonymous>)
    at eP (/Users/ahmedsalem/Desktop/all my projects/uneom.com/node_modules/next/dist/compiled/next-server/app-page.runtime.prod.js:12:142093)
    at eE (/Users/ahmedsalem/Desktop/all my projects/uneom.com/node_modules/next/dist/compiled/next-server/app-page.runtime.prod.js:12:142572)
    at Timeout._onTimeout (/Users/ahmedsalem/Desktop/all my projects/uneom.com/node_modules/next/dist/compiled/next-server/app-page.runtime.prod.js:12:135349)
    at listOnTimeout (node:internal/timers:605:17) {
  digest: '2101114011'
}

Error occurred prerendering page "/ar/locations/sakaka/factory-industry". Read more: https://nextjs.org/docs/messages/prerender-error

TypeError: Cannot read properties of undefined (reading 'map')
    at f (/Users/ahmedsalem/Desktop/all my projects/uneom.com/.next/server/app/ar/locations/[city]/[industry]/page.js:1:8960)
    at eh (/Users/ahmedsalem/Desktop/all my projects/uneom.com/node_modules/next/dist/compiled/next-server/app-page.runtime.prod.js:12:134660)
    at e (/Users/ahmedsalem/Desktop/all my projects/uneom.com/node_modules/next/dist/compiled/next-server/app-page.runtime.prod.js:12:137545)
    at ek (/Users/ahmedsalem/Desktop/all my projects/uneom.com/node_modules/next/dist/compiled/next-server/app-page.runtime.prod.js:12:138019)
    at Array.toJSON (/Users/ahmedsalem/Desktop/all my projects/uneom.com/node_modules/next/dist/compiled/next-server/app-page.runtime.prod.js:12:135629)
    at stringify (<anonymous>)
    at eP (/Users/ahmedsalem/Desktop/all my projects/uneom.com/node_modules/next/dist/compiled/next-server/app-page.runtime.prod.js:12:142093)
    at eE (/Users/ahmedsalem/Desktop/all my projects/uneom.com/node_modules/next/dist/compiled/next-server/app-page.runtime.prod.js:12:142572)
    at AsyncLocalStorage.run (node:internal/async_local_storage/async_context_frame:63:14)
    at Timeout._onTimeout (/Users/ahmedsalem/Desktop/all my projects/uneom.com/node_modules/next/dist/compiled/next-server/app-page.runtime.prod.js:12:150373)
TypeError: Cannot read properties of undefined (reading 'map')
    at f (/Users/ahmedsalem/Desktop/all my projects/uneom.com/.next/server/app/ar/locations/[city]/[industry]/page.js:1:8960)
    at eh (/Users/ahmedsalem/Desktop/all my projects/uneom.com/node_modules/next/dist/compiled/next-server/app-page.runtime.prod.js:12:134660)
    at e (/Users/ahmedsalem/Desktop/all my projects/uneom.com/node_modules/next/dist/compiled/next-server/app-page.runtime.prod.js:12:137545)
    at ek (/Users/ahmedsalem/Desktop/all my projects/uneom.com/node_modules/next/dist/compiled/next-server/app-page.runtime.prod.js:12:138019)
    at Array.toJSON (/Users/ahmedsalem/Desktop/all my projects/uneom.com/node_modules/next/dist/compiled/next-server/app-page.runtime.prod.js:12:135629)
    at stringify (<anonymous>)
    at eP (/Users/ahmedsalem/Desktop/all my projects/uneom.com/node_modules/next/dist/compiled/next-server/app-page.runtime.prod.js:12:142093)
    at eE (/Users/ahmedsalem/Desktop/all my projects/uneom.com/node_modules/next/dist/compiled/next-server/app-page.runtime.prod.js:12:142572)
    at AsyncLocalStorage.run (node:internal/async_local_storage/async_context_frame:63:14)
    at Timeout._onTimeout (/Users/ahmedsalem/Desktop/all my projects/uneom.com/node_modules/next/dist/compiled/next-server/app-page.runtime.prod.js:12:150373) {
  digest: '3731830276'
}
TypeError: Cannot read properties of undefined (reading 'map')
    at f (/Users/ahmedsalem/Desktop/all my projects/uneom.com/.next/server/app/ar/locations/[city]/[industry]/page.js:1:8960)
    at eh (/Users/ahmedsalem/Desktop/all my projects/uneom.com/node_modules/next/dist/compiled/next-server/app-page.runtime.prod.js:12:134660)
    at e (/Users/ahmedsalem/Desktop/all my projects/uneom.com/node_modules/next/dist/compiled/next-server/app-page.runtime.prod.js:12:137545)
    at ek (/Users/ahmedsalem/Desktop/all my projects/uneom.com/node_modules/next/dist/compiled/next-server/app-page.runtime.prod.js:12:138019)
    at Array.toJSON (/Users/ahmedsalem/Desktop/all my projects/uneom.com/node_modules/next/dist/compiled/next-server/app-page.runtime.prod.js:12:135629)
    at stringify (<anonymous>)
    at eP (/Users/ahmedsalem/Desktop/all my projects/uneom.com/node_modules/next/dist/compiled/next-server/app-page.runtime.prod.js:12:142093)
    at eE (/Users/ahmedsalem/Desktop/all my projects/uneom.com/node_modules/next/dist/compiled/next-server/app-page.runtime.prod.js:12:142572)
    at Timeout._onTimeout (/Users/ahmedsalem/Desktop/all my projects/uneom.com/node_modules/next/dist/compiled/next-server/app-page.runtime.prod.js:12:135349)
    at listOnTimeout (node:internal/timers:605:17) {
  digest: '2101114011'
}

Error occurred prerendering page "/ar/locations/sakaka/education". Read more: https://nextjs.org/docs/messages/prerender-error

TypeError: Cannot read properties of undefined (reading 'map')
    at f (/Users/ahmedsalem/Desktop/all my projects/uneom.com/.next/server/app/ar/locations/[city]/[industry]/page.js:1:8960)
    at eh (/Users/ahmedsalem/Desktop/all my projects/uneom.com/node_modules/next/dist/compiled/next-server/app-page.runtime.prod.js:12:134660)
    at e (/Users/ahmedsalem/Desktop/all my projects/uneom.com/node_modules/next/dist/compiled/next-server/app-page.runtime.prod.js:12:137545)
    at ek (/Users/ahmedsalem/Desktop/all my projects/uneom.com/node_modules/next/dist/compiled/next-server/app-page.runtime.prod.js:12:138019)
    at Array.toJSON (/Users/ahmedsalem/Desktop/all my projects/uneom.com/node_modules/next/dist/compiled/next-server/app-page.runtime.prod.js:12:135629)
    at stringify (<anonymous>)
    at eP (/Users/ahmedsalem/Desktop/all my projects/uneom.com/node_modules/next/dist/compiled/next-server/app-page.runtime.prod.js:12:142093)
    at eE (/Users/ahmedsalem/Desktop/all my projects/uneom.com/node_modules/next/dist/compiled/next-server/app-page.runtime.prod.js:12:142572)
    at AsyncLocalStorage.run (node:internal/async_local_storage/async_context_frame:63:14)
    at Timeout._onTimeout (/Users/ahmedsalem/Desktop/all my projects/uneom.com/node_modules/next/dist/compiled/next-server/app-page.runtime.prod.js:12:150373)
TypeError: Cannot read properties of undefined (reading 'map')
    at f (/Users/ahmedsalem/Desktop/all my projects/uneom.com/.next/server/app/ar/locations/[city]/[industry]/page.js:1:8960)
    at eh (/Users/ahmedsalem/Desktop/all my projects/uneom.com/node_modules/next/dist/compiled/next-server/app-page.runtime.prod.js:12:134660)
    at e (/Users/ahmedsalem/Desktop/all my projects/uneom.com/node_modules/next/dist/compiled/next-server/app-page.runtime.prod.js:12:137545)
    at ek (/Users/ahmedsalem/Desktop/all my projects/uneom.com/node_modules/next/dist/compiled/next-server/app-page.runtime.prod.js:12:138019)
    at Array.toJSON (/Users/ahmedsalem/Desktop/all my projects/uneom.com/node_modules/next/dist/compiled/next-server/app-page.runtime.prod.js:12:135629)
    at stringify (<anonymous>)
    at eP (/Users/ahmedsalem/Desktop/all my projects/uneom.com/node_modules/next/dist/compiled/next-server/app-page.runtime.prod.js:12:142093)
    at eE (/Users/ahmedsalem/Desktop/all my projects/uneom.com/node_modules/next/dist/compiled/next-server/app-page.runtime.prod.js:12:142572)
    at AsyncLocalStorage.run (node:internal/async_local_storage/async_context_frame:63:14)
    at Timeout._onTimeout (/Users/ahmedsalem/Desktop/all my projects/uneom.com/node_modules/next/dist/compiled/next-server/app-page.runtime.prod.js:12:150373) {
  digest: '3731830276'
}
TypeError: Cannot read properties of undefined (reading 'map')
    at f (/Users/ahmedsalem/Desktop/all my projects/uneom.com/.next/server/app/ar/locations/[city]/[industry]/page.js:1:8960)
    at eh (/Users/ahmedsalem/Desktop/all my projects/uneom.com/node_modules/next/dist/compiled/next-server/app-page.runtime.prod.js:12:134660)
    at e (/Users/ahmedsalem/Desktop/all my projects/uneom.com/node_modules/next/dist/compiled/next-server/app-page.runtime.prod.js:12:137545)
    at ek (/Users/ahmedsalem/Desktop/all my projects/uneom.com/node_modules/next/dist/compiled/next-server/app-page.runtime.prod.js:12:138019)
    at Array.toJSON (/Users/ahmedsalem/Desktop/all my projects/uneom.com/node_modules/next/dist/compiled/next-server/app-page.runtime.prod.js:12:135629)
    at stringify (<anonymous>)
    at eP (/Users/ahmedsalem/Desktop/all my projects/uneom.com/node_modules/next/dist/compiled/next-server/app-page.runtime.prod.js:12:142093)
    at eE (/Users/ahmedsalem/Desktop/all my projects/uneom.com/node_modules/next/dist/compiled/next-server/app-page.runtime.prod.js:12:142572)
    at Timeout._onTimeout (/Users/ahmedsalem/Desktop/all my projects/uneom.com/node_modules/next/dist/compiled/next-server/app-page.runtime.prod.js:12:135349)
    at listOnTimeout (node:internal/timers:605:17) {
  digest: '2101114011'
}

Error occurred prerendering page "/ar/locations/sakaka/security". Read more: https://nextjs.org/docs/messages/prerender-error

TypeError: Cannot read properties of undefined (reading 'map')
    at f (/Users/ahmedsalem/Desktop/all my projects/uneom.com/.next/server/app/ar/locations/[city]/[industry]/page.js:1:8960)
    at eh (/Users/ahmedsalem/Desktop/all my projects/uneom.com/node_modules/next/dist/compiled/next-server/app-page.runtime.prod.js:12:134660)
    at e (/Users/ahmedsalem/Desktop/all my projects/uneom.com/node_modules/next/dist/compiled/next-server/app-page.runtime.prod.js:12:137545)
    at ek (/Users/ahmedsalem/Desktop/all my projects/uneom.com/node_modules/next/dist/compiled/next-server/app-page.runtime.prod.js:12:138019)
    at Array.toJSON (/Users/ahmedsalem/Desktop/all my projects/uneom.com/node_modules/next/dist/compiled/next-server/app-page.runtime.prod.js:12:135629)
    at stringify (<anonymous>)
    at eP (/Users/ahmedsalem/Desktop/all my projects/uneom.com/node_modules/next/dist/compiled/next-server/app-page.runtime.prod.js:12:142093)
    at eE (/Users/ahmedsalem/Desktop/all my projects/uneom.com/node_modules/next/dist/compiled/next-server/app-page.runtime.prod.js:12:142572)
    at AsyncLocalStorage.run (node:internal/async_local_storage/async_context_frame:63:14)
    at Timeout._onTimeout (/Users/ahmedsalem/Desktop/all my projects/uneom.com/node_modules/next/dist/compiled/next-server/app-page.runtime.prod.js:12:150373)
TypeError: Cannot read properties of undefined (reading 'map')
    at f (/Users/ahmedsalem/Desktop/all my projects/uneom.com/.next/server/app/ar/locations/[city]/[industry]/page.js:1:8960)
    at eh (/Users/ahmedsalem/Desktop/all my projects/uneom.com/node_modules/next/dist/compiled/next-server/app-page.runtime.prod.js:12:134660)
    at e (/Users/ahmedsalem/Desktop/all my projects/uneom.com/node_modules/next/dist/compiled/next-server/app-page.runtime.prod.js:12:137545)
    at ek (/Users/ahmedsalem/Desktop/all my projects/uneom.com/node_modules/next/dist/compiled/next-server/app-page.runtime.prod.js:12:138019)
    at Array.toJSON (/Users/ahmedsalem/Desktop/all my projects/uneom.com/node_modules/next/dist/compiled/next-server/app-page.runtime.prod.js:12:135629)
    at stringify (<anonymous>)
    at eP (/Users/ahmedsalem/Desktop/all my projects/uneom.com/node_modules/next/dist/compiled/next-server/app-page.runtime.prod.js:12:142093)
    at eE (/Users/ahmedsalem/Desktop/all my projects/uneom.com/node_modules/next/dist/compiled/next-server/app-page.runtime.prod.js:12:142572)
    at AsyncLocalStorage.run (node:internal/async_local_storage/async_context_frame:63:14)
    at Timeout._onTimeout (/Users/ahmedsalem/Desktop/all my projects/uneom.com/node_modules/next/dist/compiled/next-server/app-page.runtime.prod.js:12:150373) {
  digest: '3731830276'
}
TypeError: Cannot read properties of undefined (reading 'map')
    at f (/Users/ahmedsalem/Desktop/all my projects/uneom.com/.next/server/app/ar/locations/[city]/[industry]/page.js:1:8960)
    at eh (/Users/ahmedsalem/Desktop/all my projects/uneom.com/node_modules/next/dist/compiled/next-server/app-page.runtime.prod.js:12:134660)
    at e (/Users/ahmedsalem/Desktop/all my projects/uneom.com/node_modules/next/dist/compiled/next-server/app-page.runtime.prod.js:12:137545)
    at ek (/Users/ahmedsalem/Desktop/all my projects/uneom.com/node_modules/next/dist/compiled/next-server/app-page.runtime.prod.js:12:138019)
    at Array.toJSON (/Users/ahmedsalem/Desktop/all my projects/uneom.com/node_modules/next/dist/compiled/next-server/app-page.runtime.prod.js:12:135629)
    at stringify (<anonymous>)
    at eP (/Users/ahmedsalem/Desktop/all my projects/uneom.com/node_modules/next/dist/compiled/next-server/app-page.runtime.prod.js:12:142093)
    at eE (/Users/ahmedsalem/Desktop/all my projects/uneom.com/node_modules/next/dist/compiled/next-server/app-page.runtime.prod.js:12:142572)
    at Timeout._onTimeout (/Users/ahmedsalem/Desktop/all my projects/uneom.com/node_modules/next/dist/compiled/next-server/app-page.runtime.prod.js:12:135349)
    at listOnTimeout (node:internal/timers:605:17) {
  digest: '2101114011'
}

Error occurred prerendering page "/ar/locations/sakaka/retail-shops". Read more: https://nextjs.org/docs/messages/prerender-error

TypeError: Cannot read properties of undefined (reading 'map')
    at f (/Users/ahmedsalem/Desktop/all my projects/uneom.com/.next/server/app/ar/locations/[city]/[industry]/page.js:1:8960)
    at eh (/Users/ahmedsalem/Desktop/all my projects/uneom.com/node_modules/next/dist/compiled/next-server/app-page.runtime.prod.js:12:134660)
    at e (/Users/ahmedsalem/Desktop/all my projects/uneom.com/node_modules/next/dist/compiled/next-server/app-page.runtime.prod.js:12:137545)
    at ek (/Users/ahmedsalem/Desktop/all my projects/uneom.com/node_modules/next/dist/compiled/next-server/app-page.runtime.prod.js:12:138019)
    at Array.toJSON (/Users/ahmedsalem/Desktop/all my projects/uneom.com/node_modules/next/dist/compiled/next-server/app-page.runtime.prod.js:12:135629)
    at stringify (<anonymous>)
    at eP (/Users/ahmedsalem/Desktop/all my projects/uneom.com/node_modules/next/dist/compiled/next-server/app-page.runtime.prod.js:12:142093)
    at eE (/Users/ahmedsalem/Desktop/all my projects/uneom.com/node_modules/next/dist/compiled/next-server/app-page.runtime.prod.js:12:142572)
    at AsyncLocalStorage.run (node:internal/async_local_storage/async_context_frame:63:14)
    at Timeout._onTimeout (/Users/ahmedsalem/Desktop/all my projects/uneom.com/node_modules/next/dist/compiled/next-server/app-page.runtime.prod.js:12:150373)
TypeError: Cannot read properties of undefined (reading 'map')
    at f (/Users/ahmedsalem/Desktop/all my projects/uneom.com/.next/server/app/ar/locations/[city]/[industry]/page.js:1:8960)
    at eh (/Users/ahmedsalem/Desktop/all my projects/uneom.com/node_modules/next/dist/compiled/next-server/app-page.runtime.prod.js:12:134660)
    at e (/Users/ahmedsalem/Desktop/all my projects/uneom.com/node_modules/next/dist/compiled/next-server/app-page.runtime.prod.js:12:137545)
    at ek (/Users/ahmedsalem/Desktop/all my projects/uneom.com/node_modules/next/dist/compiled/next-server/app-page.runtime.prod.js:12:138019)
    at Array.toJSON (/Users/ahmedsalem/Desktop/all my projects/uneom.com/node_modules/next/dist/compiled/next-server/app-page.runtime.prod.js:12:135629)
    at stringify (<anonymous>)
    at eP (/Users/ahmedsalem/Desktop/all my projects/uneom.com/node_modules/next/dist/compiled/next-server/app-page.runtime.prod.js:12:142093)
    at eE (/Users/ahmedsalem/Desktop/all my projects/uneom.com/node_modules/next/dist/compiled/next-server/app-page.runtime.prod.js:12:142572)
    at AsyncLocalStorage.run (node:internal/async_local_storage/async_context_frame:63:14)
    at Timeout._onTimeout (/Users/ahmedsalem/Desktop/all my projects/uneom.com/node_modules/next/dist/compiled/next-server/app-page.runtime.prod.js:12:150373) {
  digest: '3731830276'
}
TypeError: Cannot read properties of undefined (reading 'map')
    at f (/Users/ahmedsalem/Desktop/all my projects/uneom.com/.next/server/app/ar/locations/[city]/[industry]/page.js:1:8960)
    at eh (/Users/ahmedsalem/Desktop/all my projects/uneom.com/node_modules/next/dist/compiled/next-server/app-page.runtime.prod.js:12:134660)
    at e (/Users/ahmedsalem/Desktop/all my projects/uneom.com/node_modules/next/dist/compiled/next-server/app-page.runtime.prod.js:12:137545)
    at ek (/Users/ahmedsalem/Desktop/all my projects/uneom.com/node_modules/next/dist/compiled/next-server/app-page.runtime.prod.js:12:138019)
    at Array.toJSON (/Users/ahmedsalem/Desktop/all my projects/uneom.com/node_modules/next/dist/compiled/next-server/app-page.runtime.prod.js:12:135629)
    at stringify (<anonymous>)
    at eP (/Users/ahmedsalem/Desktop/all my projects/uneom.com/node_modules/next/dist/compiled/next-server/app-page.runtime.prod.js:12:142093)
    at eE (/Users/ahmedsalem/Desktop/all my projects/uneom.com/node_modules/next/dist/compiled/next-server/app-page.runtime.prod.js:12:142572)
    at Timeout._onTimeout (/Users/ahmedsalem/Desktop/all my projects/uneom.com/node_modules/next/dist/compiled/next-server/app-page.runtime.prod.js:12:135349)
    at listOnTimeout (node:internal/timers:605:17) {
  digest: '2101114011'
}

Error occurred prerendering page "/ar/locations/al-baha/healthcare". Read more: https://nextjs.org/docs/messages/prerender-error

TypeError: Cannot read properties of undefined (reading 'map')
    at f (/Users/ahmedsalem/Desktop/all my projects/uneom.com/.next/server/app/ar/locations/[city]/[industry]/page.js:1:8960)
    at eh (/Users/ahmedsalem/Desktop/all my projects/uneom.com/node_modules/next/dist/compiled/next-server/app-page.runtime.prod.js:12:134660)
    at e (/Users/ahmedsalem/Desktop/all my projects/uneom.com/node_modules/next/dist/compiled/next-server/app-page.runtime.prod.js:12:137545)
    at ek (/Users/ahmedsalem/Desktop/all my projects/uneom.com/node_modules/next/dist/compiled/next-server/app-page.runtime.prod.js:12:138019)
    at Array.toJSON (/Users/ahmedsalem/Desktop/all my projects/uneom.com/node_modules/next/dist/compiled/next-server/app-page.runtime.prod.js:12:135629)
    at stringify (<anonymous>)
    at eP (/Users/ahmedsalem/Desktop/all my projects/uneom.com/node_modules/next/dist/compiled/next-server/app-page.runtime.prod.js:12:142093)
    at eE (/Users/ahmedsalem/Desktop/all my projects/uneom.com/node_modules/next/dist/compiled/next-server/app-page.runtime.prod.js:12:142572)
    at AsyncLocalStorage.run (node:internal/async_local_storage/async_context_frame:63:14)
    at Timeout._onTimeout (/Users/ahmedsalem/Desktop/all my projects/uneom.com/node_modules/next/dist/compiled/next-server/app-page.runtime.prod.js:12:150373)
TypeError: Cannot read properties of undefined (reading 'map')
    at f (/Users/ahmedsalem/Desktop/all my projects/uneom.com/.next/server/app/ar/locations/[city]/[industry]/page.js:1:8960)
    at eh (/Users/ahmedsalem/Desktop/all my projects/uneom.com/node_modules/next/dist/compiled/next-server/app-page.runtime.prod.js:12:134660)
    at e (/Users/ahmedsalem/Desktop/all my projects/uneom.com/node_modules/next/dist/compiled/next-server/app-page.runtime.prod.js:12:137545)
    at ek (/Users/ahmedsalem/Desktop/all my projects/uneom.com/node_modules/next/dist/compiled/next-server/app-page.runtime.prod.js:12:138019)
    at Array.toJSON (/Users/ahmedsalem/Desktop/all my projects/uneom.com/node_modules/next/dist/compiled/next-server/app-page.runtime.prod.js:12:135629)
    at stringify (<anonymous>)
    at eP (/Users/ahmedsalem/Desktop/all my projects/uneom.com/node_modules/next/dist/compiled/next-server/app-page.runtime.prod.js:12:142093)
    at eE (/Users/ahmedsalem/Desktop/all my projects/uneom.com/node_modules/next/dist/compiled/next-server/app-page.runtime.prod.js:12:142572)
    at AsyncLocalStorage.run (node:internal/async_local_storage/async_context_frame:63:14)
    at Timeout._onTimeout (/Users/ahmedsalem/Desktop/all my projects/uneom.com/node_modules/next/dist/compiled/next-server/app-page.runtime.prod.js:12:150373) {
  digest: '3731830276'
}
TypeError: Cannot read properties of undefined (reading 'map')
    at f (/Users/ahmedsalem/Desktop/all my projects/uneom.com/.next/server/app/ar/locations/[city]/[industry]/page.js:1:8960)
    at eh (/Users/ahmedsalem/Desktop/all my projects/uneom.com/node_modules/next/dist/compiled/next-server/app-page.runtime.prod.js:12:134660)
    at e (/Users/ahmedsalem/Desktop/all my projects/uneom.com/node_modules/next/dist/compiled/next-server/app-page.runtime.prod.js:12:137545)
    at ek (/Users/ahmedsalem/Desktop/all my projects/uneom.com/node_modules/next/dist/compiled/next-server/app-page.runtime.prod.js:12:138019)
    at Array.toJSON (/Users/ahmedsalem/Desktop/all my projects/uneom.com/node_modules/next/dist/compiled/next-server/app-page.runtime.prod.js:12:135629)
    at stringify (<anonymous>)
    at eP (/Users/ahmedsalem/Desktop/all my projects/uneom.com/node_modules/next/dist/compiled/next-server/app-page.runtime.prod.js:12:142093)
    at eE (/Users/ahmedsalem/Desktop/all my projects/uneom.com/node_modules/next/dist/compiled/next-server/app-page.runtime.prod.js:12:142572)
    at Timeout._onTimeout (/Users/ahmedsalem/Desktop/all my projects/uneom.com/node_modules/next/dist/compiled/next-server/app-page.runtime.prod.js:12:135349)
    at listOnTimeout (node:internal/timers:605:17) {
  digest: '2101114011'
}

Error occurred prerendering page "/ar/locations/sakaka/supply-manufacturing". Read more: https://nextjs.org/docs/messages/prerender-error

TypeError: Cannot read properties of undefined (reading 'map')
    at f (/Users/ahmedsalem/Desktop/all my projects/uneom.com/.next/server/app/ar/locations/[city]/[industry]/page.js:1:8960)
    at eh (/Users/ahmedsalem/Desktop/all my projects/uneom.com/node_modules/next/dist/compiled/next-server/app-page.runtime.prod.js:12:134660)
    at e (/Users/ahmedsalem/Desktop/all my projects/uneom.com/node_modules/next/dist/compiled/next-server/app-page.runtime.prod.js:12:137545)
    at ek (/Users/ahmedsalem/Desktop/all my projects/uneom.com/node_modules/next/dist/compiled/next-server/app-page.runtime.prod.js:12:138019)
    at Array.toJSON (/Users/ahmedsalem/Desktop/all my projects/uneom.com/node_modules/next/dist/compiled/next-server/app-page.runtime.prod.js:12:135629)
    at stringify (<anonymous>)
    at eP (/Users/ahmedsalem/Desktop/all my projects/uneom.com/node_modules/next/dist/compiled/next-server/app-page.runtime.prod.js:12:142093)
    at eE (/Users/ahmedsalem/Desktop/all my projects/uneom.com/node_modules/next/dist/compiled/next-server/app-page.runtime.prod.js:12:142572)
    at AsyncLocalStorage.run (node:internal/async_local_storage/async_context_frame:63:14)
    at Timeout._onTimeout (/Users/ahmedsalem/Desktop/all my projects/uneom.com/node_modules/next/dist/compiled/next-server/app-page.runtime.prod.js:12:150373)
TypeError: Cannot read properties of undefined (reading 'map')
    at f (/Users/ahmedsalem/Desktop/all my projects/uneom.com/.next/server/app/ar/locations/[city]/[industry]/page.js:1:8960)
    at eh (/Users/ahmedsalem/Desktop/all my projects/uneom.com/node_modules/next/dist/compiled/next-server/app-page.runtime.prod.js:12:134660)
    at e (/Users/ahmedsalem/Desktop/all my projects/uneom.com/node_modules/next/dist/compiled/next-server/app-page.runtime.prod.js:12:137545)
    at ek (/Users/ahmedsalem/Desktop/all my projects/uneom.com/node_modules/next/dist/compiled/next-server/app-page.runtime.prod.js:12:138019)
    at Array.toJSON (/Users/ahmedsalem/Desktop/all my projects/uneom.com/node_modules/next/dist/compiled/next-server/app-page.runtime.prod.js:12:135629)
    at stringify (<anonymous>)
    at eP (/Users/ahmedsalem/Desktop/all my projects/uneom.com/node_modules/next/dist/compiled/next-server/app-page.runtime.prod.js:12:142093)
    at eE (/Users/ahmedsalem/Desktop/all my projects/uneom.com/node_modules/next/dist/compiled/next-server/app-page.runtime.prod.js:12:142572)
    at AsyncLocalStorage.run (node:internal/async_local_storage/async_context_frame:63:14)
    at Timeout._onTimeout (/Users/ahmedsalem/Desktop/all my projects/uneom.com/node_modules/next/dist/compiled/next-server/app-page.runtime.prod.js:12:150373) {
  digest: '3731830276'
}
TypeError: Cannot read properties of undefined (reading 'map')
    at f (/Users/ahmedsalem/Desktop/all my projects/uneom.com/.next/server/app/ar/locations/[city]/[industry]/page.js:1:8960)
    at eh (/Users/ahmedsalem/Desktop/all my projects/uneom.com/node_modules/next/dist/compiled/next-server/app-page.runtime.prod.js:12:134660)
    at e (/Users/ahmedsalem/Desktop/all my projects/uneom.com/node_modules/next/dist/compiled/next-server/app-page.runtime.prod.js:12:137545)
    at ek (/Users/ahmedsalem/Desktop/all my projects/uneom.com/node_modules/next/dist/compiled/next-server/app-page.runtime.prod.js:12:138019)
    at Array.toJSON (/Users/ahmedsalem/Desktop/all my projects/uneom.com/node_modules/next/dist/compiled/next-server/app-page.runtime.prod.js:12:135629)
    at stringify (<anonymous>)
    at eP (/Users/ahmedsalem/Desktop/all my projects/uneom.com/node_modules/next/dist/compiled/next-server/app-page.runtime.prod.js:12:142093)
    at eE (/Users/ahmedsalem/Desktop/all my projects/uneom.com/node_modules/next/dist/compiled/next-server/app-page.runtime.prod.js:12:142572)
    at Timeout._onTimeout (/Users/ahmedsalem/Desktop/all my projects/uneom.com/node_modules/next/dist/compiled/next-server/app-page.runtime.prod.js:12:135349)
    at listOnTimeout (node:internal/timers:605:17) {
  digest: '2101114011'
}

Error occurred prerendering page "/ar/locations/al-baha/manufacturing". Read more: https://nextjs.org/docs/messages/prerender-error

TypeError: Cannot read properties of undefined (reading 'map')
    at f (/Users/ahmedsalem/Desktop/all my projects/uneom.com/.next/server/app/ar/locations/[city]/[industry]/page.js:1:8960)
    at eh (/Users/ahmedsalem/Desktop/all my projects/uneom.com/node_modules/next/dist/compiled/next-server/app-page.runtime.prod.js:12:134660)
    at e (/Users/ahmedsalem/Desktop/all my projects/uneom.com/node_modules/next/dist/compiled/next-server/app-page.runtime.prod.js:12:137545)
    at ek (/Users/ahmedsalem/Desktop/all my projects/uneom.com/node_modules/next/dist/compiled/next-server/app-page.runtime.prod.js:12:138019)
    at Array.toJSON (/Users/ahmedsalem/Desktop/all my projects/uneom.com/node_modules/next/dist/compiled/next-server/app-page.runtime.prod.js:12:135629)
    at stringify (<anonymous>)
    at eP (/Users/ahmedsalem/Desktop/all my projects/uneom.com/node_modules/next/dist/compiled/next-server/app-page.runtime.prod.js:12:142093)
    at eE (/Users/ahmedsalem/Desktop/all my projects/uneom.com/node_modules/next/dist/compiled/next-server/app-page.runtime.prod.js:12:142572)
    at AsyncLocalStorage.run (node:internal/async_local_storage/async_context_frame:63:14)
    at Timeout._onTimeout (/Users/ahmedsalem/Desktop/all my projects/uneom.com/node_modules/next/dist/compiled/next-server/app-page.runtime.prod.js:12:150373)
TypeError: Cannot read properties of undefined (reading 'map')
    at f (/Users/ahmedsalem/Desktop/all my projects/uneom.com/.next/server/app/ar/locations/[city]/[industry]/page.js:1:8960)
    at eh (/Users/ahmedsalem/Desktop/all my projects/uneom.com/node_modules/next/dist/compiled/next-server/app-page.runtime.prod.js:12:134660)
    at e (/Users/ahmedsalem/Desktop/all my projects/uneom.com/node_modules/next/dist/compiled/next-server/app-page.runtime.prod.js:12:137545)
    at ek (/Users/ahmedsalem/Desktop/all my projects/uneom.com/node_modules/next/dist/compiled/next-server/app-page.runtime.prod.js:12:138019)
    at Array.toJSON (/Users/ahmedsalem/Desktop/all my projects/uneom.com/node_modules/next/dist/compiled/next-server/app-page.runtime.prod.js:12:135629)
    at stringify (<anonymous>)
    at eP (/Users/ahmedsalem/Desktop/all my projects/uneom.com/node_modules/next/dist/compiled/next-server/app-page.runtime.prod.js:12:142093)
    at eE (/Users/ahmedsalem/Desktop/all my projects/uneom.com/node_modules/next/dist/compiled/next-server/app-page.runtime.prod.js:12:142572)
    at AsyncLocalStorage.run (node:internal/async_local_storage/async_context_frame:63:14)
    at Timeout._onTimeout (/Users/ahmedsalem/Desktop/all my projects/uneom.com/node_modules/next/dist/compiled/next-server/app-page.runtime.prod.js:12:150373) {
  digest: '3731830276'
}
TypeError: Cannot read properties of undefined (reading 'map')
    at f (/Users/ahmedsalem/Desktop/all my projects/uneom.com/.next/server/app/ar/locations/[city]/[industry]/page.js:1:8960)
    at eh (/Users/ahmedsalem/Desktop/all my projects/uneom.com/node_modules/next/dist/compiled/next-server/app-page.runtime.prod.js:12:134660)
    at e (/Users/ahmedsalem/Desktop/all my projects/uneom.com/node_modules/next/dist/compiled/next-server/app-page.runtime.prod.js:12:137545)
    at ek (/Users/ahmedsalem/Desktop/all my projects/uneom.com/node_modules/next/dist/compiled/next-server/app-page.runtime.prod.js:12:138019)
    at Array.toJSON (/Users/ahmedsalem/Desktop/all my projects/uneom.com/node_modules/next/dist/compiled/next-server/app-page.runtime.prod.js:12:135629)
    at stringify (<anonymous>)
    at eP (/Users/ahmedsalem/Desktop/all my projects/uneom.com/node_modules/next/dist/compiled/next-server/app-page.runtime.prod.js:12:142093)
    at eE (/Users/ahmedsalem/Desktop/all my projects/uneom.com/node_modules/next/dist/compiled/next-server/app-page.runtime.prod.js:12:142572)
    at Timeout._onTimeout (/Users/ahmedsalem/Desktop/all my projects/uneom.com/node_modules/next/dist/compiled/next-server/app-page.runtime.prod.js:12:135349)
    at listOnTimeout (node:internal/timers:605:17) {
  digest: '2101114011'
}

Error occurred prerendering page "/ar/locations/al-baha/education". Read more: https://nextjs.org/docs/messages/prerender-error

TypeError: Cannot read properties of undefined (reading 'map')
    at f (/Users/ahmedsalem/Desktop/all my projects/uneom.com/.next/server/app/ar/locations/[city]/[industry]/page.js:1:8960)
    at eh (/Users/ahmedsalem/Desktop/all my projects/uneom.com/node_modules/next/dist/compiled/next-server/app-page.runtime.prod.js:12:134660)
    at e (/Users/ahmedsalem/Desktop/all my projects/uneom.com/node_modules/next/dist/compiled/next-server/app-page.runtime.prod.js:12:137545)
    at ek (/Users/ahmedsalem/Desktop/all my projects/uneom.com/node_modules/next/dist/compiled/next-server/app-page.runtime.prod.js:12:138019)
    at Array.toJSON (/Users/ahmedsalem/Desktop/all my projects/uneom.com/node_modules/next/dist/compiled/next-server/app-page.runtime.prod.js:12:135629)
    at stringify (<anonymous>)
    at eP (/Users/ahmedsalem/Desktop/all my projects/uneom.com/node_modules/next/dist/compiled/next-server/app-page.runtime.prod.js:12:142093)
    at eE (/Users/ahmedsalem/Desktop/all my projects/uneom.com/node_modules/next/dist/compiled/next-server/app-page.runtime.prod.js:12:142572)
    at AsyncLocalStorage.run (node:internal/async_local_storage/async_context_frame:63:14)
    at Timeout._onTimeout (/Users/ahmedsalem/Desktop/all my projects/uneom.com/node_modules/next/dist/compiled/next-server/app-page.runtime.prod.js:12:150373)
TypeError: Cannot read properties of undefined (reading 'map')
    at f (/Users/ahmedsalem/Desktop/all my projects/uneom.com/.next/server/app/ar/locations/[city]/[industry]/page.js:1:8960)
    at eh (/Users/ahmedsalem/Desktop/all my projects/uneom.com/node_modules/next/dist/compiled/next-server/app-page.runtime.prod.js:12:134660)
    at e (/Users/ahmedsalem/Desktop/all my projects/uneom.com/node_modules/next/dist/compiled/next-server/app-page.runtime.prod.js:12:137545)
    at ek (/Users/ahmedsalem/Desktop/all my projects/uneom.com/node_modules/next/dist/compiled/next-server/app-page.runtime.prod.js:12:138019)
    at Array.toJSON (/Users/ahmedsalem/Desktop/all my projects/uneom.com/node_modules/next/dist/compiled/next-server/app-page.runtime.prod.js:12:135629)
    at stringify (<anonymous>)
    at eP (/Users/ahmedsalem/Desktop/all my projects/uneom.com/node_modules/next/dist/compiled/next-server/app-page.runtime.prod.js:12:142093)
    at eE (/Users/ahmedsalem/Desktop/all my projects/uneom.com/node_modules/next/dist/compiled/next-server/app-page.runtime.prod.js:12:142572)
    at AsyncLocalStorage.run (node:internal/async_local_storage/async_context_frame:63:14)
    at Timeout._onTimeout (/Users/ahmedsalem/Desktop/all my projects/uneom.com/node_modules/next/dist/compiled/next-server/app-page.runtime.prod.js:12:150373) {
  digest: '3731830276'
}
TypeError: Cannot read properties of undefined (reading 'map')
    at f (/Users/ahmedsalem/Desktop/all my projects/uneom.com/.next/server/app/ar/locations/[city]/[industry]/page.js:1:8960)
    at eh (/Users/ahmedsalem/Desktop/all my projects/uneom.com/node_modules/next/dist/compiled/next-server/app-page.runtime.prod.js:12:134660)
    at e (/Users/ahmedsalem/Desktop/all my projects/uneom.com/node_modules/next/dist/compiled/next-server/app-page.runtime.prod.js:12:137545)
    at ek (/Users/ahmedsalem/Desktop/all my projects/uneom.com/node_modules/next/dist/compiled/next-server/app-page.runtime.prod.js:12:138019)
    at Array.toJSON (/Users/ahmedsalem/Desktop/all my projects/uneom.com/node_modules/next/dist/compiled/next-server/app-page.runtime.prod.js:12:135629)
    at stringify (<anonymous>)
    at eP (/Users/ahmedsalem/Desktop/all my projects/uneom.com/node_modules/next/dist/compiled/next-server/app-page.runtime.prod.js:12:142093)
    at eE (/Users/ahmedsalem/Desktop/all my projects/uneom.com/node_modules/next/dist/compiled/next-server/app-page.runtime.prod.js:12:142572)
    at Timeout._onTimeout (/Users/ahmedsalem/Desktop/all my projects/uneom.com/node_modules/next/dist/compiled/next-server/app-page.runtime.prod.js:12:135349)
    at listOnTimeout (node:internal/timers:605:17) {
  digest: '2101114011'
}

Error occurred prerendering page "/ar/locations/al-baha/corporate". Read more: https://nextjs.org/docs/messages/prerender-error

TypeError: Cannot read properties of undefined (reading 'map')
    at f (/Users/ahmedsalem/Desktop/all my projects/uneom.com/.next/server/app/ar/locations/[city]/[industry]/page.js:1:8960)
    at eh (/Users/ahmedsalem/Desktop/all my projects/uneom.com/node_modules/next/dist/compiled/next-server/app-page.runtime.prod.js:12:134660)
    at e (/Users/ahmedsalem/Desktop/all my projects/uneom.com/node_modules/next/dist/compiled/next-server/app-page.runtime.prod.js:12:137545)
    at ek (/Users/ahmedsalem/Desktop/all my projects/uneom.com/node_modules/next/dist/compiled/next-server/app-page.runtime.prod.js:12:138019)
    at Array.toJSON (/Users/ahmedsalem/Desktop/all my projects/uneom.com/node_modules/next/dist/compiled/next-server/app-page.runtime.prod.js:12:135629)
    at stringify (<anonymous>)
    at eP (/Users/ahmedsalem/Desktop/all my projects/uneom.com/node_modules/next/dist/compiled/next-server/app-page.runtime.prod.js:12:142093)
    at eE (/Users/ahmedsalem/Desktop/all my projects/uneom.com/node_modules/next/dist/compiled/next-server/app-page.runtime.prod.js:12:142572)
    at AsyncLocalStorage.run (node:internal/async_local_storage/async_context_frame:63:14)
    at Timeout._onTimeout (/Users/ahmedsalem/Desktop/all my projects/uneom.com/node_modules/next/dist/compiled/next-server/app-page.runtime.prod.js:12:150373)
TypeError: Cannot read properties of undefined (reading 'map')
    at f (/Users/ahmedsalem/Desktop/all my projects/uneom.com/.next/server/app/ar/locations/[city]/[industry]/page.js:1:8960)
    at eh (/Users/ahmedsalem/Desktop/all my projects/uneom.com/node_modules/next/dist/compiled/next-server/app-page.runtime.prod.js:12:134660)
    at e (/Users/ahmedsalem/Desktop/all my projects/uneom.com/node_modules/next/dist/compiled/next-server/app-page.runtime.prod.js:12:137545)
    at ek (/Users/ahmedsalem/Desktop/all my projects/uneom.com/node_modules/next/dist/compiled/next-server/app-page.runtime.prod.js:12:138019)
    at Array.toJSON (/Users/ahmedsalem/Desktop/all my projects/uneom.com/node_modules/next/dist/compiled/next-server/app-page.runtime.prod.js:12:135629)
    at stringify (<anonymous>)
    at eP (/Users/ahmedsalem/Desktop/all my projects/uneom.com/node_modules/next/dist/compiled/next-server/app-page.runtime.prod.js:12:142093)
    at eE (/Users/ahmedsalem/Desktop/all my projects/uneom.com/node_modules/next/dist/compiled/next-server/app-page.runtime.prod.js:12:142572)
    at AsyncLocalStorage.run (node:internal/async_local_storage/async_context_frame:63:14)
    at Timeout._onTimeout (/Users/ahmedsalem/Desktop/all my projects/uneom.com/node_modules/next/dist/compiled/next-server/app-page.runtime.prod.js:12:150373) {
  digest: '3731830276'
}
TypeError: Cannot read properties of undefined (reading 'map')
    at f (/Users/ahmedsalem/Desktop/all my projects/uneom.com/.next/server/app/ar/locations/[city]/[industry]/page.js:1:8960)
    at eh (/Users/ahmedsalem/Desktop/all my projects/uneom.com/node_modules/next/dist/compiled/next-server/app-page.runtime.prod.js:12:134660)
    at e (/Users/ahmedsalem/Desktop/all my projects/uneom.com/node_modules/next/dist/compiled/next-server/app-page.runtime.prod.js:12:137545)
    at ek (/Users/ahmedsalem/Desktop/all my projects/uneom.com/node_modules/next/dist/compiled/next-server/app-page.runtime.prod.js:12:138019)
    at Array.toJSON (/Users/ahmedsalem/Desktop/all my projects/uneom.com/node_modules/next/dist/compiled/next-server/app-page.runtime.prod.js:12:135629)
    at stringify (<anonymous>)
    at eP (/Users/ahmedsalem/Desktop/all my projects/uneom.com/node_modules/next/dist/compiled/next-server/app-page.runtime.prod.js:12:142093)
    at eE (/Users/ahmedsalem/Desktop/all my projects/uneom.com/node_modules/next/dist/compiled/next-server/app-page.runtime.prod.js:12:142572)
    at Timeout._onTimeout (/Users/ahmedsalem/Desktop/all my projects/uneom.com/node_modules/next/dist/compiled/next-server/app-page.runtime.prod.js:12:135349)
    at listOnTimeout (node:internal/timers:605:17) {
  digest: '2101114011'
}

Error occurred prerendering page "/ar/locations/al-baha/hospitality". Read more: https://nextjs.org/docs/messages/prerender-error

TypeError: Cannot read properties of undefined (reading 'map')
    at f (/Users/ahmedsalem/Desktop/all my projects/uneom.com/.next/server/app/ar/locations/[city]/[industry]/page.js:1:8960)
    at eh (/Users/ahmedsalem/Desktop/all my projects/uneom.com/node_modules/next/dist/compiled/next-server/app-page.runtime.prod.js:12:134660)
    at e (/Users/ahmedsalem/Desktop/all my projects/uneom.com/node_modules/next/dist/compiled/next-server/app-page.runtime.prod.js:12:137545)
    at ek (/Users/ahmedsalem/Desktop/all my projects/uneom.com/node_modules/next/dist/compiled/next-server/app-page.runtime.prod.js:12:138019)
    at Array.toJSON (/Users/ahmedsalem/Desktop/all my projects/uneom.com/node_modules/next/dist/compiled/next-server/app-page.runtime.prod.js:12:135629)
    at stringify (<anonymous>)
    at eP (/Users/ahmedsalem/Desktop/all my projects/uneom.com/node_modules/next/dist/compiled/next-server/app-page.runtime.prod.js:12:142093)
    at eE (/Users/ahmedsalem/Desktop/all my projects/uneom.com/node_modules/next/dist/compiled/next-server/app-page.runtime.prod.js:12:142572)
    at AsyncLocalStorage.run (node:internal/async_local_storage/async_context_frame:63:14)
    at Timeout._onTimeout (/Users/ahmedsalem/Desktop/all my projects/uneom.com/node_modules/next/dist/compiled/next-server/app-page.runtime.prod.js:12:150373)
TypeError: Cannot read properties of undefined (reading 'map')
    at f (/Users/ahmedsalem/Desktop/all my projects/uneom.com/.next/server/app/ar/locations/[city]/[industry]/page.js:1:8960)
    at eh (/Users/ahmedsalem/Desktop/all my projects/uneom.com/node_modules/next/dist/compiled/next-server/app-page.runtime.prod.js:12:134660)
    at e (/Users/ahmedsalem/Desktop/all my projects/uneom.com/node_modules/next/dist/compiled/next-server/app-page.runtime.prod.js:12:137545)
    at ek (/Users/ahmedsalem/Desktop/all my projects/uneom.com/node_modules/next/dist/compiled/next-server/app-page.runtime.prod.js:12:138019)
    at Array.toJSON (/Users/ahmedsalem/Desktop/all my projects/uneom.com/node_modules/next/dist/compiled/next-server/app-page.runtime.prod.js:12:135629)
    at stringify (<anonymous>)
    at eP (/Users/ahmedsalem/Desktop/all my projects/uneom.com/node_modules/next/dist/compiled/next-server/app-page.runtime.prod.js:12:142093)
    at eE (/Users/ahmedsalem/Desktop/all my projects/uneom.com/node_modules/next/dist/compiled/next-server/app-page.runtime.prod.js:12:142572)
    at AsyncLocalStorage.run (node:internal/async_local_storage/async_context_frame:63:14)
    at Timeout._onTimeout (/Users/ahmedsalem/Desktop/all my projects/uneom.com/node_modules/next/dist/compiled/next-server/app-page.runtime.prod.js:12:150373) {
  digest: '3731830276'
}
TypeError: Cannot read properties of undefined (reading 'map')
    at f (/Users/ahmedsalem/Desktop/all my projects/uneom.com/.next/server/app/ar/locations/[city]/[industry]/page.js:1:8960)
    at eh (/Users/ahmedsalem/Desktop/all my projects/uneom.com/node_modules/next/dist/compiled/next-server/app-page.runtime.prod.js:12:134660)
    at e (/Users/ahmedsalem/Desktop/all my projects/uneom.com/node_modules/next/dist/compiled/next-server/app-page.runtime.prod.js:12:137545)
    at ek (/Users/ahmedsalem/Desktop/all my projects/uneom.com/node_modules/next/dist/compiled/next-server/app-page.runtime.prod.js:12:138019)
    at Array.toJSON (/Users/ahmedsalem/Desktop/all my projects/uneom.com/node_modules/next/dist/compiled/next-server/app-page.runtime.prod.js:12:135629)
    at stringify (<anonymous>)
    at eP (/Users/ahmedsalem/Desktop/all my projects/uneom.com/node_modules/next/dist/compiled/next-server/app-page.runtime.prod.js:12:142093)
    at eE (/Users/ahmedsalem/Desktop/all my projects/uneom.com/node_modules/next/dist/compiled/next-server/app-page.runtime.prod.js:12:142572)
    at Timeout._onTimeout (/Users/ahmedsalem/Desktop/all my projects/uneom.com/node_modules/next/dist/compiled/next-server/app-page.runtime.prod.js:12:135349)
    at listOnTimeout (node:internal/timers:605:17) {
  digest: '2101114011'
}

Error occurred prerendering page "/ar/locations/al-baha/aviation". Read more: https://nextjs.org/docs/messages/prerender-error

TypeError: Cannot read properties of undefined (reading 'map')
    at f (/Users/ahmedsalem/Desktop/all my projects/uneom.com/.next/server/app/ar/locations/[city]/[industry]/page.js:1:8960)
    at eh (/Users/ahmedsalem/Desktop/all my projects/uneom.com/node_modules/next/dist/compiled/next-server/app-page.runtime.prod.js:12:134660)
    at e (/Users/ahmedsalem/Desktop/all my projects/uneom.com/node_modules/next/dist/compiled/next-server/app-page.runtime.prod.js:12:137545)
    at ek (/Users/ahmedsalem/Desktop/all my projects/uneom.com/node_modules/next/dist/compiled/next-server/app-page.runtime.prod.js:12:138019)
    at Array.toJSON (/Users/ahmedsalem/Desktop/all my projects/uneom.com/node_modules/next/dist/compiled/next-server/app-page.runtime.prod.js:12:135629)
    at stringify (<anonymous>)
    at eP (/Users/ahmedsalem/Desktop/all my projects/uneom.com/node_modules/next/dist/compiled/next-server/app-page.runtime.prod.js:12:142093)
    at eE (/Users/ahmedsalem/Desktop/all my projects/uneom.com/node_modules/next/dist/compiled/next-server/app-page.runtime.prod.js:12:142572)
    at AsyncLocalStorage.run (node:internal/async_local_storage/async_context_frame:63:14)
    at Timeout._onTimeout (/Users/ahmedsalem/Desktop/all my projects/uneom.com/node_modules/next/dist/compiled/next-server/app-page.runtime.prod.js:12:150373)
TypeError: Cannot read properties of undefined (reading 'map')
    at f (/Users/ahmedsalem/Desktop/all my projects/uneom.com/.next/server/app/ar/locations/[city]/[industry]/page.js:1:8960)
    at eh (/Users/ahmedsalem/Desktop/all my projects/uneom.com/node_modules/next/dist/compiled/next-server/app-page.runtime.prod.js:12:134660)
    at e (/Users/ahmedsalem/Desktop/all my projects/uneom.com/node_modules/next/dist/compiled/next-server/app-page.runtime.prod.js:12:137545)
    at ek (/Users/ahmedsalem/Desktop/all my projects/uneom.com/node_modules/next/dist/compiled/next-server/app-page.runtime.prod.js:12:138019)
    at Array.toJSON (/Users/ahmedsalem/Desktop/all my projects/uneom.com/node_modules/next/dist/compiled/next-server/app-page.runtime.prod.js:12:135629)
    at stringify (<anonymous>)
    at eP (/Users/ahmedsalem/Desktop/all my projects/uneom.com/node_modules/next/dist/compiled/next-server/app-page.runtime.prod.js:12:142093)
    at eE (/Users/ahmedsalem/Desktop/all my projects/uneom.com/node_modules/next/dist/compiled/next-server/app-page.runtime.prod.js:12:142572)
    at AsyncLocalStorage.run (node:internal/async_local_storage/async_context_frame:63:14)
    at Timeout._onTimeout (/Users/ahmedsalem/Desktop/all my projects/uneom.com/node_modules/next/dist/compiled/next-server/app-page.runtime.prod.js:12:150373) {
  digest: '3731830276'
}
TypeError: Cannot read properties of undefined (reading 'map')
    at f (/Users/ahmedsalem/Desktop/all my projects/uneom.com/.next/server/app/ar/locations/[city]/[industry]/page.js:1:8960)
    at eh (/Users/ahmedsalem/Desktop/all my projects/uneom.com/node_modules/next/dist/compiled/next-server/app-page.runtime.prod.js:12:134660)
    at e (/Users/ahmedsalem/Desktop/all my projects/uneom.com/node_modules/next/dist/compiled/next-server/app-page.runtime.prod.js:12:137545)
    at ek (/Users/ahmedsalem/Desktop/all my projects/uneom.com/node_modules/next/dist/compiled/next-server/app-page.runtime.prod.js:12:138019)
    at Array.toJSON (/Users/ahmedsalem/Desktop/all my projects/uneom.com/node_modules/next/dist/compiled/next-server/app-page.runtime.prod.js:12:135629)
    at stringify (<anonymous>)
    at eP (/Users/ahmedsalem/Desktop/all my projects/uneom.com/node_modules/next/dist/compiled/next-server/app-page.runtime.prod.js:12:142093)
    at eE (/Users/ahmedsalem/Desktop/all my projects/uneom.com/node_modules/next/dist/compiled/next-server/app-page.runtime.prod.js:12:142572)
    at Timeout._onTimeout (/Users/ahmedsalem/Desktop/all my projects/uneom.com/node_modules/next/dist/compiled/next-server/app-page.runtime.prod.js:12:135349)
    at listOnTimeout (node:internal/timers:605:17) {
  digest: '2101114011'
}

Error occurred prerendering page "/ar/locations/al-baha/factory-industry". Read more: https://nextjs.org/docs/messages/prerender-error

TypeError: Cannot read properties of undefined (reading 'map')
    at f (/Users/ahmedsalem/Desktop/all my projects/uneom.com/.next/server/app/ar/locations/[city]/[industry]/page.js:1:8960)
    at eh (/Users/ahmedsalem/Desktop/all my projects/uneom.com/node_modules/next/dist/compiled/next-server/app-page.runtime.prod.js:12:134660)
    at e (/Users/ahmedsalem/Desktop/all my projects/uneom.com/node_modules/next/dist/compiled/next-server/app-page.runtime.prod.js:12:137545)
    at ek (/Users/ahmedsalem/Desktop/all my projects/uneom.com/node_modules/next/dist/compiled/next-server/app-page.runtime.prod.js:12:138019)
    at Array.toJSON (/Users/ahmedsalem/Desktop/all my projects/uneom.com/node_modules/next/dist/compiled/next-server/app-page.runtime.prod.js:12:135629)
    at stringify (<anonymous>)
    at eP (/Users/ahmedsalem/Desktop/all my projects/uneom.com/node_modules/next/dist/compiled/next-server/app-page.runtime.prod.js:12:142093)
    at eE (/Users/ahmedsalem/Desktop/all my projects/uneom.com/node_modules/next/dist/compiled/next-server/app-page.runtime.prod.js:12:142572)
    at AsyncLocalStorage.run (node:internal/async_local_storage/async_context_frame:63:14)
    at Timeout._onTimeout (/Users/ahmedsalem/Desktop/all my projects/uneom.com/node_modules/next/dist/compiled/next-server/app-page.runtime.prod.js:12:150373)
TypeError: Cannot read properties of undefined (reading 'map')
    at f (/Users/ahmedsalem/Desktop/all my projects/uneom.com/.next/server/app/ar/locations/[city]/[industry]/page.js:1:8960)
    at eh (/Users/ahmedsalem/Desktop/all my projects/uneom.com/node_modules/next/dist/compiled/next-server/app-page.runtime.prod.js:12:134660)
    at e (/Users/ahmedsalem/Desktop/all my projects/uneom.com/node_modules/next/dist/compiled/next-server/app-page.runtime.prod.js:12:137545)
    at ek (/Users/ahmedsalem/Desktop/all my projects/uneom.com/node_modules/next/dist/compiled/next-server/app-page.runtime.prod.js:12:138019)
    at Array.toJSON (/Users/ahmedsalem/Desktop/all my projects/uneom.com/node_modules/next/dist/compiled/next-server/app-page.runtime.prod.js:12:135629)
    at stringify (<anonymous>)
    at eP (/Users/ahmedsalem/Desktop/all my projects/uneom.com/node_modules/next/dist/compiled/next-server/app-page.runtime.prod.js:12:142093)
    at eE (/Users/ahmedsalem/Desktop/all my projects/uneom.com/node_modules/next/dist/compiled/next-server/app-page.runtime.prod.js:12:142572)
    at AsyncLocalStorage.run (node:internal/async_local_storage/async_context_frame:63:14)
    at Timeout._onTimeout (/Users/ahmedsalem/Desktop/all my projects/uneom.com/node_modules/next/dist/compiled/next-server/app-page.runtime.prod.js:12:150373) {
  digest: '3731830276'
}
TypeError: Cannot read properties of undefined (reading 'map')
    at f (/Users/ahmedsalem/Desktop/all my projects/uneom.com/.next/server/app/ar/locations/[city]/[industry]/page.js:1:8960)
    at eh (/Users/ahmedsalem/Desktop/all my projects/uneom.com/node_modules/next/dist/compiled/next-server/app-page.runtime.prod.js:12:134660)
    at e (/Users/ahmedsalem/Desktop/all my projects/uneom.com/node_modules/next/dist/compiled/next-server/app-page.runtime.prod.js:12:137545)
    at ek (/Users/ahmedsalem/Desktop/all my projects/uneom.com/node_modules/next/dist/compiled/next-server/app-page.runtime.prod.js:12:138019)
    at Array.toJSON (/Users/ahmedsalem/Desktop/all my projects/uneom.com/node_modules/next/dist/compiled/next-server/app-page.runtime.prod.js:12:135629)
    at stringify (<anonymous>)
    at eP (/Users/ahmedsalem/Desktop/all my projects/uneom.com/node_modules/next/dist/compiled/next-server/app-page.runtime.prod.js:12:142093)
    at eE (/Users/ahmedsalem/Desktop/all my projects/uneom.com/node_modules/next/dist/compiled/next-server/app-page.runtime.prod.js:12:142572)
    at Timeout._onTimeout (/Users/ahmedsalem/Desktop/all my projects/uneom.com/node_modules/next/dist/compiled/next-server/app-page.runtime.prod.js:12:135349)
    at listOnTimeout (node:internal/timers:605:17) {
  digest: '2101114011'
}

Error occurred prerendering page "/ar/locations/al-baha/security". Read more: https://nextjs.org/docs/messages/prerender-error

TypeError: Cannot read properties of undefined (reading 'map')
    at f (/Users/ahmedsalem/Desktop/all my projects/uneom.com/.next/server/app/ar/locations/[city]/[industry]/page.js:1:8960)
    at eh (/Users/ahmedsalem/Desktop/all my projects/uneom.com/node_modules/next/dist/compiled/next-server/app-page.runtime.prod.js:12:134660)
    at e (/Users/ahmedsalem/Desktop/all my projects/uneom.com/node_modules/next/dist/compiled/next-server/app-page.runtime.prod.js:12:137545)
    at ek (/Users/ahmedsalem/Desktop/all my projects/uneom.com/node_modules/next/dist/compiled/next-server/app-page.runtime.prod.js:12:138019)
    at Array.toJSON (/Users/ahmedsalem/Desktop/all my projects/uneom.com/node_modules/next/dist/compiled/next-server/app-page.runtime.prod.js:12:135629)
    at stringify (<anonymous>)
    at eP (/Users/ahmedsalem/Desktop/all my projects/uneom.com/node_modules/next/dist/compiled/next-server/app-page.runtime.prod.js:12:142093)
    at eE (/Users/ahmedsalem/Desktop/all my projects/uneom.com/node_modules/next/dist/compiled/next-server/app-page.runtime.prod.js:12:142572)
    at AsyncLocalStorage.run (node:internal/async_local_storage/async_context_frame:63:14)
    at Timeout._onTimeout (/Users/ahmedsalem/Desktop/all my projects/uneom.com/node_modules/next/dist/compiled/next-server/app-page.runtime.prod.js:12:150373)
TypeError: Cannot read properties of undefined (reading 'map')
    at f (/Users/ahmedsalem/Desktop/all my projects/uneom.com/.next/server/app/ar/locations/[city]/[industry]/page.js:1:8960)
    at eh (/Users/ahmedsalem/Desktop/all my projects/uneom.com/node_modules/next/dist/compiled/next-server/app-page.runtime.prod.js:12:134660)
    at e (/Users/ahmedsalem/Desktop/all my projects/uneom.com/node_modules/next/dist/compiled/next-server/app-page.runtime.prod.js:12:137545)
    at ek (/Users/ahmedsalem/Desktop/all my projects/uneom.com/node_modules/next/dist/compiled/next-server/app-page.runtime.prod.js:12:138019)
    at Array.toJSON (/Users/ahmedsalem/Desktop/all my projects/uneom.com/node_modules/next/dist/compiled/next-server/app-page.runtime.prod.js:12:135629)
    at stringify (<anonymous>)
    at eP (/Users/ahmedsalem/Desktop/all my projects/uneom.com/node_modules/next/dist/compiled/next-server/app-page.runtime.prod.js:12:142093)
    at eE (/Users/ahmedsalem/Desktop/all my projects/uneom.com/node_modules/next/dist/compiled/next-server/app-page.runtime.prod.js:12:142572)
    at AsyncLocalStorage.run (node:internal/async_local_storage/async_context_frame:63:14)
    at Timeout._onTimeout (/Users/ahmedsalem/Desktop/all my projects/uneom.com/node_modules/next/dist/compiled/next-server/app-page.runtime.prod.js:12:150373) {
  digest: '3731830276'
}
TypeError: Cannot read properties of undefined (reading 'map')
    at f (/Users/ahmedsalem/Desktop/all my projects/uneom.com/.next/server/app/ar/locations/[city]/[industry]/page.js:1:8960)
    at eh (/Users/ahmedsalem/Desktop/all my projects/uneom.com/node_modules/next/dist/compiled/next-server/app-page.runtime.prod.js:12:134660)
    at e (/Users/ahmedsalem/Desktop/all my projects/uneom.com/node_modules/next/dist/compiled/next-server/app-page.runtime.prod.js:12:137545)
    at ek (/Users/ahmedsalem/Desktop/all my projects/uneom.com/node_modules/next/dist/compiled/next-server/app-page.runtime.prod.js:12:138019)
    at Array.toJSON (/Users/ahmedsalem/Desktop/all my projects/uneom.com/node_modules/next/dist/compiled/next-server/app-page.runtime.prod.js:12:135629)
    at stringify (<anonymous>)
    at eP (/Users/ahmedsalem/Desktop/all my projects/uneom.com/node_modules/next/dist/compiled/next-server/app-page.runtime.prod.js:12:142093)
    at eE (/Users/ahmedsalem/Desktop/all my projects/uneom.com/node_modules/next/dist/compiled/next-server/app-page.runtime.prod.js:12:142572)
    at Timeout._onTimeout (/Users/ahmedsalem/Desktop/all my projects/uneom.com/node_modules/next/dist/compiled/next-server/app-page.runtime.prod.js:12:135349)
    at listOnTimeout (node:internal/timers:605:17) {
  digest: '2101114011'
}

Error occurred prerendering page "/ar/locations/wadi-al-dawasir/hospitality". Read more: https://nextjs.org/docs/messages/prerender-error

TypeError: Cannot read properties of undefined (reading 'map')
    at f (/Users/ahmedsalem/Desktop/all my projects/uneom.com/.next/server/app/ar/locations/[city]/[industry]/page.js:1:8960)
    at eh (/Users/ahmedsalem/Desktop/all my projects/uneom.com/node_modules/next/dist/compiled/next-server/app-page.runtime.prod.js:12:134660)
    at e (/Users/ahmedsalem/Desktop/all my projects/uneom.com/node_modules/next/dist/compiled/next-server/app-page.runtime.prod.js:12:137545)
    at ek (/Users/ahmedsalem/Desktop/all my projects/uneom.com/node_modules/next/dist/compiled/next-server/app-page.runtime.prod.js:12:138019)
    at Array.toJSON (/Users/ahmedsalem/Desktop/all my projects/uneom.com/node_modules/next/dist/compiled/next-server/app-page.runtime.prod.js:12:135629)
    at stringify (<anonymous>)
    at eP (/Users/ahmedsalem/Desktop/all my projects/uneom.com/node_modules/next/dist/compiled/next-server/app-page.runtime.prod.js:12:142093)
    at eE (/Users/ahmedsalem/Desktop/all my projects/uneom.com/node_modules/next/dist/compiled/next-server/app-page.runtime.prod.js:12:142572)
    at AsyncLocalStorage.run (node:internal/async_local_storage/async_context_frame:63:14)
    at Timeout._onTimeout (/Users/ahmedsalem/Desktop/all my projects/uneom.com/node_modules/next/dist/compiled/next-server/app-page.runtime.prod.js:12:150373)
TypeError: Cannot read properties of undefined (reading 'map')
    at f (/Users/ahmedsalem/Desktop/all my projects/uneom.com/.next/server/app/ar/locations/[city]/[industry]/page.js:1:8960)
    at eh (/Users/ahmedsalem/Desktop/all my projects/uneom.com/node_modules/next/dist/compiled/next-server/app-page.runtime.prod.js:12:134660)
    at e (/Users/ahmedsalem/Desktop/all my projects/uneom.com/node_modules/next/dist/compiled/next-server/app-page.runtime.prod.js:12:137545)
    at ek (/Users/ahmedsalem/Desktop/all my projects/uneom.com/node_modules/next/dist/compiled/next-server/app-page.runtime.prod.js:12:138019)
    at Array.toJSON (/Users/ahmedsalem/Desktop/all my projects/uneom.com/node_modules/next/dist/compiled/next-server/app-page.runtime.prod.js:12:135629)
    at stringify (<anonymous>)
    at eP (/Users/ahmedsalem/Desktop/all my projects/uneom.com/node_modules/next/dist/compiled/next-server/app-page.runtime.prod.js:12:142093)
    at eE (/Users/ahmedsalem/Desktop/all my projects/uneom.com/node_modules/next/dist/compiled/next-server/app-page.runtime.prod.js:12:142572)
    at AsyncLocalStorage.run (node:internal/async_local_storage/async_context_frame:63:14)
    at Timeout._onTimeout (/Users/ahmedsalem/Desktop/all my projects/uneom.com/node_modules/next/dist/compiled/next-server/app-page.runtime.prod.js:12:150373) {
  digest: '3731830276'
}
TypeError: Cannot read properties of undefined (reading 'map')
    at f (/Users/ahmedsalem/Desktop/all my projects/uneom.com/.next/server/app/ar/locations/[city]/[industry]/page.js:1:8960)
    at eh (/Users/ahmedsalem/Desktop/all my projects/uneom.com/node_modules/next/dist/compiled/next-server/app-page.runtime.prod.js:12:134660)
    at e (/Users/ahmedsalem/Desktop/all my projects/uneom.com/node_modules/next/dist/compiled/next-server/app-page.runtime.prod.js:12:137545)
    at ek (/Users/ahmedsalem/Desktop/all my projects/uneom.com/node_modules/next/dist/compiled/next-server/app-page.runtime.prod.js:12:138019)
    at Array.toJSON (/Users/ahmedsalem/Desktop/all my projects/uneom.com/node_modules/next/dist/compiled/next-server/app-page.runtime.prod.js:12:135629)
    at stringify (<anonymous>)
    at eP (/Users/ahmedsalem/Desktop/all my projects/uneom.com/node_modules/next/dist/compiled/next-server/app-page.runtime.prod.js:12:142093)
    at eE (/Users/ahmedsalem/Desktop/all my projects/uneom.com/node_modules/next/dist/compiled/next-server/app-page.runtime.prod.js:12:142572)
    at Timeout._onTimeout (/Users/ahmedsalem/Desktop/all my projects/uneom.com/node_modules/next/dist/compiled/next-server/app-page.runtime.prod.js:12:135349)
    at listOnTimeout (node:internal/timers:605:17) {
  digest: '2101114011'
}

Error occurred prerendering page "/ar/locations/al-baha/supply-manufacturing". Read more: https://nextjs.org/docs/messages/prerender-error

TypeError: Cannot read properties of undefined (reading 'map')
    at f (/Users/ahmedsalem/Desktop/all my projects/uneom.com/.next/server/app/ar/locations/[city]/[industry]/page.js:1:8960)
    at eh (/Users/ahmedsalem/Desktop/all my projects/uneom.com/node_modules/next/dist/compiled/next-server/app-page.runtime.prod.js:12:134660)
    at e (/Users/ahmedsalem/Desktop/all my projects/uneom.com/node_modules/next/dist/compiled/next-server/app-page.runtime.prod.js:12:137545)
    at ek (/Users/ahmedsalem/Desktop/all my projects/uneom.com/node_modules/next/dist/compiled/next-server/app-page.runtime.prod.js:12:138019)
    at Array.toJSON (/Users/ahmedsalem/Desktop/all my projects/uneom.com/node_modules/next/dist/compiled/next-server/app-page.runtime.prod.js:12:135629)
    at stringify (<anonymous>)
    at eP (/Users/ahmedsalem/Desktop/all my projects/uneom.com/node_modules/next/dist/compiled/next-server/app-page.runtime.prod.js:12:142093)
    at eE (/Users/ahmedsalem/Desktop/all my projects/uneom.com/node_modules/next/dist/compiled/next-server/app-page.runtime.prod.js:12:142572)
    at AsyncLocalStorage.run (node:internal/async_local_storage/async_context_frame:63:14)
    at Timeout._onTimeout (/Users/ahmedsalem/Desktop/all my projects/uneom.com/node_modules/next/dist/compiled/next-server/app-page.runtime.prod.js:12:150373)
TypeError: Cannot read properties of undefined (reading 'map')
    at f (/Users/ahmedsalem/Desktop/all my projects/uneom.com/.next/server/app/ar/locations/[city]/[industry]/page.js:1:8960)
    at eh (/Users/ahmedsalem/Desktop/all my projects/uneom.com/node_modules/next/dist/compiled/next-server/app-page.runtime.prod.js:12:134660)
    at e (/Users/ahmedsalem/Desktop/all my projects/uneom.com/node_modules/next/dist/compiled/next-server/app-page.runtime.prod.js:12:137545)
    at ek (/Users/ahmedsalem/Desktop/all my projects/uneom.com/node_modules/next/dist/compiled/next-server/app-page.runtime.prod.js:12:138019)
    at Array.toJSON (/Users/ahmedsalem/Desktop/all my projects/uneom.com/node_modules/next/dist/compiled/next-server/app-page.runtime.prod.js:12:135629)
    at stringify (<anonymous>)
    at eP (/Users/ahmedsalem/Desktop/all my projects/uneom.com/node_modules/next/dist/compiled/next-server/app-page.runtime.prod.js:12:142093)
    at eE (/Users/ahmedsalem/Desktop/all my projects/uneom.com/node_modules/next/dist/compiled/next-server/app-page.runtime.prod.js:12:142572)
    at AsyncLocalStorage.run (node:internal/async_local_storage/async_context_frame:63:14)
    at Timeout._onTimeout (/Users/ahmedsalem/Desktop/all my projects/uneom.com/node_modules/next/dist/compiled/next-server/app-page.runtime.prod.js:12:150373) {
  digest: '3731830276'
}
TypeError: Cannot read properties of undefined (reading 'map')
    at f (/Users/ahmedsalem/Desktop/all my projects/uneom.com/.next/server/app/ar/locations/[city]/[industry]/page.js:1:8960)
    at eh (/Users/ahmedsalem/Desktop/all my projects/uneom.com/node_modules/next/dist/compiled/next-server/app-page.runtime.prod.js:12:134660)
    at e (/Users/ahmedsalem/Desktop/all my projects/uneom.com/node_modules/next/dist/compiled/next-server/app-page.runtime.prod.js:12:137545)
    at ek (/Users/ahmedsalem/Desktop/all my projects/uneom.com/node_modules/next/dist/compiled/next-server/app-page.runtime.prod.js:12:138019)
    at Array.toJSON (/Users/ahmedsalem/Desktop/all my projects/uneom.com/node_modules/next/dist/compiled/next-server/app-page.runtime.prod.js:12:135629)
    at stringify (<anonymous>)
    at eP (/Users/ahmedsalem/Desktop/all my projects/uneom.com/node_modules/next/dist/compiled/next-server/app-page.runtime.prod.js:12:142093)
    at eE (/Users/ahmedsalem/Desktop/all my projects/uneom.com/node_modules/next/dist/compiled/next-server/app-page.runtime.prod.js:12:142572)
    at Timeout._onTimeout (/Users/ahmedsalem/Desktop/all my projects/uneom.com/node_modules/next/dist/compiled/next-server/app-page.runtime.prod.js:12:135349)
    at listOnTimeout (node:internal/timers:605:17) {
  digest: '2101114011'
}

Error occurred prerendering page "/ar/locations/wadi-al-dawasir/aviation". Read more: https://nextjs.org/docs/messages/prerender-error

TypeError: Cannot read properties of undefined (reading 'map')
    at f (/Users/ahmedsalem/Desktop/all my projects/uneom.com/.next/server/app/ar/locations/[city]/[industry]/page.js:1:8960)
    at eh (/Users/ahmedsalem/Desktop/all my projects/uneom.com/node_modules/next/dist/compiled/next-server/app-page.runtime.prod.js:12:134660)
    at e (/Users/ahmedsalem/Desktop/all my projects/uneom.com/node_modules/next/dist/compiled/next-server/app-page.runtime.prod.js:12:137545)
    at ek (/Users/ahmedsalem/Desktop/all my projects/uneom.com/node_modules/next/dist/compiled/next-server/app-page.runtime.prod.js:12:138019)
    at Array.toJSON (/Users/ahmedsalem/Desktop/all my projects/uneom.com/node_modules/next/dist/compiled/next-server/app-page.runtime.prod.js:12:135629)
    at stringify (<anonymous>)
    at eP (/Users/ahmedsalem/Desktop/all my projects/uneom.com/node_modules/next/dist/compiled/next-server/app-page.runtime.prod.js:12:142093)
    at eE (/Users/ahmedsalem/Desktop/all my projects/uneom.com/node_modules/next/dist/compiled/next-server/app-page.runtime.prod.js:12:142572)
    at AsyncLocalStorage.run (node:internal/async_local_storage/async_context_frame:63:14)
    at Timeout._onTimeout (/Users/ahmedsalem/Desktop/all my projects/uneom.com/node_modules/next/dist/compiled/next-server/app-page.runtime.prod.js:12:150373)
TypeError: Cannot read properties of undefined (reading 'map')
    at f (/Users/ahmedsalem/Desktop/all my projects/uneom.com/.next/server/app/ar/locations/[city]/[industry]/page.js:1:8960)
    at eh (/Users/ahmedsalem/Desktop/all my projects/uneom.com/node_modules/next/dist/compiled/next-server/app-page.runtime.prod.js:12:134660)
    at e (/Users/ahmedsalem/Desktop/all my projects/uneom.com/node_modules/next/dist/compiled/next-server/app-page.runtime.prod.js:12:137545)
    at ek (/Users/ahmedsalem/Desktop/all my projects/uneom.com/node_modules/next/dist/compiled/next-server/app-page.runtime.prod.js:12:138019)
    at Array.toJSON (/Users/ahmedsalem/Desktop/all my projects/uneom.com/node_modules/next/dist/compiled/next-server/app-page.runtime.prod.js:12:135629)
    at stringify (<anonymous>)
    at eP (/Users/ahmedsalem/Desktop/all my projects/uneom.com/node_modules/next/dist/compiled/next-server/app-page.runtime.prod.js:12:142093)
    at eE (/Users/ahmedsalem/Desktop/all my projects/uneom.com/node_modules/next/dist/compiled/next-server/app-page.runtime.prod.js:12:142572)
    at AsyncLocalStorage.run (node:internal/async_local_storage/async_context_frame:63:14)
    at Timeout._onTimeout (/Users/ahmedsalem/Desktop/all my projects/uneom.com/node_modules/next/dist/compiled/next-server/app-page.runtime.prod.js:12:150373) {
  digest: '3731830276'
}
TypeError: Cannot read properties of undefined (reading 'map')
    at f (/Users/ahmedsalem/Desktop/all my projects/uneom.com/.next/server/app/ar/locations/[city]/[industry]/page.js:1:8960)
    at eh (/Users/ahmedsalem/Desktop/all my projects/uneom.com/node_modules/next/dist/compiled/next-server/app-page.runtime.prod.js:12:134660)
    at e (/Users/ahmedsalem/Desktop/all my projects/uneom.com/node_modules/next/dist/compiled/next-server/app-page.runtime.prod.js:12:137545)
    at ek (/Users/ahmedsalem/Desktop/all my projects/uneom.com/node_modules/next/dist/compiled/next-server/app-page.runtime.prod.js:12:138019)
    at Array.toJSON (/Users/ahmedsalem/Desktop/all my projects/uneom.com/node_modules/next/dist/compiled/next-server/app-page.runtime.prod.js:12:135629)
    at stringify (<anonymous>)
    at eP (/Users/ahmedsalem/Desktop/all my projects/uneom.com/node_modules/next/dist/compiled/next-server/app-page.runtime.prod.js:12:142093)
    at eE (/Users/ahmedsalem/Desktop/all my projects/uneom.com/node_modules/next/dist/compiled/next-server/app-page.runtime.prod.js:12:142572)
    at Timeout._onTimeout (/Users/ahmedsalem/Desktop/all my projects/uneom.com/node_modules/next/dist/compiled/next-server/app-page.runtime.prod.js:12:135349)
    at listOnTimeout (node:internal/timers:605:17) {
  digest: '2101114011'
}

Error occurred prerendering page "/ar/locations/wadi-al-dawasir/education". Read more: https://nextjs.org/docs/messages/prerender-error

TypeError: Cannot read properties of undefined (reading 'map')
    at f (/Users/ahmedsalem/Desktop/all my projects/uneom.com/.next/server/app/ar/locations/[city]/[industry]/page.js:1:8960)
    at eh (/Users/ahmedsalem/Desktop/all my projects/uneom.com/node_modules/next/dist/compiled/next-server/app-page.runtime.prod.js:12:134660)
    at e (/Users/ahmedsalem/Desktop/all my projects/uneom.com/node_modules/next/dist/compiled/next-server/app-page.runtime.prod.js:12:137545)
    at ek (/Users/ahmedsalem/Desktop/all my projects/uneom.com/node_modules/next/dist/compiled/next-server/app-page.runtime.prod.js:12:138019)
    at Array.toJSON (/Users/ahmedsalem/Desktop/all my projects/uneom.com/node_modules/next/dist/compiled/next-server/app-page.runtime.prod.js:12:135629)
    at stringify (<anonymous>)
    at eP (/Users/ahmedsalem/Desktop/all my projects/uneom.com/node_modules/next/dist/compiled/next-server/app-page.runtime.prod.js:12:142093)
    at eE (/Users/ahmedsalem/Desktop/all my projects/uneom.com/node_modules/next/dist/compiled/next-server/app-page.runtime.prod.js:12:142572)
    at AsyncLocalStorage.run (node:internal/async_local_storage/async_context_frame:63:14)
    at Timeout._onTimeout (/Users/ahmedsalem/Desktop/all my projects/uneom.com/node_modules/next/dist/compiled/next-server/app-page.runtime.prod.js:12:150373)
TypeError: Cannot read properties of undefined (reading 'map')
    at f (/Users/ahmedsalem/Desktop/all my projects/uneom.com/.next/server/app/ar/locations/[city]/[industry]/page.js:1:8960)
    at eh (/Users/ahmedsalem/Desktop/all my projects/uneom.com/node_modules/next/dist/compiled/next-server/app-page.runtime.prod.js:12:134660)
    at e (/Users/ahmedsalem/Desktop/all my projects/uneom.com/node_modules/next/dist/compiled/next-server/app-page.runtime.prod.js:12:137545)
    at ek (/Users/ahmedsalem/Desktop/all my projects/uneom.com/node_modules/next/dist/compiled/next-server/app-page.runtime.prod.js:12:138019)
    at Array.toJSON (/Users/ahmedsalem/Desktop/all my projects/uneom.com/node_modules/next/dist/compiled/next-server/app-page.runtime.prod.js:12:135629)
    at stringify (<anonymous>)
    at eP (/Users/ahmedsalem/Desktop/all my projects/uneom.com/node_modules/next/dist/compiled/next-server/app-page.runtime.prod.js:12:142093)
    at eE (/Users/ahmedsalem/Desktop/all my projects/uneom.com/node_modules/next/dist/compiled/next-server/app-page.runtime.prod.js:12:142572)
    at AsyncLocalStorage.run (node:internal/async_local_storage/async_context_frame:63:14)
    at Timeout._onTimeout (/Users/ahmedsalem/Desktop/all my projects/uneom.com/node_modules/next/dist/compiled/next-server/app-page.runtime.prod.js:12:150373) {
  digest: '3731830276'
}
TypeError: Cannot read properties of undefined (reading 'map')
    at f (/Users/ahmedsalem/Desktop/all my projects/uneom.com/.next/server/app/ar/locations/[city]/[industry]/page.js:1:8960)
    at eh (/Users/ahmedsalem/Desktop/all my projects/uneom.com/node_modules/next/dist/compiled/next-server/app-page.runtime.prod.js:12:134660)
    at e (/Users/ahmedsalem/Desktop/all my projects/uneom.com/node_modules/next/dist/compiled/next-server/app-page.runtime.prod.js:12:137545)
    at ek (/Users/ahmedsalem/Desktop/all my projects/uneom.com/node_modules/next/dist/compiled/next-server/app-page.runtime.prod.js:12:138019)
    at Array.toJSON (/Users/ahmedsalem/Desktop/all my projects/uneom.com/node_modules/next/dist/compiled/next-server/app-page.runtime.prod.js:12:135629)
    at stringify (<anonymous>)
    at eP (/Users/ahmedsalem/Desktop/all my projects/uneom.com/node_modules/next/dist/compiled/next-server/app-page.runtime.prod.js:12:142093)
    at eE (/Users/ahmedsalem/Desktop/all my projects/uneom.com/node_modules/next/dist/compiled/next-server/app-page.runtime.prod.js:12:142572)
    at Timeout._onTimeout (/Users/ahmedsalem/Desktop/all my projects/uneom.com/node_modules/next/dist/compiled/next-server/app-page.runtime.prod.js:12:135349)
    at listOnTimeout (node:internal/timers:605:17) {
  digest: '2101114011'
}

Error occurred prerendering page "/ar/locations/al-baha/retail-shops". Read more: https://nextjs.org/docs/messages/prerender-error

TypeError: Cannot read properties of undefined (reading 'map')
    at f (/Users/ahmedsalem/Desktop/all my projects/uneom.com/.next/server/app/ar/locations/[city]/[industry]/page.js:1:8960)
    at eh (/Users/ahmedsalem/Desktop/all my projects/uneom.com/node_modules/next/dist/compiled/next-server/app-page.runtime.prod.js:12:134660)
    at e (/Users/ahmedsalem/Desktop/all my projects/uneom.com/node_modules/next/dist/compiled/next-server/app-page.runtime.prod.js:12:137545)
    at ek (/Users/ahmedsalem/Desktop/all my projects/uneom.com/node_modules/next/dist/compiled/next-server/app-page.runtime.prod.js:12:138019)
    at Array.toJSON (/Users/ahmedsalem/Desktop/all my projects/uneom.com/node_modules/next/dist/compiled/next-server/app-page.runtime.prod.js:12:135629)
    at stringify (<anonymous>)
    at eP (/Users/ahmedsalem/Desktop/all my projects/uneom.com/node_modules/next/dist/compiled/next-server/app-page.runtime.prod.js:12:142093)
    at eE (/Users/ahmedsalem/Desktop/all my projects/uneom.com/node_modules/next/dist/compiled/next-server/app-page.runtime.prod.js:12:142572)
    at AsyncLocalStorage.run (node:internal/async_local_storage/async_context_frame:63:14)
    at Timeout._onTimeout (/Users/ahmedsalem/Desktop/all my projects/uneom.com/node_modules/next/dist/compiled/next-server/app-page.runtime.prod.js:12:150373)
TypeError: Cannot read properties of undefined (reading 'map')
    at f (/Users/ahmedsalem/Desktop/all my projects/uneom.com/.next/server/app/ar/locations/[city]/[industry]/page.js:1:8960)
    at eh (/Users/ahmedsalem/Desktop/all my projects/uneom.com/node_modules/next/dist/compiled/next-server/app-page.runtime.prod.js:12:134660)
    at e (/Users/ahmedsalem/Desktop/all my projects/uneom.com/node_modules/next/dist/compiled/next-server/app-page.runtime.prod.js:12:137545)
    at ek (/Users/ahmedsalem/Desktop/all my projects/uneom.com/node_modules/next/dist/compiled/next-server/app-page.runtime.prod.js:12:138019)
    at Array.toJSON (/Users/ahmedsalem/Desktop/all my projects/uneom.com/node_modules/next/dist/compiled/next-server/app-page.runtime.prod.js:12:135629)
    at stringify (<anonymous>)
    at eP (/Users/ahmedsalem/Desktop/all my projects/uneom.com/node_modules/next/dist/compiled/next-server/app-page.runtime.prod.js:12:142093)
    at eE (/Users/ahmedsalem/Desktop/all my projects/uneom.com/node_modules/next/dist/compiled/next-server/app-page.runtime.prod.js:12:142572)
    at AsyncLocalStorage.run (node:internal/async_local_storage/async_context_frame:63:14)
    at Timeout._onTimeout (/Users/ahmedsalem/Desktop/all my projects/uneom.com/node_modules/next/dist/compiled/next-server/app-page.runtime.prod.js:12:150373) {
  digest: '3731830276'
}
TypeError: Cannot read properties of undefined (reading 'map')
    at f (/Users/ahmedsalem/Desktop/all my projects/uneom.com/.next/server/app/ar/locations/[city]/[industry]/page.js:1:8960)
    at eh (/Users/ahmedsalem/Desktop/all my projects/uneom.com/node_modules/next/dist/compiled/next-server/app-page.runtime.prod.js:12:134660)
    at e (/Users/ahmedsalem/Desktop/all my projects/uneom.com/node_modules/next/dist/compiled/next-server/app-page.runtime.prod.js:12:137545)
    at ek (/Users/ahmedsalem/Desktop/all my projects/uneom.com/node_modules/next/dist/compiled/next-server/app-page.runtime.prod.js:12:138019)
    at Array.toJSON (/Users/ahmedsalem/Desktop/all my projects/uneom.com/node_modules/next/dist/compiled/next-server/app-page.runtime.prod.js:12:135629)
    at stringify (<anonymous>)
    at eP (/Users/ahmedsalem/Desktop/all my projects/uneom.com/node_modules/next/dist/compiled/next-server/app-page.runtime.prod.js:12:142093)
    at eE (/Users/ahmedsalem/Desktop/all my projects/uneom.com/node_modules/next/dist/compiled/next-server/app-page.runtime.prod.js:12:142572)
    at Timeout._onTimeout (/Users/ahmedsalem/Desktop/all my projects/uneom.com/node_modules/next/dist/compiled/next-server/app-page.runtime.prod.js:12:135349)
    at listOnTimeout (node:internal/timers:605:17) {
  digest: '2101114011'
}

Error occurred prerendering page "/ar/locations/wadi-al-dawasir/corporate". Read more: https://nextjs.org/docs/messages/prerender-error

TypeError: Cannot read properties of undefined (reading 'map')
    at f (/Users/ahmedsalem/Desktop/all my projects/uneom.com/.next/server/app/ar/locations/[city]/[industry]/page.js:1:8960)
    at eh (/Users/ahmedsalem/Desktop/all my projects/uneom.com/node_modules/next/dist/compiled/next-server/app-page.runtime.prod.js:12:134660)
    at e (/Users/ahmedsalem/Desktop/all my projects/uneom.com/node_modules/next/dist/compiled/next-server/app-page.runtime.prod.js:12:137545)
    at ek (/Users/ahmedsalem/Desktop/all my projects/uneom.com/node_modules/next/dist/compiled/next-server/app-page.runtime.prod.js:12:138019)
    at Array.toJSON (/Users/ahmedsalem/Desktop/all my projects/uneom.com/node_modules/next/dist/compiled/next-server/app-page.runtime.prod.js:12:135629)
    at stringify (<anonymous>)
    at eP (/Users/ahmedsalem/Desktop/all my projects/uneom.com/node_modules/next/dist/compiled/next-server/app-page.runtime.prod.js:12:142093)
    at eE (/Users/ahmedsalem/Desktop/all my projects/uneom.com/node_modules/next/dist/compiled/next-server/app-page.runtime.prod.js:12:142572)
    at AsyncLocalStorage.run (node:internal/async_local_storage/async_context_frame:63:14)
    at Timeout._onTimeout (/Users/ahmedsalem/Desktop/all my projects/uneom.com/node_modules/next/dist/compiled/next-server/app-page.runtime.prod.js:12:150373)
TypeError: Cannot read properties of undefined (reading 'map')
    at f (/Users/ahmedsalem/Desktop/all my projects/uneom.com/.next/server/app/ar/locations/[city]/[industry]/page.js:1:8960)
    at eh (/Users/ahmedsalem/Desktop/all my projects/uneom.com/node_modules/next/dist/compiled/next-server/app-page.runtime.prod.js:12:134660)
    at e (/Users/ahmedsalem/Desktop/all my projects/uneom.com/node_modules/next/dist/compiled/next-server/app-page.runtime.prod.js:12:137545)
    at ek (/Users/ahmedsalem/Desktop/all my projects/uneom.com/node_modules/next/dist/compiled/next-server/app-page.runtime.prod.js:12:138019)
    at Array.toJSON (/Users/ahmedsalem/Desktop/all my projects/uneom.com/node_modules/next/dist/compiled/next-server/app-page.runtime.prod.js:12:135629)
    at stringify (<anonymous>)
    at eP (/Users/ahmedsalem/Desktop/all my projects/uneom.com/node_modules/next/dist/compiled/next-server/app-page.runtime.prod.js:12:142093)
    at eE (/Users/ahmedsalem/Desktop/all my projects/uneom.com/node_modules/next/dist/compiled/next-server/app-page.runtime.prod.js:12:142572)
    at AsyncLocalStorage.run (node:internal/async_local_storage/async_context_frame:63:14)
    at Timeout._onTimeout (/Users/ahmedsalem/Desktop/all my projects/uneom.com/node_modules/next/dist/compiled/next-server/app-page.runtime.prod.js:12:150373) {
  digest: '3731830276'
}
TypeError: Cannot read properties of undefined (reading 'map')
    at f (/Users/ahmedsalem/Desktop/all my projects/uneom.com/.next/server/app/ar/locations/[city]/[industry]/page.js:1:8960)
    at eh (/Users/ahmedsalem/Desktop/all my projects/uneom.com/node_modules/next/dist/compiled/next-server/app-page.runtime.prod.js:12:134660)
    at e (/Users/ahmedsalem/Desktop/all my projects/uneom.com/node_modules/next/dist/compiled/next-server/app-page.runtime.prod.js:12:137545)
    at ek (/Users/ahmedsalem/Desktop/all my projects/uneom.com/node_modules/next/dist/compiled/next-server/app-page.runtime.prod.js:12:138019)
    at Array.toJSON (/Users/ahmedsalem/Desktop/all my projects/uneom.com/node_modules/next/dist/compiled/next-server/app-page.runtime.prod.js:12:135629)
    at stringify (<anonymous>)
    at eP (/Users/ahmedsalem/Desktop/all my projects/uneom.com/node_modules/next/dist/compiled/next-server/app-page.runtime.prod.js:12:142093)
    at eE (/Users/ahmedsalem/Desktop/all my projects/uneom.com/node_modules/next/dist/compiled/next-server/app-page.runtime.prod.js:12:142572)
    at Timeout._onTimeout (/Users/ahmedsalem/Desktop/all my projects/uneom.com/node_modules/next/dist/compiled/next-server/app-page.runtime.prod.js:12:135349)
    at listOnTimeout (node:internal/timers:605:17) {
  digest: '2101114011'
}

Error occurred prerendering page "/ar/locations/wadi-al-dawasir/healthcare". Read more: https://nextjs.org/docs/messages/prerender-error

TypeError: Cannot read properties of undefined (reading 'map')
    at f (/Users/ahmedsalem/Desktop/all my projects/uneom.com/.next/server/app/ar/locations/[city]/[industry]/page.js:1:8960)
    at eh (/Users/ahmedsalem/Desktop/all my projects/uneom.com/node_modules/next/dist/compiled/next-server/app-page.runtime.prod.js:12:134660)
    at e (/Users/ahmedsalem/Desktop/all my projects/uneom.com/node_modules/next/dist/compiled/next-server/app-page.runtime.prod.js:12:137545)
    at ek (/Users/ahmedsalem/Desktop/all my projects/uneom.com/node_modules/next/dist/compiled/next-server/app-page.runtime.prod.js:12:138019)
    at Array.toJSON (/Users/ahmedsalem/Desktop/all my projects/uneom.com/node_modules/next/dist/compiled/next-server/app-page.runtime.prod.js:12:135629)
    at stringify (<anonymous>)
    at eP (/Users/ahmedsalem/Desktop/all my projects/uneom.com/node_modules/next/dist/compiled/next-server/app-page.runtime.prod.js:12:142093)
    at eE (/Users/ahmedsalem/Desktop/all my projects/uneom.com/node_modules/next/dist/compiled/next-server/app-page.runtime.prod.js:12:142572)
    at AsyncLocalStorage.run (node:internal/async_local_storage/async_context_frame:63:14)
    at Timeout._onTimeout (/Users/ahmedsalem/Desktop/all my projects/uneom.com/node_modules/next/dist/compiled/next-server/app-page.runtime.prod.js:12:150373)
TypeError: Cannot read properties of undefined (reading 'map')
    at f (/Users/ahmedsalem/Desktop/all my projects/uneom.com/.next/server/app/ar/locations/[city]/[industry]/page.js:1:8960)
    at eh (/Users/ahmedsalem/Desktop/all my projects/uneom.com/node_modules/next/dist/compiled/next-server/app-page.runtime.prod.js:12:134660)
    at e (/Users/ahmedsalem/Desktop/all my projects/uneom.com/node_modules/next/dist/compiled/next-server/app-page.runtime.prod.js:12:137545)
    at ek (/Users/ahmedsalem/Desktop/all my projects/uneom.com/node_modules/next/dist/compiled/next-server/app-page.runtime.prod.js:12:138019)
    at Array.toJSON (/Users/ahmedsalem/Desktop/all my projects/uneom.com/node_modules/next/dist/compiled/next-server/app-page.runtime.prod.js:12:135629)
    at stringify (<anonymous>)
    at eP (/Users/ahmedsalem/Desktop/all my projects/uneom.com/node_modules/next/dist/compiled/next-server/app-page.runtime.prod.js:12:142093)
    at eE (/Users/ahmedsalem/Desktop/all my projects/uneom.com/node_modules/next/dist/compiled/next-server/app-page.runtime.prod.js:12:142572)
    at AsyncLocalStorage.run (node:internal/async_local_storage/async_context_frame:63:14)
    at Timeout._onTimeout (/Users/ahmedsalem/Desktop/all my projects/uneom.com/node_modules/next/dist/compiled/next-server/app-page.runtime.prod.js:12:150373) {
  digest: '3731830276'
}
TypeError: Cannot read properties of undefined (reading 'map')
    at f (/Users/ahmedsalem/Desktop/all my projects/uneom.com/.next/server/app/ar/locations/[city]/[industry]/page.js:1:8960)
    at eh (/Users/ahmedsalem/Desktop/all my projects/uneom.com/node_modules/next/dist/compiled/next-server/app-page.runtime.prod.js:12:134660)
    at e (/Users/ahmedsalem/Desktop/all my projects/uneom.com/node_modules/next/dist/compiled/next-server/app-page.runtime.prod.js:12:137545)
    at ek (/Users/ahmedsalem/Desktop/all my projects/uneom.com/node_modules/next/dist/compiled/next-server/app-page.runtime.prod.js:12:138019)
    at Array.toJSON (/Users/ahmedsalem/Desktop/all my projects/uneom.com/node_modules/next/dist/compiled/next-server/app-page.runtime.prod.js:12:135629)
    at stringify (<anonymous>)
    at eP (/Users/ahmedsalem/Desktop/all my projects/uneom.com/node_modules/next/dist/compiled/next-server/app-page.runtime.prod.js:12:142093)
    at eE (/Users/ahmedsalem/Desktop/all my projects/uneom.com/node_modules/next/dist/compiled/next-server/app-page.runtime.prod.js:12:142572)
    at Timeout._onTimeout (/Users/ahmedsalem/Desktop/all my projects/uneom.com/node_modules/next/dist/compiled/next-server/app-page.runtime.prod.js:12:135349)
    at listOnTimeout (node:internal/timers:605:17) {
  digest: '2101114011'
}

Error occurred prerendering page "/ar/locations/wadi-al-dawasir/manufacturing". Read more: https://nextjs.org/docs/messages/prerender-error

TypeError: Cannot read properties of undefined (reading 'map')
    at f (/Users/ahmedsalem/Desktop/all my projects/uneom.com/.next/server/app/ar/locations/[city]/[industry]/page.js:1:8960)
    at eh (/Users/ahmedsalem/Desktop/all my projects/uneom.com/node_modules/next/dist/compiled/next-server/app-page.runtime.prod.js:12:134660)
    at e (/Users/ahmedsalem/Desktop/all my projects/uneom.com/node_modules/next/dist/compiled/next-server/app-page.runtime.prod.js:12:137545)
    at ek (/Users/ahmedsalem/Desktop/all my projects/uneom.com/node_modules/next/dist/compiled/next-server/app-page.runtime.prod.js:12:138019)
    at Array.toJSON (/Users/ahmedsalem/Desktop/all my projects/uneom.com/node_modules/next/dist/compiled/next-server/app-page.runtime.prod.js:12:135629)
    at stringify (<anonymous>)
    at eP (/Users/ahmedsalem/Desktop/all my projects/uneom.com/node_modules/next/dist/compiled/next-server/app-page.runtime.prod.js:12:142093)
    at eE (/Users/ahmedsalem/Desktop/all my projects/uneom.com/node_modules/next/dist/compiled/next-server/app-page.runtime.prod.js:12:142572)
    at AsyncLocalStorage.run (node:internal/async_local_storage/async_context_frame:63:14)
    at Timeout._onTimeout (/Users/ahmedsalem/Desktop/all my projects/uneom.com/node_modules/next/dist/compiled/next-server/app-page.runtime.prod.js:12:150373)
TypeError: Cannot read properties of undefined (reading 'map')
    at f (/Users/ahmedsalem/Desktop/all my projects/uneom.com/.next/server/app/ar/locations/[city]/[industry]/page.js:1:8960)
    at eh (/Users/ahmedsalem/Desktop/all my projects/uneom.com/node_modules/next/dist/compiled/next-server/app-page.runtime.prod.js:12:134660)
    at e (/Users/ahmedsalem/Desktop/all my projects/uneom.com/node_modules/next/dist/compiled/next-server/app-page.runtime.prod.js:12:137545)
    at ek (/Users/ahmedsalem/Desktop/all my projects/uneom.com/node_modules/next/dist/compiled/next-server/app-page.runtime.prod.js:12:138019)
    at Array.toJSON (/Users/ahmedsalem/Desktop/all my projects/uneom.com/node_modules/next/dist/compiled/next-server/app-page.runtime.prod.js:12:135629)
    at stringify (<anonymous>)
    at eP (/Users/ahmedsalem/Desktop/all my projects/uneom.com/node_modules/next/dist/compiled/next-server/app-page.runtime.prod.js:12:142093)
    at eE (/Users/ahmedsalem/Desktop/all my projects/uneom.com/node_modules/next/dist/compiled/next-server/app-page.runtime.prod.js:12:142572)
    at AsyncLocalStorage.run (node:internal/async_local_storage/async_context_frame:63:14)
    at Timeout._onTimeout (/Users/ahmedsalem/Desktop/all my projects/uneom.com/node_modules/next/dist/compiled/next-server/app-page.runtime.prod.js:12:150373) {
  digest: '3731830276'
}
TypeError: Cannot read properties of undefined (reading 'map')
    at f (/Users/ahmedsalem/Desktop/all my projects/uneom.com/.next/server/app/ar/locations/[city]/[industry]/page.js:1:8960)
    at eh (/Users/ahmedsalem/Desktop/all my projects/uneom.com/node_modules/next/dist/compiled/next-server/app-page.runtime.prod.js:12:134660)
    at e (/Users/ahmedsalem/Desktop/all my projects/uneom.com/node_modules/next/dist/compiled/next-server/app-page.runtime.prod.js:12:137545)
    at ek (/Users/ahmedsalem/Desktop/all my projects/uneom.com/node_modules/next/dist/compiled/next-server/app-page.runtime.prod.js:12:138019)
    at Array.toJSON (/Users/ahmedsalem/Desktop/all my projects/uneom.com/node_modules/next/dist/compiled/next-server/app-page.runtime.prod.js:12:135629)
    at stringify (<anonymous>)
    at eP (/Users/ahmedsalem/Desktop/all my projects/uneom.com/node_modules/next/dist/compiled/next-server/app-page.runtime.prod.js:12:142093)
    at eE (/Users/ahmedsalem/Desktop/all my projects/uneom.com/node_modules/next/dist/compiled/next-server/app-page.runtime.prod.js:12:142572)
    at Timeout._onTimeout (/Users/ahmedsalem/Desktop/all my projects/uneom.com/node_modules/next/dist/compiled/next-server/app-page.runtime.prod.js:12:135349)
    at listOnTimeout (node:internal/timers:605:17) {
  digest: '2101114011'
}

Error occurred prerendering page "/ar/locations/wadi-al-dawasir/factory-industry". Read more: https://nextjs.org/docs/messages/prerender-error

TypeError: Cannot read properties of undefined (reading 'map')
    at f (/Users/ahmedsalem/Desktop/all my projects/uneom.com/.next/server/app/ar/locations/[city]/[industry]/page.js:1:8960)
    at eh (/Users/ahmedsalem/Desktop/all my projects/uneom.com/node_modules/next/dist/compiled/next-server/app-page.runtime.prod.js:12:134660)
    at e (/Users/ahmedsalem/Desktop/all my projects/uneom.com/node_modules/next/dist/compiled/next-server/app-page.runtime.prod.js:12:137545)
    at ek (/Users/ahmedsalem/Desktop/all my projects/uneom.com/node_modules/next/dist/compiled/next-server/app-page.runtime.prod.js:12:138019)
    at Array.toJSON (/Users/ahmedsalem/Desktop/all my projects/uneom.com/node_modules/next/dist/compiled/next-server/app-page.runtime.prod.js:12:135629)
    at stringify (<anonymous>)
    at eP (/Users/ahmedsalem/Desktop/all my projects/uneom.com/node_modules/next/dist/compiled/next-server/app-page.runtime.prod.js:12:142093)
    at eE (/Users/ahmedsalem/Desktop/all my projects/uneom.com/node_modules/next/dist/compiled/next-server/app-page.runtime.prod.js:12:142572)
    at AsyncLocalStorage.run (node:internal/async_local_storage/async_context_frame:63:14)
    at Timeout._onTimeout (/Users/ahmedsalem/Desktop/all my projects/uneom.com/node_modules/next/dist/compiled/next-server/app-page.runtime.prod.js:12:150373)
TypeError: Cannot read properties of undefined (reading 'map')
    at f (/Users/ahmedsalem/Desktop/all my projects/uneom.com/.next/server/app/ar/locations/[city]/[industry]/page.js:1:8960)
    at eh (/Users/ahmedsalem/Desktop/all my projects/uneom.com/node_modules/next/dist/compiled/next-server/app-page.runtime.prod.js:12:134660)
    at e (/Users/ahmedsalem/Desktop/all my projects/uneom.com/node_modules/next/dist/compiled/next-server/app-page.runtime.prod.js:12:137545)
    at ek (/Users/ahmedsalem/Desktop/all my projects/uneom.com/node_modules/next/dist/compiled/next-server/app-page.runtime.prod.js:12:138019)
    at Array.toJSON (/Users/ahmedsalem/Desktop/all my projects/uneom.com/node_modules/next/dist/compiled/next-server/app-page.runtime.prod.js:12:135629)
    at stringify (<anonymous>)
    at eP (/Users/ahmedsalem/Desktop/all my projects/uneom.com/node_modules/next/dist/compiled/next-server/app-page.runtime.prod.js:12:142093)
    at eE (/Users/ahmedsalem/Desktop/all my projects/uneom.com/node_modules/next/dist/compiled/next-server/app-page.runtime.prod.js:12:142572)
    at AsyncLocalStorage.run (node:internal/async_local_storage/async_context_frame:63:14)
    at Timeout._onTimeout (/Users/ahmedsalem/Desktop/all my projects/uneom.com/node_modules/next/dist/compiled/next-server/app-page.runtime.prod.js:12:150373) {
  digest: '3731830276'
}
TypeError: Cannot read properties of undefined (reading 'map')
    at f (/Users/ahmedsalem/Desktop/all my projects/uneom.com/.next/server/app/ar/locations/[city]/[industry]/page.js:1:8960)
    at eh (/Users/ahmedsalem/Desktop/all my projects/uneom.com/node_modules/next/dist/compiled/next-server/app-page.runtime.prod.js:12:134660)
    at e (/Users/ahmedsalem/Desktop/all my projects/uneom.com/node_modules/next/dist/compiled/next-server/app-page.runtime.prod.js:12:137545)
    at ek (/Users/ahmedsalem/Desktop/all my projects/uneom.com/node_modules/next/dist/compiled/next-server/app-page.runtime.prod.js:12:138019)
    at Array.toJSON (/Users/ahmedsalem/Desktop/all my projects/uneom.com/node_modules/next/dist/compiled/next-server/app-page.runtime.prod.js:12:135629)
    at stringify (<anonymous>)
    at eP (/Users/ahmedsalem/Desktop/all my projects/uneom.com/node_modules/next/dist/compiled/next-server/app-page.runtime.prod.js:12:142093)
    at eE (/Users/ahmedsalem/Desktop/all my projects/uneom.com/node_modules/next/dist/compiled/next-server/app-page.runtime.prod.js:12:142572)
    at Timeout._onTimeout (/Users/ahmedsalem/Desktop/all my projects/uneom.com/node_modules/next/dist/compiled/next-server/app-page.runtime.prod.js:12:135349)
    at listOnTimeout (node:internal/timers:605:17) {
  digest: '2101114011'
}

Error occurred prerendering page "/ar/locations/wadi-al-dawasir/security". Read more: https://nextjs.org/docs/messages/prerender-error

TypeError: Cannot read properties of undefined (reading 'map')
    at f (/Users/ahmedsalem/Desktop/all my projects/uneom.com/.next/server/app/ar/locations/[city]/[industry]/page.js:1:8960)
    at eh (/Users/ahmedsalem/Desktop/all my projects/uneom.com/node_modules/next/dist/compiled/next-server/app-page.runtime.prod.js:12:134660)
    at e (/Users/ahmedsalem/Desktop/all my projects/uneom.com/node_modules/next/dist/compiled/next-server/app-page.runtime.prod.js:12:137545)
    at ek (/Users/ahmedsalem/Desktop/all my projects/uneom.com/node_modules/next/dist/compiled/next-server/app-page.runtime.prod.js:12:138019)
    at Array.toJSON (/Users/ahmedsalem/Desktop/all my projects/uneom.com/node_modules/next/dist/compiled/next-server/app-page.runtime.prod.js:12:135629)
    at stringify (<anonymous>)
    at eP (/Users/ahmedsalem/Desktop/all my projects/uneom.com/node_modules/next/dist/compiled/next-server/app-page.runtime.prod.js:12:142093)
    at eE (/Users/ahmedsalem/Desktop/all my projects/uneom.com/node_modules/next/dist/compiled/next-server/app-page.runtime.prod.js:12:142572)
    at AsyncLocalStorage.run (node:internal/async_local_storage/async_context_frame:63:14)
    at Timeout._onTimeout (/Users/ahmedsalem/Desktop/all my projects/uneom.com/node_modules/next/dist/compiled/next-server/app-page.runtime.prod.js:12:150373)
TypeError: Cannot read properties of undefined (reading 'map')
    at f (/Users/ahmedsalem/Desktop/all my projects/uneom.com/.next/server/app/ar/locations/[city]/[industry]/page.js:1:8960)
    at eh (/Users/ahmedsalem/Desktop/all my projects/uneom.com/node_modules/next/dist/compiled/next-server/app-page.runtime.prod.js:12:134660)
    at e (/Users/ahmedsalem/Desktop/all my projects/uneom.com/node_modules/next/dist/compiled/next-server/app-page.runtime.prod.js:12:137545)
    at ek (/Users/ahmedsalem/Desktop/all my projects/uneom.com/node_modules/next/dist/compiled/next-server/app-page.runtime.prod.js:12:138019)
    at Array.toJSON (/Users/ahmedsalem/Desktop/all my projects/uneom.com/node_modules/next/dist/compiled/next-server/app-page.runtime.prod.js:12:135629)
    at stringify (<anonymous>)
    at eP (/Users/ahmedsalem/Desktop/all my projects/uneom.com/node_modules/next/dist/compiled/next-server/app-page.runtime.prod.js:12:142093)
    at eE (/Users/ahmedsalem/Desktop/all my projects/uneom.com/node_modules/next/dist/compiled/next-server/app-page.runtime.prod.js:12:142572)
    at AsyncLocalStorage.run (node:internal/async_local_storage/async_context_frame:63:14)
    at Timeout._onTimeout (/Users/ahmedsalem/Desktop/all my projects/uneom.com/node_modules/next/dist/compiled/next-server/app-page.runtime.prod.js:12:150373) {
  digest: '3731830276'
}
TypeError: Cannot read properties of undefined (reading 'map')
    at f (/Users/ahmedsalem/Desktop/all my projects/uneom.com/.next/server/app/ar/locations/[city]/[industry]/page.js:1:8960)
    at eh (/Users/ahmedsalem/Desktop/all my projects/uneom.com/node_modules/next/dist/compiled/next-server/app-page.runtime.prod.js:12:134660)
    at e (/Users/ahmedsalem/Desktop/all my projects/uneom.com/node_modules/next/dist/compiled/next-server/app-page.runtime.prod.js:12:137545)
    at ek (/Users/ahmedsalem/Desktop/all my projects/uneom.com/node_modules/next/dist/compiled/next-server/app-page.runtime.prod.js:12:138019)
    at Array.toJSON (/Users/ahmedsalem/Desktop/all my projects/uneom.com/node_modules/next/dist/compiled/next-server/app-page.runtime.prod.js:12:135629)
    at stringify (<anonymous>)
    at eP (/Users/ahmedsalem/Desktop/all my projects/uneom.com/node_modules/next/dist/compiled/next-server/app-page.runtime.prod.js:12:142093)
    at eE (/Users/ahmedsalem/Desktop/all my projects/uneom.com/node_modules/next/dist/compiled/next-server/app-page.runtime.prod.js:12:142572)
    at Timeout._onTimeout (/Users/ahmedsalem/Desktop/all my projects/uneom.com/node_modules/next/dist/compiled/next-server/app-page.runtime.prod.js:12:135349)
    at listOnTimeout (node:internal/timers:605:17) {
  digest: '2101114011'
}

Error occurred prerendering page "/ar/locations/wadi-al-dawasir/supply-manufacturing". Read more: https://nextjs.org/docs/messages/prerender-error

TypeError: Cannot read properties of undefined (reading 'map')
    at f (/Users/ahmedsalem/Desktop/all my projects/uneom.com/.next/server/app/ar/locations/[city]/[industry]/page.js:1:8960)
    at eh (/Users/ahmedsalem/Desktop/all my projects/uneom.com/node_modules/next/dist/compiled/next-server/app-page.runtime.prod.js:12:134660)
    at e (/Users/ahmedsalem/Desktop/all my projects/uneom.com/node_modules/next/dist/compiled/next-server/app-page.runtime.prod.js:12:137545)
    at ek (/Users/ahmedsalem/Desktop/all my projects/uneom.com/node_modules/next/dist/compiled/next-server/app-page.runtime.prod.js:12:138019)
    at Array.toJSON (/Users/ahmedsalem/Desktop/all my projects/uneom.com/node_modules/next/dist/compiled/next-server/app-page.runtime.prod.js:12:135629)
    at stringify (<anonymous>)
    at eP (/Users/ahmedsalem/Desktop/all my projects/uneom.com/node_modules/next/dist/compiled/next-server/app-page.runtime.prod.js:12:142093)
    at eE (/Users/ahmedsalem/Desktop/all my projects/uneom.com/node_modules/next/dist/compiled/next-server/app-page.runtime.prod.js:12:142572)
    at AsyncLocalStorage.run (node:internal/async_local_storage/async_context_frame:63:14)
    at Timeout._onTimeout (/Users/ahmedsalem/Desktop/all my projects/uneom.com/node_modules/next/dist/compiled/next-server/app-page.runtime.prod.js:12:150373)
TypeError: Cannot read properties of undefined (reading 'map')
    at f (/Users/ahmedsalem/Desktop/all my projects/uneom.com/.next/server/app/ar/locations/[city]/[industry]/page.js:1:8960)
    at eh (/Users/ahmedsalem/Desktop/all my projects/uneom.com/node_modules/next/dist/compiled/next-server/app-page.runtime.prod.js:12:134660)
    at e (/Users/ahmedsalem/Desktop/all my projects/uneom.com/node_modules/next/dist/compiled/next-server/app-page.runtime.prod.js:12:137545)
    at ek (/Users/ahmedsalem/Desktop/all my projects/uneom.com/node_modules/next/dist/compiled/next-server/app-page.runtime.prod.js:12:138019)
    at Array.toJSON (/Users/ahmedsalem/Desktop/all my projects/uneom.com/node_modules/next/dist/compiled/next-server/app-page.runtime.prod.js:12:135629)
    at stringify (<anonymous>)
    at eP (/Users/ahmedsalem/Desktop/all my projects/uneom.com/node_modules/next/dist/compiled/next-server/app-page.runtime.prod.js:12:142093)
    at eE (/Users/ahmedsalem/Desktop/all my projects/uneom.com/node_modules/next/dist/compiled/next-server/app-page.runtime.prod.js:12:142572)
    at AsyncLocalStorage.run (node:internal/async_local_storage/async_context_frame:63:14)
    at Timeout._onTimeout (/Users/ahmedsalem/Desktop/all my projects/uneom.com/node_modules/next/dist/compiled/next-server/app-page.runtime.prod.js:12:150373) {
  digest: '3731830276'
}
TypeError: Cannot read properties of undefined (reading 'map')
    at f (/Users/ahmedsalem/Desktop/all my projects/uneom.com/.next/server/app/ar/locations/[city]/[industry]/page.js:1:8960)
    at eh (/Users/ahmedsalem/Desktop/all my projects/uneom.com/node_modules/next/dist/compiled/next-server/app-page.runtime.prod.js:12:134660)
    at e (/Users/ahmedsalem/Desktop/all my projects/uneom.com/node_modules/next/dist/compiled/next-server/app-page.runtime.prod.js:12:137545)
    at ek (/Users/ahmedsalem/Desktop/all my projects/uneom.com/node_modules/next/dist/compiled/next-server/app-page.runtime.prod.js:12:138019)
    at Array.toJSON (/Users/ahmedsalem/Desktop/all my projects/uneom.com/node_modules/next/dist/compiled/next-server/app-page.runtime.prod.js:12:135629)
    at stringify (<anonymous>)
    at eP (/Users/ahmedsalem/Desktop/all my projects/uneom.com/node_modules/next/dist/compiled/next-server/app-page.runtime.prod.js:12:142093)
    at eE (/Users/ahmedsalem/Desktop/all my projects/uneom.com/node_modules/next/dist/compiled/next-server/app-page.runtime.prod.js:12:142572)
    at Timeout._onTimeout (/Users/ahmedsalem/Desktop/all my projects/uneom.com/node_modules/next/dist/compiled/next-server/app-page.runtime.prod.js:12:135349)
    at listOnTimeout (node:internal/timers:605:17) {
  digest: '2101114011'
}

Error occurred prerendering page "/ar/locations/wadi-al-dawasir/retail-shops". Read more: https://nextjs.org/docs/messages/prerender-error

TypeError: Cannot read properties of undefined (reading 'map')
    at f (/Users/ahmedsalem/Desktop/all my projects/uneom.com/.next/server/app/ar/locations/[city]/[industry]/page.js:1:8960)
    at eh (/Users/ahmedsalem/Desktop/all my projects/uneom.com/node_modules/next/dist/compiled/next-server/app-page.runtime.prod.js:12:134660)
    at e (/Users/ahmedsalem/Desktop/all my projects/uneom.com/node_modules/next/dist/compiled/next-server/app-page.runtime.prod.js:12:137545)
    at ek (/Users/ahmedsalem/Desktop/all my projects/uneom.com/node_modules/next/dist/compiled/next-server/app-page.runtime.prod.js:12:138019)
    at Array.toJSON (/Users/ahmedsalem/Desktop/all my projects/uneom.com/node_modules/next/dist/compiled/next-server/app-page.runtime.prod.js:12:135629)
    at stringify (<anonymous>)
    at eP (/Users/ahmedsalem/Desktop/all my projects/uneom.com/node_modules/next/dist/compiled/next-server/app-page.runtime.prod.js:12:142093)
    at eE (/Users/ahmedsalem/Desktop/all my projects/uneom.com/node_modules/next/dist/compiled/next-server/app-page.runtime.prod.js:12:142572)
    at AsyncLocalStorage.run (node:internal/async_local_storage/async_context_frame:63:14)
    at Timeout._onTimeout (/Users/ahmedsalem/Desktop/all my projects/uneom.com/node_modules/next/dist/compiled/next-server/app-page.runtime.prod.js:12:150373)
   Generating static pages (438/876) 
TypeError: Cannot read properties of undefined (reading 'toLowerCase')
    at b (/Users/ahmedsalem/Desktop/all my projects/uneom.com/.next/server/app/locations/[city]/[industry]/page.js:1:4337)
    at eh (/Users/ahmedsalem/Desktop/all my projects/uneom.com/node_modules/next/dist/compiled/next-server/app-page.runtime.prod.js:12:134660)
    at e (/Users/ahmedsalem/Desktop/all my projects/uneom.com/node_modules/next/dist/compiled/next-server/app-page.runtime.prod.js:12:137545)
    at ek (/Users/ahmedsalem/Desktop/all my projects/uneom.com/node_modules/next/dist/compiled/next-server/app-page.runtime.prod.js:12:138019)
    at Array.toJSON (/Users/ahmedsalem/Desktop/all my projects/uneom.com/node_modules/next/dist/compiled/next-server/app-page.runtime.prod.js:12:135629)
    at stringify (<anonymous>)
    at eP (/Users/ahmedsalem/Desktop/all my projects/uneom.com/node_modules/next/dist/compiled/next-server/app-page.runtime.prod.js:12:142093)
    at eE (/Users/ahmedsalem/Desktop/all my projects/uneom.com/node_modules/next/dist/compiled/next-server/app-page.runtime.prod.js:12:142572)
    at AsyncLocalStorage.run (node:internal/async_local_storage/async_context_frame:63:14)
    at Timeout._onTimeout (/Users/ahmedsalem/Desktop/all my projects/uneom.com/node_modules/next/dist/compiled/next-server/app-page.runtime.prod.js:12:150373) {
  digest: '785353560'
}
TypeError: Cannot read properties of undefined (reading 'toLowerCase')
    at b (/Users/ahmedsalem/Desktop/all my projects/uneom.com/.next/server/app/locations/[city]/[industry]/page.js:1:4337)
    at eh (/Users/ahmedsalem/Desktop/all my projects/uneom.com/node_modules/next/dist/compiled/next-server/app-page.runtime.prod.js:12:134660)
    at e (/Users/ahmedsalem/Desktop/all my projects/uneom.com/node_modules/next/dist/compiled/next-server/app-page.runtime.prod.js:12:137545)
    at ek (/Users/ahmedsalem/Desktop/all my projects/uneom.com/node_modules/next/dist/compiled/next-server/app-page.runtime.prod.js:12:138019)
    at Array.toJSON (/Users/ahmedsalem/Desktop/all my projects/uneom.com/node_modules/next/dist/compiled/next-server/app-page.runtime.prod.js:12:135629)
    at stringify (<anonymous>)
    at eP (/Users/ahmedsalem/Desktop/all my projects/uneom.com/node_modules/next/dist/compiled/next-server/app-page.runtime.prod.js:12:142093)
    at eE (/Users/ahmedsalem/Desktop/all my projects/uneom.com/node_modules/next/dist/compiled/next-server/app-page.runtime.prod.js:12:142572)
    at AsyncLocalStorage.run (node:internal/async_local_storage/async_context_frame:63:14)
    at Timeout._onTimeout (/Users/ahmedsalem/Desktop/all my projects/uneom.com/node_modules/next/dist/compiled/next-server/app-page.runtime.prod.js:12:150373) {
  digest: '785353560'
}
TypeError: Cannot read properties of undefined (reading 'toLowerCase')
    at b (/Users/ahmedsalem/Desktop/all my projects/uneom.com/.next/server/app/locations/[city]/[industry]/page.js:1:4337)
    at eh (/Users/ahmedsalem/Desktop/all my projects/uneom.com/node_modules/next/dist/compiled/next-server/app-page.runtime.prod.js:12:134660)
    at e (/Users/ahmedsalem/Desktop/all my projects/uneom.com/node_modules/next/dist/compiled/next-server/app-page.runtime.prod.js:12:137545)
    at ek (/Users/ahmedsalem/Desktop/all my projects/uneom.com/node_modules/next/dist/compiled/next-server/app-page.runtime.prod.js:12:138019)
    at Array.toJSON (/Users/ahmedsalem/Desktop/all my projects/uneom.com/node_modules/next/dist/compiled/next-server/app-page.runtime.prod.js:12:135629)
    at stringify (<anonymous>)
    at eP (/Users/ahmedsalem/Desktop/all my projects/uneom.com/node_modules/next/dist/compiled/next-server/app-page.runtime.prod.js:12:142093)
    at eE (/Users/ahmedsalem/Desktop/all my projects/uneom.com/node_modules/next/dist/compiled/next-server/app-page.runtime.prod.js:12:142572)
    at Timeout._onTimeout (/Users/ahmedsalem/Desktop/all my projects/uneom.com/node_modules/next/dist/compiled/next-server/app-page.runtime.prod.js:12:135349)
    at listOnTimeout (node:internal/timers:605:17) {
  digest: '2151575143'
}
TypeError: Cannot read properties of undefined (reading 'toLowerCase')
    at b (/Users/ahmedsalem/Desktop/all my projects/uneom.com/.next/server/app/locations/[city]/[industry]/page.js:1:4337)
    at eh (/Users/ahmedsalem/Desktop/all my projects/uneom.com/node_modules/next/dist/compiled/next-server/app-page.runtime.prod.js:12:134660)
    at e (/Users/ahmedsalem/Desktop/all my projects/uneom.com/node_modules/next/dist/compiled/next-server/app-page.runtime.prod.js:12:137545)
    at ek (/Users/ahmedsalem/Desktop/all my projects/uneom.com/node_modules/next/dist/compiled/next-server/app-page.runtime.prod.js:12:138019)
    at Array.toJSON (/Users/ahmedsalem/Desktop/all my projects/uneom.com/node_modules/next/dist/compiled/next-server/app-page.runtime.prod.js:12:135629)
    at stringify (<anonymous>)
    at eP (/Users/ahmedsalem/Desktop/all my projects/uneom.com/node_modules/next/dist/compiled/next-server/app-page.runtime.prod.js:12:142093)
    at eE (/Users/ahmedsalem/Desktop/all my projects/uneom.com/node_modules/next/dist/compiled/next-server/app-page.runtime.prod.js:12:142572)
    at Timeout._onTimeout (/Users/ahmedsalem/Desktop/all my projects/uneom.com/node_modules/next/dist/compiled/next-server/app-page.runtime.prod.js:12:135349)
    at listOnTimeout (node:internal/timers:605:17) {
  digest: '2151575143'
}
TypeError: Cannot read properties of undefined (reading 'toLowerCase')
    at Module.y (/Users/ahmedsalem/Desktop/all my projects/uneom.com/.next/server/app/locations/[city]/[industry]/page.js:1:2657)
    at /Users/ahmedsalem/Desktop/all my projects/uneom.com/node_modules/next/dist/compiled/next-server/app-page.runtime.prod.js:12:227525
    at /Users/ahmedsalem/Desktop/all my projects/uneom.com/node_modules/next/dist/server/lib/trace/tracer.js:140:36
    at NoopContextManager.with (/Users/ahmedsalem/Desktop/all my projects/uneom.com/node_modules/next/dist/compiled/@opentelemetry/api/index.js:1:7062)
    at ContextAPI.with (/Users/ahmedsalem/Desktop/all my projects/uneom.com/node_modules/next/dist/compiled/@opentelemetry/api/index.js:1:518)
    at NoopTracer.startActiveSpan (/Users/ahmedsalem/Desktop/all my projects/uneom.com/node_modules/next/dist/compiled/@opentelemetry/api/index.js:1:18093)
    at ProxyTracer.startActiveSpan (/Users/ahmedsalem/Desktop/all my projects/uneom.com/node_modules/next/dist/compiled/@opentelemetry/api/index.js:1:18854)
    at /Users/ahmedsalem/Desktop/all my projects/uneom.com/node_modules/next/dist/server/lib/trace/tracer.js:122:103
    at NoopContextManager.with (/Users/ahmedsalem/Desktop/all my projects/uneom.com/node_modules/next/dist/compiled/@opentelemetry/api/index.js:1:7062)
    at ContextAPI.with (/Users/ahmedsalem/Desktop/all my projects/uneom.com/node_modules/next/dist/compiled/@opentelemetry/api/index.js:1:518) {
  digest: '2592674761'
}
TypeError: Cannot read properties of undefined (reading 'toLowerCase')
    at Module.y (/Users/ahmedsalem/Desktop/all my projects/uneom.com/.next/server/app/locations/[city]/[industry]/page.js:1:2657)
    at /Users/ahmedsalem/Desktop/all my projects/uneom.com/node_modules/next/dist/compiled/next-server/app-page.runtime.prod.js:12:227525
    at /Users/ahmedsalem/Desktop/all my projects/uneom.com/node_modules/next/dist/server/lib/trace/tracer.js:140:36
    at NoopContextManager.with (/Users/ahmedsalem/Desktop/all my projects/uneom.com/node_modules/next/dist/compiled/@opentelemetry/api/index.js:1:7062)
    at ContextAPI.with (/Users/ahmedsalem/Desktop/all my projects/uneom.com/node_modules/next/dist/compiled/@opentelemetry/api/index.js:1:518)
    at NoopTracer.startActiveSpan (/Users/ahmedsalem/Desktop/all my projects/uneom.com/node_modules/next/dist/compiled/@opentelemetry/api/index.js:1:18093)
    at ProxyTracer.startActiveSpan (/Users/ahmedsalem/Desktop/all my projects/uneom.com/node_modules/next/dist/compiled/@opentelemetry/api/index.js:1:18854)
    at /Users/ahmedsalem/Desktop/all my projects/uneom.com/node_modules/next/dist/server/lib/trace/tracer.js:122:103
    at NoopContextManager.with (/Users/ahmedsalem/Desktop/all my projects/uneom.com/node_modules/next/dist/compiled/@opentelemetry/api/index.js:1:7062)
    at ContextAPI.with (/Users/ahmedsalem/Desktop/all my projects/uneom.com/node_modules/next/dist/compiled/@opentelemetry/api/index.js:1:518) {
  digest: '2592674761'
}
TypeError: Cannot read properties of undefined (reading 'toLowerCase')
    at Module.y (/Users/ahmedsalem/Desktop/all my projects/uneom.com/.next/server/app/locations/[city]/[industry]/page.js:1:2657)
    at /Users/ahmedsalem/Desktop/all my projects/uneom.com/node_modules/next/dist/compiled/next-server/app-page.runtime.prod.js:12:227525
    at /Users/ahmedsalem/Desktop/all my projects/uneom.com/node_modules/next/dist/server/lib/trace/tracer.js:140:36
    at NoopContextManager.with (/Users/ahmedsalem/Desktop/all my projects/uneom.com/node_modules/next/dist/compiled/@opentelemetry/api/index.js:1:7062)
    at ContextAPI.with (/Users/ahmedsalem/Desktop/all my projects/uneom.com/node_modules/next/dist/compiled/@opentelemetry/api/index.js:1:518)
    at NoopTracer.startActiveSpan (/Users/ahmedsalem/Desktop/all my projects/uneom.com/node_modules/next/dist/compiled/@opentelemetry/api/index.js:1:18093)
    at ProxyTracer.startActiveSpan (/Users/ahmedsalem/Desktop/all my projects/uneom.com/node_modules/next/dist/compiled/@opentelemetry/api/index.js:1:18854)
    at /Users/ahmedsalem/Desktop/all my projects/uneom.com/node_modules/next/dist/server/lib/trace/tracer.js:122:103
    at NoopContextManager.with (/Users/ahmedsalem/Desktop/all my projects/uneom.com/node_modules/next/dist/compiled/@opentelemetry/api/index.js:1:7062)
    at ContextAPI.with (/Users/ahmedsalem/Desktop/all my projects/uneom.com/node_modules/next/dist/compiled/@opentelemetry/api/index.js:1:518) {
  digest: '2592674761'
}
TypeError: Cannot read properties of undefined (reading 'toLowerCase')
    at Module.y (/Users/ahmedsalem/Desktop/all my projects/uneom.com/.next/server/app/locations/[city]/[industry]/page.js:1:2657)
    at /Users/ahmedsalem/Desktop/all my projects/uneom.com/node_modules/next/dist/compiled/next-server/app-page.runtime.prod.js:12:227525
    at /Users/ahmedsalem/Desktop/all my projects/uneom.com/node_modules/next/dist/server/lib/trace/tracer.js:140:36
    at NoopContextManager.with (/Users/ahmedsalem/Desktop/all my projects/uneom.com/node_modules/next/dist/compiled/@opentelemetry/api/index.js:1:7062)
    at ContextAPI.with (/Users/ahmedsalem/Desktop/all my projects/uneom.com/node_modules/next/dist/compiled/@opentelemetry/api/index.js:1:518)
    at NoopTracer.startActiveSpan (/Users/ahmedsalem/Desktop/all my projects/uneom.com/node_modules/next/dist/compiled/@opentelemetry/api/index.js:1:18093)
    at ProxyTracer.startActiveSpan (/Users/ahmedsalem/Desktop/all my projects/uneom.com/node_modules/next/dist/compiled/@opentelemetry/api/index.js:1:18854)
    at /Users/ahmedsalem/Desktop/all my projects/uneom.com/node_modules/next/dist/server/lib/trace/tracer.js:122:103
    at NoopContextManager.with (/Users/ahmedsalem/Desktop/all my projects/uneom.com/node_modules/next/dist/compiled/@opentelemetry/api/index.js:1:7062)
    at ContextAPI.with (/Users/ahmedsalem/Desktop/all my projects/uneom.com/node_modules/next/dist/compiled/@opentelemetry/api/index.js:1:518) {
  digest: '2592674761'
}

Error occurred prerendering page "/locations/riyadh/healthcare". Read more: https://nextjs.org/docs/messages/prerender-error

TypeError: Cannot read properties of undefined (reading 'toLowerCase')
    at b (/Users/ahmedsalem/Desktop/all my projects/uneom.com/.next/server/app/locations/[city]/[industry]/page.js:1:4337)
    at eh (/Users/ahmedsalem/Desktop/all my projects/uneom.com/node_modules/next/dist/compiled/next-server/app-page.runtime.prod.js:12:134660)
    at e (/Users/ahmedsalem/Desktop/all my projects/uneom.com/node_modules/next/dist/compiled/next-server/app-page.runtime.prod.js:12:137545)
    at ek (/Users/ahmedsalem/Desktop/all my projects/uneom.com/node_modules/next/dist/compiled/next-server/app-page.runtime.prod.js:12:138019)
    at Array.toJSON (/Users/ahmedsalem/Desktop/all my projects/uneom.com/node_modules/next/dist/compiled/next-server/app-page.runtime.prod.js:12:135629)
    at stringify (<anonymous>)
    at eP (/Users/ahmedsalem/Desktop/all my projects/uneom.com/node_modules/next/dist/compiled/next-server/app-page.runtime.prod.js:12:142093)
    at eE (/Users/ahmedsalem/Desktop/all my projects/uneom.com/node_modules/next/dist/compiled/next-server/app-page.runtime.prod.js:12:142572)
    at AsyncLocalStorage.run (node:internal/async_local_storage/async_context_frame:63:14)
    at Timeout._onTimeout (/Users/ahmedsalem/Desktop/all my projects/uneom.com/node_modules/next/dist/compiled/next-server/app-page.runtime.prod.js:12:150373)

Error occurred prerendering page "/locations/riyadh/hospitality". Read more: https://nextjs.org/docs/messages/prerender-error

TypeError: Cannot read properties of undefined (reading 'toLowerCase')
    at b (/Users/ahmedsalem/Desktop/all my projects/uneom.com/.next/server/app/locations/[city]/[industry]/page.js:1:4337)
    at eh (/Users/ahmedsalem/Desktop/all my projects/uneom.com/node_modules/next/dist/compiled/next-server/app-page.runtime.prod.js:12:134660)
    at e (/Users/ahmedsalem/Desktop/all my projects/uneom.com/node_modules/next/dist/compiled/next-server/app-page.runtime.prod.js:12:137545)
    at ek (/Users/ahmedsalem/Desktop/all my projects/uneom.com/node_modules/next/dist/compiled/next-server/app-page.runtime.prod.js:12:138019)
    at Array.toJSON (/Users/ahmedsalem/Desktop/all my projects/uneom.com/node_modules/next/dist/compiled/next-server/app-page.runtime.prod.js:12:135629)
    at stringify (<anonymous>)
    at eP (/Users/ahmedsalem/Desktop/all my projects/uneom.com/node_modules/next/dist/compiled/next-server/app-page.runtime.prod.js:12:142093)
    at eE (/Users/ahmedsalem/Desktop/all my projects/uneom.com/node_modules/next/dist/compiled/next-server/app-page.runtime.prod.js:12:142572)
    at AsyncLocalStorage.run (node:internal/async_local_storage/async_context_frame:63:14)
    at Timeout._onTimeout (/Users/ahmedsalem/Desktop/all my projects/uneom.com/node_modules/next/dist/compiled/next-server/app-page.runtime.prod.js:12:150373)
TypeError: Cannot read properties of undefined (reading 'toLowerCase')
    at b (/Users/ahmedsalem/Desktop/all my projects/uneom.com/.next/server/app/locations/[city]/[industry]/page.js:1:4337)
    at eh (/Users/ahmedsalem/Desktop/all my projects/uneom.com/node_modules/next/dist/compiled/next-server/app-page.runtime.prod.js:12:134660)
    at e (/Users/ahmedsalem/Desktop/all my projects/uneom.com/node_modules/next/dist/compiled/next-server/app-page.runtime.prod.js:12:137545)
    at ek (/Users/ahmedsalem/Desktop/all my projects/uneom.com/node_modules/next/dist/compiled/next-server/app-page.runtime.prod.js:12:138019)
    at Array.toJSON (/Users/ahmedsalem/Desktop/all my projects/uneom.com/node_modules/next/dist/compiled/next-server/app-page.runtime.prod.js:12:135629)
    at stringify (<anonymous>)
    at eP (/Users/ahmedsalem/Desktop/all my projects/uneom.com/node_modules/next/dist/compiled/next-server/app-page.runtime.prod.js:12:142093)
    at eE (/Users/ahmedsalem/Desktop/all my projects/uneom.com/node_modules/next/dist/compiled/next-server/app-page.runtime.prod.js:12:142572)
    at AsyncLocalStorage.run (node:internal/async_local_storage/async_context_frame:63:14)
    at Timeout._onTimeout (/Users/ahmedsalem/Desktop/all my projects/uneom.com/node_modules/next/dist/compiled/next-server/app-page.runtime.prod.js:12:150373) {
  digest: '785353560'
}
TypeError: Cannot read properties of undefined (reading 'toLowerCase')
    at b (/Users/ahmedsalem/Desktop/all my projects/uneom.com/.next/server/app/locations/[city]/[industry]/page.js:1:4337)
    at eh (/Users/ahmedsalem/Desktop/all my projects/uneom.com/node_modules/next/dist/compiled/next-server/app-page.runtime.prod.js:12:134660)
    at e (/Users/ahmedsalem/Desktop/all my projects/uneom.com/node_modules/next/dist/compiled/next-server/app-page.runtime.prod.js:12:137545)
    at ek (/Users/ahmedsalem/Desktop/all my projects/uneom.com/node_modules/next/dist/compiled/next-server/app-page.runtime.prod.js:12:138019)
    at Array.toJSON (/Users/ahmedsalem/Desktop/all my projects/uneom.com/node_modules/next/dist/compiled/next-server/app-page.runtime.prod.js:12:135629)
    at stringify (<anonymous>)
    at eP (/Users/ahmedsalem/Desktop/all my projects/uneom.com/node_modules/next/dist/compiled/next-server/app-page.runtime.prod.js:12:142093)
    at eE (/Users/ahmedsalem/Desktop/all my projects/uneom.com/node_modules/next/dist/compiled/next-server/app-page.runtime.prod.js:12:142572)
    at AsyncLocalStorage.run (node:internal/async_local_storage/async_context_frame:63:14)
    at Timeout._onTimeout (/Users/ahmedsalem/Desktop/all my projects/uneom.com/node_modules/next/dist/compiled/next-server/app-page.runtime.prod.js:12:150373) {
  digest: '785353560'
}
TypeError: Cannot read properties of undefined (reading 'toLowerCase')
    at b (/Users/ahmedsalem/Desktop/all my projects/uneom.com/.next/server/app/locations/[city]/[industry]/page.js:1:4337)
    at eh (/Users/ahmedsalem/Desktop/all my projects/uneom.com/node_modules/next/dist/compiled/next-server/app-page.runtime.prod.js:12:134660)
    at e (/Users/ahmedsalem/Desktop/all my projects/uneom.com/node_modules/next/dist/compiled/next-server/app-page.runtime.prod.js:12:137545)
    at ek (/Users/ahmedsalem/Desktop/all my projects/uneom.com/node_modules/next/dist/compiled/next-server/app-page.runtime.prod.js:12:138019)
    at Array.toJSON (/Users/ahmedsalem/Desktop/all my projects/uneom.com/node_modules/next/dist/compiled/next-server/app-page.runtime.prod.js:12:135629)
    at stringify (<anonymous>)
    at eP (/Users/ahmedsalem/Desktop/all my projects/uneom.com/node_modules/next/dist/compiled/next-server/app-page.runtime.prod.js:12:142093)
    at eE (/Users/ahmedsalem/Desktop/all my projects/uneom.com/node_modules/next/dist/compiled/next-server/app-page.runtime.prod.js:12:142572)
    at Timeout._onTimeout (/Users/ahmedsalem/Desktop/all my projects/uneom.com/node_modules/next/dist/compiled/next-server/app-page.runtime.prod.js:12:135349)
    at listOnTimeout (node:internal/timers:605:17) {
  digest: '2151575143'
}
TypeError: Cannot read properties of undefined (reading 'toLowerCase')
    at Module.y (/Users/ahmedsalem/Desktop/all my projects/uneom.com/.next/server/app/locations/[city]/[industry]/page.js:1:2657)
    at /Users/ahmedsalem/Desktop/all my projects/uneom.com/node_modules/next/dist/compiled/next-server/app-page.runtime.prod.js:12:227525
    at /Users/ahmedsalem/Desktop/all my projects/uneom.com/node_modules/next/dist/server/lib/trace/tracer.js:140:36
    at NoopContextManager.with (/Users/ahmedsalem/Desktop/all my projects/uneom.com/node_modules/next/dist/compiled/@opentelemetry/api/index.js:1:7062)
    at ContextAPI.with (/Users/ahmedsalem/Desktop/all my projects/uneom.com/node_modules/next/dist/compiled/@opentelemetry/api/index.js:1:518)
    at NoopTracer.startActiveSpan (/Users/ahmedsalem/Desktop/all my projects/uneom.com/node_modules/next/dist/compiled/@opentelemetry/api/index.js:1:18093)
    at ProxyTracer.startActiveSpan (/Users/ahmedsalem/Desktop/all my projects/uneom.com/node_modules/next/dist/compiled/@opentelemetry/api/index.js:1:18854)
    at /Users/ahmedsalem/Desktop/all my projects/uneom.com/node_modules/next/dist/server/lib/trace/tracer.js:122:103
    at NoopContextManager.with (/Users/ahmedsalem/Desktop/all my projects/uneom.com/node_modules/next/dist/compiled/@opentelemetry/api/index.js:1:7062)
    at ContextAPI.with (/Users/ahmedsalem/Desktop/all my projects/uneom.com/node_modules/next/dist/compiled/@opentelemetry/api/index.js:1:518) {
  digest: '2592674761'
}
TypeError: Cannot read properties of undefined (reading 'toLowerCase')
    at Module.y (/Users/ahmedsalem/Desktop/all my projects/uneom.com/.next/server/app/locations/[city]/[industry]/page.js:1:2657)
    at /Users/ahmedsalem/Desktop/all my projects/uneom.com/node_modules/next/dist/compiled/next-server/app-page.runtime.prod.js:12:227525
    at /Users/ahmedsalem/Desktop/all my projects/uneom.com/node_modules/next/dist/server/lib/trace/tracer.js:140:36
    at NoopContextManager.with (/Users/ahmedsalem/Desktop/all my projects/uneom.com/node_modules/next/dist/compiled/@opentelemetry/api/index.js:1:7062)
    at ContextAPI.with (/Users/ahmedsalem/Desktop/all my projects/uneom.com/node_modules/next/dist/compiled/@opentelemetry/api/index.js:1:518)
    at NoopTracer.startActiveSpan (/Users/ahmedsalem/Desktop/all my projects/uneom.com/node_modules/next/dist/compiled/@opentelemetry/api/index.js:1:18093)
    at ProxyTracer.startActiveSpan (/Users/ahmedsalem/Desktop/all my projects/uneom.com/node_modules/next/dist/compiled/@opentelemetry/api/index.js:1:18854)
    at /Users/ahmedsalem/Desktop/all my projects/uneom.com/node_modules/next/dist/server/lib/trace/tracer.js:122:103
    at NoopContextManager.with (/Users/ahmedsalem/Desktop/all my projects/uneom.com/node_modules/next/dist/compiled/@opentelemetry/api/index.js:1:7062)
    at ContextAPI.with (/Users/ahmedsalem/Desktop/all my projects/uneom.com/node_modules/next/dist/compiled/@opentelemetry/api/index.js:1:518) {
  digest: '2592674761'
}

Error occurred prerendering page "/locations/riyadh/aviation". Read more: https://nextjs.org/docs/messages/prerender-error

TypeError: Cannot read properties of undefined (reading 'toLowerCase')
    at b (/Users/ahmedsalem/Desktop/all my projects/uneom.com/.next/server/app/locations/[city]/[industry]/page.js:1:4337)
    at eh (/Users/ahmedsalem/Desktop/all my projects/uneom.com/node_modules/next/dist/compiled/next-server/app-page.runtime.prod.js:12:134660)
    at e (/Users/ahmedsalem/Desktop/all my projects/uneom.com/node_modules/next/dist/compiled/next-server/app-page.runtime.prod.js:12:137545)
    at ek (/Users/ahmedsalem/Desktop/all my projects/uneom.com/node_modules/next/dist/compiled/next-server/app-page.runtime.prod.js:12:138019)
    at Array.toJSON (/Users/ahmedsalem/Desktop/all my projects/uneom.com/node_modules/next/dist/compiled/next-server/app-page.runtime.prod.js:12:135629)
    at stringify (<anonymous>)
    at eP (/Users/ahmedsalem/Desktop/all my projects/uneom.com/node_modules/next/dist/compiled/next-server/app-page.runtime.prod.js:12:142093)
    at eE (/Users/ahmedsalem/Desktop/all my projects/uneom.com/node_modules/next/dist/compiled/next-server/app-page.runtime.prod.js:12:142572)
    at AsyncLocalStorage.run (node:internal/async_local_storage/async_context_frame:63:14)
    at Timeout._onTimeout (/Users/ahmedsalem/Desktop/all my projects/uneom.com/node_modules/next/dist/compiled/next-server/app-page.runtime.prod.js:12:150373)
TypeError: Cannot read properties of undefined (reading 'toLowerCase')
    at b (/Users/ahmedsalem/Desktop/all my projects/uneom.com/.next/server/app/locations/[city]/[industry]/page.js:1:4337)
    at eh (/Users/ahmedsalem/Desktop/all my projects/uneom.com/node_modules/next/dist/compiled/next-server/app-page.runtime.prod.js:12:134660)
    at e (/Users/ahmedsalem/Desktop/all my projects/uneom.com/node_modules/next/dist/compiled/next-server/app-page.runtime.prod.js:12:137545)
    at ek (/Users/ahmedsalem/Desktop/all my projects/uneom.com/node_modules/next/dist/compiled/next-server/app-page.runtime.prod.js:12:138019)
    at Array.toJSON (/Users/ahmedsalem/Desktop/all my projects/uneom.com/node_modules/next/dist/compiled/next-server/app-page.runtime.prod.js:12:135629)
    at stringify (<anonymous>)
    at eP (/Users/ahmedsalem/Desktop/all my projects/uneom.com/node_modules/next/dist/compiled/next-server/app-page.runtime.prod.js:12:142093)
    at eE (/Users/ahmedsalem/Desktop/all my projects/uneom.com/node_modules/next/dist/compiled/next-server/app-page.runtime.prod.js:12:142572)
    at Timeout._onTimeout (/Users/ahmedsalem/Desktop/all my projects/uneom.com/node_modules/next/dist/compiled/next-server/app-page.runtime.prod.js:12:135349)
    at listOnTimeout (node:internal/timers:605:17) {
  digest: '2151575143'
}
TypeError: Cannot read properties of undefined (reading 'toLowerCase')
    at Module.y (/Users/ahmedsalem/Desktop/all my projects/uneom.com/.next/server/app/locations/[city]/[industry]/page.js:1:2657)
    at /Users/ahmedsalem/Desktop/all my projects/uneom.com/node_modules/next/dist/compiled/next-server/app-page.runtime.prod.js:12:227525
    at /Users/ahmedsalem/Desktop/all my projects/uneom.com/node_modules/next/dist/server/lib/trace/tracer.js:140:36
    at NoopContextManager.with (/Users/ahmedsalem/Desktop/all my projects/uneom.com/node_modules/next/dist/compiled/@opentelemetry/api/index.js:1:7062)
    at ContextAPI.with (/Users/ahmedsalem/Desktop/all my projects/uneom.com/node_modules/next/dist/compiled/@opentelemetry/api/index.js:1:518)
    at NoopTracer.startActiveSpan (/Users/ahmedsalem/Desktop/all my projects/uneom.com/node_modules/next/dist/compiled/@opentelemetry/api/index.js:1:18093)
    at ProxyTracer.startActiveSpan (/Users/ahmedsalem/Desktop/all my projects/uneom.com/node_modules/next/dist/compiled/@opentelemetry/api/index.js:1:18854)
    at /Users/ahmedsalem/Desktop/all my projects/uneom.com/node_modules/next/dist/server/lib/trace/tracer.js:122:103
    at NoopContextManager.with (/Users/ahmedsalem/Desktop/all my projects/uneom.com/node_modules/next/dist/compiled/@opentelemetry/api/index.js:1:7062)
    at ContextAPI.with (/Users/ahmedsalem/Desktop/all my projects/uneom.com/node_modules/next/dist/compiled/@opentelemetry/api/index.js:1:518) {
  digest: '2592674761'
}
TypeError: Cannot read properties of undefined (reading 'toLowerCase')
    at Module.y (/Users/ahmedsalem/Desktop/all my projects/uneom.com/.next/server/app/locations/[city]/[industry]/page.js:1:2657)
    at /Users/ahmedsalem/Desktop/all my projects/uneom.com/node_modules/next/dist/compiled/next-server/app-page.runtime.prod.js:12:227525
    at /Users/ahmedsalem/Desktop/all my projects/uneom.com/node_modules/next/dist/server/lib/trace/tracer.js:140:36
    at NoopContextManager.with (/Users/ahmedsalem/Desktop/all my projects/uneom.com/node_modules/next/dist/compiled/@opentelemetry/api/index.js:1:7062)
    at ContextAPI.with (/Users/ahmedsalem/Desktop/all my projects/uneom.com/node_modules/next/dist/compiled/@opentelemetry/api/index.js:1:518)
    at NoopTracer.startActiveSpan (/Users/ahmedsalem/Desktop/all my projects/uneom.com/node_modules/next/dist/compiled/@opentelemetry/api/index.js:1:18093)
    at ProxyTracer.startActiveSpan (/Users/ahmedsalem/Desktop/all my projects/uneom.com/node_modules/next/dist/compiled/@opentelemetry/api/index.js:1:18854)
    at /Users/ahmedsalem/Desktop/all my projects/uneom.com/node_modules/next/dist/server/lib/trace/tracer.js:122:103
    at NoopContextManager.with (/Users/ahmedsalem/Desktop/all my projects/uneom.com/node_modules/next/dist/compiled/@opentelemetry/api/index.js:1:7062)
    at ContextAPI.with (/Users/ahmedsalem/Desktop/all my projects/uneom.com/node_modules/next/dist/compiled/@opentelemetry/api/index.js:1:518) {
  digest: '2592674761'
}

Error occurred prerendering page "/locations/riyadh/manufacturing". Read more: https://nextjs.org/docs/messages/prerender-error

TypeError: Cannot read properties of undefined (reading 'toLowerCase')
    at b (/Users/ahmedsalem/Desktop/all my projects/uneom.com/.next/server/app/locations/[city]/[industry]/page.js:1:4337)
    at eh (/Users/ahmedsalem/Desktop/all my projects/uneom.com/node_modules/next/dist/compiled/next-server/app-page.runtime.prod.js:12:134660)
    at e (/Users/ahmedsalem/Desktop/all my projects/uneom.com/node_modules/next/dist/compiled/next-server/app-page.runtime.prod.js:12:137545)
    at ek (/Users/ahmedsalem/Desktop/all my projects/uneom.com/node_modules/next/dist/compiled/next-server/app-page.runtime.prod.js:12:138019)
    at Array.toJSON (/Users/ahmedsalem/Desktop/all my projects/uneom.com/node_modules/next/dist/compiled/next-server/app-page.runtime.prod.js:12:135629)
    at stringify (<anonymous>)
    at eP (/Users/ahmedsalem/Desktop/all my projects/uneom.com/node_modules/next/dist/compiled/next-server/app-page.runtime.prod.js:12:142093)
    at eE (/Users/ahmedsalem/Desktop/all my projects/uneom.com/node_modules/next/dist/compiled/next-server/app-page.runtime.prod.js:12:142572)
    at AsyncLocalStorage.run (node:internal/async_local_storage/async_context_frame:63:14)
    at Timeout._onTimeout (/Users/ahmedsalem/Desktop/all my projects/uneom.com/node_modules/next/dist/compiled/next-server/app-page.runtime.prod.js:12:150373)
TypeError: Cannot read properties of undefined (reading 'toLowerCase')
    at b (/Users/ahmedsalem/Desktop/all my projects/uneom.com/.next/server/app/locations/[city]/[industry]/page.js:1:4337)
    at eh (/Users/ahmedsalem/Desktop/all my projects/uneom.com/node_modules/next/dist/compiled/next-server/app-page.runtime.prod.js:12:134660)
    at e (/Users/ahmedsalem/Desktop/all my projects/uneom.com/node_modules/next/dist/compiled/next-server/app-page.runtime.prod.js:12:137545)
    at ek (/Users/ahmedsalem/Desktop/all my projects/uneom.com/node_modules/next/dist/compiled/next-server/app-page.runtime.prod.js:12:138019)
    at Array.toJSON (/Users/ahmedsalem/Desktop/all my projects/uneom.com/node_modules/next/dist/compiled/next-server/app-page.runtime.prod.js:12:135629)
    at stringify (<anonymous>)
    at eP (/Users/ahmedsalem/Desktop/all my projects/uneom.com/node_modules/next/dist/compiled/next-server/app-page.runtime.prod.js:12:142093)
    at eE (/Users/ahmedsalem/Desktop/all my projects/uneom.com/node_modules/next/dist/compiled/next-server/app-page.runtime.prod.js:12:142572)
    at AsyncLocalStorage.run (node:internal/async_local_storage/async_context_frame:63:14)
    at Timeout._onTimeout (/Users/ahmedsalem/Desktop/all my projects/uneom.com/node_modules/next/dist/compiled/next-server/app-page.runtime.prod.js:12:150373) {
  digest: '785353560'
}
TypeError: Cannot read properties of undefined (reading 'toLowerCase')
    at b (/Users/ahmedsalem/Desktop/all my projects/uneom.com/.next/server/app/locations/[city]/[industry]/page.js:1:4337)
    at eh (/Users/ahmedsalem/Desktop/all my projects/uneom.com/node_modules/next/dist/compiled/next-server/app-page.runtime.prod.js:12:134660)
    at e (/Users/ahmedsalem/Desktop/all my projects/uneom.com/node_modules/next/dist/compiled/next-server/app-page.runtime.prod.js:12:137545)
    at ek (/Users/ahmedsalem/Desktop/all my projects/uneom.com/node_modules/next/dist/compiled/next-server/app-page.runtime.prod.js:12:138019)
    at Array.toJSON (/Users/ahmedsalem/Desktop/all my projects/uneom.com/node_modules/next/dist/compiled/next-server/app-page.runtime.prod.js:12:135629)
    at stringify (<anonymous>)
    at eP (/Users/ahmedsalem/Desktop/all my projects/uneom.com/node_modules/next/dist/compiled/next-server/app-page.runtime.prod.js:12:142093)
    at eE (/Users/ahmedsalem/Desktop/all my projects/uneom.com/node_modules/next/dist/compiled/next-server/app-page.runtime.prod.js:12:142572)
    at Timeout._onTimeout (/Users/ahmedsalem/Desktop/all my projects/uneom.com/node_modules/next/dist/compiled/next-server/app-page.runtime.prod.js:12:135349)
    at listOnTimeout (node:internal/timers:605:17) {
  digest: '2151575143'
}
TypeError: Cannot read properties of undefined (reading 'toLowerCase')
    at Module.y (/Users/ahmedsalem/Desktop/all my projects/uneom.com/.next/server/app/locations/[city]/[industry]/page.js:1:2657)
    at /Users/ahmedsalem/Desktop/all my projects/uneom.com/node_modules/next/dist/compiled/next-server/app-page.runtime.prod.js:12:227525
    at /Users/ahmedsalem/Desktop/all my projects/uneom.com/node_modules/next/dist/server/lib/trace/tracer.js:140:36
    at NoopContextManager.with (/Users/ahmedsalem/Desktop/all my projects/uneom.com/node_modules/next/dist/compiled/@opentelemetry/api/index.js:1:7062)
    at ContextAPI.with (/Users/ahmedsalem/Desktop/all my projects/uneom.com/node_modules/next/dist/compiled/@opentelemetry/api/index.js:1:518)
    at NoopTracer.startActiveSpan (/Users/ahmedsalem/Desktop/all my projects/uneom.com/node_modules/next/dist/compiled/@opentelemetry/api/index.js:1:18093)
    at ProxyTracer.startActiveSpan (/Users/ahmedsalem/Desktop/all my projects/uneom.com/node_modules/next/dist/compiled/@opentelemetry/api/index.js:1:18854)
    at /Users/ahmedsalem/Desktop/all my projects/uneom.com/node_modules/next/dist/server/lib/trace/tracer.js:122:103
    at NoopContextManager.with (/Users/ahmedsalem/Desktop/all my projects/uneom.com/node_modules/next/dist/compiled/@opentelemetry/api/index.js:1:7062)
    at ContextAPI.with (/Users/ahmedsalem/Desktop/all my projects/uneom.com/node_modules/next/dist/compiled/@opentelemetry/api/index.js:1:518) {
  digest: '2592674761'
}
TypeError: Cannot read properties of undefined (reading 'toLowerCase')
    at Module.y (/Users/ahmedsalem/Desktop/all my projects/uneom.com/.next/server/app/locations/[city]/[industry]/page.js:1:2657)
    at /Users/ahmedsalem/Desktop/all my projects/uneom.com/node_modules/next/dist/compiled/next-server/app-page.runtime.prod.js:12:227525
    at /Users/ahmedsalem/Desktop/all my projects/uneom.com/node_modules/next/dist/server/lib/trace/tracer.js:140:36
    at NoopContextManager.with (/Users/ahmedsalem/Desktop/all my projects/uneom.com/node_modules/next/dist/compiled/@opentelemetry/api/index.js:1:7062)
    at ContextAPI.with (/Users/ahmedsalem/Desktop/all my projects/uneom.com/node_modules/next/dist/compiled/@opentelemetry/api/index.js:1:518)
    at NoopTracer.startActiveSpan (/Users/ahmedsalem/Desktop/all my projects/uneom.com/node_modules/next/dist/compiled/@opentelemetry/api/index.js:1:18093)
    at ProxyTracer.startActiveSpan (/Users/ahmedsalem/Desktop/all my projects/uneom.com/node_modules/next/dist/compiled/@opentelemetry/api/index.js:1:18854)
    at /Users/ahmedsalem/Desktop/all my projects/uneom.com/node_modules/next/dist/server/lib/trace/tracer.js:122:103
    at NoopContextManager.with (/Users/ahmedsalem/Desktop/all my projects/uneom.com/node_modules/next/dist/compiled/@opentelemetry/api/index.js:1:7062)
    at ContextAPI.with (/Users/ahmedsalem/Desktop/all my projects/uneom.com/node_modules/next/dist/compiled/@opentelemetry/api/index.js:1:518) {
  digest: '2592674761'
}

Error occurred prerendering page "/locations/riyadh/corporate". Read more: https://nextjs.org/docs/messages/prerender-error

TypeError: Cannot read properties of undefined (reading 'toLowerCase')
    at b (/Users/ahmedsalem/Desktop/all my projects/uneom.com/.next/server/app/locations/[city]/[industry]/page.js:1:4337)
    at eh (/Users/ahmedsalem/Desktop/all my projects/uneom.com/node_modules/next/dist/compiled/next-server/app-page.runtime.prod.js:12:134660)
    at e (/Users/ahmedsalem/Desktop/all my projects/uneom.com/node_modules/next/dist/compiled/next-server/app-page.runtime.prod.js:12:137545)
    at ek (/Users/ahmedsalem/Desktop/all my projects/uneom.com/node_modules/next/dist/compiled/next-server/app-page.runtime.prod.js:12:138019)
    at Array.toJSON (/Users/ahmedsalem/Desktop/all my projects/uneom.com/node_modules/next/dist/compiled/next-server/app-page.runtime.prod.js:12:135629)
    at stringify (<anonymous>)
    at eP (/Users/ahmedsalem/Desktop/all my projects/uneom.com/node_modules/next/dist/compiled/next-server/app-page.runtime.prod.js:12:142093)
    at eE (/Users/ahmedsalem/Desktop/all my projects/uneom.com/node_modules/next/dist/compiled/next-server/app-page.runtime.prod.js:12:142572)
    at AsyncLocalStorage.run (node:internal/async_local_storage/async_context_frame:63:14)
    at Timeout._onTimeout (/Users/ahmedsalem/Desktop/all my projects/uneom.com/node_modules/next/dist/compiled/next-server/app-page.runtime.prod.js:12:150373)
TypeError: Cannot read properties of undefined (reading 'toLowerCase')
    at b (/Users/ahmedsalem/Desktop/all my projects/uneom.com/.next/server/app/locations/[city]/[industry]/page.js:1:4337)
    at eh (/Users/ahmedsalem/Desktop/all my projects/uneom.com/node_modules/next/dist/compiled/next-server/app-page.runtime.prod.js:12:134660)
    at e (/Users/ahmedsalem/Desktop/all my projects/uneom.com/node_modules/next/dist/compiled/next-server/app-page.runtime.prod.js:12:137545)
    at ek (/Users/ahmedsalem/Desktop/all my projects/uneom.com/node_modules/next/dist/compiled/next-server/app-page.runtime.prod.js:12:138019)
    at Array.toJSON (/Users/ahmedsalem/Desktop/all my projects/uneom.com/node_modules/next/dist/compiled/next-server/app-page.runtime.prod.js:12:135629)
    at stringify (<anonymous>)
    at eP (/Users/ahmedsalem/Desktop/all my projects/uneom.com/node_modules/next/dist/compiled/next-server/app-page.runtime.prod.js:12:142093)
    at eE (/Users/ahmedsalem/Desktop/all my projects/uneom.com/node_modules/next/dist/compiled/next-server/app-page.runtime.prod.js:12:142572)
    at AsyncLocalStorage.run (node:internal/async_local_storage/async_context_frame:63:14)
    at Timeout._onTimeout (/Users/ahmedsalem/Desktop/all my projects/uneom.com/node_modules/next/dist/compiled/next-server/app-page.runtime.prod.js:12:150373) {
  digest: '785353560'
}
TypeError: Cannot read properties of undefined (reading 'toLowerCase')
    at b (/Users/ahmedsalem/Desktop/all my projects/uneom.com/.next/server/app/locations/[city]/[industry]/page.js:1:4337)
    at eh (/Users/ahmedsalem/Desktop/all my projects/uneom.com/node_modules/next/dist/compiled/next-server/app-page.runtime.prod.js:12:134660)
    at e (/Users/ahmedsalem/Desktop/all my projects/uneom.com/node_modules/next/dist/compiled/next-server/app-page.runtime.prod.js:12:137545)
    at ek (/Users/ahmedsalem/Desktop/all my projects/uneom.com/node_modules/next/dist/compiled/next-server/app-page.runtime.prod.js:12:138019)
    at Array.toJSON (/Users/ahmedsalem/Desktop/all my projects/uneom.com/node_modules/next/dist/compiled/next-server/app-page.runtime.prod.js:12:135629)
    at stringify (<anonymous>)
    at eP (/Users/ahmedsalem/Desktop/all my projects/uneom.com/node_modules/next/dist/compiled/next-server/app-page.runtime.prod.js:12:142093)
    at eE (/Users/ahmedsalem/Desktop/all my projects/uneom.com/node_modules/next/dist/compiled/next-server/app-page.runtime.prod.js:12:142572)
    at Timeout._onTimeout (/Users/ahmedsalem/Desktop/all my projects/uneom.com/node_modules/next/dist/compiled/next-server/app-page.runtime.prod.js:12:135349)
    at listOnTimeout (node:internal/timers:605:17) {
  digest: '2151575143'
}
TypeError: Cannot read properties of undefined (reading 'toLowerCase')
    at Module.y (/Users/ahmedsalem/Desktop/all my projects/uneom.com/.next/server/app/locations/[city]/[industry]/page.js:1:2657)
    at /Users/ahmedsalem/Desktop/all my projects/uneom.com/node_modules/next/dist/compiled/next-server/app-page.runtime.prod.js:12:227525
    at /Users/ahmedsalem/Desktop/all my projects/uneom.com/node_modules/next/dist/server/lib/trace/tracer.js:140:36
    at NoopContextManager.with (/Users/ahmedsalem/Desktop/all my projects/uneom.com/node_modules/next/dist/compiled/@opentelemetry/api/index.js:1:7062)
    at ContextAPI.with (/Users/ahmedsalem/Desktop/all my projects/uneom.com/node_modules/next/dist/compiled/@opentelemetry/api/index.js:1:518)
    at NoopTracer.startActiveSpan (/Users/ahmedsalem/Desktop/all my projects/uneom.com/node_modules/next/dist/compiled/@opentelemetry/api/index.js:1:18093)
    at ProxyTracer.startActiveSpan (/Users/ahmedsalem/Desktop/all my projects/uneom.com/node_modules/next/dist/compiled/@opentelemetry/api/index.js:1:18854)
    at /Users/ahmedsalem/Desktop/all my projects/uneom.com/node_modules/next/dist/server/lib/trace/tracer.js:122:103
    at NoopContextManager.with (/Users/ahmedsalem/Desktop/all my projects/uneom.com/node_modules/next/dist/compiled/@opentelemetry/api/index.js:1:7062)
    at ContextAPI.with (/Users/ahmedsalem/Desktop/all my projects/uneom.com/node_modules/next/dist/compiled/@opentelemetry/api/index.js:1:518) {
  digest: '2592674761'
}
TypeError: Cannot read properties of undefined (reading 'toLowerCase')
    at Module.y (/Users/ahmedsalem/Desktop/all my projects/uneom.com/.next/server/app/locations/[city]/[industry]/page.js:1:2657)
    at /Users/ahmedsalem/Desktop/all my projects/uneom.com/node_modules/next/dist/compiled/next-server/app-page.runtime.prod.js:12:227525
    at /Users/ahmedsalem/Desktop/all my projects/uneom.com/node_modules/next/dist/server/lib/trace/tracer.js:140:36
    at NoopContextManager.with (/Users/ahmedsalem/Desktop/all my projects/uneom.com/node_modules/next/dist/compiled/@opentelemetry/api/index.js:1:7062)
    at ContextAPI.with (/Users/ahmedsalem/Desktop/all my projects/uneom.com/node_modules/next/dist/compiled/@opentelemetry/api/index.js:1:518)
    at NoopTracer.startActiveSpan (/Users/ahmedsalem/Desktop/all my projects/uneom.com/node_modules/next/dist/compiled/@opentelemetry/api/index.js:1:18093)
    at ProxyTracer.startActiveSpan (/Users/ahmedsalem/Desktop/all my projects/uneom.com/node_modules/next/dist/compiled/@opentelemetry/api/index.js:1:18854)
    at /Users/ahmedsalem/Desktop/all my projects/uneom.com/node_modules/next/dist/server/lib/trace/tracer.js:122:103
    at NoopContextManager.with (/Users/ahmedsalem/Desktop/all my projects/uneom.com/node_modules/next/dist/compiled/@opentelemetry/api/index.js:1:7062)
    at ContextAPI.with (/Users/ahmedsalem/Desktop/all my projects/uneom.com/node_modules/next/dist/compiled/@opentelemetry/api/index.js:1:518) {
  digest: '2592674761'
}

Error occurred prerendering page "/locations/riyadh/education". Read more: https://nextjs.org/docs/messages/prerender-error

TypeError: Cannot read properties of undefined (reading 'toLowerCase')
    at b (/Users/ahmedsalem/Desktop/all my projects/uneom.com/.next/server/app/locations/[city]/[industry]/page.js:1:4337)
    at eh (/Users/ahmedsalem/Desktop/all my projects/uneom.com/node_modules/next/dist/compiled/next-server/app-page.runtime.prod.js:12:134660)
    at e (/Users/ahmedsalem/Desktop/all my projects/uneom.com/node_modules/next/dist/compiled/next-server/app-page.runtime.prod.js:12:137545)
    at ek (/Users/ahmedsalem/Desktop/all my projects/uneom.com/node_modules/next/dist/compiled/next-server/app-page.runtime.prod.js:12:138019)
    at Array.toJSON (/Users/ahmedsalem/Desktop/all my projects/uneom.com/node_modules/next/dist/compiled/next-server/app-page.runtime.prod.js:12:135629)
    at stringify (<anonymous>)
    at eP (/Users/ahmedsalem/Desktop/all my projects/uneom.com/node_modules/next/dist/compiled/next-server/app-page.runtime.prod.js:12:142093)
    at eE (/Users/ahmedsalem/Desktop/all my projects/uneom.com/node_modules/next/dist/compiled/next-server/app-page.runtime.prod.js:12:142572)
    at AsyncLocalStorage.run (node:internal/async_local_storage/async_context_frame:63:14)
    at Timeout._onTimeout (/Users/ahmedsalem/Desktop/all my projects/uneom.com/node_modules/next/dist/compiled/next-server/app-page.runtime.prod.js:12:150373)
TypeError: Cannot read properties of undefined (reading 'toLowerCase')
    at b (/Users/ahmedsalem/Desktop/all my projects/uneom.com/.next/server/app/locations/[city]/[industry]/page.js:1:4337)
    at eh (/Users/ahmedsalem/Desktop/all my projects/uneom.com/node_modules/next/dist/compiled/next-server/app-page.runtime.prod.js:12:134660)
    at e (/Users/ahmedsalem/Desktop/all my projects/uneom.com/node_modules/next/dist/compiled/next-server/app-page.runtime.prod.js:12:137545)
    at ek (/Users/ahmedsalem/Desktop/all my projects/uneom.com/node_modules/next/dist/compiled/next-server/app-page.runtime.prod.js:12:138019)
    at Array.toJSON (/Users/ahmedsalem/Desktop/all my projects/uneom.com/node_modules/next/dist/compiled/next-server/app-page.runtime.prod.js:12:135629)
    at stringify (<anonymous>)
    at eP (/Users/ahmedsalem/Desktop/all my projects/uneom.com/node_modules/next/dist/compiled/next-server/app-page.runtime.prod.js:12:142093)
    at eE (/Users/ahmedsalem/Desktop/all my projects/uneom.com/node_modules/next/dist/compiled/next-server/app-page.runtime.prod.js:12:142572)
    at AsyncLocalStorage.run (node:internal/async_local_storage/async_context_frame:63:14)
    at Timeout._onTimeout (/Users/ahmedsalem/Desktop/all my projects/uneom.com/node_modules/next/dist/compiled/next-server/app-page.runtime.prod.js:12:150373) {
  digest: '785353560'
}
TypeError: Cannot read properties of undefined (reading 'toLowerCase')
    at b (/Users/ahmedsalem/Desktop/all my projects/uneom.com/.next/server/app/locations/[city]/[industry]/page.js:1:4337)
    at eh (/Users/ahmedsalem/Desktop/all my projects/uneom.com/node_modules/next/dist/compiled/next-server/app-page.runtime.prod.js:12:134660)
    at e (/Users/ahmedsalem/Desktop/all my projects/uneom.com/node_modules/next/dist/compiled/next-server/app-page.runtime.prod.js:12:137545)
    at ek (/Users/ahmedsalem/Desktop/all my projects/uneom.com/node_modules/next/dist/compiled/next-server/app-page.runtime.prod.js:12:138019)
    at Array.toJSON (/Users/ahmedsalem/Desktop/all my projects/uneom.com/node_modules/next/dist/compiled/next-server/app-page.runtime.prod.js:12:135629)
    at stringify (<anonymous>)
    at eP (/Users/ahmedsalem/Desktop/all my projects/uneom.com/node_modules/next/dist/compiled/next-server/app-page.runtime.prod.js:12:142093)
    at eE (/Users/ahmedsalem/Desktop/all my projects/uneom.com/node_modules/next/dist/compiled/next-server/app-page.runtime.prod.js:12:142572)
    at Timeout._onTimeout (/Users/ahmedsalem/Desktop/all my projects/uneom.com/node_modules/next/dist/compiled/next-server/app-page.runtime.prod.js:12:135349)
    at listOnTimeout (node:internal/timers:605:17) {
  digest: '2151575143'
}
TypeError: Cannot read properties of undefined (reading 'toLowerCase')
    at Module.y (/Users/ahmedsalem/Desktop/all my projects/uneom.com/.next/server/app/locations/[city]/[industry]/page.js:1:2657)
    at /Users/ahmedsalem/Desktop/all my projects/uneom.com/node_modules/next/dist/compiled/next-server/app-page.runtime.prod.js:12:227525
    at /Users/ahmedsalem/Desktop/all my projects/uneom.com/node_modules/next/dist/server/lib/trace/tracer.js:140:36
    at NoopContextManager.with (/Users/ahmedsalem/Desktop/all my projects/uneom.com/node_modules/next/dist/compiled/@opentelemetry/api/index.js:1:7062)
    at ContextAPI.with (/Users/ahmedsalem/Desktop/all my projects/uneom.com/node_modules/next/dist/compiled/@opentelemetry/api/index.js:1:518)
    at NoopTracer.startActiveSpan (/Users/ahmedsalem/Desktop/all my projects/uneom.com/node_modules/next/dist/compiled/@opentelemetry/api/index.js:1:18093)
    at ProxyTracer.startActiveSpan (/Users/ahmedsalem/Desktop/all my projects/uneom.com/node_modules/next/dist/compiled/@opentelemetry/api/index.js:1:18854)
    at /Users/ahmedsalem/Desktop/all my projects/uneom.com/node_modules/next/dist/server/lib/trace/tracer.js:122:103
    at NoopContextManager.with (/Users/ahmedsalem/Desktop/all my projects/uneom.com/node_modules/next/dist/compiled/@opentelemetry/api/index.js:1:7062)
    at ContextAPI.with (/Users/ahmedsalem/Desktop/all my projects/uneom.com/node_modules/next/dist/compiled/@opentelemetry/api/index.js:1:518) {
  digest: '2592674761'
}
TypeError: Cannot read properties of undefined (reading 'toLowerCase')
    at Module.y (/Users/ahmedsalem/Desktop/all my projects/uneom.com/.next/server/app/locations/[city]/[industry]/page.js:1:2657)
    at /Users/ahmedsalem/Desktop/all my projects/uneom.com/node_modules/next/dist/compiled/next-server/app-page.runtime.prod.js:12:227525
    at /Users/ahmedsalem/Desktop/all my projects/uneom.com/node_modules/next/dist/server/lib/trace/tracer.js:140:36
    at NoopContextManager.with (/Users/ahmedsalem/Desktop/all my projects/uneom.com/node_modules/next/dist/compiled/@opentelemetry/api/index.js:1:7062)
    at ContextAPI.with (/Users/ahmedsalem/Desktop/all my projects/uneom.com/node_modules/next/dist/compiled/@opentelemetry/api/index.js:1:518)
    at NoopTracer.startActiveSpan (/Users/ahmedsalem/Desktop/all my projects/uneom.com/node_modules/next/dist/compiled/@opentelemetry/api/index.js:1:18093)
    at ProxyTracer.startActiveSpan (/Users/ahmedsalem/Desktop/all my projects/uneom.com/node_modules/next/dist/compiled/@opentelemetry/api/index.js:1:18854)
    at /Users/ahmedsalem/Desktop/all my projects/uneom.com/node_modules/next/dist/server/lib/trace/tracer.js:122:103
    at NoopContextManager.with (/Users/ahmedsalem/Desktop/all my projects/uneom.com/node_modules/next/dist/compiled/@opentelemetry/api/index.js:1:7062)
    at ContextAPI.with (/Users/ahmedsalem/Desktop/all my projects/uneom.com/node_modules/next/dist/compiled/@opentelemetry/api/index.js:1:518) {
  digest: '2592674761'
}

Error occurred prerendering page "/locations/riyadh/security". Read more: https://nextjs.org/docs/messages/prerender-error

TypeError: Cannot read properties of undefined (reading 'toLowerCase')
    at b (/Users/ahmedsalem/Desktop/all my projects/uneom.com/.next/server/app/locations/[city]/[industry]/page.js:1:4337)
    at eh (/Users/ahmedsalem/Desktop/all my projects/uneom.com/node_modules/next/dist/compiled/next-server/app-page.runtime.prod.js:12:134660)
    at e (/Users/ahmedsalem/Desktop/all my projects/uneom.com/node_modules/next/dist/compiled/next-server/app-page.runtime.prod.js:12:137545)
    at ek (/Users/ahmedsalem/Desktop/all my projects/uneom.com/node_modules/next/dist/compiled/next-server/app-page.runtime.prod.js:12:138019)
    at Array.toJSON (/Users/ahmedsalem/Desktop/all my projects/uneom.com/node_modules/next/dist/compiled/next-server/app-page.runtime.prod.js:12:135629)
    at stringify (<anonymous>)
    at eP (/Users/ahmedsalem/Desktop/all my projects/uneom.com/node_modules/next/dist/compiled/next-server/app-page.runtime.prod.js:12:142093)
    at eE (/Users/ahmedsalem/Desktop/all my projects/uneom.com/node_modules/next/dist/compiled/next-server/app-page.runtime.prod.js:12:142572)
    at AsyncLocalStorage.run (node:internal/async_local_storage/async_context_frame:63:14)
    at Timeout._onTimeout (/Users/ahmedsalem/Desktop/all my projects/uneom.com/node_modules/next/dist/compiled/next-server/app-page.runtime.prod.js:12:150373)
TypeError: Cannot read properties of undefined (reading 'toLowerCase')
    at b (/Users/ahmedsalem/Desktop/all my projects/uneom.com/.next/server/app/locations/[city]/[industry]/page.js:1:4337)
    at eh (/Users/ahmedsalem/Desktop/all my projects/uneom.com/node_modules/next/dist/compiled/next-server/app-page.runtime.prod.js:12:134660)
    at e (/Users/ahmedsalem/Desktop/all my projects/uneom.com/node_modules/next/dist/compiled/next-server/app-page.runtime.prod.js:12:137545)
    at ek (/Users/ahmedsalem/Desktop/all my projects/uneom.com/node_modules/next/dist/compiled/next-server/app-page.runtime.prod.js:12:138019)
    at Array.toJSON (/Users/ahmedsalem/Desktop/all my projects/uneom.com/node_modules/next/dist/compiled/next-server/app-page.runtime.prod.js:12:135629)
    at stringify (<anonymous>)
    at eP (/Users/ahmedsalem/Desktop/all my projects/uneom.com/node_modules/next/dist/compiled/next-server/app-page.runtime.prod.js:12:142093)
    at eE (/Users/ahmedsalem/Desktop/all my projects/uneom.com/node_modules/next/dist/compiled/next-server/app-page.runtime.prod.js:12:142572)
    at AsyncLocalStorage.run (node:internal/async_local_storage/async_context_frame:63:14)
    at Timeout._onTimeout (/Users/ahmedsalem/Desktop/all my projects/uneom.com/node_modules/next/dist/compiled/next-server/app-page.runtime.prod.js:12:150373) {
  digest: '785353560'
}
TypeError: Cannot read properties of undefined (reading 'toLowerCase')
    at b (/Users/ahmedsalem/Desktop/all my projects/uneom.com/.next/server/app/locations/[city]/[industry]/page.js:1:4337)
    at eh (/Users/ahmedsalem/Desktop/all my projects/uneom.com/node_modules/next/dist/compiled/next-server/app-page.runtime.prod.js:12:134660)
    at e (/Users/ahmedsalem/Desktop/all my projects/uneom.com/node_modules/next/dist/compiled/next-server/app-page.runtime.prod.js:12:137545)
    at ek (/Users/ahmedsalem/Desktop/all my projects/uneom.com/node_modules/next/dist/compiled/next-server/app-page.runtime.prod.js:12:138019)
    at Array.toJSON (/Users/ahmedsalem/Desktop/all my projects/uneom.com/node_modules/next/dist/compiled/next-server/app-page.runtime.prod.js:12:135629)
    at stringify (<anonymous>)
    at eP (/Users/ahmedsalem/Desktop/all my projects/uneom.com/node_modules/next/dist/compiled/next-server/app-page.runtime.prod.js:12:142093)
    at eE (/Users/ahmedsalem/Desktop/all my projects/uneom.com/node_modules/next/dist/compiled/next-server/app-page.runtime.prod.js:12:142572)
    at Timeout._onTimeout (/Users/ahmedsalem/Desktop/all my projects/uneom.com/node_modules/next/dist/compiled/next-server/app-page.runtime.prod.js:12:135349)
    at listOnTimeout (node:internal/timers:605:17) {
  digest: '2151575143'
}
TypeError: Cannot read properties of undefined (reading 'toLowerCase')
    at Module.y (/Users/ahmedsalem/Desktop/all my projects/uneom.com/.next/server/app/locations/[city]/[industry]/page.js:1:2657)
    at /Users/ahmedsalem/Desktop/all my projects/uneom.com/node_modules/next/dist/compiled/next-server/app-page.runtime.prod.js:12:227525
    at /Users/ahmedsalem/Desktop/all my projects/uneom.com/node_modules/next/dist/server/lib/trace/tracer.js:140:36
    at NoopContextManager.with (/Users/ahmedsalem/Desktop/all my projects/uneom.com/node_modules/next/dist/compiled/@opentelemetry/api/index.js:1:7062)
    at ContextAPI.with (/Users/ahmedsalem/Desktop/all my projects/uneom.com/node_modules/next/dist/compiled/@opentelemetry/api/index.js:1:518)
    at NoopTracer.startActiveSpan (/Users/ahmedsalem/Desktop/all my projects/uneom.com/node_modules/next/dist/compiled/@opentelemetry/api/index.js:1:18093)
    at ProxyTracer.startActiveSpan (/Users/ahmedsalem/Desktop/all my projects/uneom.com/node_modules/next/dist/compiled/@opentelemetry/api/index.js:1:18854)
    at /Users/ahmedsalem/Desktop/all my projects/uneom.com/node_modules/next/dist/server/lib/trace/tracer.js:122:103
    at NoopContextManager.with (/Users/ahmedsalem/Desktop/all my projects/uneom.com/node_modules/next/dist/compiled/@opentelemetry/api/index.js:1:7062)
    at ContextAPI.with (/Users/ahmedsalem/Desktop/all my projects/uneom.com/node_modules/next/dist/compiled/@opentelemetry/api/index.js:1:518) {
  digest: '2592674761'
}
TypeError: Cannot read properties of undefined (reading 'toLowerCase')
    at Module.y (/Users/ahmedsalem/Desktop/all my projects/uneom.com/.next/server/app/locations/[city]/[industry]/page.js:1:2657)
    at /Users/ahmedsalem/Desktop/all my projects/uneom.com/node_modules/next/dist/compiled/next-server/app-page.runtime.prod.js:12:227525
    at /Users/ahmedsalem/Desktop/all my projects/uneom.com/node_modules/next/dist/server/lib/trace/tracer.js:140:36
    at NoopContextManager.with (/Users/ahmedsalem/Desktop/all my projects/uneom.com/node_modules/next/dist/compiled/@opentelemetry/api/index.js:1:7062)
    at ContextAPI.with (/Users/ahmedsalem/Desktop/all my projects/uneom.com/node_modules/next/dist/compiled/@opentelemetry/api/index.js:1:518)
    at NoopTracer.startActiveSpan (/Users/ahmedsalem/Desktop/all my projects/uneom.com/node_modules/next/dist/compiled/@opentelemetry/api/index.js:1:18093)
    at ProxyTracer.startActiveSpan (/Users/ahmedsalem/Desktop/all my projects/uneom.com/node_modules/next/dist/compiled/@opentelemetry/api/index.js:1:18854)
    at /Users/ahmedsalem/Desktop/all my projects/uneom.com/node_modules/next/dist/server/lib/trace/tracer.js:122:103
    at NoopContextManager.with (/Users/ahmedsalem/Desktop/all my projects/uneom.com/node_modules/next/dist/compiled/@opentelemetry/api/index.js:1:7062)
    at ContextAPI.with (/Users/ahmedsalem/Desktop/all my projects/uneom.com/node_modules/next/dist/compiled/@opentelemetry/api/index.js:1:518) {
  digest: '2592674761'
}

Error occurred prerendering page "/locations/riyadh/retail-shops". Read more: https://nextjs.org/docs/messages/prerender-error

TypeError: Cannot read properties of undefined (reading 'toLowerCase')
    at b (/Users/ahmedsalem/Desktop/all my projects/uneom.com/.next/server/app/locations/[city]/[industry]/page.js:1:4337)
    at eh (/Users/ahmedsalem/Desktop/all my projects/uneom.com/node_modules/next/dist/compiled/next-server/app-page.runtime.prod.js:12:134660)
    at e (/Users/ahmedsalem/Desktop/all my projects/uneom.com/node_modules/next/dist/compiled/next-server/app-page.runtime.prod.js:12:137545)
    at ek (/Users/ahmedsalem/Desktop/all my projects/uneom.com/node_modules/next/dist/compiled/next-server/app-page.runtime.prod.js:12:138019)
    at Array.toJSON (/Users/ahmedsalem/Desktop/all my projects/uneom.com/node_modules/next/dist/compiled/next-server/app-page.runtime.prod.js:12:135629)
    at stringify (<anonymous>)
    at eP (/Users/ahmedsalem/Desktop/all my projects/uneom.com/node_modules/next/dist/compiled/next-server/app-page.runtime.prod.js:12:142093)
    at eE (/Users/ahmedsalem/Desktop/all my projects/uneom.com/node_modules/next/dist/compiled/next-server/app-page.runtime.prod.js:12:142572)
    at AsyncLocalStorage.run (node:internal/async_local_storage/async_context_frame:63:14)
    at Timeout._onTimeout (/Users/ahmedsalem/Desktop/all my projects/uneom.com/node_modules/next/dist/compiled/next-server/app-page.runtime.prod.js:12:150373)
TypeError: Cannot read properties of undefined (reading 'toLowerCase')
    at b (/Users/ahmedsalem/Desktop/all my projects/uneom.com/.next/server/app/locations/[city]/[industry]/page.js:1:4337)
    at eh (/Users/ahmedsalem/Desktop/all my projects/uneom.com/node_modules/next/dist/compiled/next-server/app-page.runtime.prod.js:12:134660)
    at e (/Users/ahmedsalem/Desktop/all my projects/uneom.com/node_modules/next/dist/compiled/next-server/app-page.runtime.prod.js:12:137545)
    at ek (/Users/ahmedsalem/Desktop/all my projects/uneom.com/node_modules/next/dist/compiled/next-server/app-page.runtime.prod.js:12:138019)
    at Array.toJSON (/Users/ahmedsalem/Desktop/all my projects/uneom.com/node_modules/next/dist/compiled/next-server/app-page.runtime.prod.js:12:135629)
    at stringify (<anonymous>)
    at eP (/Users/ahmedsalem/Desktop/all my projects/uneom.com/node_modules/next/dist/compiled/next-server/app-page.runtime.prod.js:12:142093)
    at eE (/Users/ahmedsalem/Desktop/all my projects/uneom.com/node_modules/next/dist/compiled/next-server/app-page.runtime.prod.js:12:142572)
    at AsyncLocalStorage.run (node:internal/async_local_storage/async_context_frame:63:14)
    at Timeout._onTimeout (/Users/ahmedsalem/Desktop/all my projects/uneom.com/node_modules/next/dist/compiled/next-server/app-page.runtime.prod.js:12:150373) {
  digest: '785353560'
}
TypeError: Cannot read properties of undefined (reading 'toLowerCase')
    at b (/Users/ahmedsalem/Desktop/all my projects/uneom.com/.next/server/app/locations/[city]/[industry]/page.js:1:4337)
    at eh (/Users/ahmedsalem/Desktop/all my projects/uneom.com/node_modules/next/dist/compiled/next-server/app-page.runtime.prod.js:12:134660)
    at e (/Users/ahmedsalem/Desktop/all my projects/uneom.com/node_modules/next/dist/compiled/next-server/app-page.runtime.prod.js:12:137545)
    at ek (/Users/ahmedsalem/Desktop/all my projects/uneom.com/node_modules/next/dist/compiled/next-server/app-page.runtime.prod.js:12:138019)
    at Array.toJSON (/Users/ahmedsalem/Desktop/all my projects/uneom.com/node_modules/next/dist/compiled/next-server/app-page.runtime.prod.js:12:135629)
    at stringify (<anonymous>)
    at eP (/Users/ahmedsalem/Desktop/all my projects/uneom.com/node_modules/next/dist/compiled/next-server/app-page.runtime.prod.js:12:142093)
    at eE (/Users/ahmedsalem/Desktop/all my projects/uneom.com/node_modules/next/dist/compiled/next-server/app-page.runtime.prod.js:12:142572)
    at Timeout._onTimeout (/Users/ahmedsalem/Desktop/all my projects/uneom.com/node_modules/next/dist/compiled/next-server/app-page.runtime.prod.js:12:135349)
    at listOnTimeout (node:internal/timers:605:17) {
  digest: '2151575143'
}
TypeError: Cannot read properties of undefined (reading 'toLowerCase')
    at Module.y (/Users/ahmedsalem/Desktop/all my projects/uneom.com/.next/server/app/locations/[city]/[industry]/page.js:1:2657)
    at /Users/ahmedsalem/Desktop/all my projects/uneom.com/node_modules/next/dist/compiled/next-server/app-page.runtime.prod.js:12:227525
    at /Users/ahmedsalem/Desktop/all my projects/uneom.com/node_modules/next/dist/server/lib/trace/tracer.js:140:36
    at NoopContextManager.with (/Users/ahmedsalem/Desktop/all my projects/uneom.com/node_modules/next/dist/compiled/@opentelemetry/api/index.js:1:7062)
    at ContextAPI.with (/Users/ahmedsalem/Desktop/all my projects/uneom.com/node_modules/next/dist/compiled/@opentelemetry/api/index.js:1:518)
    at NoopTracer.startActiveSpan (/Users/ahmedsalem/Desktop/all my projects/uneom.com/node_modules/next/dist/compiled/@opentelemetry/api/index.js:1:18093)
    at ProxyTracer.startActiveSpan (/Users/ahmedsalem/Desktop/all my projects/uneom.com/node_modules/next/dist/compiled/@opentelemetry/api/index.js:1:18854)
    at /Users/ahmedsalem/Desktop/all my projects/uneom.com/node_modules/next/dist/server/lib/trace/tracer.js:122:103
    at NoopContextManager.with (/Users/ahmedsalem/Desktop/all my projects/uneom.com/node_modules/next/dist/compiled/@opentelemetry/api/index.js:1:7062)
    at ContextAPI.with (/Users/ahmedsalem/Desktop/all my projects/uneom.com/node_modules/next/dist/compiled/@opentelemetry/api/index.js:1:518) {
  digest: '2592674761'
}
TypeError: Cannot read properties of undefined (reading 'toLowerCase')
    at Module.y (/Users/ahmedsalem/Desktop/all my projects/uneom.com/.next/server/app/locations/[city]/[industry]/page.js:1:2657)
    at /Users/ahmedsalem/Desktop/all my projects/uneom.com/node_modules/next/dist/compiled/next-server/app-page.runtime.prod.js:12:227525
    at /Users/ahmedsalem/Desktop/all my projects/uneom.com/node_modules/next/dist/server/lib/trace/tracer.js:140:36
    at NoopContextManager.with (/Users/ahmedsalem/Desktop/all my projects/uneom.com/node_modules/next/dist/compiled/@opentelemetry/api/index.js:1:7062)
    at ContextAPI.with (/Users/ahmedsalem/Desktop/all my projects/uneom.com/node_modules/next/dist/compiled/@opentelemetry/api/index.js:1:518)
    at NoopTracer.startActiveSpan (/Users/ahmedsalem/Desktop/all my projects/uneom.com/node_modules/next/dist/compiled/@opentelemetry/api/index.js:1:18093)
    at ProxyTracer.startActiveSpan (/Users/ahmedsalem/Desktop/all my projects/uneom.com/node_modules/next/dist/compiled/@opentelemetry/api/index.js:1:18854)
    at /Users/ahmedsalem/Desktop/all my projects/uneom.com/node_modules/next/dist/server/lib/trace/tracer.js:122:103
    at NoopContextManager.with (/Users/ahmedsalem/Desktop/all my projects/uneom.com/node_modules/next/dist/compiled/@opentelemetry/api/index.js:1:7062)
    at ContextAPI.with (/Users/ahmedsalem/Desktop/all my projects/uneom.com/node_modules/next/dist/compiled/@opentelemetry/api/index.js:1:518) {
  digest: '2592674761'
}

Error occurred prerendering page "/locations/riyadh/factory-industry". Read more: https://nextjs.org/docs/messages/prerender-error

TypeError: Cannot read properties of undefined (reading 'toLowerCase')
    at b (/Users/ahmedsalem/Desktop/all my projects/uneom.com/.next/server/app/locations/[city]/[industry]/page.js:1:4337)
    at eh (/Users/ahmedsalem/Desktop/all my projects/uneom.com/node_modules/next/dist/compiled/next-server/app-page.runtime.prod.js:12:134660)
    at e (/Users/ahmedsalem/Desktop/all my projects/uneom.com/node_modules/next/dist/compiled/next-server/app-page.runtime.prod.js:12:137545)
    at ek (/Users/ahmedsalem/Desktop/all my projects/uneom.com/node_modules/next/dist/compiled/next-server/app-page.runtime.prod.js:12:138019)
    at Array.toJSON (/Users/ahmedsalem/Desktop/all my projects/uneom.com/node_modules/next/dist/compiled/next-server/app-page.runtime.prod.js:12:135629)
    at stringify (<anonymous>)
    at eP (/Users/ahmedsalem/Desktop/all my projects/uneom.com/node_modules/next/dist/compiled/next-server/app-page.runtime.prod.js:12:142093)
    at eE (/Users/ahmedsalem/Desktop/all my projects/uneom.com/node_modules/next/dist/compiled/next-server/app-page.runtime.prod.js:12:142572)
    at AsyncLocalStorage.run (node:internal/async_local_storage/async_context_frame:63:14)
    at Timeout._onTimeout (/Users/ahmedsalem/Desktop/all my projects/uneom.com/node_modules/next/dist/compiled/next-server/app-page.runtime.prod.js:12:150373)
TypeError: Cannot read properties of undefined (reading 'toLowerCase')
    at b (/Users/ahmedsalem/Desktop/all my projects/uneom.com/.next/server/app/locations/[city]/[industry]/page.js:1:4337)
    at eh (/Users/ahmedsalem/Desktop/all my projects/uneom.com/node_modules/next/dist/compiled/next-server/app-page.runtime.prod.js:12:134660)
    at e (/Users/ahmedsalem/Desktop/all my projects/uneom.com/node_modules/next/dist/compiled/next-server/app-page.runtime.prod.js:12:137545)
    at ek (/Users/ahmedsalem/Desktop/all my projects/uneom.com/node_modules/next/dist/compiled/next-server/app-page.runtime.prod.js:12:138019)
    at Array.toJSON (/Users/ahmedsalem/Desktop/all my projects/uneom.com/node_modules/next/dist/compiled/next-server/app-page.runtime.prod.js:12:135629)
    at stringify (<anonymous>)
    at eP (/Users/ahmedsalem/Desktop/all my projects/uneom.com/node_modules/next/dist/compiled/next-server/app-page.runtime.prod.js:12:142093)
    at eE (/Users/ahmedsalem/Desktop/all my projects/uneom.com/node_modules/next/dist/compiled/next-server/app-page.runtime.prod.js:12:142572)
    at AsyncLocalStorage.run (node:internal/async_local_storage/async_context_frame:63:14)
    at Timeout._onTimeout (/Users/ahmedsalem/Desktop/all my projects/uneom.com/node_modules/next/dist/compiled/next-server/app-page.runtime.prod.js:12:150373) {
  digest: '785353560'
}
TypeError: Cannot read properties of undefined (reading 'toLowerCase')
    at b (/Users/ahmedsalem/Desktop/all my projects/uneom.com/.next/server/app/locations/[city]/[industry]/page.js:1:4337)
    at eh (/Users/ahmedsalem/Desktop/all my projects/uneom.com/node_modules/next/dist/compiled/next-server/app-page.runtime.prod.js:12:134660)
    at e (/Users/ahmedsalem/Desktop/all my projects/uneom.com/node_modules/next/dist/compiled/next-server/app-page.runtime.prod.js:12:137545)
    at ek (/Users/ahmedsalem/Desktop/all my projects/uneom.com/node_modules/next/dist/compiled/next-server/app-page.runtime.prod.js:12:138019)
    at Array.toJSON (/Users/ahmedsalem/Desktop/all my projects/uneom.com/node_modules/next/dist/compiled/next-server/app-page.runtime.prod.js:12:135629)
    at stringify (<anonymous>)
    at eP (/Users/ahmedsalem/Desktop/all my projects/uneom.com/node_modules/next/dist/compiled/next-server/app-page.runtime.prod.js:12:142093)
    at eE (/Users/ahmedsalem/Desktop/all my projects/uneom.com/node_modules/next/dist/compiled/next-server/app-page.runtime.prod.js:12:142572)
    at AsyncLocalStorage.run (node:internal/async_local_storage/async_context_frame:63:14)
    at Timeout._onTimeout (/Users/ahmedsalem/Desktop/all my projects/uneom.com/node_modules/next/dist/compiled/next-server/app-page.runtime.prod.js:12:150373) {
  digest: '785353560'
}
TypeError: Cannot read properties of undefined (reading 'toLowerCase')
    at b (/Users/ahmedsalem/Desktop/all my projects/uneom.com/.next/server/app/locations/[city]/[industry]/page.js:1:4337)
    at eh (/Users/ahmedsalem/Desktop/all my projects/uneom.com/node_modules/next/dist/compiled/next-server/app-page.runtime.prod.js:12:134660)
    at e (/Users/ahmedsalem/Desktop/all my projects/uneom.com/node_modules/next/dist/compiled/next-server/app-page.runtime.prod.js:12:137545)
    at ek (/Users/ahmedsalem/Desktop/all my projects/uneom.com/node_modules/next/dist/compiled/next-server/app-page.runtime.prod.js:12:138019)
    at Array.toJSON (/Users/ahmedsalem/Desktop/all my projects/uneom.com/node_modules/next/dist/compiled/next-server/app-page.runtime.prod.js:12:135629)
    at stringify (<anonymous>)
    at eP (/Users/ahmedsalem/Desktop/all my projects/uneom.com/node_modules/next/dist/compiled/next-server/app-page.runtime.prod.js:12:142093)
    at eE (/Users/ahmedsalem/Desktop/all my projects/uneom.com/node_modules/next/dist/compiled/next-server/app-page.runtime.prod.js:12:142572)
    at AsyncLocalStorage.run (node:internal/async_local_storage/async_context_frame:63:14)
    at Timeout._onTimeout (/Users/ahmedsalem/Desktop/all my projects/uneom.com/node_modules/next/dist/compiled/next-server/app-page.runtime.prod.js:12:150373) {
  digest: '785353560'
}
TypeError: Cannot read properties of undefined (reading 'toLowerCase')
    at b (/Users/ahmedsalem/Desktop/all my projects/uneom.com/.next/server/app/locations/[city]/[industry]/page.js:1:4337)
    at eh (/Users/ahmedsalem/Desktop/all my projects/uneom.com/node_modules/next/dist/compiled/next-server/app-page.runtime.prod.js:12:134660)
    at e (/Users/ahmedsalem/Desktop/all my projects/uneom.com/node_modules/next/dist/compiled/next-server/app-page.runtime.prod.js:12:137545)
    at ek (/Users/ahmedsalem/Desktop/all my projects/uneom.com/node_modules/next/dist/compiled/next-server/app-page.runtime.prod.js:12:138019)
    at Array.toJSON (/Users/ahmedsalem/Desktop/all my projects/uneom.com/node_modules/next/dist/compiled/next-server/app-page.runtime.prod.js:12:135629)
    at stringify (<anonymous>)
    at eP (/Users/ahmedsalem/Desktop/all my projects/uneom.com/node_modules/next/dist/compiled/next-server/app-page.runtime.prod.js:12:142093)
    at eE (/Users/ahmedsalem/Desktop/all my projects/uneom.com/node_modules/next/dist/compiled/next-server/app-page.runtime.prod.js:12:142572)
    at Timeout._onTimeout (/Users/ahmedsalem/Desktop/all my projects/uneom.com/node_modules/next/dist/compiled/next-server/app-page.runtime.prod.js:12:135349)
    at listOnTimeout (node:internal/timers:605:17) {
  digest: '2151575143'
}
TypeError: Cannot read properties of undefined (reading 'toLowerCase')
    at b (/Users/ahmedsalem/Desktop/all my projects/uneom.com/.next/server/app/locations/[city]/[industry]/page.js:1:4337)
    at eh (/Users/ahmedsalem/Desktop/all my projects/uneom.com/node_modules/next/dist/compiled/next-server/app-page.runtime.prod.js:12:134660)
    at e (/Users/ahmedsalem/Desktop/all my projects/uneom.com/node_modules/next/dist/compiled/next-server/app-page.runtime.prod.js:12:137545)
    at ek (/Users/ahmedsalem/Desktop/all my projects/uneom.com/node_modules/next/dist/compiled/next-server/app-page.runtime.prod.js:12:138019)
    at Array.toJSON (/Users/ahmedsalem/Desktop/all my projects/uneom.com/node_modules/next/dist/compiled/next-server/app-page.runtime.prod.js:12:135629)
    at stringify (<anonymous>)
    at eP (/Users/ahmedsalem/Desktop/all my projects/uneom.com/node_modules/next/dist/compiled/next-server/app-page.runtime.prod.js:12:142093)
    at eE (/Users/ahmedsalem/Desktop/all my projects/uneom.com/node_modules/next/dist/compiled/next-server/app-page.runtime.prod.js:12:142572)
    at AsyncLocalStorage.run (node:internal/async_local_storage/async_context_frame:63:14)
    at Timeout._onTimeout (/Users/ahmedsalem/Desktop/all my projects/uneom.com/node_modules/next/dist/compiled/next-server/app-page.runtime.prod.js:12:150373) {
  digest: '785353560'
}
TypeError: Cannot read properties of undefined (reading 'toLowerCase')
    at b (/Users/ahmedsalem/Desktop/all my projects/uneom.com/.next/server/app/locations/[city]/[industry]/page.js:1:4337)
    at eh (/Users/ahmedsalem/Desktop/all my projects/uneom.com/node_modules/next/dist/compiled/next-server/app-page.runtime.prod.js:12:134660)
    at e (/Users/ahmedsalem/Desktop/all my projects/uneom.com/node_modules/next/dist/compiled/next-server/app-page.runtime.prod.js:12:137545)
    at ek (/Users/ahmedsalem/Desktop/all my projects/uneom.com/node_modules/next/dist/compiled/next-server/app-page.runtime.prod.js:12:138019)
    at Array.toJSON (/Users/ahmedsalem/Desktop/all my projects/uneom.com/node_modules/next/dist/compiled/next-server/app-page.runtime.prod.js:12:135629)
    at stringify (<anonymous>)
    at eP (/Users/ahmedsalem/Desktop/all my projects/uneom.com/node_modules/next/dist/compiled/next-server/app-page.runtime.prod.js:12:142093)
    at eE (/Users/ahmedsalem/Desktop/all my projects/uneom.com/node_modules/next/dist/compiled/next-server/app-page.runtime.prod.js:12:142572)
    at AsyncLocalStorage.run (node:internal/async_local_storage/async_context_frame:63:14)
    at Timeout._onTimeout (/Users/ahmedsalem/Desktop/all my projects/uneom.com/node_modules/next/dist/compiled/next-server/app-page.runtime.prod.js:12:150373) {
  digest: '785353560'
}
TypeError: Cannot read properties of undefined (reading 'toLowerCase')
    at b (/Users/ahmedsalem/Desktop/all my projects/uneom.com/.next/server/app/locations/[city]/[industry]/page.js:1:4337)
    at eh (/Users/ahmedsalem/Desktop/all my projects/uneom.com/node_modules/next/dist/compiled/next-server/app-page.runtime.prod.js:12:134660)
    at e (/Users/ahmedsalem/Desktop/all my projects/uneom.com/node_modules/next/dist/compiled/next-server/app-page.runtime.prod.js:12:137545)
    at ek (/Users/ahmedsalem/Desktop/all my projects/uneom.com/node_modules/next/dist/compiled/next-server/app-page.runtime.prod.js:12:138019)
    at Array.toJSON (/Users/ahmedsalem/Desktop/all my projects/uneom.com/node_modules/next/dist/compiled/next-server/app-page.runtime.prod.js:12:135629)
    at stringify (<anonymous>)
    at eP (/Users/ahmedsalem/Desktop/all my projects/uneom.com/node_modules/next/dist/compiled/next-server/app-page.runtime.prod.js:12:142093)
    at eE (/Users/ahmedsalem/Desktop/all my projects/uneom.com/node_modules/next/dist/compiled/next-server/app-page.runtime.prod.js:12:142572)
    at AsyncLocalStorage.run (node:internal/async_local_storage/async_context_frame:63:14)
    at Timeout._onTimeout (/Users/ahmedsalem/Desktop/all my projects/uneom.com/node_modules/next/dist/compiled/next-server/app-page.runtime.prod.js:12:150373) {
  digest: '785353560'
}
TypeError: Cannot read properties of undefined (reading 'toLowerCase')
    at b (/Users/ahmedsalem/Desktop/all my projects/uneom.com/.next/server/app/locations/[city]/[industry]/page.js:1:4337)
    at eh (/Users/ahmedsalem/Desktop/all my projects/uneom.com/node_modules/next/dist/compiled/next-server/app-page.runtime.prod.js:12:134660)
    at e (/Users/ahmedsalem/Desktop/all my projects/uneom.com/node_modules/next/dist/compiled/next-server/app-page.runtime.prod.js:12:137545)
    at ek (/Users/ahmedsalem/Desktop/all my projects/uneom.com/node_modules/next/dist/compiled/next-server/app-page.runtime.prod.js:12:138019)
    at Array.toJSON (/Users/ahmedsalem/Desktop/all my projects/uneom.com/node_modules/next/dist/compiled/next-server/app-page.runtime.prod.js:12:135629)
    at stringify (<anonymous>)
    at eP (/Users/ahmedsalem/Desktop/all my projects/uneom.com/node_modules/next/dist/compiled/next-server/app-page.runtime.prod.js:12:142093)
    at eE (/Users/ahmedsalem/Desktop/all my projects/uneom.com/node_modules/next/dist/compiled/next-server/app-page.runtime.prod.js:12:142572)
    at Timeout._onTimeout (/Users/ahmedsalem/Desktop/all my projects/uneom.com/node_modules/next/dist/compiled/next-server/app-page.runtime.prod.js:12:135349)
    at listOnTimeout (node:internal/timers:605:17) {
  digest: '2151575143'
}
TypeError: Cannot read properties of undefined (reading 'toLowerCase')
    at Module.y (/Users/ahmedsalem/Desktop/all my projects/uneom.com/.next/server/app/locations/[city]/[industry]/page.js:1:2657)
    at /Users/ahmedsalem/Desktop/all my projects/uneom.com/node_modules/next/dist/compiled/next-server/app-page.runtime.prod.js:12:227525
    at /Users/ahmedsalem/Desktop/all my projects/uneom.com/node_modules/next/dist/server/lib/trace/tracer.js:140:36
    at NoopContextManager.with (/Users/ahmedsalem/Desktop/all my projects/uneom.com/node_modules/next/dist/compiled/@opentelemetry/api/index.js:1:7062)
    at ContextAPI.with (/Users/ahmedsalem/Desktop/all my projects/uneom.com/node_modules/next/dist/compiled/@opentelemetry/api/index.js:1:518)
    at NoopTracer.startActiveSpan (/Users/ahmedsalem/Desktop/all my projects/uneom.com/node_modules/next/dist/compiled/@opentelemetry/api/index.js:1:18093)
    at ProxyTracer.startActiveSpan (/Users/ahmedsalem/Desktop/all my projects/uneom.com/node_modules/next/dist/compiled/@opentelemetry/api/index.js:1:18854)
    at /Users/ahmedsalem/Desktop/all my projects/uneom.com/node_modules/next/dist/server/lib/trace/tracer.js:122:103
    at NoopContextManager.with (/Users/ahmedsalem/Desktop/all my projects/uneom.com/node_modules/next/dist/compiled/@opentelemetry/api/index.js:1:7062)
    at ContextAPI.with (/Users/ahmedsalem/Desktop/all my projects/uneom.com/node_modules/next/dist/compiled/@opentelemetry/api/index.js:1:518) {
  digest: '2592674761'
}
TypeError: Cannot read properties of undefined (reading 'toLowerCase')
    at b (/Users/ahmedsalem/Desktop/all my projects/uneom.com/.next/server/app/locations/[city]/[industry]/page.js:1:4337)
    at eh (/Users/ahmedsalem/Desktop/all my projects/uneom.com/node_modules/next/dist/compiled/next-server/app-page.runtime.prod.js:12:134660)
    at e (/Users/ahmedsalem/Desktop/all my projects/uneom.com/node_modules/next/dist/compiled/next-server/app-page.runtime.prod.js:12:137545)
    at ek (/Users/ahmedsalem/Desktop/all my projects/uneom.com/node_modules/next/dist/compiled/next-server/app-page.runtime.prod.js:12:138019)
    at Array.toJSON (/Users/ahmedsalem/Desktop/all my projects/uneom.com/node_modules/next/dist/compiled/next-server/app-page.runtime.prod.js:12:135629)
    at stringify (<anonymous>)
    at eP (/Users/ahmedsalem/Desktop/all my projects/uneom.com/node_modules/next/dist/compiled/next-server/app-page.runtime.prod.js:12:142093)
    at eE (/Users/ahmedsalem/Desktop/all my projects/uneom.com/node_modules/next/dist/compiled/next-server/app-page.runtime.prod.js:12:142572)
    at Timeout._onTimeout (/Users/ahmedsalem/Desktop/all my projects/uneom.com/node_modules/next/dist/compiled/next-server/app-page.runtime.prod.js:12:135349)
    at listOnTimeout (node:internal/timers:605:17) {
  digest: '2151575143'
}
TypeError: Cannot read properties of undefined (reading 'toLowerCase')
    at b (/Users/ahmedsalem/Desktop/all my projects/uneom.com/.next/server/app/locations/[city]/[industry]/page.js:1:4337)
    at eh (/Users/ahmedsalem/Desktop/all my projects/uneom.com/node_modules/next/dist/compiled/next-server/app-page.runtime.prod.js:12:134660)
    at e (/Users/ahmedsalem/Desktop/all my projects/uneom.com/node_modules/next/dist/compiled/next-server/app-page.runtime.prod.js:12:137545)
    at ek (/Users/ahmedsalem/Desktop/all my projects/uneom.com/node_modules/next/dist/compiled/next-server/app-page.runtime.prod.js:12:138019)
    at Array.toJSON (/Users/ahmedsalem/Desktop/all my projects/uneom.com/node_modules/next/dist/compiled/next-server/app-page.runtime.prod.js:12:135629)
    at stringify (<anonymous>)
    at eP (/Users/ahmedsalem/Desktop/all my projects/uneom.com/node_modules/next/dist/compiled/next-server/app-page.runtime.prod.js:12:142093)
    at eE (/Users/ahmedsalem/Desktop/all my projects/uneom.com/node_modules/next/dist/compiled/next-server/app-page.runtime.prod.js:12:142572)
    at Timeout._onTimeout (/Users/ahmedsalem/Desktop/all my projects/uneom.com/node_modules/next/dist/compiled/next-server/app-page.runtime.prod.js:12:135349)
    at listOnTimeout (node:internal/timers:605:17) {
  digest: '2151575143'
}
TypeError: Cannot read properties of undefined (reading 'toLowerCase')
    at b (/Users/ahmedsalem/Desktop/all my projects/uneom.com/.next/server/app/locations/[city]/[industry]/page.js:1:4337)
    at eh (/Users/ahmedsalem/Desktop/all my projects/uneom.com/node_modules/next/dist/compiled/next-server/app-page.runtime.prod.js:12:134660)
    at e (/Users/ahmedsalem/Desktop/all my projects/uneom.com/node_modules/next/dist/compiled/next-server/app-page.runtime.prod.js:12:137545)
    at ek (/Users/ahmedsalem/Desktop/all my projects/uneom.com/node_modules/next/dist/compiled/next-server/app-page.runtime.prod.js:12:138019)
    at Array.toJSON (/Users/ahmedsalem/Desktop/all my projects/uneom.com/node_modules/next/dist/compiled/next-server/app-page.runtime.prod.js:12:135629)
    at stringify (<anonymous>)
    at eP (/Users/ahmedsalem/Desktop/all my projects/uneom.com/node_modules/next/dist/compiled/next-server/app-page.runtime.prod.js:12:142093)
    at eE (/Users/ahmedsalem/Desktop/all my projects/uneom.com/node_modules/next/dist/compiled/next-server/app-page.runtime.prod.js:12:142572)
    at Timeout._onTimeout (/Users/ahmedsalem/Desktop/all my projects/uneom.com/node_modules/next/dist/compiled/next-server/app-page.runtime.prod.js:12:135349)
    at listOnTimeout (node:internal/timers:605:17) {
  digest: '2151575143'
}
TypeError: Cannot read properties of undefined (reading 'toLowerCase')
    at b (/Users/ahmedsalem/Desktop/all my projects/uneom.com/.next/server/app/locations/[city]/[industry]/page.js:1:4337)
    at eh (/Users/ahmedsalem/Desktop/all my projects/uneom.com/node_modules/next/dist/compiled/next-server/app-page.runtime.prod.js:12:134660)
    at e (/Users/ahmedsalem/Desktop/all my projects/uneom.com/node_modules/next/dist/compiled/next-server/app-page.runtime.prod.js:12:137545)
    at ek (/Users/ahmedsalem/Desktop/all my projects/uneom.com/node_modules/next/dist/compiled/next-server/app-page.runtime.prod.js:12:138019)
    at Array.toJSON (/Users/ahmedsalem/Desktop/all my projects/uneom.com/node_modules/next/dist/compiled/next-server/app-page.runtime.prod.js:12:135629)
    at stringify (<anonymous>)
    at eP (/Users/ahmedsalem/Desktop/all my projects/uneom.com/node_modules/next/dist/compiled/next-server/app-page.runtime.prod.js:12:142093)
    at eE (/Users/ahmedsalem/Desktop/all my projects/uneom.com/node_modules/next/dist/compiled/next-server/app-page.runtime.prod.js:12:142572)
    at AsyncLocalStorage.run (node:internal/async_local_storage/async_context_frame:63:14)
    at Timeout._onTimeout (/Users/ahmedsalem/Desktop/all my projects/uneom.com/node_modules/next/dist/compiled/next-server/app-page.runtime.prod.js:12:150373) {
  digest: '785353560'
}
TypeError: Cannot read properties of undefined (reading 'toLowerCase')
    at b (/Users/ahmedsalem/Desktop/all my projects/uneom.com/.next/server/app/locations/[city]/[industry]/page.js:1:4337)
    at eh (/Users/ahmedsalem/Desktop/all my projects/uneom.com/node_modules/next/dist/compiled/next-server/app-page.runtime.prod.js:12:134660)
    at e (/Users/ahmedsalem/Desktop/all my projects/uneom.com/node_modules/next/dist/compiled/next-server/app-page.runtime.prod.js:12:137545)
    at ek (/Users/ahmedsalem/Desktop/all my projects/uneom.com/node_modules/next/dist/compiled/next-server/app-page.runtime.prod.js:12:138019)
    at Array.toJSON (/Users/ahmedsalem/Desktop/all my projects/uneom.com/node_modules/next/dist/compiled/next-server/app-page.runtime.prod.js:12:135629)
    at stringify (<anonymous>)
    at eP (/Users/ahmedsalem/Desktop/all my projects/uneom.com/node_modules/next/dist/compiled/next-server/app-page.runtime.prod.js:12:142093)
    at eE (/Users/ahmedsalem/Desktop/all my projects/uneom.com/node_modules/next/dist/compiled/next-server/app-page.runtime.prod.js:12:142572)
    at Timeout._onTimeout (/Users/ahmedsalem/Desktop/all my projects/uneom.com/node_modules/next/dist/compiled/next-server/app-page.runtime.prod.js:12:135349)
    at listOnTimeout (node:internal/timers:605:17) {
  digest: '2151575143'
}
TypeError: Cannot read properties of undefined (reading 'toLowerCase')
    at Module.y (/Users/ahmedsalem/Desktop/all my projects/uneom.com/.next/server/app/locations/[city]/[industry]/page.js:1:2657)
    at /Users/ahmedsalem/Desktop/all my projects/uneom.com/node_modules/next/dist/compiled/next-server/app-page.runtime.prod.js:12:227525
    at /Users/ahmedsalem/Desktop/all my projects/uneom.com/node_modules/next/dist/server/lib/trace/tracer.js:140:36
    at NoopContextManager.with (/Users/ahmedsalem/Desktop/all my projects/uneom.com/node_modules/next/dist/compiled/@opentelemetry/api/index.js:1:7062)
    at ContextAPI.with (/Users/ahmedsalem/Desktop/all my projects/uneom.com/node_modules/next/dist/compiled/@opentelemetry/api/index.js:1:518)
    at NoopTracer.startActiveSpan (/Users/ahmedsalem/Desktop/all my projects/uneom.com/node_modules/next/dist/compiled/@opentelemetry/api/index.js:1:18093)
    at ProxyTracer.startActiveSpan (/Users/ahmedsalem/Desktop/all my projects/uneom.com/node_modules/next/dist/compiled/@opentelemetry/api/index.js:1:18854)
    at /Users/ahmedsalem/Desktop/all my projects/uneom.com/node_modules/next/dist/server/lib/trace/tracer.js:122:103
    at NoopContextManager.with (/Users/ahmedsalem/Desktop/all my projects/uneom.com/node_modules/next/dist/compiled/@opentelemetry/api/index.js:1:7062)
    at ContextAPI.with (/Users/ahmedsalem/Desktop/all my projects/uneom.com/node_modules/next/dist/compiled/@opentelemetry/api/index.js:1:518) {
  digest: '2592674761'
}
TypeError: Cannot read properties of undefined (reading 'toLowerCase')
    at Module.y (/Users/ahmedsalem/Desktop/all my projects/uneom.com/.next/server/app/locations/[city]/[industry]/page.js:1:2657)
    at /Users/ahmedsalem/Desktop/all my projects/uneom.com/node_modules/next/dist/compiled/next-server/app-page.runtime.prod.js:12:227525
    at /Users/ahmedsalem/Desktop/all my projects/uneom.com/node_modules/next/dist/server/lib/trace/tracer.js:140:36
    at NoopContextManager.with (/Users/ahmedsalem/Desktop/all my projects/uneom.com/node_modules/next/dist/compiled/@opentelemetry/api/index.js:1:7062)
    at ContextAPI.with (/Users/ahmedsalem/Desktop/all my projects/uneom.com/node_modules/next/dist/compiled/@opentelemetry/api/index.js:1:518)
    at NoopTracer.startActiveSpan (/Users/ahmedsalem/Desktop/all my projects/uneom.com/node_modules/next/dist/compiled/@opentelemetry/api/index.js:1:18093)
    at ProxyTracer.startActiveSpan (/Users/ahmedsalem/Desktop/all my projects/uneom.com/node_modules/next/dist/compiled/@opentelemetry/api/index.js:1:18854)
    at /Users/ahmedsalem/Desktop/all my projects/uneom.com/node_modules/next/dist/server/lib/trace/tracer.js:122:103
    at NoopContextManager.with (/Users/ahmedsalem/Desktop/all my projects/uneom.com/node_modules/next/dist/compiled/@opentelemetry/api/index.js:1:7062)
    at ContextAPI.with (/Users/ahmedsalem/Desktop/all my projects/uneom.com/node_modules/next/dist/compiled/@opentelemetry/api/index.js:1:518) {
  digest: '2592674761'
}
TypeError: Cannot read properties of undefined (reading 'toLowerCase')
    at b (/Users/ahmedsalem/Desktop/all my projects/uneom.com/.next/server/app/locations/[city]/[industry]/page.js:1:4337)
    at eh (/Users/ahmedsalem/Desktop/all my projects/uneom.com/node_modules/next/dist/compiled/next-server/app-page.runtime.prod.js:12:134660)
    at e (/Users/ahmedsalem/Desktop/all my projects/uneom.com/node_modules/next/dist/compiled/next-server/app-page.runtime.prod.js:12:137545)
    at ek (/Users/ahmedsalem/Desktop/all my projects/uneom.com/node_modules/next/dist/compiled/next-server/app-page.runtime.prod.js:12:138019)
    at Array.toJSON (/Users/ahmedsalem/Desktop/all my projects/uneom.com/node_modules/next/dist/compiled/next-server/app-page.runtime.prod.js:12:135629)
    at stringify (<anonymous>)
    at eP (/Users/ahmedsalem/Desktop/all my projects/uneom.com/node_modules/next/dist/compiled/next-server/app-page.runtime.prod.js:12:142093)
    at eE (/Users/ahmedsalem/Desktop/all my projects/uneom.com/node_modules/next/dist/compiled/next-server/app-page.runtime.prod.js:12:142572)
    at Timeout._onTimeout (/Users/ahmedsalem/Desktop/all my projects/uneom.com/node_modules/next/dist/compiled/next-server/app-page.runtime.prod.js:12:135349)
    at listOnTimeout (node:internal/timers:605:17) {
  digest: '2151575143'
}
TypeError: Cannot read properties of undefined (reading 'toLowerCase')
    at Module.y (/Users/ahmedsalem/Desktop/all my projects/uneom.com/.next/server/app/locations/[city]/[industry]/page.js:1:2657)
    at /Users/ahmedsalem/Desktop/all my projects/uneom.com/node_modules/next/dist/compiled/next-server/app-page.runtime.prod.js:12:227525
    at /Users/ahmedsalem/Desktop/all my projects/uneom.com/node_modules/next/dist/server/lib/trace/tracer.js:140:36
    at NoopContextManager.with (/Users/ahmedsalem/Desktop/all my projects/uneom.com/node_modules/next/dist/compiled/@opentelemetry/api/index.js:1:7062)
    at ContextAPI.with (/Users/ahmedsalem/Desktop/all my projects/uneom.com/node_modules/next/dist/compiled/@opentelemetry/api/index.js:1:518)
    at NoopTracer.startActiveSpan (/Users/ahmedsalem/Desktop/all my projects/uneom.com/node_modules/next/dist/compiled/@opentelemetry/api/index.js:1:18093)
    at ProxyTracer.startActiveSpan (/Users/ahmedsalem/Desktop/all my projects/uneom.com/node_modules/next/dist/compiled/@opentelemetry/api/index.js:1:18854)
    at /Users/ahmedsalem/Desktop/all my projects/uneom.com/node_modules/next/dist/server/lib/trace/tracer.js:122:103
    at NoopContextManager.with (/Users/ahmedsalem/Desktop/all my projects/uneom.com/node_modules/next/dist/compiled/@opentelemetry/api/index.js:1:7062)
    at ContextAPI.with (/Users/ahmedsalem/Desktop/all my projects/uneom.com/node_modules/next/dist/compiled/@opentelemetry/api/index.js:1:518) {
  digest: '2592674761'
}
TypeError: Cannot read properties of undefined (reading 'toLowerCase')
    at Module.y (/Users/ahmedsalem/Desktop/all my projects/uneom.com/.next/server/app/locations/[city]/[industry]/page.js:1:2657)
    at /Users/ahmedsalem/Desktop/all my projects/uneom.com/node_modules/next/dist/compiled/next-server/app-page.runtime.prod.js:12:227525
    at /Users/ahmedsalem/Desktop/all my projects/uneom.com/node_modules/next/dist/server/lib/trace/tracer.js:140:36
    at NoopContextManager.with (/Users/ahmedsalem/Desktop/all my projects/uneom.com/node_modules/next/dist/compiled/@opentelemetry/api/index.js:1:7062)
    at ContextAPI.with (/Users/ahmedsalem/Desktop/all my projects/uneom.com/node_modules/next/dist/compiled/@opentelemetry/api/index.js:1:518)
    at NoopTracer.startActiveSpan (/Users/ahmedsalem/Desktop/all my projects/uneom.com/node_modules/next/dist/compiled/@opentelemetry/api/index.js:1:18093)
    at ProxyTracer.startActiveSpan (/Users/ahmedsalem/Desktop/all my projects/uneom.com/node_modules/next/dist/compiled/@opentelemetry/api/index.js:1:18854)
    at /Users/ahmedsalem/Desktop/all my projects/uneom.com/node_modules/next/dist/server/lib/trace/tracer.js:122:103
    at NoopContextManager.with (/Users/ahmedsalem/Desktop/all my projects/uneom.com/node_modules/next/dist/compiled/@opentelemetry/api/index.js:1:7062)
    at ContextAPI.with (/Users/ahmedsalem/Desktop/all my projects/uneom.com/node_modules/next/dist/compiled/@opentelemetry/api/index.js:1:518) {
  digest: '2592674761'
}
TypeError: Cannot read properties of undefined (reading 'toLowerCase')
    at Module.y (/Users/ahmedsalem/Desktop/all my projects/uneom.com/.next/server/app/locations/[city]/[industry]/page.js:1:2657)
    at /Users/ahmedsalem/Desktop/all my projects/uneom.com/node_modules/next/dist/compiled/next-server/app-page.runtime.prod.js:12:227525
    at /Users/ahmedsalem/Desktop/all my projects/uneom.com/node_modules/next/dist/server/lib/trace/tracer.js:140:36
    at NoopContextManager.with (/Users/ahmedsalem/Desktop/all my projects/uneom.com/node_modules/next/dist/compiled/@opentelemetry/api/index.js:1:7062)
    at ContextAPI.with (/Users/ahmedsalem/Desktop/all my projects/uneom.com/node_modules/next/dist/compiled/@opentelemetry/api/index.js:1:518)
    at NoopTracer.startActiveSpan (/Users/ahmedsalem/Desktop/all my projects/uneom.com/node_modules/next/dist/compiled/@opentelemetry/api/index.js:1:18093)
    at ProxyTracer.startActiveSpan (/Users/ahmedsalem/Desktop/all my projects/uneom.com/node_modules/next/dist/compiled/@opentelemetry/api/index.js:1:18854)
    at /Users/ahmedsalem/Desktop/all my projects/uneom.com/node_modules/next/dist/server/lib/trace/tracer.js:122:103
    at NoopContextManager.with (/Users/ahmedsalem/Desktop/all my projects/uneom.com/node_modules/next/dist/compiled/@opentelemetry/api/index.js:1:7062)
    at ContextAPI.with (/Users/ahmedsalem/Desktop/all my projects/uneom.com/node_modules/next/dist/compiled/@opentelemetry/api/index.js:1:518) {
  digest: '2592674761'
}
TypeError: Cannot read properties of undefined (reading 'toLowerCase')
    at Module.y (/Users/ahmedsalem/Desktop/all my projects/uneom.com/.next/server/app/locations/[city]/[industry]/page.js:1:2657)
    at /Users/ahmedsalem/Desktop/all my projects/uneom.com/node_modules/next/dist/compiled/next-server/app-page.runtime.prod.js:12:227525
    at /Users/ahmedsalem/Desktop/all my projects/uneom.com/node_modules/next/dist/server/lib/trace/tracer.js:140:36
    at NoopContextManager.with (/Users/ahmedsalem/Desktop/all my projects/uneom.com/node_modules/next/dist/compiled/@opentelemetry/api/index.js:1:7062)
    at ContextAPI.with (/Users/ahmedsalem/Desktop/all my projects/uneom.com/node_modules/next/dist/compiled/@opentelemetry/api/index.js:1:518)
    at NoopTracer.startActiveSpan (/Users/ahmedsalem/Desktop/all my projects/uneom.com/node_modules/next/dist/compiled/@opentelemetry/api/index.js:1:18093)
    at ProxyTracer.startActiveSpan (/Users/ahmedsalem/Desktop/all my projects/uneom.com/node_modules/next/dist/compiled/@opentelemetry/api/index.js:1:18854)
    at /Users/ahmedsalem/Desktop/all my projects/uneom.com/node_modules/next/dist/server/lib/trace/tracer.js:122:103
    at NoopContextManager.with (/Users/ahmedsalem/Desktop/all my projects/uneom.com/node_modules/next/dist/compiled/@opentelemetry/api/index.js:1:7062)
    at ContextAPI.with (/Users/ahmedsalem/Desktop/all my projects/uneom.com/node_modules/next/dist/compiled/@opentelemetry/api/index.js:1:518) {
  digest: '2592674761'
}
TypeError: Cannot read properties of undefined (reading 'toLowerCase')
    at Module.y (/Users/ahmedsalem/Desktop/all my projects/uneom.com/.next/server/app/locations/[city]/[industry]/page.js:1:2657)
    at /Users/ahmedsalem/Desktop/all my projects/uneom.com/node_modules/next/dist/compiled/next-server/app-page.runtime.prod.js:12:227525
    at /Users/ahmedsalem/Desktop/all my projects/uneom.com/node_modules/next/dist/server/lib/trace/tracer.js:140:36
    at NoopContextManager.with (/Users/ahmedsalem/Desktop/all my projects/uneom.com/node_modules/next/dist/compiled/@opentelemetry/api/index.js:1:7062)
    at ContextAPI.with (/Users/ahmedsalem/Desktop/all my projects/uneom.com/node_modules/next/dist/compiled/@opentelemetry/api/index.js:1:518)
    at NoopTracer.startActiveSpan (/Users/ahmedsalem/Desktop/all my projects/uneom.com/node_modules/next/dist/compiled/@opentelemetry/api/index.js:1:18093)
    at ProxyTracer.startActiveSpan (/Users/ahmedsalem/Desktop/all my projects/uneom.com/node_modules/next/dist/compiled/@opentelemetry/api/index.js:1:18854)
    at /Users/ahmedsalem/Desktop/all my projects/uneom.com/node_modules/next/dist/server/lib/trace/tracer.js:122:103
    at NoopContextManager.with (/Users/ahmedsalem/Desktop/all my projects/uneom.com/node_modules/next/dist/compiled/@opentelemetry/api/index.js:1:7062)
    at ContextAPI.with (/Users/ahmedsalem/Desktop/all my projects/uneom.com/node_modules/next/dist/compiled/@opentelemetry/api/index.js:1:518) {
  digest: '2592674761'
}
TypeError: Cannot read properties of undefined (reading 'toLowerCase')
    at Module.y (/Users/ahmedsalem/Desktop/all my projects/uneom.com/.next/server/app/locations/[city]/[industry]/page.js:1:2657)
    at /Users/ahmedsalem/Desktop/all my projects/uneom.com/node_modules/next/dist/compiled/next-server/app-page.runtime.prod.js:12:227525
    at /Users/ahmedsalem/Desktop/all my projects/uneom.com/node_modules/next/dist/server/lib/trace/tracer.js:140:36
    at NoopContextManager.with (/Users/ahmedsalem/Desktop/all my projects/uneom.com/node_modules/next/dist/compiled/@opentelemetry/api/index.js:1:7062)
    at ContextAPI.with (/Users/ahmedsalem/Desktop/all my projects/uneom.com/node_modules/next/dist/compiled/@opentelemetry/api/index.js:1:518)
    at NoopTracer.startActiveSpan (/Users/ahmedsalem/Desktop/all my projects/uneom.com/node_modules/next/dist/compiled/@opentelemetry/api/index.js:1:18093)
    at ProxyTracer.startActiveSpan (/Users/ahmedsalem/Desktop/all my projects/uneom.com/node_modules/next/dist/compiled/@opentelemetry/api/index.js:1:18854)
    at /Users/ahmedsalem/Desktop/all my projects/uneom.com/node_modules/next/dist/server/lib/trace/tracer.js:122:103
    at NoopContextManager.with (/Users/ahmedsalem/Desktop/all my projects/uneom.com/node_modules/next/dist/compiled/@opentelemetry/api/index.js:1:7062)
    at ContextAPI.with (/Users/ahmedsalem/Desktop/all my projects/uneom.com/node_modules/next/dist/compiled/@opentelemetry/api/index.js:1:518) {
  digest: '2592674761'
}
TypeError: Cannot read properties of undefined (reading 'toLowerCase')
    at Module.y (/Users/ahmedsalem/Desktop/all my projects/uneom.com/.next/server/app/locations/[city]/[industry]/page.js:1:2657)
    at /Users/ahmedsalem/Desktop/all my projects/uneom.com/node_modules/next/dist/compiled/next-server/app-page.runtime.prod.js:12:227525
    at /Users/ahmedsalem/Desktop/all my projects/uneom.com/node_modules/next/dist/server/lib/trace/tracer.js:140:36
    at NoopContextManager.with (/Users/ahmedsalem/Desktop/all my projects/uneom.com/node_modules/next/dist/compiled/@opentelemetry/api/index.js:1:7062)
    at ContextAPI.with (/Users/ahmedsalem/Desktop/all my projects/uneom.com/node_modules/next/dist/compiled/@opentelemetry/api/index.js:1:518)
    at NoopTracer.startActiveSpan (/Users/ahmedsalem/Desktop/all my projects/uneom.com/node_modules/next/dist/compiled/@opentelemetry/api/index.js:1:18093)
    at ProxyTracer.startActiveSpan (/Users/ahmedsalem/Desktop/all my projects/uneom.com/node_modules/next/dist/compiled/@opentelemetry/api/index.js:1:18854)
    at /Users/ahmedsalem/Desktop/all my projects/uneom.com/node_modules/next/dist/server/lib/trace/tracer.js:122:103
    at NoopContextManager.with (/Users/ahmedsalem/Desktop/all my projects/uneom.com/node_modules/next/dist/compiled/@opentelemetry/api/index.js:1:7062)
    at ContextAPI.with (/Users/ahmedsalem/Desktop/all my projects/uneom.com/node_modules/next/dist/compiled/@opentelemetry/api/index.js:1:518) {
  digest: '2592674761'
}
TypeError: Cannot read properties of undefined (reading 'toLowerCase')
    at Module.y (/Users/ahmedsalem/Desktop/all my projects/uneom.com/.next/server/app/locations/[city]/[industry]/page.js:1:2657)
    at /Users/ahmedsalem/Desktop/all my projects/uneom.com/node_modules/next/dist/compiled/next-server/app-page.runtime.prod.js:12:227525
    at /Users/ahmedsalem/Desktop/all my projects/uneom.com/node_modules/next/dist/server/lib/trace/tracer.js:140:36
    at NoopContextManager.with (/Users/ahmedsalem/Desktop/all my projects/uneom.com/node_modules/next/dist/compiled/@opentelemetry/api/index.js:1:7062)
    at ContextAPI.with (/Users/ahmedsalem/Desktop/all my projects/uneom.com/node_modules/next/dist/compiled/@opentelemetry/api/index.js:1:518)
    at NoopTracer.startActiveSpan (/Users/ahmedsalem/Desktop/all my projects/uneom.com/node_modules/next/dist/compiled/@opentelemetry/api/index.js:1:18093)
    at ProxyTracer.startActiveSpan (/Users/ahmedsalem/Desktop/all my projects/uneom.com/node_modules/next/dist/compiled/@opentelemetry/api/index.js:1:18854)
    at /Users/ahmedsalem/Desktop/all my projects/uneom.com/node_modules/next/dist/server/lib/trace/tracer.js:122:103
    at NoopContextManager.with (/Users/ahmedsalem/Desktop/all my projects/uneom.com/node_modules/next/dist/compiled/@opentelemetry/api/index.js:1:7062)
    at ContextAPI.with (/Users/ahmedsalem/Desktop/all my projects/uneom.com/node_modules/next/dist/compiled/@opentelemetry/api/index.js:1:518) {
  digest: '2592674761'
}
TypeError: Cannot read properties of undefined (reading 'toLowerCase')
    at Module.y (/Users/ahmedsalem/Desktop/all my projects/uneom.com/.next/server/app/locations/[city]/[industry]/page.js:1:2657)
    at /Users/ahmedsalem/Desktop/all my projects/uneom.com/node_modules/next/dist/compiled/next-server/app-page.runtime.prod.js:12:227525
    at /Users/ahmedsalem/Desktop/all my projects/uneom.com/node_modules/next/dist/server/lib/trace/tracer.js:140:36
    at NoopContextManager.with (/Users/ahmedsalem/Desktop/all my projects/uneom.com/node_modules/next/dist/compiled/@opentelemetry/api/index.js:1:7062)
    at ContextAPI.with (/Users/ahmedsalem/Desktop/all my projects/uneom.com/node_modules/next/dist/compiled/@opentelemetry/api/index.js:1:518)
    at NoopTracer.startActiveSpan (/Users/ahmedsalem/Desktop/all my projects/uneom.com/node_modules/next/dist/compiled/@opentelemetry/api/index.js:1:18093)
    at ProxyTracer.startActiveSpan (/Users/ahmedsalem/Desktop/all my projects/uneom.com/node_modules/next/dist/compiled/@opentelemetry/api/index.js:1:18854)
    at /Users/ahmedsalem/Desktop/all my projects/uneom.com/node_modules/next/dist/server/lib/trace/tracer.js:122:103
    at NoopContextManager.with (/Users/ahmedsalem/Desktop/all my projects/uneom.com/node_modules/next/dist/compiled/@opentelemetry/api/index.js:1:7062)
    at ContextAPI.with (/Users/ahmedsalem/Desktop/all my projects/uneom.com/node_modules/next/dist/compiled/@opentelemetry/api/index.js:1:518) {
  digest: '2592674761'
}
TypeError: Cannot read properties of undefined (reading 'toLowerCase')
    at Module.y (/Users/ahmedsalem/Desktop/all my projects/uneom.com/.next/server/app/locations/[city]/[industry]/page.js:1:2657)
    at /Users/ahmedsalem/Desktop/all my projects/uneom.com/node_modules/next/dist/compiled/next-server/app-page.runtime.prod.js:12:227525
    at /Users/ahmedsalem/Desktop/all my projects/uneom.com/node_modules/next/dist/server/lib/trace/tracer.js:140:36
    at NoopContextManager.with (/Users/ahmedsalem/Desktop/all my projects/uneom.com/node_modules/next/dist/compiled/@opentelemetry/api/index.js:1:7062)
    at ContextAPI.with (/Users/ahmedsalem/Desktop/all my projects/uneom.com/node_modules/next/dist/compiled/@opentelemetry/api/index.js:1:518)
    at NoopTracer.startActiveSpan (/Users/ahmedsalem/Desktop/all my projects/uneom.com/node_modules/next/dist/compiled/@opentelemetry/api/index.js:1:18093)
    at ProxyTracer.startActiveSpan (/Users/ahmedsalem/Desktop/all my projects/uneom.com/node_modules/next/dist/compiled/@opentelemetry/api/index.js:1:18854)
    at /Users/ahmedsalem/Desktop/all my projects/uneom.com/node_modules/next/dist/server/lib/trace/tracer.js:122:103
    at NoopContextManager.with (/Users/ahmedsalem/Desktop/all my projects/uneom.com/node_modules/next/dist/compiled/@opentelemetry/api/index.js:1:7062)
    at ContextAPI.with (/Users/ahmedsalem/Desktop/all my projects/uneom.com/node_modules/next/dist/compiled/@opentelemetry/api/index.js:1:518) {
  digest: '2592674761'
}

Error occurred prerendering page "/locations/jeddah/aviation". Read more: https://nextjs.org/docs/messages/prerender-error

TypeError: Cannot read properties of undefined (reading 'toLowerCase')
    at b (/Users/ahmedsalem/Desktop/all my projects/uneom.com/.next/server/app/locations/[city]/[industry]/page.js:1:4337)
    at eh (/Users/ahmedsalem/Desktop/all my projects/uneom.com/node_modules/next/dist/compiled/next-server/app-page.runtime.prod.js:12:134660)
    at e (/Users/ahmedsalem/Desktop/all my projects/uneom.com/node_modules/next/dist/compiled/next-server/app-page.runtime.prod.js:12:137545)
    at ek (/Users/ahmedsalem/Desktop/all my projects/uneom.com/node_modules/next/dist/compiled/next-server/app-page.runtime.prod.js:12:138019)
    at Array.toJSON (/Users/ahmedsalem/Desktop/all my projects/uneom.com/node_modules/next/dist/compiled/next-server/app-page.runtime.prod.js:12:135629)
    at stringify (<anonymous>)
    at eP (/Users/ahmedsalem/Desktop/all my projects/uneom.com/node_modules/next/dist/compiled/next-server/app-page.runtime.prod.js:12:142093)
    at eE (/Users/ahmedsalem/Desktop/all my projects/uneom.com/node_modules/next/dist/compiled/next-server/app-page.runtime.prod.js:12:142572)
    at AsyncLocalStorage.run (node:internal/async_local_storage/async_context_frame:63:14)
    at Timeout._onTimeout (/Users/ahmedsalem/Desktop/all my projects/uneom.com/node_modules/next/dist/compiled/next-server/app-page.runtime.prod.js:12:150373)
TypeError: Cannot read properties of undefined (reading 'toLowerCase')
    at Module.y (/Users/ahmedsalem/Desktop/all my projects/uneom.com/.next/server/app/locations/[city]/[industry]/page.js:1:2657)
    at /Users/ahmedsalem/Desktop/all my projects/uneom.com/node_modules/next/dist/compiled/next-server/app-page.runtime.prod.js:12:227525
    at /Users/ahmedsalem/Desktop/all my projects/uneom.com/node_modules/next/dist/server/lib/trace/tracer.js:140:36
    at NoopContextManager.with (/Users/ahmedsalem/Desktop/all my projects/uneom.com/node_modules/next/dist/compiled/@opentelemetry/api/index.js:1:7062)
    at ContextAPI.with (/Users/ahmedsalem/Desktop/all my projects/uneom.com/node_modules/next/dist/compiled/@opentelemetry/api/index.js:1:518)
    at NoopTracer.startActiveSpan (/Users/ahmedsalem/Desktop/all my projects/uneom.com/node_modules/next/dist/compiled/@opentelemetry/api/index.js:1:18093)
    at ProxyTracer.startActiveSpan (/Users/ahmedsalem/Desktop/all my projects/uneom.com/node_modules/next/dist/compiled/@opentelemetry/api/index.js:1:18854)
    at /Users/ahmedsalem/Desktop/all my projects/uneom.com/node_modules/next/dist/server/lib/trace/tracer.js:122:103
    at NoopContextManager.with (/Users/ahmedsalem/Desktop/all my projects/uneom.com/node_modules/next/dist/compiled/@opentelemetry/api/index.js:1:7062)
    at ContextAPI.with (/Users/ahmedsalem/Desktop/all my projects/uneom.com/node_modules/next/dist/compiled/@opentelemetry/api/index.js:1:518) {
  digest: '2592674761'
}

Error occurred prerendering page "/locations/jeddah/healthcare". Read more: https://nextjs.org/docs/messages/prerender-error

TypeError: Cannot read properties of undefined (reading 'toLowerCase')
    at b (/Users/ahmedsalem/Desktop/all my projects/uneom.com/.next/server/app/locations/[city]/[industry]/page.js:1:4337)
    at eh (/Users/ahmedsalem/Desktop/all my projects/uneom.com/node_modules/next/dist/compiled/next-server/app-page.runtime.prod.js:12:134660)
    at e (/Users/ahmedsalem/Desktop/all my projects/uneom.com/node_modules/next/dist/compiled/next-server/app-page.runtime.prod.js:12:137545)
    at ek (/Users/ahmedsalem/Desktop/all my projects/uneom.com/node_modules/next/dist/compiled/next-server/app-page.runtime.prod.js:12:138019)
    at Array.toJSON (/Users/ahmedsalem/Desktop/all my projects/uneom.com/node_modules/next/dist/compiled/next-server/app-page.runtime.prod.js:12:135629)
    at stringify (<anonymous>)
    at eP (/Users/ahmedsalem/Desktop/all my projects/uneom.com/node_modules/next/dist/compiled/next-server/app-page.runtime.prod.js:12:142093)
    at eE (/Users/ahmedsalem/Desktop/all my projects/uneom.com/node_modules/next/dist/compiled/next-server/app-page.runtime.prod.js:12:142572)
    at AsyncLocalStorage.run (node:internal/async_local_storage/async_context_frame:63:14)
    at Timeout._onTimeout (/Users/ahmedsalem/Desktop/all my projects/uneom.com/node_modules/next/dist/compiled/next-server/app-page.runtime.prod.js:12:150373)

Error occurred prerendering page "/locations/riyadh/supply-manufacturing". Read more: https://nextjs.org/docs/messages/prerender-error

TypeError: Cannot read properties of undefined (reading 'toLowerCase')
    at b (/Users/ahmedsalem/Desktop/all my projects/uneom.com/.next/server/app/locations/[city]/[industry]/page.js:1:4337)
    at eh (/Users/ahmedsalem/Desktop/all my projects/uneom.com/node_modules/next/dist/compiled/next-server/app-page.runtime.prod.js:12:134660)
    at e (/Users/ahmedsalem/Desktop/all my projects/uneom.com/node_modules/next/dist/compiled/next-server/app-page.runtime.prod.js:12:137545)
    at ek (/Users/ahmedsalem/Desktop/all my projects/uneom.com/node_modules/next/dist/compiled/next-server/app-page.runtime.prod.js:12:138019)
    at Array.toJSON (/Users/ahmedsalem/Desktop/all my projects/uneom.com/node_modules/next/dist/compiled/next-server/app-page.runtime.prod.js:12:135629)
    at stringify (<anonymous>)
    at eP (/Users/ahmedsalem/Desktop/all my projects/uneom.com/node_modules/next/dist/compiled/next-server/app-page.runtime.prod.js:12:142093)
    at eE (/Users/ahmedsalem/Desktop/all my projects/uneom.com/node_modules/next/dist/compiled/next-server/app-page.runtime.prod.js:12:142572)
    at AsyncLocalStorage.run (node:internal/async_local_storage/async_context_frame:63:14)
    at Timeout._onTimeout (/Users/ahmedsalem/Desktop/all my projects/uneom.com/node_modules/next/dist/compiled/next-server/app-page.runtime.prod.js:12:150373)

Error occurred prerendering page "/locations/jeddah/education". Read more: https://nextjs.org/docs/messages/prerender-error

TypeError: Cannot read properties of undefined (reading 'toLowerCase')
    at b (/Users/ahmedsalem/Desktop/all my projects/uneom.com/.next/server/app/locations/[city]/[industry]/page.js:1:4337)
    at eh (/Users/ahmedsalem/Desktop/all my projects/uneom.com/node_modules/next/dist/compiled/next-server/app-page.runtime.prod.js:12:134660)
    at e (/Users/ahmedsalem/Desktop/all my projects/uneom.com/node_modules/next/dist/compiled/next-server/app-page.runtime.prod.js:12:137545)
    at ek (/Users/ahmedsalem/Desktop/all my projects/uneom.com/node_modules/next/dist/compiled/next-server/app-page.runtime.prod.js:12:138019)
    at Array.toJSON (/Users/ahmedsalem/Desktop/all my projects/uneom.com/node_modules/next/dist/compiled/next-server/app-page.runtime.prod.js:12:135629)
    at stringify (<anonymous>)
    at eP (/Users/ahmedsalem/Desktop/all my projects/uneom.com/node_modules/next/dist/compiled/next-server/app-page.runtime.prod.js:12:142093)
    at eE (/Users/ahmedsalem/Desktop/all my projects/uneom.com/node_modules/next/dist/compiled/next-server/app-page.runtime.prod.js:12:142572)
    at AsyncLocalStorage.run (node:internal/async_local_storage/async_context_frame:63:14)
    at Timeout._onTimeout (/Users/ahmedsalem/Desktop/all my projects/uneom.com/node_modules/next/dist/compiled/next-server/app-page.runtime.prod.js:12:150373)

Error occurred prerendering page "/locations/jeddah/hospitality". Read more: https://nextjs.org/docs/messages/prerender-error

TypeError: Cannot read properties of undefined (reading 'toLowerCase')
    at b (/Users/ahmedsalem/Desktop/all my projects/uneom.com/.next/server/app/locations/[city]/[industry]/page.js:1:4337)
    at eh (/Users/ahmedsalem/Desktop/all my projects/uneom.com/node_modules/next/dist/compiled/next-server/app-page.runtime.prod.js:12:134660)
    at e (/Users/ahmedsalem/Desktop/all my projects/uneom.com/node_modules/next/dist/compiled/next-server/app-page.runtime.prod.js:12:137545)
    at ek (/Users/ahmedsalem/Desktop/all my projects/uneom.com/node_modules/next/dist/compiled/next-server/app-page.runtime.prod.js:12:138019)
    at Array.toJSON (/Users/ahmedsalem/Desktop/all my projects/uneom.com/node_modules/next/dist/compiled/next-server/app-page.runtime.prod.js:12:135629)
    at stringify (<anonymous>)
    at eP (/Users/ahmedsalem/Desktop/all my projects/uneom.com/node_modules/next/dist/compiled/next-server/app-page.runtime.prod.js:12:142093)
    at eE (/Users/ahmedsalem/Desktop/all my projects/uneom.com/node_modules/next/dist/compiled/next-server/app-page.runtime.prod.js:12:142572)
    at AsyncLocalStorage.run (node:internal/async_local_storage/async_context_frame:63:14)
    at Timeout._onTimeout (/Users/ahmedsalem/Desktop/all my projects/uneom.com/node_modules/next/dist/compiled/next-server/app-page.runtime.prod.js:12:150373)

Error occurred prerendering page "/locations/jeddah/corporate". Read more: https://nextjs.org/docs/messages/prerender-error

TypeError: Cannot read properties of undefined (reading 'toLowerCase')
    at b (/Users/ahmedsalem/Desktop/all my projects/uneom.com/.next/server/app/locations/[city]/[industry]/page.js:1:4337)
    at eh (/Users/ahmedsalem/Desktop/all my projects/uneom.com/node_modules/next/dist/compiled/next-server/app-page.runtime.prod.js:12:134660)
    at e (/Users/ahmedsalem/Desktop/all my projects/uneom.com/node_modules/next/dist/compiled/next-server/app-page.runtime.prod.js:12:137545)
    at ek (/Users/ahmedsalem/Desktop/all my projects/uneom.com/node_modules/next/dist/compiled/next-server/app-page.runtime.prod.js:12:138019)
    at Array.toJSON (/Users/ahmedsalem/Desktop/all my projects/uneom.com/node_modules/next/dist/compiled/next-server/app-page.runtime.prod.js:12:135629)
    at stringify (<anonymous>)
    at eP (/Users/ahmedsalem/Desktop/all my projects/uneom.com/node_modules/next/dist/compiled/next-server/app-page.runtime.prod.js:12:142093)
    at eE (/Users/ahmedsalem/Desktop/all my projects/uneom.com/node_modules/next/dist/compiled/next-server/app-page.runtime.prod.js:12:142572)
    at AsyncLocalStorage.run (node:internal/async_local_storage/async_context_frame:63:14)
    at Timeout._onTimeout (/Users/ahmedsalem/Desktop/all my projects/uneom.com/node_modules/next/dist/compiled/next-server/app-page.runtime.prod.js:12:150373)

Error occurred prerendering page "/locations/jeddah/manufacturing". Read more: https://nextjs.org/docs/messages/prerender-error

TypeError: Cannot read properties of undefined (reading 'toLowerCase')
    at b (/Users/ahmedsalem/Desktop/all my projects/uneom.com/.next/server/app/locations/[city]/[industry]/page.js:1:4337)
    at eh (/Users/ahmedsalem/Desktop/all my projects/uneom.com/node_modules/next/dist/compiled/next-server/app-page.runtime.prod.js:12:134660)
    at e (/Users/ahmedsalem/Desktop/all my projects/uneom.com/node_modules/next/dist/compiled/next-server/app-page.runtime.prod.js:12:137545)
    at ek (/Users/ahmedsalem/Desktop/all my projects/uneom.com/node_modules/next/dist/compiled/next-server/app-page.runtime.prod.js:12:138019)
    at Array.toJSON (/Users/ahmedsalem/Desktop/all my projects/uneom.com/node_modules/next/dist/compiled/next-server/app-page.runtime.prod.js:12:135629)
    at stringify (<anonymous>)
    at eP (/Users/ahmedsalem/Desktop/all my projects/uneom.com/node_modules/next/dist/compiled/next-server/app-page.runtime.prod.js:12:142093)
    at eE (/Users/ahmedsalem/Desktop/all my projects/uneom.com/node_modules/next/dist/compiled/next-server/app-page.runtime.prod.js:12:142572)
    at AsyncLocalStorage.run (node:internal/async_local_storage/async_context_frame:63:14)
    at Timeout._onTimeout (/Users/ahmedsalem/Desktop/all my projects/uneom.com/node_modules/next/dist/compiled/next-server/app-page.runtime.prod.js:12:150373)
TypeError: Cannot read properties of undefined (reading 'toLowerCase')
    at b (/Users/ahmedsalem/Desktop/all my projects/uneom.com/.next/server/app/locations/[city]/[industry]/page.js:1:4337)
    at eh (/Users/ahmedsalem/Desktop/all my projects/uneom.com/node_modules/next/dist/compiled/next-server/app-page.runtime.prod.js:12:134660)
    at e (/Users/ahmedsalem/Desktop/all my projects/uneom.com/node_modules/next/dist/compiled/next-server/app-page.runtime.prod.js:12:137545)
    at ek (/Users/ahmedsalem/Desktop/all my projects/uneom.com/node_modules/next/dist/compiled/next-server/app-page.runtime.prod.js:12:138019)
    at Array.toJSON (/Users/ahmedsalem/Desktop/all my projects/uneom.com/node_modules/next/dist/compiled/next-server/app-page.runtime.prod.js:12:135629)
    at stringify (<anonymous>)
    at eP (/Users/ahmedsalem/Desktop/all my projects/uneom.com/node_modules/next/dist/compiled/next-server/app-page.runtime.prod.js:12:142093)
    at eE (/Users/ahmedsalem/Desktop/all my projects/uneom.com/node_modules/next/dist/compiled/next-server/app-page.runtime.prod.js:12:142572)
    at AsyncLocalStorage.run (node:internal/async_local_storage/async_context_frame:63:14)
    at Timeout._onTimeout (/Users/ahmedsalem/Desktop/all my projects/uneom.com/node_modules/next/dist/compiled/next-server/app-page.runtime.prod.js:12:150373) {
  digest: '785353560'
}
TypeError: Cannot read properties of undefined (reading 'toLowerCase')
    at b (/Users/ahmedsalem/Desktop/all my projects/uneom.com/.next/server/app/locations/[city]/[industry]/page.js:1:4337)
    at eh (/Users/ahmedsalem/Desktop/all my projects/uneom.com/node_modules/next/dist/compiled/next-server/app-page.runtime.prod.js:12:134660)
    at e (/Users/ahmedsalem/Desktop/all my projects/uneom.com/node_modules/next/dist/compiled/next-server/app-page.runtime.prod.js:12:137545)
    at ek (/Users/ahmedsalem/Desktop/all my projects/uneom.com/node_modules/next/dist/compiled/next-server/app-page.runtime.prod.js:12:138019)
    at Array.toJSON (/Users/ahmedsalem/Desktop/all my projects/uneom.com/node_modules/next/dist/compiled/next-server/app-page.runtime.prod.js:12:135629)
    at stringify (<anonymous>)
    at eP (/Users/ahmedsalem/Desktop/all my projects/uneom.com/node_modules/next/dist/compiled/next-server/app-page.runtime.prod.js:12:142093)
    at eE (/Users/ahmedsalem/Desktop/all my projects/uneom.com/node_modules/next/dist/compiled/next-server/app-page.runtime.prod.js:12:142572)
    at Timeout._onTimeout (/Users/ahmedsalem/Desktop/all my projects/uneom.com/node_modules/next/dist/compiled/next-server/app-page.runtime.prod.js:12:135349)
    at listOnTimeout (node:internal/timers:605:17) {
  digest: '2151575143'
}
TypeError: Cannot read properties of undefined (reading 'toLowerCase')
    at Module.y (/Users/ahmedsalem/Desktop/all my projects/uneom.com/.next/server/app/locations/[city]/[industry]/page.js:1:2657)
    at /Users/ahmedsalem/Desktop/all my projects/uneom.com/node_modules/next/dist/compiled/next-server/app-page.runtime.prod.js:12:227525
    at /Users/ahmedsalem/Desktop/all my projects/uneom.com/node_modules/next/dist/server/lib/trace/tracer.js:140:36
    at NoopContextManager.with (/Users/ahmedsalem/Desktop/all my projects/uneom.com/node_modules/next/dist/compiled/@opentelemetry/api/index.js:1:7062)
    at ContextAPI.with (/Users/ahmedsalem/Desktop/all my projects/uneom.com/node_modules/next/dist/compiled/@opentelemetry/api/index.js:1:518)
    at NoopTracer.startActiveSpan (/Users/ahmedsalem/Desktop/all my projects/uneom.com/node_modules/next/dist/compiled/@opentelemetry/api/index.js:1:18093)
    at ProxyTracer.startActiveSpan (/Users/ahmedsalem/Desktop/all my projects/uneom.com/node_modules/next/dist/compiled/@opentelemetry/api/index.js:1:18854)
    at /Users/ahmedsalem/Desktop/all my projects/uneom.com/node_modules/next/dist/server/lib/trace/tracer.js:122:103
    at NoopContextManager.with (/Users/ahmedsalem/Desktop/all my projects/uneom.com/node_modules/next/dist/compiled/@opentelemetry/api/index.js:1:7062)
    at ContextAPI.with (/Users/ahmedsalem/Desktop/all my projects/uneom.com/node_modules/next/dist/compiled/@opentelemetry/api/index.js:1:518) {
  digest: '2592674761'
}
TypeError: Cannot read properties of undefined (reading 'toLowerCase')
    at b (/Users/ahmedsalem/Desktop/all my projects/uneom.com/.next/server/app/locations/[city]/[industry]/page.js:1:4337)
    at eh (/Users/ahmedsalem/Desktop/all my projects/uneom.com/node_modules/next/dist/compiled/next-server/app-page.runtime.prod.js:12:134660)
    at e (/Users/ahmedsalem/Desktop/all my projects/uneom.com/node_modules/next/dist/compiled/next-server/app-page.runtime.prod.js:12:137545)
    at ek (/Users/ahmedsalem/Desktop/all my projects/uneom.com/node_modules/next/dist/compiled/next-server/app-page.runtime.prod.js:12:138019)
    at Array.toJSON (/Users/ahmedsalem/Desktop/all my projects/uneom.com/node_modules/next/dist/compiled/next-server/app-page.runtime.prod.js:12:135629)
    at stringify (<anonymous>)
    at eP (/Users/ahmedsalem/Desktop/all my projects/uneom.com/node_modules/next/dist/compiled/next-server/app-page.runtime.prod.js:12:142093)
    at eE (/Users/ahmedsalem/Desktop/all my projects/uneom.com/node_modules/next/dist/compiled/next-server/app-page.runtime.prod.js:12:142572)
    at AsyncLocalStorage.run (node:internal/async_local_storage/async_context_frame:63:14)
    at Timeout._onTimeout (/Users/ahmedsalem/Desktop/all my projects/uneom.com/node_modules/next/dist/compiled/next-server/app-page.runtime.prod.js:12:150373) {
  digest: '785353560'
}
TypeError: Cannot read properties of undefined (reading 'toLowerCase')
    at b (/Users/ahmedsalem/Desktop/all my projects/uneom.com/.next/server/app/locations/[city]/[industry]/page.js:1:4337)
    at eh (/Users/ahmedsalem/Desktop/all my projects/uneom.com/node_modules/next/dist/compiled/next-server/app-page.runtime.prod.js:12:134660)
    at e (/Users/ahmedsalem/Desktop/all my projects/uneom.com/node_modules/next/dist/compiled/next-server/app-page.runtime.prod.js:12:137545)
    at ek (/Users/ahmedsalem/Desktop/all my projects/uneom.com/node_modules/next/dist/compiled/next-server/app-page.runtime.prod.js:12:138019)
    at Array.toJSON (/Users/ahmedsalem/Desktop/all my projects/uneom.com/node_modules/next/dist/compiled/next-server/app-page.runtime.prod.js:12:135629)
    at stringify (<anonymous>)
    at eP (/Users/ahmedsalem/Desktop/all my projects/uneom.com/node_modules/next/dist/compiled/next-server/app-page.runtime.prod.js:12:142093)
    at eE (/Users/ahmedsalem/Desktop/all my projects/uneom.com/node_modules/next/dist/compiled/next-server/app-page.runtime.prod.js:12:142572)
    at Timeout._onTimeout (/Users/ahmedsalem/Desktop/all my projects/uneom.com/node_modules/next/dist/compiled/next-server/app-page.runtime.prod.js:12:135349)
    at listOnTimeout (node:internal/timers:605:17) {
  digest: '2151575143'
}
TypeError: Cannot read properties of undefined (reading 'toLowerCase')
    at Module.y (/Users/ahmedsalem/Desktop/all my projects/uneom.com/.next/server/app/locations/[city]/[industry]/page.js:1:2657)
    at /Users/ahmedsalem/Desktop/all my projects/uneom.com/node_modules/next/dist/compiled/next-server/app-page.runtime.prod.js:12:227525
    at /Users/ahmedsalem/Desktop/all my projects/uneom.com/node_modules/next/dist/server/lib/trace/tracer.js:140:36
    at NoopContextManager.with (/Users/ahmedsalem/Desktop/all my projects/uneom.com/node_modules/next/dist/compiled/@opentelemetry/api/index.js:1:7062)
    at ContextAPI.with (/Users/ahmedsalem/Desktop/all my projects/uneom.com/node_modules/next/dist/compiled/@opentelemetry/api/index.js:1:518)
    at NoopTracer.startActiveSpan (/Users/ahmedsalem/Desktop/all my projects/uneom.com/node_modules/next/dist/compiled/@opentelemetry/api/index.js:1:18093)
    at ProxyTracer.startActiveSpan (/Users/ahmedsalem/Desktop/all my projects/uneom.com/node_modules/next/dist/compiled/@opentelemetry/api/index.js:1:18854)
    at /Users/ahmedsalem/Desktop/all my projects/uneom.com/node_modules/next/dist/server/lib/trace/tracer.js:122:103
    at NoopContextManager.with (/Users/ahmedsalem/Desktop/all my projects/uneom.com/node_modules/next/dist/compiled/@opentelemetry/api/index.js:1:7062)
    at ContextAPI.with (/Users/ahmedsalem/Desktop/all my projects/uneom.com/node_modules/next/dist/compiled/@opentelemetry/api/index.js:1:518) {
  digest: '2592674761'
}
TypeError: Cannot read properties of undefined (reading 'toLowerCase')
    at Module.y (/Users/ahmedsalem/Desktop/all my projects/uneom.com/.next/server/app/locations/[city]/[industry]/page.js:1:2657)
    at /Users/ahmedsalem/Desktop/all my projects/uneom.com/node_modules/next/dist/compiled/next-server/app-page.runtime.prod.js:12:227525
    at /Users/ahmedsalem/Desktop/all my projects/uneom.com/node_modules/next/dist/server/lib/trace/tracer.js:140:36
    at NoopContextManager.with (/Users/ahmedsalem/Desktop/all my projects/uneom.com/node_modules/next/dist/compiled/@opentelemetry/api/index.js:1:7062)
    at ContextAPI.with (/Users/ahmedsalem/Desktop/all my projects/uneom.com/node_modules/next/dist/compiled/@opentelemetry/api/index.js:1:518)
    at NoopTracer.startActiveSpan (/Users/ahmedsalem/Desktop/all my projects/uneom.com/node_modules/next/dist/compiled/@opentelemetry/api/index.js:1:18093)
    at ProxyTracer.startActiveSpan (/Users/ahmedsalem/Desktop/all my projects/uneom.com/node_modules/next/dist/compiled/@opentelemetry/api/index.js:1:18854)
    at /Users/ahmedsalem/Desktop/all my projects/uneom.com/node_modules/next/dist/server/lib/trace/tracer.js:122:103
    at NoopContextManager.with (/Users/ahmedsalem/Desktop/all my projects/uneom.com/node_modules/next/dist/compiled/@opentelemetry/api/index.js:1:7062)
    at ContextAPI.with (/Users/ahmedsalem/Desktop/all my projects/uneom.com/node_modules/next/dist/compiled/@opentelemetry/api/index.js:1:518) {
  digest: '2592674761'
}
TypeError: Cannot read properties of undefined (reading 'toLowerCase')
    at b (/Users/ahmedsalem/Desktop/all my projects/uneom.com/.next/server/app/locations/[city]/[industry]/page.js:1:4337)
    at eh (/Users/ahmedsalem/Desktop/all my projects/uneom.com/node_modules/next/dist/compiled/next-server/app-page.runtime.prod.js:12:134660)
    at e (/Users/ahmedsalem/Desktop/all my projects/uneom.com/node_modules/next/dist/compiled/next-server/app-page.runtime.prod.js:12:137545)
    at ek (/Users/ahmedsalem/Desktop/all my projects/uneom.com/node_modules/next/dist/compiled/next-server/app-page.runtime.prod.js:12:138019)
    at Array.toJSON (/Users/ahmedsalem/Desktop/all my projects/uneom.com/node_modules/next/dist/compiled/next-server/app-page.runtime.prod.js:12:135629)
    at stringify (<anonymous>)
    at eP (/Users/ahmedsalem/Desktop/all my projects/uneom.com/node_modules/next/dist/compiled/next-server/app-page.runtime.prod.js:12:142093)
    at eE (/Users/ahmedsalem/Desktop/all my projects/uneom.com/node_modules/next/dist/compiled/next-server/app-page.runtime.prod.js:12:142572)
    at AsyncLocalStorage.run (node:internal/async_local_storage/async_context_frame:63:14)
    at Timeout._onTimeout (/Users/ahmedsalem/Desktop/all my projects/uneom.com/node_modules/next/dist/compiled/next-server/app-page.runtime.prod.js:12:150373) {
  digest: '785353560'
}
TypeError: Cannot read properties of undefined (reading 'toLowerCase')
    at b (/Users/ahmedsalem/Desktop/all my projects/uneom.com/.next/server/app/locations/[city]/[industry]/page.js:1:4337)
    at eh (/Users/ahmedsalem/Desktop/all my projects/uneom.com/node_modules/next/dist/compiled/next-server/app-page.runtime.prod.js:12:134660)
    at e (/Users/ahmedsalem/Desktop/all my projects/uneom.com/node_modules/next/dist/compiled/next-server/app-page.runtime.prod.js:12:137545)
    at ek (/Users/ahmedsalem/Desktop/all my projects/uneom.com/node_modules/next/dist/compiled/next-server/app-page.runtime.prod.js:12:138019)
    at Array.toJSON (/Users/ahmedsalem/Desktop/all my projects/uneom.com/node_modules/next/dist/compiled/next-server/app-page.runtime.prod.js:12:135629)
    at stringify (<anonymous>)
    at eP (/Users/ahmedsalem/Desktop/all my projects/uneom.com/node_modules/next/dist/compiled/next-server/app-page.runtime.prod.js:12:142093)
    at eE (/Users/ahmedsalem/Desktop/all my projects/uneom.com/node_modules/next/dist/compiled/next-server/app-page.runtime.prod.js:12:142572)
    at AsyncLocalStorage.run (node:internal/async_local_storage/async_context_frame:63:14)
    at Timeout._onTimeout (/Users/ahmedsalem/Desktop/all my projects/uneom.com/node_modules/next/dist/compiled/next-server/app-page.runtime.prod.js:12:150373) {
  digest: '785353560'
}
TypeError: Cannot read properties of undefined (reading 'toLowerCase')
    at b (/Users/ahmedsalem/Desktop/all my projects/uneom.com/.next/server/app/locations/[city]/[industry]/page.js:1:4337)
    at eh (/Users/ahmedsalem/Desktop/all my projects/uneom.com/node_modules/next/dist/compiled/next-server/app-page.runtime.prod.js:12:134660)
    at e (/Users/ahmedsalem/Desktop/all my projects/uneom.com/node_modules/next/dist/compiled/next-server/app-page.runtime.prod.js:12:137545)
    at ek (/Users/ahmedsalem/Desktop/all my projects/uneom.com/node_modules/next/dist/compiled/next-server/app-page.runtime.prod.js:12:138019)
    at Array.toJSON (/Users/ahmedsalem/Desktop/all my projects/uneom.com/node_modules/next/dist/compiled/next-server/app-page.runtime.prod.js:12:135629)
    at stringify (<anonymous>)
    at eP (/Users/ahmedsalem/Desktop/all my projects/uneom.com/node_modules/next/dist/compiled/next-server/app-page.runtime.prod.js:12:142093)
    at eE (/Users/ahmedsalem/Desktop/all my projects/uneom.com/node_modules/next/dist/compiled/next-server/app-page.runtime.prod.js:12:142572)
    at AsyncLocalStorage.run (node:internal/async_local_storage/async_context_frame:63:14)
    at Timeout._onTimeout (/Users/ahmedsalem/Desktop/all my projects/uneom.com/node_modules/next/dist/compiled/next-server/app-page.runtime.prod.js:12:150373) {
  digest: '785353560'
}
TypeError: Cannot read properties of undefined (reading 'toLowerCase')
    at Module.y (/Users/ahmedsalem/Desktop/all my projects/uneom.com/.next/server/app/locations/[city]/[industry]/page.js:1:2657)
    at /Users/ahmedsalem/Desktop/all my projects/uneom.com/node_modules/next/dist/compiled/next-server/app-page.runtime.prod.js:12:227525
    at /Users/ahmedsalem/Desktop/all my projects/uneom.com/node_modules/next/dist/server/lib/trace/tracer.js:140:36
    at NoopContextManager.with (/Users/ahmedsalem/Desktop/all my projects/uneom.com/node_modules/next/dist/compiled/@opentelemetry/api/index.js:1:7062)
    at ContextAPI.with (/Users/ahmedsalem/Desktop/all my projects/uneom.com/node_modules/next/dist/compiled/@opentelemetry/api/index.js:1:518)
    at NoopTracer.startActiveSpan (/Users/ahmedsalem/Desktop/all my projects/uneom.com/node_modules/next/dist/compiled/@opentelemetry/api/index.js:1:18093)
    at ProxyTracer.startActiveSpan (/Users/ahmedsalem/Desktop/all my projects/uneom.com/node_modules/next/dist/compiled/@opentelemetry/api/index.js:1:18854)
    at /Users/ahmedsalem/Desktop/all my projects/uneom.com/node_modules/next/dist/server/lib/trace/tracer.js:122:103
    at NoopContextManager.with (/Users/ahmedsalem/Desktop/all my projects/uneom.com/node_modules/next/dist/compiled/@opentelemetry/api/index.js:1:7062)
    at ContextAPI.with (/Users/ahmedsalem/Desktop/all my projects/uneom.com/node_modules/next/dist/compiled/@opentelemetry/api/index.js:1:518) {
  digest: '2592674761'
}
TypeError: Cannot read properties of undefined (reading 'toLowerCase')
    at b (/Users/ahmedsalem/Desktop/all my projects/uneom.com/.next/server/app/locations/[city]/[industry]/page.js:1:4337)
    at eh (/Users/ahmedsalem/Desktop/all my projects/uneom.com/node_modules/next/dist/compiled/next-server/app-page.runtime.prod.js:12:134660)
    at e (/Users/ahmedsalem/Desktop/all my projects/uneom.com/node_modules/next/dist/compiled/next-server/app-page.runtime.prod.js:12:137545)
    at ek (/Users/ahmedsalem/Desktop/all my projects/uneom.com/node_modules/next/dist/compiled/next-server/app-page.runtime.prod.js:12:138019)
    at Array.toJSON (/Users/ahmedsalem/Desktop/all my projects/uneom.com/node_modules/next/dist/compiled/next-server/app-page.runtime.prod.js:12:135629)
    at stringify (<anonymous>)
    at eP (/Users/ahmedsalem/Desktop/all my projects/uneom.com/node_modules/next/dist/compiled/next-server/app-page.runtime.prod.js:12:142093)
    at eE (/Users/ahmedsalem/Desktop/all my projects/uneom.com/node_modules/next/dist/compiled/next-server/app-page.runtime.prod.js:12:142572)
    at AsyncLocalStorage.run (node:internal/async_local_storage/async_context_frame:63:14)
    at Timeout._onTimeout (/Users/ahmedsalem/Desktop/all my projects/uneom.com/node_modules/next/dist/compiled/next-server/app-page.runtime.prod.js:12:150373) {
  digest: '785353560'
}
TypeError: Cannot read properties of undefined (reading 'toLowerCase')
    at b (/Users/ahmedsalem/Desktop/all my projects/uneom.com/.next/server/app/locations/[city]/[industry]/page.js:1:4337)
    at eh (/Users/ahmedsalem/Desktop/all my projects/uneom.com/node_modules/next/dist/compiled/next-server/app-page.runtime.prod.js:12:134660)
    at e (/Users/ahmedsalem/Desktop/all my projects/uneom.com/node_modules/next/dist/compiled/next-server/app-page.runtime.prod.js:12:137545)
    at ek (/Users/ahmedsalem/Desktop/all my projects/uneom.com/node_modules/next/dist/compiled/next-server/app-page.runtime.prod.js:12:138019)
    at Array.toJSON (/Users/ahmedsalem/Desktop/all my projects/uneom.com/node_modules/next/dist/compiled/next-server/app-page.runtime.prod.js:12:135629)
    at stringify (<anonymous>)
    at eP (/Users/ahmedsalem/Desktop/all my projects/uneom.com/node_modules/next/dist/compiled/next-server/app-page.runtime.prod.js:12:142093)
    at eE (/Users/ahmedsalem/Desktop/all my projects/uneom.com/node_modules/next/dist/compiled/next-server/app-page.runtime.prod.js:12:142572)
    at Timeout._onTimeout (/Users/ahmedsalem/Desktop/all my projects/uneom.com/node_modules/next/dist/compiled/next-server/app-page.runtime.prod.js:12:135349)
    at listOnTimeout (node:internal/timers:605:17) {
  digest: '2151575143'
}
TypeError: Cannot read properties of undefined (reading 'toLowerCase')
    at b (/Users/ahmedsalem/Desktop/all my projects/uneom.com/.next/server/app/locations/[city]/[industry]/page.js:1:4337)
    at eh (/Users/ahmedsalem/Desktop/all my projects/uneom.com/node_modules/next/dist/compiled/next-server/app-page.runtime.prod.js:12:134660)
    at e (/Users/ahmedsalem/Desktop/all my projects/uneom.com/node_modules/next/dist/compiled/next-server/app-page.runtime.prod.js:12:137545)
    at ek (/Users/ahmedsalem/Desktop/all my projects/uneom.com/node_modules/next/dist/compiled/next-server/app-page.runtime.prod.js:12:138019)
    at Array.toJSON (/Users/ahmedsalem/Desktop/all my projects/uneom.com/node_modules/next/dist/compiled/next-server/app-page.runtime.prod.js:12:135629)
    at stringify (<anonymous>)
    at eP (/Users/ahmedsalem/Desktop/all my projects/uneom.com/node_modules/next/dist/compiled/next-server/app-page.runtime.prod.js:12:142093)
    at eE (/Users/ahmedsalem/Desktop/all my projects/uneom.com/node_modules/next/dist/compiled/next-server/app-page.runtime.prod.js:12:142572)
    at Timeout._onTimeout (/Users/ahmedsalem/Desktop/all my projects/uneom.com/node_modules/next/dist/compiled/next-server/app-page.runtime.prod.js:12:135349)
    at listOnTimeout (node:internal/timers:605:17) {
  digest: '2151575143'
}
TypeError: Cannot read properties of undefined (reading 'toLowerCase')
    at b (/Users/ahmedsalem/Desktop/all my projects/uneom.com/.next/server/app/locations/[city]/[industry]/page.js:1:4337)
    at eh (/Users/ahmedsalem/Desktop/all my projects/uneom.com/node_modules/next/dist/compiled/next-server/app-page.runtime.prod.js:12:134660)
    at e (/Users/ahmedsalem/Desktop/all my projects/uneom.com/node_modules/next/dist/compiled/next-server/app-page.runtime.prod.js:12:137545)
    at ek (/Users/ahmedsalem/Desktop/all my projects/uneom.com/node_modules/next/dist/compiled/next-server/app-page.runtime.prod.js:12:138019)
    at Array.toJSON (/Users/ahmedsalem/Desktop/all my projects/uneom.com/node_modules/next/dist/compiled/next-server/app-page.runtime.prod.js:12:135629)
    at stringify (<anonymous>)
    at eP (/Users/ahmedsalem/Desktop/all my projects/uneom.com/node_modules/next/dist/compiled/next-server/app-page.runtime.prod.js:12:142093)
    at eE (/Users/ahmedsalem/Desktop/all my projects/uneom.com/node_modules/next/dist/compiled/next-server/app-page.runtime.prod.js:12:142572)
    at Timeout._onTimeout (/Users/ahmedsalem/Desktop/all my projects/uneom.com/node_modules/next/dist/compiled/next-server/app-page.runtime.prod.js:12:135349)
    at listOnTimeout (node:internal/timers:605:17) {
  digest: '2151575143'
}
TypeError: Cannot read properties of undefined (reading 'toLowerCase')
    at b (/Users/ahmedsalem/Desktop/all my projects/uneom.com/.next/server/app/locations/[city]/[industry]/page.js:1:4337)
    at eh (/Users/ahmedsalem/Desktop/all my projects/uneom.com/node_modules/next/dist/compiled/next-server/app-page.runtime.prod.js:12:134660)
    at e (/Users/ahmedsalem/Desktop/all my projects/uneom.com/node_modules/next/dist/compiled/next-server/app-page.runtime.prod.js:12:137545)
    at ek (/Users/ahmedsalem/Desktop/all my projects/uneom.com/node_modules/next/dist/compiled/next-server/app-page.runtime.prod.js:12:138019)
    at Array.toJSON (/Users/ahmedsalem/Desktop/all my projects/uneom.com/node_modules/next/dist/compiled/next-server/app-page.runtime.prod.js:12:135629)
    at stringify (<anonymous>)
    at eP (/Users/ahmedsalem/Desktop/all my projects/uneom.com/node_modules/next/dist/compiled/next-server/app-page.runtime.prod.js:12:142093)
    at eE (/Users/ahmedsalem/Desktop/all my projects/uneom.com/node_modules/next/dist/compiled/next-server/app-page.runtime.prod.js:12:142572)
    at Timeout._onTimeout (/Users/ahmedsalem/Desktop/all my projects/uneom.com/node_modules/next/dist/compiled/next-server/app-page.runtime.prod.js:12:135349)
    at listOnTimeout (node:internal/timers:605:17) {
  digest: '2151575143'
}
TypeError: Cannot read properties of undefined (reading 'toLowerCase')
    at b (/Users/ahmedsalem/Desktop/all my projects/uneom.com/.next/server/app/locations/[city]/[industry]/page.js:1:4337)
    at eh (/Users/ahmedsalem/Desktop/all my projects/uneom.com/node_modules/next/dist/compiled/next-server/app-page.runtime.prod.js:12:134660)
    at e (/Users/ahmedsalem/Desktop/all my projects/uneom.com/node_modules/next/dist/compiled/next-server/app-page.runtime.prod.js:12:137545)
    at ek (/Users/ahmedsalem/Desktop/all my projects/uneom.com/node_modules/next/dist/compiled/next-server/app-page.runtime.prod.js:12:138019)
    at Array.toJSON (/Users/ahmedsalem/Desktop/all my projects/uneom.com/node_modules/next/dist/compiled/next-server/app-page.runtime.prod.js:12:135629)
    at stringify (<anonymous>)
    at eP (/Users/ahmedsalem/Desktop/all my projects/uneom.com/node_modules/next/dist/compiled/next-server/app-page.runtime.prod.js:12:142093)
    at eE (/Users/ahmedsalem/Desktop/all my projects/uneom.com/node_modules/next/dist/compiled/next-server/app-page.runtime.prod.js:12:142572)
    at AsyncLocalStorage.run (node:internal/async_local_storage/async_context_frame:63:14)
    at Timeout._onTimeout (/Users/ahmedsalem/Desktop/all my projects/uneom.com/node_modules/next/dist/compiled/next-server/app-page.runtime.prod.js:12:150373) {
  digest: '785353560'
}
TypeError: Cannot read properties of undefined (reading 'toLowerCase')
    at Module.y (/Users/ahmedsalem/Desktop/all my projects/uneom.com/.next/server/app/locations/[city]/[industry]/page.js:1:2657)
    at /Users/ahmedsalem/Desktop/all my projects/uneom.com/node_modules/next/dist/compiled/next-server/app-page.runtime.prod.js:12:227525
    at /Users/ahmedsalem/Desktop/all my projects/uneom.com/node_modules/next/dist/server/lib/trace/tracer.js:140:36
    at NoopContextManager.with (/Users/ahmedsalem/Desktop/all my projects/uneom.com/node_modules/next/dist/compiled/@opentelemetry/api/index.js:1:7062)
    at ContextAPI.with (/Users/ahmedsalem/Desktop/all my projects/uneom.com/node_modules/next/dist/compiled/@opentelemetry/api/index.js:1:518)
    at NoopTracer.startActiveSpan (/Users/ahmedsalem/Desktop/all my projects/uneom.com/node_modules/next/dist/compiled/@opentelemetry/api/index.js:1:18093)
    at ProxyTracer.startActiveSpan (/Users/ahmedsalem/Desktop/all my projects/uneom.com/node_modules/next/dist/compiled/@opentelemetry/api/index.js:1:18854)
    at /Users/ahmedsalem/Desktop/all my projects/uneom.com/node_modules/next/dist/server/lib/trace/tracer.js:122:103
    at NoopContextManager.with (/Users/ahmedsalem/Desktop/all my projects/uneom.com/node_modules/next/dist/compiled/@opentelemetry/api/index.js:1:7062)
    at ContextAPI.with (/Users/ahmedsalem/Desktop/all my projects/uneom.com/node_modules/next/dist/compiled/@opentelemetry/api/index.js:1:518) {
  digest: '2592674761'
}
TypeError: Cannot read properties of undefined (reading 'toLowerCase')
    at Module.y (/Users/ahmedsalem/Desktop/all my projects/uneom.com/.next/server/app/locations/[city]/[industry]/page.js:1:2657)
    at /Users/ahmedsalem/Desktop/all my projects/uneom.com/node_modules/next/dist/compiled/next-server/app-page.runtime.prod.js:12:227525
    at /Users/ahmedsalem/Desktop/all my projects/uneom.com/node_modules/next/dist/server/lib/trace/tracer.js:140:36
    at NoopContextManager.with (/Users/ahmedsalem/Desktop/all my projects/uneom.com/node_modules/next/dist/compiled/@opentelemetry/api/index.js:1:7062)
    at ContextAPI.with (/Users/ahmedsalem/Desktop/all my projects/uneom.com/node_modules/next/dist/compiled/@opentelemetry/api/index.js:1:518)
    at NoopTracer.startActiveSpan (/Users/ahmedsalem/Desktop/all my projects/uneom.com/node_modules/next/dist/compiled/@opentelemetry/api/index.js:1:18093)
    at ProxyTracer.startActiveSpan (/Users/ahmedsalem/Desktop/all my projects/uneom.com/node_modules/next/dist/compiled/@opentelemetry/api/index.js:1:18854)
    at /Users/ahmedsalem/Desktop/all my projects/uneom.com/node_modules/next/dist/server/lib/trace/tracer.js:122:103
    at NoopContextManager.with (/Users/ahmedsalem/Desktop/all my projects/uneom.com/node_modules/next/dist/compiled/@opentelemetry/api/index.js:1:7062)
    at ContextAPI.with (/Users/ahmedsalem/Desktop/all my projects/uneom.com/node_modules/next/dist/compiled/@opentelemetry/api/index.js:1:518) {
  digest: '2592674761'
}
TypeError: Cannot read properties of undefined (reading 'toLowerCase')
    at Module.y (/Users/ahmedsalem/Desktop/all my projects/uneom.com/.next/server/app/locations/[city]/[industry]/page.js:1:2657)
    at /Users/ahmedsalem/Desktop/all my projects/uneom.com/node_modules/next/dist/compiled/next-server/app-page.runtime.prod.js:12:227525
    at /Users/ahmedsalem/Desktop/all my projects/uneom.com/node_modules/next/dist/server/lib/trace/tracer.js:140:36
    at NoopContextManager.with (/Users/ahmedsalem/Desktop/all my projects/uneom.com/node_modules/next/dist/compiled/@opentelemetry/api/index.js:1:7062)
    at ContextAPI.with (/Users/ahmedsalem/Desktop/all my projects/uneom.com/node_modules/next/dist/compiled/@opentelemetry/api/index.js:1:518)
    at NoopTracer.startActiveSpan (/Users/ahmedsalem/Desktop/all my projects/uneom.com/node_modules/next/dist/compiled/@opentelemetry/api/index.js:1:18093)
    at ProxyTracer.startActiveSpan (/Users/ahmedsalem/Desktop/all my projects/uneom.com/node_modules/next/dist/compiled/@opentelemetry/api/index.js:1:18854)
    at /Users/ahmedsalem/Desktop/all my projects/uneom.com/node_modules/next/dist/server/lib/trace/tracer.js:122:103
    at NoopContextManager.with (/Users/ahmedsalem/Desktop/all my projects/uneom.com/node_modules/next/dist/compiled/@opentelemetry/api/index.js:1:7062)
    at ContextAPI.with (/Users/ahmedsalem/Desktop/all my projects/uneom.com/node_modules/next/dist/compiled/@opentelemetry/api/index.js:1:518) {
  digest: '2592674761'
}
TypeError: Cannot read properties of undefined (reading 'toLowerCase')
    at b (/Users/ahmedsalem/Desktop/all my projects/uneom.com/.next/server/app/locations/[city]/[industry]/page.js:1:4337)
    at eh (/Users/ahmedsalem/Desktop/all my projects/uneom.com/node_modules/next/dist/compiled/next-server/app-page.runtime.prod.js:12:134660)
    at e (/Users/ahmedsalem/Desktop/all my projects/uneom.com/node_modules/next/dist/compiled/next-server/app-page.runtime.prod.js:12:137545)
    at ek (/Users/ahmedsalem/Desktop/all my projects/uneom.com/node_modules/next/dist/compiled/next-server/app-page.runtime.prod.js:12:138019)
    at Array.toJSON (/Users/ahmedsalem/Desktop/all my projects/uneom.com/node_modules/next/dist/compiled/next-server/app-page.runtime.prod.js:12:135629)
    at stringify (<anonymous>)
    at eP (/Users/ahmedsalem/Desktop/all my projects/uneom.com/node_modules/next/dist/compiled/next-server/app-page.runtime.prod.js:12:142093)
    at eE (/Users/ahmedsalem/Desktop/all my projects/uneom.com/node_modules/next/dist/compiled/next-server/app-page.runtime.prod.js:12:142572)
    at Timeout._onTimeout (/Users/ahmedsalem/Desktop/all my projects/uneom.com/node_modules/next/dist/compiled/next-server/app-page.runtime.prod.js:12:135349)
    at listOnTimeout (node:internal/timers:605:17) {
  digest: '2151575143'
}
TypeError: Cannot read properties of undefined (reading 'toLowerCase')
    at Module.y (/Users/ahmedsalem/Desktop/all my projects/uneom.com/.next/server/app/locations/[city]/[industry]/page.js:1:2657)
    at /Users/ahmedsalem/Desktop/all my projects/uneom.com/node_modules/next/dist/compiled/next-server/app-page.runtime.prod.js:12:227525
    at /Users/ahmedsalem/Desktop/all my projects/uneom.com/node_modules/next/dist/server/lib/trace/tracer.js:140:36
    at NoopContextManager.with (/Users/ahmedsalem/Desktop/all my projects/uneom.com/node_modules/next/dist/compiled/@opentelemetry/api/index.js:1:7062)
    at ContextAPI.with (/Users/ahmedsalem/Desktop/all my projects/uneom.com/node_modules/next/dist/compiled/@opentelemetry/api/index.js:1:518)
    at NoopTracer.startActiveSpan (/Users/ahmedsalem/Desktop/all my projects/uneom.com/node_modules/next/dist/compiled/@opentelemetry/api/index.js:1:18093)
    at ProxyTracer.startActiveSpan (/Users/ahmedsalem/Desktop/all my projects/uneom.com/node_modules/next/dist/compiled/@opentelemetry/api/index.js:1:18854)
    at /Users/ahmedsalem/Desktop/all my projects/uneom.com/node_modules/next/dist/server/lib/trace/tracer.js:122:103
    at NoopContextManager.with (/Users/ahmedsalem/Desktop/all my projects/uneom.com/node_modules/next/dist/compiled/@opentelemetry/api/index.js:1:7062)
    at ContextAPI.with (/Users/ahmedsalem/Desktop/all my projects/uneom.com/node_modules/next/dist/compiled/@opentelemetry/api/index.js:1:518) {
  digest: '2592674761'
}
TypeError: Cannot read properties of undefined (reading 'toLowerCase')
    at Module.y (/Users/ahmedsalem/Desktop/all my projects/uneom.com/.next/server/app/locations/[city]/[industry]/page.js:1:2657)
    at /Users/ahmedsalem/Desktop/all my projects/uneom.com/node_modules/next/dist/compiled/next-server/app-page.runtime.prod.js:12:227525
    at /Users/ahmedsalem/Desktop/all my projects/uneom.com/node_modules/next/dist/server/lib/trace/tracer.js:140:36
    at NoopContextManager.with (/Users/ahmedsalem/Desktop/all my projects/uneom.com/node_modules/next/dist/compiled/@opentelemetry/api/index.js:1:7062)
    at ContextAPI.with (/Users/ahmedsalem/Desktop/all my projects/uneom.com/node_modules/next/dist/compiled/@opentelemetry/api/index.js:1:518)
    at NoopTracer.startActiveSpan (/Users/ahmedsalem/Desktop/all my projects/uneom.com/node_modules/next/dist/compiled/@opentelemetry/api/index.js:1:18093)
    at ProxyTracer.startActiveSpan (/Users/ahmedsalem/Desktop/all my projects/uneom.com/node_modules/next/dist/compiled/@opentelemetry/api/index.js:1:18854)
    at /Users/ahmedsalem/Desktop/all my projects/uneom.com/node_modules/next/dist/server/lib/trace/tracer.js:122:103
    at NoopContextManager.with (/Users/ahmedsalem/Desktop/all my projects/uneom.com/node_modules/next/dist/compiled/@opentelemetry/api/index.js:1:7062)
    at ContextAPI.with (/Users/ahmedsalem/Desktop/all my projects/uneom.com/node_modules/next/dist/compiled/@opentelemetry/api/index.js:1:518) {
  digest: '2592674761'
}

Error occurred prerendering page "/locations/jeddah/security". Read more: https://nextjs.org/docs/messages/prerender-error

TypeError: Cannot read properties of undefined (reading 'toLowerCase')
    at b (/Users/ahmedsalem/Desktop/all my projects/uneom.com/.next/server/app/locations/[city]/[industry]/page.js:1:4337)
    at eh (/Users/ahmedsalem/Desktop/all my projects/uneom.com/node_modules/next/dist/compiled/next-server/app-page.runtime.prod.js:12:134660)
    at e (/Users/ahmedsalem/Desktop/all my projects/uneom.com/node_modules/next/dist/compiled/next-server/app-page.runtime.prod.js:12:137545)
    at ek (/Users/ahmedsalem/Desktop/all my projects/uneom.com/node_modules/next/dist/compiled/next-server/app-page.runtime.prod.js:12:138019)
    at Array.toJSON (/Users/ahmedsalem/Desktop/all my projects/uneom.com/node_modules/next/dist/compiled/next-server/app-page.runtime.prod.js:12:135629)
    at stringify (<anonymous>)
    at eP (/Users/ahmedsalem/Desktop/all my projects/uneom.com/node_modules/next/dist/compiled/next-server/app-page.runtime.prod.js:12:142093)
    at eE (/Users/ahmedsalem/Desktop/all my projects/uneom.com/node_modules/next/dist/compiled/next-server/app-page.runtime.prod.js:12:142572)
    at AsyncLocalStorage.run (node:internal/async_local_storage/async_context_frame:63:14)
    at Timeout._onTimeout (/Users/ahmedsalem/Desktop/all my projects/uneom.com/node_modules/next/dist/compiled/next-server/app-page.runtime.prod.js:12:150373)
TypeError: Cannot read properties of undefined (reading 'toLowerCase')
    at Module.y (/Users/ahmedsalem/Desktop/all my projects/uneom.com/.next/server/app/locations/[city]/[industry]/page.js:1:2657)
    at /Users/ahmedsalem/Desktop/all my projects/uneom.com/node_modules/next/dist/compiled/next-server/app-page.runtime.prod.js:12:227525
    at /Users/ahmedsalem/Desktop/all my projects/uneom.com/node_modules/next/dist/server/lib/trace/tracer.js:140:36
    at NoopContextManager.with (/Users/ahmedsalem/Desktop/all my projects/uneom.com/node_modules/next/dist/compiled/@opentelemetry/api/index.js:1:7062)
    at ContextAPI.with (/Users/ahmedsalem/Desktop/all my projects/uneom.com/node_modules/next/dist/compiled/@opentelemetry/api/index.js:1:518)
    at NoopTracer.startActiveSpan (/Users/ahmedsalem/Desktop/all my projects/uneom.com/node_modules/next/dist/compiled/@opentelemetry/api/index.js:1:18093)
    at ProxyTracer.startActiveSpan (/Users/ahmedsalem/Desktop/all my projects/uneom.com/node_modules/next/dist/compiled/@opentelemetry/api/index.js:1:18854)
    at /Users/ahmedsalem/Desktop/all my projects/uneom.com/node_modules/next/dist/server/lib/trace/tracer.js:122:103
    at NoopContextManager.with (/Users/ahmedsalem/Desktop/all my projects/uneom.com/node_modules/next/dist/compiled/@opentelemetry/api/index.js:1:7062)
    at ContextAPI.with (/Users/ahmedsalem/Desktop/all my projects/uneom.com/node_modules/next/dist/compiled/@opentelemetry/api/index.js:1:518) {
  digest: '2592674761'
}
TypeError: Cannot read properties of undefined (reading 'toLowerCase')
    at Module.y (/Users/ahmedsalem/Desktop/all my projects/uneom.com/.next/server/app/locations/[city]/[industry]/page.js:1:2657)
    at /Users/ahmedsalem/Desktop/all my projects/uneom.com/node_modules/next/dist/compiled/next-server/app-page.runtime.prod.js:12:227525
    at /Users/ahmedsalem/Desktop/all my projects/uneom.com/node_modules/next/dist/server/lib/trace/tracer.js:140:36
    at NoopContextManager.with (/Users/ahmedsalem/Desktop/all my projects/uneom.com/node_modules/next/dist/compiled/@opentelemetry/api/index.js:1:7062)
    at ContextAPI.with (/Users/ahmedsalem/Desktop/all my projects/uneom.com/node_modules/next/dist/compiled/@opentelemetry/api/index.js:1:518)
    at NoopTracer.startActiveSpan (/Users/ahmedsalem/Desktop/all my projects/uneom.com/node_modules/next/dist/compiled/@opentelemetry/api/index.js:1:18093)
    at ProxyTracer.startActiveSpan (/Users/ahmedsalem/Desktop/all my projects/uneom.com/node_modules/next/dist/compiled/@opentelemetry/api/index.js:1:18854)
    at /Users/ahmedsalem/Desktop/all my projects/uneom.com/node_modules/next/dist/server/lib/trace/tracer.js:122:103
    at NoopContextManager.with (/Users/ahmedsalem/Desktop/all my projects/uneom.com/node_modules/next/dist/compiled/@opentelemetry/api/index.js:1:7062)
    at ContextAPI.with (/Users/ahmedsalem/Desktop/all my projects/uneom.com/node_modules/next/dist/compiled/@opentelemetry/api/index.js:1:518) {
  digest: '2592674761'
}
TypeError: Cannot read properties of undefined (reading 'toLowerCase')
    at Module.y (/Users/ahmedsalem/Desktop/all my projects/uneom.com/.next/server/app/locations/[city]/[industry]/page.js:1:2657)
    at /Users/ahmedsalem/Desktop/all my projects/uneom.com/node_modules/next/dist/compiled/next-server/app-page.runtime.prod.js:12:227525
    at /Users/ahmedsalem/Desktop/all my projects/uneom.com/node_modules/next/dist/server/lib/trace/tracer.js:140:36
    at NoopContextManager.with (/Users/ahmedsalem/Desktop/all my projects/uneom.com/node_modules/next/dist/compiled/@opentelemetry/api/index.js:1:7062)
    at ContextAPI.with (/Users/ahmedsalem/Desktop/all my projects/uneom.com/node_modules/next/dist/compiled/@opentelemetry/api/index.js:1:518)
    at NoopTracer.startActiveSpan (/Users/ahmedsalem/Desktop/all my projects/uneom.com/node_modules/next/dist/compiled/@opentelemetry/api/index.js:1:18093)
    at ProxyTracer.startActiveSpan (/Users/ahmedsalem/Desktop/all my projects/uneom.com/node_modules/next/dist/compiled/@opentelemetry/api/index.js:1:18854)
    at /Users/ahmedsalem/Desktop/all my projects/uneom.com/node_modules/next/dist/server/lib/trace/tracer.js:122:103
    at NoopContextManager.with (/Users/ahmedsalem/Desktop/all my projects/uneom.com/node_modules/next/dist/compiled/@opentelemetry/api/index.js:1:7062)
    at ContextAPI.with (/Users/ahmedsalem/Desktop/all my projects/uneom.com/node_modules/next/dist/compiled/@opentelemetry/api/index.js:1:518) {
  digest: '2592674761'
}
TypeError: Cannot read properties of undefined (reading 'toLowerCase')
    at Module.y (/Users/ahmedsalem/Desktop/all my projects/uneom.com/.next/server/app/locations/[city]/[industry]/page.js:1:2657)
    at /Users/ahmedsalem/Desktop/all my projects/uneom.com/node_modules/next/dist/compiled/next-server/app-page.runtime.prod.js:12:227525
    at /Users/ahmedsalem/Desktop/all my projects/uneom.com/node_modules/next/dist/server/lib/trace/tracer.js:140:36
    at NoopContextManager.with (/Users/ahmedsalem/Desktop/all my projects/uneom.com/node_modules/next/dist/compiled/@opentelemetry/api/index.js:1:7062)
    at ContextAPI.with (/Users/ahmedsalem/Desktop/all my projects/uneom.com/node_modules/next/dist/compiled/@opentelemetry/api/index.js:1:518)
    at NoopTracer.startActiveSpan (/Users/ahmedsalem/Desktop/all my projects/uneom.com/node_modules/next/dist/compiled/@opentelemetry/api/index.js:1:18093)
    at ProxyTracer.startActiveSpan (/Users/ahmedsalem/Desktop/all my projects/uneom.com/node_modules/next/dist/compiled/@opentelemetry/api/index.js:1:18854)
    at /Users/ahmedsalem/Desktop/all my projects/uneom.com/node_modules/next/dist/server/lib/trace/tracer.js:122:103
    at NoopContextManager.with (/Users/ahmedsalem/Desktop/all my projects/uneom.com/node_modules/next/dist/compiled/@opentelemetry/api/index.js:1:7062)
    at ContextAPI.with (/Users/ahmedsalem/Desktop/all my projects/uneom.com/node_modules/next/dist/compiled/@opentelemetry/api/index.js:1:518) {
  digest: '2592674761'
}
TypeError: Cannot read properties of undefined (reading 'toLowerCase')
    at Module.y (/Users/ahmedsalem/Desktop/all my projects/uneom.com/.next/server/app/locations/[city]/[industry]/page.js:1:2657)
    at /Users/ahmedsalem/Desktop/all my projects/uneom.com/node_modules/next/dist/compiled/next-server/app-page.runtime.prod.js:12:227525
    at /Users/ahmedsalem/Desktop/all my projects/uneom.com/node_modules/next/dist/server/lib/trace/tracer.js:140:36
    at NoopContextManager.with (/Users/ahmedsalem/Desktop/all my projects/uneom.com/node_modules/next/dist/compiled/@opentelemetry/api/index.js:1:7062)
    at ContextAPI.with (/Users/ahmedsalem/Desktop/all my projects/uneom.com/node_modules/next/dist/compiled/@opentelemetry/api/index.js:1:518)
    at NoopTracer.startActiveSpan (/Users/ahmedsalem/Desktop/all my projects/uneom.com/node_modules/next/dist/compiled/@opentelemetry/api/index.js:1:18093)
    at ProxyTracer.startActiveSpan (/Users/ahmedsalem/Desktop/all my projects/uneom.com/node_modules/next/dist/compiled/@opentelemetry/api/index.js:1:18854)
    at /Users/ahmedsalem/Desktop/all my projects/uneom.com/node_modules/next/dist/server/lib/trace/tracer.js:122:103
    at NoopContextManager.with (/Users/ahmedsalem/Desktop/all my projects/uneom.com/node_modules/next/dist/compiled/@opentelemetry/api/index.js:1:7062)
    at ContextAPI.with (/Users/ahmedsalem/Desktop/all my projects/uneom.com/node_modules/next/dist/compiled/@opentelemetry/api/index.js:1:518) {
  digest: '2592674761'
}

Error occurred prerendering page "/locations/jeddah/factory-industry". Read more: https://nextjs.org/docs/messages/prerender-error

TypeError: Cannot read properties of undefined (reading 'toLowerCase')
    at b (/Users/ahmedsalem/Desktop/all my projects/uneom.com/.next/server/app/locations/[city]/[industry]/page.js:1:4337)
    at eh (/Users/ahmedsalem/Desktop/all my projects/uneom.com/node_modules/next/dist/compiled/next-server/app-page.runtime.prod.js:12:134660)
    at e (/Users/ahmedsalem/Desktop/all my projects/uneom.com/node_modules/next/dist/compiled/next-server/app-page.runtime.prod.js:12:137545)
    at ek (/Users/ahmedsalem/Desktop/all my projects/uneom.com/node_modules/next/dist/compiled/next-server/app-page.runtime.prod.js:12:138019)
    at Array.toJSON (/Users/ahmedsalem/Desktop/all my projects/uneom.com/node_modules/next/dist/compiled/next-server/app-page.runtime.prod.js:12:135629)
    at stringify (<anonymous>)
    at eP (/Users/ahmedsalem/Desktop/all my projects/uneom.com/node_modules/next/dist/compiled/next-server/app-page.runtime.prod.js:12:142093)
    at eE (/Users/ahmedsalem/Desktop/all my projects/uneom.com/node_modules/next/dist/compiled/next-server/app-page.runtime.prod.js:12:142572)
    at AsyncLocalStorage.run (node:internal/async_local_storage/async_context_frame:63:14)
    at Timeout._onTimeout (/Users/ahmedsalem/Desktop/all my projects/uneom.com/node_modules/next/dist/compiled/next-server/app-page.runtime.prod.js:12:150373)
TypeError: Cannot read properties of undefined (reading 'toLowerCase')
    at b (/Users/ahmedsalem/Desktop/all my projects/uneom.com/.next/server/app/locations/[city]/[industry]/page.js:1:4337)
    at eh (/Users/ahmedsalem/Desktop/all my projects/uneom.com/node_modules/next/dist/compiled/next-server/app-page.runtime.prod.js:12:134660)
    at e (/Users/ahmedsalem/Desktop/all my projects/uneom.com/node_modules/next/dist/compiled/next-server/app-page.runtime.prod.js:12:137545)
    at ek (/Users/ahmedsalem/Desktop/all my projects/uneom.com/node_modules/next/dist/compiled/next-server/app-page.runtime.prod.js:12:138019)
    at Array.toJSON (/Users/ahmedsalem/Desktop/all my projects/uneom.com/node_modules/next/dist/compiled/next-server/app-page.runtime.prod.js:12:135629)
    at stringify (<anonymous>)
    at eP (/Users/ahmedsalem/Desktop/all my projects/uneom.com/node_modules/next/dist/compiled/next-server/app-page.runtime.prod.js:12:142093)
    at eE (/Users/ahmedsalem/Desktop/all my projects/uneom.com/node_modules/next/dist/compiled/next-server/app-page.runtime.prod.js:12:142572)
    at AsyncLocalStorage.run (node:internal/async_local_storage/async_context_frame:63:14)
    at Timeout._onTimeout (/Users/ahmedsalem/Desktop/all my projects/uneom.com/node_modules/next/dist/compiled/next-server/app-page.runtime.prod.js:12:150373) {
  digest: '785353560'
}

Error occurred prerendering page "/locations/jeddah/supply-manufacturing". Read more: https://nextjs.org/docs/messages/prerender-error

TypeError: Cannot read properties of undefined (reading 'toLowerCase')
    at b (/Users/ahmedsalem/Desktop/all my projects/uneom.com/.next/server/app/locations/[city]/[industry]/page.js:1:4337)
    at eh (/Users/ahmedsalem/Desktop/all my projects/uneom.com/node_modules/next/dist/compiled/next-server/app-page.runtime.prod.js:12:134660)
    at e (/Users/ahmedsalem/Desktop/all my projects/uneom.com/node_modules/next/dist/compiled/next-server/app-page.runtime.prod.js:12:137545)
    at ek (/Users/ahmedsalem/Desktop/all my projects/uneom.com/node_modules/next/dist/compiled/next-server/app-page.runtime.prod.js:12:138019)
    at Array.toJSON (/Users/ahmedsalem/Desktop/all my projects/uneom.com/node_modules/next/dist/compiled/next-server/app-page.runtime.prod.js:12:135629)
    at stringify (<anonymous>)
    at eP (/Users/ahmedsalem/Desktop/all my projects/uneom.com/node_modules/next/dist/compiled/next-server/app-page.runtime.prod.js:12:142093)
    at eE (/Users/ahmedsalem/Desktop/all my projects/uneom.com/node_modules/next/dist/compiled/next-server/app-page.runtime.prod.js:12:142572)
    at AsyncLocalStorage.run (node:internal/async_local_storage/async_context_frame:63:14)
    at Timeout._onTimeout (/Users/ahmedsalem/Desktop/all my projects/uneom.com/node_modules/next/dist/compiled/next-server/app-page.runtime.prod.js:12:150373)
TypeError: Cannot read properties of undefined (reading 'toLowerCase')
    at b (/Users/ahmedsalem/Desktop/all my projects/uneom.com/.next/server/app/locations/[city]/[industry]/page.js:1:4337)
    at eh (/Users/ahmedsalem/Desktop/all my projects/uneom.com/node_modules/next/dist/compiled/next-server/app-page.runtime.prod.js:12:134660)
    at e (/Users/ahmedsalem/Desktop/all my projects/uneom.com/node_modules/next/dist/compiled/next-server/app-page.runtime.prod.js:12:137545)
    at ek (/Users/ahmedsalem/Desktop/all my projects/uneom.com/node_modules/next/dist/compiled/next-server/app-page.runtime.prod.js:12:138019)
    at Array.toJSON (/Users/ahmedsalem/Desktop/all my projects/uneom.com/node_modules/next/dist/compiled/next-server/app-page.runtime.prod.js:12:135629)
    at stringify (<anonymous>)
    at eP (/Users/ahmedsalem/Desktop/all my projects/uneom.com/node_modules/next/dist/compiled/next-server/app-page.runtime.prod.js:12:142093)
    at eE (/Users/ahmedsalem/Desktop/all my projects/uneom.com/node_modules/next/dist/compiled/next-server/app-page.runtime.prod.js:12:142572)
    at Timeout._onTimeout (/Users/ahmedsalem/Desktop/all my projects/uneom.com/node_modules/next/dist/compiled/next-server/app-page.runtime.prod.js:12:135349)
    at listOnTimeout (node:internal/timers:605:17) {
  digest: '2151575143'
}
TypeError: Cannot read properties of undefined (reading 'toLowerCase')
    at b (/Users/ahmedsalem/Desktop/all my projects/uneom.com/.next/server/app/locations/[city]/[industry]/page.js:1:4337)
    at eh (/Users/ahmedsalem/Desktop/all my projects/uneom.com/node_modules/next/dist/compiled/next-server/app-page.runtime.prod.js:12:134660)
    at e (/Users/ahmedsalem/Desktop/all my projects/uneom.com/node_modules/next/dist/compiled/next-server/app-page.runtime.prod.js:12:137545)
    at ek (/Users/ahmedsalem/Desktop/all my projects/uneom.com/node_modules/next/dist/compiled/next-server/app-page.runtime.prod.js:12:138019)
    at Array.toJSON (/Users/ahmedsalem/Desktop/all my projects/uneom.com/node_modules/next/dist/compiled/next-server/app-page.runtime.prod.js:12:135629)
    at stringify (<anonymous>)
    at eP (/Users/ahmedsalem/Desktop/all my projects/uneom.com/node_modules/next/dist/compiled/next-server/app-page.runtime.prod.js:12:142093)
    at eE (/Users/ahmedsalem/Desktop/all my projects/uneom.com/node_modules/next/dist/compiled/next-server/app-page.runtime.prod.js:12:142572)
    at AsyncLocalStorage.run (node:internal/async_local_storage/async_context_frame:63:14)
    at Timeout._onTimeout (/Users/ahmedsalem/Desktop/all my projects/uneom.com/node_modules/next/dist/compiled/next-server/app-page.runtime.prod.js:12:150373) {
  digest: '785353560'
}

Error occurred prerendering page "/locations/dammam/healthcare". Read more: https://nextjs.org/docs/messages/prerender-error

TypeError: Cannot read properties of undefined (reading 'toLowerCase')
    at b (/Users/ahmedsalem/Desktop/all my projects/uneom.com/.next/server/app/locations/[city]/[industry]/page.js:1:4337)
    at eh (/Users/ahmedsalem/Desktop/all my projects/uneom.com/node_modules/next/dist/compiled/next-server/app-page.runtime.prod.js:12:134660)
    at e (/Users/ahmedsalem/Desktop/all my projects/uneom.com/node_modules/next/dist/compiled/next-server/app-page.runtime.prod.js:12:137545)
    at ek (/Users/ahmedsalem/Desktop/all my projects/uneom.com/node_modules/next/dist/compiled/next-server/app-page.runtime.prod.js:12:138019)
    at Array.toJSON (/Users/ahmedsalem/Desktop/all my projects/uneom.com/node_modules/next/dist/compiled/next-server/app-page.runtime.prod.js:12:135629)
    at stringify (<anonymous>)
    at eP (/Users/ahmedsalem/Desktop/all my projects/uneom.com/node_modules/next/dist/compiled/next-server/app-page.runtime.prod.js:12:142093)
    at eE (/Users/ahmedsalem/Desktop/all my projects/uneom.com/node_modules/next/dist/compiled/next-server/app-page.runtime.prod.js:12:142572)
    at AsyncLocalStorage.run (node:internal/async_local_storage/async_context_frame:63:14)
    at Timeout._onTimeout (/Users/ahmedsalem/Desktop/all my projects/uneom.com/node_modules/next/dist/compiled/next-server/app-page.runtime.prod.js:12:150373)

Error occurred prerendering page "/locations/jeddah/retail-shops". Read more: https://nextjs.org/docs/messages/prerender-error

TypeError: Cannot read properties of undefined (reading 'toLowerCase')
    at b (/Users/ahmedsalem/Desktop/all my projects/uneom.com/.next/server/app/locations/[city]/[industry]/page.js:1:4337)
    at eh (/Users/ahmedsalem/Desktop/all my projects/uneom.com/node_modules/next/dist/compiled/next-server/app-page.runtime.prod.js:12:134660)
    at e (/Users/ahmedsalem/Desktop/all my projects/uneom.com/node_modules/next/dist/compiled/next-server/app-page.runtime.prod.js:12:137545)
    at ek (/Users/ahmedsalem/Desktop/all my projects/uneom.com/node_modules/next/dist/compiled/next-server/app-page.runtime.prod.js:12:138019)
    at Array.toJSON (/Users/ahmedsalem/Desktop/all my projects/uneom.com/node_modules/next/dist/compiled/next-server/app-page.runtime.prod.js:12:135629)
    at stringify (<anonymous>)
    at eP (/Users/ahmedsalem/Desktop/all my projects/uneom.com/node_modules/next/dist/compiled/next-server/app-page.runtime.prod.js:12:142093)
    at eE (/Users/ahmedsalem/Desktop/all my projects/uneom.com/node_modules/next/dist/compiled/next-server/app-page.runtime.prod.js:12:142572)
    at AsyncLocalStorage.run (node:internal/async_local_storage/async_context_frame:63:14)
    at Timeout._onTimeout (/Users/ahmedsalem/Desktop/all my projects/uneom.com/node_modules/next/dist/compiled/next-server/app-page.runtime.prod.js:12:150373)

Error occurred prerendering page "/locations/dammam/hospitality". Read more: https://nextjs.org/docs/messages/prerender-error

TypeError: Cannot read properties of undefined (reading 'toLowerCase')
    at b (/Users/ahmedsalem/Desktop/all my projects/uneom.com/.next/server/app/locations/[city]/[industry]/page.js:1:4337)
    at eh (/Users/ahmedsalem/Desktop/all my projects/uneom.com/node_modules/next/dist/compiled/next-server/app-page.runtime.prod.js:12:134660)
    at e (/Users/ahmedsalem/Desktop/all my projects/uneom.com/node_modules/next/dist/compiled/next-server/app-page.runtime.prod.js:12:137545)
    at ek (/Users/ahmedsalem/Desktop/all my projects/uneom.com/node_modules/next/dist/compiled/next-server/app-page.runtime.prod.js:12:138019)
    at Array.toJSON (/Users/ahmedsalem/Desktop/all my projects/uneom.com/node_modules/next/dist/compiled/next-server/app-page.runtime.prod.js:12:135629)
    at stringify (<anonymous>)
    at eP (/Users/ahmedsalem/Desktop/all my projects/uneom.com/node_modules/next/dist/compiled/next-server/app-page.runtime.prod.js:12:142093)
    at eE (/Users/ahmedsalem/Desktop/all my projects/uneom.com/node_modules/next/dist/compiled/next-server/app-page.runtime.prod.js:12:142572)
    at AsyncLocalStorage.run (node:internal/async_local_storage/async_context_frame:63:14)
    at Timeout._onTimeout (/Users/ahmedsalem/Desktop/all my projects/uneom.com/node_modules/next/dist/compiled/next-server/app-page.runtime.prod.js:12:150373)

Error occurred prerendering page "/locations/dammam/aviation". Read more: https://nextjs.org/docs/messages/prerender-error

TypeError: Cannot read properties of undefined (reading 'toLowerCase')
    at b (/Users/ahmedsalem/Desktop/all my projects/uneom.com/.next/server/app/locations/[city]/[industry]/page.js:1:4337)
    at eh (/Users/ahmedsalem/Desktop/all my projects/uneom.com/node_modules/next/dist/compiled/next-server/app-page.runtime.prod.js:12:134660)
    at e (/Users/ahmedsalem/Desktop/all my projects/uneom.com/node_modules/next/dist/compiled/next-server/app-page.runtime.prod.js:12:137545)
    at ek (/Users/ahmedsalem/Desktop/all my projects/uneom.com/node_modules/next/dist/compiled/next-server/app-page.runtime.prod.js:12:138019)
    at Array.toJSON (/Users/ahmedsalem/Desktop/all my projects/uneom.com/node_modules/next/dist/compiled/next-server/app-page.runtime.prod.js:12:135629)
    at stringify (<anonymous>)
    at eP (/Users/ahmedsalem/Desktop/all my projects/uneom.com/node_modules/next/dist/compiled/next-server/app-page.runtime.prod.js:12:142093)
    at eE (/Users/ahmedsalem/Desktop/all my projects/uneom.com/node_modules/next/dist/compiled/next-server/app-page.runtime.prod.js:12:142572)
    at AsyncLocalStorage.run (node:internal/async_local_storage/async_context_frame:63:14)
    at Timeout._onTimeout (/Users/ahmedsalem/Desktop/all my projects/uneom.com/node_modules/next/dist/compiled/next-server/app-page.runtime.prod.js:12:150373)
TypeError: Cannot read properties of undefined (reading 'toLowerCase')
    at Module.y (/Users/ahmedsalem/Desktop/all my projects/uneom.com/.next/server/app/locations/[city]/[industry]/page.js:1:2657)
    at /Users/ahmedsalem/Desktop/all my projects/uneom.com/node_modules/next/dist/compiled/next-server/app-page.runtime.prod.js:12:227525
    at /Users/ahmedsalem/Desktop/all my projects/uneom.com/node_modules/next/dist/server/lib/trace/tracer.js:140:36
    at NoopContextManager.with (/Users/ahmedsalem/Desktop/all my projects/uneom.com/node_modules/next/dist/compiled/@opentelemetry/api/index.js:1:7062)
    at ContextAPI.with (/Users/ahmedsalem/Desktop/all my projects/uneom.com/node_modules/next/dist/compiled/@opentelemetry/api/index.js:1:518)
    at NoopTracer.startActiveSpan (/Users/ahmedsalem/Desktop/all my projects/uneom.com/node_modules/next/dist/compiled/@opentelemetry/api/index.js:1:18093)
    at ProxyTracer.startActiveSpan (/Users/ahmedsalem/Desktop/all my projects/uneom.com/node_modules/next/dist/compiled/@opentelemetry/api/index.js:1:18854)
    at /Users/ahmedsalem/Desktop/all my projects/uneom.com/node_modules/next/dist/server/lib/trace/tracer.js:122:103
    at NoopContextManager.with (/Users/ahmedsalem/Desktop/all my projects/uneom.com/node_modules/next/dist/compiled/@opentelemetry/api/index.js:1:7062)
    at ContextAPI.with (/Users/ahmedsalem/Desktop/all my projects/uneom.com/node_modules/next/dist/compiled/@opentelemetry/api/index.js:1:518) {
  digest: '2592674761'
}
TypeError: Cannot read properties of undefined (reading 'toLowerCase')
    at b (/Users/ahmedsalem/Desktop/all my projects/uneom.com/.next/server/app/locations/[city]/[industry]/page.js:1:4337)
    at eh (/Users/ahmedsalem/Desktop/all my projects/uneom.com/node_modules/next/dist/compiled/next-server/app-page.runtime.prod.js:12:134660)
    at e (/Users/ahmedsalem/Desktop/all my projects/uneom.com/node_modules/next/dist/compiled/next-server/app-page.runtime.prod.js:12:137545)
    at ek (/Users/ahmedsalem/Desktop/all my projects/uneom.com/node_modules/next/dist/compiled/next-server/app-page.runtime.prod.js:12:138019)
    at Array.toJSON (/Users/ahmedsalem/Desktop/all my projects/uneom.com/node_modules/next/dist/compiled/next-server/app-page.runtime.prod.js:12:135629)
    at stringify (<anonymous>)
    at eP (/Users/ahmedsalem/Desktop/all my projects/uneom.com/node_modules/next/dist/compiled/next-server/app-page.runtime.prod.js:12:142093)
    at eE (/Users/ahmedsalem/Desktop/all my projects/uneom.com/node_modules/next/dist/compiled/next-server/app-page.runtime.prod.js:12:142572)
    at Timeout._onTimeout (/Users/ahmedsalem/Desktop/all my projects/uneom.com/node_modules/next/dist/compiled/next-server/app-page.runtime.prod.js:12:135349)
    at listOnTimeout (node:internal/timers:605:17) {
  digest: '2151575143'
}
TypeError: Cannot read properties of undefined (reading 'toLowerCase')
    at b (/Users/ahmedsalem/Desktop/all my projects/uneom.com/.next/server/app/locations/[city]/[industry]/page.js:1:4337)
    at eh (/Users/ahmedsalem/Desktop/all my projects/uneom.com/node_modules/next/dist/compiled/next-server/app-page.runtime.prod.js:12:134660)
    at e (/Users/ahmedsalem/Desktop/all my projects/uneom.com/node_modules/next/dist/compiled/next-server/app-page.runtime.prod.js:12:137545)
    at ek (/Users/ahmedsalem/Desktop/all my projects/uneom.com/node_modules/next/dist/compiled/next-server/app-page.runtime.prod.js:12:138019)
    at Array.toJSON (/Users/ahmedsalem/Desktop/all my projects/uneom.com/node_modules/next/dist/compiled/next-server/app-page.runtime.prod.js:12:135629)
    at stringify (<anonymous>)
    at eP (/Users/ahmedsalem/Desktop/all my projects/uneom.com/node_modules/next/dist/compiled/next-server/app-page.runtime.prod.js:12:142093)
    at eE (/Users/ahmedsalem/Desktop/all my projects/uneom.com/node_modules/next/dist/compiled/next-server/app-page.runtime.prod.js:12:142572)
    at AsyncLocalStorage.run (node:internal/async_local_storage/async_context_frame:63:14)
    at Timeout._onTimeout (/Users/ahmedsalem/Desktop/all my projects/uneom.com/node_modules/next/dist/compiled/next-server/app-page.runtime.prod.js:12:150373) {
  digest: '785353560'
}
TypeError: Cannot read properties of undefined (reading 'toLowerCase')
    at b (/Users/ahmedsalem/Desktop/all my projects/uneom.com/.next/server/app/locations/[city]/[industry]/page.js:1:4337)
    at eh (/Users/ahmedsalem/Desktop/all my projects/uneom.com/node_modules/next/dist/compiled/next-server/app-page.runtime.prod.js:12:134660)
    at e (/Users/ahmedsalem/Desktop/all my projects/uneom.com/node_modules/next/dist/compiled/next-server/app-page.runtime.prod.js:12:137545)
    at ek (/Users/ahmedsalem/Desktop/all my projects/uneom.com/node_modules/next/dist/compiled/next-server/app-page.runtime.prod.js:12:138019)
    at Array.toJSON (/Users/ahmedsalem/Desktop/all my projects/uneom.com/node_modules/next/dist/compiled/next-server/app-page.runtime.prod.js:12:135629)
    at stringify (<anonymous>)
    at eP (/Users/ahmedsalem/Desktop/all my projects/uneom.com/node_modules/next/dist/compiled/next-server/app-page.runtime.prod.js:12:142093)
    at eE (/Users/ahmedsalem/Desktop/all my projects/uneom.com/node_modules/next/dist/compiled/next-server/app-page.runtime.prod.js:12:142572)
    at AsyncLocalStorage.run (node:internal/async_local_storage/async_context_frame:63:14)
    at Timeout._onTimeout (/Users/ahmedsalem/Desktop/all my projects/uneom.com/node_modules/next/dist/compiled/next-server/app-page.runtime.prod.js:12:150373) {
  digest: '785353560'
}
TypeError: Cannot read properties of undefined (reading 'toLowerCase')
    at Module.y (/Users/ahmedsalem/Desktop/all my projects/uneom.com/.next/server/app/locations/[city]/[industry]/page.js:1:2657)
    at /Users/ahmedsalem/Desktop/all my projects/uneom.com/node_modules/next/dist/compiled/next-server/app-page.runtime.prod.js:12:227525
    at /Users/ahmedsalem/Desktop/all my projects/uneom.com/node_modules/next/dist/server/lib/trace/tracer.js:140:36
    at NoopContextManager.with (/Users/ahmedsalem/Desktop/all my projects/uneom.com/node_modules/next/dist/compiled/@opentelemetry/api/index.js:1:7062)
    at ContextAPI.with (/Users/ahmedsalem/Desktop/all my projects/uneom.com/node_modules/next/dist/compiled/@opentelemetry/api/index.js:1:518)
    at NoopTracer.startActiveSpan (/Users/ahmedsalem/Desktop/all my projects/uneom.com/node_modules/next/dist/compiled/@opentelemetry/api/index.js:1:18093)
    at ProxyTracer.startActiveSpan (/Users/ahmedsalem/Desktop/all my projects/uneom.com/node_modules/next/dist/compiled/@opentelemetry/api/index.js:1:18854)
    at /Users/ahmedsalem/Desktop/all my projects/uneom.com/node_modules/next/dist/server/lib/trace/tracer.js:122:103
    at NoopContextManager.with (/Users/ahmedsalem/Desktop/all my projects/uneom.com/node_modules/next/dist/compiled/@opentelemetry/api/index.js:1:7062)
    at ContextAPI.with (/Users/ahmedsalem/Desktop/all my projects/uneom.com/node_modules/next/dist/compiled/@opentelemetry/api/index.js:1:518) {
  digest: '2592674761'
}
TypeError: Cannot read properties of undefined (reading 'toLowerCase')
    at b (/Users/ahmedsalem/Desktop/all my projects/uneom.com/.next/server/app/locations/[city]/[industry]/page.js:1:4337)
    at eh (/Users/ahmedsalem/Desktop/all my projects/uneom.com/node_modules/next/dist/compiled/next-server/app-page.runtime.prod.js:12:134660)
    at e (/Users/ahmedsalem/Desktop/all my projects/uneom.com/node_modules/next/dist/compiled/next-server/app-page.runtime.prod.js:12:137545)
    at ek (/Users/ahmedsalem/Desktop/all my projects/uneom.com/node_modules/next/dist/compiled/next-server/app-page.runtime.prod.js:12:138019)
    at Array.toJSON (/Users/ahmedsalem/Desktop/all my projects/uneom.com/node_modules/next/dist/compiled/next-server/app-page.runtime.prod.js:12:135629)
    at stringify (<anonymous>)
    at eP (/Users/ahmedsalem/Desktop/all my projects/uneom.com/node_modules/next/dist/compiled/next-server/app-page.runtime.prod.js:12:142093)
    at eE (/Users/ahmedsalem/Desktop/all my projects/uneom.com/node_modules/next/dist/compiled/next-server/app-page.runtime.prod.js:12:142572)
    at Timeout._onTimeout (/Users/ahmedsalem/Desktop/all my projects/uneom.com/node_modules/next/dist/compiled/next-server/app-page.runtime.prod.js:12:135349)
    at listOnTimeout (node:internal/timers:605:17) {
  digest: '2151575143'
}
TypeError: Cannot read properties of undefined (reading 'toLowerCase')
    at Module.y (/Users/ahmedsalem/Desktop/all my projects/uneom.com/.next/server/app/locations/[city]/[industry]/page.js:1:2657)
    at /Users/ahmedsalem/Desktop/all my projects/uneom.com/node_modules/next/dist/compiled/next-server/app-page.runtime.prod.js:12:227525
    at /Users/ahmedsalem/Desktop/all my projects/uneom.com/node_modules/next/dist/server/lib/trace/tracer.js:140:36
    at NoopContextManager.with (/Users/ahmedsalem/Desktop/all my projects/uneom.com/node_modules/next/dist/compiled/@opentelemetry/api/index.js:1:7062)
    at ContextAPI.with (/Users/ahmedsalem/Desktop/all my projects/uneom.com/node_modules/next/dist/compiled/@opentelemetry/api/index.js:1:518)
    at NoopTracer.startActiveSpan (/Users/ahmedsalem/Desktop/all my projects/uneom.com/node_modules/next/dist/compiled/@opentelemetry/api/index.js:1:18093)
    at ProxyTracer.startActiveSpan (/Users/ahmedsalem/Desktop/all my projects/uneom.com/node_modules/next/dist/compiled/@opentelemetry/api/index.js:1:18854)
    at /Users/ahmedsalem/Desktop/all my projects/uneom.com/node_modules/next/dist/server/lib/trace/tracer.js:122:103
    at NoopContextManager.with (/Users/ahmedsalem/Desktop/all my projects/uneom.com/node_modules/next/dist/compiled/@opentelemetry/api/index.js:1:7062)
    at ContextAPI.with (/Users/ahmedsalem/Desktop/all my projects/uneom.com/node_modules/next/dist/compiled/@opentelemetry/api/index.js:1:518) {
  digest: '2592674761'
}
TypeError: Cannot read properties of undefined (reading 'toLowerCase')
    at b (/Users/ahmedsalem/Desktop/all my projects/uneom.com/.next/server/app/locations/[city]/[industry]/page.js:1:4337)
    at eh (/Users/ahmedsalem/Desktop/all my projects/uneom.com/node_modules/next/dist/compiled/next-server/app-page.runtime.prod.js:12:134660)
    at e (/Users/ahmedsalem/Desktop/all my projects/uneom.com/node_modules/next/dist/compiled/next-server/app-page.runtime.prod.js:12:137545)
    at ek (/Users/ahmedsalem/Desktop/all my projects/uneom.com/node_modules/next/dist/compiled/next-server/app-page.runtime.prod.js:12:138019)
    at Array.toJSON (/Users/ahmedsalem/Desktop/all my projects/uneom.com/node_modules/next/dist/compiled/next-server/app-page.runtime.prod.js:12:135629)
    at stringify (<anonymous>)
    at eP (/Users/ahmedsalem/Desktop/all my projects/uneom.com/node_modules/next/dist/compiled/next-server/app-page.runtime.prod.js:12:142093)
    at eE (/Users/ahmedsalem/Desktop/all my projects/uneom.com/node_modules/next/dist/compiled/next-server/app-page.runtime.prod.js:12:142572)
    at AsyncLocalStorage.run (node:internal/async_local_storage/async_context_frame:63:14)
    at Timeout._onTimeout (/Users/ahmedsalem/Desktop/all my projects/uneom.com/node_modules/next/dist/compiled/next-server/app-page.runtime.prod.js:12:150373) {
  digest: '785353560'
}
TypeError: Cannot read properties of undefined (reading 'toLowerCase')
    at b (/Users/ahmedsalem/Desktop/all my projects/uneom.com/.next/server/app/locations/[city]/[industry]/page.js:1:4337)
    at eh (/Users/ahmedsalem/Desktop/all my projects/uneom.com/node_modules/next/dist/compiled/next-server/app-page.runtime.prod.js:12:134660)
    at e (/Users/ahmedsalem/Desktop/all my projects/uneom.com/node_modules/next/dist/compiled/next-server/app-page.runtime.prod.js:12:137545)
    at ek (/Users/ahmedsalem/Desktop/all my projects/uneom.com/node_modules/next/dist/compiled/next-server/app-page.runtime.prod.js:12:138019)
    at Array.toJSON (/Users/ahmedsalem/Desktop/all my projects/uneom.com/node_modules/next/dist/compiled/next-server/app-page.runtime.prod.js:12:135629)
    at stringify (<anonymous>)
    at eP (/Users/ahmedsalem/Desktop/all my projects/uneom.com/node_modules/next/dist/compiled/next-server/app-page.runtime.prod.js:12:142093)
    at eE (/Users/ahmedsalem/Desktop/all my projects/uneom.com/node_modules/next/dist/compiled/next-server/app-page.runtime.prod.js:12:142572)
    at Timeout._onTimeout (/Users/ahmedsalem/Desktop/all my projects/uneom.com/node_modules/next/dist/compiled/next-server/app-page.runtime.prod.js:12:135349)
    at listOnTimeout (node:internal/timers:605:17) {
  digest: '2151575143'
}
TypeError: Cannot read properties of undefined (reading 'toLowerCase')
    at b (/Users/ahmedsalem/Desktop/all my projects/uneom.com/.next/server/app/locations/[city]/[industry]/page.js:1:4337)
    at eh (/Users/ahmedsalem/Desktop/all my projects/uneom.com/node_modules/next/dist/compiled/next-server/app-page.runtime.prod.js:12:134660)
    at e (/Users/ahmedsalem/Desktop/all my projects/uneom.com/node_modules/next/dist/compiled/next-server/app-page.runtime.prod.js:12:137545)
    at ek (/Users/ahmedsalem/Desktop/all my projects/uneom.com/node_modules/next/dist/compiled/next-server/app-page.runtime.prod.js:12:138019)
    at Array.toJSON (/Users/ahmedsalem/Desktop/all my projects/uneom.com/node_modules/next/dist/compiled/next-server/app-page.runtime.prod.js:12:135629)
    at stringify (<anonymous>)
    at eP (/Users/ahmedsalem/Desktop/all my projects/uneom.com/node_modules/next/dist/compiled/next-server/app-page.runtime.prod.js:12:142093)
    at eE (/Users/ahmedsalem/Desktop/all my projects/uneom.com/node_modules/next/dist/compiled/next-server/app-page.runtime.prod.js:12:142572)
    at AsyncLocalStorage.run (node:internal/async_local_storage/async_context_frame:63:14)
    at Timeout._onTimeout (/Users/ahmedsalem/Desktop/all my projects/uneom.com/node_modules/next/dist/compiled/next-server/app-page.runtime.prod.js:12:150373) {
  digest: '785353560'
}
TypeError: Cannot read properties of undefined (reading 'toLowerCase')
    at b (/Users/ahmedsalem/Desktop/all my projects/uneom.com/.next/server/app/locations/[city]/[industry]/page.js:1:4337)
    at eh (/Users/ahmedsalem/Desktop/all my projects/uneom.com/node_modules/next/dist/compiled/next-server/app-page.runtime.prod.js:12:134660)
    at e (/Users/ahmedsalem/Desktop/all my projects/uneom.com/node_modules/next/dist/compiled/next-server/app-page.runtime.prod.js:12:137545)
    at ek (/Users/ahmedsalem/Desktop/all my projects/uneom.com/node_modules/next/dist/compiled/next-server/app-page.runtime.prod.js:12:138019)
    at Array.toJSON (/Users/ahmedsalem/Desktop/all my projects/uneom.com/node_modules/next/dist/compiled/next-server/app-page.runtime.prod.js:12:135629)
    at stringify (<anonymous>)
    at eP (/Users/ahmedsalem/Desktop/all my projects/uneom.com/node_modules/next/dist/compiled/next-server/app-page.runtime.prod.js:12:142093)
    at eE (/Users/ahmedsalem/Desktop/all my projects/uneom.com/node_modules/next/dist/compiled/next-server/app-page.runtime.prod.js:12:142572)
    at AsyncLocalStorage.run (node:internal/async_local_storage/async_context_frame:63:14)
    at Timeout._onTimeout (/Users/ahmedsalem/Desktop/all my projects/uneom.com/node_modules/next/dist/compiled/next-server/app-page.runtime.prod.js:12:150373) {
  digest: '785353560'
}
TypeError: Cannot read properties of undefined (reading 'toLowerCase')
    at b (/Users/ahmedsalem/Desktop/all my projects/uneom.com/.next/server/app/locations/[city]/[industry]/page.js:1:4337)
    at eh (/Users/ahmedsalem/Desktop/all my projects/uneom.com/node_modules/next/dist/compiled/next-server/app-page.runtime.prod.js:12:134660)
    at e (/Users/ahmedsalem/Desktop/all my projects/uneom.com/node_modules/next/dist/compiled/next-server/app-page.runtime.prod.js:12:137545)
    at ek (/Users/ahmedsalem/Desktop/all my projects/uneom.com/node_modules/next/dist/compiled/next-server/app-page.runtime.prod.js:12:138019)
    at Array.toJSON (/Users/ahmedsalem/Desktop/all my projects/uneom.com/node_modules/next/dist/compiled/next-server/app-page.runtime.prod.js:12:135629)
    at stringify (<anonymous>)
    at eP (/Users/ahmedsalem/Desktop/all my projects/uneom.com/node_modules/next/dist/compiled/next-server/app-page.runtime.prod.js:12:142093)
    at eE (/Users/ahmedsalem/Desktop/all my projects/uneom.com/node_modules/next/dist/compiled/next-server/app-page.runtime.prod.js:12:142572)
    at Timeout._onTimeout (/Users/ahmedsalem/Desktop/all my projects/uneom.com/node_modules/next/dist/compiled/next-server/app-page.runtime.prod.js:12:135349)
    at listOnTimeout (node:internal/timers:605:17) {
  digest: '2151575143'
}
TypeError: Cannot read properties of undefined (reading 'toLowerCase')
    at Module.y (/Users/ahmedsalem/Desktop/all my projects/uneom.com/.next/server/app/locations/[city]/[industry]/page.js:1:2657)
    at /Users/ahmedsalem/Desktop/all my projects/uneom.com/node_modules/next/dist/compiled/next-server/app-page.runtime.prod.js:12:227525
    at /Users/ahmedsalem/Desktop/all my projects/uneom.com/node_modules/next/dist/server/lib/trace/tracer.js:140:36
    at NoopContextManager.with (/Users/ahmedsalem/Desktop/all my projects/uneom.com/node_modules/next/dist/compiled/@opentelemetry/api/index.js:1:7062)
    at ContextAPI.with (/Users/ahmedsalem/Desktop/all my projects/uneom.com/node_modules/next/dist/compiled/@opentelemetry/api/index.js:1:518)
    at NoopTracer.startActiveSpan (/Users/ahmedsalem/Desktop/all my projects/uneom.com/node_modules/next/dist/compiled/@opentelemetry/api/index.js:1:18093)
    at ProxyTracer.startActiveSpan (/Users/ahmedsalem/Desktop/all my projects/uneom.com/node_modules/next/dist/compiled/@opentelemetry/api/index.js:1:18854)
    at /Users/ahmedsalem/Desktop/all my projects/uneom.com/node_modules/next/dist/server/lib/trace/tracer.js:122:103
    at NoopContextManager.with (/Users/ahmedsalem/Desktop/all my projects/uneom.com/node_modules/next/dist/compiled/@opentelemetry/api/index.js:1:7062)
    at ContextAPI.with (/Users/ahmedsalem/Desktop/all my projects/uneom.com/node_modules/next/dist/compiled/@opentelemetry/api/index.js:1:518) {
  digest: '2592674761'
}
TypeError: Cannot read properties of undefined (reading 'toLowerCase')
    at Module.y (/Users/ahmedsalem/Desktop/all my projects/uneom.com/.next/server/app/locations/[city]/[industry]/page.js:1:2657)
    at /Users/ahmedsalem/Desktop/all my projects/uneom.com/node_modules/next/dist/compiled/next-server/app-page.runtime.prod.js:12:227525
    at /Users/ahmedsalem/Desktop/all my projects/uneom.com/node_modules/next/dist/server/lib/trace/tracer.js:140:36
    at NoopContextManager.with (/Users/ahmedsalem/Desktop/all my projects/uneom.com/node_modules/next/dist/compiled/@opentelemetry/api/index.js:1:7062)
    at ContextAPI.with (/Users/ahmedsalem/Desktop/all my projects/uneom.com/node_modules/next/dist/compiled/@opentelemetry/api/index.js:1:518)
    at NoopTracer.startActiveSpan (/Users/ahmedsalem/Desktop/all my projects/uneom.com/node_modules/next/dist/compiled/@opentelemetry/api/index.js:1:18093)
    at ProxyTracer.startActiveSpan (/Users/ahmedsalem/Desktop/all my projects/uneom.com/node_modules/next/dist/compiled/@opentelemetry/api/index.js:1:18854)
    at /Users/ahmedsalem/Desktop/all my projects/uneom.com/node_modules/next/dist/server/lib/trace/tracer.js:122:103
    at NoopContextManager.with (/Users/ahmedsalem/Desktop/all my projects/uneom.com/node_modules/next/dist/compiled/@opentelemetry/api/index.js:1:7062)
    at ContextAPI.with (/Users/ahmedsalem/Desktop/all my projects/uneom.com/node_modules/next/dist/compiled/@opentelemetry/api/index.js:1:518) {
  digest: '2592674761'
}
TypeError: Cannot read properties of undefined (reading 'toLowerCase')
    at b (/Users/ahmedsalem/Desktop/all my projects/uneom.com/.next/server/app/locations/[city]/[industry]/page.js:1:4337)
    at eh (/Users/ahmedsalem/Desktop/all my projects/uneom.com/node_modules/next/dist/compiled/next-server/app-page.runtime.prod.js:12:134660)
    at e (/Users/ahmedsalem/Desktop/all my projects/uneom.com/node_modules/next/dist/compiled/next-server/app-page.runtime.prod.js:12:137545)
    at ek (/Users/ahmedsalem/Desktop/all my projects/uneom.com/node_modules/next/dist/compiled/next-server/app-page.runtime.prod.js:12:138019)
    at Array.toJSON (/Users/ahmedsalem/Desktop/all my projects/uneom.com/node_modules/next/dist/compiled/next-server/app-page.runtime.prod.js:12:135629)
    at stringify (<anonymous>)
    at eP (/Users/ahmedsalem/Desktop/all my projects/uneom.com/node_modules/next/dist/compiled/next-server/app-page.runtime.prod.js:12:142093)
    at eE (/Users/ahmedsalem/Desktop/all my projects/uneom.com/node_modules/next/dist/compiled/next-server/app-page.runtime.prod.js:12:142572)
    at Timeout._onTimeout (/Users/ahmedsalem/Desktop/all my projects/uneom.com/node_modules/next/dist/compiled/next-server/app-page.runtime.prod.js:12:135349)
    at listOnTimeout (node:internal/timers:605:17) {
  digest: '2151575143'
}
TypeError: Cannot read properties of undefined (reading 'toLowerCase')
    at b (/Users/ahmedsalem/Desktop/all my projects/uneom.com/.next/server/app/locations/[city]/[industry]/page.js:1:4337)
    at eh (/Users/ahmedsalem/Desktop/all my projects/uneom.com/node_modules/next/dist/compiled/next-server/app-page.runtime.prod.js:12:134660)
    at e (/Users/ahmedsalem/Desktop/all my projects/uneom.com/node_modules/next/dist/compiled/next-server/app-page.runtime.prod.js:12:137545)
    at ek (/Users/ahmedsalem/Desktop/all my projects/uneom.com/node_modules/next/dist/compiled/next-server/app-page.runtime.prod.js:12:138019)
    at Array.toJSON (/Users/ahmedsalem/Desktop/all my projects/uneom.com/node_modules/next/dist/compiled/next-server/app-page.runtime.prod.js:12:135629)
    at stringify (<anonymous>)
    at eP (/Users/ahmedsalem/Desktop/all my projects/uneom.com/node_modules/next/dist/compiled/next-server/app-page.runtime.prod.js:12:142093)
    at eE (/Users/ahmedsalem/Desktop/all my projects/uneom.com/node_modules/next/dist/compiled/next-server/app-page.runtime.prod.js:12:142572)
    at Timeout._onTimeout (/Users/ahmedsalem/Desktop/all my projects/uneom.com/node_modules/next/dist/compiled/next-server/app-page.runtime.prod.js:12:135349)
    at listOnTimeout (node:internal/timers:605:17) {
  digest: '2151575143'
}
TypeError: Cannot read properties of undefined (reading 'toLowerCase')
    at Module.y (/Users/ahmedsalem/Desktop/all my projects/uneom.com/.next/server/app/locations/[city]/[industry]/page.js:1:2657)
    at /Users/ahmedsalem/Desktop/all my projects/uneom.com/node_modules/next/dist/compiled/next-server/app-page.runtime.prod.js:12:227525
    at /Users/ahmedsalem/Desktop/all my projects/uneom.com/node_modules/next/dist/server/lib/trace/tracer.js:140:36
    at NoopContextManager.with (/Users/ahmedsalem/Desktop/all my projects/uneom.com/node_modules/next/dist/compiled/@opentelemetry/api/index.js:1:7062)
    at ContextAPI.with (/Users/ahmedsalem/Desktop/all my projects/uneom.com/node_modules/next/dist/compiled/@opentelemetry/api/index.js:1:518)
    at NoopTracer.startActiveSpan (/Users/ahmedsalem/Desktop/all my projects/uneom.com/node_modules/next/dist/compiled/@opentelemetry/api/index.js:1:18093)
    at ProxyTracer.startActiveSpan (/Users/ahmedsalem/Desktop/all my projects/uneom.com/node_modules/next/dist/compiled/@opentelemetry/api/index.js:1:18854)
    at /Users/ahmedsalem/Desktop/all my projects/uneom.com/node_modules/next/dist/server/lib/trace/tracer.js:122:103
    at NoopContextManager.with (/Users/ahmedsalem/Desktop/all my projects/uneom.com/node_modules/next/dist/compiled/@opentelemetry/api/index.js:1:7062)
    at ContextAPI.with (/Users/ahmedsalem/Desktop/all my projects/uneom.com/node_modules/next/dist/compiled/@opentelemetry/api/index.js:1:518) {
  digest: '2592674761'
}
TypeError: Cannot read properties of undefined (reading 'toLowerCase')
    at Module.y (/Users/ahmedsalem/Desktop/all my projects/uneom.com/.next/server/app/locations/[city]/[industry]/page.js:1:2657)
    at /Users/ahmedsalem/Desktop/all my projects/uneom.com/node_modules/next/dist/compiled/next-server/app-page.runtime.prod.js:12:227525
    at /Users/ahmedsalem/Desktop/all my projects/uneom.com/node_modules/next/dist/server/lib/trace/tracer.js:140:36
    at NoopContextManager.with (/Users/ahmedsalem/Desktop/all my projects/uneom.com/node_modules/next/dist/compiled/@opentelemetry/api/index.js:1:7062)
    at ContextAPI.with (/Users/ahmedsalem/Desktop/all my projects/uneom.com/node_modules/next/dist/compiled/@opentelemetry/api/index.js:1:518)
    at NoopTracer.startActiveSpan (/Users/ahmedsalem/Desktop/all my projects/uneom.com/node_modules/next/dist/compiled/@opentelemetry/api/index.js:1:18093)
    at ProxyTracer.startActiveSpan (/Users/ahmedsalem/Desktop/all my projects/uneom.com/node_modules/next/dist/compiled/@opentelemetry/api/index.js:1:18854)
    at /Users/ahmedsalem/Desktop/all my projects/uneom.com/node_modules/next/dist/server/lib/trace/tracer.js:122:103
    at NoopContextManager.with (/Users/ahmedsalem/Desktop/all my projects/uneom.com/node_modules/next/dist/compiled/@opentelemetry/api/index.js:1:7062)
    at ContextAPI.with (/Users/ahmedsalem/Desktop/all my projects/uneom.com/node_modules/next/dist/compiled/@opentelemetry/api/index.js:1:518) {
  digest: '2592674761'
}
TypeError: Cannot read properties of undefined (reading 'toLowerCase')
    at Module.y (/Users/ahmedsalem/Desktop/all my projects/uneom.com/.next/server/app/locations/[city]/[industry]/page.js:1:2657)
    at /Users/ahmedsalem/Desktop/all my projects/uneom.com/node_modules/next/dist/compiled/next-server/app-page.runtime.prod.js:12:227525
    at /Users/ahmedsalem/Desktop/all my projects/uneom.com/node_modules/next/dist/server/lib/trace/tracer.js:140:36
    at NoopContextManager.with (/Users/ahmedsalem/Desktop/all my projects/uneom.com/node_modules/next/dist/compiled/@opentelemetry/api/index.js:1:7062)
    at ContextAPI.with (/Users/ahmedsalem/Desktop/all my projects/uneom.com/node_modules/next/dist/compiled/@opentelemetry/api/index.js:1:518)
    at NoopTracer.startActiveSpan (/Users/ahmedsalem/Desktop/all my projects/uneom.com/node_modules/next/dist/compiled/@opentelemetry/api/index.js:1:18093)
    at ProxyTracer.startActiveSpan (/Users/ahmedsalem/Desktop/all my projects/uneom.com/node_modules/next/dist/compiled/@opentelemetry/api/index.js:1:18854)
    at /Users/ahmedsalem/Desktop/all my projects/uneom.com/node_modules/next/dist/server/lib/trace/tracer.js:122:103
    at NoopContextManager.with (/Users/ahmedsalem/Desktop/all my projects/uneom.com/node_modules/next/dist/compiled/@opentelemetry/api/index.js:1:7062)
    at ContextAPI.with (/Users/ahmedsalem/Desktop/all my projects/uneom.com/node_modules/next/dist/compiled/@opentelemetry/api/index.js:1:518) {
  digest: '2592674761'
}
TypeError: Cannot read properties of undefined (reading 'toLowerCase')
    at Module.y (/Users/ahmedsalem/Desktop/all my projects/uneom.com/.next/server/app/locations/[city]/[industry]/page.js:1:2657)
    at /Users/ahmedsalem/Desktop/all my projects/uneom.com/node_modules/next/dist/compiled/next-server/app-page.runtime.prod.js:12:227525
    at /Users/ahmedsalem/Desktop/all my projects/uneom.com/node_modules/next/dist/server/lib/trace/tracer.js:140:36
    at NoopContextManager.with (/Users/ahmedsalem/Desktop/all my projects/uneom.com/node_modules/next/dist/compiled/@opentelemetry/api/index.js:1:7062)
    at ContextAPI.with (/Users/ahmedsalem/Desktop/all my projects/uneom.com/node_modules/next/dist/compiled/@opentelemetry/api/index.js:1:518)
    at NoopTracer.startActiveSpan (/Users/ahmedsalem/Desktop/all my projects/uneom.com/node_modules/next/dist/compiled/@opentelemetry/api/index.js:1:18093)
    at ProxyTracer.startActiveSpan (/Users/ahmedsalem/Desktop/all my projects/uneom.com/node_modules/next/dist/compiled/@opentelemetry/api/index.js:1:18854)
    at /Users/ahmedsalem/Desktop/all my projects/uneom.com/node_modules/next/dist/server/lib/trace/tracer.js:122:103
    at NoopContextManager.with (/Users/ahmedsalem/Desktop/all my projects/uneom.com/node_modules/next/dist/compiled/@opentelemetry/api/index.js:1:7062)
    at ContextAPI.with (/Users/ahmedsalem/Desktop/all my projects/uneom.com/node_modules/next/dist/compiled/@opentelemetry/api/index.js:1:518) {
  digest: '2592674761'
}
TypeError: Cannot read properties of undefined (reading 'toLowerCase')
    at Module.y (/Users/ahmedsalem/Desktop/all my projects/uneom.com/.next/server/app/locations/[city]/[industry]/page.js:1:2657)
    at /Users/ahmedsalem/Desktop/all my projects/uneom.com/node_modules/next/dist/compiled/next-server/app-page.runtime.prod.js:12:227525
    at /Users/ahmedsalem/Desktop/all my projects/uneom.com/node_modules/next/dist/server/lib/trace/tracer.js:140:36
    at NoopContextManager.with (/Users/ahmedsalem/Desktop/all my projects/uneom.com/node_modules/next/dist/compiled/@opentelemetry/api/index.js:1:7062)
    at ContextAPI.with (/Users/ahmedsalem/Desktop/all my projects/uneom.com/node_modules/next/dist/compiled/@opentelemetry/api/index.js:1:518)
    at NoopTracer.startActiveSpan (/Users/ahmedsalem/Desktop/all my projects/uneom.com/node_modules/next/dist/compiled/@opentelemetry/api/index.js:1:18093)
    at ProxyTracer.startActiveSpan (/Users/ahmedsalem/Desktop/all my projects/uneom.com/node_modules/next/dist/compiled/@opentelemetry/api/index.js:1:18854)
    at /Users/ahmedsalem/Desktop/all my projects/uneom.com/node_modules/next/dist/server/lib/trace/tracer.js:122:103
    at NoopContextManager.with (/Users/ahmedsalem/Desktop/all my projects/uneom.com/node_modules/next/dist/compiled/@opentelemetry/api/index.js:1:7062)
    at ContextAPI.with (/Users/ahmedsalem/Desktop/all my projects/uneom.com/node_modules/next/dist/compiled/@opentelemetry/api/index.js:1:518) {
  digest: '2592674761'
}
TypeError: Cannot read properties of undefined (reading 'toLowerCase')
    at Module.y (/Users/ahmedsalem/Desktop/all my projects/uneom.com/.next/server/app/locations/[city]/[industry]/page.js:1:2657)
    at /Users/ahmedsalem/Desktop/all my projects/uneom.com/node_modules/next/dist/compiled/next-server/app-page.runtime.prod.js:12:227525
    at /Users/ahmedsalem/Desktop/all my projects/uneom.com/node_modules/next/dist/server/lib/trace/tracer.js:140:36
    at NoopContextManager.with (/Users/ahmedsalem/Desktop/all my projects/uneom.com/node_modules/next/dist/compiled/@opentelemetry/api/index.js:1:7062)
    at ContextAPI.with (/Users/ahmedsalem/Desktop/all my projects/uneom.com/node_modules/next/dist/compiled/@opentelemetry/api/index.js:1:518)
    at NoopTracer.startActiveSpan (/Users/ahmedsalem/Desktop/all my projects/uneom.com/node_modules/next/dist/compiled/@opentelemetry/api/index.js:1:18093)
    at ProxyTracer.startActiveSpan (/Users/ahmedsalem/Desktop/all my projects/uneom.com/node_modules/next/dist/compiled/@opentelemetry/api/index.js:1:18854)
    at /Users/ahmedsalem/Desktop/all my projects/uneom.com/node_modules/next/dist/server/lib/trace/tracer.js:122:103
    at NoopContextManager.with (/Users/ahmedsalem/Desktop/all my projects/uneom.com/node_modules/next/dist/compiled/@opentelemetry/api/index.js:1:7062)
    at ContextAPI.with (/Users/ahmedsalem/Desktop/all my projects/uneom.com/node_modules/next/dist/compiled/@opentelemetry/api/index.js:1:518) {
  digest: '2592674761'
}

Error occurred prerendering page "/locations/dammam/corporate". Read more: https://nextjs.org/docs/messages/prerender-error

TypeError: Cannot read properties of undefined (reading 'toLowerCase')
    at b (/Users/ahmedsalem/Desktop/all my projects/uneom.com/.next/server/app/locations/[city]/[industry]/page.js:1:4337)
    at eh (/Users/ahmedsalem/Desktop/all my projects/uneom.com/node_modules/next/dist/compiled/next-server/app-page.runtime.prod.js:12:134660)
    at e (/Users/ahmedsalem/Desktop/all my projects/uneom.com/node_modules/next/dist/compiled/next-server/app-page.runtime.prod.js:12:137545)
    at ek (/Users/ahmedsalem/Desktop/all my projects/uneom.com/node_modules/next/dist/compiled/next-server/app-page.runtime.prod.js:12:138019)
    at Array.toJSON (/Users/ahmedsalem/Desktop/all my projects/uneom.com/node_modules/next/dist/compiled/next-server/app-page.runtime.prod.js:12:135629)
    at stringify (<anonymous>)
    at eP (/Users/ahmedsalem/Desktop/all my projects/uneom.com/node_modules/next/dist/compiled/next-server/app-page.runtime.prod.js:12:142093)
    at eE (/Users/ahmedsalem/Desktop/all my projects/uneom.com/node_modules/next/dist/compiled/next-server/app-page.runtime.prod.js:12:142572)
    at AsyncLocalStorage.run (node:internal/async_local_storage/async_context_frame:63:14)
    at Timeout._onTimeout (/Users/ahmedsalem/Desktop/all my projects/uneom.com/node_modules/next/dist/compiled/next-server/app-page.runtime.prod.js:12:150373)
TypeError: Cannot read properties of undefined (reading 'toLowerCase')
    at Module.y (/Users/ahmedsalem/Desktop/all my projects/uneom.com/.next/server/app/locations/[city]/[industry]/page.js:1:2657)
    at /Users/ahmedsalem/Desktop/all my projects/uneom.com/node_modules/next/dist/compiled/next-server/app-page.runtime.prod.js:12:227525
    at /Users/ahmedsalem/Desktop/all my projects/uneom.com/node_modules/next/dist/server/lib/trace/tracer.js:140:36
    at NoopContextManager.with (/Users/ahmedsalem/Desktop/all my projects/uneom.com/node_modules/next/dist/compiled/@opentelemetry/api/index.js:1:7062)
    at ContextAPI.with (/Users/ahmedsalem/Desktop/all my projects/uneom.com/node_modules/next/dist/compiled/@opentelemetry/api/index.js:1:518)
    at NoopTracer.startActiveSpan (/Users/ahmedsalem/Desktop/all my projects/uneom.com/node_modules/next/dist/compiled/@opentelemetry/api/index.js:1:18093)
    at ProxyTracer.startActiveSpan (/Users/ahmedsalem/Desktop/all my projects/uneom.com/node_modules/next/dist/compiled/@opentelemetry/api/index.js:1:18854)
    at /Users/ahmedsalem/Desktop/all my projects/uneom.com/node_modules/next/dist/server/lib/trace/tracer.js:122:103
    at NoopContextManager.with (/Users/ahmedsalem/Desktop/all my projects/uneom.com/node_modules/next/dist/compiled/@opentelemetry/api/index.js:1:7062)
    at ContextAPI.with (/Users/ahmedsalem/Desktop/all my projects/uneom.com/node_modules/next/dist/compiled/@opentelemetry/api/index.js:1:518) {
  digest: '2592674761'
}
TypeError: Cannot read properties of undefined (reading 'toLowerCase')
    at Module.y (/Users/ahmedsalem/Desktop/all my projects/uneom.com/.next/server/app/locations/[city]/[industry]/page.js:1:2657)
    at /Users/ahmedsalem/Desktop/all my projects/uneom.com/node_modules/next/dist/compiled/next-server/app-page.runtime.prod.js:12:227525
    at /Users/ahmedsalem/Desktop/all my projects/uneom.com/node_modules/next/dist/server/lib/trace/tracer.js:140:36
    at NoopContextManager.with (/Users/ahmedsalem/Desktop/all my projects/uneom.com/node_modules/next/dist/compiled/@opentelemetry/api/index.js:1:7062)
    at ContextAPI.with (/Users/ahmedsalem/Desktop/all my projects/uneom.com/node_modules/next/dist/compiled/@opentelemetry/api/index.js:1:518)
    at NoopTracer.startActiveSpan (/Users/ahmedsalem/Desktop/all my projects/uneom.com/node_modules/next/dist/compiled/@opentelemetry/api/index.js:1:18093)
    at ProxyTracer.startActiveSpan (/Users/ahmedsalem/Desktop/all my projects/uneom.com/node_modules/next/dist/compiled/@opentelemetry/api/index.js:1:18854)
    at /Users/ahmedsalem/Desktop/all my projects/uneom.com/node_modules/next/dist/server/lib/trace/tracer.js:122:103
    at NoopContextManager.with (/Users/ahmedsalem/Desktop/all my projects/uneom.com/node_modules/next/dist/compiled/@opentelemetry/api/index.js:1:7062)
    at ContextAPI.with (/Users/ahmedsalem/Desktop/all my projects/uneom.com/node_modules/next/dist/compiled/@opentelemetry/api/index.js:1:518) {
  digest: '2592674761'
}
TypeError: Cannot read properties of undefined (reading 'toLowerCase')
    at Module.y (/Users/ahmedsalem/Desktop/all my projects/uneom.com/.next/server/app/locations/[city]/[industry]/page.js:1:2657)
    at /Users/ahmedsalem/Desktop/all my projects/uneom.com/node_modules/next/dist/compiled/next-server/app-page.runtime.prod.js:12:227525
    at /Users/ahmedsalem/Desktop/all my projects/uneom.com/node_modules/next/dist/server/lib/trace/tracer.js:140:36
    at NoopContextManager.with (/Users/ahmedsalem/Desktop/all my projects/uneom.com/node_modules/next/dist/compiled/@opentelemetry/api/index.js:1:7062)
    at ContextAPI.with (/Users/ahmedsalem/Desktop/all my projects/uneom.com/node_modules/next/dist/compiled/@opentelemetry/api/index.js:1:518)
    at NoopTracer.startActiveSpan (/Users/ahmedsalem/Desktop/all my projects/uneom.com/node_modules/next/dist/compiled/@opentelemetry/api/index.js:1:18093)
    at ProxyTracer.startActiveSpan (/Users/ahmedsalem/Desktop/all my projects/uneom.com/node_modules/next/dist/compiled/@opentelemetry/api/index.js:1:18854)
    at /Users/ahmedsalem/Desktop/all my projects/uneom.com/node_modules/next/dist/server/lib/trace/tracer.js:122:103
    at NoopContextManager.with (/Users/ahmedsalem/Desktop/all my projects/uneom.com/node_modules/next/dist/compiled/@opentelemetry/api/index.js:1:7062)
    at ContextAPI.with (/Users/ahmedsalem/Desktop/all my projects/uneom.com/node_modules/next/dist/compiled/@opentelemetry/api/index.js:1:518) {
  digest: '2592674761'
}

Error occurred prerendering page "/locations/dammam/education". Read more: https://nextjs.org/docs/messages/prerender-error

TypeError: Cannot read properties of undefined (reading 'toLowerCase')
    at b (/Users/ahmedsalem/Desktop/all my projects/uneom.com/.next/server/app/locations/[city]/[industry]/page.js:1:4337)
    at eh (/Users/ahmedsalem/Desktop/all my projects/uneom.com/node_modules/next/dist/compiled/next-server/app-page.runtime.prod.js:12:134660)
    at e (/Users/ahmedsalem/Desktop/all my projects/uneom.com/node_modules/next/dist/compiled/next-server/app-page.runtime.prod.js:12:137545)
    at ek (/Users/ahmedsalem/Desktop/all my projects/uneom.com/node_modules/next/dist/compiled/next-server/app-page.runtime.prod.js:12:138019)
    at Array.toJSON (/Users/ahmedsalem/Desktop/all my projects/uneom.com/node_modules/next/dist/compiled/next-server/app-page.runtime.prod.js:12:135629)
    at stringify (<anonymous>)
    at eP (/Users/ahmedsalem/Desktop/all my projects/uneom.com/node_modules/next/dist/compiled/next-server/app-page.runtime.prod.js:12:142093)
    at eE (/Users/ahmedsalem/Desktop/all my projects/uneom.com/node_modules/next/dist/compiled/next-server/app-page.runtime.prod.js:12:142572)
    at AsyncLocalStorage.run (node:internal/async_local_storage/async_context_frame:63:14)
    at Timeout._onTimeout (/Users/ahmedsalem/Desktop/all my projects/uneom.com/node_modules/next/dist/compiled/next-server/app-page.runtime.prod.js:12:150373)

Error occurred prerendering page "/locations/dammam/manufacturing". Read more: https://nextjs.org/docs/messages/prerender-error

TypeError: Cannot read properties of undefined (reading 'toLowerCase')
    at b (/Users/ahmedsalem/Desktop/all my projects/uneom.com/.next/server/app/locations/[city]/[industry]/page.js:1:4337)
    at eh (/Users/ahmedsalem/Desktop/all my projects/uneom.com/node_modules/next/dist/compiled/next-server/app-page.runtime.prod.js:12:134660)
    at e (/Users/ahmedsalem/Desktop/all my projects/uneom.com/node_modules/next/dist/compiled/next-server/app-page.runtime.prod.js:12:137545)
    at ek (/Users/ahmedsalem/Desktop/all my projects/uneom.com/node_modules/next/dist/compiled/next-server/app-page.runtime.prod.js:12:138019)
    at Array.toJSON (/Users/ahmedsalem/Desktop/all my projects/uneom.com/node_modules/next/dist/compiled/next-server/app-page.runtime.prod.js:12:135629)
    at stringify (<anonymous>)
    at eP (/Users/ahmedsalem/Desktop/all my projects/uneom.com/node_modules/next/dist/compiled/next-server/app-page.runtime.prod.js:12:142093)
    at eE (/Users/ahmedsalem/Desktop/all my projects/uneom.com/node_modules/next/dist/compiled/next-server/app-page.runtime.prod.js:12:142572)
    at AsyncLocalStorage.run (node:internal/async_local_storage/async_context_frame:63:14)
    at Timeout._onTimeout (/Users/ahmedsalem/Desktop/all my projects/uneom.com/node_modules/next/dist/compiled/next-server/app-page.runtime.prod.js:12:150373)
TypeError: Cannot read properties of undefined (reading 'toLowerCase')
    at b (/Users/ahmedsalem/Desktop/all my projects/uneom.com/.next/server/app/locations/[city]/[industry]/page.js:1:4337)
    at eh (/Users/ahmedsalem/Desktop/all my projects/uneom.com/node_modules/next/dist/compiled/next-server/app-page.runtime.prod.js:12:134660)
    at e (/Users/ahmedsalem/Desktop/all my projects/uneom.com/node_modules/next/dist/compiled/next-server/app-page.runtime.prod.js:12:137545)
    at ek (/Users/ahmedsalem/Desktop/all my projects/uneom.com/node_modules/next/dist/compiled/next-server/app-page.runtime.prod.js:12:138019)
    at Array.toJSON (/Users/ahmedsalem/Desktop/all my projects/uneom.com/node_modules/next/dist/compiled/next-server/app-page.runtime.prod.js:12:135629)
    at stringify (<anonymous>)
    at eP (/Users/ahmedsalem/Desktop/all my projects/uneom.com/node_modules/next/dist/compiled/next-server/app-page.runtime.prod.js:12:142093)
    at eE (/Users/ahmedsalem/Desktop/all my projects/uneom.com/node_modules/next/dist/compiled/next-server/app-page.runtime.prod.js:12:142572)
    at AsyncLocalStorage.run (node:internal/async_local_storage/async_context_frame:63:14)
    at Timeout._onTimeout (/Users/ahmedsalem/Desktop/all my projects/uneom.com/node_modules/next/dist/compiled/next-server/app-page.runtime.prod.js:12:150373) {
  digest: '785353560'
}

Error occurred prerendering page "/locations/dammam/security". Read more: https://nextjs.org/docs/messages/prerender-error

TypeError: Cannot read properties of undefined (reading 'toLowerCase')
    at b (/Users/ahmedsalem/Desktop/all my projects/uneom.com/.next/server/app/locations/[city]/[industry]/page.js:1:4337)
    at eh (/Users/ahmedsalem/Desktop/all my projects/uneom.com/node_modules/next/dist/compiled/next-server/app-page.runtime.prod.js:12:134660)
    at e (/Users/ahmedsalem/Desktop/all my projects/uneom.com/node_modules/next/dist/compiled/next-server/app-page.runtime.prod.js:12:137545)
    at ek (/Users/ahmedsalem/Desktop/all my projects/uneom.com/node_modules/next/dist/compiled/next-server/app-page.runtime.prod.js:12:138019)
    at Array.toJSON (/Users/ahmedsalem/Desktop/all my projects/uneom.com/node_modules/next/dist/compiled/next-server/app-page.runtime.prod.js:12:135629)
    at stringify (<anonymous>)
    at eP (/Users/ahmedsalem/Desktop/all my projects/uneom.com/node_modules/next/dist/compiled/next-server/app-page.runtime.prod.js:12:142093)
    at eE (/Users/ahmedsalem/Desktop/all my projects/uneom.com/node_modules/next/dist/compiled/next-server/app-page.runtime.prod.js:12:142572)
    at AsyncLocalStorage.run (node:internal/async_local_storage/async_context_frame:63:14)
    at Timeout._onTimeout (/Users/ahmedsalem/Desktop/all my projects/uneom.com/node_modules/next/dist/compiled/next-server/app-page.runtime.prod.js:12:150373)

Error occurred prerendering page "/locations/dammam/supply-manufacturing". Read more: https://nextjs.org/docs/messages/prerender-error

TypeError: Cannot read properties of undefined (reading 'toLowerCase')
    at b (/Users/ahmedsalem/Desktop/all my projects/uneom.com/.next/server/app/locations/[city]/[industry]/page.js:1:4337)
    at eh (/Users/ahmedsalem/Desktop/all my projects/uneom.com/node_modules/next/dist/compiled/next-server/app-page.runtime.prod.js:12:134660)
    at e (/Users/ahmedsalem/Desktop/all my projects/uneom.com/node_modules/next/dist/compiled/next-server/app-page.runtime.prod.js:12:137545)
    at ek (/Users/ahmedsalem/Desktop/all my projects/uneom.com/node_modules/next/dist/compiled/next-server/app-page.runtime.prod.js:12:138019)
    at Array.toJSON (/Users/ahmedsalem/Desktop/all my projects/uneom.com/node_modules/next/dist/compiled/next-server/app-page.runtime.prod.js:12:135629)
    at stringify (<anonymous>)
    at eP (/Users/ahmedsalem/Desktop/all my projects/uneom.com/node_modules/next/dist/compiled/next-server/app-page.runtime.prod.js:12:142093)
    at eE (/Users/ahmedsalem/Desktop/all my projects/uneom.com/node_modules/next/dist/compiled/next-server/app-page.runtime.prod.js:12:142572)
    at AsyncLocalStorage.run (node:internal/async_local_storage/async_context_frame:63:14)
    at Timeout._onTimeout (/Users/ahmedsalem/Desktop/all my projects/uneom.com/node_modules/next/dist/compiled/next-server/app-page.runtime.prod.js:12:150373)

Error occurred prerendering page "/locations/dammam/retail-shops". Read more: https://nextjs.org/docs/messages/prerender-error

TypeError: Cannot read properties of undefined (reading 'toLowerCase')
    at b (/Users/ahmedsalem/Desktop/all my projects/uneom.com/.next/server/app/locations/[city]/[industry]/page.js:1:4337)
    at eh (/Users/ahmedsalem/Desktop/all my projects/uneom.com/node_modules/next/dist/compiled/next-server/app-page.runtime.prod.js:12:134660)
    at e (/Users/ahmedsalem/Desktop/all my projects/uneom.com/node_modules/next/dist/compiled/next-server/app-page.runtime.prod.js:12:137545)
    at ek (/Users/ahmedsalem/Desktop/all my projects/uneom.com/node_modules/next/dist/compiled/next-server/app-page.runtime.prod.js:12:138019)
    at Array.toJSON (/Users/ahmedsalem/Desktop/all my projects/uneom.com/node_modules/next/dist/compiled/next-server/app-page.runtime.prod.js:12:135629)
    at stringify (<anonymous>)
    at eP (/Users/ahmedsalem/Desktop/all my projects/uneom.com/node_modules/next/dist/compiled/next-server/app-page.runtime.prod.js:12:142093)
    at eE (/Users/ahmedsalem/Desktop/all my projects/uneom.com/node_modules/next/dist/compiled/next-server/app-page.runtime.prod.js:12:142572)
    at AsyncLocalStorage.run (node:internal/async_local_storage/async_context_frame:63:14)
    at Timeout._onTimeout (/Users/ahmedsalem/Desktop/all my projects/uneom.com/node_modules/next/dist/compiled/next-server/app-page.runtime.prod.js:12:150373)

Error occurred prerendering page "/locations/dammam/factory-industry". Read more: https://nextjs.org/docs/messages/prerender-error

TypeError: Cannot read properties of undefined (reading 'toLowerCase')
    at b (/Users/ahmedsalem/Desktop/all my projects/uneom.com/.next/server/app/locations/[city]/[industry]/page.js:1:4337)
    at eh (/Users/ahmedsalem/Desktop/all my projects/uneom.com/node_modules/next/dist/compiled/next-server/app-page.runtime.prod.js:12:134660)
    at e (/Users/ahmedsalem/Desktop/all my projects/uneom.com/node_modules/next/dist/compiled/next-server/app-page.runtime.prod.js:12:137545)
    at ek (/Users/ahmedsalem/Desktop/all my projects/uneom.com/node_modules/next/dist/compiled/next-server/app-page.runtime.prod.js:12:138019)
    at Array.toJSON (/Users/ahmedsalem/Desktop/all my projects/uneom.com/node_modules/next/dist/compiled/next-server/app-page.runtime.prod.js:12:135629)
    at stringify (<anonymous>)
    at eP (/Users/ahmedsalem/Desktop/all my projects/uneom.com/node_modules/next/dist/compiled/next-server/app-page.runtime.prod.js:12:142093)
    at eE (/Users/ahmedsalem/Desktop/all my projects/uneom.com/node_modules/next/dist/compiled/next-server/app-page.runtime.prod.js:12:142572)
    at AsyncLocalStorage.run (node:internal/async_local_storage/async_context_frame:63:14)
    at Timeout._onTimeout (/Users/ahmedsalem/Desktop/all my projects/uneom.com/node_modules/next/dist/compiled/next-server/app-page.runtime.prod.js:12:150373)
TypeError: Cannot read properties of undefined (reading 'toLowerCase')
    at b (/Users/ahmedsalem/Desktop/all my projects/uneom.com/.next/server/app/locations/[city]/[industry]/page.js:1:4337)
    at eh (/Users/ahmedsalem/Desktop/all my projects/uneom.com/node_modules/next/dist/compiled/next-server/app-page.runtime.prod.js:12:134660)
    at e (/Users/ahmedsalem/Desktop/all my projects/uneom.com/node_modules/next/dist/compiled/next-server/app-page.runtime.prod.js:12:137545)
    at ek (/Users/ahmedsalem/Desktop/all my projects/uneom.com/node_modules/next/dist/compiled/next-server/app-page.runtime.prod.js:12:138019)
    at Array.toJSON (/Users/ahmedsalem/Desktop/all my projects/uneom.com/node_modules/next/dist/compiled/next-server/app-page.runtime.prod.js:12:135629)
    at stringify (<anonymous>)
    at eP (/Users/ahmedsalem/Desktop/all my projects/uneom.com/node_modules/next/dist/compiled/next-server/app-page.runtime.prod.js:12:142093)
    at eE (/Users/ahmedsalem/Desktop/all my projects/uneom.com/node_modules/next/dist/compiled/next-server/app-page.runtime.prod.js:12:142572)
    at Timeout._onTimeout (/Users/ahmedsalem/Desktop/all my projects/uneom.com/node_modules/next/dist/compiled/next-server/app-page.runtime.prod.js:12:135349)
    at listOnTimeout (node:internal/timers:605:17) {
  digest: '2151575143'
}
TypeError: Cannot read properties of undefined (reading 'toLowerCase')
    at b (/Users/ahmedsalem/Desktop/all my projects/uneom.com/.next/server/app/locations/[city]/[industry]/page.js:1:4337)
    at eh (/Users/ahmedsalem/Desktop/all my projects/uneom.com/node_modules/next/dist/compiled/next-server/app-page.runtime.prod.js:12:134660)
    at e (/Users/ahmedsalem/Desktop/all my projects/uneom.com/node_modules/next/dist/compiled/next-server/app-page.runtime.prod.js:12:137545)
    at ek (/Users/ahmedsalem/Desktop/all my projects/uneom.com/node_modules/next/dist/compiled/next-server/app-page.runtime.prod.js:12:138019)
    at Array.toJSON (/Users/ahmedsalem/Desktop/all my projects/uneom.com/node_modules/next/dist/compiled/next-server/app-page.runtime.prod.js:12:135629)
    at stringify (<anonymous>)
    at eP (/Users/ahmedsalem/Desktop/all my projects/uneom.com/node_modules/next/dist/compiled/next-server/app-page.runtime.prod.js:12:142093)
    at eE (/Users/ahmedsalem/Desktop/all my projects/uneom.com/node_modules/next/dist/compiled/next-server/app-page.runtime.prod.js:12:142572)
    at AsyncLocalStorage.run (node:internal/async_local_storage/async_context_frame:63:14)
    at Timeout._onTimeout (/Users/ahmedsalem/Desktop/all my projects/uneom.com/node_modules/next/dist/compiled/next-server/app-page.runtime.prod.js:12:150373) {
  digest: '785353560'
}
TypeError: Cannot read properties of undefined (reading 'toLowerCase')
    at b (/Users/ahmedsalem/Desktop/all my projects/uneom.com/.next/server/app/locations/[city]/[industry]/page.js:1:4337)
    at eh (/Users/ahmedsalem/Desktop/all my projects/uneom.com/node_modules/next/dist/compiled/next-server/app-page.runtime.prod.js:12:134660)
    at e (/Users/ahmedsalem/Desktop/all my projects/uneom.com/node_modules/next/dist/compiled/next-server/app-page.runtime.prod.js:12:137545)
    at ek (/Users/ahmedsalem/Desktop/all my projects/uneom.com/node_modules/next/dist/compiled/next-server/app-page.runtime.prod.js:12:138019)
    at Array.toJSON (/Users/ahmedsalem/Desktop/all my projects/uneom.com/node_modules/next/dist/compiled/next-server/app-page.runtime.prod.js:12:135629)
    at stringify (<anonymous>)
    at eP (/Users/ahmedsalem/Desktop/all my projects/uneom.com/node_modules/next/dist/compiled/next-server/app-page.runtime.prod.js:12:142093)
    at eE (/Users/ahmedsalem/Desktop/all my projects/uneom.com/node_modules/next/dist/compiled/next-server/app-page.runtime.prod.js:12:142572)
    at AsyncLocalStorage.run (node:internal/async_local_storage/async_context_frame:63:14)
    at Timeout._onTimeout (/Users/ahmedsalem/Desktop/all my projects/uneom.com/node_modules/next/dist/compiled/next-server/app-page.runtime.prod.js:12:150373) {
  digest: '785353560'
}
TypeError: Cannot read properties of undefined (reading 'toLowerCase')
    at Module.y (/Users/ahmedsalem/Desktop/all my projects/uneom.com/.next/server/app/locations/[city]/[industry]/page.js:1:2657)
    at /Users/ahmedsalem/Desktop/all my projects/uneom.com/node_modules/next/dist/compiled/next-server/app-page.runtime.prod.js:12:227525
    at /Users/ahmedsalem/Desktop/all my projects/uneom.com/node_modules/next/dist/server/lib/trace/tracer.js:140:36
    at NoopContextManager.with (/Users/ahmedsalem/Desktop/all my projects/uneom.com/node_modules/next/dist/compiled/@opentelemetry/api/index.js:1:7062)
    at ContextAPI.with (/Users/ahmedsalem/Desktop/all my projects/uneom.com/node_modules/next/dist/compiled/@opentelemetry/api/index.js:1:518)
    at NoopTracer.startActiveSpan (/Users/ahmedsalem/Desktop/all my projects/uneom.com/node_modules/next/dist/compiled/@opentelemetry/api/index.js:1:18093)
    at ProxyTracer.startActiveSpan (/Users/ahmedsalem/Desktop/all my projects/uneom.com/node_modules/next/dist/compiled/@opentelemetry/api/index.js:1:18854)
    at /Users/ahmedsalem/Desktop/all my projects/uneom.com/node_modules/next/dist/server/lib/trace/tracer.js:122:103
    at NoopContextManager.with (/Users/ahmedsalem/Desktop/all my projects/uneom.com/node_modules/next/dist/compiled/@opentelemetry/api/index.js:1:7062)
    at ContextAPI.with (/Users/ahmedsalem/Desktop/all my projects/uneom.com/node_modules/next/dist/compiled/@opentelemetry/api/index.js:1:518) {
  digest: '2592674761'
}
TypeError: Cannot read properties of undefined (reading 'toLowerCase')
    at b (/Users/ahmedsalem/Desktop/all my projects/uneom.com/.next/server/app/locations/[city]/[industry]/page.js:1:4337)
    at eh (/Users/ahmedsalem/Desktop/all my projects/uneom.com/node_modules/next/dist/compiled/next-server/app-page.runtime.prod.js:12:134660)
    at e (/Users/ahmedsalem/Desktop/all my projects/uneom.com/node_modules/next/dist/compiled/next-server/app-page.runtime.prod.js:12:137545)
    at ek (/Users/ahmedsalem/Desktop/all my projects/uneom.com/node_modules/next/dist/compiled/next-server/app-page.runtime.prod.js:12:138019)
    at Array.toJSON (/Users/ahmedsalem/Desktop/all my projects/uneom.com/node_modules/next/dist/compiled/next-server/app-page.runtime.prod.js:12:135629)
    at stringify (<anonymous>)
    at eP (/Users/ahmedsalem/Desktop/all my projects/uneom.com/node_modules/next/dist/compiled/next-server/app-page.runtime.prod.js:12:142093)
    at eE (/Users/ahmedsalem/Desktop/all my projects/uneom.com/node_modules/next/dist/compiled/next-server/app-page.runtime.prod.js:12:142572)
    at Timeout._onTimeout (/Users/ahmedsalem/Desktop/all my projects/uneom.com/node_modules/next/dist/compiled/next-server/app-page.runtime.prod.js:12:135349)
    at listOnTimeout (node:internal/timers:605:17) {
  digest: '2151575143'
}
TypeError: Cannot read properties of undefined (reading 'toLowerCase')
    at b (/Users/ahmedsalem/Desktop/all my projects/uneom.com/.next/server/app/locations/[city]/[industry]/page.js:1:4337)
    at eh (/Users/ahmedsalem/Desktop/all my projects/uneom.com/node_modules/next/dist/compiled/next-server/app-page.runtime.prod.js:12:134660)
    at e (/Users/ahmedsalem/Desktop/all my projects/uneom.com/node_modules/next/dist/compiled/next-server/app-page.runtime.prod.js:12:137545)
    at ek (/Users/ahmedsalem/Desktop/all my projects/uneom.com/node_modules/next/dist/compiled/next-server/app-page.runtime.prod.js:12:138019)
    at Array.toJSON (/Users/ahmedsalem/Desktop/all my projects/uneom.com/node_modules/next/dist/compiled/next-server/app-page.runtime.prod.js:12:135629)
    at stringify (<anonymous>)
    at eP (/Users/ahmedsalem/Desktop/all my projects/uneom.com/node_modules/next/dist/compiled/next-server/app-page.runtime.prod.js:12:142093)
    at eE (/Users/ahmedsalem/Desktop/all my projects/uneom.com/node_modules/next/dist/compiled/next-server/app-page.runtime.prod.js:12:142572)
    at Timeout._onTimeout (/Users/ahmedsalem/Desktop/all my projects/uneom.com/node_modules/next/dist/compiled/next-server/app-page.runtime.prod.js:12:135349)
    at listOnTimeout (node:internal/timers:605:17) {
  digest: '2151575143'
}
TypeError: Cannot read properties of undefined (reading 'toLowerCase')
    at b (/Users/ahmedsalem/Desktop/all my projects/uneom.com/.next/server/app/locations/[city]/[industry]/page.js:1:4337)
    at eh (/Users/ahmedsalem/Desktop/all my projects/uneom.com/node_modules/next/dist/compiled/next-server/app-page.runtime.prod.js:12:134660)
    at e (/Users/ahmedsalem/Desktop/all my projects/uneom.com/node_modules/next/dist/compiled/next-server/app-page.runtime.prod.js:12:137545)
    at ek (/Users/ahmedsalem/Desktop/all my projects/uneom.com/node_modules/next/dist/compiled/next-server/app-page.runtime.prod.js:12:138019)
    at Array.toJSON (/Users/ahmedsalem/Desktop/all my projects/uneom.com/node_modules/next/dist/compiled/next-server/app-page.runtime.prod.js:12:135629)
    at stringify (<anonymous>)
    at eP (/Users/ahmedsalem/Desktop/all my projects/uneom.com/node_modules/next/dist/compiled/next-server/app-page.runtime.prod.js:12:142093)
    at eE (/Users/ahmedsalem/Desktop/all my projects/uneom.com/node_modules/next/dist/compiled/next-server/app-page.runtime.prod.js:12:142572)
    at AsyncLocalStorage.run (node:internal/async_local_storage/async_context_frame:63:14)
    at Timeout._onTimeout (/Users/ahmedsalem/Desktop/all my projects/uneom.com/node_modules/next/dist/compiled/next-server/app-page.runtime.prod.js:12:150373) {
  digest: '785353560'
}
TypeError: Cannot read properties of undefined (reading 'toLowerCase')
    at b (/Users/ahmedsalem/Desktop/all my projects/uneom.com/.next/server/app/locations/[city]/[industry]/page.js:1:4337)
    at eh (/Users/ahmedsalem/Desktop/all my projects/uneom.com/node_modules/next/dist/compiled/next-server/app-page.runtime.prod.js:12:134660)
    at e (/Users/ahmedsalem/Desktop/all my projects/uneom.com/node_modules/next/dist/compiled/next-server/app-page.runtime.prod.js:12:137545)
    at ek (/Users/ahmedsalem/Desktop/all my projects/uneom.com/node_modules/next/dist/compiled/next-server/app-page.runtime.prod.js:12:138019)
    at Array.toJSON (/Users/ahmedsalem/Desktop/all my projects/uneom.com/node_modules/next/dist/compiled/next-server/app-page.runtime.prod.js:12:135629)
    at stringify (<anonymous>)
    at eP (/Users/ahmedsalem/Desktop/all my projects/uneom.com/node_modules/next/dist/compiled/next-server/app-page.runtime.prod.js:12:142093)
    at eE (/Users/ahmedsalem/Desktop/all my projects/uneom.com/node_modules/next/dist/compiled/next-server/app-page.runtime.prod.js:12:142572)
    at AsyncLocalStorage.run (node:internal/async_local_storage/async_context_frame:63:14)
    at Timeout._onTimeout (/Users/ahmedsalem/Desktop/all my projects/uneom.com/node_modules/next/dist/compiled/next-server/app-page.runtime.prod.js:12:150373) {
  digest: '785353560'
}
TypeError: Cannot read properties of undefined (reading 'toLowerCase')
    at b (/Users/ahmedsalem/Desktop/all my projects/uneom.com/.next/server/app/locations/[city]/[industry]/page.js:1:4337)
    at eh (/Users/ahmedsalem/Desktop/all my projects/uneom.com/node_modules/next/dist/compiled/next-server/app-page.runtime.prod.js:12:134660)
    at e (/Users/ahmedsalem/Desktop/all my projects/uneom.com/node_modules/next/dist/compiled/next-server/app-page.runtime.prod.js:12:137545)
    at ek (/Users/ahmedsalem/Desktop/all my projects/uneom.com/node_modules/next/dist/compiled/next-server/app-page.runtime.prod.js:12:138019)
    at Array.toJSON (/Users/ahmedsalem/Desktop/all my projects/uneom.com/node_modules/next/dist/compiled/next-server/app-page.runtime.prod.js:12:135629)
    at stringify (<anonymous>)
    at eP (/Users/ahmedsalem/Desktop/all my projects/uneom.com/node_modules/next/dist/compiled/next-server/app-page.runtime.prod.js:12:142093)
    at eE (/Users/ahmedsalem/Desktop/all my projects/uneom.com/node_modules/next/dist/compiled/next-server/app-page.runtime.prod.js:12:142572)
    at AsyncLocalStorage.run (node:internal/async_local_storage/async_context_frame:63:14)
    at Timeout._onTimeout (/Users/ahmedsalem/Desktop/all my projects/uneom.com/node_modules/next/dist/compiled/next-server/app-page.runtime.prod.js:12:150373) {
  digest: '785353560'
}
TypeError: Cannot read properties of undefined (reading 'toLowerCase')
    at b (/Users/ahmedsalem/Desktop/all my projects/uneom.com/.next/server/app/locations/[city]/[industry]/page.js:1:4337)
    at eh (/Users/ahmedsalem/Desktop/all my projects/uneom.com/node_modules/next/dist/compiled/next-server/app-page.runtime.prod.js:12:134660)
    at e (/Users/ahmedsalem/Desktop/all my projects/uneom.com/node_modules/next/dist/compiled/next-server/app-page.runtime.prod.js:12:137545)
    at ek (/Users/ahmedsalem/Desktop/all my projects/uneom.com/node_modules/next/dist/compiled/next-server/app-page.runtime.prod.js:12:138019)
    at Array.toJSON (/Users/ahmedsalem/Desktop/all my projects/uneom.com/node_modules/next/dist/compiled/next-server/app-page.runtime.prod.js:12:135629)
    at stringify (<anonymous>)
    at eP (/Users/ahmedsalem/Desktop/all my projects/uneom.com/node_modules/next/dist/compiled/next-server/app-page.runtime.prod.js:12:142093)
    at eE (/Users/ahmedsalem/Desktop/all my projects/uneom.com/node_modules/next/dist/compiled/next-server/app-page.runtime.prod.js:12:142572)
    at AsyncLocalStorage.run (node:internal/async_local_storage/async_context_frame:63:14)
    at Timeout._onTimeout (/Users/ahmedsalem/Desktop/all my projects/uneom.com/node_modules/next/dist/compiled/next-server/app-page.runtime.prod.js:12:150373) {
  digest: '785353560'
}
TypeError: Cannot read properties of undefined (reading 'toLowerCase')
    at Module.y (/Users/ahmedsalem/Desktop/all my projects/uneom.com/.next/server/app/locations/[city]/[industry]/page.js:1:2657)
    at /Users/ahmedsalem/Desktop/all my projects/uneom.com/node_modules/next/dist/compiled/next-server/app-page.runtime.prod.js:12:227525
    at /Users/ahmedsalem/Desktop/all my projects/uneom.com/node_modules/next/dist/server/lib/trace/tracer.js:140:36
    at NoopContextManager.with (/Users/ahmedsalem/Desktop/all my projects/uneom.com/node_modules/next/dist/compiled/@opentelemetry/api/index.js:1:7062)
    at ContextAPI.with (/Users/ahmedsalem/Desktop/all my projects/uneom.com/node_modules/next/dist/compiled/@opentelemetry/api/index.js:1:518)
    at NoopTracer.startActiveSpan (/Users/ahmedsalem/Desktop/all my projects/uneom.com/node_modules/next/dist/compiled/@opentelemetry/api/index.js:1:18093)
    at ProxyTracer.startActiveSpan (/Users/ahmedsalem/Desktop/all my projects/uneom.com/node_modules/next/dist/compiled/@opentelemetry/api/index.js:1:18854)
    at /Users/ahmedsalem/Desktop/all my projects/uneom.com/node_modules/next/dist/server/lib/trace/tracer.js:122:103
    at NoopContextManager.with (/Users/ahmedsalem/Desktop/all my projects/uneom.com/node_modules/next/dist/compiled/@opentelemetry/api/index.js:1:7062)
    at ContextAPI.with (/Users/ahmedsalem/Desktop/all my projects/uneom.com/node_modules/next/dist/compiled/@opentelemetry/api/index.js:1:518) {
  digest: '2592674761'
}
TypeError: Cannot read properties of undefined (reading 'toLowerCase')
    at Module.y (/Users/ahmedsalem/Desktop/all my projects/uneom.com/.next/server/app/locations/[city]/[industry]/page.js:1:2657)
    at /Users/ahmedsalem/Desktop/all my projects/uneom.com/node_modules/next/dist/compiled/next-server/app-page.runtime.prod.js:12:227525
    at /Users/ahmedsalem/Desktop/all my projects/uneom.com/node_modules/next/dist/server/lib/trace/tracer.js:140:36
    at NoopContextManager.with (/Users/ahmedsalem/Desktop/all my projects/uneom.com/node_modules/next/dist/compiled/@opentelemetry/api/index.js:1:7062)
    at ContextAPI.with (/Users/ahmedsalem/Desktop/all my projects/uneom.com/node_modules/next/dist/compiled/@opentelemetry/api/index.js:1:518)
    at NoopTracer.startActiveSpan (/Users/ahmedsalem/Desktop/all my projects/uneom.com/node_modules/next/dist/compiled/@opentelemetry/api/index.js:1:18093)
    at ProxyTracer.startActiveSpan (/Users/ahmedsalem/Desktop/all my projects/uneom.com/node_modules/next/dist/compiled/@opentelemetry/api/index.js:1:18854)
    at /Users/ahmedsalem/Desktop/all my projects/uneom.com/node_modules/next/dist/server/lib/trace/tracer.js:122:103
    at NoopContextManager.with (/Users/ahmedsalem/Desktop/all my projects/uneom.com/node_modules/next/dist/compiled/@opentelemetry/api/index.js:1:7062)
    at ContextAPI.with (/Users/ahmedsalem/Desktop/all my projects/uneom.com/node_modules/next/dist/compiled/@opentelemetry/api/index.js:1:518) {
  digest: '2592674761'
}
TypeError: Cannot read properties of undefined (reading 'toLowerCase')
    at Module.y (/Users/ahmedsalem/Desktop/all my projects/uneom.com/.next/server/app/locations/[city]/[industry]/page.js:1:2657)
    at /Users/ahmedsalem/Desktop/all my projects/uneom.com/node_modules/next/dist/compiled/next-server/app-page.runtime.prod.js:12:227525
    at /Users/ahmedsalem/Desktop/all my projects/uneom.com/node_modules/next/dist/server/lib/trace/tracer.js:140:36
    at NoopContextManager.with (/Users/ahmedsalem/Desktop/all my projects/uneom.com/node_modules/next/dist/compiled/@opentelemetry/api/index.js:1:7062)
    at ContextAPI.with (/Users/ahmedsalem/Desktop/all my projects/uneom.com/node_modules/next/dist/compiled/@opentelemetry/api/index.js:1:518)
    at NoopTracer.startActiveSpan (/Users/ahmedsalem/Desktop/all my projects/uneom.com/node_modules/next/dist/compiled/@opentelemetry/api/index.js:1:18093)
    at ProxyTracer.startActiveSpan (/Users/ahmedsalem/Desktop/all my projects/uneom.com/node_modules/next/dist/compiled/@opentelemetry/api/index.js:1:18854)
    at /Users/ahmedsalem/Desktop/all my projects/uneom.com/node_modules/next/dist/server/lib/trace/tracer.js:122:103
    at NoopContextManager.with (/Users/ahmedsalem/Desktop/all my projects/uneom.com/node_modules/next/dist/compiled/@opentelemetry/api/index.js:1:7062)
    at ContextAPI.with (/Users/ahmedsalem/Desktop/all my projects/uneom.com/node_modules/next/dist/compiled/@opentelemetry/api/index.js:1:518) {
  digest: '2592674761'
}
TypeError: Cannot read properties of undefined (reading 'toLowerCase')
    at Module.y (/Users/ahmedsalem/Desktop/all my projects/uneom.com/.next/server/app/locations/[city]/[industry]/page.js:1:2657)
    at /Users/ahmedsalem/Desktop/all my projects/uneom.com/node_modules/next/dist/compiled/next-server/app-page.runtime.prod.js:12:227525
    at /Users/ahmedsalem/Desktop/all my projects/uneom.com/node_modules/next/dist/server/lib/trace/tracer.js:140:36
    at NoopContextManager.with (/Users/ahmedsalem/Desktop/all my projects/uneom.com/node_modules/next/dist/compiled/@opentelemetry/api/index.js:1:7062)
    at ContextAPI.with (/Users/ahmedsalem/Desktop/all my projects/uneom.com/node_modules/next/dist/compiled/@opentelemetry/api/index.js:1:518)
    at NoopTracer.startActiveSpan (/Users/ahmedsalem/Desktop/all my projects/uneom.com/node_modules/next/dist/compiled/@opentelemetry/api/index.js:1:18093)
    at ProxyTracer.startActiveSpan (/Users/ahmedsalem/Desktop/all my projects/uneom.com/node_modules/next/dist/compiled/@opentelemetry/api/index.js:1:18854)
    at /Users/ahmedsalem/Desktop/all my projects/uneom.com/node_modules/next/dist/server/lib/trace/tracer.js:122:103
    at NoopContextManager.with (/Users/ahmedsalem/Desktop/all my projects/uneom.com/node_modules/next/dist/compiled/@opentelemetry/api/index.js:1:7062)
    at ContextAPI.with (/Users/ahmedsalem/Desktop/all my projects/uneom.com/node_modules/next/dist/compiled/@opentelemetry/api/index.js:1:518) {
  digest: '2592674761'
}
TypeError: Cannot read properties of undefined (reading 'toLowerCase')
    at b (/Users/ahmedsalem/Desktop/all my projects/uneom.com/.next/server/app/locations/[city]/[industry]/page.js:1:4337)
    at eh (/Users/ahmedsalem/Desktop/all my projects/uneom.com/node_modules/next/dist/compiled/next-server/app-page.runtime.prod.js:12:134660)
    at e (/Users/ahmedsalem/Desktop/all my projects/uneom.com/node_modules/next/dist/compiled/next-server/app-page.runtime.prod.js:12:137545)
    at ek (/Users/ahmedsalem/Desktop/all my projects/uneom.com/node_modules/next/dist/compiled/next-server/app-page.runtime.prod.js:12:138019)
    at Array.toJSON (/Users/ahmedsalem/Desktop/all my projects/uneom.com/node_modules/next/dist/compiled/next-server/app-page.runtime.prod.js:12:135629)
    at stringify (<anonymous>)
    at eP (/Users/ahmedsalem/Desktop/all my projects/uneom.com/node_modules/next/dist/compiled/next-server/app-page.runtime.prod.js:12:142093)
    at eE (/Users/ahmedsalem/Desktop/all my projects/uneom.com/node_modules/next/dist/compiled/next-server/app-page.runtime.prod.js:12:142572)
    at Timeout._onTimeout (/Users/ahmedsalem/Desktop/all my projects/uneom.com/node_modules/next/dist/compiled/next-server/app-page.runtime.prod.js:12:135349)
    at listOnTimeout (node:internal/timers:605:17) {
  digest: '2151575143'
}
TypeError: Cannot read properties of undefined (reading 'toLowerCase')
    at b (/Users/ahmedsalem/Desktop/all my projects/uneom.com/.next/server/app/locations/[city]/[industry]/page.js:1:4337)
    at eh (/Users/ahmedsalem/Desktop/all my projects/uneom.com/node_modules/next/dist/compiled/next-server/app-page.runtime.prod.js:12:134660)
    at e (/Users/ahmedsalem/Desktop/all my projects/uneom.com/node_modules/next/dist/compiled/next-server/app-page.runtime.prod.js:12:137545)
    at ek (/Users/ahmedsalem/Desktop/all my projects/uneom.com/node_modules/next/dist/compiled/next-server/app-page.runtime.prod.js:12:138019)
    at Array.toJSON (/Users/ahmedsalem/Desktop/all my projects/uneom.com/node_modules/next/dist/compiled/next-server/app-page.runtime.prod.js:12:135629)
    at stringify (<anonymous>)
    at eP (/Users/ahmedsalem/Desktop/all my projects/uneom.com/node_modules/next/dist/compiled/next-server/app-page.runtime.prod.js:12:142093)
    at eE (/Users/ahmedsalem/Desktop/all my projects/uneom.com/node_modules/next/dist/compiled/next-server/app-page.runtime.prod.js:12:142572)
    at Timeout._onTimeout (/Users/ahmedsalem/Desktop/all my projects/uneom.com/node_modules/next/dist/compiled/next-server/app-page.runtime.prod.js:12:135349)
    at listOnTimeout (node:internal/timers:605:17) {
  digest: '2151575143'
}
TypeError: Cannot read properties of undefined (reading 'toLowerCase')
    at b (/Users/ahmedsalem/Desktop/all my projects/uneom.com/.next/server/app/locations/[city]/[industry]/page.js:1:4337)
    at eh (/Users/ahmedsalem/Desktop/all my projects/uneom.com/node_modules/next/dist/compiled/next-server/app-page.runtime.prod.js:12:134660)
    at e (/Users/ahmedsalem/Desktop/all my projects/uneom.com/node_modules/next/dist/compiled/next-server/app-page.runtime.prod.js:12:137545)
    at ek (/Users/ahmedsalem/Desktop/all my projects/uneom.com/node_modules/next/dist/compiled/next-server/app-page.runtime.prod.js:12:138019)
    at Array.toJSON (/Users/ahmedsalem/Desktop/all my projects/uneom.com/node_modules/next/dist/compiled/next-server/app-page.runtime.prod.js:12:135629)
    at stringify (<anonymous>)
    at eP (/Users/ahmedsalem/Desktop/all my projects/uneom.com/node_modules/next/dist/compiled/next-server/app-page.runtime.prod.js:12:142093)
    at eE (/Users/ahmedsalem/Desktop/all my projects/uneom.com/node_modules/next/dist/compiled/next-server/app-page.runtime.prod.js:12:142572)
    at Timeout._onTimeout (/Users/ahmedsalem/Desktop/all my projects/uneom.com/node_modules/next/dist/compiled/next-server/app-page.runtime.prod.js:12:135349)
    at listOnTimeout (node:internal/timers:605:17) {
  digest: '2151575143'
}
TypeError: Cannot read properties of undefined (reading 'toLowerCase')
    at b (/Users/ahmedsalem/Desktop/all my projects/uneom.com/.next/server/app/locations/[city]/[industry]/page.js:1:4337)
    at eh (/Users/ahmedsalem/Desktop/all my projects/uneom.com/node_modules/next/dist/compiled/next-server/app-page.runtime.prod.js:12:134660)
    at e (/Users/ahmedsalem/Desktop/all my projects/uneom.com/node_modules/next/dist/compiled/next-server/app-page.runtime.prod.js:12:137545)
    at ek (/Users/ahmedsalem/Desktop/all my projects/uneom.com/node_modules/next/dist/compiled/next-server/app-page.runtime.prod.js:12:138019)
    at Array.toJSON (/Users/ahmedsalem/Desktop/all my projects/uneom.com/node_modules/next/dist/compiled/next-server/app-page.runtime.prod.js:12:135629)
    at stringify (<anonymous>)
    at eP (/Users/ahmedsalem/Desktop/all my projects/uneom.com/node_modules/next/dist/compiled/next-server/app-page.runtime.prod.js:12:142093)
    at eE (/Users/ahmedsalem/Desktop/all my projects/uneom.com/node_modules/next/dist/compiled/next-server/app-page.runtime.prod.js:12:142572)
    at Timeout._onTimeout (/Users/ahmedsalem/Desktop/all my projects/uneom.com/node_modules/next/dist/compiled/next-server/app-page.runtime.prod.js:12:135349)
    at listOnTimeout (node:internal/timers:605:17) {
  digest: '2151575143'
}
TypeError: Cannot read properties of undefined (reading 'toLowerCase')
    at Module.y (/Users/ahmedsalem/Desktop/all my projects/uneom.com/.next/server/app/locations/[city]/[industry]/page.js:1:2657)
    at /Users/ahmedsalem/Desktop/all my projects/uneom.com/node_modules/next/dist/compiled/next-server/app-page.runtime.prod.js:12:227525
    at /Users/ahmedsalem/Desktop/all my projects/uneom.com/node_modules/next/dist/server/lib/trace/tracer.js:140:36
    at NoopContextManager.with (/Users/ahmedsalem/Desktop/all my projects/uneom.com/node_modules/next/dist/compiled/@opentelemetry/api/index.js:1:7062)
    at ContextAPI.with (/Users/ahmedsalem/Desktop/all my projects/uneom.com/node_modules/next/dist/compiled/@opentelemetry/api/index.js:1:518)
    at NoopTracer.startActiveSpan (/Users/ahmedsalem/Desktop/all my projects/uneom.com/node_modules/next/dist/compiled/@opentelemetry/api/index.js:1:18093)
    at ProxyTracer.startActiveSpan (/Users/ahmedsalem/Desktop/all my projects/uneom.com/node_modules/next/dist/compiled/@opentelemetry/api/index.js:1:18854)
    at /Users/ahmedsalem/Desktop/all my projects/uneom.com/node_modules/next/dist/server/lib/trace/tracer.js:122:103
    at NoopContextManager.with (/Users/ahmedsalem/Desktop/all my projects/uneom.com/node_modules/next/dist/compiled/@opentelemetry/api/index.js:1:7062)
    at ContextAPI.with (/Users/ahmedsalem/Desktop/all my projects/uneom.com/node_modules/next/dist/compiled/@opentelemetry/api/index.js:1:518) {
  digest: '2592674761'
}
TypeError: Cannot read properties of undefined (reading 'toLowerCase')
    at Module.y (/Users/ahmedsalem/Desktop/all my projects/uneom.com/.next/server/app/locations/[city]/[industry]/page.js:1:2657)
    at /Users/ahmedsalem/Desktop/all my projects/uneom.com/node_modules/next/dist/compiled/next-server/app-page.runtime.prod.js:12:227525
    at /Users/ahmedsalem/Desktop/all my projects/uneom.com/node_modules/next/dist/server/lib/trace/tracer.js:140:36
    at NoopContextManager.with (/Users/ahmedsalem/Desktop/all my projects/uneom.com/node_modules/next/dist/compiled/@opentelemetry/api/index.js:1:7062)
    at ContextAPI.with (/Users/ahmedsalem/Desktop/all my projects/uneom.com/node_modules/next/dist/compiled/@opentelemetry/api/index.js:1:518)
    at NoopTracer.startActiveSpan (/Users/ahmedsalem/Desktop/all my projects/uneom.com/node_modules/next/dist/compiled/@opentelemetry/api/index.js:1:18093)
    at ProxyTracer.startActiveSpan (/Users/ahmedsalem/Desktop/all my projects/uneom.com/node_modules/next/dist/compiled/@opentelemetry/api/index.js:1:18854)
    at /Users/ahmedsalem/Desktop/all my projects/uneom.com/node_modules/next/dist/server/lib/trace/tracer.js:122:103
    at NoopContextManager.with (/Users/ahmedsalem/Desktop/all my projects/uneom.com/node_modules/next/dist/compiled/@opentelemetry/api/index.js:1:7062)
    at ContextAPI.with (/Users/ahmedsalem/Desktop/all my projects/uneom.com/node_modules/next/dist/compiled/@opentelemetry/api/index.js:1:518) {
  digest: '2592674761'
}

Error occurred prerendering page "/locations/mecca/healthcare". Read more: https://nextjs.org/docs/messages/prerender-error

TypeError: Cannot read properties of undefined (reading 'toLowerCase')
    at b (/Users/ahmedsalem/Desktop/all my projects/uneom.com/.next/server/app/locations/[city]/[industry]/page.js:1:4337)
    at eh (/Users/ahmedsalem/Desktop/all my projects/uneom.com/node_modules/next/dist/compiled/next-server/app-page.runtime.prod.js:12:134660)
    at e (/Users/ahmedsalem/Desktop/all my projects/uneom.com/node_modules/next/dist/compiled/next-server/app-page.runtime.prod.js:12:137545)
    at ek (/Users/ahmedsalem/Desktop/all my projects/uneom.com/node_modules/next/dist/compiled/next-server/app-page.runtime.prod.js:12:138019)
    at Array.toJSON (/Users/ahmedsalem/Desktop/all my projects/uneom.com/node_modules/next/dist/compiled/next-server/app-page.runtime.prod.js:12:135629)
    at stringify (<anonymous>)
    at eP (/Users/ahmedsalem/Desktop/all my projects/uneom.com/node_modules/next/dist/compiled/next-server/app-page.runtime.prod.js:12:142093)
    at eE (/Users/ahmedsalem/Desktop/all my projects/uneom.com/node_modules/next/dist/compiled/next-server/app-page.runtime.prod.js:12:142572)
    at AsyncLocalStorage.run (node:internal/async_local_storage/async_context_frame:63:14)
    at Timeout._onTimeout (/Users/ahmedsalem/Desktop/all my projects/uneom.com/node_modules/next/dist/compiled/next-server/app-page.runtime.prod.js:12:150373)
TypeError: Cannot read properties of undefined (reading 'toLowerCase')
    at Module.y (/Users/ahmedsalem/Desktop/all my projects/uneom.com/.next/server/app/locations/[city]/[industry]/page.js:1:2657)
    at /Users/ahmedsalem/Desktop/all my projects/uneom.com/node_modules/next/dist/compiled/next-server/app-page.runtime.prod.js:12:227525
    at /Users/ahmedsalem/Desktop/all my projects/uneom.com/node_modules/next/dist/server/lib/trace/tracer.js:140:36
    at NoopContextManager.with (/Users/ahmedsalem/Desktop/all my projects/uneom.com/node_modules/next/dist/compiled/@opentelemetry/api/index.js:1:7062)
    at ContextAPI.with (/Users/ahmedsalem/Desktop/all my projects/uneom.com/node_modules/next/dist/compiled/@opentelemetry/api/index.js:1:518)
    at NoopTracer.startActiveSpan (/Users/ahmedsalem/Desktop/all my projects/uneom.com/node_modules/next/dist/compiled/@opentelemetry/api/index.js:1:18093)
    at ProxyTracer.startActiveSpan (/Users/ahmedsalem/Desktop/all my projects/uneom.com/node_modules/next/dist/compiled/@opentelemetry/api/index.js:1:18854)
    at /Users/ahmedsalem/Desktop/all my projects/uneom.com/node_modules/next/dist/server/lib/trace/tracer.js:122:103
    at NoopContextManager.with (/Users/ahmedsalem/Desktop/all my projects/uneom.com/node_modules/next/dist/compiled/@opentelemetry/api/index.js:1:7062)
    at ContextAPI.with (/Users/ahmedsalem/Desktop/all my projects/uneom.com/node_modules/next/dist/compiled/@opentelemetry/api/index.js:1:518) {
  digest: '2592674761'
}
TypeError: Cannot read properties of undefined (reading 'toLowerCase')
    at Module.y (/Users/ahmedsalem/Desktop/all my projects/uneom.com/.next/server/app/locations/[city]/[industry]/page.js:1:2657)
    at /Users/ahmedsalem/Desktop/all my projects/uneom.com/node_modules/next/dist/compiled/next-server/app-page.runtime.prod.js:12:227525
    at /Users/ahmedsalem/Desktop/all my projects/uneom.com/node_modules/next/dist/server/lib/trace/tracer.js:140:36
    at NoopContextManager.with (/Users/ahmedsalem/Desktop/all my projects/uneom.com/node_modules/next/dist/compiled/@opentelemetry/api/index.js:1:7062)
    at ContextAPI.with (/Users/ahmedsalem/Desktop/all my projects/uneom.com/node_modules/next/dist/compiled/@opentelemetry/api/index.js:1:518)
    at NoopTracer.startActiveSpan (/Users/ahmedsalem/Desktop/all my projects/uneom.com/node_modules/next/dist/compiled/@opentelemetry/api/index.js:1:18093)
    at ProxyTracer.startActiveSpan (/Users/ahmedsalem/Desktop/all my projects/uneom.com/node_modules/next/dist/compiled/@opentelemetry/api/index.js:1:18854)
    at /Users/ahmedsalem/Desktop/all my projects/uneom.com/node_modules/next/dist/server/lib/trace/tracer.js:122:103
    at NoopContextManager.with (/Users/ahmedsalem/Desktop/all my projects/uneom.com/node_modules/next/dist/compiled/@opentelemetry/api/index.js:1:7062)
    at ContextAPI.with (/Users/ahmedsalem/Desktop/all my projects/uneom.com/node_modules/next/dist/compiled/@opentelemetry/api/index.js:1:518) {
  digest: '2592674761'
}
TypeError: Cannot read properties of undefined (reading 'toLowerCase')
    at Module.y (/Users/ahmedsalem/Desktop/all my projects/uneom.com/.next/server/app/locations/[city]/[industry]/page.js:1:2657)
    at /Users/ahmedsalem/Desktop/all my projects/uneom.com/node_modules/next/dist/compiled/next-server/app-page.runtime.prod.js:12:227525
    at /Users/ahmedsalem/Desktop/all my projects/uneom.com/node_modules/next/dist/server/lib/trace/tracer.js:140:36
    at NoopContextManager.with (/Users/ahmedsalem/Desktop/all my projects/uneom.com/node_modules/next/dist/compiled/@opentelemetry/api/index.js:1:7062)
    at ContextAPI.with (/Users/ahmedsalem/Desktop/all my projects/uneom.com/node_modules/next/dist/compiled/@opentelemetry/api/index.js:1:518)
    at NoopTracer.startActiveSpan (/Users/ahmedsalem/Desktop/all my projects/uneom.com/node_modules/next/dist/compiled/@opentelemetry/api/index.js:1:18093)
    at ProxyTracer.startActiveSpan (/Users/ahmedsalem/Desktop/all my projects/uneom.com/node_modules/next/dist/compiled/@opentelemetry/api/index.js:1:18854)
    at /Users/ahmedsalem/Desktop/all my projects/uneom.com/node_modules/next/dist/server/lib/trace/tracer.js:122:103
    at NoopContextManager.with (/Users/ahmedsalem/Desktop/all my projects/uneom.com/node_modules/next/dist/compiled/@opentelemetry/api/index.js:1:7062)
    at ContextAPI.with (/Users/ahmedsalem/Desktop/all my projects/uneom.com/node_modules/next/dist/compiled/@opentelemetry/api/index.js:1:518) {
  digest: '2592674761'
}
TypeError: Cannot read properties of undefined (reading 'toLowerCase')
    at Module.y (/Users/ahmedsalem/Desktop/all my projects/uneom.com/.next/server/app/locations/[city]/[industry]/page.js:1:2657)
    at /Users/ahmedsalem/Desktop/all my projects/uneom.com/node_modules/next/dist/compiled/next-server/app-page.runtime.prod.js:12:227525
    at /Users/ahmedsalem/Desktop/all my projects/uneom.com/node_modules/next/dist/server/lib/trace/tracer.js:140:36
    at NoopContextManager.with (/Users/ahmedsalem/Desktop/all my projects/uneom.com/node_modules/next/dist/compiled/@opentelemetry/api/index.js:1:7062)
    at ContextAPI.with (/Users/ahmedsalem/Desktop/all my projects/uneom.com/node_modules/next/dist/compiled/@opentelemetry/api/index.js:1:518)
    at NoopTracer.startActiveSpan (/Users/ahmedsalem/Desktop/all my projects/uneom.com/node_modules/next/dist/compiled/@opentelemetry/api/index.js:1:18093)
    at ProxyTracer.startActiveSpan (/Users/ahmedsalem/Desktop/all my projects/uneom.com/node_modules/next/dist/compiled/@opentelemetry/api/index.js:1:18854)
    at /Users/ahmedsalem/Desktop/all my projects/uneom.com/node_modules/next/dist/server/lib/trace/tracer.js:122:103
    at NoopContextManager.with (/Users/ahmedsalem/Desktop/all my projects/uneom.com/node_modules/next/dist/compiled/@opentelemetry/api/index.js:1:7062)
    at ContextAPI.with (/Users/ahmedsalem/Desktop/all my projects/uneom.com/node_modules/next/dist/compiled/@opentelemetry/api/index.js:1:518) {
  digest: '2592674761'
}
TypeError: Cannot read properties of undefined (reading 'toLowerCase')
    at Module.y (/Users/ahmedsalem/Desktop/all my projects/uneom.com/.next/server/app/locations/[city]/[industry]/page.js:1:2657)
    at /Users/ahmedsalem/Desktop/all my projects/uneom.com/node_modules/next/dist/compiled/next-server/app-page.runtime.prod.js:12:227525
    at /Users/ahmedsalem/Desktop/all my projects/uneom.com/node_modules/next/dist/server/lib/trace/tracer.js:140:36
    at NoopContextManager.with (/Users/ahmedsalem/Desktop/all my projects/uneom.com/node_modules/next/dist/compiled/@opentelemetry/api/index.js:1:7062)
    at ContextAPI.with (/Users/ahmedsalem/Desktop/all my projects/uneom.com/node_modules/next/dist/compiled/@opentelemetry/api/index.js:1:518)
    at NoopTracer.startActiveSpan (/Users/ahmedsalem/Desktop/all my projects/uneom.com/node_modules/next/dist/compiled/@opentelemetry/api/index.js:1:18093)
    at ProxyTracer.startActiveSpan (/Users/ahmedsalem/Desktop/all my projects/uneom.com/node_modules/next/dist/compiled/@opentelemetry/api/index.js:1:18854)
    at /Users/ahmedsalem/Desktop/all my projects/uneom.com/node_modules/next/dist/server/lib/trace/tracer.js:122:103
    at NoopContextManager.with (/Users/ahmedsalem/Desktop/all my projects/uneom.com/node_modules/next/dist/compiled/@opentelemetry/api/index.js:1:7062)
    at ContextAPI.with (/Users/ahmedsalem/Desktop/all my projects/uneom.com/node_modules/next/dist/compiled/@opentelemetry/api/index.js:1:518) {
  digest: '2592674761'
}

Error occurred prerendering page "/locations/mecca/hospitality". Read more: https://nextjs.org/docs/messages/prerender-error

TypeError: Cannot read properties of undefined (reading 'toLowerCase')
    at b (/Users/ahmedsalem/Desktop/all my projects/uneom.com/.next/server/app/locations/[city]/[industry]/page.js:1:4337)
    at eh (/Users/ahmedsalem/Desktop/all my projects/uneom.com/node_modules/next/dist/compiled/next-server/app-page.runtime.prod.js:12:134660)
    at e (/Users/ahmedsalem/Desktop/all my projects/uneom.com/node_modules/next/dist/compiled/next-server/app-page.runtime.prod.js:12:137545)
    at ek (/Users/ahmedsalem/Desktop/all my projects/uneom.com/node_modules/next/dist/compiled/next-server/app-page.runtime.prod.js:12:138019)
    at Array.toJSON (/Users/ahmedsalem/Desktop/all my projects/uneom.com/node_modules/next/dist/compiled/next-server/app-page.runtime.prod.js:12:135629)
    at stringify (<anonymous>)
    at eP (/Users/ahmedsalem/Desktop/all my projects/uneom.com/node_modules/next/dist/compiled/next-server/app-page.runtime.prod.js:12:142093)
    at eE (/Users/ahmedsalem/Desktop/all my projects/uneom.com/node_modules/next/dist/compiled/next-server/app-page.runtime.prod.js:12:142572)
    at AsyncLocalStorage.run (node:internal/async_local_storage/async_context_frame:63:14)
    at Timeout._onTimeout (/Users/ahmedsalem/Desktop/all my projects/uneom.com/node_modules/next/dist/compiled/next-server/app-page.runtime.prod.js:12:150373)
TypeError: Cannot read properties of undefined (reading 'toLowerCase')
    at Module.y (/Users/ahmedsalem/Desktop/all my projects/uneom.com/.next/server/app/locations/[city]/[industry]/page.js:1:2657)
    at /Users/ahmedsalem/Desktop/all my projects/uneom.com/node_modules/next/dist/compiled/next-server/app-page.runtime.prod.js:12:227525
    at /Users/ahmedsalem/Desktop/all my projects/uneom.com/node_modules/next/dist/server/lib/trace/tracer.js:140:36
    at NoopContextManager.with (/Users/ahmedsalem/Desktop/all my projects/uneom.com/node_modules/next/dist/compiled/@opentelemetry/api/index.js:1:7062)
    at ContextAPI.with (/Users/ahmedsalem/Desktop/all my projects/uneom.com/node_modules/next/dist/compiled/@opentelemetry/api/index.js:1:518)
    at NoopTracer.startActiveSpan (/Users/ahmedsalem/Desktop/all my projects/uneom.com/node_modules/next/dist/compiled/@opentelemetry/api/index.js:1:18093)
    at ProxyTracer.startActiveSpan (/Users/ahmedsalem/Desktop/all my projects/uneom.com/node_modules/next/dist/compiled/@opentelemetry/api/index.js:1:18854)
    at /Users/ahmedsalem/Desktop/all my projects/uneom.com/node_modules/next/dist/server/lib/trace/tracer.js:122:103
    at NoopContextManager.with (/Users/ahmedsalem/Desktop/all my projects/uneom.com/node_modules/next/dist/compiled/@opentelemetry/api/index.js:1:7062)
    at ContextAPI.with (/Users/ahmedsalem/Desktop/all my projects/uneom.com/node_modules/next/dist/compiled/@opentelemetry/api/index.js:1:518) {
  digest: '2592674761'
}
TypeError: Cannot read properties of undefined (reading 'toLowerCase')
    at Module.y (/Users/ahmedsalem/Desktop/all my projects/uneom.com/.next/server/app/locations/[city]/[industry]/page.js:1:2657)
    at /Users/ahmedsalem/Desktop/all my projects/uneom.com/node_modules/next/dist/compiled/next-server/app-page.runtime.prod.js:12:227525
    at /Users/ahmedsalem/Desktop/all my projects/uneom.com/node_modules/next/dist/server/lib/trace/tracer.js:140:36
    at NoopContextManager.with (/Users/ahmedsalem/Desktop/all my projects/uneom.com/node_modules/next/dist/compiled/@opentelemetry/api/index.js:1:7062)
    at ContextAPI.with (/Users/ahmedsalem/Desktop/all my projects/uneom.com/node_modules/next/dist/compiled/@opentelemetry/api/index.js:1:518)
    at NoopTracer.startActiveSpan (/Users/ahmedsalem/Desktop/all my projects/uneom.com/node_modules/next/dist/compiled/@opentelemetry/api/index.js:1:18093)
    at ProxyTracer.startActiveSpan (/Users/ahmedsalem/Desktop/all my projects/uneom.com/node_modules/next/dist/compiled/@opentelemetry/api/index.js:1:18854)
    at /Users/ahmedsalem/Desktop/all my projects/uneom.com/node_modules/next/dist/server/lib/trace/tracer.js:122:103
    at NoopContextManager.with (/Users/ahmedsalem/Desktop/all my projects/uneom.com/node_modules/next/dist/compiled/@opentelemetry/api/index.js:1:7062)
    at ContextAPI.with (/Users/ahmedsalem/Desktop/all my projects/uneom.com/node_modules/next/dist/compiled/@opentelemetry/api/index.js:1:518) {
  digest: '2592674761'
}
TypeError: Cannot read properties of undefined (reading 'toLowerCase')
    at b (/Users/ahmedsalem/Desktop/all my projects/uneom.com/.next/server/app/locations/[city]/[industry]/page.js:1:4337)
    at eh (/Users/ahmedsalem/Desktop/all my projects/uneom.com/node_modules/next/dist/compiled/next-server/app-page.runtime.prod.js:12:134660)
    at e (/Users/ahmedsalem/Desktop/all my projects/uneom.com/node_modules/next/dist/compiled/next-server/app-page.runtime.prod.js:12:137545)
    at ek (/Users/ahmedsalem/Desktop/all my projects/uneom.com/node_modules/next/dist/compiled/next-server/app-page.runtime.prod.js:12:138019)
    at Array.toJSON (/Users/ahmedsalem/Desktop/all my projects/uneom.com/node_modules/next/dist/compiled/next-server/app-page.runtime.prod.js:12:135629)
    at stringify (<anonymous>)
    at eP (/Users/ahmedsalem/Desktop/all my projects/uneom.com/node_modules/next/dist/compiled/next-server/app-page.runtime.prod.js:12:142093)
    at eE (/Users/ahmedsalem/Desktop/all my projects/uneom.com/node_modules/next/dist/compiled/next-server/app-page.runtime.prod.js:12:142572)
    at AsyncLocalStorage.run (node:internal/async_local_storage/async_context_frame:63:14)
    at Timeout._onTimeout (/Users/ahmedsalem/Desktop/all my projects/uneom.com/node_modules/next/dist/compiled/next-server/app-page.runtime.prod.js:12:150373) {
  digest: '785353560'
}

Error occurred prerendering page "/locations/mecca/aviation". Read more: https://nextjs.org/docs/messages/prerender-error

TypeError: Cannot read properties of undefined (reading 'toLowerCase')
    at b (/Users/ahmedsalem/Desktop/all my projects/uneom.com/.next/server/app/locations/[city]/[industry]/page.js:1:4337)
    at eh (/Users/ahmedsalem/Desktop/all my projects/uneom.com/node_modules/next/dist/compiled/next-server/app-page.runtime.prod.js:12:134660)
    at e (/Users/ahmedsalem/Desktop/all my projects/uneom.com/node_modules/next/dist/compiled/next-server/app-page.runtime.prod.js:12:137545)
    at ek (/Users/ahmedsalem/Desktop/all my projects/uneom.com/node_modules/next/dist/compiled/next-server/app-page.runtime.prod.js:12:138019)
    at Array.toJSON (/Users/ahmedsalem/Desktop/all my projects/uneom.com/node_modules/next/dist/compiled/next-server/app-page.runtime.prod.js:12:135629)
    at stringify (<anonymous>)
    at eP (/Users/ahmedsalem/Desktop/all my projects/uneom.com/node_modules/next/dist/compiled/next-server/app-page.runtime.prod.js:12:142093)
    at eE (/Users/ahmedsalem/Desktop/all my projects/uneom.com/node_modules/next/dist/compiled/next-server/app-page.runtime.prod.js:12:142572)
    at AsyncLocalStorage.run (node:internal/async_local_storage/async_context_frame:63:14)
    at Timeout._onTimeout (/Users/ahmedsalem/Desktop/all my projects/uneom.com/node_modules/next/dist/compiled/next-server/app-page.runtime.prod.js:12:150373)
TypeError: Cannot read properties of undefined (reading 'toLowerCase')
    at b (/Users/ahmedsalem/Desktop/all my projects/uneom.com/.next/server/app/locations/[city]/[industry]/page.js:1:4337)
    at eh (/Users/ahmedsalem/Desktop/all my projects/uneom.com/node_modules/next/dist/compiled/next-server/app-page.runtime.prod.js:12:134660)
    at e (/Users/ahmedsalem/Desktop/all my projects/uneom.com/node_modules/next/dist/compiled/next-server/app-page.runtime.prod.js:12:137545)
    at ek (/Users/ahmedsalem/Desktop/all my projects/uneom.com/node_modules/next/dist/compiled/next-server/app-page.runtime.prod.js:12:138019)
    at Array.toJSON (/Users/ahmedsalem/Desktop/all my projects/uneom.com/node_modules/next/dist/compiled/next-server/app-page.runtime.prod.js:12:135629)
    at stringify (<anonymous>)
    at eP (/Users/ahmedsalem/Desktop/all my projects/uneom.com/node_modules/next/dist/compiled/next-server/app-page.runtime.prod.js:12:142093)
    at eE (/Users/ahmedsalem/Desktop/all my projects/uneom.com/node_modules/next/dist/compiled/next-server/app-page.runtime.prod.js:12:142572)
    at Timeout._onTimeout (/Users/ahmedsalem/Desktop/all my projects/uneom.com/node_modules/next/dist/compiled/next-server/app-page.runtime.prod.js:12:135349)
    at listOnTimeout (node:internal/timers:605:17) {
  digest: '2151575143'
}

Error occurred prerendering page "/locations/mecca/security". Read more: https://nextjs.org/docs/messages/prerender-error

TypeError: Cannot read properties of undefined (reading 'toLowerCase')
    at b (/Users/ahmedsalem/Desktop/all my projects/uneom.com/.next/server/app/locations/[city]/[industry]/page.js:1:4337)
    at eh (/Users/ahmedsalem/Desktop/all my projects/uneom.com/node_modules/next/dist/compiled/next-server/app-page.runtime.prod.js:12:134660)
    at e (/Users/ahmedsalem/Desktop/all my projects/uneom.com/node_modules/next/dist/compiled/next-server/app-page.runtime.prod.js:12:137545)
    at ek (/Users/ahmedsalem/Desktop/all my projects/uneom.com/node_modules/next/dist/compiled/next-server/app-page.runtime.prod.js:12:138019)
    at Array.toJSON (/Users/ahmedsalem/Desktop/all my projects/uneom.com/node_modules/next/dist/compiled/next-server/app-page.runtime.prod.js:12:135629)
    at stringify (<anonymous>)
    at eP (/Users/ahmedsalem/Desktop/all my projects/uneom.com/node_modules/next/dist/compiled/next-server/app-page.runtime.prod.js:12:142093)
    at eE (/Users/ahmedsalem/Desktop/all my projects/uneom.com/node_modules/next/dist/compiled/next-server/app-page.runtime.prod.js:12:142572)
    at AsyncLocalStorage.run (node:internal/async_local_storage/async_context_frame:63:14)
    at Timeout._onTimeout (/Users/ahmedsalem/Desktop/all my projects/uneom.com/node_modules/next/dist/compiled/next-server/app-page.runtime.prod.js:12:150373)

Error occurred prerendering page "/locations/mecca/corporate". Read more: https://nextjs.org/docs/messages/prerender-error

TypeError: Cannot read properties of undefined (reading 'toLowerCase')
    at b (/Users/ahmedsalem/Desktop/all my projects/uneom.com/.next/server/app/locations/[city]/[industry]/page.js:1:4337)
    at eh (/Users/ahmedsalem/Desktop/all my projects/uneom.com/node_modules/next/dist/compiled/next-server/app-page.runtime.prod.js:12:134660)
    at e (/Users/ahmedsalem/Desktop/all my projects/uneom.com/node_modules/next/dist/compiled/next-server/app-page.runtime.prod.js:12:137545)
    at ek (/Users/ahmedsalem/Desktop/all my projects/uneom.com/node_modules/next/dist/compiled/next-server/app-page.runtime.prod.js:12:138019)
    at Array.toJSON (/Users/ahmedsalem/Desktop/all my projects/uneom.com/node_modules/next/dist/compiled/next-server/app-page.runtime.prod.js:12:135629)
    at stringify (<anonymous>)
    at eP (/Users/ahmedsalem/Desktop/all my projects/uneom.com/node_modules/next/dist/compiled/next-server/app-page.runtime.prod.js:12:142093)
    at eE (/Users/ahmedsalem/Desktop/all my projects/uneom.com/node_modules/next/dist/compiled/next-server/app-page.runtime.prod.js:12:142572)
    at AsyncLocalStorage.run (node:internal/async_local_storage/async_context_frame:63:14)
    at Timeout._onTimeout (/Users/ahmedsalem/Desktop/all my projects/uneom.com/node_modules/next/dist/compiled/next-server/app-page.runtime.prod.js:12:150373)

Error occurred prerendering page "/locations/mecca/education". Read more: https://nextjs.org/docs/messages/prerender-error

TypeError: Cannot read properties of undefined (reading 'toLowerCase')
    at b (/Users/ahmedsalem/Desktop/all my projects/uneom.com/.next/server/app/locations/[city]/[industry]/page.js:1:4337)
    at eh (/Users/ahmedsalem/Desktop/all my projects/uneom.com/node_modules/next/dist/compiled/next-server/app-page.runtime.prod.js:12:134660)
    at e (/Users/ahmedsalem/Desktop/all my projects/uneom.com/node_modules/next/dist/compiled/next-server/app-page.runtime.prod.js:12:137545)
    at ek (/Users/ahmedsalem/Desktop/all my projects/uneom.com/node_modules/next/dist/compiled/next-server/app-page.runtime.prod.js:12:138019)
    at Array.toJSON (/Users/ahmedsalem/Desktop/all my projects/uneom.com/node_modules/next/dist/compiled/next-server/app-page.runtime.prod.js:12:135629)
    at stringify (<anonymous>)
    at eP (/Users/ahmedsalem/Desktop/all my projects/uneom.com/node_modules/next/dist/compiled/next-server/app-page.runtime.prod.js:12:142093)
    at eE (/Users/ahmedsalem/Desktop/all my projects/uneom.com/node_modules/next/dist/compiled/next-server/app-page.runtime.prod.js:12:142572)
    at AsyncLocalStorage.run (node:internal/async_local_storage/async_context_frame:63:14)
    at Timeout._onTimeout (/Users/ahmedsalem/Desktop/all my projects/uneom.com/node_modules/next/dist/compiled/next-server/app-page.runtime.prod.js:12:150373)

Error occurred prerendering page "/locations/mecca/manufacturing". Read more: https://nextjs.org/docs/messages/prerender-error

TypeError: Cannot read properties of undefined (reading 'toLowerCase')
    at b (/Users/ahmedsalem/Desktop/all my projects/uneom.com/.next/server/app/locations/[city]/[industry]/page.js:1:4337)
    at eh (/Users/ahmedsalem/Desktop/all my projects/uneom.com/node_modules/next/dist/compiled/next-server/app-page.runtime.prod.js:12:134660)
    at e (/Users/ahmedsalem/Desktop/all my projects/uneom.com/node_modules/next/dist/compiled/next-server/app-page.runtime.prod.js:12:137545)
    at ek (/Users/ahmedsalem/Desktop/all my projects/uneom.com/node_modules/next/dist/compiled/next-server/app-page.runtime.prod.js:12:138019)
    at Array.toJSON (/Users/ahmedsalem/Desktop/all my projects/uneom.com/node_modules/next/dist/compiled/next-server/app-page.runtime.prod.js:12:135629)
    at stringify (<anonymous>)
    at eP (/Users/ahmedsalem/Desktop/all my projects/uneom.com/node_modules/next/dist/compiled/next-server/app-page.runtime.prod.js:12:142093)
    at eE (/Users/ahmedsalem/Desktop/all my projects/uneom.com/node_modules/next/dist/compiled/next-server/app-page.runtime.prod.js:12:142572)
    at AsyncLocalStorage.run (node:internal/async_local_storage/async_context_frame:63:14)
    at Timeout._onTimeout (/Users/ahmedsalem/Desktop/all my projects/uneom.com/node_modules/next/dist/compiled/next-server/app-page.runtime.prod.js:12:150373)
TypeError: Cannot read properties of undefined (reading 'toLowerCase')
    at b (/Users/ahmedsalem/Desktop/all my projects/uneom.com/.next/server/app/locations/[city]/[industry]/page.js:1:4337)
    at eh (/Users/ahmedsalem/Desktop/all my projects/uneom.com/node_modules/next/dist/compiled/next-server/app-page.runtime.prod.js:12:134660)
    at e (/Users/ahmedsalem/Desktop/all my projects/uneom.com/node_modules/next/dist/compiled/next-server/app-page.runtime.prod.js:12:137545)
    at ek (/Users/ahmedsalem/Desktop/all my projects/uneom.com/node_modules/next/dist/compiled/next-server/app-page.runtime.prod.js:12:138019)
    at Array.toJSON (/Users/ahmedsalem/Desktop/all my projects/uneom.com/node_modules/next/dist/compiled/next-server/app-page.runtime.prod.js:12:135629)
    at stringify (<anonymous>)
    at eP (/Users/ahmedsalem/Desktop/all my projects/uneom.com/node_modules/next/dist/compiled/next-server/app-page.runtime.prod.js:12:142093)
    at eE (/Users/ahmedsalem/Desktop/all my projects/uneom.com/node_modules/next/dist/compiled/next-server/app-page.runtime.prod.js:12:142572)
    at AsyncLocalStorage.run (node:internal/async_local_storage/async_context_frame:63:14)
    at Timeout._onTimeout (/Users/ahmedsalem/Desktop/all my projects/uneom.com/node_modules/next/dist/compiled/next-server/app-page.runtime.prod.js:12:150373) {
  digest: '785353560'
}
TypeError: Cannot read properties of undefined (reading 'toLowerCase')
    at Module.y (/Users/ahmedsalem/Desktop/all my projects/uneom.com/.next/server/app/locations/[city]/[industry]/page.js:1:2657)
    at /Users/ahmedsalem/Desktop/all my projects/uneom.com/node_modules/next/dist/compiled/next-server/app-page.runtime.prod.js:12:227525
    at /Users/ahmedsalem/Desktop/all my projects/uneom.com/node_modules/next/dist/server/lib/trace/tracer.js:140:36
    at NoopContextManager.with (/Users/ahmedsalem/Desktop/all my projects/uneom.com/node_modules/next/dist/compiled/@opentelemetry/api/index.js:1:7062)
    at ContextAPI.with (/Users/ahmedsalem/Desktop/all my projects/uneom.com/node_modules/next/dist/compiled/@opentelemetry/api/index.js:1:518)
    at NoopTracer.startActiveSpan (/Users/ahmedsalem/Desktop/all my projects/uneom.com/node_modules/next/dist/compiled/@opentelemetry/api/index.js:1:18093)
    at ProxyTracer.startActiveSpan (/Users/ahmedsalem/Desktop/all my projects/uneom.com/node_modules/next/dist/compiled/@opentelemetry/api/index.js:1:18854)
    at /Users/ahmedsalem/Desktop/all my projects/uneom.com/node_modules/next/dist/server/lib/trace/tracer.js:122:103
    at NoopContextManager.with (/Users/ahmedsalem/Desktop/all my projects/uneom.com/node_modules/next/dist/compiled/@opentelemetry/api/index.js:1:7062)
    at ContextAPI.with (/Users/ahmedsalem/Desktop/all my projects/uneom.com/node_modules/next/dist/compiled/@opentelemetry/api/index.js:1:518) {
  digest: '2592674761'
}
TypeError: Cannot read properties of undefined (reading 'toLowerCase')
    at Module.y (/Users/ahmedsalem/Desktop/all my projects/uneom.com/.next/server/app/locations/[city]/[industry]/page.js:1:2657)
    at /Users/ahmedsalem/Desktop/all my projects/uneom.com/node_modules/next/dist/compiled/next-server/app-page.runtime.prod.js:12:227525
    at /Users/ahmedsalem/Desktop/all my projects/uneom.com/node_modules/next/dist/server/lib/trace/tracer.js:140:36
    at NoopContextManager.with (/Users/ahmedsalem/Desktop/all my projects/uneom.com/node_modules/next/dist/compiled/@opentelemetry/api/index.js:1:7062)
    at ContextAPI.with (/Users/ahmedsalem/Desktop/all my projects/uneom.com/node_modules/next/dist/compiled/@opentelemetry/api/index.js:1:518)
    at NoopTracer.startActiveSpan (/Users/ahmedsalem/Desktop/all my projects/uneom.com/node_modules/next/dist/compiled/@opentelemetry/api/index.js:1:18093)
    at ProxyTracer.startActiveSpan (/Users/ahmedsalem/Desktop/all my projects/uneom.com/node_modules/next/dist/compiled/@opentelemetry/api/index.js:1:18854)
    at /Users/ahmedsalem/Desktop/all my projects/uneom.com/node_modules/next/dist/server/lib/trace/tracer.js:122:103
    at NoopContextManager.with (/Users/ahmedsalem/Desktop/all my projects/uneom.com/node_modules/next/dist/compiled/@opentelemetry/api/index.js:1:7062)
    at ContextAPI.with (/Users/ahmedsalem/Desktop/all my projects/uneom.com/node_modules/next/dist/compiled/@opentelemetry/api/index.js:1:518) {
  digest: '2592674761'
}
TypeError: Cannot read properties of undefined (reading 'toLowerCase')
    at b (/Users/ahmedsalem/Desktop/all my projects/uneom.com/.next/server/app/locations/[city]/[industry]/page.js:1:4337)
    at eh (/Users/ahmedsalem/Desktop/all my projects/uneom.com/node_modules/next/dist/compiled/next-server/app-page.runtime.prod.js:12:134660)
    at e (/Users/ahmedsalem/Desktop/all my projects/uneom.com/node_modules/next/dist/compiled/next-server/app-page.runtime.prod.js:12:137545)
    at ek (/Users/ahmedsalem/Desktop/all my projects/uneom.com/node_modules/next/dist/compiled/next-server/app-page.runtime.prod.js:12:138019)
    at Array.toJSON (/Users/ahmedsalem/Desktop/all my projects/uneom.com/node_modules/next/dist/compiled/next-server/app-page.runtime.prod.js:12:135629)
    at stringify (<anonymous>)
    at eP (/Users/ahmedsalem/Desktop/all my projects/uneom.com/node_modules/next/dist/compiled/next-server/app-page.runtime.prod.js:12:142093)
    at eE (/Users/ahmedsalem/Desktop/all my projects/uneom.com/node_modules/next/dist/compiled/next-server/app-page.runtime.prod.js:12:142572)
    at Timeout._onTimeout (/Users/ahmedsalem/Desktop/all my projects/uneom.com/node_modules/next/dist/compiled/next-server/app-page.runtime.prod.js:12:135349)
    at listOnTimeout (node:internal/timers:605:17) {
  digest: '2151575143'
}
TypeError: Cannot read properties of undefined (reading 'toLowerCase')
    at b (/Users/ahmedsalem/Desktop/all my projects/uneom.com/.next/server/app/locations/[city]/[industry]/page.js:1:4337)
    at eh (/Users/ahmedsalem/Desktop/all my projects/uneom.com/node_modules/next/dist/compiled/next-server/app-page.runtime.prod.js:12:134660)
    at e (/Users/ahmedsalem/Desktop/all my projects/uneom.com/node_modules/next/dist/compiled/next-server/app-page.runtime.prod.js:12:137545)
    at ek (/Users/ahmedsalem/Desktop/all my projects/uneom.com/node_modules/next/dist/compiled/next-server/app-page.runtime.prod.js:12:138019)
    at Array.toJSON (/Users/ahmedsalem/Desktop/all my projects/uneom.com/node_modules/next/dist/compiled/next-server/app-page.runtime.prod.js:12:135629)
    at stringify (<anonymous>)
    at eP (/Users/ahmedsalem/Desktop/all my projects/uneom.com/node_modules/next/dist/compiled/next-server/app-page.runtime.prod.js:12:142093)
    at eE (/Users/ahmedsalem/Desktop/all my projects/uneom.com/node_modules/next/dist/compiled/next-server/app-page.runtime.prod.js:12:142572)
    at AsyncLocalStorage.run (node:internal/async_local_storage/async_context_frame:63:14)
    at Timeout._onTimeout (/Users/ahmedsalem/Desktop/all my projects/uneom.com/node_modules/next/dist/compiled/next-server/app-page.runtime.prod.js:12:150373) {
  digest: '785353560'
}
TypeError: Cannot read properties of undefined (reading 'toLowerCase')
    at b (/Users/ahmedsalem/Desktop/all my projects/uneom.com/.next/server/app/locations/[city]/[industry]/page.js:1:4337)
    at eh (/Users/ahmedsalem/Desktop/all my projects/uneom.com/node_modules/next/dist/compiled/next-server/app-page.runtime.prod.js:12:134660)
    at e (/Users/ahmedsalem/Desktop/all my projects/uneom.com/node_modules/next/dist/compiled/next-server/app-page.runtime.prod.js:12:137545)
    at ek (/Users/ahmedsalem/Desktop/all my projects/uneom.com/node_modules/next/dist/compiled/next-server/app-page.runtime.prod.js:12:138019)
    at Array.toJSON (/Users/ahmedsalem/Desktop/all my projects/uneom.com/node_modules/next/dist/compiled/next-server/app-page.runtime.prod.js:12:135629)
    at stringify (<anonymous>)
    at eP (/Users/ahmedsalem/Desktop/all my projects/uneom.com/node_modules/next/dist/compiled/next-server/app-page.runtime.prod.js:12:142093)
    at eE (/Users/ahmedsalem/Desktop/all my projects/uneom.com/node_modules/next/dist/compiled/next-server/app-page.runtime.prod.js:12:142572)
    at Timeout._onTimeout (/Users/ahmedsalem/Desktop/all my projects/uneom.com/node_modules/next/dist/compiled/next-server/app-page.runtime.prod.js:12:135349)
    at listOnTimeout (node:internal/timers:605:17) {
  digest: '2151575143'
}
TypeError: Cannot read properties of undefined (reading 'toLowerCase')
    at Module.y (/Users/ahmedsalem/Desktop/all my projects/uneom.com/.next/server/app/locations/[city]/[industry]/page.js:1:2657)
    at /Users/ahmedsalem/Desktop/all my projects/uneom.com/node_modules/next/dist/compiled/next-server/app-page.runtime.prod.js:12:227525
    at /Users/ahmedsalem/Desktop/all my projects/uneom.com/node_modules/next/dist/server/lib/trace/tracer.js:140:36
    at NoopContextManager.with (/Users/ahmedsalem/Desktop/all my projects/uneom.com/node_modules/next/dist/compiled/@opentelemetry/api/index.js:1:7062)
    at ContextAPI.with (/Users/ahmedsalem/Desktop/all my projects/uneom.com/node_modules/next/dist/compiled/@opentelemetry/api/index.js:1:518)
    at NoopTracer.startActiveSpan (/Users/ahmedsalem/Desktop/all my projects/uneom.com/node_modules/next/dist/compiled/@opentelemetry/api/index.js:1:18093)
    at ProxyTracer.startActiveSpan (/Users/ahmedsalem/Desktop/all my projects/uneom.com/node_modules/next/dist/compiled/@opentelemetry/api/index.js:1:18854)
    at /Users/ahmedsalem/Desktop/all my projects/uneom.com/node_modules/next/dist/server/lib/trace/tracer.js:122:103
    at NoopContextManager.with (/Users/ahmedsalem/Desktop/all my projects/uneom.com/node_modules/next/dist/compiled/@opentelemetry/api/index.js:1:7062)
    at ContextAPI.with (/Users/ahmedsalem/Desktop/all my projects/uneom.com/node_modules/next/dist/compiled/@opentelemetry/api/index.js:1:518) {
  digest: '2592674761'
}

Error occurred prerendering page "/locations/mecca/factory-industry". Read more: https://nextjs.org/docs/messages/prerender-error

TypeError: Cannot read properties of undefined (reading 'toLowerCase')
    at b (/Users/ahmedsalem/Desktop/all my projects/uneom.com/.next/server/app/locations/[city]/[industry]/page.js:1:4337)
    at eh (/Users/ahmedsalem/Desktop/all my projects/uneom.com/node_modules/next/dist/compiled/next-server/app-page.runtime.prod.js:12:134660)
    at e (/Users/ahmedsalem/Desktop/all my projects/uneom.com/node_modules/next/dist/compiled/next-server/app-page.runtime.prod.js:12:137545)
    at ek (/Users/ahmedsalem/Desktop/all my projects/uneom.com/node_modules/next/dist/compiled/next-server/app-page.runtime.prod.js:12:138019)
    at Array.toJSON (/Users/ahmedsalem/Desktop/all my projects/uneom.com/node_modules/next/dist/compiled/next-server/app-page.runtime.prod.js:12:135629)
    at stringify (<anonymous>)
    at eP (/Users/ahmedsalem/Desktop/all my projects/uneom.com/node_modules/next/dist/compiled/next-server/app-page.runtime.prod.js:12:142093)
    at eE (/Users/ahmedsalem/Desktop/all my projects/uneom.com/node_modules/next/dist/compiled/next-server/app-page.runtime.prod.js:12:142572)
    at AsyncLocalStorage.run (node:internal/async_local_storage/async_context_frame:63:14)
    at Timeout._onTimeout (/Users/ahmedsalem/Desktop/all my projects/uneom.com/node_modules/next/dist/compiled/next-server/app-page.runtime.prod.js:12:150373)
TypeError: Cannot read properties of undefined (reading 'toLowerCase')
    at b (/Users/ahmedsalem/Desktop/all my projects/uneom.com/.next/server/app/locations/[city]/[industry]/page.js:1:4337)
    at eh (/Users/ahmedsalem/Desktop/all my projects/uneom.com/node_modules/next/dist/compiled/next-server/app-page.runtime.prod.js:12:134660)
    at e (/Users/ahmedsalem/Desktop/all my projects/uneom.com/node_modules/next/dist/compiled/next-server/app-page.runtime.prod.js:12:137545)
    at ek (/Users/ahmedsalem/Desktop/all my projects/uneom.com/node_modules/next/dist/compiled/next-server/app-page.runtime.prod.js:12:138019)
    at Array.toJSON (/Users/ahmedsalem/Desktop/all my projects/uneom.com/node_modules/next/dist/compiled/next-server/app-page.runtime.prod.js:12:135629)
    at stringify (<anonymous>)
    at eP (/Users/ahmedsalem/Desktop/all my projects/uneom.com/node_modules/next/dist/compiled/next-server/app-page.runtime.prod.js:12:142093)
    at eE (/Users/ahmedsalem/Desktop/all my projects/uneom.com/node_modules/next/dist/compiled/next-server/app-page.runtime.prod.js:12:142572)
    at AsyncLocalStorage.run (node:internal/async_local_storage/async_context_frame:63:14)
    at Timeout._onTimeout (/Users/ahmedsalem/Desktop/all my projects/uneom.com/node_modules/next/dist/compiled/next-server/app-page.runtime.prod.js:12:150373) {
  digest: '785353560'
}
TypeError: Cannot read properties of undefined (reading 'toLowerCase')
    at b (/Users/ahmedsalem/Desktop/all my projects/uneom.com/.next/server/app/locations/[city]/[industry]/page.js:1:4337)
    at eh (/Users/ahmedsalem/Desktop/all my projects/uneom.com/node_modules/next/dist/compiled/next-server/app-page.runtime.prod.js:12:134660)
    at e (/Users/ahmedsalem/Desktop/all my projects/uneom.com/node_modules/next/dist/compiled/next-server/app-page.runtime.prod.js:12:137545)
    at ek (/Users/ahmedsalem/Desktop/all my projects/uneom.com/node_modules/next/dist/compiled/next-server/app-page.runtime.prod.js:12:138019)
    at Array.toJSON (/Users/ahmedsalem/Desktop/all my projects/uneom.com/node_modules/next/dist/compiled/next-server/app-page.runtime.prod.js:12:135629)
    at stringify (<anonymous>)
    at eP (/Users/ahmedsalem/Desktop/all my projects/uneom.com/node_modules/next/dist/compiled/next-server/app-page.runtime.prod.js:12:142093)
    at eE (/Users/ahmedsalem/Desktop/all my projects/uneom.com/node_modules/next/dist/compiled/next-server/app-page.runtime.prod.js:12:142572)
    at AsyncLocalStorage.run (node:internal/async_local_storage/async_context_frame:63:14)
    at Timeout._onTimeout (/Users/ahmedsalem/Desktop/all my projects/uneom.com/node_modules/next/dist/compiled/next-server/app-page.runtime.prod.js:12:150373) {
  digest: '785353560'
}
TypeError: Cannot read properties of undefined (reading 'toLowerCase')
    at b (/Users/ahmedsalem/Desktop/all my projects/uneom.com/.next/server/app/locations/[city]/[industry]/page.js:1:4337)
    at eh (/Users/ahmedsalem/Desktop/all my projects/uneom.com/node_modules/next/dist/compiled/next-server/app-page.runtime.prod.js:12:134660)
    at e (/Users/ahmedsalem/Desktop/all my projects/uneom.com/node_modules/next/dist/compiled/next-server/app-page.runtime.prod.js:12:137545)
    at ek (/Users/ahmedsalem/Desktop/all my projects/uneom.com/node_modules/next/dist/compiled/next-server/app-page.runtime.prod.js:12:138019)
    at Array.toJSON (/Users/ahmedsalem/Desktop/all my projects/uneom.com/node_modules/next/dist/compiled/next-server/app-page.runtime.prod.js:12:135629)
    at stringify (<anonymous>)
    at eP (/Users/ahmedsalem/Desktop/all my projects/uneom.com/node_modules/next/dist/compiled/next-server/app-page.runtime.prod.js:12:142093)
    at eE (/Users/ahmedsalem/Desktop/all my projects/uneom.com/node_modules/next/dist/compiled/next-server/app-page.runtime.prod.js:12:142572)
    at AsyncLocalStorage.run (node:internal/async_local_storage/async_context_frame:63:14)
    at Timeout._onTimeout (/Users/ahmedsalem/Desktop/all my projects/uneom.com/node_modules/next/dist/compiled/next-server/app-page.runtime.prod.js:12:150373) {
  digest: '785353560'
}
TypeError: Cannot read properties of undefined (reading 'toLowerCase')
    at Module.y (/Users/ahmedsalem/Desktop/all my projects/uneom.com/.next/server/app/locations/[city]/[industry]/page.js:1:2657)
    at /Users/ahmedsalem/Desktop/all my projects/uneom.com/node_modules/next/dist/compiled/next-server/app-page.runtime.prod.js:12:227525
    at /Users/ahmedsalem/Desktop/all my projects/uneom.com/node_modules/next/dist/server/lib/trace/tracer.js:140:36
    at NoopContextManager.with (/Users/ahmedsalem/Desktop/all my projects/uneom.com/node_modules/next/dist/compiled/@opentelemetry/api/index.js:1:7062)
    at ContextAPI.with (/Users/ahmedsalem/Desktop/all my projects/uneom.com/node_modules/next/dist/compiled/@opentelemetry/api/index.js:1:518)
    at NoopTracer.startActiveSpan (/Users/ahmedsalem/Desktop/all my projects/uneom.com/node_modules/next/dist/compiled/@opentelemetry/api/index.js:1:18093)
    at ProxyTracer.startActiveSpan (/Users/ahmedsalem/Desktop/all my projects/uneom.com/node_modules/next/dist/compiled/@opentelemetry/api/index.js:1:18854)
    at /Users/ahmedsalem/Desktop/all my projects/uneom.com/node_modules/next/dist/server/lib/trace/tracer.js:122:103
    at NoopContextManager.with (/Users/ahmedsalem/Desktop/all my projects/uneom.com/node_modules/next/dist/compiled/@opentelemetry/api/index.js:1:7062)
    at ContextAPI.with (/Users/ahmedsalem/Desktop/all my projects/uneom.com/node_modules/next/dist/compiled/@opentelemetry/api/index.js:1:518) {
  digest: '2592674761'
}
TypeError: Cannot read properties of undefined (reading 'toLowerCase')
    at b (/Users/ahmedsalem/Desktop/all my projects/uneom.com/.next/server/app/locations/[city]/[industry]/page.js:1:4337)
    at eh (/Users/ahmedsalem/Desktop/all my projects/uneom.com/node_modules/next/dist/compiled/next-server/app-page.runtime.prod.js:12:134660)
    at e (/Users/ahmedsalem/Desktop/all my projects/uneom.com/node_modules/next/dist/compiled/next-server/app-page.runtime.prod.js:12:137545)
    at ek (/Users/ahmedsalem/Desktop/all my projects/uneom.com/node_modules/next/dist/compiled/next-server/app-page.runtime.prod.js:12:138019)
    at Array.toJSON (/Users/ahmedsalem/Desktop/all my projects/uneom.com/node_modules/next/dist/compiled/next-server/app-page.runtime.prod.js:12:135629)
    at stringify (<anonymous>)
    at eP (/Users/ahmedsalem/Desktop/all my projects/uneom.com/node_modules/next/dist/compiled/next-server/app-page.runtime.prod.js:12:142093)
    at eE (/Users/ahmedsalem/Desktop/all my projects/uneom.com/node_modules/next/dist/compiled/next-server/app-page.runtime.prod.js:12:142572)
    at AsyncLocalStorage.run (node:internal/async_local_storage/async_context_frame:63:14)
    at Timeout._onTimeout (/Users/ahmedsalem/Desktop/all my projects/uneom.com/node_modules/next/dist/compiled/next-server/app-page.runtime.prod.js:12:150373) {
  digest: '785353560'
}
TypeError: Cannot read properties of undefined (reading 'toLowerCase')
    at b (/Users/ahmedsalem/Desktop/all my projects/uneom.com/.next/server/app/locations/[city]/[industry]/page.js:1:4337)
    at eh (/Users/ahmedsalem/Desktop/all my projects/uneom.com/node_modules/next/dist/compiled/next-server/app-page.runtime.prod.js:12:134660)
    at e (/Users/ahmedsalem/Desktop/all my projects/uneom.com/node_modules/next/dist/compiled/next-server/app-page.runtime.prod.js:12:137545)
    at ek (/Users/ahmedsalem/Desktop/all my projects/uneom.com/node_modules/next/dist/compiled/next-server/app-page.runtime.prod.js:12:138019)
    at Array.toJSON (/Users/ahmedsalem/Desktop/all my projects/uneom.com/node_modules/next/dist/compiled/next-server/app-page.runtime.prod.js:12:135629)
    at stringify (<anonymous>)
    at eP (/Users/ahmedsalem/Desktop/all my projects/uneom.com/node_modules/next/dist/compiled/next-server/app-page.runtime.prod.js:12:142093)
    at eE (/Users/ahmedsalem/Desktop/all my projects/uneom.com/node_modules/next/dist/compiled/next-server/app-page.runtime.prod.js:12:142572)
    at Timeout._onTimeout (/Users/ahmedsalem/Desktop/all my projects/uneom.com/node_modules/next/dist/compiled/next-server/app-page.runtime.prod.js:12:135349)
    at listOnTimeout (node:internal/timers:605:17) {
  digest: '2151575143'
}
TypeError: Cannot read properties of undefined (reading 'toLowerCase')
    at b (/Users/ahmedsalem/Desktop/all my projects/uneom.com/.next/server/app/locations/[city]/[industry]/page.js:1:4337)
    at eh (/Users/ahmedsalem/Desktop/all my projects/uneom.com/node_modules/next/dist/compiled/next-server/app-page.runtime.prod.js:12:134660)
    at e (/Users/ahmedsalem/Desktop/all my projects/uneom.com/node_modules/next/dist/compiled/next-server/app-page.runtime.prod.js:12:137545)
    at ek (/Users/ahmedsalem/Desktop/all my projects/uneom.com/node_modules/next/dist/compiled/next-server/app-page.runtime.prod.js:12:138019)
    at Array.toJSON (/Users/ahmedsalem/Desktop/all my projects/uneom.com/node_modules/next/dist/compiled/next-server/app-page.runtime.prod.js:12:135629)
    at stringify (<anonymous>)
    at eP (/Users/ahmedsalem/Desktop/all my projects/uneom.com/node_modules/next/dist/compiled/next-server/app-page.runtime.prod.js:12:142093)
    at eE (/Users/ahmedsalem/Desktop/all my projects/uneom.com/node_modules/next/dist/compiled/next-server/app-page.runtime.prod.js:12:142572)
    at Timeout._onTimeout (/Users/ahmedsalem/Desktop/all my projects/uneom.com/node_modules/next/dist/compiled/next-server/app-page.runtime.prod.js:12:135349)
    at listOnTimeout (node:internal/timers:605:17) {
  digest: '2151575143'
}
TypeError: Cannot read properties of undefined (reading 'toLowerCase')
    at b (/Users/ahmedsalem/Desktop/all my projects/uneom.com/.next/server/app/locations/[city]/[industry]/page.js:1:4337)
    at eh (/Users/ahmedsalem/Desktop/all my projects/uneom.com/node_modules/next/dist/compiled/next-server/app-page.runtime.prod.js:12:134660)
    at e (/Users/ahmedsalem/Desktop/all my projects/uneom.com/node_modules/next/dist/compiled/next-server/app-page.runtime.prod.js:12:137545)
    at ek (/Users/ahmedsalem/Desktop/all my projects/uneom.com/node_modules/next/dist/compiled/next-server/app-page.runtime.prod.js:12:138019)
    at Array.toJSON (/Users/ahmedsalem/Desktop/all my projects/uneom.com/node_modules/next/dist/compiled/next-server/app-page.runtime.prod.js:12:135629)
    at stringify (<anonymous>)
    at eP (/Users/ahmedsalem/Desktop/all my projects/uneom.com/node_modules/next/dist/compiled/next-server/app-page.runtime.prod.js:12:142093)
    at eE (/Users/ahmedsalem/Desktop/all my projects/uneom.com/node_modules/next/dist/compiled/next-server/app-page.runtime.prod.js:12:142572)
    at Timeout._onTimeout (/Users/ahmedsalem/Desktop/all my projects/uneom.com/node_modules/next/dist/compiled/next-server/app-page.runtime.prod.js:12:135349)
    at listOnTimeout (node:internal/timers:605:17) {
  digest: '2151575143'
}
TypeError: Cannot read properties of undefined (reading 'toLowerCase')
    at Module.y (/Users/ahmedsalem/Desktop/all my projects/uneom.com/.next/server/app/locations/[city]/[industry]/page.js:1:2657)
    at /Users/ahmedsalem/Desktop/all my projects/uneom.com/node_modules/next/dist/compiled/next-server/app-page.runtime.prod.js:12:227525
    at /Users/ahmedsalem/Desktop/all my projects/uneom.com/node_modules/next/dist/server/lib/trace/tracer.js:140:36
    at NoopContextManager.with (/Users/ahmedsalem/Desktop/all my projects/uneom.com/node_modules/next/dist/compiled/@opentelemetry/api/index.js:1:7062)
    at ContextAPI.with (/Users/ahmedsalem/Desktop/all my projects/uneom.com/node_modules/next/dist/compiled/@opentelemetry/api/index.js:1:518)
    at NoopTracer.startActiveSpan (/Users/ahmedsalem/Desktop/all my projects/uneom.com/node_modules/next/dist/compiled/@opentelemetry/api/index.js:1:18093)
    at ProxyTracer.startActiveSpan (/Users/ahmedsalem/Desktop/all my projects/uneom.com/node_modules/next/dist/compiled/@opentelemetry/api/index.js:1:18854)
    at /Users/ahmedsalem/Desktop/all my projects/uneom.com/node_modules/next/dist/server/lib/trace/tracer.js:122:103
    at NoopContextManager.with (/Users/ahmedsalem/Desktop/all my projects/uneom.com/node_modules/next/dist/compiled/@opentelemetry/api/index.js:1:7062)
    at ContextAPI.with (/Users/ahmedsalem/Desktop/all my projects/uneom.com/node_modules/next/dist/compiled/@opentelemetry/api/index.js:1:518) {
  digest: '2592674761'
}
TypeError: Cannot read properties of undefined (reading 'toLowerCase')
    at b (/Users/ahmedsalem/Desktop/all my projects/uneom.com/.next/server/app/locations/[city]/[industry]/page.js:1:4337)
    at eh (/Users/ahmedsalem/Desktop/all my projects/uneom.com/node_modules/next/dist/compiled/next-server/app-page.runtime.prod.js:12:134660)
    at e (/Users/ahmedsalem/Desktop/all my projects/uneom.com/node_modules/next/dist/compiled/next-server/app-page.runtime.prod.js:12:137545)
    at ek (/Users/ahmedsalem/Desktop/all my projects/uneom.com/node_modules/next/dist/compiled/next-server/app-page.runtime.prod.js:12:138019)
    at Array.toJSON (/Users/ahmedsalem/Desktop/all my projects/uneom.com/node_modules/next/dist/compiled/next-server/app-page.runtime.prod.js:12:135629)
    at stringify (<anonymous>)
    at eP (/Users/ahmedsalem/Desktop/all my projects/uneom.com/node_modules/next/dist/compiled/next-server/app-page.runtime.prod.js:12:142093)
    at eE (/Users/ahmedsalem/Desktop/all my projects/uneom.com/node_modules/next/dist/compiled/next-server/app-page.runtime.prod.js:12:142572)
    at Timeout._onTimeout (/Users/ahmedsalem/Desktop/all my projects/uneom.com/node_modules/next/dist/compiled/next-server/app-page.runtime.prod.js:12:135349)
    at listOnTimeout (node:internal/timers:605:17) {
  digest: '2151575143'
}
TypeError: Cannot read properties of undefined (reading 'toLowerCase')
    at Module.y (/Users/ahmedsalem/Desktop/all my projects/uneom.com/.next/server/app/locations/[city]/[industry]/page.js:1:2657)
    at /Users/ahmedsalem/Desktop/all my projects/uneom.com/node_modules/next/dist/compiled/next-server/app-page.runtime.prod.js:12:227525
    at /Users/ahmedsalem/Desktop/all my projects/uneom.com/node_modules/next/dist/server/lib/trace/tracer.js:140:36
    at NoopContextManager.with (/Users/ahmedsalem/Desktop/all my projects/uneom.com/node_modules/next/dist/compiled/@opentelemetry/api/index.js:1:7062)
    at ContextAPI.with (/Users/ahmedsalem/Desktop/all my projects/uneom.com/node_modules/next/dist/compiled/@opentelemetry/api/index.js:1:518)
    at NoopTracer.startActiveSpan (/Users/ahmedsalem/Desktop/all my projects/uneom.com/node_modules/next/dist/compiled/@opentelemetry/api/index.js:1:18093)
    at ProxyTracer.startActiveSpan (/Users/ahmedsalem/Desktop/all my projects/uneom.com/node_modules/next/dist/compiled/@opentelemetry/api/index.js:1:18854)
    at /Users/ahmedsalem/Desktop/all my projects/uneom.com/node_modules/next/dist/server/lib/trace/tracer.js:122:103
    at NoopContextManager.with (/Users/ahmedsalem/Desktop/all my projects/uneom.com/node_modules/next/dist/compiled/@opentelemetry/api/index.js:1:7062)
    at ContextAPI.with (/Users/ahmedsalem/Desktop/all my projects/uneom.com/node_modules/next/dist/compiled/@opentelemetry/api/index.js:1:518) {
  digest: '2592674761'
}
TypeError: Cannot read properties of undefined (reading 'toLowerCase')
    at Module.y (/Users/ahmedsalem/Desktop/all my projects/uneom.com/.next/server/app/locations/[city]/[industry]/page.js:1:2657)
    at /Users/ahmedsalem/Desktop/all my projects/uneom.com/node_modules/next/dist/compiled/next-server/app-page.runtime.prod.js:12:227525
    at /Users/ahmedsalem/Desktop/all my projects/uneom.com/node_modules/next/dist/server/lib/trace/tracer.js:140:36
    at NoopContextManager.with (/Users/ahmedsalem/Desktop/all my projects/uneom.com/node_modules/next/dist/compiled/@opentelemetry/api/index.js:1:7062)
    at ContextAPI.with (/Users/ahmedsalem/Desktop/all my projects/uneom.com/node_modules/next/dist/compiled/@opentelemetry/api/index.js:1:518)
    at NoopTracer.startActiveSpan (/Users/ahmedsalem/Desktop/all my projects/uneom.com/node_modules/next/dist/compiled/@opentelemetry/api/index.js:1:18093)
    at ProxyTracer.startActiveSpan (/Users/ahmedsalem/Desktop/all my projects/uneom.com/node_modules/next/dist/compiled/@opentelemetry/api/index.js:1:18854)
    at /Users/ahmedsalem/Desktop/all my projects/uneom.com/node_modules/next/dist/server/lib/trace/tracer.js:122:103
    at NoopContextManager.with (/Users/ahmedsalem/Desktop/all my projects/uneom.com/node_modules/next/dist/compiled/@opentelemetry/api/index.js:1:7062)
    at ContextAPI.with (/Users/ahmedsalem/Desktop/all my projects/uneom.com/node_modules/next/dist/compiled/@opentelemetry/api/index.js:1:518) {
  digest: '2592674761'
}
TypeError: Cannot read properties of undefined (reading 'toLowerCase')
    at Module.y (/Users/ahmedsalem/Desktop/all my projects/uneom.com/.next/server/app/locations/[city]/[industry]/page.js:1:2657)
    at /Users/ahmedsalem/Desktop/all my projects/uneom.com/node_modules/next/dist/compiled/next-server/app-page.runtime.prod.js:12:227525
    at /Users/ahmedsalem/Desktop/all my projects/uneom.com/node_modules/next/dist/server/lib/trace/tracer.js:140:36
    at NoopContextManager.with (/Users/ahmedsalem/Desktop/all my projects/uneom.com/node_modules/next/dist/compiled/@opentelemetry/api/index.js:1:7062)
    at ContextAPI.with (/Users/ahmedsalem/Desktop/all my projects/uneom.com/node_modules/next/dist/compiled/@opentelemetry/api/index.js:1:518)
    at NoopTracer.startActiveSpan (/Users/ahmedsalem/Desktop/all my projects/uneom.com/node_modules/next/dist/compiled/@opentelemetry/api/index.js:1:18093)
    at ProxyTracer.startActiveSpan (/Users/ahmedsalem/Desktop/all my projects/uneom.com/node_modules/next/dist/compiled/@opentelemetry/api/index.js:1:18854)
    at /Users/ahmedsalem/Desktop/all my projects/uneom.com/node_modules/next/dist/server/lib/trace/tracer.js:122:103
    at NoopContextManager.with (/Users/ahmedsalem/Desktop/all my projects/uneom.com/node_modules/next/dist/compiled/@opentelemetry/api/index.js:1:7062)
    at ContextAPI.with (/Users/ahmedsalem/Desktop/all my projects/uneom.com/node_modules/next/dist/compiled/@opentelemetry/api/index.js:1:518) {
  digest: '2592674761'
}
TypeError: Cannot read properties of undefined (reading 'toLowerCase')
    at Module.y (/Users/ahmedsalem/Desktop/all my projects/uneom.com/.next/server/app/locations/[city]/[industry]/page.js:1:2657)
    at /Users/ahmedsalem/Desktop/all my projects/uneom.com/node_modules/next/dist/compiled/next-server/app-page.runtime.prod.js:12:227525
    at /Users/ahmedsalem/Desktop/all my projects/uneom.com/node_modules/next/dist/server/lib/trace/tracer.js:140:36
    at NoopContextManager.with (/Users/ahmedsalem/Desktop/all my projects/uneom.com/node_modules/next/dist/compiled/@opentelemetry/api/index.js:1:7062)
    at ContextAPI.with (/Users/ahmedsalem/Desktop/all my projects/uneom.com/node_modules/next/dist/compiled/@opentelemetry/api/index.js:1:518)
    at NoopTracer.startActiveSpan (/Users/ahmedsalem/Desktop/all my projects/uneom.com/node_modules/next/dist/compiled/@opentelemetry/api/index.js:1:18093)
    at ProxyTracer.startActiveSpan (/Users/ahmedsalem/Desktop/all my projects/uneom.com/node_modules/next/dist/compiled/@opentelemetry/api/index.js:1:18854)
    at /Users/ahmedsalem/Desktop/all my projects/uneom.com/node_modules/next/dist/server/lib/trace/tracer.js:122:103
    at NoopContextManager.with (/Users/ahmedsalem/Desktop/all my projects/uneom.com/node_modules/next/dist/compiled/@opentelemetry/api/index.js:1:7062)
    at ContextAPI.with (/Users/ahmedsalem/Desktop/all my projects/uneom.com/node_modules/next/dist/compiled/@opentelemetry/api/index.js:1:518) {
  digest: '2592674761'
}
TypeError: Cannot read properties of undefined (reading 'toLowerCase')
    at Module.y (/Users/ahmedsalem/Desktop/all my projects/uneom.com/.next/server/app/locations/[city]/[industry]/page.js:1:2657)
    at /Users/ahmedsalem/Desktop/all my projects/uneom.com/node_modules/next/dist/compiled/next-server/app-page.runtime.prod.js:12:227525
    at /Users/ahmedsalem/Desktop/all my projects/uneom.com/node_modules/next/dist/server/lib/trace/tracer.js:140:36
    at NoopContextManager.with (/Users/ahmedsalem/Desktop/all my projects/uneom.com/node_modules/next/dist/compiled/@opentelemetry/api/index.js:1:7062)
    at ContextAPI.with (/Users/ahmedsalem/Desktop/all my projects/uneom.com/node_modules/next/dist/compiled/@opentelemetry/api/index.js:1:518)
    at NoopTracer.startActiveSpan (/Users/ahmedsalem/Desktop/all my projects/uneom.com/node_modules/next/dist/compiled/@opentelemetry/api/index.js:1:18093)
    at ProxyTracer.startActiveSpan (/Users/ahmedsalem/Desktop/all my projects/uneom.com/node_modules/next/dist/compiled/@opentelemetry/api/index.js:1:18854)
    at /Users/ahmedsalem/Desktop/all my projects/uneom.com/node_modules/next/dist/server/lib/trace/tracer.js:122:103
    at NoopContextManager.with (/Users/ahmedsalem/Desktop/all my projects/uneom.com/node_modules/next/dist/compiled/@opentelemetry/api/index.js:1:7062)
    at ContextAPI.with (/Users/ahmedsalem/Desktop/all my projects/uneom.com/node_modules/next/dist/compiled/@opentelemetry/api/index.js:1:518) {
  digest: '2592674761'
}
TypeError: Cannot read properties of undefined (reading 'toLowerCase')
    at Module.y (/Users/ahmedsalem/Desktop/all my projects/uneom.com/.next/server/app/locations/[city]/[industry]/page.js:1:2657)
    at /Users/ahmedsalem/Desktop/all my projects/uneom.com/node_modules/next/dist/compiled/next-server/app-page.runtime.prod.js:12:227525
    at /Users/ahmedsalem/Desktop/all my projects/uneom.com/node_modules/next/dist/server/lib/trace/tracer.js:140:36
    at NoopContextManager.with (/Users/ahmedsalem/Desktop/all my projects/uneom.com/node_modules/next/dist/compiled/@opentelemetry/api/index.js:1:7062)
    at ContextAPI.with (/Users/ahmedsalem/Desktop/all my projects/uneom.com/node_modules/next/dist/compiled/@opentelemetry/api/index.js:1:518)
    at NoopTracer.startActiveSpan (/Users/ahmedsalem/Desktop/all my projects/uneom.com/node_modules/next/dist/compiled/@opentelemetry/api/index.js:1:18093)
    at ProxyTracer.startActiveSpan (/Users/ahmedsalem/Desktop/all my projects/uneom.com/node_modules/next/dist/compiled/@opentelemetry/api/index.js:1:18854)
    at /Users/ahmedsalem/Desktop/all my projects/uneom.com/node_modules/next/dist/server/lib/trace/tracer.js:122:103
    at NoopContextManager.with (/Users/ahmedsalem/Desktop/all my projects/uneom.com/node_modules/next/dist/compiled/@opentelemetry/api/index.js:1:7062)
    at ContextAPI.with (/Users/ahmedsalem/Desktop/all my projects/uneom.com/node_modules/next/dist/compiled/@opentelemetry/api/index.js:1:518) {
  digest: '2592674761'
}
TypeError: Cannot read properties of undefined (reading 'toLowerCase')
    at b (/Users/ahmedsalem/Desktop/all my projects/uneom.com/.next/server/app/locations/[city]/[industry]/page.js:1:4337)
    at eh (/Users/ahmedsalem/Desktop/all my projects/uneom.com/node_modules/next/dist/compiled/next-server/app-page.runtime.prod.js:12:134660)
    at e (/Users/ahmedsalem/Desktop/all my projects/uneom.com/node_modules/next/dist/compiled/next-server/app-page.runtime.prod.js:12:137545)
    at ek (/Users/ahmedsalem/Desktop/all my projects/uneom.com/node_modules/next/dist/compiled/next-server/app-page.runtime.prod.js:12:138019)
    at Array.toJSON (/Users/ahmedsalem/Desktop/all my projects/uneom.com/node_modules/next/dist/compiled/next-server/app-page.runtime.prod.js:12:135629)
    at stringify (<anonymous>)
    at eP (/Users/ahmedsalem/Desktop/all my projects/uneom.com/node_modules/next/dist/compiled/next-server/app-page.runtime.prod.js:12:142093)
    at eE (/Users/ahmedsalem/Desktop/all my projects/uneom.com/node_modules/next/dist/compiled/next-server/app-page.runtime.prod.js:12:142572)
    at AsyncLocalStorage.run (node:internal/async_local_storage/async_context_frame:63:14)
    at Timeout._onTimeout (/Users/ahmedsalem/Desktop/all my projects/uneom.com/node_modules/next/dist/compiled/next-server/app-page.runtime.prod.js:12:150373) {
  digest: '785353560'
}

Error occurred prerendering page "/locations/mecca/retail-shops". Read more: https://nextjs.org/docs/messages/prerender-error

TypeError: Cannot read properties of undefined (reading 'toLowerCase')
    at b (/Users/ahmedsalem/Desktop/all my projects/uneom.com/.next/server/app/locations/[city]/[industry]/page.js:1:4337)
    at eh (/Users/ahmedsalem/Desktop/all my projects/uneom.com/node_modules/next/dist/compiled/next-server/app-page.runtime.prod.js:12:134660)
    at e (/Users/ahmedsalem/Desktop/all my projects/uneom.com/node_modules/next/dist/compiled/next-server/app-page.runtime.prod.js:12:137545)
    at ek (/Users/ahmedsalem/Desktop/all my projects/uneom.com/node_modules/next/dist/compiled/next-server/app-page.runtime.prod.js:12:138019)
    at Array.toJSON (/Users/ahmedsalem/Desktop/all my projects/uneom.com/node_modules/next/dist/compiled/next-server/app-page.runtime.prod.js:12:135629)
    at stringify (<anonymous>)
    at eP (/Users/ahmedsalem/Desktop/all my projects/uneom.com/node_modules/next/dist/compiled/next-server/app-page.runtime.prod.js:12:142093)
    at eE (/Users/ahmedsalem/Desktop/all my projects/uneom.com/node_modules/next/dist/compiled/next-server/app-page.runtime.prod.js:12:142572)
    at AsyncLocalStorage.run (node:internal/async_local_storage/async_context_frame:63:14)
    at Timeout._onTimeout (/Users/ahmedsalem/Desktop/all my projects/uneom.com/node_modules/next/dist/compiled/next-server/app-page.runtime.prod.js:12:150373)
TypeError: Cannot read properties of undefined (reading 'toLowerCase')
    at b (/Users/ahmedsalem/Desktop/all my projects/uneom.com/.next/server/app/locations/[city]/[industry]/page.js:1:4337)
    at eh (/Users/ahmedsalem/Desktop/all my projects/uneom.com/node_modules/next/dist/compiled/next-server/app-page.runtime.prod.js:12:134660)
    at e (/Users/ahmedsalem/Desktop/all my projects/uneom.com/node_modules/next/dist/compiled/next-server/app-page.runtime.prod.js:12:137545)
    at ek (/Users/ahmedsalem/Desktop/all my projects/uneom.com/node_modules/next/dist/compiled/next-server/app-page.runtime.prod.js:12:138019)
    at Array.toJSON (/Users/ahmedsalem/Desktop/all my projects/uneom.com/node_modules/next/dist/compiled/next-server/app-page.runtime.prod.js:12:135629)
    at stringify (<anonymous>)
    at eP (/Users/ahmedsalem/Desktop/all my projects/uneom.com/node_modules/next/dist/compiled/next-server/app-page.runtime.prod.js:12:142093)
    at eE (/Users/ahmedsalem/Desktop/all my projects/uneom.com/node_modules/next/dist/compiled/next-server/app-page.runtime.prod.js:12:142572)
    at Timeout._onTimeout (/Users/ahmedsalem/Desktop/all my projects/uneom.com/node_modules/next/dist/compiled/next-server/app-page.runtime.prod.js:12:135349)
    at listOnTimeout (node:internal/timers:605:17) {
  digest: '2151575143'
}
TypeError: Cannot read properties of undefined (reading 'toLowerCase')
    at Module.y (/Users/ahmedsalem/Desktop/all my projects/uneom.com/.next/server/app/locations/[city]/[industry]/page.js:1:2657)
    at /Users/ahmedsalem/Desktop/all my projects/uneom.com/node_modules/next/dist/compiled/next-server/app-page.runtime.prod.js:12:227525
    at /Users/ahmedsalem/Desktop/all my projects/uneom.com/node_modules/next/dist/server/lib/trace/tracer.js:140:36
    at NoopContextManager.with (/Users/ahmedsalem/Desktop/all my projects/uneom.com/node_modules/next/dist/compiled/@opentelemetry/api/index.js:1:7062)
    at ContextAPI.with (/Users/ahmedsalem/Desktop/all my projects/uneom.com/node_modules/next/dist/compiled/@opentelemetry/api/index.js:1:518)
    at NoopTracer.startActiveSpan (/Users/ahmedsalem/Desktop/all my projects/uneom.com/node_modules/next/dist/compiled/@opentelemetry/api/index.js:1:18093)
    at ProxyTracer.startActiveSpan (/Users/ahmedsalem/Desktop/all my projects/uneom.com/node_modules/next/dist/compiled/@opentelemetry/api/index.js:1:18854)
    at /Users/ahmedsalem/Desktop/all my projects/uneom.com/node_modules/next/dist/server/lib/trace/tracer.js:122:103
    at NoopContextManager.with (/Users/ahmedsalem/Desktop/all my projects/uneom.com/node_modules/next/dist/compiled/@opentelemetry/api/index.js:1:7062)
    at ContextAPI.with (/Users/ahmedsalem/Desktop/all my projects/uneom.com/node_modules/next/dist/compiled/@opentelemetry/api/index.js:1:518) {
  digest: '2592674761'
}
TypeError: Cannot read properties of undefined (reading 'toLowerCase')
    at Module.y (/Users/ahmedsalem/Desktop/all my projects/uneom.com/.next/server/app/locations/[city]/[industry]/page.js:1:2657)
    at /Users/ahmedsalem/Desktop/all my projects/uneom.com/node_modules/next/dist/compiled/next-server/app-page.runtime.prod.js:12:227525
    at /Users/ahmedsalem/Desktop/all my projects/uneom.com/node_modules/next/dist/server/lib/trace/tracer.js:140:36
    at NoopContextManager.with (/Users/ahmedsalem/Desktop/all my projects/uneom.com/node_modules/next/dist/compiled/@opentelemetry/api/index.js:1:7062)
    at ContextAPI.with (/Users/ahmedsalem/Desktop/all my projects/uneom.com/node_modules/next/dist/compiled/@opentelemetry/api/index.js:1:518)
    at NoopTracer.startActiveSpan (/Users/ahmedsalem/Desktop/all my projects/uneom.com/node_modules/next/dist/compiled/@opentelemetry/api/index.js:1:18093)
    at ProxyTracer.startActiveSpan (/Users/ahmedsalem/Desktop/all my projects/uneom.com/node_modules/next/dist/compiled/@opentelemetry/api/index.js:1:18854)
    at /Users/ahmedsalem/Desktop/all my projects/uneom.com/node_modules/next/dist/server/lib/trace/tracer.js:122:103
    at NoopContextManager.with (/Users/ahmedsalem/Desktop/all my projects/uneom.com/node_modules/next/dist/compiled/@opentelemetry/api/index.js:1:7062)
    at ContextAPI.with (/Users/ahmedsalem/Desktop/all my projects/uneom.com/node_modules/next/dist/compiled/@opentelemetry/api/index.js:1:518) {
  digest: '2592674761'
}
TypeError: Cannot read properties of undefined (reading 'toLowerCase')
    at Module.y (/Users/ahmedsalem/Desktop/all my projects/uneom.com/.next/server/app/locations/[city]/[industry]/page.js:1:2657)
    at /Users/ahmedsalem/Desktop/all my projects/uneom.com/node_modules/next/dist/compiled/next-server/app-page.runtime.prod.js:12:227525
    at /Users/ahmedsalem/Desktop/all my projects/uneom.com/node_modules/next/dist/server/lib/trace/tracer.js:140:36
    at NoopContextManager.with (/Users/ahmedsalem/Desktop/all my projects/uneom.com/node_modules/next/dist/compiled/@opentelemetry/api/index.js:1:7062)
    at ContextAPI.with (/Users/ahmedsalem/Desktop/all my projects/uneom.com/node_modules/next/dist/compiled/@opentelemetry/api/index.js:1:518)
    at NoopTracer.startActiveSpan (/Users/ahmedsalem/Desktop/all my projects/uneom.com/node_modules/next/dist/compiled/@opentelemetry/api/index.js:1:18093)
    at ProxyTracer.startActiveSpan (/Users/ahmedsalem/Desktop/all my projects/uneom.com/node_modules/next/dist/compiled/@opentelemetry/api/index.js:1:18854)
    at /Users/ahmedsalem/Desktop/all my projects/uneom.com/node_modules/next/dist/server/lib/trace/tracer.js:122:103
    at NoopContextManager.with (/Users/ahmedsalem/Desktop/all my projects/uneom.com/node_modules/next/dist/compiled/@opentelemetry/api/index.js:1:7062)
    at ContextAPI.with (/Users/ahmedsalem/Desktop/all my projects/uneom.com/node_modules/next/dist/compiled/@opentelemetry/api/index.js:1:518) {
  digest: '2592674761'
}
TypeError: Cannot read properties of undefined (reading 'toLowerCase')
    at Module.y (/Users/ahmedsalem/Desktop/all my projects/uneom.com/.next/server/app/locations/[city]/[industry]/page.js:1:2657)
    at /Users/ahmedsalem/Desktop/all my projects/uneom.com/node_modules/next/dist/compiled/next-server/app-page.runtime.prod.js:12:227525
    at /Users/ahmedsalem/Desktop/all my projects/uneom.com/node_modules/next/dist/server/lib/trace/tracer.js:140:36
    at NoopContextManager.with (/Users/ahmedsalem/Desktop/all my projects/uneom.com/node_modules/next/dist/compiled/@opentelemetry/api/index.js:1:7062)
    at ContextAPI.with (/Users/ahmedsalem/Desktop/all my projects/uneom.com/node_modules/next/dist/compiled/@opentelemetry/api/index.js:1:518)
    at NoopTracer.startActiveSpan (/Users/ahmedsalem/Desktop/all my projects/uneom.com/node_modules/next/dist/compiled/@opentelemetry/api/index.js:1:18093)
    at ProxyTracer.startActiveSpan (/Users/ahmedsalem/Desktop/all my projects/uneom.com/node_modules/next/dist/compiled/@opentelemetry/api/index.js:1:18854)
    at /Users/ahmedsalem/Desktop/all my projects/uneom.com/node_modules/next/dist/server/lib/trace/tracer.js:122:103
    at NoopContextManager.with (/Users/ahmedsalem/Desktop/all my projects/uneom.com/node_modules/next/dist/compiled/@opentelemetry/api/index.js:1:7062)
    at ContextAPI.with (/Users/ahmedsalem/Desktop/all my projects/uneom.com/node_modules/next/dist/compiled/@opentelemetry/api/index.js:1:518) {
  digest: '2592674761'
}

Error occurred prerendering page "/locations/mecca/supply-manufacturing". Read more: https://nextjs.org/docs/messages/prerender-error

TypeError: Cannot read properties of undefined (reading 'toLowerCase')
    at b (/Users/ahmedsalem/Desktop/all my projects/uneom.com/.next/server/app/locations/[city]/[industry]/page.js:1:4337)
    at eh (/Users/ahmedsalem/Desktop/all my projects/uneom.com/node_modules/next/dist/compiled/next-server/app-page.runtime.prod.js:12:134660)
    at e (/Users/ahmedsalem/Desktop/all my projects/uneom.com/node_modules/next/dist/compiled/next-server/app-page.runtime.prod.js:12:137545)
    at ek (/Users/ahmedsalem/Desktop/all my projects/uneom.com/node_modules/next/dist/compiled/next-server/app-page.runtime.prod.js:12:138019)
    at Array.toJSON (/Users/ahmedsalem/Desktop/all my projects/uneom.com/node_modules/next/dist/compiled/next-server/app-page.runtime.prod.js:12:135629)
    at stringify (<anonymous>)
    at eP (/Users/ahmedsalem/Desktop/all my projects/uneom.com/node_modules/next/dist/compiled/next-server/app-page.runtime.prod.js:12:142093)
    at eE (/Users/ahmedsalem/Desktop/all my projects/uneom.com/node_modules/next/dist/compiled/next-server/app-page.runtime.prod.js:12:142572)
    at AsyncLocalStorage.run (node:internal/async_local_storage/async_context_frame:63:14)
    at Timeout._onTimeout (/Users/ahmedsalem/Desktop/all my projects/uneom.com/node_modules/next/dist/compiled/next-server/app-page.runtime.prod.js:12:150373)
TypeError: Cannot read properties of undefined (reading 'toLowerCase')
    at b (/Users/ahmedsalem/Desktop/all my projects/uneom.com/.next/server/app/locations/[city]/[industry]/page.js:1:4337)
    at eh (/Users/ahmedsalem/Desktop/all my projects/uneom.com/node_modules/next/dist/compiled/next-server/app-page.runtime.prod.js:12:134660)
    at e (/Users/ahmedsalem/Desktop/all my projects/uneom.com/node_modules/next/dist/compiled/next-server/app-page.runtime.prod.js:12:137545)
    at ek (/Users/ahmedsalem/Desktop/all my projects/uneom.com/node_modules/next/dist/compiled/next-server/app-page.runtime.prod.js:12:138019)
    at Array.toJSON (/Users/ahmedsalem/Desktop/all my projects/uneom.com/node_modules/next/dist/compiled/next-server/app-page.runtime.prod.js:12:135629)
    at stringify (<anonymous>)
    at eP (/Users/ahmedsalem/Desktop/all my projects/uneom.com/node_modules/next/dist/compiled/next-server/app-page.runtime.prod.js:12:142093)
    at eE (/Users/ahmedsalem/Desktop/all my projects/uneom.com/node_modules/next/dist/compiled/next-server/app-page.runtime.prod.js:12:142572)
    at AsyncLocalStorage.run (node:internal/async_local_storage/async_context_frame:63:14)
    at Timeout._onTimeout (/Users/ahmedsalem/Desktop/all my projects/uneom.com/node_modules/next/dist/compiled/next-server/app-page.runtime.prod.js:12:150373) {
  digest: '785353560'
}

Error occurred prerendering page "/locations/medina/aviation". Read more: https://nextjs.org/docs/messages/prerender-error


Error occurred prerendering page "/locations/medina/hospitality". Read more: https://nextjs.org/docs/messages/prerender-error

TypeError: Cannot read properties of undefined (reading 'toLowerCase')
    at b (/Users/ahmedsalem/Desktop/all my projects/uneom.com/.next/server/app/locations/[city]/[industry]/page.js:1:4337)
    at eh (/Users/ahmedsalem/Desktop/all my projects/uneom.com/node_modules/next/dist/compiled/next-server/app-page.runtime.prod.js:12:134660)
    at e (/Users/ahmedsalem/Desktop/all my projects/uneom.com/node_modules/next/dist/compiled/next-server/app-page.runtime.prod.js:12:137545)
    at ek (/Users/ahmedsalem/Desktop/all my projects/uneom.com/node_modules/next/dist/compiled/next-server/app-page.runtime.prod.js:12:138019)
    at Array.toJSON (/Users/ahmedsalem/Desktop/all my projects/uneom.com/node_modules/next/dist/compiled/next-server/app-page.runtime.prod.js:12:135629)
    at stringify (<anonymous>)
    at eP (/Users/ahmedsalem/Desktop/all my projects/uneom.com/node_modules/next/dist/compiled/next-server/app-page.runtime.prod.js:12:142093)
    at eE (/Users/ahmedsalem/Desktop/all my projects/uneom.com/node_modules/next/dist/compiled/next-server/app-page.runtime.prod.js:12:142572)
    at AsyncLocalStorage.run (node:internal/async_local_storage/async_context_frame:63:14)
    at Timeout._onTimeout (/Users/ahmedsalem/Desktop/all my projects/uneom.com/node_modules/next/dist/compiled/next-server/app-page.runtime.prod.js:12:150373)
TypeError: Cannot read properties of undefined (reading 'toLowerCase')
    at b (/Users/ahmedsalem/Desktop/all my projects/uneom.com/.next/server/app/locations/[city]/[industry]/page.js:1:4337)
    at eh (/Users/ahmedsalem/Desktop/all my projects/uneom.com/node_modules/next/dist/compiled/next-server/app-page.runtime.prod.js:12:134660)
    at e (/Users/ahmedsalem/Desktop/all my projects/uneom.com/node_modules/next/dist/compiled/next-server/app-page.runtime.prod.js:12:137545)
    at ek (/Users/ahmedsalem/Desktop/all my projects/uneom.com/node_modules/next/dist/compiled/next-server/app-page.runtime.prod.js:12:138019)
    at Array.toJSON (/Users/ahmedsalem/Desktop/all my projects/uneom.com/node_modules/next/dist/compiled/next-server/app-page.runtime.prod.js:12:135629)
    at stringify (<anonymous>)
    at eP (/Users/ahmedsalem/Desktop/all my projects/uneom.com/node_modules/next/dist/compiled/next-server/app-page.runtime.prod.js:12:142093)
    at eE (/Users/ahmedsalem/Desktop/all my projects/uneom.com/node_modules/next/dist/compiled/next-server/app-page.runtime.prod.js:12:142572)
    at AsyncLocalStorage.run (node:internal/async_local_storage/async_context_frame:63:14)
    at Timeout._onTimeout (/Users/ahmedsalem/Desktop/all my projects/uneom.com/node_modules/next/dist/compiled/next-server/app-page.runtime.prod.js:12:150373)

Error occurred prerendering page "/locations/medina/healthcare". Read more: https://nextjs.org/docs/messages/prerender-error

TypeError: Cannot read properties of undefined (reading 'toLowerCase')
    at b (/Users/ahmedsalem/Desktop/all my projects/uneom.com/.next/server/app/locations/[city]/[industry]/page.js:1:4337)
    at eh (/Users/ahmedsalem/Desktop/all my projects/uneom.com/node_modules/next/dist/compiled/next-server/app-page.runtime.prod.js:12:134660)
    at e (/Users/ahmedsalem/Desktop/all my projects/uneom.com/node_modules/next/dist/compiled/next-server/app-page.runtime.prod.js:12:137545)
    at ek (/Users/ahmedsalem/Desktop/all my projects/uneom.com/node_modules/next/dist/compiled/next-server/app-page.runtime.prod.js:12:138019)
    at Array.toJSON (/Users/ahmedsalem/Desktop/all my projects/uneom.com/node_modules/next/dist/compiled/next-server/app-page.runtime.prod.js:12:135629)
    at stringify (<anonymous>)
    at eP (/Users/ahmedsalem/Desktop/all my projects/uneom.com/node_modules/next/dist/compiled/next-server/app-page.runtime.prod.js:12:142093)
    at eE (/Users/ahmedsalem/Desktop/all my projects/uneom.com/node_modules/next/dist/compiled/next-server/app-page.runtime.prod.js:12:142572)
    at AsyncLocalStorage.run (node:internal/async_local_storage/async_context_frame:63:14)
    at Timeout._onTimeout (/Users/ahmedsalem/Desktop/all my projects/uneom.com/node_modules/next/dist/compiled/next-server/app-page.runtime.prod.js:12:150373)
TypeError: Cannot read properties of undefined (reading 'toLowerCase')
    at Module.y (/Users/ahmedsalem/Desktop/all my projects/uneom.com/.next/server/app/locations/[city]/[industry]/page.js:1:2657)
    at /Users/ahmedsalem/Desktop/all my projects/uneom.com/node_modules/next/dist/compiled/next-server/app-page.runtime.prod.js:12:227525
    at /Users/ahmedsalem/Desktop/all my projects/uneom.com/node_modules/next/dist/server/lib/trace/tracer.js:140:36
    at NoopContextManager.with (/Users/ahmedsalem/Desktop/all my projects/uneom.com/node_modules/next/dist/compiled/@opentelemetry/api/index.js:1:7062)
    at ContextAPI.with (/Users/ahmedsalem/Desktop/all my projects/uneom.com/node_modules/next/dist/compiled/@opentelemetry/api/index.js:1:518)
    at NoopTracer.startActiveSpan (/Users/ahmedsalem/Desktop/all my projects/uneom.com/node_modules/next/dist/compiled/@opentelemetry/api/index.js:1:18093)
    at ProxyTracer.startActiveSpan (/Users/ahmedsalem/Desktop/all my projects/uneom.com/node_modules/next/dist/compiled/@opentelemetry/api/index.js:1:18854)
    at /Users/ahmedsalem/Desktop/all my projects/uneom.com/node_modules/next/dist/server/lib/trace/tracer.js:122:103
    at NoopContextManager.with (/Users/ahmedsalem/Desktop/all my projects/uneom.com/node_modules/next/dist/compiled/@opentelemetry/api/index.js:1:7062)
    at ContextAPI.with (/Users/ahmedsalem/Desktop/all my projects/uneom.com/node_modules/next/dist/compiled/@opentelemetry/api/index.js:1:518) {
  digest: '2592674761'
}
TypeError: Cannot read properties of undefined (reading 'toLowerCase')
    at b (/Users/ahmedsalem/Desktop/all my projects/uneom.com/.next/server/app/locations/[city]/[industry]/page.js:1:4337)
    at eh (/Users/ahmedsalem/Desktop/all my projects/uneom.com/node_modules/next/dist/compiled/next-server/app-page.runtime.prod.js:12:134660)
    at e (/Users/ahmedsalem/Desktop/all my projects/uneom.com/node_modules/next/dist/compiled/next-server/app-page.runtime.prod.js:12:137545)
    at ek (/Users/ahmedsalem/Desktop/all my projects/uneom.com/node_modules/next/dist/compiled/next-server/app-page.runtime.prod.js:12:138019)
    at Array.toJSON (/Users/ahmedsalem/Desktop/all my projects/uneom.com/node_modules/next/dist/compiled/next-server/app-page.runtime.prod.js:12:135629)
    at stringify (<anonymous>)
    at eP (/Users/ahmedsalem/Desktop/all my projects/uneom.com/node_modules/next/dist/compiled/next-server/app-page.runtime.prod.js:12:142093)
    at eE (/Users/ahmedsalem/Desktop/all my projects/uneom.com/node_modules/next/dist/compiled/next-server/app-page.runtime.prod.js:12:142572)
    at Timeout._onTimeout (/Users/ahmedsalem/Desktop/all my projects/uneom.com/node_modules/next/dist/compiled/next-server/app-page.runtime.prod.js:12:135349)
    at listOnTimeout (node:internal/timers:605:17) {
  digest: '2151575143'
}

Error occurred prerendering page "/locations/medina/corporate". Read more: https://nextjs.org/docs/messages/prerender-error

TypeError: Cannot read properties of undefined (reading 'toLowerCase')
    at b (/Users/ahmedsalem/Desktop/all my projects/uneom.com/.next/server/app/locations/[city]/[industry]/page.js:1:4337)
    at eh (/Users/ahmedsalem/Desktop/all my projects/uneom.com/node_modules/next/dist/compiled/next-server/app-page.runtime.prod.js:12:134660)
    at e (/Users/ahmedsalem/Desktop/all my projects/uneom.com/node_modules/next/dist/compiled/next-server/app-page.runtime.prod.js:12:137545)
    at ek (/Users/ahmedsalem/Desktop/all my projects/uneom.com/node_modules/next/dist/compiled/next-server/app-page.runtime.prod.js:12:138019)
    at Array.toJSON (/Users/ahmedsalem/Desktop/all my projects/uneom.com/node_modules/next/dist/compiled/next-server/app-page.runtime.prod.js:12:135629)
    at stringify (<anonymous>)
    at eP (/Users/ahmedsalem/Desktop/all my projects/uneom.com/node_modules/next/dist/compiled/next-server/app-page.runtime.prod.js:12:142093)
    at eE (/Users/ahmedsalem/Desktop/all my projects/uneom.com/node_modules/next/dist/compiled/next-server/app-page.runtime.prod.js:12:142572)
    at AsyncLocalStorage.run (node:internal/async_local_storage/async_context_frame:63:14)
    at Timeout._onTimeout (/Users/ahmedsalem/Desktop/all my projects/uneom.com/node_modules/next/dist/compiled/next-server/app-page.runtime.prod.js:12:150373)
TypeError: Cannot read properties of undefined (reading 'toLowerCase')
    at Module.y (/Users/ahmedsalem/Desktop/all my projects/uneom.com/.next/server/app/locations/[city]/[industry]/page.js:1:2657)
    at /Users/ahmedsalem/Desktop/all my projects/uneom.com/node_modules/next/dist/compiled/next-server/app-page.runtime.prod.js:12:227525
    at /Users/ahmedsalem/Desktop/all my projects/uneom.com/node_modules/next/dist/server/lib/trace/tracer.js:140:36
    at NoopContextManager.with (/Users/ahmedsalem/Desktop/all my projects/uneom.com/node_modules/next/dist/compiled/@opentelemetry/api/index.js:1:7062)
    at ContextAPI.with (/Users/ahmedsalem/Desktop/all my projects/uneom.com/node_modules/next/dist/compiled/@opentelemetry/api/index.js:1:518)
    at NoopTracer.startActiveSpan (/Users/ahmedsalem/Desktop/all my projects/uneom.com/node_modules/next/dist/compiled/@opentelemetry/api/index.js:1:18093)
    at ProxyTracer.startActiveSpan (/Users/ahmedsalem/Desktop/all my projects/uneom.com/node_modules/next/dist/compiled/@opentelemetry/api/index.js:1:18854)
    at /Users/ahmedsalem/Desktop/all my projects/uneom.com/node_modules/next/dist/server/lib/trace/tracer.js:122:103
    at NoopContextManager.with (/Users/ahmedsalem/Desktop/all my projects/uneom.com/node_modules/next/dist/compiled/@opentelemetry/api/index.js:1:7062)
    at ContextAPI.with (/Users/ahmedsalem/Desktop/all my projects/uneom.com/node_modules/next/dist/compiled/@opentelemetry/api/index.js:1:518) {
  digest: '2592674761'
}
TypeError: Cannot read properties of undefined (reading 'toLowerCase')
    at b (/Users/ahmedsalem/Desktop/all my projects/uneom.com/.next/server/app/locations/[city]/[industry]/page.js:1:4337)
    at eh (/Users/ahmedsalem/Desktop/all my projects/uneom.com/node_modules/next/dist/compiled/next-server/app-page.runtime.prod.js:12:134660)
    at e (/Users/ahmedsalem/Desktop/all my projects/uneom.com/node_modules/next/dist/compiled/next-server/app-page.runtime.prod.js:12:137545)
    at ek (/Users/ahmedsalem/Desktop/all my projects/uneom.com/node_modules/next/dist/compiled/next-server/app-page.runtime.prod.js:12:138019)
    at Array.toJSON (/Users/ahmedsalem/Desktop/all my projects/uneom.com/node_modules/next/dist/compiled/next-server/app-page.runtime.prod.js:12:135629)
    at stringify (<anonymous>)
    at eP (/Users/ahmedsalem/Desktop/all my projects/uneom.com/node_modules/next/dist/compiled/next-server/app-page.runtime.prod.js:12:142093)
    at eE (/Users/ahmedsalem/Desktop/all my projects/uneom.com/node_modules/next/dist/compiled/next-server/app-page.runtime.prod.js:12:142572)
    at AsyncLocalStorage.run (node:internal/async_local_storage/async_context_frame:63:14)
    at Timeout._onTimeout (/Users/ahmedsalem/Desktop/all my projects/uneom.com/node_modules/next/dist/compiled/next-server/app-page.runtime.prod.js:12:150373) {
  digest: '785353560'
}
TypeError: Cannot read properties of undefined (reading 'toLowerCase')
    at b (/Users/ahmedsalem/Desktop/all my projects/uneom.com/.next/server/app/locations/[city]/[industry]/page.js:1:4337)
    at eh (/Users/ahmedsalem/Desktop/all my projects/uneom.com/node_modules/next/dist/compiled/next-server/app-page.runtime.prod.js:12:134660)
    at e (/Users/ahmedsalem/Desktop/all my projects/uneom.com/node_modules/next/dist/compiled/next-server/app-page.runtime.prod.js:12:137545)
    at ek (/Users/ahmedsalem/Desktop/all my projects/uneom.com/node_modules/next/dist/compiled/next-server/app-page.runtime.prod.js:12:138019)
    at Array.toJSON (/Users/ahmedsalem/Desktop/all my projects/uneom.com/node_modules/next/dist/compiled/next-server/app-page.runtime.prod.js:12:135629)
    at stringify (<anonymous>)
    at eP (/Users/ahmedsalem/Desktop/all my projects/uneom.com/node_modules/next/dist/compiled/next-server/app-page.runtime.prod.js:12:142093)
    at eE (/Users/ahmedsalem/Desktop/all my projects/uneom.com/node_modules/next/dist/compiled/next-server/app-page.runtime.prod.js:12:142572)
    at AsyncLocalStorage.run (node:internal/async_local_storage/async_context_frame:63:14)
    at Timeout._onTimeout (/Users/ahmedsalem/Desktop/all my projects/uneom.com/node_modules/next/dist/compiled/next-server/app-page.runtime.prod.js:12:150373) {
  digest: '785353560'
}
TypeError: Cannot read properties of undefined (reading 'toLowerCase')
    at b (/Users/ahmedsalem/Desktop/all my projects/uneom.com/.next/server/app/locations/[city]/[industry]/page.js:1:4337)
    at eh (/Users/ahmedsalem/Desktop/all my projects/uneom.com/node_modules/next/dist/compiled/next-server/app-page.runtime.prod.js:12:134660)
    at e (/Users/ahmedsalem/Desktop/all my projects/uneom.com/node_modules/next/dist/compiled/next-server/app-page.runtime.prod.js:12:137545)
    at ek (/Users/ahmedsalem/Desktop/all my projects/uneom.com/node_modules/next/dist/compiled/next-server/app-page.runtime.prod.js:12:138019)
    at Array.toJSON (/Users/ahmedsalem/Desktop/all my projects/uneom.com/node_modules/next/dist/compiled/next-server/app-page.runtime.prod.js:12:135629)
    at stringify (<anonymous>)
    at eP (/Users/ahmedsalem/Desktop/all my projects/uneom.com/node_modules/next/dist/compiled/next-server/app-page.runtime.prod.js:12:142093)
    at eE (/Users/ahmedsalem/Desktop/all my projects/uneom.com/node_modules/next/dist/compiled/next-server/app-page.runtime.prod.js:12:142572)
    at AsyncLocalStorage.run (node:internal/async_local_storage/async_context_frame:63:14)
    at Timeout._onTimeout (/Users/ahmedsalem/Desktop/all my projects/uneom.com/node_modules/next/dist/compiled/next-server/app-page.runtime.prod.js:12:150373) {
  digest: '785353560'
}
TypeError: Cannot read properties of undefined (reading 'toLowerCase')
    at b (/Users/ahmedsalem/Desktop/all my projects/uneom.com/.next/server/app/locations/[city]/[industry]/page.js:1:4337)
    at eh (/Users/ahmedsalem/Desktop/all my projects/uneom.com/node_modules/next/dist/compiled/next-server/app-page.runtime.prod.js:12:134660)
    at e (/Users/ahmedsalem/Desktop/all my projects/uneom.com/node_modules/next/dist/compiled/next-server/app-page.runtime.prod.js:12:137545)
    at ek (/Users/ahmedsalem/Desktop/all my projects/uneom.com/node_modules/next/dist/compiled/next-server/app-page.runtime.prod.js:12:138019)
    at Array.toJSON (/Users/ahmedsalem/Desktop/all my projects/uneom.com/node_modules/next/dist/compiled/next-server/app-page.runtime.prod.js:12:135629)
    at stringify (<anonymous>)
    at eP (/Users/ahmedsalem/Desktop/all my projects/uneom.com/node_modules/next/dist/compiled/next-server/app-page.runtime.prod.js:12:142093)
    at eE (/Users/ahmedsalem/Desktop/all my projects/uneom.com/node_modules/next/dist/compiled/next-server/app-page.runtime.prod.js:12:142572)
    at AsyncLocalStorage.run (node:internal/async_local_storage/async_context_frame:63:14)
    at Timeout._onTimeout (/Users/ahmedsalem/Desktop/all my projects/uneom.com/node_modules/next/dist/compiled/next-server/app-page.runtime.prod.js:12:150373) {
  digest: '785353560'
}
TypeError: Cannot read properties of undefined (reading 'toLowerCase')
    at Module.y (/Users/ahmedsalem/Desktop/all my projects/uneom.com/.next/server/app/locations/[city]/[industry]/page.js:1:2657)
    at /Users/ahmedsalem/Desktop/all my projects/uneom.com/node_modules/next/dist/compiled/next-server/app-page.runtime.prod.js:12:227525
    at /Users/ahmedsalem/Desktop/all my projects/uneom.com/node_modules/next/dist/server/lib/trace/tracer.js:140:36
    at NoopContextManager.with (/Users/ahmedsalem/Desktop/all my projects/uneom.com/node_modules/next/dist/compiled/@opentelemetry/api/index.js:1:7062)
    at ContextAPI.with (/Users/ahmedsalem/Desktop/all my projects/uneom.com/node_modules/next/dist/compiled/@opentelemetry/api/index.js:1:518)
    at NoopTracer.startActiveSpan (/Users/ahmedsalem/Desktop/all my projects/uneom.com/node_modules/next/dist/compiled/@opentelemetry/api/index.js:1:18093)
    at ProxyTracer.startActiveSpan (/Users/ahmedsalem/Desktop/all my projects/uneom.com/node_modules/next/dist/compiled/@opentelemetry/api/index.js:1:18854)
    at /Users/ahmedsalem/Desktop/all my projects/uneom.com/node_modules/next/dist/server/lib/trace/tracer.js:122:103
    at NoopContextManager.with (/Users/ahmedsalem/Desktop/all my projects/uneom.com/node_modules/next/dist/compiled/@opentelemetry/api/index.js:1:7062)
    at ContextAPI.with (/Users/ahmedsalem/Desktop/all my projects/uneom.com/node_modules/next/dist/compiled/@opentelemetry/api/index.js:1:518) {
  digest: '2592674761'
}
TypeError: Cannot read properties of undefined (reading 'toLowerCase')
    at b (/Users/ahmedsalem/Desktop/all my projects/uneom.com/.next/server/app/locations/[city]/[industry]/page.js:1:4337)
    at eh (/Users/ahmedsalem/Desktop/all my projects/uneom.com/node_modules/next/dist/compiled/next-server/app-page.runtime.prod.js:12:134660)
    at e (/Users/ahmedsalem/Desktop/all my projects/uneom.com/node_modules/next/dist/compiled/next-server/app-page.runtime.prod.js:12:137545)
    at ek (/Users/ahmedsalem/Desktop/all my projects/uneom.com/node_modules/next/dist/compiled/next-server/app-page.runtime.prod.js:12:138019)
    at Array.toJSON (/Users/ahmedsalem/Desktop/all my projects/uneom.com/node_modules/next/dist/compiled/next-server/app-page.runtime.prod.js:12:135629)
    at stringify (<anonymous>)
    at eP (/Users/ahmedsalem/Desktop/all my projects/uneom.com/node_modules/next/dist/compiled/next-server/app-page.runtime.prod.js:12:142093)
    at eE (/Users/ahmedsalem/Desktop/all my projects/uneom.com/node_modules/next/dist/compiled/next-server/app-page.runtime.prod.js:12:142572)
    at Timeout._onTimeout (/Users/ahmedsalem/Desktop/all my projects/uneom.com/node_modules/next/dist/compiled/next-server/app-page.runtime.prod.js:12:135349)
    at listOnTimeout (node:internal/timers:605:17) {
  digest: '2151575143'
}
TypeError: Cannot read properties of undefined (reading 'toLowerCase')
    at b (/Users/ahmedsalem/Desktop/all my projects/uneom.com/.next/server/app/locations/[city]/[industry]/page.js:1:4337)
    at eh (/Users/ahmedsalem/Desktop/all my projects/uneom.com/node_modules/next/dist/compiled/next-server/app-page.runtime.prod.js:12:134660)
    at e (/Users/ahmedsalem/Desktop/all my projects/uneom.com/node_modules/next/dist/compiled/next-server/app-page.runtime.prod.js:12:137545)
    at ek (/Users/ahmedsalem/Desktop/all my projects/uneom.com/node_modules/next/dist/compiled/next-server/app-page.runtime.prod.js:12:138019)
    at Array.toJSON (/Users/ahmedsalem/Desktop/all my projects/uneom.com/node_modules/next/dist/compiled/next-server/app-page.runtime.prod.js:12:135629)
    at stringify (<anonymous>)
    at eP (/Users/ahmedsalem/Desktop/all my projects/uneom.com/node_modules/next/dist/compiled/next-server/app-page.runtime.prod.js:12:142093)
    at eE (/Users/ahmedsalem/Desktop/all my projects/uneom.com/node_modules/next/dist/compiled/next-server/app-page.runtime.prod.js:12:142572)
    at Timeout._onTimeout (/Users/ahmedsalem/Desktop/all my projects/uneom.com/node_modules/next/dist/compiled/next-server/app-page.runtime.prod.js:12:135349)
    at listOnTimeout (node:internal/timers:605:17) {
  digest: '2151575143'
}
TypeError: Cannot read properties of undefined (reading 'toLowerCase')
    at b (/Users/ahmedsalem/Desktop/all my projects/uneom.com/.next/server/app/locations/[city]/[industry]/page.js:1:4337)
    at eh (/Users/ahmedsalem/Desktop/all my projects/uneom.com/node_modules/next/dist/compiled/next-server/app-page.runtime.prod.js:12:134660)
    at e (/Users/ahmedsalem/Desktop/all my projects/uneom.com/node_modules/next/dist/compiled/next-server/app-page.runtime.prod.js:12:137545)
    at ek (/Users/ahmedsalem/Desktop/all my projects/uneom.com/node_modules/next/dist/compiled/next-server/app-page.runtime.prod.js:12:138019)
    at Array.toJSON (/Users/ahmedsalem/Desktop/all my projects/uneom.com/node_modules/next/dist/compiled/next-server/app-page.runtime.prod.js:12:135629)
    at stringify (<anonymous>)
    at eP (/Users/ahmedsalem/Desktop/all my projects/uneom.com/node_modules/next/dist/compiled/next-server/app-page.runtime.prod.js:12:142093)
    at eE (/Users/ahmedsalem/Desktop/all my projects/uneom.com/node_modules/next/dist/compiled/next-server/app-page.runtime.prod.js:12:142572)
    at Timeout._onTimeout (/Users/ahmedsalem/Desktop/all my projects/uneom.com/node_modules/next/dist/compiled/next-server/app-page.runtime.prod.js:12:135349)
    at listOnTimeout (node:internal/timers:605:17) {
  digest: '2151575143'
}
TypeError: Cannot read properties of undefined (reading 'toLowerCase')
    at b (/Users/ahmedsalem/Desktop/all my projects/uneom.com/.next/server/app/locations/[city]/[industry]/page.js:1:4337)
    at eh (/Users/ahmedsalem/Desktop/all my projects/uneom.com/node_modules/next/dist/compiled/next-server/app-page.runtime.prod.js:12:134660)
    at e (/Users/ahmedsalem/Desktop/all my projects/uneom.com/node_modules/next/dist/compiled/next-server/app-page.runtime.prod.js:12:137545)
    at ek (/Users/ahmedsalem/Desktop/all my projects/uneom.com/node_modules/next/dist/compiled/next-server/app-page.runtime.prod.js:12:138019)
    at Array.toJSON (/Users/ahmedsalem/Desktop/all my projects/uneom.com/node_modules/next/dist/compiled/next-server/app-page.runtime.prod.js:12:135629)
    at stringify (<anonymous>)
    at eP (/Users/ahmedsalem/Desktop/all my projects/uneom.com/node_modules/next/dist/compiled/next-server/app-page.runtime.prod.js:12:142093)
    at eE (/Users/ahmedsalem/Desktop/all my projects/uneom.com/node_modules/next/dist/compiled/next-server/app-page.runtime.prod.js:12:142572)
    at Timeout._onTimeout (/Users/ahmedsalem/Desktop/all my projects/uneom.com/node_modules/next/dist/compiled/next-server/app-page.runtime.prod.js:12:135349)
    at listOnTimeout (node:internal/timers:605:17) {
  digest: '2151575143'
}
TypeError: Cannot read properties of undefined (reading 'toLowerCase')
    at Module.y (/Users/ahmedsalem/Desktop/all my projects/uneom.com/.next/server/app/locations/[city]/[industry]/page.js:1:2657)
    at /Users/ahmedsalem/Desktop/all my projects/uneom.com/node_modules/next/dist/compiled/next-server/app-page.runtime.prod.js:12:227525
    at /Users/ahmedsalem/Desktop/all my projects/uneom.com/node_modules/next/dist/server/lib/trace/tracer.js:140:36
    at NoopContextManager.with (/Users/ahmedsalem/Desktop/all my projects/uneom.com/node_modules/next/dist/compiled/@opentelemetry/api/index.js:1:7062)
    at ContextAPI.with (/Users/ahmedsalem/Desktop/all my projects/uneom.com/node_modules/next/dist/compiled/@opentelemetry/api/index.js:1:518)
    at NoopTracer.startActiveSpan (/Users/ahmedsalem/Desktop/all my projects/uneom.com/node_modules/next/dist/compiled/@opentelemetry/api/index.js:1:18093)
    at ProxyTracer.startActiveSpan (/Users/ahmedsalem/Desktop/all my projects/uneom.com/node_modules/next/dist/compiled/@opentelemetry/api/index.js:1:18854)
    at /Users/ahmedsalem/Desktop/all my projects/uneom.com/node_modules/next/dist/server/lib/trace/tracer.js:122:103
    at NoopContextManager.with (/Users/ahmedsalem/Desktop/all my projects/uneom.com/node_modules/next/dist/compiled/@opentelemetry/api/index.js:1:7062)
    at ContextAPI.with (/Users/ahmedsalem/Desktop/all my projects/uneom.com/node_modules/next/dist/compiled/@opentelemetry/api/index.js:1:518) {
  digest: '2592674761'
}

Error occurred prerendering page "/locations/medina/education". Read more: https://nextjs.org/docs/messages/prerender-error

TypeError: Cannot read properties of undefined (reading 'toLowerCase')
    at b (/Users/ahmedsalem/Desktop/all my projects/uneom.com/.next/server/app/locations/[city]/[industry]/page.js:1:4337)
    at eh (/Users/ahmedsalem/Desktop/all my projects/uneom.com/node_modules/next/dist/compiled/next-server/app-page.runtime.prod.js:12:134660)
    at e (/Users/ahmedsalem/Desktop/all my projects/uneom.com/node_modules/next/dist/compiled/next-server/app-page.runtime.prod.js:12:137545)
    at ek (/Users/ahmedsalem/Desktop/all my projects/uneom.com/node_modules/next/dist/compiled/next-server/app-page.runtime.prod.js:12:138019)
    at Array.toJSON (/Users/ahmedsalem/Desktop/all my projects/uneom.com/node_modules/next/dist/compiled/next-server/app-page.runtime.prod.js:12:135629)
    at stringify (<anonymous>)
    at eP (/Users/ahmedsalem/Desktop/all my projects/uneom.com/node_modules/next/dist/compiled/next-server/app-page.runtime.prod.js:12:142093)
    at eE (/Users/ahmedsalem/Desktop/all my projects/uneom.com/node_modules/next/dist/compiled/next-server/app-page.runtime.prod.js:12:142572)
    at AsyncLocalStorage.run (node:internal/async_local_storage/async_context_frame:63:14)
    at Timeout._onTimeout (/Users/ahmedsalem/Desktop/all my projects/uneom.com/node_modules/next/dist/compiled/next-server/app-page.runtime.prod.js:12:150373)
TypeError: Cannot read properties of undefined (reading 'toLowerCase')
    at Module.y (/Users/ahmedsalem/Desktop/all my projects/uneom.com/.next/server/app/locations/[city]/[industry]/page.js:1:2657)
    at /Users/ahmedsalem/Desktop/all my projects/uneom.com/node_modules/next/dist/compiled/next-server/app-page.runtime.prod.js:12:227525
    at /Users/ahmedsalem/Desktop/all my projects/uneom.com/node_modules/next/dist/server/lib/trace/tracer.js:140:36
    at NoopContextManager.with (/Users/ahmedsalem/Desktop/all my projects/uneom.com/node_modules/next/dist/compiled/@opentelemetry/api/index.js:1:7062)
    at ContextAPI.with (/Users/ahmedsalem/Desktop/all my projects/uneom.com/node_modules/next/dist/compiled/@opentelemetry/api/index.js:1:518)
    at NoopTracer.startActiveSpan (/Users/ahmedsalem/Desktop/all my projects/uneom.com/node_modules/next/dist/compiled/@opentelemetry/api/index.js:1:18093)
    at ProxyTracer.startActiveSpan (/Users/ahmedsalem/Desktop/all my projects/uneom.com/node_modules/next/dist/compiled/@opentelemetry/api/index.js:1:18854)
    at /Users/ahmedsalem/Desktop/all my projects/uneom.com/node_modules/next/dist/server/lib/trace/tracer.js:122:103
    at NoopContextManager.with (/Users/ahmedsalem/Desktop/all my projects/uneom.com/node_modules/next/dist/compiled/@opentelemetry/api/index.js:1:7062)
    at ContextAPI.with (/Users/ahmedsalem/Desktop/all my projects/uneom.com/node_modules/next/dist/compiled/@opentelemetry/api/index.js:1:518) {
  digest: '2592674761'
}
TypeError: Cannot read properties of undefined (reading 'toLowerCase')
    at b (/Users/ahmedsalem/Desktop/all my projects/uneom.com/.next/server/app/locations/[city]/[industry]/page.js:1:4337)
    at eh (/Users/ahmedsalem/Desktop/all my projects/uneom.com/node_modules/next/dist/compiled/next-server/app-page.runtime.prod.js:12:134660)
    at e (/Users/ahmedsalem/Desktop/all my projects/uneom.com/node_modules/next/dist/compiled/next-server/app-page.runtime.prod.js:12:137545)
    at ek (/Users/ahmedsalem/Desktop/all my projects/uneom.com/node_modules/next/dist/compiled/next-server/app-page.runtime.prod.js:12:138019)
    at Array.toJSON (/Users/ahmedsalem/Desktop/all my projects/uneom.com/node_modules/next/dist/compiled/next-server/app-page.runtime.prod.js:12:135629)
    at stringify (<anonymous>)
    at eP (/Users/ahmedsalem/Desktop/all my projects/uneom.com/node_modules/next/dist/compiled/next-server/app-page.runtime.prod.js:12:142093)
    at eE (/Users/ahmedsalem/Desktop/all my projects/uneom.com/node_modules/next/dist/compiled/next-server/app-page.runtime.prod.js:12:142572)
    at AsyncLocalStorage.run (node:internal/async_local_storage/async_context_frame:63:14)
    at Timeout._onTimeout (/Users/ahmedsalem/Desktop/all my projects/uneom.com/node_modules/next/dist/compiled/next-server/app-page.runtime.prod.js:12:150373) {
  digest: '785353560'
}
TypeError: Cannot read properties of undefined (reading 'toLowerCase')
    at Module.y (/Users/ahmedsalem/Desktop/all my projects/uneom.com/.next/server/app/locations/[city]/[industry]/page.js:1:2657)
    at /Users/ahmedsalem/Desktop/all my projects/uneom.com/node_modules/next/dist/compiled/next-server/app-page.runtime.prod.js:12:227525
    at /Users/ahmedsalem/Desktop/all my projects/uneom.com/node_modules/next/dist/server/lib/trace/tracer.js:140:36
    at NoopContextManager.with (/Users/ahmedsalem/Desktop/all my projects/uneom.com/node_modules/next/dist/compiled/@opentelemetry/api/index.js:1:7062)
    at ContextAPI.with (/Users/ahmedsalem/Desktop/all my projects/uneom.com/node_modules/next/dist/compiled/@opentelemetry/api/index.js:1:518)
    at NoopTracer.startActiveSpan (/Users/ahmedsalem/Desktop/all my projects/uneom.com/node_modules/next/dist/compiled/@opentelemetry/api/index.js:1:18093)
    at ProxyTracer.startActiveSpan (/Users/ahmedsalem/Desktop/all my projects/uneom.com/node_modules/next/dist/compiled/@opentelemetry/api/index.js:1:18854)
    at /Users/ahmedsalem/Desktop/all my projects/uneom.com/node_modules/next/dist/server/lib/trace/tracer.js:122:103
    at NoopContextManager.with (/Users/ahmedsalem/Desktop/all my projects/uneom.com/node_modules/next/dist/compiled/@opentelemetry/api/index.js:1:7062)
    at ContextAPI.with (/Users/ahmedsalem/Desktop/all my projects/uneom.com/node_modules/next/dist/compiled/@opentelemetry/api/index.js:1:518) {
  digest: '2592674761'
}
TypeError: Cannot read properties of undefined (reading 'toLowerCase')
    at Module.y (/Users/ahmedsalem/Desktop/all my projects/uneom.com/.next/server/app/locations/[city]/[industry]/page.js:1:2657)
    at /Users/ahmedsalem/Desktop/all my projects/uneom.com/node_modules/next/dist/compiled/next-server/app-page.runtime.prod.js:12:227525
    at /Users/ahmedsalem/Desktop/all my projects/uneom.com/node_modules/next/dist/server/lib/trace/tracer.js:140:36
    at NoopContextManager.with (/Users/ahmedsalem/Desktop/all my projects/uneom.com/node_modules/next/dist/compiled/@opentelemetry/api/index.js:1:7062)
    at ContextAPI.with (/Users/ahmedsalem/Desktop/all my projects/uneom.com/node_modules/next/dist/compiled/@opentelemetry/api/index.js:1:518)
    at NoopTracer.startActiveSpan (/Users/ahmedsalem/Desktop/all my projects/uneom.com/node_modules/next/dist/compiled/@opentelemetry/api/index.js:1:18093)
    at ProxyTracer.startActiveSpan (/Users/ahmedsalem/Desktop/all my projects/uneom.com/node_modules/next/dist/compiled/@opentelemetry/api/index.js:1:18854)
    at /Users/ahmedsalem/Desktop/all my projects/uneom.com/node_modules/next/dist/server/lib/trace/tracer.js:122:103
    at NoopContextManager.with (/Users/ahmedsalem/Desktop/all my projects/uneom.com/node_modules/next/dist/compiled/@opentelemetry/api/index.js:1:7062)
    at ContextAPI.with (/Users/ahmedsalem/Desktop/all my projects/uneom.com/node_modules/next/dist/compiled/@opentelemetry/api/index.js:1:518) {
  digest: '2592674761'
}
TypeError: Cannot read properties of undefined (reading 'toLowerCase')
    at Module.y (/Users/ahmedsalem/Desktop/all my projects/uneom.com/.next/server/app/locations/[city]/[industry]/page.js:1:2657)
    at /Users/ahmedsalem/Desktop/all my projects/uneom.com/node_modules/next/dist/compiled/next-server/app-page.runtime.prod.js:12:227525
    at /Users/ahmedsalem/Desktop/all my projects/uneom.com/node_modules/next/dist/server/lib/trace/tracer.js:140:36
    at NoopContextManager.with (/Users/ahmedsalem/Desktop/all my projects/uneom.com/node_modules/next/dist/compiled/@opentelemetry/api/index.js:1:7062)
    at ContextAPI.with (/Users/ahmedsalem/Desktop/all my projects/uneom.com/node_modules/next/dist/compiled/@opentelemetry/api/index.js:1:518)
    at NoopTracer.startActiveSpan (/Users/ahmedsalem/Desktop/all my projects/uneom.com/node_modules/next/dist/compiled/@opentelemetry/api/index.js:1:18093)
    at ProxyTracer.startActiveSpan (/Users/ahmedsalem/Desktop/all my projects/uneom.com/node_modules/next/dist/compiled/@opentelemetry/api/index.js:1:18854)
    at /Users/ahmedsalem/Desktop/all my projects/uneom.com/node_modules/next/dist/server/lib/trace/tracer.js:122:103
    at NoopContextManager.with (/Users/ahmedsalem/Desktop/all my projects/uneom.com/node_modules/next/dist/compiled/@opentelemetry/api/index.js:1:7062)
    at ContextAPI.with (/Users/ahmedsalem/Desktop/all my projects/uneom.com/node_modules/next/dist/compiled/@opentelemetry/api/index.js:1:518) {
  digest: '2592674761'
}
TypeError: Cannot read properties of undefined (reading 'toLowerCase')
    at Module.y (/Users/ahmedsalem/Desktop/all my projects/uneom.com/.next/server/app/locations/[city]/[industry]/page.js:1:2657)
    at /Users/ahmedsalem/Desktop/all my projects/uneom.com/node_modules/next/dist/compiled/next-server/app-page.runtime.prod.js:12:227525
    at /Users/ahmedsalem/Desktop/all my projects/uneom.com/node_modules/next/dist/server/lib/trace/tracer.js:140:36
    at NoopContextManager.with (/Users/ahmedsalem/Desktop/all my projects/uneom.com/node_modules/next/dist/compiled/@opentelemetry/api/index.js:1:7062)
    at ContextAPI.with (/Users/ahmedsalem/Desktop/all my projects/uneom.com/node_modules/next/dist/compiled/@opentelemetry/api/index.js:1:518)
    at NoopTracer.startActiveSpan (/Users/ahmedsalem/Desktop/all my projects/uneom.com/node_modules/next/dist/compiled/@opentelemetry/api/index.js:1:18093)
    at ProxyTracer.startActiveSpan (/Users/ahmedsalem/Desktop/all my projects/uneom.com/node_modules/next/dist/compiled/@opentelemetry/api/index.js:1:18854)
    at /Users/ahmedsalem/Desktop/all my projects/uneom.com/node_modules/next/dist/server/lib/trace/tracer.js:122:103
    at NoopContextManager.with (/Users/ahmedsalem/Desktop/all my projects/uneom.com/node_modules/next/dist/compiled/@opentelemetry/api/index.js:1:7062)
    at ContextAPI.with (/Users/ahmedsalem/Desktop/all my projects/uneom.com/node_modules/next/dist/compiled/@opentelemetry/api/index.js:1:518) {
  digest: '2592674761'
}
TypeError: Cannot read properties of undefined (reading 'toLowerCase')
    at b (/Users/ahmedsalem/Desktop/all my projects/uneom.com/.next/server/app/locations/[city]/[industry]/page.js:1:4337)
    at eh (/Users/ahmedsalem/Desktop/all my projects/uneom.com/node_modules/next/dist/compiled/next-server/app-page.runtime.prod.js:12:134660)
    at e (/Users/ahmedsalem/Desktop/all my projects/uneom.com/node_modules/next/dist/compiled/next-server/app-page.runtime.prod.js:12:137545)
    at ek (/Users/ahmedsalem/Desktop/all my projects/uneom.com/node_modules/next/dist/compiled/next-server/app-page.runtime.prod.js:12:138019)
    at Array.toJSON (/Users/ahmedsalem/Desktop/all my projects/uneom.com/node_modules/next/dist/compiled/next-server/app-page.runtime.prod.js:12:135629)
    at stringify (<anonymous>)
    at eP (/Users/ahmedsalem/Desktop/all my projects/uneom.com/node_modules/next/dist/compiled/next-server/app-page.runtime.prod.js:12:142093)
    at eE (/Users/ahmedsalem/Desktop/all my projects/uneom.com/node_modules/next/dist/compiled/next-server/app-page.runtime.prod.js:12:142572)
    at Timeout._onTimeout (/Users/ahmedsalem/Desktop/all my projects/uneom.com/node_modules/next/dist/compiled/next-server/app-page.runtime.prod.js:12:135349)
    at listOnTimeout (node:internal/timers:605:17) {
  digest: '2151575143'
}

Error occurred prerendering page "/locations/medina/manufacturing". Read more: https://nextjs.org/docs/messages/prerender-error

TypeError: Cannot read properties of undefined (reading 'toLowerCase')
    at b (/Users/ahmedsalem/Desktop/all my projects/uneom.com/.next/server/app/locations/[city]/[industry]/page.js:1:4337)
    at eh (/Users/ahmedsalem/Desktop/all my projects/uneom.com/node_modules/next/dist/compiled/next-server/app-page.runtime.prod.js:12:134660)
    at e (/Users/ahmedsalem/Desktop/all my projects/uneom.com/node_modules/next/dist/compiled/next-server/app-page.runtime.prod.js:12:137545)
    at ek (/Users/ahmedsalem/Desktop/all my projects/uneom.com/node_modules/next/dist/compiled/next-server/app-page.runtime.prod.js:12:138019)
    at Array.toJSON (/Users/ahmedsalem/Desktop/all my projects/uneom.com/node_modules/next/dist/compiled/next-server/app-page.runtime.prod.js:12:135629)
    at stringify (<anonymous>)
    at eP (/Users/ahmedsalem/Desktop/all my projects/uneom.com/node_modules/next/dist/compiled/next-server/app-page.runtime.prod.js:12:142093)
    at eE (/Users/ahmedsalem/Desktop/all my projects/uneom.com/node_modules/next/dist/compiled/next-server/app-page.runtime.prod.js:12:142572)
    at AsyncLocalStorage.run (node:internal/async_local_storage/async_context_frame:63:14)
    at Timeout._onTimeout (/Users/ahmedsalem/Desktop/all my projects/uneom.com/node_modules/next/dist/compiled/next-server/app-page.runtime.prod.js:12:150373)
TypeError: Cannot read properties of undefined (reading 'toLowerCase')
    at Module.y (/Users/ahmedsalem/Desktop/all my projects/uneom.com/.next/server/app/locations/[city]/[industry]/page.js:1:2657)
    at /Users/ahmedsalem/Desktop/all my projects/uneom.com/node_modules/next/dist/compiled/next-server/app-page.runtime.prod.js:12:227525
    at /Users/ahmedsalem/Desktop/all my projects/uneom.com/node_modules/next/dist/server/lib/trace/tracer.js:140:36
    at NoopContextManager.with (/Users/ahmedsalem/Desktop/all my projects/uneom.com/node_modules/next/dist/compiled/@opentelemetry/api/index.js:1:7062)
    at ContextAPI.with (/Users/ahmedsalem/Desktop/all my projects/uneom.com/node_modules/next/dist/compiled/@opentelemetry/api/index.js:1:518)
    at NoopTracer.startActiveSpan (/Users/ahmedsalem/Desktop/all my projects/uneom.com/node_modules/next/dist/compiled/@opentelemetry/api/index.js:1:18093)
    at ProxyTracer.startActiveSpan (/Users/ahmedsalem/Desktop/all my projects/uneom.com/node_modules/next/dist/compiled/@opentelemetry/api/index.js:1:18854)
    at /Users/ahmedsalem/Desktop/all my projects/uneom.com/node_modules/next/dist/server/lib/trace/tracer.js:122:103
    at NoopContextManager.with (/Users/ahmedsalem/Desktop/all my projects/uneom.com/node_modules/next/dist/compiled/@opentelemetry/api/index.js:1:7062)
    at ContextAPI.with (/Users/ahmedsalem/Desktop/all my projects/uneom.com/node_modules/next/dist/compiled/@opentelemetry/api/index.js:1:518) {
  digest: '2592674761'
}
TypeError: Cannot read properties of undefined (reading 'toLowerCase')
    at Module.y (/Users/ahmedsalem/Desktop/all my projects/uneom.com/.next/server/app/locations/[city]/[industry]/page.js:1:2657)
    at /Users/ahmedsalem/Desktop/all my projects/uneom.com/node_modules/next/dist/compiled/next-server/app-page.runtime.prod.js:12:227525
    at /Users/ahmedsalem/Desktop/all my projects/uneom.com/node_modules/next/dist/server/lib/trace/tracer.js:140:36
    at NoopContextManager.with (/Users/ahmedsalem/Desktop/all my projects/uneom.com/node_modules/next/dist/compiled/@opentelemetry/api/index.js:1:7062)
    at ContextAPI.with (/Users/ahmedsalem/Desktop/all my projects/uneom.com/node_modules/next/dist/compiled/@opentelemetry/api/index.js:1:518)
    at NoopTracer.startActiveSpan (/Users/ahmedsalem/Desktop/all my projects/uneom.com/node_modules/next/dist/compiled/@opentelemetry/api/index.js:1:18093)
    at ProxyTracer.startActiveSpan (/Users/ahmedsalem/Desktop/all my projects/uneom.com/node_modules/next/dist/compiled/@opentelemetry/api/index.js:1:18854)
    at /Users/ahmedsalem/Desktop/all my projects/uneom.com/node_modules/next/dist/server/lib/trace/tracer.js:122:103
    at NoopContextManager.with (/Users/ahmedsalem/Desktop/all my projects/uneom.com/node_modules/next/dist/compiled/@opentelemetry/api/index.js:1:7062)
    at ContextAPI.with (/Users/ahmedsalem/Desktop/all my projects/uneom.com/node_modules/next/dist/compiled/@opentelemetry/api/index.js:1:518) {
  digest: '2592674761'
}
TypeError: Cannot read properties of undefined (reading 'toLowerCase')
    at Module.y (/Users/ahmedsalem/Desktop/all my projects/uneom.com/.next/server/app/locations/[city]/[industry]/page.js:1:2657)
    at /Users/ahmedsalem/Desktop/all my projects/uneom.com/node_modules/next/dist/compiled/next-server/app-page.runtime.prod.js:12:227525
    at /Users/ahmedsalem/Desktop/all my projects/uneom.com/node_modules/next/dist/server/lib/trace/tracer.js:140:36
    at NoopContextManager.with (/Users/ahmedsalem/Desktop/all my projects/uneom.com/node_modules/next/dist/compiled/@opentelemetry/api/index.js:1:7062)
    at ContextAPI.with (/Users/ahmedsalem/Desktop/all my projects/uneom.com/node_modules/next/dist/compiled/@opentelemetry/api/index.js:1:518)
    at NoopTracer.startActiveSpan (/Users/ahmedsalem/Desktop/all my projects/uneom.com/node_modules/next/dist/compiled/@opentelemetry/api/index.js:1:18093)
    at ProxyTracer.startActiveSpan (/Users/ahmedsalem/Desktop/all my projects/uneom.com/node_modules/next/dist/compiled/@opentelemetry/api/index.js:1:18854)
    at /Users/ahmedsalem/Desktop/all my projects/uneom.com/node_modules/next/dist/server/lib/trace/tracer.js:122:103
    at NoopContextManager.with (/Users/ahmedsalem/Desktop/all my projects/uneom.com/node_modules/next/dist/compiled/@opentelemetry/api/index.js:1:7062)
    at ContextAPI.with (/Users/ahmedsalem/Desktop/all my projects/uneom.com/node_modules/next/dist/compiled/@opentelemetry/api/index.js:1:518) {
  digest: '2592674761'
}
TypeError: Cannot read properties of undefined (reading 'toLowerCase')
    at b (/Users/ahmedsalem/Desktop/all my projects/uneom.com/.next/server/app/locations/[city]/[industry]/page.js:1:4337)
    at eh (/Users/ahmedsalem/Desktop/all my projects/uneom.com/node_modules/next/dist/compiled/next-server/app-page.runtime.prod.js:12:134660)
    at e (/Users/ahmedsalem/Desktop/all my projects/uneom.com/node_modules/next/dist/compiled/next-server/app-page.runtime.prod.js:12:137545)
    at ek (/Users/ahmedsalem/Desktop/all my projects/uneom.com/node_modules/next/dist/compiled/next-server/app-page.runtime.prod.js:12:138019)
    at Array.toJSON (/Users/ahmedsalem/Desktop/all my projects/uneom.com/node_modules/next/dist/compiled/next-server/app-page.runtime.prod.js:12:135629)
    at stringify (<anonymous>)
    at eP (/Users/ahmedsalem/Desktop/all my projects/uneom.com/node_modules/next/dist/compiled/next-server/app-page.runtime.prod.js:12:142093)
    at eE (/Users/ahmedsalem/Desktop/all my projects/uneom.com/node_modules/next/dist/compiled/next-server/app-page.runtime.prod.js:12:142572)
    at AsyncLocalStorage.run (node:internal/async_local_storage/async_context_frame:63:14)
    at Timeout._onTimeout (/Users/ahmedsalem/Desktop/all my projects/uneom.com/node_modules/next/dist/compiled/next-server/app-page.runtime.prod.js:12:150373) {
  digest: '785353560'
}

Error occurred prerendering page "/locations/medina/security". Read more: https://nextjs.org/docs/messages/prerender-error

TypeError: Cannot read properties of undefined (reading 'toLowerCase')
    at b (/Users/ahmedsalem/Desktop/all my projects/uneom.com/.next/server/app/locations/[city]/[industry]/page.js:1:4337)
    at eh (/Users/ahmedsalem/Desktop/all my projects/uneom.com/node_modules/next/dist/compiled/next-server/app-page.runtime.prod.js:12:134660)
    at e (/Users/ahmedsalem/Desktop/all my projects/uneom.com/node_modules/next/dist/compiled/next-server/app-page.runtime.prod.js:12:137545)
    at ek (/Users/ahmedsalem/Desktop/all my projects/uneom.com/node_modules/next/dist/compiled/next-server/app-page.runtime.prod.js:12:138019)
    at Array.toJSON (/Users/ahmedsalem/Desktop/all my projects/uneom.com/node_modules/next/dist/compiled/next-server/app-page.runtime.prod.js:12:135629)
    at stringify (<anonymous>)
    at eP (/Users/ahmedsalem/Desktop/all my projects/uneom.com/node_modules/next/dist/compiled/next-server/app-page.runtime.prod.js:12:142093)
    at eE (/Users/ahmedsalem/Desktop/all my projects/uneom.com/node_modules/next/dist/compiled/next-server/app-page.runtime.prod.js:12:142572)
    at AsyncLocalStorage.run (node:internal/async_local_storage/async_context_frame:63:14)
    at Timeout._onTimeout (/Users/ahmedsalem/Desktop/all my projects/uneom.com/node_modules/next/dist/compiled/next-server/app-page.runtime.prod.js:12:150373)
TypeError: Cannot read properties of undefined (reading 'toLowerCase')
    at Module.y (/Users/ahmedsalem/Desktop/all my projects/uneom.com/.next/server/app/locations/[city]/[industry]/page.js:1:2657)
    at /Users/ahmedsalem/Desktop/all my projects/uneom.com/node_modules/next/dist/compiled/next-server/app-page.runtime.prod.js:12:227525
    at /Users/ahmedsalem/Desktop/all my projects/uneom.com/node_modules/next/dist/server/lib/trace/tracer.js:140:36
    at NoopContextManager.with (/Users/ahmedsalem/Desktop/all my projects/uneom.com/node_modules/next/dist/compiled/@opentelemetry/api/index.js:1:7062)
    at ContextAPI.with (/Users/ahmedsalem/Desktop/all my projects/uneom.com/node_modules/next/dist/compiled/@opentelemetry/api/index.js:1:518)
    at NoopTracer.startActiveSpan (/Users/ahmedsalem/Desktop/all my projects/uneom.com/node_modules/next/dist/compiled/@opentelemetry/api/index.js:1:18093)
    at ProxyTracer.startActiveSpan (/Users/ahmedsalem/Desktop/all my projects/uneom.com/node_modules/next/dist/compiled/@opentelemetry/api/index.js:1:18854)
    at /Users/ahmedsalem/Desktop/all my projects/uneom.com/node_modules/next/dist/server/lib/trace/tracer.js:122:103
    at NoopContextManager.with (/Users/ahmedsalem/Desktop/all my projects/uneom.com/node_modules/next/dist/compiled/@opentelemetry/api/index.js:1:7062)
    at ContextAPI.with (/Users/ahmedsalem/Desktop/all my projects/uneom.com/node_modules/next/dist/compiled/@opentelemetry/api/index.js:1:518) {
  digest: '2592674761'
}

Error occurred prerendering page "/locations/medina/factory-industry". Read more: https://nextjs.org/docs/messages/prerender-error

TypeError: Cannot read properties of undefined (reading 'toLowerCase')
    at b (/Users/ahmedsalem/Desktop/all my projects/uneom.com/.next/server/app/locations/[city]/[industry]/page.js:1:4337)
    at eh (/Users/ahmedsalem/Desktop/all my projects/uneom.com/node_modules/next/dist/compiled/next-server/app-page.runtime.prod.js:12:134660)
    at e (/Users/ahmedsalem/Desktop/all my projects/uneom.com/node_modules/next/dist/compiled/next-server/app-page.runtime.prod.js:12:137545)
    at ek (/Users/ahmedsalem/Desktop/all my projects/uneom.com/node_modules/next/dist/compiled/next-server/app-page.runtime.prod.js:12:138019)
    at Array.toJSON (/Users/ahmedsalem/Desktop/all my projects/uneom.com/node_modules/next/dist/compiled/next-server/app-page.runtime.prod.js:12:135629)
    at stringify (<anonymous>)
    at eP (/Users/ahmedsalem/Desktop/all my projects/uneom.com/node_modules/next/dist/compiled/next-server/app-page.runtime.prod.js:12:142093)
    at eE (/Users/ahmedsalem/Desktop/all my projects/uneom.com/node_modules/next/dist/compiled/next-server/app-page.runtime.prod.js:12:142572)
    at Timeout._onTimeout (/Users/ahmedsalem/Desktop/all my projects/uneom.com/node_modules/next/dist/compiled/next-server/app-page.runtime.prod.js:12:135349)
    at listOnTimeout (node:internal/timers:605:17) {
  digest: '2151575143'
}
TypeError: Cannot read properties of undefined (reading 'toLowerCase')
    at b (/Users/ahmedsalem/Desktop/all my projects/uneom.com/.next/server/app/locations/[city]/[industry]/page.js:1:4337)
    at eh (/Users/ahmedsalem/Desktop/all my projects/uneom.com/node_modules/next/dist/compiled/next-server/app-page.runtime.prod.js:12:134660)
    at e (/Users/ahmedsalem/Desktop/all my projects/uneom.com/node_modules/next/dist/compiled/next-server/app-page.runtime.prod.js:12:137545)
    at ek (/Users/ahmedsalem/Desktop/all my projects/uneom.com/node_modules/next/dist/compiled/next-server/app-page.runtime.prod.js:12:138019)
    at Array.toJSON (/Users/ahmedsalem/Desktop/all my projects/uneom.com/node_modules/next/dist/compiled/next-server/app-page.runtime.prod.js:12:135629)
    at stringify (<anonymous>)
    at eP (/Users/ahmedsalem/Desktop/all my projects/uneom.com/node_modules/next/dist/compiled/next-server/app-page.runtime.prod.js:12:142093)
    at eE (/Users/ahmedsalem/Desktop/all my projects/uneom.com/node_modules/next/dist/compiled/next-server/app-page.runtime.prod.js:12:142572)
    at AsyncLocalStorage.run (node:internal/async_local_storage/async_context_frame:63:14)
    at Timeout._onTimeout (/Users/ahmedsalem/Desktop/all my projects/uneom.com/node_modules/next/dist/compiled/next-server/app-page.runtime.prod.js:12:150373)

Error occurred prerendering page "/locations/medina/retail-shops". Read more: https://nextjs.org/docs/messages/prerender-error

TypeError: Cannot read properties of undefined (reading 'toLowerCase')
    at b (/Users/ahmedsalem/Desktop/all my projects/uneom.com/.next/server/app/locations/[city]/[industry]/page.js:1:4337)
    at eh (/Users/ahmedsalem/Desktop/all my projects/uneom.com/node_modules/next/dist/compiled/next-server/app-page.runtime.prod.js:12:134660)
    at e (/Users/ahmedsalem/Desktop/all my projects/uneom.com/node_modules/next/dist/compiled/next-server/app-page.runtime.prod.js:12:137545)
    at ek (/Users/ahmedsalem/Desktop/all my projects/uneom.com/node_modules/next/dist/compiled/next-server/app-page.runtime.prod.js:12:138019)
    at Array.toJSON (/Users/ahmedsalem/Desktop/all my projects/uneom.com/node_modules/next/dist/compiled/next-server/app-page.runtime.prod.js:12:135629)
    at stringify (<anonymous>)
    at eP (/Users/ahmedsalem/Desktop/all my projects/uneom.com/node_modules/next/dist/compiled/next-server/app-page.runtime.prod.js:12:142093)
    at eE (/Users/ahmedsalem/Desktop/all my projects/uneom.com/node_modules/next/dist/compiled/next-server/app-page.runtime.prod.js:12:142572)
    at AsyncLocalStorage.run (node:internal/async_local_storage/async_context_frame:63:14)
    at Timeout._onTimeout (/Users/ahmedsalem/Desktop/all my projects/uneom.com/node_modules/next/dist/compiled/next-server/app-page.runtime.prod.js:12:150373)

Error occurred prerendering page "/locations/medina/supply-manufacturing". Read more: https://nextjs.org/docs/messages/prerender-error

TypeError: Cannot read properties of undefined (reading 'toLowerCase')
    at b (/Users/ahmedsalem/Desktop/all my projects/uneom.com/.next/server/app/locations/[city]/[industry]/page.js:1:4337)
    at eh (/Users/ahmedsalem/Desktop/all my projects/uneom.com/node_modules/next/dist/compiled/next-server/app-page.runtime.prod.js:12:134660)
    at e (/Users/ahmedsalem/Desktop/all my projects/uneom.com/node_modules/next/dist/compiled/next-server/app-page.runtime.prod.js:12:137545)
    at ek (/Users/ahmedsalem/Desktop/all my projects/uneom.com/node_modules/next/dist/compiled/next-server/app-page.runtime.prod.js:12:138019)
    at Array.toJSON (/Users/ahmedsalem/Desktop/all my projects/uneom.com/node_modules/next/dist/compiled/next-server/app-page.runtime.prod.js:12:135629)
    at stringify (<anonymous>)
    at eP (/Users/ahmedsalem/Desktop/all my projects/uneom.com/node_modules/next/dist/compiled/next-server/app-page.runtime.prod.js:12:142093)
    at eE (/Users/ahmedsalem/Desktop/all my projects/uneom.com/node_modules/next/dist/compiled/next-server/app-page.runtime.prod.js:12:142572)
    at AsyncLocalStorage.run (node:internal/async_local_storage/async_context_frame:63:14)
    at Timeout._onTimeout (/Users/ahmedsalem/Desktop/all my projects/uneom.com/node_modules/next/dist/compiled/next-server/app-page.runtime.prod.js:12:150373)
TypeError: Cannot read properties of undefined (reading 'toLowerCase')
    at Module.y (/Users/ahmedsalem/Desktop/all my projects/uneom.com/.next/server/app/locations/[city]/[industry]/page.js:1:2657)
    at /Users/ahmedsalem/Desktop/all my projects/uneom.com/node_modules/next/dist/compiled/next-server/app-page.runtime.prod.js:12:227525
    at /Users/ahmedsalem/Desktop/all my projects/uneom.com/node_modules/next/dist/server/lib/trace/tracer.js:140:36
    at NoopContextManager.with (/Users/ahmedsalem/Desktop/all my projects/uneom.com/node_modules/next/dist/compiled/@opentelemetry/api/index.js:1:7062)
    at ContextAPI.with (/Users/ahmedsalem/Desktop/all my projects/uneom.com/node_modules/next/dist/compiled/@opentelemetry/api/index.js:1:518)
    at NoopTracer.startActiveSpan (/Users/ahmedsalem/Desktop/all my projects/uneom.com/node_modules/next/dist/compiled/@opentelemetry/api/index.js:1:18093)
    at ProxyTracer.startActiveSpan (/Users/ahmedsalem/Desktop/all my projects/uneom.com/node_modules/next/dist/compiled/@opentelemetry/api/index.js:1:18854)
    at /Users/ahmedsalem/Desktop/all my projects/uneom.com/node_modules/next/dist/server/lib/trace/tracer.js:122:103
    at NoopContextManager.with (/Users/ahmedsalem/Desktop/all my projects/uneom.com/node_modules/next/dist/compiled/@opentelemetry/api/index.js:1:7062)
    at ContextAPI.with (/Users/ahmedsalem/Desktop/all my projects/uneom.com/node_modules/next/dist/compiled/@opentelemetry/api/index.js:1:518) {
  digest: '2592674761'
}
TypeError: Cannot read properties of undefined (reading 'toLowerCase')
    at b (/Users/ahmedsalem/Desktop/all my projects/uneom.com/.next/server/app/locations/[city]/[industry]/page.js:1:4337)
    at eh (/Users/ahmedsalem/Desktop/all my projects/uneom.com/node_modules/next/dist/compiled/next-server/app-page.runtime.prod.js:12:134660)
    at e (/Users/ahmedsalem/Desktop/all my projects/uneom.com/node_modules/next/dist/compiled/next-server/app-page.runtime.prod.js:12:137545)
    at ek (/Users/ahmedsalem/Desktop/all my projects/uneom.com/node_modules/next/dist/compiled/next-server/app-page.runtime.prod.js:12:138019)
    at Array.toJSON (/Users/ahmedsalem/Desktop/all my projects/uneom.com/node_modules/next/dist/compiled/next-server/app-page.runtime.prod.js:12:135629)
    at stringify (<anonymous>)
    at eP (/Users/ahmedsalem/Desktop/all my projects/uneom.com/node_modules/next/dist/compiled/next-server/app-page.runtime.prod.js:12:142093)
    at eE (/Users/ahmedsalem/Desktop/all my projects/uneom.com/node_modules/next/dist/compiled/next-server/app-page.runtime.prod.js:12:142572)
    at AsyncLocalStorage.run (node:internal/async_local_storage/async_context_frame:63:14)
    at Timeout._onTimeout (/Users/ahmedsalem/Desktop/all my projects/uneom.com/node_modules/next/dist/compiled/next-server/app-page.runtime.prod.js:12:150373) {
  digest: '785353560'
}
TypeError: Cannot read properties of undefined (reading 'toLowerCase')
    at Module.y (/Users/ahmedsalem/Desktop/all my projects/uneom.com/.next/server/app/locations/[city]/[industry]/page.js:1:2657)
    at /Users/ahmedsalem/Desktop/all my projects/uneom.com/node_modules/next/dist/compiled/next-server/app-page.runtime.prod.js:12:227525
    at /Users/ahmedsalem/Desktop/all my projects/uneom.com/node_modules/next/dist/server/lib/trace/tracer.js:140:36
    at NoopContextManager.with (/Users/ahmedsalem/Desktop/all my projects/uneom.com/node_modules/next/dist/compiled/@opentelemetry/api/index.js:1:7062)
    at ContextAPI.with (/Users/ahmedsalem/Desktop/all my projects/uneom.com/node_modules/next/dist/compiled/@opentelemetry/api/index.js:1:518)
    at NoopTracer.startActiveSpan (/Users/ahmedsalem/Desktop/all my projects/uneom.com/node_modules/next/dist/compiled/@opentelemetry/api/index.js:1:18093)
    at ProxyTracer.startActiveSpan (/Users/ahmedsalem/Desktop/all my projects/uneom.com/node_modules/next/dist/compiled/@opentelemetry/api/index.js:1:18854)
    at /Users/ahmedsalem/Desktop/all my projects/uneom.com/node_modules/next/dist/server/lib/trace/tracer.js:122:103
    at NoopContextManager.with (/Users/ahmedsalem/Desktop/all my projects/uneom.com/node_modules/next/dist/compiled/@opentelemetry/api/index.js:1:7062)
    at ContextAPI.with (/Users/ahmedsalem/Desktop/all my projects/uneom.com/node_modules/next/dist/compiled/@opentelemetry/api/index.js:1:518) {
  digest: '2592674761'
}
TypeError: Cannot read properties of undefined (reading 'toLowerCase')
    at b (/Users/ahmedsalem/Desktop/all my projects/uneom.com/.next/server/app/locations/[city]/[industry]/page.js:1:4337)
    at eh (/Users/ahmedsalem/Desktop/all my projects/uneom.com/node_modules/next/dist/compiled/next-server/app-page.runtime.prod.js:12:134660)
    at e (/Users/ahmedsalem/Desktop/all my projects/uneom.com/node_modules/next/dist/compiled/next-server/app-page.runtime.prod.js:12:137545)
    at ek (/Users/ahmedsalem/Desktop/all my projects/uneom.com/node_modules/next/dist/compiled/next-server/app-page.runtime.prod.js:12:138019)
    at Array.toJSON (/Users/ahmedsalem/Desktop/all my projects/uneom.com/node_modules/next/dist/compiled/next-server/app-page.runtime.prod.js:12:135629)
    at stringify (<anonymous>)
    at eP (/Users/ahmedsalem/Desktop/all my projects/uneom.com/node_modules/next/dist/compiled/next-server/app-page.runtime.prod.js:12:142093)
    at eE (/Users/ahmedsalem/Desktop/all my projects/uneom.com/node_modules/next/dist/compiled/next-server/app-page.runtime.prod.js:12:142572)
    at Timeout._onTimeout (/Users/ahmedsalem/Desktop/all my projects/uneom.com/node_modules/next/dist/compiled/next-server/app-page.runtime.prod.js:12:135349)
    at listOnTimeout (node:internal/timers:605:17) {
  digest: '2151575143'
}
TypeError: Cannot read properties of undefined (reading 'toLowerCase')
    at b (/Users/ahmedsalem/Desktop/all my projects/uneom.com/.next/server/app/locations/[city]/[industry]/page.js:1:4337)
    at eh (/Users/ahmedsalem/Desktop/all my projects/uneom.com/node_modules/next/dist/compiled/next-server/app-page.runtime.prod.js:12:134660)
    at e (/Users/ahmedsalem/Desktop/all my projects/uneom.com/node_modules/next/dist/compiled/next-server/app-page.runtime.prod.js:12:137545)
    at ek (/Users/ahmedsalem/Desktop/all my projects/uneom.com/node_modules/next/dist/compiled/next-server/app-page.runtime.prod.js:12:138019)
    at Array.toJSON (/Users/ahmedsalem/Desktop/all my projects/uneom.com/node_modules/next/dist/compiled/next-server/app-page.runtime.prod.js:12:135629)
    at stringify (<anonymous>)
    at eP (/Users/ahmedsalem/Desktop/all my projects/uneom.com/node_modules/next/dist/compiled/next-server/app-page.runtime.prod.js:12:142093)
    at eE (/Users/ahmedsalem/Desktop/all my projects/uneom.com/node_modules/next/dist/compiled/next-server/app-page.runtime.prod.js:12:142572)
    at AsyncLocalStorage.run (node:internal/async_local_storage/async_context_frame:63:14)
    at Timeout._onTimeout (/Users/ahmedsalem/Desktop/all my projects/uneom.com/node_modules/next/dist/compiled/next-server/app-page.runtime.prod.js:12:150373) {
  digest: '785353560'
}
TypeError: Cannot read properties of undefined (reading 'toLowerCase')
    at b (/Users/ahmedsalem/Desktop/all my projects/uneom.com/.next/server/app/locations/[city]/[industry]/page.js:1:4337)
    at eh (/Users/ahmedsalem/Desktop/all my projects/uneom.com/node_modules/next/dist/compiled/next-server/app-page.runtime.prod.js:12:134660)
    at e (/Users/ahmedsalem/Desktop/all my projects/uneom.com/node_modules/next/dist/compiled/next-server/app-page.runtime.prod.js:12:137545)
    at ek (/Users/ahmedsalem/Desktop/all my projects/uneom.com/node_modules/next/dist/compiled/next-server/app-page.runtime.prod.js:12:138019)
    at Array.toJSON (/Users/ahmedsalem/Desktop/all my projects/uneom.com/node_modules/next/dist/compiled/next-server/app-page.runtime.prod.js:12:135629)
    at stringify (<anonymous>)
    at eP (/Users/ahmedsalem/Desktop/all my projects/uneom.com/node_modules/next/dist/compiled/next-server/app-page.runtime.prod.js:12:142093)
    at eE (/Users/ahmedsalem/Desktop/all my projects/uneom.com/node_modules/next/dist/compiled/next-server/app-page.runtime.prod.js:12:142572)
    at AsyncLocalStorage.run (node:internal/async_local_storage/async_context_frame:63:14)
    at Timeout._onTimeout (/Users/ahmedsalem/Desktop/all my projects/uneom.com/node_modules/next/dist/compiled/next-server/app-page.runtime.prod.js:12:150373) {
  digest: '785353560'
}

Error occurred prerendering page "/locations/khobar/healthcare". Read more: https://nextjs.org/docs/messages/prerender-error

TypeError: Cannot read properties of undefined (reading 'toLowerCase')
    at b (/Users/ahmedsalem/Desktop/all my projects/uneom.com/.next/server/app/locations/[city]/[industry]/page.js:1:4337)
    at eh (/Users/ahmedsalem/Desktop/all my projects/uneom.com/node_modules/next/dist/compiled/next-server/app-page.runtime.prod.js:12:134660)
    at e (/Users/ahmedsalem/Desktop/all my projects/uneom.com/node_modules/next/dist/compiled/next-server/app-page.runtime.prod.js:12:137545)
    at ek (/Users/ahmedsalem/Desktop/all my projects/uneom.com/node_modules/next/dist/compiled/next-server/app-page.runtime.prod.js:12:138019)
    at Array.toJSON (/Users/ahmedsalem/Desktop/all my projects/uneom.com/node_modules/next/dist/compiled/next-server/app-page.runtime.prod.js:12:135629)
    at stringify (<anonymous>)
    at eP (/Users/ahmedsalem/Desktop/all my projects/uneom.com/node_modules/next/dist/compiled/next-server/app-page.runtime.prod.js:12:142093)
    at eE (/Users/ahmedsalem/Desktop/all my projects/uneom.com/node_modules/next/dist/compiled/next-server/app-page.runtime.prod.js:12:142572)
    at AsyncLocalStorage.run (node:internal/async_local_storage/async_context_frame:63:14)
    at Timeout._onTimeout (/Users/ahmedsalem/Desktop/all my projects/uneom.com/node_modules/next/dist/compiled/next-server/app-page.runtime.prod.js:12:150373)
TypeError: Cannot read properties of undefined (reading 'toLowerCase')
    at b (/Users/ahmedsalem/Desktop/all my projects/uneom.com/.next/server/app/locations/[city]/[industry]/page.js:1:4337)
    at eh (/Users/ahmedsalem/Desktop/all my projects/uneom.com/node_modules/next/dist/compiled/next-server/app-page.runtime.prod.js:12:134660)
    at e (/Users/ahmedsalem/Desktop/all my projects/uneom.com/node_modules/next/dist/compiled/next-server/app-page.runtime.prod.js:12:137545)
    at ek (/Users/ahmedsalem/Desktop/all my projects/uneom.com/node_modules/next/dist/compiled/next-server/app-page.runtime.prod.js:12:138019)
    at Array.toJSON (/Users/ahmedsalem/Desktop/all my projects/uneom.com/node_modules/next/dist/compiled/next-server/app-page.runtime.prod.js:12:135629)
    at stringify (<anonymous>)
    at eP (/Users/ahmedsalem/Desktop/all my projects/uneom.com/node_modules/next/dist/compiled/next-server/app-page.runtime.prod.js:12:142093)
    at eE (/Users/ahmedsalem/Desktop/all my projects/uneom.com/node_modules/next/dist/compiled/next-server/app-page.runtime.prod.js:12:142572)
    at Timeout._onTimeout (/Users/ahmedsalem/Desktop/all my projects/uneom.com/node_modules/next/dist/compiled/next-server/app-page.runtime.prod.js:12:135349)
    at listOnTimeout (node:internal/timers:605:17) {
  digest: '2151575143'
}
TypeError: Cannot read properties of undefined (reading 'toLowerCase')
    at Module.y (/Users/ahmedsalem/Desktop/all my projects/uneom.com/.next/server/app/locations/[city]/[industry]/page.js:1:2657)
    at /Users/ahmedsalem/Desktop/all my projects/uneom.com/node_modules/next/dist/compiled/next-server/app-page.runtime.prod.js:12:227525
    at /Users/ahmedsalem/Desktop/all my projects/uneom.com/node_modules/next/dist/server/lib/trace/tracer.js:140:36
    at NoopContextManager.with (/Users/ahmedsalem/Desktop/all my projects/uneom.com/node_modules/next/dist/compiled/@opentelemetry/api/index.js:1:7062)
    at ContextAPI.with (/Users/ahmedsalem/Desktop/all my projects/uneom.com/node_modules/next/dist/compiled/@opentelemetry/api/index.js:1:518)
    at NoopTracer.startActiveSpan (/Users/ahmedsalem/Desktop/all my projects/uneom.com/node_modules/next/dist/compiled/@opentelemetry/api/index.js:1:18093)
    at ProxyTracer.startActiveSpan (/Users/ahmedsalem/Desktop/all my projects/uneom.com/node_modules/next/dist/compiled/@opentelemetry/api/index.js:1:18854)
    at /Users/ahmedsalem/Desktop/all my projects/uneom.com/node_modules/next/dist/server/lib/trace/tracer.js:122:103
    at NoopContextManager.with (/Users/ahmedsalem/Desktop/all my projects/uneom.com/node_modules/next/dist/compiled/@opentelemetry/api/index.js:1:7062)
    at ContextAPI.with (/Users/ahmedsalem/Desktop/all my projects/uneom.com/node_modules/next/dist/compiled/@opentelemetry/api/index.js:1:518) {
  digest: '2592674761'
}
TypeError: Cannot read properties of undefined (reading 'toLowerCase')
    at b (/Users/ahmedsalem/Desktop/all my projects/uneom.com/.next/server/app/locations/[city]/[industry]/page.js:1:4337)
    at eh (/Users/ahmedsalem/Desktop/all my projects/uneom.com/node_modules/next/dist/compiled/next-server/app-page.runtime.prod.js:12:134660)
    at e (/Users/ahmedsalem/Desktop/all my projects/uneom.com/node_modules/next/dist/compiled/next-server/app-page.runtime.prod.js:12:137545)
    at ek (/Users/ahmedsalem/Desktop/all my projects/uneom.com/node_modules/next/dist/compiled/next-server/app-page.runtime.prod.js:12:138019)
    at Array.toJSON (/Users/ahmedsalem/Desktop/all my projects/uneom.com/node_modules/next/dist/compiled/next-server/app-page.runtime.prod.js:12:135629)
    at stringify (<anonymous>)
    at eP (/Users/ahmedsalem/Desktop/all my projects/uneom.com/node_modules/next/dist/compiled/next-server/app-page.runtime.prod.js:12:142093)
    at eE (/Users/ahmedsalem/Desktop/all my projects/uneom.com/node_modules/next/dist/compiled/next-server/app-page.runtime.prod.js:12:142572)
    at Timeout._onTimeout (/Users/ahmedsalem/Desktop/all my projects/uneom.com/node_modules/next/dist/compiled/next-server/app-page.runtime.prod.js:12:135349)
    at listOnTimeout (node:internal/timers:605:17) {
  digest: '2151575143'
}
TypeError: Cannot read properties of undefined (reading 'toLowerCase')
    at Module.y (/Users/ahmedsalem/Desktop/all my projects/uneom.com/.next/server/app/locations/[city]/[industry]/page.js:1:2657)
    at /Users/ahmedsalem/Desktop/all my projects/uneom.com/node_modules/next/dist/compiled/next-server/app-page.runtime.prod.js:12:227525
    at /Users/ahmedsalem/Desktop/all my projects/uneom.com/node_modules/next/dist/server/lib/trace/tracer.js:140:36
    at NoopContextManager.with (/Users/ahmedsalem/Desktop/all my projects/uneom.com/node_modules/next/dist/compiled/@opentelemetry/api/index.js:1:7062)
    at ContextAPI.with (/Users/ahmedsalem/Desktop/all my projects/uneom.com/node_modules/next/dist/compiled/@opentelemetry/api/index.js:1:518)
    at NoopTracer.startActiveSpan (/Users/ahmedsalem/Desktop/all my projects/uneom.com/node_modules/next/dist/compiled/@opentelemetry/api/index.js:1:18093)
    at ProxyTracer.startActiveSpan (/Users/ahmedsalem/Desktop/all my projects/uneom.com/node_modules/next/dist/compiled/@opentelemetry/api/index.js:1:18854)
    at /Users/ahmedsalem/Desktop/all my projects/uneom.com/node_modules/next/dist/server/lib/trace/tracer.js:122:103
    at NoopContextManager.with (/Users/ahmedsalem/Desktop/all my projects/uneom.com/node_modules/next/dist/compiled/@opentelemetry/api/index.js:1:7062)
    at ContextAPI.with (/Users/ahmedsalem/Desktop/all my projects/uneom.com/node_modules/next/dist/compiled/@opentelemetry/api/index.js:1:518) {
  digest: '2592674761'
}
TypeError: Cannot read properties of undefined (reading 'toLowerCase')
    at b (/Users/ahmedsalem/Desktop/all my projects/uneom.com/.next/server/app/locations/[city]/[industry]/page.js:1:4337)
    at eh (/Users/ahmedsalem/Desktop/all my projects/uneom.com/node_modules/next/dist/compiled/next-server/app-page.runtime.prod.js:12:134660)
    at e (/Users/ahmedsalem/Desktop/all my projects/uneom.com/node_modules/next/dist/compiled/next-server/app-page.runtime.prod.js:12:137545)
    at ek (/Users/ahmedsalem/Desktop/all my projects/uneom.com/node_modules/next/dist/compiled/next-server/app-page.runtime.prod.js:12:138019)
    at Array.toJSON (/Users/ahmedsalem/Desktop/all my projects/uneom.com/node_modules/next/dist/compiled/next-server/app-page.runtime.prod.js:12:135629)
    at stringify (<anonymous>)
    at eP (/Users/ahmedsalem/Desktop/all my projects/uneom.com/node_modules/next/dist/compiled/next-server/app-page.runtime.prod.js:12:142093)
    at eE (/Users/ahmedsalem/Desktop/all my projects/uneom.com/node_modules/next/dist/compiled/next-server/app-page.runtime.prod.js:12:142572)
    at AsyncLocalStorage.run (node:internal/async_local_storage/async_context_frame:63:14)
    at Timeout._onTimeout (/Users/ahmedsalem/Desktop/all my projects/uneom.com/node_modules/next/dist/compiled/next-server/app-page.runtime.prod.js:12:150373) {
  digest: '785353560'
}
TypeError: Cannot read properties of undefined (reading 'toLowerCase')
    at b (/Users/ahmedsalem/Desktop/all my projects/uneom.com/.next/server/app/locations/[city]/[industry]/page.js:1:4337)
    at eh (/Users/ahmedsalem/Desktop/all my projects/uneom.com/node_modules/next/dist/compiled/next-server/app-page.runtime.prod.js:12:134660)
    at e (/Users/ahmedsalem/Desktop/all my projects/uneom.com/node_modules/next/dist/compiled/next-server/app-page.runtime.prod.js:12:137545)
    at ek (/Users/ahmedsalem/Desktop/all my projects/uneom.com/node_modules/next/dist/compiled/next-server/app-page.runtime.prod.js:12:138019)
    at Array.toJSON (/Users/ahmedsalem/Desktop/all my projects/uneom.com/node_modules/next/dist/compiled/next-server/app-page.runtime.prod.js:12:135629)
    at stringify (<anonymous>)
    at eP (/Users/ahmedsalem/Desktop/all my projects/uneom.com/node_modules/next/dist/compiled/next-server/app-page.runtime.prod.js:12:142093)
    at eE (/Users/ahmedsalem/Desktop/all my projects/uneom.com/node_modules/next/dist/compiled/next-server/app-page.runtime.prod.js:12:142572)
    at AsyncLocalStorage.run (node:internal/async_local_storage/async_context_frame:63:14)
    at Timeout._onTimeout (/Users/ahmedsalem/Desktop/all my projects/uneom.com/node_modules/next/dist/compiled/next-server/app-page.runtime.prod.js:12:150373) {
  digest: '785353560'
}
TypeError: Cannot read properties of undefined (reading 'toLowerCase')
    at Module.y (/Users/ahmedsalem/Desktop/all my projects/uneom.com/.next/server/app/locations/[city]/[industry]/page.js:1:2657)
    at /Users/ahmedsalem/Desktop/all my projects/uneom.com/node_modules/next/dist/compiled/next-server/app-page.runtime.prod.js:12:227525
    at /Users/ahmedsalem/Desktop/all my projects/uneom.com/node_modules/next/dist/server/lib/trace/tracer.js:140:36
    at NoopContextManager.with (/Users/ahmedsalem/Desktop/all my projects/uneom.com/node_modules/next/dist/compiled/@opentelemetry/api/index.js:1:7062)
    at ContextAPI.with (/Users/ahmedsalem/Desktop/all my projects/uneom.com/node_modules/next/dist/compiled/@opentelemetry/api/index.js:1:518)
    at NoopTracer.startActiveSpan (/Users/ahmedsalem/Desktop/all my projects/uneom.com/node_modules/next/dist/compiled/@opentelemetry/api/index.js:1:18093)
    at ProxyTracer.startActiveSpan (/Users/ahmedsalem/Desktop/all my projects/uneom.com/node_modules/next/dist/compiled/@opentelemetry/api/index.js:1:18854)
    at /Users/ahmedsalem/Desktop/all my projects/uneom.com/node_modules/next/dist/server/lib/trace/tracer.js:122:103
    at NoopContextManager.with (/Users/ahmedsalem/Desktop/all my projects/uneom.com/node_modules/next/dist/compiled/@opentelemetry/api/index.js:1:7062)
    at ContextAPI.with (/Users/ahmedsalem/Desktop/all my projects/uneom.com/node_modules/next/dist/compiled/@opentelemetry/api/index.js:1:518) {
  digest: '2592674761'
}
TypeError: Cannot read properties of undefined (reading 'toLowerCase')
    at Module.y (/Users/ahmedsalem/Desktop/all my projects/uneom.com/.next/server/app/locations/[city]/[industry]/page.js:1:2657)
    at /Users/ahmedsalem/Desktop/all my projects/uneom.com/node_modules/next/dist/compiled/next-server/app-page.runtime.prod.js:12:227525
    at /Users/ahmedsalem/Desktop/all my projects/uneom.com/node_modules/next/dist/server/lib/trace/tracer.js:140:36
    at NoopContextManager.with (/Users/ahmedsalem/Desktop/all my projects/uneom.com/node_modules/next/dist/compiled/@opentelemetry/api/index.js:1:7062)
    at ContextAPI.with (/Users/ahmedsalem/Desktop/all my projects/uneom.com/node_modules/next/dist/compiled/@opentelemetry/api/index.js:1:518)
    at NoopTracer.startActiveSpan (/Users/ahmedsalem/Desktop/all my projects/uneom.com/node_modules/next/dist/compiled/@opentelemetry/api/index.js:1:18093)
    at ProxyTracer.startActiveSpan (/Users/ahmedsalem/Desktop/all my projects/uneom.com/node_modules/next/dist/compiled/@opentelemetry/api/index.js:1:18854)
    at /Users/ahmedsalem/Desktop/all my projects/uneom.com/node_modules/next/dist/server/lib/trace/tracer.js:122:103
    at NoopContextManager.with (/Users/ahmedsalem/Desktop/all my projects/uneom.com/node_modules/next/dist/compiled/@opentelemetry/api/index.js:1:7062)
    at ContextAPI.with (/Users/ahmedsalem/Desktop/all my projects/uneom.com/node_modules/next/dist/compiled/@opentelemetry/api/index.js:1:518) {
  digest: '2592674761'
}
TypeError: Cannot read properties of undefined (reading 'toLowerCase')
    at b (/Users/ahmedsalem/Desktop/all my projects/uneom.com/.next/server/app/locations/[city]/[industry]/page.js:1:4337)
    at eh (/Users/ahmedsalem/Desktop/all my projects/uneom.com/node_modules/next/dist/compiled/next-server/app-page.runtime.prod.js:12:134660)
    at e (/Users/ahmedsalem/Desktop/all my projects/uneom.com/node_modules/next/dist/compiled/next-server/app-page.runtime.prod.js:12:137545)
    at ek (/Users/ahmedsalem/Desktop/all my projects/uneom.com/node_modules/next/dist/compiled/next-server/app-page.runtime.prod.js:12:138019)
    at Array.toJSON (/Users/ahmedsalem/Desktop/all my projects/uneom.com/node_modules/next/dist/compiled/next-server/app-page.runtime.prod.js:12:135629)
    at stringify (<anonymous>)
    at eP (/Users/ahmedsalem/Desktop/all my projects/uneom.com/node_modules/next/dist/compiled/next-server/app-page.runtime.prod.js:12:142093)
    at eE (/Users/ahmedsalem/Desktop/all my projects/uneom.com/node_modules/next/dist/compiled/next-server/app-page.runtime.prod.js:12:142572)
    at Timeout._onTimeout (/Users/ahmedsalem/Desktop/all my projects/uneom.com/node_modules/next/dist/compiled/next-server/app-page.runtime.prod.js:12:135349)
    at listOnTimeout (node:internal/timers:605:17) {
  digest: '2151575143'
}
TypeError: Cannot read properties of undefined (reading 'toLowerCase')
    at Module.y (/Users/ahmedsalem/Desktop/all my projects/uneom.com/.next/server/app/locations/[city]/[industry]/page.js:1:2657)
    at /Users/ahmedsalem/Desktop/all my projects/uneom.com/node_modules/next/dist/compiled/next-server/app-page.runtime.prod.js:12:227525
    at /Users/ahmedsalem/Desktop/all my projects/uneom.com/node_modules/next/dist/server/lib/trace/tracer.js:140:36
    at NoopContextManager.with (/Users/ahmedsalem/Desktop/all my projects/uneom.com/node_modules/next/dist/compiled/@opentelemetry/api/index.js:1:7062)
    at ContextAPI.with (/Users/ahmedsalem/Desktop/all my projects/uneom.com/node_modules/next/dist/compiled/@opentelemetry/api/index.js:1:518)
    at NoopTracer.startActiveSpan (/Users/ahmedsalem/Desktop/all my projects/uneom.com/node_modules/next/dist/compiled/@opentelemetry/api/index.js:1:18093)
    at ProxyTracer.startActiveSpan (/Users/ahmedsalem/Desktop/all my projects/uneom.com/node_modules/next/dist/compiled/@opentelemetry/api/index.js:1:18854)
    at /Users/ahmedsalem/Desktop/all my projects/uneom.com/node_modules/next/dist/server/lib/trace/tracer.js:122:103
    at NoopContextManager.with (/Users/ahmedsalem/Desktop/all my projects/uneom.com/node_modules/next/dist/compiled/@opentelemetry/api/index.js:1:7062)
    at ContextAPI.with (/Users/ahmedsalem/Desktop/all my projects/uneom.com/node_modules/next/dist/compiled/@opentelemetry/api/index.js:1:518) {
  digest: '2592674761'
}
TypeError: Cannot read properties of undefined (reading 'toLowerCase')
    at b (/Users/ahmedsalem/Desktop/all my projects/uneom.com/.next/server/app/locations/[city]/[industry]/page.js:1:4337)
    at eh (/Users/ahmedsalem/Desktop/all my projects/uneom.com/node_modules/next/dist/compiled/next-server/app-page.runtime.prod.js:12:134660)
    at e (/Users/ahmedsalem/Desktop/all my projects/uneom.com/node_modules/next/dist/compiled/next-server/app-page.runtime.prod.js:12:137545)
    at ek (/Users/ahmedsalem/Desktop/all my projects/uneom.com/node_modules/next/dist/compiled/next-server/app-page.runtime.prod.js:12:138019)
    at Array.toJSON (/Users/ahmedsalem/Desktop/all my projects/uneom.com/node_modules/next/dist/compiled/next-server/app-page.runtime.prod.js:12:135629)
    at stringify (<anonymous>)
    at eP (/Users/ahmedsalem/Desktop/all my projects/uneom.com/node_modules/next/dist/compiled/next-server/app-page.runtime.prod.js:12:142093)
    at eE (/Users/ahmedsalem/Desktop/all my projects/uneom.com/node_modules/next/dist/compiled/next-server/app-page.runtime.prod.js:12:142572)
    at Timeout._onTimeout (/Users/ahmedsalem/Desktop/all my projects/uneom.com/node_modules/next/dist/compiled/next-server/app-page.runtime.prod.js:12:135349)
    at listOnTimeout (node:internal/timers:605:17) {
  digest: '2151575143'
}

Error occurred prerendering page "/locations/khobar/hospitality". Read more: https://nextjs.org/docs/messages/prerender-error

TypeError: Cannot read properties of undefined (reading 'toLowerCase')
    at b (/Users/ahmedsalem/Desktop/all my projects/uneom.com/.next/server/app/locations/[city]/[industry]/page.js:1:4337)
    at eh (/Users/ahmedsalem/Desktop/all my projects/uneom.com/node_modules/next/dist/compiled/next-server/app-page.runtime.prod.js:12:134660)
    at e (/Users/ahmedsalem/Desktop/all my projects/uneom.com/node_modules/next/dist/compiled/next-server/app-page.runtime.prod.js:12:137545)
    at ek (/Users/ahmedsalem/Desktop/all my projects/uneom.com/node_modules/next/dist/compiled/next-server/app-page.runtime.prod.js:12:138019)
    at Array.toJSON (/Users/ahmedsalem/Desktop/all my projects/uneom.com/node_modules/next/dist/compiled/next-server/app-page.runtime.prod.js:12:135629)
    at stringify (<anonymous>)
    at eP (/Users/ahmedsalem/Desktop/all my projects/uneom.com/node_modules/next/dist/compiled/next-server/app-page.runtime.prod.js:12:142093)
    at eE (/Users/ahmedsalem/Desktop/all my projects/uneom.com/node_modules/next/dist/compiled/next-server/app-page.runtime.prod.js:12:142572)
    at AsyncLocalStorage.run (node:internal/async_local_storage/async_context_frame:63:14)
    at Timeout._onTimeout (/Users/ahmedsalem/Desktop/all my projects/uneom.com/node_modules/next/dist/compiled/next-server/app-page.runtime.prod.js:12:150373)
TypeError: Cannot read properties of undefined (reading 'toLowerCase')
    at Module.y (/Users/ahmedsalem/Desktop/all my projects/uneom.com/.next/server/app/locations/[city]/[industry]/page.js:1:2657)
    at /Users/ahmedsalem/Desktop/all my projects/uneom.com/node_modules/next/dist/compiled/next-server/app-page.runtime.prod.js:12:227525
    at /Users/ahmedsalem/Desktop/all my projects/uneom.com/node_modules/next/dist/server/lib/trace/tracer.js:140:36
    at NoopContextManager.with (/Users/ahmedsalem/Desktop/all my projects/uneom.com/node_modules/next/dist/compiled/@opentelemetry/api/index.js:1:7062)
    at ContextAPI.with (/Users/ahmedsalem/Desktop/all my projects/uneom.com/node_modules/next/dist/compiled/@opentelemetry/api/index.js:1:518)
    at NoopTracer.startActiveSpan (/Users/ahmedsalem/Desktop/all my projects/uneom.com/node_modules/next/dist/compiled/@opentelemetry/api/index.js:1:18093)
    at ProxyTracer.startActiveSpan (/Users/ahmedsalem/Desktop/all my projects/uneom.com/node_modules/next/dist/compiled/@opentelemetry/api/index.js:1:18854)
    at /Users/ahmedsalem/Desktop/all my projects/uneom.com/node_modules/next/dist/server/lib/trace/tracer.js:122:103
    at NoopContextManager.with (/Users/ahmedsalem/Desktop/all my projects/uneom.com/node_modules/next/dist/compiled/@opentelemetry/api/index.js:1:7062)
    at ContextAPI.with (/Users/ahmedsalem/Desktop/all my projects/uneom.com/node_modules/next/dist/compiled/@opentelemetry/api/index.js:1:518) {
  digest: '2592674761'
}
TypeError: Cannot read properties of undefined (reading 'toLowerCase')
    at b (/Users/ahmedsalem/Desktop/all my projects/uneom.com/.next/server/app/locations/[city]/[industry]/page.js:1:4337)
    at eh (/Users/ahmedsalem/Desktop/all my projects/uneom.com/node_modules/next/dist/compiled/next-server/app-page.runtime.prod.js:12:134660)
    at e (/Users/ahmedsalem/Desktop/all my projects/uneom.com/node_modules/next/dist/compiled/next-server/app-page.runtime.prod.js:12:137545)
    at ek (/Users/ahmedsalem/Desktop/all my projects/uneom.com/node_modules/next/dist/compiled/next-server/app-page.runtime.prod.js:12:138019)
    at Array.toJSON (/Users/ahmedsalem/Desktop/all my projects/uneom.com/node_modules/next/dist/compiled/next-server/app-page.runtime.prod.js:12:135629)
    at stringify (<anonymous>)
    at eP (/Users/ahmedsalem/Desktop/all my projects/uneom.com/node_modules/next/dist/compiled/next-server/app-page.runtime.prod.js:12:142093)
    at eE (/Users/ahmedsalem/Desktop/all my projects/uneom.com/node_modules/next/dist/compiled/next-server/app-page.runtime.prod.js:12:142572)
    at AsyncLocalStorage.run (node:internal/async_local_storage/async_context_frame:63:14)
    at Timeout._onTimeout (/Users/ahmedsalem/Desktop/all my projects/uneom.com/node_modules/next/dist/compiled/next-server/app-page.runtime.prod.js:12:150373) {
  digest: '785353560'
}
TypeError: Cannot read properties of undefined (reading 'toLowerCase')
    at Module.y (/Users/ahmedsalem/Desktop/all my projects/uneom.com/.next/server/app/locations/[city]/[industry]/page.js:1:2657)
    at /Users/ahmedsalem/Desktop/all my projects/uneom.com/node_modules/next/dist/compiled/next-server/app-page.runtime.prod.js:12:227525
    at /Users/ahmedsalem/Desktop/all my projects/uneom.com/node_modules/next/dist/server/lib/trace/tracer.js:140:36
    at NoopContextManager.with (/Users/ahmedsalem/Desktop/all my projects/uneom.com/node_modules/next/dist/compiled/@opentelemetry/api/index.js:1:7062)
    at ContextAPI.with (/Users/ahmedsalem/Desktop/all my projects/uneom.com/node_modules/next/dist/compiled/@opentelemetry/api/index.js:1:518)
    at NoopTracer.startActiveSpan (/Users/ahmedsalem/Desktop/all my projects/uneom.com/node_modules/next/dist/compiled/@opentelemetry/api/index.js:1:18093)
    at ProxyTracer.startActiveSpan (/Users/ahmedsalem/Desktop/all my projects/uneom.com/node_modules/next/dist/compiled/@opentelemetry/api/index.js:1:18854)
    at /Users/ahmedsalem/Desktop/all my projects/uneom.com/node_modules/next/dist/server/lib/trace/tracer.js:122:103
    at NoopContextManager.with (/Users/ahmedsalem/Desktop/all my projects/uneom.com/node_modules/next/dist/compiled/@opentelemetry/api/index.js:1:7062)
    at ContextAPI.with (/Users/ahmedsalem/Desktop/all my projects/uneom.com/node_modules/next/dist/compiled/@opentelemetry/api/index.js:1:518) {
  digest: '2592674761'
}
TypeError: Cannot read properties of undefined (reading 'toLowerCase')
    at Module.y (/Users/ahmedsalem/Desktop/all my projects/uneom.com/.next/server/app/locations/[city]/[industry]/page.js:1:2657)
    at /Users/ahmedsalem/Desktop/all my projects/uneom.com/node_modules/next/dist/compiled/next-server/app-page.runtime.prod.js:12:227525
    at /Users/ahmedsalem/Desktop/all my projects/uneom.com/node_modules/next/dist/server/lib/trace/tracer.js:140:36
    at NoopContextManager.with (/Users/ahmedsalem/Desktop/all my projects/uneom.com/node_modules/next/dist/compiled/@opentelemetry/api/index.js:1:7062)
    at ContextAPI.with (/Users/ahmedsalem/Desktop/all my projects/uneom.com/node_modules/next/dist/compiled/@opentelemetry/api/index.js:1:518)
    at NoopTracer.startActiveSpan (/Users/ahmedsalem/Desktop/all my projects/uneom.com/node_modules/next/dist/compiled/@opentelemetry/api/index.js:1:18093)
    at ProxyTracer.startActiveSpan (/Users/ahmedsalem/Desktop/all my projects/uneom.com/node_modules/next/dist/compiled/@opentelemetry/api/index.js:1:18854)
    at /Users/ahmedsalem/Desktop/all my projects/uneom.com/node_modules/next/dist/server/lib/trace/tracer.js:122:103
    at NoopContextManager.with (/Users/ahmedsalem/Desktop/all my projects/uneom.com/node_modules/next/dist/compiled/@opentelemetry/api/index.js:1:7062)
    at ContextAPI.with (/Users/ahmedsalem/Desktop/all my projects/uneom.com/node_modules/next/dist/compiled/@opentelemetry/api/index.js:1:518) {
  digest: '2592674761'
}
TypeError: Cannot read properties of undefined (reading 'toLowerCase')
    at b (/Users/ahmedsalem/Desktop/all my projects/uneom.com/.next/server/app/locations/[city]/[industry]/page.js:1:4337)
    at eh (/Users/ahmedsalem/Desktop/all my projects/uneom.com/node_modules/next/dist/compiled/next-server/app-page.runtime.prod.js:12:134660)
    at e (/Users/ahmedsalem/Desktop/all my projects/uneom.com/node_modules/next/dist/compiled/next-server/app-page.runtime.prod.js:12:137545)
    at ek (/Users/ahmedsalem/Desktop/all my projects/uneom.com/node_modules/next/dist/compiled/next-server/app-page.runtime.prod.js:12:138019)
    at Array.toJSON (/Users/ahmedsalem/Desktop/all my projects/uneom.com/node_modules/next/dist/compiled/next-server/app-page.runtime.prod.js:12:135629)
    at stringify (<anonymous>)
    at eP (/Users/ahmedsalem/Desktop/all my projects/uneom.com/node_modules/next/dist/compiled/next-server/app-page.runtime.prod.js:12:142093)
    at eE (/Users/ahmedsalem/Desktop/all my projects/uneom.com/node_modules/next/dist/compiled/next-server/app-page.runtime.prod.js:12:142572)
    at Timeout._onTimeout (/Users/ahmedsalem/Desktop/all my projects/uneom.com/node_modules/next/dist/compiled/next-server/app-page.runtime.prod.js:12:135349)
    at listOnTimeout (node:internal/timers:605:17) {
  digest: '2151575143'
}

Error occurred prerendering page "/locations/khobar/aviation". Read more: https://nextjs.org/docs/messages/prerender-error

TypeError: Cannot read properties of undefined (reading 'toLowerCase')
    at b (/Users/ahmedsalem/Desktop/all my projects/uneom.com/.next/server/app/locations/[city]/[industry]/page.js:1:4337)
    at eh (/Users/ahmedsalem/Desktop/all my projects/uneom.com/node_modules/next/dist/compiled/next-server/app-page.runtime.prod.js:12:134660)
    at e (/Users/ahmedsalem/Desktop/all my projects/uneom.com/node_modules/next/dist/compiled/next-server/app-page.runtime.prod.js:12:137545)
    at ek (/Users/ahmedsalem/Desktop/all my projects/uneom.com/node_modules/next/dist/compiled/next-server/app-page.runtime.prod.js:12:138019)
    at Array.toJSON (/Users/ahmedsalem/Desktop/all my projects/uneom.com/node_modules/next/dist/compiled/next-server/app-page.runtime.prod.js:12:135629)
    at stringify (<anonymous>)
    at eP (/Users/ahmedsalem/Desktop/all my projects/uneom.com/node_modules/next/dist/compiled/next-server/app-page.runtime.prod.js:12:142093)
    at eE (/Users/ahmedsalem/Desktop/all my projects/uneom.com/node_modules/next/dist/compiled/next-server/app-page.runtime.prod.js:12:142572)
    at AsyncLocalStorage.run (node:internal/async_local_storage/async_context_frame:63:14)
    at Timeout._onTimeout (/Users/ahmedsalem/Desktop/all my projects/uneom.com/node_modules/next/dist/compiled/next-server/app-page.runtime.prod.js:12:150373)
TypeError: Cannot read properties of undefined (reading 'toLowerCase')
    at Module.y (/Users/ahmedsalem/Desktop/all my projects/uneom.com/.next/server/app/locations/[city]/[industry]/page.js:1:2657)
    at /Users/ahmedsalem/Desktop/all my projects/uneom.com/node_modules/next/dist/compiled/next-server/app-page.runtime.prod.js:12:227525
    at /Users/ahmedsalem/Desktop/all my projects/uneom.com/node_modules/next/dist/server/lib/trace/tracer.js:140:36
    at NoopContextManager.with (/Users/ahmedsalem/Desktop/all my projects/uneom.com/node_modules/next/dist/compiled/@opentelemetry/api/index.js:1:7062)
    at ContextAPI.with (/Users/ahmedsalem/Desktop/all my projects/uneom.com/node_modules/next/dist/compiled/@opentelemetry/api/index.js:1:518)
    at NoopTracer.startActiveSpan (/Users/ahmedsalem/Desktop/all my projects/uneom.com/node_modules/next/dist/compiled/@opentelemetry/api/index.js:1:18093)
    at ProxyTracer.startActiveSpan (/Users/ahmedsalem/Desktop/all my projects/uneom.com/node_modules/next/dist/compiled/@opentelemetry/api/index.js:1:18854)
    at /Users/ahmedsalem/Desktop/all my projects/uneom.com/node_modules/next/dist/server/lib/trace/tracer.js:122:103
    at NoopContextManager.with (/Users/ahmedsalem/Desktop/all my projects/uneom.com/node_modules/next/dist/compiled/@opentelemetry/api/index.js:1:7062)
    at ContextAPI.with (/Users/ahmedsalem/Desktop/all my projects/uneom.com/node_modules/next/dist/compiled/@opentelemetry/api/index.js:1:518) {
  digest: '2592674761'
}
TypeError: Cannot read properties of undefined (reading 'toLowerCase')
    at b (/Users/ahmedsalem/Desktop/all my projects/uneom.com/.next/server/app/locations/[city]/[industry]/page.js:1:4337)
    at eh (/Users/ahmedsalem/Desktop/all my projects/uneom.com/node_modules/next/dist/compiled/next-server/app-page.runtime.prod.js:12:134660)
    at e (/Users/ahmedsalem/Desktop/all my projects/uneom.com/node_modules/next/dist/compiled/next-server/app-page.runtime.prod.js:12:137545)
    at ek (/Users/ahmedsalem/Desktop/all my projects/uneom.com/node_modules/next/dist/compiled/next-server/app-page.runtime.prod.js:12:138019)
    at Array.toJSON (/Users/ahmedsalem/Desktop/all my projects/uneom.com/node_modules/next/dist/compiled/next-server/app-page.runtime.prod.js:12:135629)
    at stringify (<anonymous>)
    at eP (/Users/ahmedsalem/Desktop/all my projects/uneom.com/node_modules/next/dist/compiled/next-server/app-page.runtime.prod.js:12:142093)
    at eE (/Users/ahmedsalem/Desktop/all my projects/uneom.com/node_modules/next/dist/compiled/next-server/app-page.runtime.prod.js:12:142572)
    at AsyncLocalStorage.run (node:internal/async_local_storage/async_context_frame:63:14)
    at Timeout._onTimeout (/Users/ahmedsalem/Desktop/all my projects/uneom.com/node_modules/next/dist/compiled/next-server/app-page.runtime.prod.js:12:150373) {
  digest: '785353560'
}
TypeError: Cannot read properties of undefined (reading 'toLowerCase')
    at Module.y (/Users/ahmedsalem/Desktop/all my projects/uneom.com/.next/server/app/locations/[city]/[industry]/page.js:1:2657)
    at /Users/ahmedsalem/Desktop/all my projects/uneom.com/node_modules/next/dist/compiled/next-server/app-page.runtime.prod.js:12:227525
    at /Users/ahmedsalem/Desktop/all my projects/uneom.com/node_modules/next/dist/server/lib/trace/tracer.js:140:36
    at NoopContextManager.with (/Users/ahmedsalem/Desktop/all my projects/uneom.com/node_modules/next/dist/compiled/@opentelemetry/api/index.js:1:7062)
    at ContextAPI.with (/Users/ahmedsalem/Desktop/all my projects/uneom.com/node_modules/next/dist/compiled/@opentelemetry/api/index.js:1:518)
    at NoopTracer.startActiveSpan (/Users/ahmedsalem/Desktop/all my projects/uneom.com/node_modules/next/dist/compiled/@opentelemetry/api/index.js:1:18093)
    at ProxyTracer.startActiveSpan (/Users/ahmedsalem/Desktop/all my projects/uneom.com/node_modules/next/dist/compiled/@opentelemetry/api/index.js:1:18854)
    at /Users/ahmedsalem/Desktop/all my projects/uneom.com/node_modules/next/dist/server/lib/trace/tracer.js:122:103
    at NoopContextManager.with (/Users/ahmedsalem/Desktop/all my projects/uneom.com/node_modules/next/dist/compiled/@opentelemetry/api/index.js:1:7062)
    at ContextAPI.with (/Users/ahmedsalem/Desktop/all my projects/uneom.com/node_modules/next/dist/compiled/@opentelemetry/api/index.js:1:518) {
  digest: '2592674761'
}
TypeError: Cannot read properties of undefined (reading 'toLowerCase')
    at Module.y (/Users/ahmedsalem/Desktop/all my projects/uneom.com/.next/server/app/locations/[city]/[industry]/page.js:1:2657)
    at /Users/ahmedsalem/Desktop/all my projects/uneom.com/node_modules/next/dist/compiled/next-server/app-page.runtime.prod.js:12:227525
    at /Users/ahmedsalem/Desktop/all my projects/uneom.com/node_modules/next/dist/server/lib/trace/tracer.js:140:36
    at NoopContextManager.with (/Users/ahmedsalem/Desktop/all my projects/uneom.com/node_modules/next/dist/compiled/@opentelemetry/api/index.js:1:7062)
    at ContextAPI.with (/Users/ahmedsalem/Desktop/all my projects/uneom.com/node_modules/next/dist/compiled/@opentelemetry/api/index.js:1:518)
    at NoopTracer.startActiveSpan (/Users/ahmedsalem/Desktop/all my projects/uneom.com/node_modules/next/dist/compiled/@opentelemetry/api/index.js:1:18093)
    at ProxyTracer.startActiveSpan (/Users/ahmedsalem/Desktop/all my projects/uneom.com/node_modules/next/dist/compiled/@opentelemetry/api/index.js:1:18854)
    at /Users/ahmedsalem/Desktop/all my projects/uneom.com/node_modules/next/dist/server/lib/trace/tracer.js:122:103
    at NoopContextManager.with (/Users/ahmedsalem/Desktop/all my projects/uneom.com/node_modules/next/dist/compiled/@opentelemetry/api/index.js:1:7062)
    at ContextAPI.with (/Users/ahmedsalem/Desktop/all my projects/uneom.com/node_modules/next/dist/compiled/@opentelemetry/api/index.js:1:518) {
  digest: '2592674761'
}

Error occurred prerendering page "/locations/khobar/corporate". Read more: https://nextjs.org/docs/messages/prerender-error

TypeError: Cannot read properties of undefined (reading 'toLowerCase')
    at b (/Users/ahmedsalem/Desktop/all my projects/uneom.com/.next/server/app/locations/[city]/[industry]/page.js:1:4337)
    at eh (/Users/ahmedsalem/Desktop/all my projects/uneom.com/node_modules/next/dist/compiled/next-server/app-page.runtime.prod.js:12:134660)
    at e (/Users/ahmedsalem/Desktop/all my projects/uneom.com/node_modules/next/dist/compiled/next-server/app-page.runtime.prod.js:12:137545)
    at ek (/Users/ahmedsalem/Desktop/all my projects/uneom.com/node_modules/next/dist/compiled/next-server/app-page.runtime.prod.js:12:138019)
    at Array.toJSON (/Users/ahmedsalem/Desktop/all my projects/uneom.com/node_modules/next/dist/compiled/next-server/app-page.runtime.prod.js:12:135629)
    at stringify (<anonymous>)
    at eP (/Users/ahmedsalem/Desktop/all my projects/uneom.com/node_modules/next/dist/compiled/next-server/app-page.runtime.prod.js:12:142093)
    at eE (/Users/ahmedsalem/Desktop/all my projects/uneom.com/node_modules/next/dist/compiled/next-server/app-page.runtime.prod.js:12:142572)
    at AsyncLocalStorage.run (node:internal/async_local_storage/async_context_frame:63:14)
    at Timeout._onTimeout (/Users/ahmedsalem/Desktop/all my projects/uneom.com/node_modules/next/dist/compiled/next-server/app-page.runtime.prod.js:12:150373)
TypeError: Cannot read properties of undefined (reading 'toLowerCase')
    at b (/Users/ahmedsalem/Desktop/all my projects/uneom.com/.next/server/app/locations/[city]/[industry]/page.js:1:4337)
    at eh (/Users/ahmedsalem/Desktop/all my projects/uneom.com/node_modules/next/dist/compiled/next-server/app-page.runtime.prod.js:12:134660)
    at e (/Users/ahmedsalem/Desktop/all my projects/uneom.com/node_modules/next/dist/compiled/next-server/app-page.runtime.prod.js:12:137545)
    at ek (/Users/ahmedsalem/Desktop/all my projects/uneom.com/node_modules/next/dist/compiled/next-server/app-page.runtime.prod.js:12:138019)
    at Array.toJSON (/Users/ahmedsalem/Desktop/all my projects/uneom.com/node_modules/next/dist/compiled/next-server/app-page.runtime.prod.js:12:135629)
    at stringify (<anonymous>)
    at eP (/Users/ahmedsalem/Desktop/all my projects/uneom.com/node_modules/next/dist/compiled/next-server/app-page.runtime.prod.js:12:142093)
    at eE (/Users/ahmedsalem/Desktop/all my projects/uneom.com/node_modules/next/dist/compiled/next-server/app-page.runtime.prod.js:12:142572)
    at Timeout._onTimeout (/Users/ahmedsalem/Desktop/all my projects/uneom.com/node_modules/next/dist/compiled/next-server/app-page.runtime.prod.js:12:135349)
    at listOnTimeout (node:internal/timers:605:17) {
  digest: '2151575143'
}
TypeError: Cannot read properties of undefined (reading 'toLowerCase')
    at Module.y (/Users/ahmedsalem/Desktop/all my projects/uneom.com/.next/server/app/locations/[city]/[industry]/page.js:1:2657)
    at /Users/ahmedsalem/Desktop/all my projects/uneom.com/node_modules/next/dist/compiled/next-server/app-page.runtime.prod.js:12:227525
    at /Users/ahmedsalem/Desktop/all my projects/uneom.com/node_modules/next/dist/server/lib/trace/tracer.js:140:36
    at NoopContextManager.with (/Users/ahmedsalem/Desktop/all my projects/uneom.com/node_modules/next/dist/compiled/@opentelemetry/api/index.js:1:7062)
    at ContextAPI.with (/Users/ahmedsalem/Desktop/all my projects/uneom.com/node_modules/next/dist/compiled/@opentelemetry/api/index.js:1:518)
    at NoopTracer.startActiveSpan (/Users/ahmedsalem/Desktop/all my projects/uneom.com/node_modules/next/dist/compiled/@opentelemetry/api/index.js:1:18093)
    at ProxyTracer.startActiveSpan (/Users/ahmedsalem/Desktop/all my projects/uneom.com/node_modules/next/dist/compiled/@opentelemetry/api/index.js:1:18854)
    at /Users/ahmedsalem/Desktop/all my projects/uneom.com/node_modules/next/dist/server/lib/trace/tracer.js:122:103
    at NoopContextManager.with (/Users/ahmedsalem/Desktop/all my projects/uneom.com/node_modules/next/dist/compiled/@opentelemetry/api/index.js:1:7062)
    at ContextAPI.with (/Users/ahmedsalem/Desktop/all my projects/uneom.com/node_modules/next/dist/compiled/@opentelemetry/api/index.js:1:518) {
  digest: '2592674761'
}

Error occurred prerendering page "/locations/khobar/education". Read more: https://nextjs.org/docs/messages/prerender-error

TypeError: Cannot read properties of undefined (reading 'toLowerCase')
    at b (/Users/ahmedsalem/Desktop/all my projects/uneom.com/.next/server/app/locations/[city]/[industry]/page.js:1:4337)
    at eh (/Users/ahmedsalem/Desktop/all my projects/uneom.com/node_modules/next/dist/compiled/next-server/app-page.runtime.prod.js:12:134660)
    at e (/Users/ahmedsalem/Desktop/all my projects/uneom.com/node_modules/next/dist/compiled/next-server/app-page.runtime.prod.js:12:137545)
    at ek (/Users/ahmedsalem/Desktop/all my projects/uneom.com/node_modules/next/dist/compiled/next-server/app-page.runtime.prod.js:12:138019)
    at Array.toJSON (/Users/ahmedsalem/Desktop/all my projects/uneom.com/node_modules/next/dist/compiled/next-server/app-page.runtime.prod.js:12:135629)
    at stringify (<anonymous>)
    at eP (/Users/ahmedsalem/Desktop/all my projects/uneom.com/node_modules/next/dist/compiled/next-server/app-page.runtime.prod.js:12:142093)
    at eE (/Users/ahmedsalem/Desktop/all my projects/uneom.com/node_modules/next/dist/compiled/next-server/app-page.runtime.prod.js:12:142572)
    at AsyncLocalStorage.run (node:internal/async_local_storage/async_context_frame:63:14)
    at Timeout._onTimeout (/Users/ahmedsalem/Desktop/all my projects/uneom.com/node_modules/next/dist/compiled/next-server/app-page.runtime.prod.js:12:150373)
TypeError: Cannot read properties of undefined (reading 'toLowerCase')
    at b (/Users/ahmedsalem/Desktop/all my projects/uneom.com/.next/server/app/locations/[city]/[industry]/page.js:1:4337)
    at eh (/Users/ahmedsalem/Desktop/all my projects/uneom.com/node_modules/next/dist/compiled/next-server/app-page.runtime.prod.js:12:134660)
    at e (/Users/ahmedsalem/Desktop/all my projects/uneom.com/node_modules/next/dist/compiled/next-server/app-page.runtime.prod.js:12:137545)
    at ek (/Users/ahmedsalem/Desktop/all my projects/uneom.com/node_modules/next/dist/compiled/next-server/app-page.runtime.prod.js:12:138019)
    at Array.toJSON (/Users/ahmedsalem/Desktop/all my projects/uneom.com/node_modules/next/dist/compiled/next-server/app-page.runtime.prod.js:12:135629)
    at stringify (<anonymous>)
    at eP (/Users/ahmedsalem/Desktop/all my projects/uneom.com/node_modules/next/dist/compiled/next-server/app-page.runtime.prod.js:12:142093)
    at eE (/Users/ahmedsalem/Desktop/all my projects/uneom.com/node_modules/next/dist/compiled/next-server/app-page.runtime.prod.js:12:142572)
    at AsyncLocalStorage.run (node:internal/async_local_storage/async_context_frame:63:14)
    at Timeout._onTimeout (/Users/ahmedsalem/Desktop/all my projects/uneom.com/node_modules/next/dist/compiled/next-server/app-page.runtime.prod.js:12:150373) {
  digest: '785353560'
}
TypeError: Cannot read properties of undefined (reading 'toLowerCase')
    at Module.y (/Users/ahmedsalem/Desktop/all my projects/uneom.com/.next/server/app/locations/[city]/[industry]/page.js:1:2657)
    at /Users/ahmedsalem/Desktop/all my projects/uneom.com/node_modules/next/dist/compiled/next-server/app-page.runtime.prod.js:12:227525
    at /Users/ahmedsalem/Desktop/all my projects/uneom.com/node_modules/next/dist/server/lib/trace/tracer.js:140:36
    at NoopContextManager.with (/Users/ahmedsalem/Desktop/all my projects/uneom.com/node_modules/next/dist/compiled/@opentelemetry/api/index.js:1:7062)
    at ContextAPI.with (/Users/ahmedsalem/Desktop/all my projects/uneom.com/node_modules/next/dist/compiled/@opentelemetry/api/index.js:1:518)
    at NoopTracer.startActiveSpan (/Users/ahmedsalem/Desktop/all my projects/uneom.com/node_modules/next/dist/compiled/@opentelemetry/api/index.js:1:18093)
    at ProxyTracer.startActiveSpan (/Users/ahmedsalem/Desktop/all my projects/uneom.com/node_modules/next/dist/compiled/@opentelemetry/api/index.js:1:18854)
    at /Users/ahmedsalem/Desktop/all my projects/uneom.com/node_modules/next/dist/server/lib/trace/tracer.js:122:103
    at NoopContextManager.with (/Users/ahmedsalem/Desktop/all my projects/uneom.com/node_modules/next/dist/compiled/@opentelemetry/api/index.js:1:7062)
    at ContextAPI.with (/Users/ahmedsalem/Desktop/all my projects/uneom.com/node_modules/next/dist/compiled/@opentelemetry/api/index.js:1:518) {
  digest: '2592674761'
}
TypeError: Cannot read properties of undefined (reading 'toLowerCase')
    at b (/Users/ahmedsalem/Desktop/all my projects/uneom.com/.next/server/app/locations/[city]/[industry]/page.js:1:4337)
    at eh (/Users/ahmedsalem/Desktop/all my projects/uneom.com/node_modules/next/dist/compiled/next-server/app-page.runtime.prod.js:12:134660)
    at e (/Users/ahmedsalem/Desktop/all my projects/uneom.com/node_modules/next/dist/compiled/next-server/app-page.runtime.prod.js:12:137545)
    at ek (/Users/ahmedsalem/Desktop/all my projects/uneom.com/node_modules/next/dist/compiled/next-server/app-page.runtime.prod.js:12:138019)
    at Array.toJSON (/Users/ahmedsalem/Desktop/all my projects/uneom.com/node_modules/next/dist/compiled/next-server/app-page.runtime.prod.js:12:135629)
    at stringify (<anonymous>)
    at eP (/Users/ahmedsalem/Desktop/all my projects/uneom.com/node_modules/next/dist/compiled/next-server/app-page.runtime.prod.js:12:142093)
    at eE (/Users/ahmedsalem/Desktop/all my projects/uneom.com/node_modules/next/dist/compiled/next-server/app-page.runtime.prod.js:12:142572)
    at AsyncLocalStorage.run (node:internal/async_local_storage/async_context_frame:63:14)
    at Timeout._onTimeout (/Users/ahmedsalem/Desktop/all my projects/uneom.com/node_modules/next/dist/compiled/next-server/app-page.runtime.prod.js:12:150373) {
  digest: '785353560'
}
TypeError: Cannot read properties of undefined (reading 'toLowerCase')
    at b (/Users/ahmedsalem/Desktop/all my projects/uneom.com/.next/server/app/locations/[city]/[industry]/page.js:1:4337)
    at eh (/Users/ahmedsalem/Desktop/all my projects/uneom.com/node_modules/next/dist/compiled/next-server/app-page.runtime.prod.js:12:134660)
    at e (/Users/ahmedsalem/Desktop/all my projects/uneom.com/node_modules/next/dist/compiled/next-server/app-page.runtime.prod.js:12:137545)
    at ek (/Users/ahmedsalem/Desktop/all my projects/uneom.com/node_modules/next/dist/compiled/next-server/app-page.runtime.prod.js:12:138019)
    at Array.toJSON (/Users/ahmedsalem/Desktop/all my projects/uneom.com/node_modules/next/dist/compiled/next-server/app-page.runtime.prod.js:12:135629)
    at stringify (<anonymous>)
    at eP (/Users/ahmedsalem/Desktop/all my projects/uneom.com/node_modules/next/dist/compiled/next-server/app-page.runtime.prod.js:12:142093)
    at eE (/Users/ahmedsalem/Desktop/all my projects/uneom.com/node_modules/next/dist/compiled/next-server/app-page.runtime.prod.js:12:142572)
    at Timeout._onTimeout (/Users/ahmedsalem/Desktop/all my projects/uneom.com/node_modules/next/dist/compiled/next-server/app-page.runtime.prod.js:12:135349)
    at listOnTimeout (node:internal/timers:605:17) {
  digest: '2151575143'
}

Error occurred prerendering page "/locations/khobar/security". Read more: https://nextjs.org/docs/messages/prerender-error

TypeError: Cannot read properties of undefined (reading 'toLowerCase')
    at b (/Users/ahmedsalem/Desktop/all my projects/uneom.com/.next/server/app/locations/[city]/[industry]/page.js:1:4337)
    at eh (/Users/ahmedsalem/Desktop/all my projects/uneom.com/node_modules/next/dist/compiled/next-server/app-page.runtime.prod.js:12:134660)
    at e (/Users/ahmedsalem/Desktop/all my projects/uneom.com/node_modules/next/dist/compiled/next-server/app-page.runtime.prod.js:12:137545)
    at ek (/Users/ahmedsalem/Desktop/all my projects/uneom.com/node_modules/next/dist/compiled/next-server/app-page.runtime.prod.js:12:138019)
    at Array.toJSON (/Users/ahmedsalem/Desktop/all my projects/uneom.com/node_modules/next/dist/compiled/next-server/app-page.runtime.prod.js:12:135629)
    at stringify (<anonymous>)
    at eP (/Users/ahmedsalem/Desktop/all my projects/uneom.com/node_modules/next/dist/compiled/next-server/app-page.runtime.prod.js:12:142093)
    at eE (/Users/ahmedsalem/Desktop/all my projects/uneom.com/node_modules/next/dist/compiled/next-server/app-page.runtime.prod.js:12:142572)
    at AsyncLocalStorage.run (node:internal/async_local_storage/async_context_frame:63:14)
    at Timeout._onTimeout (/Users/ahmedsalem/Desktop/all my projects/uneom.com/node_modules/next/dist/compiled/next-server/app-page.runtime.prod.js:12:150373)
TypeError: Cannot read properties of undefined (reading 'toLowerCase')
    at b (/Users/ahmedsalem/Desktop/all my projects/uneom.com/.next/server/app/locations/[city]/[industry]/page.js:1:4337)
    at eh (/Users/ahmedsalem/Desktop/all my projects/uneom.com/node_modules/next/dist/compiled/next-server/app-page.runtime.prod.js:12:134660)
    at e (/Users/ahmedsalem/Desktop/all my projects/uneom.com/node_modules/next/dist/compiled/next-server/app-page.runtime.prod.js:12:137545)
    at ek (/Users/ahmedsalem/Desktop/all my projects/uneom.com/node_modules/next/dist/compiled/next-server/app-page.runtime.prod.js:12:138019)
    at Array.toJSON (/Users/ahmedsalem/Desktop/all my projects/uneom.com/node_modules/next/dist/compiled/next-server/app-page.runtime.prod.js:12:135629)
    at stringify (<anonymous>)
    at eP (/Users/ahmedsalem/Desktop/all my projects/uneom.com/node_modules/next/dist/compiled/next-server/app-page.runtime.prod.js:12:142093)
    at eE (/Users/ahmedsalem/Desktop/all my projects/uneom.com/node_modules/next/dist/compiled/next-server/app-page.runtime.prod.js:12:142572)
    at Timeout._onTimeout (/Users/ahmedsalem/Desktop/all my projects/uneom.com/node_modules/next/dist/compiled/next-server/app-page.runtime.prod.js:12:135349)
    at listOnTimeout (node:internal/timers:605:17) {
  digest: '2151575143'
}

Error occurred prerendering page "/locations/khobar/manufacturing". Read more: https://nextjs.org/docs/messages/prerender-error

TypeError: Cannot read properties of undefined (reading 'toLowerCase')
    at b (/Users/ahmedsalem/Desktop/all my projects/uneom.com/.next/server/app/locations/[city]/[industry]/page.js:1:4337)
    at eh (/Users/ahmedsalem/Desktop/all my projects/uneom.com/node_modules/next/dist/compiled/next-server/app-page.runtime.prod.js:12:134660)
    at e (/Users/ahmedsalem/Desktop/all my projects/uneom.com/node_modules/next/dist/compiled/next-server/app-page.runtime.prod.js:12:137545)
    at ek (/Users/ahmedsalem/Desktop/all my projects/uneom.com/node_modules/next/dist/compiled/next-server/app-page.runtime.prod.js:12:138019)
    at Array.toJSON (/Users/ahmedsalem/Desktop/all my projects/uneom.com/node_modules/next/dist/compiled/next-server/app-page.runtime.prod.js:12:135629)
    at stringify (<anonymous>)
    at eP (/Users/ahmedsalem/Desktop/all my projects/uneom.com/node_modules/next/dist/compiled/next-server/app-page.runtime.prod.js:12:142093)
    at eE (/Users/ahmedsalem/Desktop/all my projects/uneom.com/node_modules/next/dist/compiled/next-server/app-page.runtime.prod.js:12:142572)
    at AsyncLocalStorage.run (node:internal/async_local_storage/async_context_frame:63:14)
    at Timeout._onTimeout (/Users/ahmedsalem/Desktop/all my projects/uneom.com/node_modules/next/dist/compiled/next-server/app-page.runtime.prod.js:12:150373)
TypeError: Cannot read properties of undefined (reading 'toLowerCase')
    at Module.y (/Users/ahmedsalem/Desktop/all my projects/uneom.com/.next/server/app/locations/[city]/[industry]/page.js:1:2657)
    at /Users/ahmedsalem/Desktop/all my projects/uneom.com/node_modules/next/dist/compiled/next-server/app-page.runtime.prod.js:12:227525
    at /Users/ahmedsalem/Desktop/all my projects/uneom.com/node_modules/next/dist/server/lib/trace/tracer.js:140:36
    at NoopContextManager.with (/Users/ahmedsalem/Desktop/all my projects/uneom.com/node_modules/next/dist/compiled/@opentelemetry/api/index.js:1:7062)
    at ContextAPI.with (/Users/ahmedsalem/Desktop/all my projects/uneom.com/node_modules/next/dist/compiled/@opentelemetry/api/index.js:1:518)
    at NoopTracer.startActiveSpan (/Users/ahmedsalem/Desktop/all my projects/uneom.com/node_modules/next/dist/compiled/@opentelemetry/api/index.js:1:18093)
    at ProxyTracer.startActiveSpan (/Users/ahmedsalem/Desktop/all my projects/uneom.com/node_modules/next/dist/compiled/@opentelemetry/api/index.js:1:18854)
    at /Users/ahmedsalem/Desktop/all my projects/uneom.com/node_modules/next/dist/server/lib/trace/tracer.js:122:103
    at NoopContextManager.with (/Users/ahmedsalem/Desktop/all my projects/uneom.com/node_modules/next/dist/compiled/@opentelemetry/api/index.js:1:7062)
    at ContextAPI.with (/Users/ahmedsalem/Desktop/all my projects/uneom.com/node_modules/next/dist/compiled/@opentelemetry/api/index.js:1:518) {
  digest: '2592674761'
}

Error occurred prerendering page "/locations/khobar/factory-industry". Read more: https://nextjs.org/docs/messages/prerender-error

TypeError: Cannot read properties of undefined (reading 'toLowerCase')
    at b (/Users/ahmedsalem/Desktop/all my projects/uneom.com/.next/server/app/locations/[city]/[industry]/page.js:1:4337)
    at eh (/Users/ahmedsalem/Desktop/all my projects/uneom.com/node_modules/next/dist/compiled/next-server/app-page.runtime.prod.js:12:134660)
    at e (/Users/ahmedsalem/Desktop/all my projects/uneom.com/node_modules/next/dist/compiled/next-server/app-page.runtime.prod.js:12:137545)
    at ek (/Users/ahmedsalem/Desktop/all my projects/uneom.com/node_modules/next/dist/compiled/next-server/app-page.runtime.prod.js:12:138019)
    at Array.toJSON (/Users/ahmedsalem/Desktop/all my projects/uneom.com/node_modules/next/dist/compiled/next-server/app-page.runtime.prod.js:12:135629)
    at stringify (<anonymous>)
    at eP (/Users/ahmedsalem/Desktop/all my projects/uneom.com/node_modules/next/dist/compiled/next-server/app-page.runtime.prod.js:12:142093)
    at eE (/Users/ahmedsalem/Desktop/all my projects/uneom.com/node_modules/next/dist/compiled/next-server/app-page.runtime.prod.js:12:142572)
    at AsyncLocalStorage.run (node:internal/async_local_storage/async_context_frame:63:14)
    at Timeout._onTimeout (/Users/ahmedsalem/Desktop/all my projects/uneom.com/node_modules/next/dist/compiled/next-server/app-page.runtime.prod.js:12:150373)
TypeError: Cannot read properties of undefined (reading 'toLowerCase')
    at Module.y (/Users/ahmedsalem/Desktop/all my projects/uneom.com/.next/server/app/locations/[city]/[industry]/page.js:1:2657)
    at /Users/ahmedsalem/Desktop/all my projects/uneom.com/node_modules/next/dist/compiled/next-server/app-page.runtime.prod.js:12:227525
    at /Users/ahmedsalem/Desktop/all my projects/uneom.com/node_modules/next/dist/server/lib/trace/tracer.js:140:36
    at NoopContextManager.with (/Users/ahmedsalem/Desktop/all my projects/uneom.com/node_modules/next/dist/compiled/@opentelemetry/api/index.js:1:7062)
    at ContextAPI.with (/Users/ahmedsalem/Desktop/all my projects/uneom.com/node_modules/next/dist/compiled/@opentelemetry/api/index.js:1:518)
    at NoopTracer.startActiveSpan (/Users/ahmedsalem/Desktop/all my projects/uneom.com/node_modules/next/dist/compiled/@opentelemetry/api/index.js:1:18093)
    at ProxyTracer.startActiveSpan (/Users/ahmedsalem/Desktop/all my projects/uneom.com/node_modules/next/dist/compiled/@opentelemetry/api/index.js:1:18854)
    at /Users/ahmedsalem/Desktop/all my projects/uneom.com/node_modules/next/dist/server/lib/trace/tracer.js:122:103
    at NoopContextManager.with (/Users/ahmedsalem/Desktop/all my projects/uneom.com/node_modules/next/dist/compiled/@opentelemetry/api/index.js:1:7062)
    at ContextAPI.with (/Users/ahmedsalem/Desktop/all my projects/uneom.com/node_modules/next/dist/compiled/@opentelemetry/api/index.js:1:518) {
  digest: '2592674761'
}
TypeError: Cannot read properties of undefined (reading 'toLowerCase')
    at b (/Users/ahmedsalem/Desktop/all my projects/uneom.com/.next/server/app/locations/[city]/[industry]/page.js:1:4337)
    at eh (/Users/ahmedsalem/Desktop/all my projects/uneom.com/node_modules/next/dist/compiled/next-server/app-page.runtime.prod.js:12:134660)
    at e (/Users/ahmedsalem/Desktop/all my projects/uneom.com/node_modules/next/dist/compiled/next-server/app-page.runtime.prod.js:12:137545)
    at ek (/Users/ahmedsalem/Desktop/all my projects/uneom.com/node_modules/next/dist/compiled/next-server/app-page.runtime.prod.js:12:138019)
    at Array.toJSON (/Users/ahmedsalem/Desktop/all my projects/uneom.com/node_modules/next/dist/compiled/next-server/app-page.runtime.prod.js:12:135629)
    at stringify (<anonymous>)
    at eP (/Users/ahmedsalem/Desktop/all my projects/uneom.com/node_modules/next/dist/compiled/next-server/app-page.runtime.prod.js:12:142093)
    at eE (/Users/ahmedsalem/Desktop/all my projects/uneom.com/node_modules/next/dist/compiled/next-server/app-page.runtime.prod.js:12:142572)
    at AsyncLocalStorage.run (node:internal/async_local_storage/async_context_frame:63:14)
    at Timeout._onTimeout (/Users/ahmedsalem/Desktop/all my projects/uneom.com/node_modules/next/dist/compiled/next-server/app-page.runtime.prod.js:12:150373) {
  digest: '785353560'
}
TypeError: Cannot read properties of undefined (reading 'toLowerCase')
    at Module.y (/Users/ahmedsalem/Desktop/all my projects/uneom.com/.next/server/app/locations/[city]/[industry]/page.js:1:2657)
    at /Users/ahmedsalem/Desktop/all my projects/uneom.com/node_modules/next/dist/compiled/next-server/app-page.runtime.prod.js:12:227525
    at /Users/ahmedsalem/Desktop/all my projects/uneom.com/node_modules/next/dist/server/lib/trace/tracer.js:140:36
    at NoopContextManager.with (/Users/ahmedsalem/Desktop/all my projects/uneom.com/node_modules/next/dist/compiled/@opentelemetry/api/index.js:1:7062)
    at ContextAPI.with (/Users/ahmedsalem/Desktop/all my projects/uneom.com/node_modules/next/dist/compiled/@opentelemetry/api/index.js:1:518)
    at NoopTracer.startActiveSpan (/Users/ahmedsalem/Desktop/all my projects/uneom.com/node_modules/next/dist/compiled/@opentelemetry/api/index.js:1:18093)
    at ProxyTracer.startActiveSpan (/Users/ahmedsalem/Desktop/all my projects/uneom.com/node_modules/next/dist/compiled/@opentelemetry/api/index.js:1:18854)
    at /Users/ahmedsalem/Desktop/all my projects/uneom.com/node_modules/next/dist/server/lib/trace/tracer.js:122:103
    at NoopContextManager.with (/Users/ahmedsalem/Desktop/all my projects/uneom.com/node_modules/next/dist/compiled/@opentelemetry/api/index.js:1:7062)
    at ContextAPI.with (/Users/ahmedsalem/Desktop/all my projects/uneom.com/node_modules/next/dist/compiled/@opentelemetry/api/index.js:1:518) {
  digest: '2592674761'
}
TypeError: Cannot read properties of undefined (reading 'toLowerCase')
    at Module.y (/Users/ahmedsalem/Desktop/all my projects/uneom.com/.next/server/app/locations/[city]/[industry]/page.js:1:2657)
    at /Users/ahmedsalem/Desktop/all my projects/uneom.com/node_modules/next/dist/compiled/next-server/app-page.runtime.prod.js:12:227525
    at /Users/ahmedsalem/Desktop/all my projects/uneom.com/node_modules/next/dist/server/lib/trace/tracer.js:140:36
    at NoopContextManager.with (/Users/ahmedsalem/Desktop/all my projects/uneom.com/node_modules/next/dist/compiled/@opentelemetry/api/index.js:1:7062)
    at ContextAPI.with (/Users/ahmedsalem/Desktop/all my projects/uneom.com/node_modules/next/dist/compiled/@opentelemetry/api/index.js:1:518)
    at NoopTracer.startActiveSpan (/Users/ahmedsalem/Desktop/all my projects/uneom.com/node_modules/next/dist/compiled/@opentelemetry/api/index.js:1:18093)
    at ProxyTracer.startActiveSpan (/Users/ahmedsalem/Desktop/all my projects/uneom.com/node_modules/next/dist/compiled/@opentelemetry/api/index.js:1:18854)
    at /Users/ahmedsalem/Desktop/all my projects/uneom.com/node_modules/next/dist/server/lib/trace/tracer.js:122:103
    at NoopContextManager.with (/Users/ahmedsalem/Desktop/all my projects/uneom.com/node_modules/next/dist/compiled/@opentelemetry/api/index.js:1:7062)
    at ContextAPI.with (/Users/ahmedsalem/Desktop/all my projects/uneom.com/node_modules/next/dist/compiled/@opentelemetry/api/index.js:1:518) {
  digest: '2592674761'
}
TypeError: Cannot read properties of undefined (reading 'toLowerCase')
    at Module.y (/Users/ahmedsalem/Desktop/all my projects/uneom.com/.next/server/app/locations/[city]/[industry]/page.js:1:2657)
    at /Users/ahmedsalem/Desktop/all my projects/uneom.com/node_modules/next/dist/compiled/next-server/app-page.runtime.prod.js:12:227525
    at /Users/ahmedsalem/Desktop/all my projects/uneom.com/node_modules/next/dist/server/lib/trace/tracer.js:140:36
    at NoopContextManager.with (/Users/ahmedsalem/Desktop/all my projects/uneom.com/node_modules/next/dist/compiled/@opentelemetry/api/index.js:1:7062)
    at ContextAPI.with (/Users/ahmedsalem/Desktop/all my projects/uneom.com/node_modules/next/dist/compiled/@opentelemetry/api/index.js:1:518)
    at NoopTracer.startActiveSpan (/Users/ahmedsalem/Desktop/all my projects/uneom.com/node_modules/next/dist/compiled/@opentelemetry/api/index.js:1:18093)
    at ProxyTracer.startActiveSpan (/Users/ahmedsalem/Desktop/all my projects/uneom.com/node_modules/next/dist/compiled/@opentelemetry/api/index.js:1:18854)
    at /Users/ahmedsalem/Desktop/all my projects/uneom.com/node_modules/next/dist/server/lib/trace/tracer.js:122:103
    at NoopContextManager.with (/Users/ahmedsalem/Desktop/all my projects/uneom.com/node_modules/next/dist/compiled/@opentelemetry/api/index.js:1:7062)
    at ContextAPI.with (/Users/ahmedsalem/Desktop/all my projects/uneom.com/node_modules/next/dist/compiled/@opentelemetry/api/index.js:1:518) {
  digest: '2592674761'
}
TypeError: Cannot read properties of undefined (reading 'toLowerCase')
    at b (/Users/ahmedsalem/Desktop/all my projects/uneom.com/.next/server/app/locations/[city]/[industry]/page.js:1:4337)
    at eh (/Users/ahmedsalem/Desktop/all my projects/uneom.com/node_modules/next/dist/compiled/next-server/app-page.runtime.prod.js:12:134660)
    at e (/Users/ahmedsalem/Desktop/all my projects/uneom.com/node_modules/next/dist/compiled/next-server/app-page.runtime.prod.js:12:137545)
    at ek (/Users/ahmedsalem/Desktop/all my projects/uneom.com/node_modules/next/dist/compiled/next-server/app-page.runtime.prod.js:12:138019)
    at Array.toJSON (/Users/ahmedsalem/Desktop/all my projects/uneom.com/node_modules/next/dist/compiled/next-server/app-page.runtime.prod.js:12:135629)
    at stringify (<anonymous>)
    at eP (/Users/ahmedsalem/Desktop/all my projects/uneom.com/node_modules/next/dist/compiled/next-server/app-page.runtime.prod.js:12:142093)
    at eE (/Users/ahmedsalem/Desktop/all my projects/uneom.com/node_modules/next/dist/compiled/next-server/app-page.runtime.prod.js:12:142572)
    at Timeout._onTimeout (/Users/ahmedsalem/Desktop/all my projects/uneom.com/node_modules/next/dist/compiled/next-server/app-page.runtime.prod.js:12:135349)
    at listOnTimeout (node:internal/timers:605:17) {
  digest: '2151575143'
}

Error occurred prerendering page "/locations/khobar/retail-shops". Read more: https://nextjs.org/docs/messages/prerender-error

TypeError: Cannot read properties of undefined (reading 'toLowerCase')
    at b (/Users/ahmedsalem/Desktop/all my projects/uneom.com/.next/server/app/locations/[city]/[industry]/page.js:1:4337)
    at eh (/Users/ahmedsalem/Desktop/all my projects/uneom.com/node_modules/next/dist/compiled/next-server/app-page.runtime.prod.js:12:134660)
    at e (/Users/ahmedsalem/Desktop/all my projects/uneom.com/node_modules/next/dist/compiled/next-server/app-page.runtime.prod.js:12:137545)
    at ek (/Users/ahmedsalem/Desktop/all my projects/uneom.com/node_modules/next/dist/compiled/next-server/app-page.runtime.prod.js:12:138019)
    at Array.toJSON (/Users/ahmedsalem/Desktop/all my projects/uneom.com/node_modules/next/dist/compiled/next-server/app-page.runtime.prod.js:12:135629)
    at stringify (<anonymous>)
    at eP (/Users/ahmedsalem/Desktop/all my projects/uneom.com/node_modules/next/dist/compiled/next-server/app-page.runtime.prod.js:12:142093)
    at eE (/Users/ahmedsalem/Desktop/all my projects/uneom.com/node_modules/next/dist/compiled/next-server/app-page.runtime.prod.js:12:142572)
    at AsyncLocalStorage.run (node:internal/async_local_storage/async_context_frame:63:14)
    at Timeout._onTimeout (/Users/ahmedsalem/Desktop/all my projects/uneom.com/node_modules/next/dist/compiled/next-server/app-page.runtime.prod.js:12:150373)
TypeError: Cannot read properties of undefined (reading 'toLowerCase')
    at b (/Users/ahmedsalem/Desktop/all my projects/uneom.com/.next/server/app/locations/[city]/[industry]/page.js:1:4337)
    at eh (/Users/ahmedsalem/Desktop/all my projects/uneom.com/node_modules/next/dist/compiled/next-server/app-page.runtime.prod.js:12:134660)
    at e (/Users/ahmedsalem/Desktop/all my projects/uneom.com/node_modules/next/dist/compiled/next-server/app-page.runtime.prod.js:12:137545)
    at ek (/Users/ahmedsalem/Desktop/all my projects/uneom.com/node_modules/next/dist/compiled/next-server/app-page.runtime.prod.js:12:138019)
    at Array.toJSON (/Users/ahmedsalem/Desktop/all my projects/uneom.com/node_modules/next/dist/compiled/next-server/app-page.runtime.prod.js:12:135629)
    at stringify (<anonymous>)
    at eP (/Users/ahmedsalem/Desktop/all my projects/uneom.com/node_modules/next/dist/compiled/next-server/app-page.runtime.prod.js:12:142093)
    at eE (/Users/ahmedsalem/Desktop/all my projects/uneom.com/node_modules/next/dist/compiled/next-server/app-page.runtime.prod.js:12:142572)
    at AsyncLocalStorage.run (node:internal/async_local_storage/async_context_frame:63:14)
    at Timeout._onTimeout (/Users/ahmedsalem/Desktop/all my projects/uneom.com/node_modules/next/dist/compiled/next-server/app-page.runtime.prod.js:12:150373) {
  digest: '785353560'
}
TypeError: Cannot read properties of undefined (reading 'toLowerCase')
    at Module.y (/Users/ahmedsalem/Desktop/all my projects/uneom.com/.next/server/app/locations/[city]/[industry]/page.js:1:2657)
    at /Users/ahmedsalem/Desktop/all my projects/uneom.com/node_modules/next/dist/compiled/next-server/app-page.runtime.prod.js:12:227525
    at /Users/ahmedsalem/Desktop/all my projects/uneom.com/node_modules/next/dist/server/lib/trace/tracer.js:140:36
    at NoopContextManager.with (/Users/ahmedsalem/Desktop/all my projects/uneom.com/node_modules/next/dist/compiled/@opentelemetry/api/index.js:1:7062)
    at ContextAPI.with (/Users/ahmedsalem/Desktop/all my projects/uneom.com/node_modules/next/dist/compiled/@opentelemetry/api/index.js:1:518)
    at NoopTracer.startActiveSpan (/Users/ahmedsalem/Desktop/all my projects/uneom.com/node_modules/next/dist/compiled/@opentelemetry/api/index.js:1:18093)
    at ProxyTracer.startActiveSpan (/Users/ahmedsalem/Desktop/all my projects/uneom.com/node_modules/next/dist/compiled/@opentelemetry/api/index.js:1:18854)
    at /Users/ahmedsalem/Desktop/all my projects/uneom.com/node_modules/next/dist/server/lib/trace/tracer.js:122:103
    at NoopContextManager.with (/Users/ahmedsalem/Desktop/all my projects/uneom.com/node_modules/next/dist/compiled/@opentelemetry/api/index.js:1:7062)
    at ContextAPI.with (/Users/ahmedsalem/Desktop/all my projects/uneom.com/node_modules/next/dist/compiled/@opentelemetry/api/index.js:1:518) {
  digest: '2592674761'
}
TypeError: Cannot read properties of undefined (reading 'toLowerCase')
    at b (/Users/ahmedsalem/Desktop/all my projects/uneom.com/.next/server/app/locations/[city]/[industry]/page.js:1:4337)
    at eh (/Users/ahmedsalem/Desktop/all my projects/uneom.com/node_modules/next/dist/compiled/next-server/app-page.runtime.prod.js:12:134660)
    at e (/Users/ahmedsalem/Desktop/all my projects/uneom.com/node_modules/next/dist/compiled/next-server/app-page.runtime.prod.js:12:137545)
    at ek (/Users/ahmedsalem/Desktop/all my projects/uneom.com/node_modules/next/dist/compiled/next-server/app-page.runtime.prod.js:12:138019)
    at Array.toJSON (/Users/ahmedsalem/Desktop/all my projects/uneom.com/node_modules/next/dist/compiled/next-server/app-page.runtime.prod.js:12:135629)
    at stringify (<anonymous>)
    at eP (/Users/ahmedsalem/Desktop/all my projects/uneom.com/node_modules/next/dist/compiled/next-server/app-page.runtime.prod.js:12:142093)
    at eE (/Users/ahmedsalem/Desktop/all my projects/uneom.com/node_modules/next/dist/compiled/next-server/app-page.runtime.prod.js:12:142572)
    at AsyncLocalStorage.run (node:internal/async_local_storage/async_context_frame:63:14)
    at Timeout._onTimeout (/Users/ahmedsalem/Desktop/all my projects/uneom.com/node_modules/next/dist/compiled/next-server/app-page.runtime.prod.js:12:150373) {
  digest: '785353560'
}
TypeError: Cannot read properties of undefined (reading 'toLowerCase')
    at b (/Users/ahmedsalem/Desktop/all my projects/uneom.com/.next/server/app/locations/[city]/[industry]/page.js:1:4337)
    at eh (/Users/ahmedsalem/Desktop/all my projects/uneom.com/node_modules/next/dist/compiled/next-server/app-page.runtime.prod.js:12:134660)
    at e (/Users/ahmedsalem/Desktop/all my projects/uneom.com/node_modules/next/dist/compiled/next-server/app-page.runtime.prod.js:12:137545)
    at ek (/Users/ahmedsalem/Desktop/all my projects/uneom.com/node_modules/next/dist/compiled/next-server/app-page.runtime.prod.js:12:138019)
    at Array.toJSON (/Users/ahmedsalem/Desktop/all my projects/uneom.com/node_modules/next/dist/compiled/next-server/app-page.runtime.prod.js:12:135629)
    at stringify (<anonymous>)
    at eP (/Users/ahmedsalem/Desktop/all my projects/uneom.com/node_modules/next/dist/compiled/next-server/app-page.runtime.prod.js:12:142093)
    at eE (/Users/ahmedsalem/Desktop/all my projects/uneom.com/node_modules/next/dist/compiled/next-server/app-page.runtime.prod.js:12:142572)
    at Timeout._onTimeout (/Users/ahmedsalem/Desktop/all my projects/uneom.com/node_modules/next/dist/compiled/next-server/app-page.runtime.prod.js:12:135349)
    at listOnTimeout (node:internal/timers:605:17) {
  digest: '2151575143'
}
TypeError: Cannot read properties of undefined (reading 'toLowerCase')
    at b (/Users/ahmedsalem/Desktop/all my projects/uneom.com/.next/server/app/locations/[city]/[industry]/page.js:1:4337)
    at eh (/Users/ahmedsalem/Desktop/all my projects/uneom.com/node_modules/next/dist/compiled/next-server/app-page.runtime.prod.js:12:134660)
    at e (/Users/ahmedsalem/Desktop/all my projects/uneom.com/node_modules/next/dist/compiled/next-server/app-page.runtime.prod.js:12:137545)
    at ek (/Users/ahmedsalem/Desktop/all my projects/uneom.com/node_modules/next/dist/compiled/next-server/app-page.runtime.prod.js:12:138019)
    at Array.toJSON (/Users/ahmedsalem/Desktop/all my projects/uneom.com/node_modules/next/dist/compiled/next-server/app-page.runtime.prod.js:12:135629)
    at stringify (<anonymous>)
    at eP (/Users/ahmedsalem/Desktop/all my projects/uneom.com/node_modules/next/dist/compiled/next-server/app-page.runtime.prod.js:12:142093)
    at eE (/Users/ahmedsalem/Desktop/all my projects/uneom.com/node_modules/next/dist/compiled/next-server/app-page.runtime.prod.js:12:142572)
    at AsyncLocalStorage.run (node:internal/async_local_storage/async_context_frame:63:14)
    at Timeout._onTimeout (/Users/ahmedsalem/Desktop/all my projects/uneom.com/node_modules/next/dist/compiled/next-server/app-page.runtime.prod.js:12:150373) {
  digest: '785353560'
}
TypeError: Cannot read properties of undefined (reading 'toLowerCase')
    at b (/Users/ahmedsalem/Desktop/all my projects/uneom.com/.next/server/app/locations/[city]/[industry]/page.js:1:4337)
    at eh (/Users/ahmedsalem/Desktop/all my projects/uneom.com/node_modules/next/dist/compiled/next-server/app-page.runtime.prod.js:12:134660)
    at e (/Users/ahmedsalem/Desktop/all my projects/uneom.com/node_modules/next/dist/compiled/next-server/app-page.runtime.prod.js:12:137545)
    at ek (/Users/ahmedsalem/Desktop/all my projects/uneom.com/node_modules/next/dist/compiled/next-server/app-page.runtime.prod.js:12:138019)
    at Array.toJSON (/Users/ahmedsalem/Desktop/all my projects/uneom.com/node_modules/next/dist/compiled/next-server/app-page.runtime.prod.js:12:135629)
    at stringify (<anonymous>)
    at eP (/Users/ahmedsalem/Desktop/all my projects/uneom.com/node_modules/next/dist/compiled/next-server/app-page.runtime.prod.js:12:142093)
    at eE (/Users/ahmedsalem/Desktop/all my projects/uneom.com/node_modules/next/dist/compiled/next-server/app-page.runtime.prod.js:12:142572)
    at AsyncLocalStorage.run (node:internal/async_local_storage/async_context_frame:63:14)
    at Timeout._onTimeout (/Users/ahmedsalem/Desktop/all my projects/uneom.com/node_modules/next/dist/compiled/next-server/app-page.runtime.prod.js:12:150373) {
  digest: '785353560'
}
TypeError: Cannot read properties of undefined (reading 'toLowerCase')
    at b (/Users/ahmedsalem/Desktop/all my projects/uneom.com/.next/server/app/locations/[city]/[industry]/page.js:1:4337)
    at eh (/Users/ahmedsalem/Desktop/all my projects/uneom.com/node_modules/next/dist/compiled/next-server/app-page.runtime.prod.js:12:134660)
    at e (/Users/ahmedsalem/Desktop/all my projects/uneom.com/node_modules/next/dist/compiled/next-server/app-page.runtime.prod.js:12:137545)
    at ek (/Users/ahmedsalem/Desktop/all my projects/uneom.com/node_modules/next/dist/compiled/next-server/app-page.runtime.prod.js:12:138019)
    at Array.toJSON (/Users/ahmedsalem/Desktop/all my projects/uneom.com/node_modules/next/dist/compiled/next-server/app-page.runtime.prod.js:12:135629)
    at stringify (<anonymous>)
    at eP (/Users/ahmedsalem/Desktop/all my projects/uneom.com/node_modules/next/dist/compiled/next-server/app-page.runtime.prod.js:12:142093)
    at eE (/Users/ahmedsalem/Desktop/all my projects/uneom.com/node_modules/next/dist/compiled/next-server/app-page.runtime.prod.js:12:142572)
    at Timeout._onTimeout (/Users/ahmedsalem/Desktop/all my projects/uneom.com/node_modules/next/dist/compiled/next-server/app-page.runtime.prod.js:12:135349)
    at listOnTimeout (node:internal/timers:605:17) {
  digest: '2151575143'
}

Error occurred prerendering page "/locations/tabuk/healthcare". Read more: https://nextjs.org/docs/messages/prerender-error

TypeError: Cannot read properties of undefined (reading 'toLowerCase')
    at b (/Users/ahmedsalem/Desktop/all my projects/uneom.com/.next/server/app/locations/[city]/[industry]/page.js:1:4337)
    at eh (/Users/ahmedsalem/Desktop/all my projects/uneom.com/node_modules/next/dist/compiled/next-server/app-page.runtime.prod.js:12:134660)
    at e (/Users/ahmedsalem/Desktop/all my projects/uneom.com/node_modules/next/dist/compiled/next-server/app-page.runtime.prod.js:12:137545)
    at ek (/Users/ahmedsalem/Desktop/all my projects/uneom.com/node_modules/next/dist/compiled/next-server/app-page.runtime.prod.js:12:138019)
    at Array.toJSON (/Users/ahmedsalem/Desktop/all my projects/uneom.com/node_modules/next/dist/compiled/next-server/app-page.runtime.prod.js:12:135629)
    at stringify (<anonymous>)
    at eP (/Users/ahmedsalem/Desktop/all my projects/uneom.com/node_modules/next/dist/compiled/next-server/app-page.runtime.prod.js:12:142093)
    at eE (/Users/ahmedsalem/Desktop/all my projects/uneom.com/node_modules/next/dist/compiled/next-server/app-page.runtime.prod.js:12:142572)
    at AsyncLocalStorage.run (node:internal/async_local_storage/async_context_frame:63:14)
    at Timeout._onTimeout (/Users/ahmedsalem/Desktop/all my projects/uneom.com/node_modules/next/dist/compiled/next-server/app-page.runtime.prod.js:12:150373)
TypeError: Cannot read properties of undefined (reading 'toLowerCase')
    at b (/Users/ahmedsalem/Desktop/all my projects/uneom.com/.next/server/app/locations/[city]/[industry]/page.js:1:4337)
    at eh (/Users/ahmedsalem/Desktop/all my projects/uneom.com/node_modules/next/dist/compiled/next-server/app-page.runtime.prod.js:12:134660)
    at e (/Users/ahmedsalem/Desktop/all my projects/uneom.com/node_modules/next/dist/compiled/next-server/app-page.runtime.prod.js:12:137545)
    at ek (/Users/ahmedsalem/Desktop/all my projects/uneom.com/node_modules/next/dist/compiled/next-server/app-page.runtime.prod.js:12:138019)
    at Array.toJSON (/Users/ahmedsalem/Desktop/all my projects/uneom.com/node_modules/next/dist/compiled/next-server/app-page.runtime.prod.js:12:135629)
    at stringify (<anonymous>)
    at eP (/Users/ahmedsalem/Desktop/all my projects/uneom.com/node_modules/next/dist/compiled/next-server/app-page.runtime.prod.js:12:142093)
    at eE (/Users/ahmedsalem/Desktop/all my projects/uneom.com/node_modules/next/dist/compiled/next-server/app-page.runtime.prod.js:12:142572)
    at Timeout._onTimeout (/Users/ahmedsalem/Desktop/all my projects/uneom.com/node_modules/next/dist/compiled/next-server/app-page.runtime.prod.js:12:135349)
    at listOnTimeout (node:internal/timers:605:17) {
  digest: '2151575143'
}
TypeError: Cannot read properties of undefined (reading 'toLowerCase')
    at Module.y (/Users/ahmedsalem/Desktop/all my projects/uneom.com/.next/server/app/locations/[city]/[industry]/page.js:1:2657)
    at /Users/ahmedsalem/Desktop/all my projects/uneom.com/node_modules/next/dist/compiled/next-server/app-page.runtime.prod.js:12:227525
    at /Users/ahmedsalem/Desktop/all my projects/uneom.com/node_modules/next/dist/server/lib/trace/tracer.js:140:36
    at NoopContextManager.with (/Users/ahmedsalem/Desktop/all my projects/uneom.com/node_modules/next/dist/compiled/@opentelemetry/api/index.js:1:7062)
    at ContextAPI.with (/Users/ahmedsalem/Desktop/all my projects/uneom.com/node_modules/next/dist/compiled/@opentelemetry/api/index.js:1:518)
    at NoopTracer.startActiveSpan (/Users/ahmedsalem/Desktop/all my projects/uneom.com/node_modules/next/dist/compiled/@opentelemetry/api/index.js:1:18093)
    at ProxyTracer.startActiveSpan (/Users/ahmedsalem/Desktop/all my projects/uneom.com/node_modules/next/dist/compiled/@opentelemetry/api/index.js:1:18854)
    at /Users/ahmedsalem/Desktop/all my projects/uneom.com/node_modules/next/dist/server/lib/trace/tracer.js:122:103
    at NoopContextManager.with (/Users/ahmedsalem/Desktop/all my projects/uneom.com/node_modules/next/dist/compiled/@opentelemetry/api/index.js:1:7062)
    at ContextAPI.with (/Users/ahmedsalem/Desktop/all my projects/uneom.com/node_modules/next/dist/compiled/@opentelemetry/api/index.js:1:518) {
  digest: '2592674761'
}
TypeError: Cannot read properties of undefined (reading 'toLowerCase')
    at Module.y (/Users/ahmedsalem/Desktop/all my projects/uneom.com/.next/server/app/locations/[city]/[industry]/page.js:1:2657)
    at /Users/ahmedsalem/Desktop/all my projects/uneom.com/node_modules/next/dist/compiled/next-server/app-page.runtime.prod.js:12:227525
    at /Users/ahmedsalem/Desktop/all my projects/uneom.com/node_modules/next/dist/server/lib/trace/tracer.js:140:36
    at NoopContextManager.with (/Users/ahmedsalem/Desktop/all my projects/uneom.com/node_modules/next/dist/compiled/@opentelemetry/api/index.js:1:7062)
    at ContextAPI.with (/Users/ahmedsalem/Desktop/all my projects/uneom.com/node_modules/next/dist/compiled/@opentelemetry/api/index.js:1:518)
    at NoopTracer.startActiveSpan (/Users/ahmedsalem/Desktop/all my projects/uneom.com/node_modules/next/dist/compiled/@opentelemetry/api/index.js:1:18093)
    at ProxyTracer.startActiveSpan (/Users/ahmedsalem/Desktop/all my projects/uneom.com/node_modules/next/dist/compiled/@opentelemetry/api/index.js:1:18854)
    at /Users/ahmedsalem/Desktop/all my projects/uneom.com/node_modules/next/dist/server/lib/trace/tracer.js:122:103
    at NoopContextManager.with (/Users/ahmedsalem/Desktop/all my projects/uneom.com/node_modules/next/dist/compiled/@opentelemetry/api/index.js:1:7062)
    at ContextAPI.with (/Users/ahmedsalem/Desktop/all my projects/uneom.com/node_modules/next/dist/compiled/@opentelemetry/api/index.js:1:518) {
  digest: '2592674761'
}

Error occurred prerendering page "/locations/khobar/supply-manufacturing". Read more: https://nextjs.org/docs/messages/prerender-error

TypeError: Cannot read properties of undefined (reading 'toLowerCase')
    at b (/Users/ahmedsalem/Desktop/all my projects/uneom.com/.next/server/app/locations/[city]/[industry]/page.js:1:4337)
    at eh (/Users/ahmedsalem/Desktop/all my projects/uneom.com/node_modules/next/dist/compiled/next-server/app-page.runtime.prod.js:12:134660)
    at e (/Users/ahmedsalem/Desktop/all my projects/uneom.com/node_modules/next/dist/compiled/next-server/app-page.runtime.prod.js:12:137545)
    at ek (/Users/ahmedsalem/Desktop/all my projects/uneom.com/node_modules/next/dist/compiled/next-server/app-page.runtime.prod.js:12:138019)
    at Array.toJSON (/Users/ahmedsalem/Desktop/all my projects/uneom.com/node_modules/next/dist/compiled/next-server/app-page.runtime.prod.js:12:135629)
    at stringify (<anonymous>)
    at eP (/Users/ahmedsalem/Desktop/all my projects/uneom.com/node_modules/next/dist/compiled/next-server/app-page.runtime.prod.js:12:142093)
    at eE (/Users/ahmedsalem/Desktop/all my projects/uneom.com/node_modules/next/dist/compiled/next-server/app-page.runtime.prod.js:12:142572)
    at AsyncLocalStorage.run (node:internal/async_local_storage/async_context_frame:63:14)
    at Timeout._onTimeout (/Users/ahmedsalem/Desktop/all my projects/uneom.com/node_modules/next/dist/compiled/next-server/app-page.runtime.prod.js:12:150373)
TypeError: Cannot read properties of undefined (reading 'toLowerCase')
    at b (/Users/ahmedsalem/Desktop/all my projects/uneom.com/.next/server/app/locations/[city]/[industry]/page.js:1:4337)
    at eh (/Users/ahmedsalem/Desktop/all my projects/uneom.com/node_modules/next/dist/compiled/next-server/app-page.runtime.prod.js:12:134660)
    at e (/Users/ahmedsalem/Desktop/all my projects/uneom.com/node_modules/next/dist/compiled/next-server/app-page.runtime.prod.js:12:137545)
    at ek (/Users/ahmedsalem/Desktop/all my projects/uneom.com/node_modules/next/dist/compiled/next-server/app-page.runtime.prod.js:12:138019)
    at Array.toJSON (/Users/ahmedsalem/Desktop/all my projects/uneom.com/node_modules/next/dist/compiled/next-server/app-page.runtime.prod.js:12:135629)
    at stringify (<anonymous>)
    at eP (/Users/ahmedsalem/Desktop/all my projects/uneom.com/node_modules/next/dist/compiled/next-server/app-page.runtime.prod.js:12:142093)
    at eE (/Users/ahmedsalem/Desktop/all my projects/uneom.com/node_modules/next/dist/compiled/next-server/app-page.runtime.prod.js:12:142572)
    at Timeout._onTimeout (/Users/ahmedsalem/Desktop/all my projects/uneom.com/node_modules/next/dist/compiled/next-server/app-page.runtime.prod.js:12:135349)
    at listOnTimeout (node:internal/timers:605:17) {
  digest: '2151575143'
}
TypeError: Cannot read properties of undefined (reading 'toLowerCase')
    at Module.y (/Users/ahmedsalem/Desktop/all my projects/uneom.com/.next/server/app/locations/[city]/[industry]/page.js:1:2657)
    at /Users/ahmedsalem/Desktop/all my projects/uneom.com/node_modules/next/dist/compiled/next-server/app-page.runtime.prod.js:12:227525
    at /Users/ahmedsalem/Desktop/all my projects/uneom.com/node_modules/next/dist/server/lib/trace/tracer.js:140:36
    at NoopContextManager.with (/Users/ahmedsalem/Desktop/all my projects/uneom.com/node_modules/next/dist/compiled/@opentelemetry/api/index.js:1:7062)
    at ContextAPI.with (/Users/ahmedsalem/Desktop/all my projects/uneom.com/node_modules/next/dist/compiled/@opentelemetry/api/index.js:1:518)
    at NoopTracer.startActiveSpan (/Users/ahmedsalem/Desktop/all my projects/uneom.com/node_modules/next/dist/compiled/@opentelemetry/api/index.js:1:18093)
    at ProxyTracer.startActiveSpan (/Users/ahmedsalem/Desktop/all my projects/uneom.com/node_modules/next/dist/compiled/@opentelemetry/api/index.js:1:18854)
    at /Users/ahmedsalem/Desktop/all my projects/uneom.com/node_modules/next/dist/server/lib/trace/tracer.js:122:103
    at NoopContextManager.with (/Users/ahmedsalem/Desktop/all my projects/uneom.com/node_modules/next/dist/compiled/@opentelemetry/api/index.js:1:7062)
    at ContextAPI.with (/Users/ahmedsalem/Desktop/all my projects/uneom.com/node_modules/next/dist/compiled/@opentelemetry/api/index.js:1:518) {
  digest: '2592674761'
}
TypeError: Cannot read properties of undefined (reading 'toLowerCase')
    at Module.y (/Users/ahmedsalem/Desktop/all my projects/uneom.com/.next/server/app/locations/[city]/[industry]/page.js:1:2657)
    at /Users/ahmedsalem/Desktop/all my projects/uneom.com/node_modules/next/dist/compiled/next-server/app-page.runtime.prod.js:12:227525
    at /Users/ahmedsalem/Desktop/all my projects/uneom.com/node_modules/next/dist/server/lib/trace/tracer.js:140:36
    at NoopContextManager.with (/Users/ahmedsalem/Desktop/all my projects/uneom.com/node_modules/next/dist/compiled/@opentelemetry/api/index.js:1:7062)
    at ContextAPI.with (/Users/ahmedsalem/Desktop/all my projects/uneom.com/node_modules/next/dist/compiled/@opentelemetry/api/index.js:1:518)
    at NoopTracer.startActiveSpan (/Users/ahmedsalem/Desktop/all my projects/uneom.com/node_modules/next/dist/compiled/@opentelemetry/api/index.js:1:18093)
    at ProxyTracer.startActiveSpan (/Users/ahmedsalem/Desktop/all my projects/uneom.com/node_modules/next/dist/compiled/@opentelemetry/api/index.js:1:18854)
    at /Users/ahmedsalem/Desktop/all my projects/uneom.com/node_modules/next/dist/server/lib/trace/tracer.js:122:103
    at NoopContextManager.with (/Users/ahmedsalem/Desktop/all my projects/uneom.com/node_modules/next/dist/compiled/@opentelemetry/api/index.js:1:7062)
    at ContextAPI.with (/Users/ahmedsalem/Desktop/all my projects/uneom.com/node_modules/next/dist/compiled/@opentelemetry/api/index.js:1:518) {
  digest: '2592674761'
}
TypeError: Cannot read properties of undefined (reading 'toLowerCase')
    at Module.y (/Users/ahmedsalem/Desktop/all my projects/uneom.com/.next/server/app/locations/[city]/[industry]/page.js:1:2657)
    at /Users/ahmedsalem/Desktop/all my projects/uneom.com/node_modules/next/dist/compiled/next-server/app-page.runtime.prod.js:12:227525
    at /Users/ahmedsalem/Desktop/all my projects/uneom.com/node_modules/next/dist/server/lib/trace/tracer.js:140:36
    at NoopContextManager.with (/Users/ahmedsalem/Desktop/all my projects/uneom.com/node_modules/next/dist/compiled/@opentelemetry/api/index.js:1:7062)
    at ContextAPI.with (/Users/ahmedsalem/Desktop/all my projects/uneom.com/node_modules/next/dist/compiled/@opentelemetry/api/index.js:1:518)
    at NoopTracer.startActiveSpan (/Users/ahmedsalem/Desktop/all my projects/uneom.com/node_modules/next/dist/compiled/@opentelemetry/api/index.js:1:18093)
    at ProxyTracer.startActiveSpan (/Users/ahmedsalem/Desktop/all my projects/uneom.com/node_modules/next/dist/compiled/@opentelemetry/api/index.js:1:18854)
    at /Users/ahmedsalem/Desktop/all my projects/uneom.com/node_modules/next/dist/server/lib/trace/tracer.js:122:103
    at NoopContextManager.with (/Users/ahmedsalem/Desktop/all my projects/uneom.com/node_modules/next/dist/compiled/@opentelemetry/api/index.js:1:7062)
    at ContextAPI.with (/Users/ahmedsalem/Desktop/all my projects/uneom.com/node_modules/next/dist/compiled/@opentelemetry/api/index.js:1:518) {
  digest: '2592674761'
}
TypeError: Cannot read properties of undefined (reading 'toLowerCase')
    at Module.y (/Users/ahmedsalem/Desktop/all my projects/uneom.com/.next/server/app/locations/[city]/[industry]/page.js:1:2657)
    at /Users/ahmedsalem/Desktop/all my projects/uneom.com/node_modules/next/dist/compiled/next-server/app-page.runtime.prod.js:12:227525
    at /Users/ahmedsalem/Desktop/all my projects/uneom.com/node_modules/next/dist/server/lib/trace/tracer.js:140:36
    at NoopContextManager.with (/Users/ahmedsalem/Desktop/all my projects/uneom.com/node_modules/next/dist/compiled/@opentelemetry/api/index.js:1:7062)
    at ContextAPI.with (/Users/ahmedsalem/Desktop/all my projects/uneom.com/node_modules/next/dist/compiled/@opentelemetry/api/index.js:1:518)
    at NoopTracer.startActiveSpan (/Users/ahmedsalem/Desktop/all my projects/uneom.com/node_modules/next/dist/compiled/@opentelemetry/api/index.js:1:18093)
    at ProxyTracer.startActiveSpan (/Users/ahmedsalem/Desktop/all my projects/uneom.com/node_modules/next/dist/compiled/@opentelemetry/api/index.js:1:18854)
    at /Users/ahmedsalem/Desktop/all my projects/uneom.com/node_modules/next/dist/server/lib/trace/tracer.js:122:103
    at NoopContextManager.with (/Users/ahmedsalem/Desktop/all my projects/uneom.com/node_modules/next/dist/compiled/@opentelemetry/api/index.js:1:7062)
    at ContextAPI.with (/Users/ahmedsalem/Desktop/all my projects/uneom.com/node_modules/next/dist/compiled/@opentelemetry/api/index.js:1:518) {
  digest: '2592674761'
}
TypeError: Cannot read properties of undefined (reading 'toLowerCase')
    at Module.y (/Users/ahmedsalem/Desktop/all my projects/uneom.com/.next/server/app/locations/[city]/[industry]/page.js:1:2657)
    at /Users/ahmedsalem/Desktop/all my projects/uneom.com/node_modules/next/dist/compiled/next-server/app-page.runtime.prod.js:12:227525
    at /Users/ahmedsalem/Desktop/all my projects/uneom.com/node_modules/next/dist/server/lib/trace/tracer.js:140:36
    at NoopContextManager.with (/Users/ahmedsalem/Desktop/all my projects/uneom.com/node_modules/next/dist/compiled/@opentelemetry/api/index.js:1:7062)
    at ContextAPI.with (/Users/ahmedsalem/Desktop/all my projects/uneom.com/node_modules/next/dist/compiled/@opentelemetry/api/index.js:1:518)
    at NoopTracer.startActiveSpan (/Users/ahmedsalem/Desktop/all my projects/uneom.com/node_modules/next/dist/compiled/@opentelemetry/api/index.js:1:18093)
    at ProxyTracer.startActiveSpan (/Users/ahmedsalem/Desktop/all my projects/uneom.com/node_modules/next/dist/compiled/@opentelemetry/api/index.js:1:18854)
    at /Users/ahmedsalem/Desktop/all my projects/uneom.com/node_modules/next/dist/server/lib/trace/tracer.js:122:103
    at NoopContextManager.with (/Users/ahmedsalem/Desktop/all my projects/uneom.com/node_modules/next/dist/compiled/@opentelemetry/api/index.js:1:7062)
    at ContextAPI.with (/Users/ahmedsalem/Desktop/all my projects/uneom.com/node_modules/next/dist/compiled/@opentelemetry/api/index.js:1:518) {
  digest: '2592674761'
}
TypeError: Cannot read properties of undefined (reading 'toLowerCase')
    at b (/Users/ahmedsalem/Desktop/all my projects/uneom.com/.next/server/app/locations/[city]/[industry]/page.js:1:4337)
    at eh (/Users/ahmedsalem/Desktop/all my projects/uneom.com/node_modules/next/dist/compiled/next-server/app-page.runtime.prod.js:12:134660)
    at e (/Users/ahmedsalem/Desktop/all my projects/uneom.com/node_modules/next/dist/compiled/next-server/app-page.runtime.prod.js:12:137545)
    at ek (/Users/ahmedsalem/Desktop/all my projects/uneom.com/node_modules/next/dist/compiled/next-server/app-page.runtime.prod.js:12:138019)
    at Array.toJSON (/Users/ahmedsalem/Desktop/all my projects/uneom.com/node_modules/next/dist/compiled/next-server/app-page.runtime.prod.js:12:135629)
    at stringify (<anonymous>)
    at eP (/Users/ahmedsalem/Desktop/all my projects/uneom.com/node_modules/next/dist/compiled/next-server/app-page.runtime.prod.js:12:142093)
    at eE (/Users/ahmedsalem/Desktop/all my projects/uneom.com/node_modules/next/dist/compiled/next-server/app-page.runtime.prod.js:12:142572)
    at AsyncLocalStorage.run (node:internal/async_local_storage/async_context_frame:63:14)
    at Timeout._onTimeout (/Users/ahmedsalem/Desktop/all my projects/uneom.com/node_modules/next/dist/compiled/next-server/app-page.runtime.prod.js:12:150373) {
  digest: '785353560'
}
TypeError: Cannot read properties of undefined (reading 'toLowerCase')
    at Module.y (/Users/ahmedsalem/Desktop/all my projects/uneom.com/.next/server/app/locations/[city]/[industry]/page.js:1:2657)
    at /Users/ahmedsalem/Desktop/all my projects/uneom.com/node_modules/next/dist/compiled/next-server/app-page.runtime.prod.js:12:227525
    at /Users/ahmedsalem/Desktop/all my projects/uneom.com/node_modules/next/dist/server/lib/trace/tracer.js:140:36
    at NoopContextManager.with (/Users/ahmedsalem/Desktop/all my projects/uneom.com/node_modules/next/dist/compiled/@opentelemetry/api/index.js:1:7062)
    at ContextAPI.with (/Users/ahmedsalem/Desktop/all my projects/uneom.com/node_modules/next/dist/compiled/@opentelemetry/api/index.js:1:518)
    at NoopTracer.startActiveSpan (/Users/ahmedsalem/Desktop/all my projects/uneom.com/node_modules/next/dist/compiled/@opentelemetry/api/index.js:1:18093)
    at ProxyTracer.startActiveSpan (/Users/ahmedsalem/Desktop/all my projects/uneom.com/node_modules/next/dist/compiled/@opentelemetry/api/index.js:1:18854)
    at /Users/ahmedsalem/Desktop/all my projects/uneom.com/node_modules/next/dist/server/lib/trace/tracer.js:122:103
    at NoopContextManager.with (/Users/ahmedsalem/Desktop/all my projects/uneom.com/node_modules/next/dist/compiled/@opentelemetry/api/index.js:1:7062)
    at ContextAPI.with (/Users/ahmedsalem/Desktop/all my projects/uneom.com/node_modules/next/dist/compiled/@opentelemetry/api/index.js:1:518) {
  digest: '2592674761'
}
TypeError: Cannot read properties of undefined (reading 'toLowerCase')
    at Module.y (/Users/ahmedsalem/Desktop/all my projects/uneom.com/.next/server/app/locations/[city]/[industry]/page.js:1:2657)
    at /Users/ahmedsalem/Desktop/all my projects/uneom.com/node_modules/next/dist/compiled/next-server/app-page.runtime.prod.js:12:227525
    at /Users/ahmedsalem/Desktop/all my projects/uneom.com/node_modules/next/dist/server/lib/trace/tracer.js:140:36
    at NoopContextManager.with (/Users/ahmedsalem/Desktop/all my projects/uneom.com/node_modules/next/dist/compiled/@opentelemetry/api/index.js:1:7062)
    at ContextAPI.with (/Users/ahmedsalem/Desktop/all my projects/uneom.com/node_modules/next/dist/compiled/@opentelemetry/api/index.js:1:518)
    at NoopTracer.startActiveSpan (/Users/ahmedsalem/Desktop/all my projects/uneom.com/node_modules/next/dist/compiled/@opentelemetry/api/index.js:1:18093)
    at ProxyTracer.startActiveSpan (/Users/ahmedsalem/Desktop/all my projects/uneom.com/node_modules/next/dist/compiled/@opentelemetry/api/index.js:1:18854)
    at /Users/ahmedsalem/Desktop/all my projects/uneom.com/node_modules/next/dist/server/lib/trace/tracer.js:122:103
    at NoopContextManager.with (/Users/ahmedsalem/Desktop/all my projects/uneom.com/node_modules/next/dist/compiled/@opentelemetry/api/index.js:1:7062)
    at ContextAPI.with (/Users/ahmedsalem/Desktop/all my projects/uneom.com/node_modules/next/dist/compiled/@opentelemetry/api/index.js:1:518) {
  digest: '2592674761'
}
TypeError: Cannot read properties of undefined (reading 'toLowerCase')
    at b (/Users/ahmedsalem/Desktop/all my projects/uneom.com/.next/server/app/locations/[city]/[industry]/page.js:1:4337)
    at eh (/Users/ahmedsalem/Desktop/all my projects/uneom.com/node_modules/next/dist/compiled/next-server/app-page.runtime.prod.js:12:134660)
    at e (/Users/ahmedsalem/Desktop/all my projects/uneom.com/node_modules/next/dist/compiled/next-server/app-page.runtime.prod.js:12:137545)
    at ek (/Users/ahmedsalem/Desktop/all my projects/uneom.com/node_modules/next/dist/compiled/next-server/app-page.runtime.prod.js:12:138019)
    at Array.toJSON (/Users/ahmedsalem/Desktop/all my projects/uneom.com/node_modules/next/dist/compiled/next-server/app-page.runtime.prod.js:12:135629)
    at stringify (<anonymous>)
    at eP (/Users/ahmedsalem/Desktop/all my projects/uneom.com/node_modules/next/dist/compiled/next-server/app-page.runtime.prod.js:12:142093)
    at eE (/Users/ahmedsalem/Desktop/all my projects/uneom.com/node_modules/next/dist/compiled/next-server/app-page.runtime.prod.js:12:142572)
    at Timeout._onTimeout (/Users/ahmedsalem/Desktop/all my projects/uneom.com/node_modules/next/dist/compiled/next-server/app-page.runtime.prod.js:12:135349)
    at listOnTimeout (node:internal/timers:605:17) {
  digest: '2151575143'
}
TypeError: Cannot read properties of undefined (reading 'toLowerCase')
    at b (/Users/ahmedsalem/Desktop/all my projects/uneom.com/.next/server/app/locations/[city]/[industry]/page.js:1:4337)
    at eh (/Users/ahmedsalem/Desktop/all my projects/uneom.com/node_modules/next/dist/compiled/next-server/app-page.runtime.prod.js:12:134660)
    at e (/Users/ahmedsalem/Desktop/all my projects/uneom.com/node_modules/next/dist/compiled/next-server/app-page.runtime.prod.js:12:137545)
    at ek (/Users/ahmedsalem/Desktop/all my projects/uneom.com/node_modules/next/dist/compiled/next-server/app-page.runtime.prod.js:12:138019)
    at Array.toJSON (/Users/ahmedsalem/Desktop/all my projects/uneom.com/node_modules/next/dist/compiled/next-server/app-page.runtime.prod.js:12:135629)
    at stringify (<anonymous>)
    at eP (/Users/ahmedsalem/Desktop/all my projects/uneom.com/node_modules/next/dist/compiled/next-server/app-page.runtime.prod.js:12:142093)
    at eE (/Users/ahmedsalem/Desktop/all my projects/uneom.com/node_modules/next/dist/compiled/next-server/app-page.runtime.prod.js:12:142572)
    at AsyncLocalStorage.run (node:internal/async_local_storage/async_context_frame:63:14)
    at Timeout._onTimeout (/Users/ahmedsalem/Desktop/all my projects/uneom.com/node_modules/next/dist/compiled/next-server/app-page.runtime.prod.js:12:150373) {
  digest: '785353560'
}

Error occurred prerendering page "/locations/tabuk/hospitality". Read more: https://nextjs.org/docs/messages/prerender-error

TypeError: Cannot read properties of undefined (reading 'toLowerCase')
    at b (/Users/ahmedsalem/Desktop/all my projects/uneom.com/.next/server/app/locations/[city]/[industry]/page.js:1:4337)
    at eh (/Users/ahmedsalem/Desktop/all my projects/uneom.com/node_modules/next/dist/compiled/next-server/app-page.runtime.prod.js:12:134660)
    at e (/Users/ahmedsalem/Desktop/all my projects/uneom.com/node_modules/next/dist/compiled/next-server/app-page.runtime.prod.js:12:137545)
    at ek (/Users/ahmedsalem/Desktop/all my projects/uneom.com/node_modules/next/dist/compiled/next-server/app-page.runtime.prod.js:12:138019)
    at Array.toJSON (/Users/ahmedsalem/Desktop/all my projects/uneom.com/node_modules/next/dist/compiled/next-server/app-page.runtime.prod.js:12:135629)
    at stringify (<anonymous>)
    at eP (/Users/ahmedsalem/Desktop/all my projects/uneom.com/node_modules/next/dist/compiled/next-server/app-page.runtime.prod.js:12:142093)
    at eE (/Users/ahmedsalem/Desktop/all my projects/uneom.com/node_modules/next/dist/compiled/next-server/app-page.runtime.prod.js:12:142572)
    at AsyncLocalStorage.run (node:internal/async_local_storage/async_context_frame:63:14)
    at Timeout._onTimeout (/Users/ahmedsalem/Desktop/all my projects/uneom.com/node_modules/next/dist/compiled/next-server/app-page.runtime.prod.js:12:150373)

Error occurred prerendering page "/locations/tabuk/aviation". Read more: https://nextjs.org/docs/messages/prerender-error

TypeError: Cannot read properties of undefined (reading 'toLowerCase')
    at b (/Users/ahmedsalem/Desktop/all my projects/uneom.com/.next/server/app/locations/[city]/[industry]/page.js:1:4337)
    at eh (/Users/ahmedsalem/Desktop/all my projects/uneom.com/node_modules/next/dist/compiled/next-server/app-page.runtime.prod.js:12:134660)
    at e (/Users/ahmedsalem/Desktop/all my projects/uneom.com/node_modules/next/dist/compiled/next-server/app-page.runtime.prod.js:12:137545)
    at ek (/Users/ahmedsalem/Desktop/all my projects/uneom.com/node_modules/next/dist/compiled/next-server/app-page.runtime.prod.js:12:138019)
    at Array.toJSON (/Users/ahmedsalem/Desktop/all my projects/uneom.com/node_modules/next/dist/compiled/next-server/app-page.runtime.prod.js:12:135629)
    at stringify (<anonymous>)
    at eP (/Users/ahmedsalem/Desktop/all my projects/uneom.com/node_modules/next/dist/compiled/next-server/app-page.runtime.prod.js:12:142093)
    at eE (/Users/ahmedsalem/Desktop/all my projects/uneom.com/node_modules/next/dist/compiled/next-server/app-page.runtime.prod.js:12:142572)
    at AsyncLocalStorage.run (node:internal/async_local_storage/async_context_frame:63:14)
    at Timeout._onTimeout (/Users/ahmedsalem/Desktop/all my projects/uneom.com/node_modules/next/dist/compiled/next-server/app-page.runtime.prod.js:12:150373)
TypeError: Cannot read properties of undefined (reading 'toLowerCase')
    at b (/Users/ahmedsalem/Desktop/all my projects/uneom.com/.next/server/app/locations/[city]/[industry]/page.js:1:4337)
    at eh (/Users/ahmedsalem/Desktop/all my projects/uneom.com/node_modules/next/dist/compiled/next-server/app-page.runtime.prod.js:12:134660)
    at e (/Users/ahmedsalem/Desktop/all my projects/uneom.com/node_modules/next/dist/compiled/next-server/app-page.runtime.prod.js:12:137545)
    at ek (/Users/ahmedsalem/Desktop/all my projects/uneom.com/node_modules/next/dist/compiled/next-server/app-page.runtime.prod.js:12:138019)
    at Array.toJSON (/Users/ahmedsalem/Desktop/all my projects/uneom.com/node_modules/next/dist/compiled/next-server/app-page.runtime.prod.js:12:135629)
    at stringify (<anonymous>)
    at eP (/Users/ahmedsalem/Desktop/all my projects/uneom.com/node_modules/next/dist/compiled/next-server/app-page.runtime.prod.js:12:142093)
    at eE (/Users/ahmedsalem/Desktop/all my projects/uneom.com/node_modules/next/dist/compiled/next-server/app-page.runtime.prod.js:12:142572)
    at Timeout._onTimeout (/Users/ahmedsalem/Desktop/all my projects/uneom.com/node_modules/next/dist/compiled/next-server/app-page.runtime.prod.js:12:135349)
    at listOnTimeout (node:internal/timers:605:17) {
  digest: '2151575143'
}
TypeError: Cannot read properties of undefined (reading 'toLowerCase')
    at Module.y (/Users/ahmedsalem/Desktop/all my projects/uneom.com/.next/server/app/locations/[city]/[industry]/page.js:1:2657)
    at /Users/ahmedsalem/Desktop/all my projects/uneom.com/node_modules/next/dist/compiled/next-server/app-page.runtime.prod.js:12:227525
    at /Users/ahmedsalem/Desktop/all my projects/uneom.com/node_modules/next/dist/server/lib/trace/tracer.js:140:36
    at NoopContextManager.with (/Users/ahmedsalem/Desktop/all my projects/uneom.com/node_modules/next/dist/compiled/@opentelemetry/api/index.js:1:7062)
    at ContextAPI.with (/Users/ahmedsalem/Desktop/all my projects/uneom.com/node_modules/next/dist/compiled/@opentelemetry/api/index.js:1:518)
    at NoopTracer.startActiveSpan (/Users/ahmedsalem/Desktop/all my projects/uneom.com/node_modules/next/dist/compiled/@opentelemetry/api/index.js:1:18093)
    at ProxyTracer.startActiveSpan (/Users/ahmedsalem/Desktop/all my projects/uneom.com/node_modules/next/dist/compiled/@opentelemetry/api/index.js:1:18854)
    at /Users/ahmedsalem/Desktop/all my projects/uneom.com/node_modules/next/dist/server/lib/trace/tracer.js:122:103
    at NoopContextManager.with (/Users/ahmedsalem/Desktop/all my projects/uneom.com/node_modules/next/dist/compiled/@opentelemetry/api/index.js:1:7062)
    at ContextAPI.with (/Users/ahmedsalem/Desktop/all my projects/uneom.com/node_modules/next/dist/compiled/@opentelemetry/api/index.js:1:518) {
  digest: '2592674761'
}

Error occurred prerendering page "/locations/tabuk/manufacturing". Read more: https://nextjs.org/docs/messages/prerender-error

TypeError: Cannot read properties of undefined (reading 'toLowerCase')
    at b (/Users/ahmedsalem/Desktop/all my projects/uneom.com/.next/server/app/locations/[city]/[industry]/page.js:1:4337)
    at eh (/Users/ahmedsalem/Desktop/all my projects/uneom.com/node_modules/next/dist/compiled/next-server/app-page.runtime.prod.js:12:134660)
    at e (/Users/ahmedsalem/Desktop/all my projects/uneom.com/node_modules/next/dist/compiled/next-server/app-page.runtime.prod.js:12:137545)
    at ek (/Users/ahmedsalem/Desktop/all my projects/uneom.com/node_modules/next/dist/compiled/next-server/app-page.runtime.prod.js:12:138019)
    at Array.toJSON (/Users/ahmedsalem/Desktop/all my projects/uneom.com/node_modules/next/dist/compiled/next-server/app-page.runtime.prod.js:12:135629)
    at stringify (<anonymous>)
    at eP (/Users/ahmedsalem/Desktop/all my projects/uneom.com/node_modules/next/dist/compiled/next-server/app-page.runtime.prod.js:12:142093)
    at eE (/Users/ahmedsalem/Desktop/all my projects/uneom.com/node_modules/next/dist/compiled/next-server/app-page.runtime.prod.js:12:142572)
    at AsyncLocalStorage.run (node:internal/async_local_storage/async_context_frame:63:14)
    at Timeout._onTimeout (/Users/ahmedsalem/Desktop/all my projects/uneom.com/node_modules/next/dist/compiled/next-server/app-page.runtime.prod.js:12:150373)

Error occurred prerendering page "/locations/tabuk/corporate". Read more: https://nextjs.org/docs/messages/prerender-error

TypeError: Cannot read properties of undefined (reading 'toLowerCase')
    at b (/Users/ahmedsalem/Desktop/all my projects/uneom.com/.next/server/app/locations/[city]/[industry]/page.js:1:4337)
    at eh (/Users/ahmedsalem/Desktop/all my projects/uneom.com/node_modules/next/dist/compiled/next-server/app-page.runtime.prod.js:12:134660)
    at e (/Users/ahmedsalem/Desktop/all my projects/uneom.com/node_modules/next/dist/compiled/next-server/app-page.runtime.prod.js:12:137545)
    at ek (/Users/ahmedsalem/Desktop/all my projects/uneom.com/node_modules/next/dist/compiled/next-server/app-page.runtime.prod.js:12:138019)
    at Array.toJSON (/Users/ahmedsalem/Desktop/all my projects/uneom.com/node_modules/next/dist/compiled/next-server/app-page.runtime.prod.js:12:135629)
    at stringify (<anonymous>)
    at eP (/Users/ahmedsalem/Desktop/all my projects/uneom.com/node_modules/next/dist/compiled/next-server/app-page.runtime.prod.js:12:142093)
    at eE (/Users/ahmedsalem/Desktop/all my projects/uneom.com/node_modules/next/dist/compiled/next-server/app-page.runtime.prod.js:12:142572)
    at AsyncLocalStorage.run (node:internal/async_local_storage/async_context_frame:63:14)
    at Timeout._onTimeout (/Users/ahmedsalem/Desktop/all my projects/uneom.com/node_modules/next/dist/compiled/next-server/app-page.runtime.prod.js:12:150373)

Error occurred prerendering page "/locations/tabuk/education". Read more: https://nextjs.org/docs/messages/prerender-error

TypeError: Cannot read properties of undefined (reading 'toLowerCase')
    at b (/Users/ahmedsalem/Desktop/all my projects/uneom.com/.next/server/app/locations/[city]/[industry]/page.js:1:4337)
    at eh (/Users/ahmedsalem/Desktop/all my projects/uneom.com/node_modules/next/dist/compiled/next-server/app-page.runtime.prod.js:12:134660)
    at e (/Users/ahmedsalem/Desktop/all my projects/uneom.com/node_modules/next/dist/compiled/next-server/app-page.runtime.prod.js:12:137545)
    at ek (/Users/ahmedsalem/Desktop/all my projects/uneom.com/node_modules/next/dist/compiled/next-server/app-page.runtime.prod.js:12:138019)
    at Array.toJSON (/Users/ahmedsalem/Desktop/all my projects/uneom.com/node_modules/next/dist/compiled/next-server/app-page.runtime.prod.js:12:135629)
    at stringify (<anonymous>)
    at eP (/Users/ahmedsalem/Desktop/all my projects/uneom.com/node_modules/next/dist/compiled/next-server/app-page.runtime.prod.js:12:142093)
    at eE (/Users/ahmedsalem/Desktop/all my projects/uneom.com/node_modules/next/dist/compiled/next-server/app-page.runtime.prod.js:12:142572)
    at AsyncLocalStorage.run (node:internal/async_local_storage/async_context_frame:63:14)
    at Timeout._onTimeout (/Users/ahmedsalem/Desktop/all my projects/uneom.com/node_modules/next/dist/compiled/next-server/app-page.runtime.prod.js:12:150373)
TypeError: Cannot read properties of undefined (reading 'toLowerCase')
    at Module.y (/Users/ahmedsalem/Desktop/all my projects/uneom.com/.next/server/app/locations/[city]/[industry]/page.js:1:2657)
    at /Users/ahmedsalem/Desktop/all my projects/uneom.com/node_modules/next/dist/compiled/next-server/app-page.runtime.prod.js:12:227525
    at /Users/ahmedsalem/Desktop/all my projects/uneom.com/node_modules/next/dist/server/lib/trace/tracer.js:140:36
    at NoopContextManager.with (/Users/ahmedsalem/Desktop/all my projects/uneom.com/node_modules/next/dist/compiled/@opentelemetry/api/index.js:1:7062)
    at ContextAPI.with (/Users/ahmedsalem/Desktop/all my projects/uneom.com/node_modules/next/dist/compiled/@opentelemetry/api/index.js:1:518)
    at NoopTracer.startActiveSpan (/Users/ahmedsalem/Desktop/all my projects/uneom.com/node_modules/next/dist/compiled/@opentelemetry/api/index.js:1:18093)
    at ProxyTracer.startActiveSpan (/Users/ahmedsalem/Desktop/all my projects/uneom.com/node_modules/next/dist/compiled/@opentelemetry/api/index.js:1:18854)
    at /Users/ahmedsalem/Desktop/all my projects/uneom.com/node_modules/next/dist/server/lib/trace/tracer.js:122:103
    at NoopContextManager.with (/Users/ahmedsalem/Desktop/all my projects/uneom.com/node_modules/next/dist/compiled/@opentelemetry/api/index.js:1:7062)
    at ContextAPI.with (/Users/ahmedsalem/Desktop/all my projects/uneom.com/node_modules/next/dist/compiled/@opentelemetry/api/index.js:1:518) {
  digest: '2592674761'
}
TypeError: Cannot read properties of undefined (reading 'toLowerCase')
    at Module.y (/Users/ahmedsalem/Desktop/all my projects/uneom.com/.next/server/app/locations/[city]/[industry]/page.js:1:2657)
    at /Users/ahmedsalem/Desktop/all my projects/uneom.com/node_modules/next/dist/compiled/next-server/app-page.runtime.prod.js:12:227525
    at /Users/ahmedsalem/Desktop/all my projects/uneom.com/node_modules/next/dist/server/lib/trace/tracer.js:140:36
    at NoopContextManager.with (/Users/ahmedsalem/Desktop/all my projects/uneom.com/node_modules/next/dist/compiled/@opentelemetry/api/index.js:1:7062)
    at ContextAPI.with (/Users/ahmedsalem/Desktop/all my projects/uneom.com/node_modules/next/dist/compiled/@opentelemetry/api/index.js:1:518)
    at NoopTracer.startActiveSpan (/Users/ahmedsalem/Desktop/all my projects/uneom.com/node_modules/next/dist/compiled/@opentelemetry/api/index.js:1:18093)
    at ProxyTracer.startActiveSpan (/Users/ahmedsalem/Desktop/all my projects/uneom.com/node_modules/next/dist/compiled/@opentelemetry/api/index.js:1:18854)
    at /Users/ahmedsalem/Desktop/all my projects/uneom.com/node_modules/next/dist/server/lib/trace/tracer.js:122:103
    at NoopContextManager.with (/Users/ahmedsalem/Desktop/all my projects/uneom.com/node_modules/next/dist/compiled/@opentelemetry/api/index.js:1:7062)
    at ContextAPI.with (/Users/ahmedsalem/Desktop/all my projects/uneom.com/node_modules/next/dist/compiled/@opentelemetry/api/index.js:1:518) {
  digest: '2592674761'
}
TypeError: Cannot read properties of undefined (reading 'toLowerCase')
    at b (/Users/ahmedsalem/Desktop/all my projects/uneom.com/.next/server/app/locations/[city]/[industry]/page.js:1:4337)
    at eh (/Users/ahmedsalem/Desktop/all my projects/uneom.com/node_modules/next/dist/compiled/next-server/app-page.runtime.prod.js:12:134660)
    at e (/Users/ahmedsalem/Desktop/all my projects/uneom.com/node_modules/next/dist/compiled/next-server/app-page.runtime.prod.js:12:137545)
    at ek (/Users/ahmedsalem/Desktop/all my projects/uneom.com/node_modules/next/dist/compiled/next-server/app-page.runtime.prod.js:12:138019)
    at Array.toJSON (/Users/ahmedsalem/Desktop/all my projects/uneom.com/node_modules/next/dist/compiled/next-server/app-page.runtime.prod.js:12:135629)
    at stringify (<anonymous>)
    at eP (/Users/ahmedsalem/Desktop/all my projects/uneom.com/node_modules/next/dist/compiled/next-server/app-page.runtime.prod.js:12:142093)
    at eE (/Users/ahmedsalem/Desktop/all my projects/uneom.com/node_modules/next/dist/compiled/next-server/app-page.runtime.prod.js:12:142572)
    at AsyncLocalStorage.run (node:internal/async_local_storage/async_context_frame:63:14)
    at Timeout._onTimeout (/Users/ahmedsalem/Desktop/all my projects/uneom.com/node_modules/next/dist/compiled/next-server/app-page.runtime.prod.js:12:150373) {
  digest: '785353560'
}
TypeError: Cannot read properties of undefined (reading 'toLowerCase')
    at b (/Users/ahmedsalem/Desktop/all my projects/uneom.com/.next/server/app/locations/[city]/[industry]/page.js:1:4337)
    at eh (/Users/ahmedsalem/Desktop/all my projects/uneom.com/node_modules/next/dist/compiled/next-server/app-page.runtime.prod.js:12:134660)
    at e (/Users/ahmedsalem/Desktop/all my projects/uneom.com/node_modules/next/dist/compiled/next-server/app-page.runtime.prod.js:12:137545)
    at ek (/Users/ahmedsalem/Desktop/all my projects/uneom.com/node_modules/next/dist/compiled/next-server/app-page.runtime.prod.js:12:138019)
    at Array.toJSON (/Users/ahmedsalem/Desktop/all my projects/uneom.com/node_modules/next/dist/compiled/next-server/app-page.runtime.prod.js:12:135629)
    at stringify (<anonymous>)
    at eP (/Users/ahmedsalem/Desktop/all my projects/uneom.com/node_modules/next/dist/compiled/next-server/app-page.runtime.prod.js:12:142093)
    at eE (/Users/ahmedsalem/Desktop/all my projects/uneom.com/node_modules/next/dist/compiled/next-server/app-page.runtime.prod.js:12:142572)
    at AsyncLocalStorage.run (node:internal/async_local_storage/async_context_frame:63:14)
    at Timeout._onTimeout (/Users/ahmedsalem/Desktop/all my projects/uneom.com/node_modules/next/dist/compiled/next-server/app-page.runtime.prod.js:12:150373) {
  digest: '785353560'
}
TypeError: Cannot read properties of undefined (reading 'toLowerCase')
    at Module.y (/Users/ahmedsalem/Desktop/all my projects/uneom.com/.next/server/app/locations/[city]/[industry]/page.js:1:2657)
    at /Users/ahmedsalem/Desktop/all my projects/uneom.com/node_modules/next/dist/compiled/next-server/app-page.runtime.prod.js:12:227525
    at /Users/ahmedsalem/Desktop/all my projects/uneom.com/node_modules/next/dist/server/lib/trace/tracer.js:140:36
    at NoopContextManager.with (/Users/ahmedsalem/Desktop/all my projects/uneom.com/node_modules/next/dist/compiled/@opentelemetry/api/index.js:1:7062)
    at ContextAPI.with (/Users/ahmedsalem/Desktop/all my projects/uneom.com/node_modules/next/dist/compiled/@opentelemetry/api/index.js:1:518)
    at NoopTracer.startActiveSpan (/Users/ahmedsalem/Desktop/all my projects/uneom.com/node_modules/next/dist/compiled/@opentelemetry/api/index.js:1:18093)
    at ProxyTracer.startActiveSpan (/Users/ahmedsalem/Desktop/all my projects/uneom.com/node_modules/next/dist/compiled/@opentelemetry/api/index.js:1:18854)
    at /Users/ahmedsalem/Desktop/all my projects/uneom.com/node_modules/next/dist/server/lib/trace/tracer.js:122:103
    at NoopContextManager.with (/Users/ahmedsalem/Desktop/all my projects/uneom.com/node_modules/next/dist/compiled/@opentelemetry/api/index.js:1:7062)
    at ContextAPI.with (/Users/ahmedsalem/Desktop/all my projects/uneom.com/node_modules/next/dist/compiled/@opentelemetry/api/index.js:1:518) {
  digest: '2592674761'
}
TypeError: Cannot read properties of undefined (reading 'toLowerCase')
    at b (/Users/ahmedsalem/Desktop/all my projects/uneom.com/.next/server/app/locations/[city]/[industry]/page.js:1:4337)
    at eh (/Users/ahmedsalem/Desktop/all my projects/uneom.com/node_modules/next/dist/compiled/next-server/app-page.runtime.prod.js:12:134660)
    at e (/Users/ahmedsalem/Desktop/all my projects/uneom.com/node_modules/next/dist/compiled/next-server/app-page.runtime.prod.js:12:137545)
    at ek (/Users/ahmedsalem/Desktop/all my projects/uneom.com/node_modules/next/dist/compiled/next-server/app-page.runtime.prod.js:12:138019)
    at Array.toJSON (/Users/ahmedsalem/Desktop/all my projects/uneom.com/node_modules/next/dist/compiled/next-server/app-page.runtime.prod.js:12:135629)
    at stringify (<anonymous>)
    at eP (/Users/ahmedsalem/Desktop/all my projects/uneom.com/node_modules/next/dist/compiled/next-server/app-page.runtime.prod.js:12:142093)
    at eE (/Users/ahmedsalem/Desktop/all my projects/uneom.com/node_modules/next/dist/compiled/next-server/app-page.runtime.prod.js:12:142572)
    at Timeout._onTimeout (/Users/ahmedsalem/Desktop/all my projects/uneom.com/node_modules/next/dist/compiled/next-server/app-page.runtime.prod.js:12:135349)
    at listOnTimeout (node:internal/timers:605:17) {
  digest: '2151575143'
}
TypeError: Cannot read properties of undefined (reading 'toLowerCase')
    at b (/Users/ahmedsalem/Desktop/all my projects/uneom.com/.next/server/app/locations/[city]/[industry]/page.js:1:4337)
    at eh (/Users/ahmedsalem/Desktop/all my projects/uneom.com/node_modules/next/dist/compiled/next-server/app-page.runtime.prod.js:12:134660)
    at e (/Users/ahmedsalem/Desktop/all my projects/uneom.com/node_modules/next/dist/compiled/next-server/app-page.runtime.prod.js:12:137545)
    at ek (/Users/ahmedsalem/Desktop/all my projects/uneom.com/node_modules/next/dist/compiled/next-server/app-page.runtime.prod.js:12:138019)
    at Array.toJSON (/Users/ahmedsalem/Desktop/all my projects/uneom.com/node_modules/next/dist/compiled/next-server/app-page.runtime.prod.js:12:135629)
    at stringify (<anonymous>)
    at eP (/Users/ahmedsalem/Desktop/all my projects/uneom.com/node_modules/next/dist/compiled/next-server/app-page.runtime.prod.js:12:142093)
    at eE (/Users/ahmedsalem/Desktop/all my projects/uneom.com/node_modules/next/dist/compiled/next-server/app-page.runtime.prod.js:12:142572)
    at AsyncLocalStorage.run (node:internal/async_local_storage/async_context_frame:63:14)
    at Timeout._onTimeout (/Users/ahmedsalem/Desktop/all my projects/uneom.com/node_modules/next/dist/compiled/next-server/app-page.runtime.prod.js:12:150373) {
  digest: '785353560'
}
TypeError: Cannot read properties of undefined (reading 'toLowerCase')
    at b (/Users/ahmedsalem/Desktop/all my projects/uneom.com/.next/server/app/locations/[city]/[industry]/page.js:1:4337)
    at eh (/Users/ahmedsalem/Desktop/all my projects/uneom.com/node_modules/next/dist/compiled/next-server/app-page.runtime.prod.js:12:134660)
    at e (/Users/ahmedsalem/Desktop/all my projects/uneom.com/node_modules/next/dist/compiled/next-server/app-page.runtime.prod.js:12:137545)
    at ek (/Users/ahmedsalem/Desktop/all my projects/uneom.com/node_modules/next/dist/compiled/next-server/app-page.runtime.prod.js:12:138019)
    at Array.toJSON (/Users/ahmedsalem/Desktop/all my projects/uneom.com/node_modules/next/dist/compiled/next-server/app-page.runtime.prod.js:12:135629)
    at stringify (<anonymous>)
    at eP (/Users/ahmedsalem/Desktop/all my projects/uneom.com/node_modules/next/dist/compiled/next-server/app-page.runtime.prod.js:12:142093)
    at eE (/Users/ahmedsalem/Desktop/all my projects/uneom.com/node_modules/next/dist/compiled/next-server/app-page.runtime.prod.js:12:142572)
    at AsyncLocalStorage.run (node:internal/async_local_storage/async_context_frame:63:14)
    at Timeout._onTimeout (/Users/ahmedsalem/Desktop/all my projects/uneom.com/node_modules/next/dist/compiled/next-server/app-page.runtime.prod.js:12:150373) {
  digest: '785353560'
}
TypeError: Cannot read properties of undefined (reading 'toLowerCase')
    at b (/Users/ahmedsalem/Desktop/all my projects/uneom.com/.next/server/app/locations/[city]/[industry]/page.js:1:4337)
    at eh (/Users/ahmedsalem/Desktop/all my projects/uneom.com/node_modules/next/dist/compiled/next-server/app-page.runtime.prod.js:12:134660)
    at e (/Users/ahmedsalem/Desktop/all my projects/uneom.com/node_modules/next/dist/compiled/next-server/app-page.runtime.prod.js:12:137545)
    at ek (/Users/ahmedsalem/Desktop/all my projects/uneom.com/node_modules/next/dist/compiled/next-server/app-page.runtime.prod.js:12:138019)
    at Array.toJSON (/Users/ahmedsalem/Desktop/all my projects/uneom.com/node_modules/next/dist/compiled/next-server/app-page.runtime.prod.js:12:135629)
    at stringify (<anonymous>)
    at eP (/Users/ahmedsalem/Desktop/all my projects/uneom.com/node_modules/next/dist/compiled/next-server/app-page.runtime.prod.js:12:142093)
    at eE (/Users/ahmedsalem/Desktop/all my projects/uneom.com/node_modules/next/dist/compiled/next-server/app-page.runtime.prod.js:12:142572)
    at Timeout._onTimeout (/Users/ahmedsalem/Desktop/all my projects/uneom.com/node_modules/next/dist/compiled/next-server/app-page.runtime.prod.js:12:135349)
    at listOnTimeout (node:internal/timers:605:17) {
  digest: '2151575143'
}
TypeError: Cannot read properties of undefined (reading 'toLowerCase')
    at b (/Users/ahmedsalem/Desktop/all my projects/uneom.com/.next/server/app/locations/[city]/[industry]/page.js:1:4337)
    at eh (/Users/ahmedsalem/Desktop/all my projects/uneom.com/node_modules/next/dist/compiled/next-server/app-page.runtime.prod.js:12:134660)
    at e (/Users/ahmedsalem/Desktop/all my projects/uneom.com/node_modules/next/dist/compiled/next-server/app-page.runtime.prod.js:12:137545)
    at ek (/Users/ahmedsalem/Desktop/all my projects/uneom.com/node_modules/next/dist/compiled/next-server/app-page.runtime.prod.js:12:138019)
    at Array.toJSON (/Users/ahmedsalem/Desktop/all my projects/uneom.com/node_modules/next/dist/compiled/next-server/app-page.runtime.prod.js:12:135629)
    at stringify (<anonymous>)
    at eP (/Users/ahmedsalem/Desktop/all my projects/uneom.com/node_modules/next/dist/compiled/next-server/app-page.runtime.prod.js:12:142093)
    at eE (/Users/ahmedsalem/Desktop/all my projects/uneom.com/node_modules/next/dist/compiled/next-server/app-page.runtime.prod.js:12:142572)
    at AsyncLocalStorage.run (node:internal/async_local_storage/async_context_frame:63:14)
    at Timeout._onTimeout (/Users/ahmedsalem/Desktop/all my projects/uneom.com/node_modules/next/dist/compiled/next-server/app-page.runtime.prod.js:12:150373) {
  digest: '785353560'
}
TypeError: Cannot read properties of undefined (reading 'toLowerCase')
    at b (/Users/ahmedsalem/Desktop/all my projects/uneom.com/.next/server/app/locations/[city]/[industry]/page.js:1:4337)
    at eh (/Users/ahmedsalem/Desktop/all my projects/uneom.com/node_modules/next/dist/compiled/next-server/app-page.runtime.prod.js:12:134660)
    at e (/Users/ahmedsalem/Desktop/all my projects/uneom.com/node_modules/next/dist/compiled/next-server/app-page.runtime.prod.js:12:137545)
    at ek (/Users/ahmedsalem/Desktop/all my projects/uneom.com/node_modules/next/dist/compiled/next-server/app-page.runtime.prod.js:12:138019)
    at Array.toJSON (/Users/ahmedsalem/Desktop/all my projects/uneom.com/node_modules/next/dist/compiled/next-server/app-page.runtime.prod.js:12:135629)
    at stringify (<anonymous>)
    at eP (/Users/ahmedsalem/Desktop/all my projects/uneom.com/node_modules/next/dist/compiled/next-server/app-page.runtime.prod.js:12:142093)
    at eE (/Users/ahmedsalem/Desktop/all my projects/uneom.com/node_modules/next/dist/compiled/next-server/app-page.runtime.prod.js:12:142572)
    at Timeout._onTimeout (/Users/ahmedsalem/Desktop/all my projects/uneom.com/node_modules/next/dist/compiled/next-server/app-page.runtime.prod.js:12:135349)
    at listOnTimeout (node:internal/timers:605:17) {
  digest: '2151575143'
}
TypeError: Cannot read properties of undefined (reading 'toLowerCase')
    at b (/Users/ahmedsalem/Desktop/all my projects/uneom.com/.next/server/app/locations/[city]/[industry]/page.js:1:4337)
    at eh (/Users/ahmedsalem/Desktop/all my projects/uneom.com/node_modules/next/dist/compiled/next-server/app-page.runtime.prod.js:12:134660)
    at e (/Users/ahmedsalem/Desktop/all my projects/uneom.com/node_modules/next/dist/compiled/next-server/app-page.runtime.prod.js:12:137545)
    at ek (/Users/ahmedsalem/Desktop/all my projects/uneom.com/node_modules/next/dist/compiled/next-server/app-page.runtime.prod.js:12:138019)
    at Array.toJSON (/Users/ahmedsalem/Desktop/all my projects/uneom.com/node_modules/next/dist/compiled/next-server/app-page.runtime.prod.js:12:135629)
    at stringify (<anonymous>)
    at eP (/Users/ahmedsalem/Desktop/all my projects/uneom.com/node_modules/next/dist/compiled/next-server/app-page.runtime.prod.js:12:142093)
    at eE (/Users/ahmedsalem/Desktop/all my projects/uneom.com/node_modules/next/dist/compiled/next-server/app-page.runtime.prod.js:12:142572)
    at Timeout._onTimeout (/Users/ahmedsalem/Desktop/all my projects/uneom.com/node_modules/next/dist/compiled/next-server/app-page.runtime.prod.js:12:135349)
    at listOnTimeout (node:internal/timers:605:17) {
  digest: '2151575143'
}
TypeError: Cannot read properties of undefined (reading 'toLowerCase')
    at b (/Users/ahmedsalem/Desktop/all my projects/uneom.com/.next/server/app/locations/[city]/[industry]/page.js:1:4337)
    at eh (/Users/ahmedsalem/Desktop/all my projects/uneom.com/node_modules/next/dist/compiled/next-server/app-page.runtime.prod.js:12:134660)
    at e (/Users/ahmedsalem/Desktop/all my projects/uneom.com/node_modules/next/dist/compiled/next-server/app-page.runtime.prod.js:12:137545)
    at ek (/Users/ahmedsalem/Desktop/all my projects/uneom.com/node_modules/next/dist/compiled/next-server/app-page.runtime.prod.js:12:138019)
    at Array.toJSON (/Users/ahmedsalem/Desktop/all my projects/uneom.com/node_modules/next/dist/compiled/next-server/app-page.runtime.prod.js:12:135629)
    at stringify (<anonymous>)
    at eP (/Users/ahmedsalem/Desktop/all my projects/uneom.com/node_modules/next/dist/compiled/next-server/app-page.runtime.prod.js:12:142093)
    at eE (/Users/ahmedsalem/Desktop/all my projects/uneom.com/node_modules/next/dist/compiled/next-server/app-page.runtime.prod.js:12:142572)
    at Timeout._onTimeout (/Users/ahmedsalem/Desktop/all my projects/uneom.com/node_modules/next/dist/compiled/next-server/app-page.runtime.prod.js:12:135349)
    at listOnTimeout (node:internal/timers:605:17) {
  digest: '2151575143'
}
TypeError: Cannot read properties of undefined (reading 'toLowerCase')
    at Module.y (/Users/ahmedsalem/Desktop/all my projects/uneom.com/.next/server/app/locations/[city]/[industry]/page.js:1:2657)
    at /Users/ahmedsalem/Desktop/all my projects/uneom.com/node_modules/next/dist/compiled/next-server/app-page.runtime.prod.js:12:227525
    at /Users/ahmedsalem/Desktop/all my projects/uneom.com/node_modules/next/dist/server/lib/trace/tracer.js:140:36
    at NoopContextManager.with (/Users/ahmedsalem/Desktop/all my projects/uneom.com/node_modules/next/dist/compiled/@opentelemetry/api/index.js:1:7062)
    at ContextAPI.with (/Users/ahmedsalem/Desktop/all my projects/uneom.com/node_modules/next/dist/compiled/@opentelemetry/api/index.js:1:518)
    at NoopTracer.startActiveSpan (/Users/ahmedsalem/Desktop/all my projects/uneom.com/node_modules/next/dist/compiled/@opentelemetry/api/index.js:1:18093)
    at ProxyTracer.startActiveSpan (/Users/ahmedsalem/Desktop/all my projects/uneom.com/node_modules/next/dist/compiled/@opentelemetry/api/index.js:1:18854)
    at /Users/ahmedsalem/Desktop/all my projects/uneom.com/node_modules/next/dist/server/lib/trace/tracer.js:122:103
    at NoopContextManager.with (/Users/ahmedsalem/Desktop/all my projects/uneom.com/node_modules/next/dist/compiled/@opentelemetry/api/index.js:1:7062)
    at ContextAPI.with (/Users/ahmedsalem/Desktop/all my projects/uneom.com/node_modules/next/dist/compiled/@opentelemetry/api/index.js:1:518) {
  digest: '2592674761'
}
TypeError: Cannot read properties of undefined (reading 'toLowerCase')
    at Module.y (/Users/ahmedsalem/Desktop/all my projects/uneom.com/.next/server/app/locations/[city]/[industry]/page.js:1:2657)
    at /Users/ahmedsalem/Desktop/all my projects/uneom.com/node_modules/next/dist/compiled/next-server/app-page.runtime.prod.js:12:227525
    at /Users/ahmedsalem/Desktop/all my projects/uneom.com/node_modules/next/dist/server/lib/trace/tracer.js:140:36
    at NoopContextManager.with (/Users/ahmedsalem/Desktop/all my projects/uneom.com/node_modules/next/dist/compiled/@opentelemetry/api/index.js:1:7062)
    at ContextAPI.with (/Users/ahmedsalem/Desktop/all my projects/uneom.com/node_modules/next/dist/compiled/@opentelemetry/api/index.js:1:518)
    at NoopTracer.startActiveSpan (/Users/ahmedsalem/Desktop/all my projects/uneom.com/node_modules/next/dist/compiled/@opentelemetry/api/index.js:1:18093)
    at ProxyTracer.startActiveSpan (/Users/ahmedsalem/Desktop/all my projects/uneom.com/node_modules/next/dist/compiled/@opentelemetry/api/index.js:1:18854)
    at /Users/ahmedsalem/Desktop/all my projects/uneom.com/node_modules/next/dist/server/lib/trace/tracer.js:122:103
    at NoopContextManager.with (/Users/ahmedsalem/Desktop/all my projects/uneom.com/node_modules/next/dist/compiled/@opentelemetry/api/index.js:1:7062)
    at ContextAPI.with (/Users/ahmedsalem/Desktop/all my projects/uneom.com/node_modules/next/dist/compiled/@opentelemetry/api/index.js:1:518) {
  digest: '2592674761'
}
TypeError: Cannot read properties of undefined (reading 'toLowerCase')
    at Module.y (/Users/ahmedsalem/Desktop/all my projects/uneom.com/.next/server/app/locations/[city]/[industry]/page.js:1:2657)
    at /Users/ahmedsalem/Desktop/all my projects/uneom.com/node_modules/next/dist/compiled/next-server/app-page.runtime.prod.js:12:227525
    at /Users/ahmedsalem/Desktop/all my projects/uneom.com/node_modules/next/dist/server/lib/trace/tracer.js:140:36
    at NoopContextManager.with (/Users/ahmedsalem/Desktop/all my projects/uneom.com/node_modules/next/dist/compiled/@opentelemetry/api/index.js:1:7062)
    at ContextAPI.with (/Users/ahmedsalem/Desktop/all my projects/uneom.com/node_modules/next/dist/compiled/@opentelemetry/api/index.js:1:518)
    at NoopTracer.startActiveSpan (/Users/ahmedsalem/Desktop/all my projects/uneom.com/node_modules/next/dist/compiled/@opentelemetry/api/index.js:1:18093)
    at ProxyTracer.startActiveSpan (/Users/ahmedsalem/Desktop/all my projects/uneom.com/node_modules/next/dist/compiled/@opentelemetry/api/index.js:1:18854)
    at /Users/ahmedsalem/Desktop/all my projects/uneom.com/node_modules/next/dist/server/lib/trace/tracer.js:122:103
    at NoopContextManager.with (/Users/ahmedsalem/Desktop/all my projects/uneom.com/node_modules/next/dist/compiled/@opentelemetry/api/index.js:1:7062)
    at ContextAPI.with (/Users/ahmedsalem/Desktop/all my projects/uneom.com/node_modules/next/dist/compiled/@opentelemetry/api/index.js:1:518) {
  digest: '2592674761'
}

Error occurred prerendering page "/locations/tabuk/factory-industry". Read more: https://nextjs.org/docs/messages/prerender-error

TypeError: Cannot read properties of undefined (reading 'toLowerCase')
    at b (/Users/ahmedsalem/Desktop/all my projects/uneom.com/.next/server/app/locations/[city]/[industry]/page.js:1:4337)
    at eh (/Users/ahmedsalem/Desktop/all my projects/uneom.com/node_modules/next/dist/compiled/next-server/app-page.runtime.prod.js:12:134660)
    at e (/Users/ahmedsalem/Desktop/all my projects/uneom.com/node_modules/next/dist/compiled/next-server/app-page.runtime.prod.js:12:137545)
    at ek (/Users/ahmedsalem/Desktop/all my projects/uneom.com/node_modules/next/dist/compiled/next-server/app-page.runtime.prod.js:12:138019)
    at Array.toJSON (/Users/ahmedsalem/Desktop/all my projects/uneom.com/node_modules/next/dist/compiled/next-server/app-page.runtime.prod.js:12:135629)
    at stringify (<anonymous>)
    at eP (/Users/ahmedsalem/Desktop/all my projects/uneom.com/node_modules/next/dist/compiled/next-server/app-page.runtime.prod.js:12:142093)
    at eE (/Users/ahmedsalem/Desktop/all my projects/uneom.com/node_modules/next/dist/compiled/next-server/app-page.runtime.prod.js:12:142572)
    at AsyncLocalStorage.run (node:internal/async_local_storage/async_context_frame:63:14)
    at Timeout._onTimeout (/Users/ahmedsalem/Desktop/all my projects/uneom.com/node_modules/next/dist/compiled/next-server/app-page.runtime.prod.js:12:150373)

Error occurred prerendering page "/locations/tabuk/security". Read more: https://nextjs.org/docs/messages/prerender-error

TypeError: Cannot read properties of undefined (reading 'toLowerCase')
    at b (/Users/ahmedsalem/Desktop/all my projects/uneom.com/.next/server/app/locations/[city]/[industry]/page.js:1:4337)
    at eh (/Users/ahmedsalem/Desktop/all my projects/uneom.com/node_modules/next/dist/compiled/next-server/app-page.runtime.prod.js:12:134660)
    at e (/Users/ahmedsalem/Desktop/all my projects/uneom.com/node_modules/next/dist/compiled/next-server/app-page.runtime.prod.js:12:137545)
    at ek (/Users/ahmedsalem/Desktop/all my projects/uneom.com/node_modules/next/dist/compiled/next-server/app-page.runtime.prod.js:12:138019)
    at Array.toJSON (/Users/ahmedsalem/Desktop/all my projects/uneom.com/node_modules/next/dist/compiled/next-server/app-page.runtime.prod.js:12:135629)
    at stringify (<anonymous>)
    at eP (/Users/ahmedsalem/Desktop/all my projects/uneom.com/node_modules/next/dist/compiled/next-server/app-page.runtime.prod.js:12:142093)
    at eE (/Users/ahmedsalem/Desktop/all my projects/uneom.com/node_modules/next/dist/compiled/next-server/app-page.runtime.prod.js:12:142572)
    at AsyncLocalStorage.run (node:internal/async_local_storage/async_context_frame:63:14)
    at Timeout._onTimeout (/Users/ahmedsalem/Desktop/all my projects/uneom.com/node_modules/next/dist/compiled/next-server/app-page.runtime.prod.js:12:150373)
TypeError: Cannot read properties of undefined (reading 'toLowerCase')
    at Module.y (/Users/ahmedsalem/Desktop/all my projects/uneom.com/.next/server/app/locations/[city]/[industry]/page.js:1:2657)
    at /Users/ahmedsalem/Desktop/all my projects/uneom.com/node_modules/next/dist/compiled/next-server/app-page.runtime.prod.js:12:227525
    at /Users/ahmedsalem/Desktop/all my projects/uneom.com/node_modules/next/dist/server/lib/trace/tracer.js:140:36
    at NoopContextManager.with (/Users/ahmedsalem/Desktop/all my projects/uneom.com/node_modules/next/dist/compiled/@opentelemetry/api/index.js:1:7062)
    at ContextAPI.with (/Users/ahmedsalem/Desktop/all my projects/uneom.com/node_modules/next/dist/compiled/@opentelemetry/api/index.js:1:518)
    at NoopTracer.startActiveSpan (/Users/ahmedsalem/Desktop/all my projects/uneom.com/node_modules/next/dist/compiled/@opentelemetry/api/index.js:1:18093)
    at ProxyTracer.startActiveSpan (/Users/ahmedsalem/Desktop/all my projects/uneom.com/node_modules/next/dist/compiled/@opentelemetry/api/index.js:1:18854)
    at /Users/ahmedsalem/Desktop/all my projects/uneom.com/node_modules/next/dist/server/lib/trace/tracer.js:122:103
    at NoopContextManager.with (/Users/ahmedsalem/Desktop/all my projects/uneom.com/node_modules/next/dist/compiled/@opentelemetry/api/index.js:1:7062)
    at ContextAPI.with (/Users/ahmedsalem/Desktop/all my projects/uneom.com/node_modules/next/dist/compiled/@opentelemetry/api/index.js:1:518) {
  digest: '2592674761'
}
TypeError: Cannot read properties of undefined (reading 'toLowerCase')
    at Module.y (/Users/ahmedsalem/Desktop/all my projects/uneom.com/.next/server/app/locations/[city]/[industry]/page.js:1:2657)
    at /Users/ahmedsalem/Desktop/all my projects/uneom.com/node_modules/next/dist/compiled/next-server/app-page.runtime.prod.js:12:227525
    at /Users/ahmedsalem/Desktop/all my projects/uneom.com/node_modules/next/dist/server/lib/trace/tracer.js:140:36
    at NoopContextManager.with (/Users/ahmedsalem/Desktop/all my projects/uneom.com/node_modules/next/dist/compiled/@opentelemetry/api/index.js:1:7062)
    at ContextAPI.with (/Users/ahmedsalem/Desktop/all my projects/uneom.com/node_modules/next/dist/compiled/@opentelemetry/api/index.js:1:518)
    at NoopTracer.startActiveSpan (/Users/ahmedsalem/Desktop/all my projects/uneom.com/node_modules/next/dist/compiled/@opentelemetry/api/index.js:1:18093)
    at ProxyTracer.startActiveSpan (/Users/ahmedsalem/Desktop/all my projects/uneom.com/node_modules/next/dist/compiled/@opentelemetry/api/index.js:1:18854)
    at /Users/ahmedsalem/Desktop/all my projects/uneom.com/node_modules/next/dist/server/lib/trace/tracer.js:122:103
    at NoopContextManager.with (/Users/ahmedsalem/Desktop/all my projects/uneom.com/node_modules/next/dist/compiled/@opentelemetry/api/index.js:1:7062)
    at ContextAPI.with (/Users/ahmedsalem/Desktop/all my projects/uneom.com/node_modules/next/dist/compiled/@opentelemetry/api/index.js:1:518) {
  digest: '2592674761'
}
TypeError: Cannot read properties of undefined (reading 'toLowerCase')
    at Module.y (/Users/ahmedsalem/Desktop/all my projects/uneom.com/.next/server/app/locations/[city]/[industry]/page.js:1:2657)
    at /Users/ahmedsalem/Desktop/all my projects/uneom.com/node_modules/next/dist/compiled/next-server/app-page.runtime.prod.js:12:227525
    at /Users/ahmedsalem/Desktop/all my projects/uneom.com/node_modules/next/dist/server/lib/trace/tracer.js:140:36
    at NoopContextManager.with (/Users/ahmedsalem/Desktop/all my projects/uneom.com/node_modules/next/dist/compiled/@opentelemetry/api/index.js:1:7062)
    at ContextAPI.with (/Users/ahmedsalem/Desktop/all my projects/uneom.com/node_modules/next/dist/compiled/@opentelemetry/api/index.js:1:518)
    at NoopTracer.startActiveSpan (/Users/ahmedsalem/Desktop/all my projects/uneom.com/node_modules/next/dist/compiled/@opentelemetry/api/index.js:1:18093)
    at ProxyTracer.startActiveSpan (/Users/ahmedsalem/Desktop/all my projects/uneom.com/node_modules/next/dist/compiled/@opentelemetry/api/index.js:1:18854)
    at /Users/ahmedsalem/Desktop/all my projects/uneom.com/node_modules/next/dist/server/lib/trace/tracer.js:122:103
    at NoopContextManager.with (/Users/ahmedsalem/Desktop/all my projects/uneom.com/node_modules/next/dist/compiled/@opentelemetry/api/index.js:1:7062)
    at ContextAPI.with (/Users/ahmedsalem/Desktop/all my projects/uneom.com/node_modules/next/dist/compiled/@opentelemetry/api/index.js:1:518) {
  digest: '2592674761'
}
TypeError: Cannot read properties of undefined (reading 'toLowerCase')
    at Module.y (/Users/ahmedsalem/Desktop/all my projects/uneom.com/.next/server/app/locations/[city]/[industry]/page.js:1:2657)
    at /Users/ahmedsalem/Desktop/all my projects/uneom.com/node_modules/next/dist/compiled/next-server/app-page.runtime.prod.js:12:227525
    at /Users/ahmedsalem/Desktop/all my projects/uneom.com/node_modules/next/dist/server/lib/trace/tracer.js:140:36
    at NoopContextManager.with (/Users/ahmedsalem/Desktop/all my projects/uneom.com/node_modules/next/dist/compiled/@opentelemetry/api/index.js:1:7062)
    at ContextAPI.with (/Users/ahmedsalem/Desktop/all my projects/uneom.com/node_modules/next/dist/compiled/@opentelemetry/api/index.js:1:518)
    at NoopTracer.startActiveSpan (/Users/ahmedsalem/Desktop/all my projects/uneom.com/node_modules/next/dist/compiled/@opentelemetry/api/index.js:1:18093)
    at ProxyTracer.startActiveSpan (/Users/ahmedsalem/Desktop/all my projects/uneom.com/node_modules/next/dist/compiled/@opentelemetry/api/index.js:1:18854)
    at /Users/ahmedsalem/Desktop/all my projects/uneom.com/node_modules/next/dist/server/lib/trace/tracer.js:122:103
    at NoopContextManager.with (/Users/ahmedsalem/Desktop/all my projects/uneom.com/node_modules/next/dist/compiled/@opentelemetry/api/index.js:1:7062)
    at ContextAPI.with (/Users/ahmedsalem/Desktop/all my projects/uneom.com/node_modules/next/dist/compiled/@opentelemetry/api/index.js:1:518) {
  digest: '2592674761'
}
TypeError: Cannot read properties of undefined (reading 'toLowerCase')
    at Module.y (/Users/ahmedsalem/Desktop/all my projects/uneom.com/.next/server/app/locations/[city]/[industry]/page.js:1:2657)
    at /Users/ahmedsalem/Desktop/all my projects/uneom.com/node_modules/next/dist/compiled/next-server/app-page.runtime.prod.js:12:227525
    at /Users/ahmedsalem/Desktop/all my projects/uneom.com/node_modules/next/dist/server/lib/trace/tracer.js:140:36
    at NoopContextManager.with (/Users/ahmedsalem/Desktop/all my projects/uneom.com/node_modules/next/dist/compiled/@opentelemetry/api/index.js:1:7062)
    at ContextAPI.with (/Users/ahmedsalem/Desktop/all my projects/uneom.com/node_modules/next/dist/compiled/@opentelemetry/api/index.js:1:518)
    at NoopTracer.startActiveSpan (/Users/ahmedsalem/Desktop/all my projects/uneom.com/node_modules/next/dist/compiled/@opentelemetry/api/index.js:1:18093)
    at ProxyTracer.startActiveSpan (/Users/ahmedsalem/Desktop/all my projects/uneom.com/node_modules/next/dist/compiled/@opentelemetry/api/index.js:1:18854)
    at /Users/ahmedsalem/Desktop/all my projects/uneom.com/node_modules/next/dist/server/lib/trace/tracer.js:122:103
    at NoopContextManager.with (/Users/ahmedsalem/Desktop/all my projects/uneom.com/node_modules/next/dist/compiled/@opentelemetry/api/index.js:1:7062)
    at ContextAPI.with (/Users/ahmedsalem/Desktop/all my projects/uneom.com/node_modules/next/dist/compiled/@opentelemetry/api/index.js:1:518) {
  digest: '2592674761'
}
TypeError: Cannot read properties of undefined (reading 'toLowerCase')
    at Module.y (/Users/ahmedsalem/Desktop/all my projects/uneom.com/.next/server/app/locations/[city]/[industry]/page.js:1:2657)
    at /Users/ahmedsalem/Desktop/all my projects/uneom.com/node_modules/next/dist/compiled/next-server/app-page.runtime.prod.js:12:227525
    at /Users/ahmedsalem/Desktop/all my projects/uneom.com/node_modules/next/dist/server/lib/trace/tracer.js:140:36
    at NoopContextManager.with (/Users/ahmedsalem/Desktop/all my projects/uneom.com/node_modules/next/dist/compiled/@opentelemetry/api/index.js:1:7062)
    at ContextAPI.with (/Users/ahmedsalem/Desktop/all my projects/uneom.com/node_modules/next/dist/compiled/@opentelemetry/api/index.js:1:518)
    at NoopTracer.startActiveSpan (/Users/ahmedsalem/Desktop/all my projects/uneom.com/node_modules/next/dist/compiled/@opentelemetry/api/index.js:1:18093)
    at ProxyTracer.startActiveSpan (/Users/ahmedsalem/Desktop/all my projects/uneom.com/node_modules/next/dist/compiled/@opentelemetry/api/index.js:1:18854)
    at /Users/ahmedsalem/Desktop/all my projects/uneom.com/node_modules/next/dist/server/lib/trace/tracer.js:122:103
    at NoopContextManager.with (/Users/ahmedsalem/Desktop/all my projects/uneom.com/node_modules/next/dist/compiled/@opentelemetry/api/index.js:1:7062)
    at ContextAPI.with (/Users/ahmedsalem/Desktop/all my projects/uneom.com/node_modules/next/dist/compiled/@opentelemetry/api/index.js:1:518) {
  digest: '2592674761'
}
TypeError: Cannot read properties of undefined (reading 'toLowerCase')
    at b (/Users/ahmedsalem/Desktop/all my projects/uneom.com/.next/server/app/locations/[city]/[industry]/page.js:1:4337)
    at eh (/Users/ahmedsalem/Desktop/all my projects/uneom.com/node_modules/next/dist/compiled/next-server/app-page.runtime.prod.js:12:134660)
    at e (/Users/ahmedsalem/Desktop/all my projects/uneom.com/node_modules/next/dist/compiled/next-server/app-page.runtime.prod.js:12:137545)
    at ek (/Users/ahmedsalem/Desktop/all my projects/uneom.com/node_modules/next/dist/compiled/next-server/app-page.runtime.prod.js:12:138019)
    at Array.toJSON (/Users/ahmedsalem/Desktop/all my projects/uneom.com/node_modules/next/dist/compiled/next-server/app-page.runtime.prod.js:12:135629)
    at stringify (<anonymous>)
    at eP (/Users/ahmedsalem/Desktop/all my projects/uneom.com/node_modules/next/dist/compiled/next-server/app-page.runtime.prod.js:12:142093)
    at eE (/Users/ahmedsalem/Desktop/all my projects/uneom.com/node_modules/next/dist/compiled/next-server/app-page.runtime.prod.js:12:142572)
    at AsyncLocalStorage.run (node:internal/async_local_storage/async_context_frame:63:14)
    at Timeout._onTimeout (/Users/ahmedsalem/Desktop/all my projects/uneom.com/node_modules/next/dist/compiled/next-server/app-page.runtime.prod.js:12:150373) {
  digest: '785353560'
}
TypeError: Cannot read properties of undefined (reading 'toLowerCase')
    at Module.y (/Users/ahmedsalem/Desktop/all my projects/uneom.com/.next/server/app/locations/[city]/[industry]/page.js:1:2657)
    at /Users/ahmedsalem/Desktop/all my projects/uneom.com/node_modules/next/dist/compiled/next-server/app-page.runtime.prod.js:12:227525
    at /Users/ahmedsalem/Desktop/all my projects/uneom.com/node_modules/next/dist/server/lib/trace/tracer.js:140:36
    at NoopContextManager.with (/Users/ahmedsalem/Desktop/all my projects/uneom.com/node_modules/next/dist/compiled/@opentelemetry/api/index.js:1:7062)
    at ContextAPI.with (/Users/ahmedsalem/Desktop/all my projects/uneom.com/node_modules/next/dist/compiled/@opentelemetry/api/index.js:1:518)
    at NoopTracer.startActiveSpan (/Users/ahmedsalem/Desktop/all my projects/uneom.com/node_modules/next/dist/compiled/@opentelemetry/api/index.js:1:18093)
    at ProxyTracer.startActiveSpan (/Users/ahmedsalem/Desktop/all my projects/uneom.com/node_modules/next/dist/compiled/@opentelemetry/api/index.js:1:18854)
    at /Users/ahmedsalem/Desktop/all my projects/uneom.com/node_modules/next/dist/server/lib/trace/tracer.js:122:103
    at NoopContextManager.with (/Users/ahmedsalem/Desktop/all my projects/uneom.com/node_modules/next/dist/compiled/@opentelemetry/api/index.js:1:7062)
    at ContextAPI.with (/Users/ahmedsalem/Desktop/all my projects/uneom.com/node_modules/next/dist/compiled/@opentelemetry/api/index.js:1:518) {
  digest: '2592674761'
}

Error occurred prerendering page "/locations/tabuk/supply-manufacturing". Read more: https://nextjs.org/docs/messages/prerender-error

TypeError: Cannot read properties of undefined (reading 'toLowerCase')
    at b (/Users/ahmedsalem/Desktop/all my projects/uneom.com/.next/server/app/locations/[city]/[industry]/page.js:1:4337)
    at eh (/Users/ahmedsalem/Desktop/all my projects/uneom.com/node_modules/next/dist/compiled/next-server/app-page.runtime.prod.js:12:134660)
    at e (/Users/ahmedsalem/Desktop/all my projects/uneom.com/node_modules/next/dist/compiled/next-server/app-page.runtime.prod.js:12:137545)
    at ek (/Users/ahmedsalem/Desktop/all my projects/uneom.com/node_modules/next/dist/compiled/next-server/app-page.runtime.prod.js:12:138019)
    at Array.toJSON (/Users/ahmedsalem/Desktop/all my projects/uneom.com/node_modules/next/dist/compiled/next-server/app-page.runtime.prod.js:12:135629)
    at stringify (<anonymous>)
    at eP (/Users/ahmedsalem/Desktop/all my projects/uneom.com/node_modules/next/dist/compiled/next-server/app-page.runtime.prod.js:12:142093)
    at eE (/Users/ahmedsalem/Desktop/all my projects/uneom.com/node_modules/next/dist/compiled/next-server/app-page.runtime.prod.js:12:142572)
    at AsyncLocalStorage.run (node:internal/async_local_storage/async_context_frame:63:14)
    at Timeout._onTimeout (/Users/ahmedsalem/Desktop/all my projects/uneom.com/node_modules/next/dist/compiled/next-server/app-page.runtime.prod.js:12:150373)
TypeError: Cannot read properties of undefined (reading 'toLowerCase')
    at b (/Users/ahmedsalem/Desktop/all my projects/uneom.com/.next/server/app/locations/[city]/[industry]/page.js:1:4337)
    at eh (/Users/ahmedsalem/Desktop/all my projects/uneom.com/node_modules/next/dist/compiled/next-server/app-page.runtime.prod.js:12:134660)
    at e (/Users/ahmedsalem/Desktop/all my projects/uneom.com/node_modules/next/dist/compiled/next-server/app-page.runtime.prod.js:12:137545)
    at ek (/Users/ahmedsalem/Desktop/all my projects/uneom.com/node_modules/next/dist/compiled/next-server/app-page.runtime.prod.js:12:138019)
    at Array.toJSON (/Users/ahmedsalem/Desktop/all my projects/uneom.com/node_modules/next/dist/compiled/next-server/app-page.runtime.prod.js:12:135629)
    at stringify (<anonymous>)
    at eP (/Users/ahmedsalem/Desktop/all my projects/uneom.com/node_modules/next/dist/compiled/next-server/app-page.runtime.prod.js:12:142093)
    at eE (/Users/ahmedsalem/Desktop/all my projects/uneom.com/node_modules/next/dist/compiled/next-server/app-page.runtime.prod.js:12:142572)
    at AsyncLocalStorage.run (node:internal/async_local_storage/async_context_frame:63:14)
    at Timeout._onTimeout (/Users/ahmedsalem/Desktop/all my projects/uneom.com/node_modules/next/dist/compiled/next-server/app-page.runtime.prod.js:12:150373) {
  digest: '785353560'
}

Error occurred prerendering page "/locations/tabuk/retail-shops". Read more: https://nextjs.org/docs/messages/prerender-error

TypeError: Cannot read properties of undefined (reading 'toLowerCase')
    at b (/Users/ahmedsalem/Desktop/all my projects/uneom.com/.next/server/app/locations/[city]/[industry]/page.js:1:4337)
    at eh (/Users/ahmedsalem/Desktop/all my projects/uneom.com/node_modules/next/dist/compiled/next-server/app-page.runtime.prod.js:12:134660)
    at e (/Users/ahmedsalem/Desktop/all my projects/uneom.com/node_modules/next/dist/compiled/next-server/app-page.runtime.prod.js:12:137545)
    at ek (/Users/ahmedsalem/Desktop/all my projects/uneom.com/node_modules/next/dist/compiled/next-server/app-page.runtime.prod.js:12:138019)
    at Array.toJSON (/Users/ahmedsalem/Desktop/all my projects/uneom.com/node_modules/next/dist/compiled/next-server/app-page.runtime.prod.js:12:135629)
    at stringify (<anonymous>)
    at eP (/Users/ahmedsalem/Desktop/all my projects/uneom.com/node_modules/next/dist/compiled/next-server/app-page.runtime.prod.js:12:142093)
    at eE (/Users/ahmedsalem/Desktop/all my projects/uneom.com/node_modules/next/dist/compiled/next-server/app-page.runtime.prod.js:12:142572)
    at AsyncLocalStorage.run (node:internal/async_local_storage/async_context_frame:63:14)
    at Timeout._onTimeout (/Users/ahmedsalem/Desktop/all my projects/uneom.com/node_modules/next/dist/compiled/next-server/app-page.runtime.prod.js:12:150373)
TypeError: Cannot read properties of undefined (reading 'toLowerCase')
    at b (/Users/ahmedsalem/Desktop/all my projects/uneom.com/.next/server/app/locations/[city]/[industry]/page.js:1:4337)
    at eh (/Users/ahmedsalem/Desktop/all my projects/uneom.com/node_modules/next/dist/compiled/next-server/app-page.runtime.prod.js:12:134660)
    at e (/Users/ahmedsalem/Desktop/all my projects/uneom.com/node_modules/next/dist/compiled/next-server/app-page.runtime.prod.js:12:137545)
    at ek (/Users/ahmedsalem/Desktop/all my projects/uneom.com/node_modules/next/dist/compiled/next-server/app-page.runtime.prod.js:12:138019)
    at Array.toJSON (/Users/ahmedsalem/Desktop/all my projects/uneom.com/node_modules/next/dist/compiled/next-server/app-page.runtime.prod.js:12:135629)
    at stringify (<anonymous>)
    at eP (/Users/ahmedsalem/Desktop/all my projects/uneom.com/node_modules/next/dist/compiled/next-server/app-page.runtime.prod.js:12:142093)
    at eE (/Users/ahmedsalem/Desktop/all my projects/uneom.com/node_modules/next/dist/compiled/next-server/app-page.runtime.prod.js:12:142572)
    at Timeout._onTimeout (/Users/ahmedsalem/Desktop/all my projects/uneom.com/node_modules/next/dist/compiled/next-server/app-page.runtime.prod.js:12:135349)
    at listOnTimeout (node:internal/timers:605:17) {
  digest: '2151575143'
}
TypeError: Cannot read properties of undefined (reading 'toLowerCase')
    at b (/Users/ahmedsalem/Desktop/all my projects/uneom.com/.next/server/app/locations/[city]/[industry]/page.js:1:4337)
    at eh (/Users/ahmedsalem/Desktop/all my projects/uneom.com/node_modules/next/dist/compiled/next-server/app-page.runtime.prod.js:12:134660)
    at e (/Users/ahmedsalem/Desktop/all my projects/uneom.com/node_modules/next/dist/compiled/next-server/app-page.runtime.prod.js:12:137545)
    at ek (/Users/ahmedsalem/Desktop/all my projects/uneom.com/node_modules/next/dist/compiled/next-server/app-page.runtime.prod.js:12:138019)
    at Array.toJSON (/Users/ahmedsalem/Desktop/all my projects/uneom.com/node_modules/next/dist/compiled/next-server/app-page.runtime.prod.js:12:135629)
    at stringify (<anonymous>)
    at eP (/Users/ahmedsalem/Desktop/all my projects/uneom.com/node_modules/next/dist/compiled/next-server/app-page.runtime.prod.js:12:142093)
    at eE (/Users/ahmedsalem/Desktop/all my projects/uneom.com/node_modules/next/dist/compiled/next-server/app-page.runtime.prod.js:12:142572)
    at Timeout._onTimeout (/Users/ahmedsalem/Desktop/all my projects/uneom.com/node_modules/next/dist/compiled/next-server/app-page.runtime.prod.js:12:135349)
    at listOnTimeout (node:internal/timers:605:17) {
  digest: '2151575143'
}

Error occurred prerendering page "/locations/abha/healthcare". Read more: https://nextjs.org/docs/messages/prerender-error

TypeError: Cannot read properties of undefined (reading 'toLowerCase')
    at b (/Users/ahmedsalem/Desktop/all my projects/uneom.com/.next/server/app/locations/[city]/[industry]/page.js:1:4337)
    at eh (/Users/ahmedsalem/Desktop/all my projects/uneom.com/node_modules/next/dist/compiled/next-server/app-page.runtime.prod.js:12:134660)
    at e (/Users/ahmedsalem/Desktop/all my projects/uneom.com/node_modules/next/dist/compiled/next-server/app-page.runtime.prod.js:12:137545)
    at ek (/Users/ahmedsalem/Desktop/all my projects/uneom.com/node_modules/next/dist/compiled/next-server/app-page.runtime.prod.js:12:138019)
    at Array.toJSON (/Users/ahmedsalem/Desktop/all my projects/uneom.com/node_modules/next/dist/compiled/next-server/app-page.runtime.prod.js:12:135629)
    at stringify (<anonymous>)
    at eP (/Users/ahmedsalem/Desktop/all my projects/uneom.com/node_modules/next/dist/compiled/next-server/app-page.runtime.prod.js:12:142093)
    at eE (/Users/ahmedsalem/Desktop/all my projects/uneom.com/node_modules/next/dist/compiled/next-server/app-page.runtime.prod.js:12:142572)
    at AsyncLocalStorage.run (node:internal/async_local_storage/async_context_frame:63:14)
    at Timeout._onTimeout (/Users/ahmedsalem/Desktop/all my projects/uneom.com/node_modules/next/dist/compiled/next-server/app-page.runtime.prod.js:12:150373)
TypeError: Cannot read properties of undefined (reading 'toLowerCase')
    at Module.y (/Users/ahmedsalem/Desktop/all my projects/uneom.com/.next/server/app/locations/[city]/[industry]/page.js:1:2657)
    at /Users/ahmedsalem/Desktop/all my projects/uneom.com/node_modules/next/dist/compiled/next-server/app-page.runtime.prod.js:12:227525
    at /Users/ahmedsalem/Desktop/all my projects/uneom.com/node_modules/next/dist/server/lib/trace/tracer.js:140:36
    at NoopContextManager.with (/Users/ahmedsalem/Desktop/all my projects/uneom.com/node_modules/next/dist/compiled/@opentelemetry/api/index.js:1:7062)
    at ContextAPI.with (/Users/ahmedsalem/Desktop/all my projects/uneom.com/node_modules/next/dist/compiled/@opentelemetry/api/index.js:1:518)
    at NoopTracer.startActiveSpan (/Users/ahmedsalem/Desktop/all my projects/uneom.com/node_modules/next/dist/compiled/@opentelemetry/api/index.js:1:18093)
    at ProxyTracer.startActiveSpan (/Users/ahmedsalem/Desktop/all my projects/uneom.com/node_modules/next/dist/compiled/@opentelemetry/api/index.js:1:18854)
    at /Users/ahmedsalem/Desktop/all my projects/uneom.com/node_modules/next/dist/server/lib/trace/tracer.js:122:103
    at NoopContextManager.with (/Users/ahmedsalem/Desktop/all my projects/uneom.com/node_modules/next/dist/compiled/@opentelemetry/api/index.js:1:7062)
    at ContextAPI.with (/Users/ahmedsalem/Desktop/all my projects/uneom.com/node_modules/next/dist/compiled/@opentelemetry/api/index.js:1:518) {
  digest: '2592674761'
}

Error occurred prerendering page "/locations/abha/hospitality". Read more: https://nextjs.org/docs/messages/prerender-error

TypeError: Cannot read properties of undefined (reading 'toLowerCase')
    at b (/Users/ahmedsalem/Desktop/all my projects/uneom.com/.next/server/app/locations/[city]/[industry]/page.js:1:4337)
    at eh (/Users/ahmedsalem/Desktop/all my projects/uneom.com/node_modules/next/dist/compiled/next-server/app-page.runtime.prod.js:12:134660)
    at e (/Users/ahmedsalem/Desktop/all my projects/uneom.com/node_modules/next/dist/compiled/next-server/app-page.runtime.prod.js:12:137545)
    at ek (/Users/ahmedsalem/Desktop/all my projects/uneom.com/node_modules/next/dist/compiled/next-server/app-page.runtime.prod.js:12:138019)
    at Array.toJSON (/Users/ahmedsalem/Desktop/all my projects/uneom.com/node_modules/next/dist/compiled/next-server/app-page.runtime.prod.js:12:135629)
    at stringify (<anonymous>)
    at eP (/Users/ahmedsalem/Desktop/all my projects/uneom.com/node_modules/next/dist/compiled/next-server/app-page.runtime.prod.js:12:142093)
    at eE (/Users/ahmedsalem/Desktop/all my projects/uneom.com/node_modules/next/dist/compiled/next-server/app-page.runtime.prod.js:12:142572)
    at AsyncLocalStorage.run (node:internal/async_local_storage/async_context_frame:63:14)
    at Timeout._onTimeout (/Users/ahmedsalem/Desktop/all my projects/uneom.com/node_modules/next/dist/compiled/next-server/app-page.runtime.prod.js:12:150373)
TypeError: Cannot read properties of undefined (reading 'toLowerCase')
    at Module.y (/Users/ahmedsalem/Desktop/all my projects/uneom.com/.next/server/app/locations/[city]/[industry]/page.js:1:2657)
    at /Users/ahmedsalem/Desktop/all my projects/uneom.com/node_modules/next/dist/compiled/next-server/app-page.runtime.prod.js:12:227525
    at /Users/ahmedsalem/Desktop/all my projects/uneom.com/node_modules/next/dist/server/lib/trace/tracer.js:140:36
    at NoopContextManager.with (/Users/ahmedsalem/Desktop/all my projects/uneom.com/node_modules/next/dist/compiled/@opentelemetry/api/index.js:1:7062)
    at ContextAPI.with (/Users/ahmedsalem/Desktop/all my projects/uneom.com/node_modules/next/dist/compiled/@opentelemetry/api/index.js:1:518)
    at NoopTracer.startActiveSpan (/Users/ahmedsalem/Desktop/all my projects/uneom.com/node_modules/next/dist/compiled/@opentelemetry/api/index.js:1:18093)
    at ProxyTracer.startActiveSpan (/Users/ahmedsalem/Desktop/all my projects/uneom.com/node_modules/next/dist/compiled/@opentelemetry/api/index.js:1:18854)
    at /Users/ahmedsalem/Desktop/all my projects/uneom.com/node_modules/next/dist/server/lib/trace/tracer.js:122:103
    at NoopContextManager.with (/Users/ahmedsalem/Desktop/all my projects/uneom.com/node_modules/next/dist/compiled/@opentelemetry/api/index.js:1:7062)
    at ContextAPI.with (/Users/ahmedsalem/Desktop/all my projects/uneom.com/node_modules/next/dist/compiled/@opentelemetry/api/index.js:1:518) {
  digest: '2592674761'
}
TypeError: Cannot read properties of undefined (reading 'toLowerCase')
    at Module.y (/Users/ahmedsalem/Desktop/all my projects/uneom.com/.next/server/app/locations/[city]/[industry]/page.js:1:2657)
    at /Users/ahmedsalem/Desktop/all my projects/uneom.com/node_modules/next/dist/compiled/next-server/app-page.runtime.prod.js:12:227525
    at /Users/ahmedsalem/Desktop/all my projects/uneom.com/node_modules/next/dist/server/lib/trace/tracer.js:140:36
    at NoopContextManager.with (/Users/ahmedsalem/Desktop/all my projects/uneom.com/node_modules/next/dist/compiled/@opentelemetry/api/index.js:1:7062)
    at ContextAPI.with (/Users/ahmedsalem/Desktop/all my projects/uneom.com/node_modules/next/dist/compiled/@opentelemetry/api/index.js:1:518)
    at NoopTracer.startActiveSpan (/Users/ahmedsalem/Desktop/all my projects/uneom.com/node_modules/next/dist/compiled/@opentelemetry/api/index.js:1:18093)
    at ProxyTracer.startActiveSpan (/Users/ahmedsalem/Desktop/all my projects/uneom.com/node_modules/next/dist/compiled/@opentelemetry/api/index.js:1:18854)
    at /Users/ahmedsalem/Desktop/all my projects/uneom.com/node_modules/next/dist/server/lib/trace/tracer.js:122:103
    at NoopContextManager.with (/Users/ahmedsalem/Desktop/all my projects/uneom.com/node_modules/next/dist/compiled/@opentelemetry/api/index.js:1:7062)
    at ContextAPI.with (/Users/ahmedsalem/Desktop/all my projects/uneom.com/node_modules/next/dist/compiled/@opentelemetry/api/index.js:1:518) {
  digest: '2592674761'
}
TypeError: Cannot read properties of undefined (reading 'toLowerCase')
    at b (/Users/ahmedsalem/Desktop/all my projects/uneom.com/.next/server/app/locations/[city]/[industry]/page.js:1:4337)
    at eh (/Users/ahmedsalem/Desktop/all my projects/uneom.com/node_modules/next/dist/compiled/next-server/app-page.runtime.prod.js:12:134660)
    at e (/Users/ahmedsalem/Desktop/all my projects/uneom.com/node_modules/next/dist/compiled/next-server/app-page.runtime.prod.js:12:137545)
    at ek (/Users/ahmedsalem/Desktop/all my projects/uneom.com/node_modules/next/dist/compiled/next-server/app-page.runtime.prod.js:12:138019)
    at Array.toJSON (/Users/ahmedsalem/Desktop/all my projects/uneom.com/node_modules/next/dist/compiled/next-server/app-page.runtime.prod.js:12:135629)
    at stringify (<anonymous>)
    at eP (/Users/ahmedsalem/Desktop/all my projects/uneom.com/node_modules/next/dist/compiled/next-server/app-page.runtime.prod.js:12:142093)
    at eE (/Users/ahmedsalem/Desktop/all my projects/uneom.com/node_modules/next/dist/compiled/next-server/app-page.runtime.prod.js:12:142572)
    at AsyncLocalStorage.run (node:internal/async_local_storage/async_context_frame:63:14)
    at Timeout._onTimeout (/Users/ahmedsalem/Desktop/all my projects/uneom.com/node_modules/next/dist/compiled/next-server/app-page.runtime.prod.js:12:150373) {
  digest: '785353560'
}

Error occurred prerendering page "/locations/abha/aviation". Read more: https://nextjs.org/docs/messages/prerender-error

TypeError: Cannot read properties of undefined (reading 'toLowerCase')
    at b (/Users/ahmedsalem/Desktop/all my projects/uneom.com/.next/server/app/locations/[city]/[industry]/page.js:1:4337)
    at eh (/Users/ahmedsalem/Desktop/all my projects/uneom.com/node_modules/next/dist/compiled/next-server/app-page.runtime.prod.js:12:134660)
    at e (/Users/ahmedsalem/Desktop/all my projects/uneom.com/node_modules/next/dist/compiled/next-server/app-page.runtime.prod.js:12:137545)
    at ek (/Users/ahmedsalem/Desktop/all my projects/uneom.com/node_modules/next/dist/compiled/next-server/app-page.runtime.prod.js:12:138019)
    at Array.toJSON (/Users/ahmedsalem/Desktop/all my projects/uneom.com/node_modules/next/dist/compiled/next-server/app-page.runtime.prod.js:12:135629)
    at stringify (<anonymous>)
    at eP (/Users/ahmedsalem/Desktop/all my projects/uneom.com/node_modules/next/dist/compiled/next-server/app-page.runtime.prod.js:12:142093)
    at eE (/Users/ahmedsalem/Desktop/all my projects/uneom.com/node_modules/next/dist/compiled/next-server/app-page.runtime.prod.js:12:142572)
    at AsyncLocalStorage.run (node:internal/async_local_storage/async_context_frame:63:14)
    at Timeout._onTimeout (/Users/ahmedsalem/Desktop/all my projects/uneom.com/node_modules/next/dist/compiled/next-server/app-page.runtime.prod.js:12:150373)
TypeError: Cannot read properties of undefined (reading 'toLowerCase')
    at b (/Users/ahmedsalem/Desktop/all my projects/uneom.com/.next/server/app/locations/[city]/[industry]/page.js:1:4337)
    at eh (/Users/ahmedsalem/Desktop/all my projects/uneom.com/node_modules/next/dist/compiled/next-server/app-page.runtime.prod.js:12:134660)
    at e (/Users/ahmedsalem/Desktop/all my projects/uneom.com/node_modules/next/dist/compiled/next-server/app-page.runtime.prod.js:12:137545)
    at ek (/Users/ahmedsalem/Desktop/all my projects/uneom.com/node_modules/next/dist/compiled/next-server/app-page.runtime.prod.js:12:138019)
    at Array.toJSON (/Users/ahmedsalem/Desktop/all my projects/uneom.com/node_modules/next/dist/compiled/next-server/app-page.runtime.prod.js:12:135629)
    at stringify (<anonymous>)
    at eP (/Users/ahmedsalem/Desktop/all my projects/uneom.com/node_modules/next/dist/compiled/next-server/app-page.runtime.prod.js:12:142093)
    at eE (/Users/ahmedsalem/Desktop/all my projects/uneom.com/node_modules/next/dist/compiled/next-server/app-page.runtime.prod.js:12:142572)
    at AsyncLocalStorage.run (node:internal/async_local_storage/async_context_frame:63:14)
    at Timeout._onTimeout (/Users/ahmedsalem/Desktop/all my projects/uneom.com/node_modules/next/dist/compiled/next-server/app-page.runtime.prod.js:12:150373) {
  digest: '785353560'
}
TypeError: Cannot read properties of undefined (reading 'toLowerCase')
    at b (/Users/ahmedsalem/Desktop/all my projects/uneom.com/.next/server/app/locations/[city]/[industry]/page.js:1:4337)
    at eh (/Users/ahmedsalem/Desktop/all my projects/uneom.com/node_modules/next/dist/compiled/next-server/app-page.runtime.prod.js:12:134660)
    at e (/Users/ahmedsalem/Desktop/all my projects/uneom.com/node_modules/next/dist/compiled/next-server/app-page.runtime.prod.js:12:137545)
    at ek (/Users/ahmedsalem/Desktop/all my projects/uneom.com/node_modules/next/dist/compiled/next-server/app-page.runtime.prod.js:12:138019)
    at Array.toJSON (/Users/ahmedsalem/Desktop/all my projects/uneom.com/node_modules/next/dist/compiled/next-server/app-page.runtime.prod.js:12:135629)
    at stringify (<anonymous>)
    at eP (/Users/ahmedsalem/Desktop/all my projects/uneom.com/node_modules/next/dist/compiled/next-server/app-page.runtime.prod.js:12:142093)
    at eE (/Users/ahmedsalem/Desktop/all my projects/uneom.com/node_modules/next/dist/compiled/next-server/app-page.runtime.prod.js:12:142572)
    at Timeout._onTimeout (/Users/ahmedsalem/Desktop/all my projects/uneom.com/node_modules/next/dist/compiled/next-server/app-page.runtime.prod.js:12:135349)
    at listOnTimeout (node:internal/timers:605:17) {
  digest: '2151575143'
}
TypeError: Cannot read properties of undefined (reading 'toLowerCase')
    at b (/Users/ahmedsalem/Desktop/all my projects/uneom.com/.next/server/app/locations/[city]/[industry]/page.js:1:4337)
    at eh (/Users/ahmedsalem/Desktop/all my projects/uneom.com/node_modules/next/dist/compiled/next-server/app-page.runtime.prod.js:12:134660)
    at e (/Users/ahmedsalem/Desktop/all my projects/uneom.com/node_modules/next/dist/compiled/next-server/app-page.runtime.prod.js:12:137545)
    at ek (/Users/ahmedsalem/Desktop/all my projects/uneom.com/node_modules/next/dist/compiled/next-server/app-page.runtime.prod.js:12:138019)
    at Array.toJSON (/Users/ahmedsalem/Desktop/all my projects/uneom.com/node_modules/next/dist/compiled/next-server/app-page.runtime.prod.js:12:135629)
    at stringify (<anonymous>)
    at eP (/Users/ahmedsalem/Desktop/all my projects/uneom.com/node_modules/next/dist/compiled/next-server/app-page.runtime.prod.js:12:142093)
    at eE (/Users/ahmedsalem/Desktop/all my projects/uneom.com/node_modules/next/dist/compiled/next-server/app-page.runtime.prod.js:12:142572)
    at AsyncLocalStorage.run (node:internal/async_local_storage/async_context_frame:63:14)
    at Timeout._onTimeout (/Users/ahmedsalem/Desktop/all my projects/uneom.com/node_modules/next/dist/compiled/next-server/app-page.runtime.prod.js:12:150373) {
  digest: '785353560'
}
TypeError: Cannot read properties of undefined (reading 'toLowerCase')
    at Module.y (/Users/ahmedsalem/Desktop/all my projects/uneom.com/.next/server/app/locations/[city]/[industry]/page.js:1:2657)
    at /Users/ahmedsalem/Desktop/all my projects/uneom.com/node_modules/next/dist/compiled/next-server/app-page.runtime.prod.js:12:227525
    at /Users/ahmedsalem/Desktop/all my projects/uneom.com/node_modules/next/dist/server/lib/trace/tracer.js:140:36
    at NoopContextManager.with (/Users/ahmedsalem/Desktop/all my projects/uneom.com/node_modules/next/dist/compiled/@opentelemetry/api/index.js:1:7062)
    at ContextAPI.with (/Users/ahmedsalem/Desktop/all my projects/uneom.com/node_modules/next/dist/compiled/@opentelemetry/api/index.js:1:518)
    at NoopTracer.startActiveSpan (/Users/ahmedsalem/Desktop/all my projects/uneom.com/node_modules/next/dist/compiled/@opentelemetry/api/index.js:1:18093)
    at ProxyTracer.startActiveSpan (/Users/ahmedsalem/Desktop/all my projects/uneom.com/node_modules/next/dist/compiled/@opentelemetry/api/index.js:1:18854)
    at /Users/ahmedsalem/Desktop/all my projects/uneom.com/node_modules/next/dist/server/lib/trace/tracer.js:122:103
    at NoopContextManager.with (/Users/ahmedsalem/Desktop/all my projects/uneom.com/node_modules/next/dist/compiled/@opentelemetry/api/index.js:1:7062)
    at ContextAPI.with (/Users/ahmedsalem/Desktop/all my projects/uneom.com/node_modules/next/dist/compiled/@opentelemetry/api/index.js:1:518) {
  digest: '2592674761'
}
TypeError: Cannot read properties of undefined (reading 'toLowerCase')
    at b (/Users/ahmedsalem/Desktop/all my projects/uneom.com/.next/server/app/locations/[city]/[industry]/page.js:1:4337)
    at eh (/Users/ahmedsalem/Desktop/all my projects/uneom.com/node_modules/next/dist/compiled/next-server/app-page.runtime.prod.js:12:134660)
    at e (/Users/ahmedsalem/Desktop/all my projects/uneom.com/node_modules/next/dist/compiled/next-server/app-page.runtime.prod.js:12:137545)
    at ek (/Users/ahmedsalem/Desktop/all my projects/uneom.com/node_modules/next/dist/compiled/next-server/app-page.runtime.prod.js:12:138019)
    at Array.toJSON (/Users/ahmedsalem/Desktop/all my projects/uneom.com/node_modules/next/dist/compiled/next-server/app-page.runtime.prod.js:12:135629)
    at stringify (<anonymous>)
    at eP (/Users/ahmedsalem/Desktop/all my projects/uneom.com/node_modules/next/dist/compiled/next-server/app-page.runtime.prod.js:12:142093)
    at eE (/Users/ahmedsalem/Desktop/all my projects/uneom.com/node_modules/next/dist/compiled/next-server/app-page.runtime.prod.js:12:142572)
    at Timeout._onTimeout (/Users/ahmedsalem/Desktop/all my projects/uneom.com/node_modules/next/dist/compiled/next-server/app-page.runtime.prod.js:12:135349)
    at listOnTimeout (node:internal/timers:605:17) {
  digest: '2151575143'
}

Error occurred prerendering page "/locations/abha/corporate". Read more: https://nextjs.org/docs/messages/prerender-error

TypeError: Cannot read properties of undefined (reading 'toLowerCase')
    at b (/Users/ahmedsalem/Desktop/all my projects/uneom.com/.next/server/app/locations/[city]/[industry]/page.js:1:4337)
    at eh (/Users/ahmedsalem/Desktop/all my projects/uneom.com/node_modules/next/dist/compiled/next-server/app-page.runtime.prod.js:12:134660)
    at e (/Users/ahmedsalem/Desktop/all my projects/uneom.com/node_modules/next/dist/compiled/next-server/app-page.runtime.prod.js:12:137545)
    at ek (/Users/ahmedsalem/Desktop/all my projects/uneom.com/node_modules/next/dist/compiled/next-server/app-page.runtime.prod.js:12:138019)
    at Array.toJSON (/Users/ahmedsalem/Desktop/all my projects/uneom.com/node_modules/next/dist/compiled/next-server/app-page.runtime.prod.js:12:135629)
    at stringify (<anonymous>)
    at eP (/Users/ahmedsalem/Desktop/all my projects/uneom.com/node_modules/next/dist/compiled/next-server/app-page.runtime.prod.js:12:142093)
    at eE (/Users/ahmedsalem/Desktop/all my projects/uneom.com/node_modules/next/dist/compiled/next-server/app-page.runtime.prod.js:12:142572)
    at AsyncLocalStorage.run (node:internal/async_local_storage/async_context_frame:63:14)
    at Timeout._onTimeout (/Users/ahmedsalem/Desktop/all my projects/uneom.com/node_modules/next/dist/compiled/next-server/app-page.runtime.prod.js:12:150373)
TypeError: Cannot read properties of undefined (reading 'toLowerCase')
    at Module.y (/Users/ahmedsalem/Desktop/all my projects/uneom.com/.next/server/app/locations/[city]/[industry]/page.js:1:2657)
    at /Users/ahmedsalem/Desktop/all my projects/uneom.com/node_modules/next/dist/compiled/next-server/app-page.runtime.prod.js:12:227525
    at /Users/ahmedsalem/Desktop/all my projects/uneom.com/node_modules/next/dist/server/lib/trace/tracer.js:140:36
    at NoopContextManager.with (/Users/ahmedsalem/Desktop/all my projects/uneom.com/node_modules/next/dist/compiled/@opentelemetry/api/index.js:1:7062)
    at ContextAPI.with (/Users/ahmedsalem/Desktop/all my projects/uneom.com/node_modules/next/dist/compiled/@opentelemetry/api/index.js:1:518)
    at NoopTracer.startActiveSpan (/Users/ahmedsalem/Desktop/all my projects/uneom.com/node_modules/next/dist/compiled/@opentelemetry/api/index.js:1:18093)
    at ProxyTracer.startActiveSpan (/Users/ahmedsalem/Desktop/all my projects/uneom.com/node_modules/next/dist/compiled/@opentelemetry/api/index.js:1:18854)
    at /Users/ahmedsalem/Desktop/all my projects/uneom.com/node_modules/next/dist/server/lib/trace/tracer.js:122:103
    at NoopContextManager.with (/Users/ahmedsalem/Desktop/all my projects/uneom.com/node_modules/next/dist/compiled/@opentelemetry/api/index.js:1:7062)
    at ContextAPI.with (/Users/ahmedsalem/Desktop/all my projects/uneom.com/node_modules/next/dist/compiled/@opentelemetry/api/index.js:1:518) {
  digest: '2592674761'
}
TypeError: Cannot read properties of undefined (reading 'toLowerCase')
    at b (/Users/ahmedsalem/Desktop/all my projects/uneom.com/.next/server/app/locations/[city]/[industry]/page.js:1:4337)
    at eh (/Users/ahmedsalem/Desktop/all my projects/uneom.com/node_modules/next/dist/compiled/next-server/app-page.runtime.prod.js:12:134660)
    at e (/Users/ahmedsalem/Desktop/all my projects/uneom.com/node_modules/next/dist/compiled/next-server/app-page.runtime.prod.js:12:137545)
    at ek (/Users/ahmedsalem/Desktop/all my projects/uneom.com/node_modules/next/dist/compiled/next-server/app-page.runtime.prod.js:12:138019)
    at Array.toJSON (/Users/ahmedsalem/Desktop/all my projects/uneom.com/node_modules/next/dist/compiled/next-server/app-page.runtime.prod.js:12:135629)
    at stringify (<anonymous>)
    at eP (/Users/ahmedsalem/Desktop/all my projects/uneom.com/node_modules/next/dist/compiled/next-server/app-page.runtime.prod.js:12:142093)
    at eE (/Users/ahmedsalem/Desktop/all my projects/uneom.com/node_modules/next/dist/compiled/next-server/app-page.runtime.prod.js:12:142572)
    at Timeout._onTimeout (/Users/ahmedsalem/Desktop/all my projects/uneom.com/node_modules/next/dist/compiled/next-server/app-page.runtime.prod.js:12:135349)
    at listOnTimeout (node:internal/timers:605:17) {
  digest: '2151575143'
}
TypeError: Cannot read properties of undefined (reading 'toLowerCase')
    at b (/Users/ahmedsalem/Desktop/all my projects/uneom.com/.next/server/app/locations/[city]/[industry]/page.js:1:4337)
    at eh (/Users/ahmedsalem/Desktop/all my projects/uneom.com/node_modules/next/dist/compiled/next-server/app-page.runtime.prod.js:12:134660)
    at e (/Users/ahmedsalem/Desktop/all my projects/uneom.com/node_modules/next/dist/compiled/next-server/app-page.runtime.prod.js:12:137545)
    at ek (/Users/ahmedsalem/Desktop/all my projects/uneom.com/node_modules/next/dist/compiled/next-server/app-page.runtime.prod.js:12:138019)
    at Array.toJSON (/Users/ahmedsalem/Desktop/all my projects/uneom.com/node_modules/next/dist/compiled/next-server/app-page.runtime.prod.js:12:135629)
    at stringify (<anonymous>)
    at eP (/Users/ahmedsalem/Desktop/all my projects/uneom.com/node_modules/next/dist/compiled/next-server/app-page.runtime.prod.js:12:142093)
    at eE (/Users/ahmedsalem/Desktop/all my projects/uneom.com/node_modules/next/dist/compiled/next-server/app-page.runtime.prod.js:12:142572)
    at AsyncLocalStorage.run (node:internal/async_local_storage/async_context_frame:63:14)
    at Timeout._onTimeout (/Users/ahmedsalem/Desktop/all my projects/uneom.com/node_modules/next/dist/compiled/next-server/app-page.runtime.prod.js:12:150373) {
  digest: '785353560'
}
TypeError: Cannot read properties of undefined (reading 'toLowerCase')
    at Module.y (/Users/ahmedsalem/Desktop/all my projects/uneom.com/.next/server/app/locations/[city]/[industry]/page.js:1:2657)
    at /Users/ahmedsalem/Desktop/all my projects/uneom.com/node_modules/next/dist/compiled/next-server/app-page.runtime.prod.js:12:227525
    at /Users/ahmedsalem/Desktop/all my projects/uneom.com/node_modules/next/dist/server/lib/trace/tracer.js:140:36
    at NoopContextManager.with (/Users/ahmedsalem/Desktop/all my projects/uneom.com/node_modules/next/dist/compiled/@opentelemetry/api/index.js:1:7062)
    at ContextAPI.with (/Users/ahmedsalem/Desktop/all my projects/uneom.com/node_modules/next/dist/compiled/@opentelemetry/api/index.js:1:518)
    at NoopTracer.startActiveSpan (/Users/ahmedsalem/Desktop/all my projects/uneom.com/node_modules/next/dist/compiled/@opentelemetry/api/index.js:1:18093)
    at ProxyTracer.startActiveSpan (/Users/ahmedsalem/Desktop/all my projects/uneom.com/node_modules/next/dist/compiled/@opentelemetry/api/index.js:1:18854)
    at /Users/ahmedsalem/Desktop/all my projects/uneom.com/node_modules/next/dist/server/lib/trace/tracer.js:122:103
    at NoopContextManager.with (/Users/ahmedsalem/Desktop/all my projects/uneom.com/node_modules/next/dist/compiled/@opentelemetry/api/index.js:1:7062)
    at ContextAPI.with (/Users/ahmedsalem/Desktop/all my projects/uneom.com/node_modules/next/dist/compiled/@opentelemetry/api/index.js:1:518) {
  digest: '2592674761'
}
TypeError: Cannot read properties of undefined (reading 'toLowerCase')
    at b (/Users/ahmedsalem/Desktop/all my projects/uneom.com/.next/server/app/locations/[city]/[industry]/page.js:1:4337)
    at eh (/Users/ahmedsalem/Desktop/all my projects/uneom.com/node_modules/next/dist/compiled/next-server/app-page.runtime.prod.js:12:134660)
    at e (/Users/ahmedsalem/Desktop/all my projects/uneom.com/node_modules/next/dist/compiled/next-server/app-page.runtime.prod.js:12:137545)
    at ek (/Users/ahmedsalem/Desktop/all my projects/uneom.com/node_modules/next/dist/compiled/next-server/app-page.runtime.prod.js:12:138019)
    at Array.toJSON (/Users/ahmedsalem/Desktop/all my projects/uneom.com/node_modules/next/dist/compiled/next-server/app-page.runtime.prod.js:12:135629)
    at stringify (<anonymous>)
    at eP (/Users/ahmedsalem/Desktop/all my projects/uneom.com/node_modules/next/dist/compiled/next-server/app-page.runtime.prod.js:12:142093)
    at eE (/Users/ahmedsalem/Desktop/all my projects/uneom.com/node_modules/next/dist/compiled/next-server/app-page.runtime.prod.js:12:142572)
    at AsyncLocalStorage.run (node:internal/async_local_storage/async_context_frame:63:14)
    at Timeout._onTimeout (/Users/ahmedsalem/Desktop/all my projects/uneom.com/node_modules/next/dist/compiled/next-server/app-page.runtime.prod.js:12:150373) {
  digest: '785353560'
}
TypeError: Cannot read properties of undefined (reading 'toLowerCase')
    at b (/Users/ahmedsalem/Desktop/all my projects/uneom.com/.next/server/app/locations/[city]/[industry]/page.js:1:4337)
    at eh (/Users/ahmedsalem/Desktop/all my projects/uneom.com/node_modules/next/dist/compiled/next-server/app-page.runtime.prod.js:12:134660)
    at e (/Users/ahmedsalem/Desktop/all my projects/uneom.com/node_modules/next/dist/compiled/next-server/app-page.runtime.prod.js:12:137545)
    at ek (/Users/ahmedsalem/Desktop/all my projects/uneom.com/node_modules/next/dist/compiled/next-server/app-page.runtime.prod.js:12:138019)
    at Array.toJSON (/Users/ahmedsalem/Desktop/all my projects/uneom.com/node_modules/next/dist/compiled/next-server/app-page.runtime.prod.js:12:135629)
    at stringify (<anonymous>)
    at eP (/Users/ahmedsalem/Desktop/all my projects/uneom.com/node_modules/next/dist/compiled/next-server/app-page.runtime.prod.js:12:142093)
    at eE (/Users/ahmedsalem/Desktop/all my projects/uneom.com/node_modules/next/dist/compiled/next-server/app-page.runtime.prod.js:12:142572)
    at Timeout._onTimeout (/Users/ahmedsalem/Desktop/all my projects/uneom.com/node_modules/next/dist/compiled/next-server/app-page.runtime.prod.js:12:135349)
    at listOnTimeout (node:internal/timers:605:17) {
  digest: '2151575143'
}
TypeError: Cannot read properties of undefined (reading 'toLowerCase')
    at Module.y (/Users/ahmedsalem/Desktop/all my projects/uneom.com/.next/server/app/locations/[city]/[industry]/page.js:1:2657)
    at /Users/ahmedsalem/Desktop/all my projects/uneom.com/node_modules/next/dist/compiled/next-server/app-page.runtime.prod.js:12:227525
    at /Users/ahmedsalem/Desktop/all my projects/uneom.com/node_modules/next/dist/server/lib/trace/tracer.js:140:36
    at NoopContextManager.with (/Users/ahmedsalem/Desktop/all my projects/uneom.com/node_modules/next/dist/compiled/@opentelemetry/api/index.js:1:7062)
    at ContextAPI.with (/Users/ahmedsalem/Desktop/all my projects/uneom.com/node_modules/next/dist/compiled/@opentelemetry/api/index.js:1:518)
    at NoopTracer.startActiveSpan (/Users/ahmedsalem/Desktop/all my projects/uneom.com/node_modules/next/dist/compiled/@opentelemetry/api/index.js:1:18093)
    at ProxyTracer.startActiveSpan (/Users/ahmedsalem/Desktop/all my projects/uneom.com/node_modules/next/dist/compiled/@opentelemetry/api/index.js:1:18854)
    at /Users/ahmedsalem/Desktop/all my projects/uneom.com/node_modules/next/dist/server/lib/trace/tracer.js:122:103
    at NoopContextManager.with (/Users/ahmedsalem/Desktop/all my projects/uneom.com/node_modules/next/dist/compiled/@opentelemetry/api/index.js:1:7062)
    at ContextAPI.with (/Users/ahmedsalem/Desktop/all my projects/uneom.com/node_modules/next/dist/compiled/@opentelemetry/api/index.js:1:518) {
  digest: '2592674761'
}
TypeError: Cannot read properties of undefined (reading 'toLowerCase')
    at Module.y (/Users/ahmedsalem/Desktop/all my projects/uneom.com/.next/server/app/locations/[city]/[industry]/page.js:1:2657)
    at /Users/ahmedsalem/Desktop/all my projects/uneom.com/node_modules/next/dist/compiled/next-server/app-page.runtime.prod.js:12:227525
    at /Users/ahmedsalem/Desktop/all my projects/uneom.com/node_modules/next/dist/server/lib/trace/tracer.js:140:36
    at NoopContextManager.with (/Users/ahmedsalem/Desktop/all my projects/uneom.com/node_modules/next/dist/compiled/@opentelemetry/api/index.js:1:7062)
    at ContextAPI.with (/Users/ahmedsalem/Desktop/all my projects/uneom.com/node_modules/next/dist/compiled/@opentelemetry/api/index.js:1:518)
    at NoopTracer.startActiveSpan (/Users/ahmedsalem/Desktop/all my projects/uneom.com/node_modules/next/dist/compiled/@opentelemetry/api/index.js:1:18093)
    at ProxyTracer.startActiveSpan (/Users/ahmedsalem/Desktop/all my projects/uneom.com/node_modules/next/dist/compiled/@opentelemetry/api/index.js:1:18854)
    at /Users/ahmedsalem/Desktop/all my projects/uneom.com/node_modules/next/dist/server/lib/trace/tracer.js:122:103
    at NoopContextManager.with (/Users/ahmedsalem/Desktop/all my projects/uneom.com/node_modules/next/dist/compiled/@opentelemetry/api/index.js:1:7062)
    at ContextAPI.with (/Users/ahmedsalem/Desktop/all my projects/uneom.com/node_modules/next/dist/compiled/@opentelemetry/api/index.js:1:518) {
  digest: '2592674761'
}

Error occurred prerendering page "/locations/abha/education". Read more: https://nextjs.org/docs/messages/prerender-error

TypeError: Cannot read properties of undefined (reading 'toLowerCase')
    at b (/Users/ahmedsalem/Desktop/all my projects/uneom.com/.next/server/app/locations/[city]/[industry]/page.js:1:4337)
    at eh (/Users/ahmedsalem/Desktop/all my projects/uneom.com/node_modules/next/dist/compiled/next-server/app-page.runtime.prod.js:12:134660)
    at e (/Users/ahmedsalem/Desktop/all my projects/uneom.com/node_modules/next/dist/compiled/next-server/app-page.runtime.prod.js:12:137545)
    at ek (/Users/ahmedsalem/Desktop/all my projects/uneom.com/node_modules/next/dist/compiled/next-server/app-page.runtime.prod.js:12:138019)
    at Array.toJSON (/Users/ahmedsalem/Desktop/all my projects/uneom.com/node_modules/next/dist/compiled/next-server/app-page.runtime.prod.js:12:135629)
    at stringify (<anonymous>)
    at eP (/Users/ahmedsalem/Desktop/all my projects/uneom.com/node_modules/next/dist/compiled/next-server/app-page.runtime.prod.js:12:142093)
    at eE (/Users/ahmedsalem/Desktop/all my projects/uneom.com/node_modules/next/dist/compiled/next-server/app-page.runtime.prod.js:12:142572)
    at AsyncLocalStorage.run (node:internal/async_local_storage/async_context_frame:63:14)
    at Timeout._onTimeout (/Users/ahmedsalem/Desktop/all my projects/uneom.com/node_modules/next/dist/compiled/next-server/app-page.runtime.prod.js:12:150373)
TypeError: Cannot read properties of undefined (reading 'toLowerCase')
    at b (/Users/ahmedsalem/Desktop/all my projects/uneom.com/.next/server/app/locations/[city]/[industry]/page.js:1:4337)
    at eh (/Users/ahmedsalem/Desktop/all my projects/uneom.com/node_modules/next/dist/compiled/next-server/app-page.runtime.prod.js:12:134660)
    at e (/Users/ahmedsalem/Desktop/all my projects/uneom.com/node_modules/next/dist/compiled/next-server/app-page.runtime.prod.js:12:137545)
    at ek (/Users/ahmedsalem/Desktop/all my projects/uneom.com/node_modules/next/dist/compiled/next-server/app-page.runtime.prod.js:12:138019)
    at Array.toJSON (/Users/ahmedsalem/Desktop/all my projects/uneom.com/node_modules/next/dist/compiled/next-server/app-page.runtime.prod.js:12:135629)
    at stringify (<anonymous>)
    at eP (/Users/ahmedsalem/Desktop/all my projects/uneom.com/node_modules/next/dist/compiled/next-server/app-page.runtime.prod.js:12:142093)
    at eE (/Users/ahmedsalem/Desktop/all my projects/uneom.com/node_modules/next/dist/compiled/next-server/app-page.runtime.prod.js:12:142572)
    at Timeout._onTimeout (/Users/ahmedsalem/Desktop/all my projects/uneom.com/node_modules/next/dist/compiled/next-server/app-page.runtime.prod.js:12:135349)
    at listOnTimeout (node:internal/timers:605:17) {
  digest: '2151575143'
}
TypeError: Cannot read properties of undefined (reading 'toLowerCase')
    at Module.y (/Users/ahmedsalem/Desktop/all my projects/uneom.com/.next/server/app/locations/[city]/[industry]/page.js:1:2657)
    at /Users/ahmedsalem/Desktop/all my projects/uneom.com/node_modules/next/dist/compiled/next-server/app-page.runtime.prod.js:12:227525
    at /Users/ahmedsalem/Desktop/all my projects/uneom.com/node_modules/next/dist/server/lib/trace/tracer.js:140:36
    at NoopContextManager.with (/Users/ahmedsalem/Desktop/all my projects/uneom.com/node_modules/next/dist/compiled/@opentelemetry/api/index.js:1:7062)
    at ContextAPI.with (/Users/ahmedsalem/Desktop/all my projects/uneom.com/node_modules/next/dist/compiled/@opentelemetry/api/index.js:1:518)
    at NoopTracer.startActiveSpan (/Users/ahmedsalem/Desktop/all my projects/uneom.com/node_modules/next/dist/compiled/@opentelemetry/api/index.js:1:18093)
    at ProxyTracer.startActiveSpan (/Users/ahmedsalem/Desktop/all my projects/uneom.com/node_modules/next/dist/compiled/@opentelemetry/api/index.js:1:18854)
    at /Users/ahmedsalem/Desktop/all my projects/uneom.com/node_modules/next/dist/server/lib/trace/tracer.js:122:103
    at NoopContextManager.with (/Users/ahmedsalem/Desktop/all my projects/uneom.com/node_modules/next/dist/compiled/@opentelemetry/api/index.js:1:7062)
    at ContextAPI.with (/Users/ahmedsalem/Desktop/all my projects/uneom.com/node_modules/next/dist/compiled/@opentelemetry/api/index.js:1:518) {
  digest: '2592674761'
}
TypeError: Cannot read properties of undefined (reading 'toLowerCase')
    at Module.y (/Users/ahmedsalem/Desktop/all my projects/uneom.com/.next/server/app/locations/[city]/[industry]/page.js:1:2657)
    at /Users/ahmedsalem/Desktop/all my projects/uneom.com/node_modules/next/dist/compiled/next-server/app-page.runtime.prod.js:12:227525
    at /Users/ahmedsalem/Desktop/all my projects/uneom.com/node_modules/next/dist/server/lib/trace/tracer.js:140:36
    at NoopContextManager.with (/Users/ahmedsalem/Desktop/all my projects/uneom.com/node_modules/next/dist/compiled/@opentelemetry/api/index.js:1:7062)
    at ContextAPI.with (/Users/ahmedsalem/Desktop/all my projects/uneom.com/node_modules/next/dist/compiled/@opentelemetry/api/index.js:1:518)
    at NoopTracer.startActiveSpan (/Users/ahmedsalem/Desktop/all my projects/uneom.com/node_modules/next/dist/compiled/@opentelemetry/api/index.js:1:18093)
    at ProxyTracer.startActiveSpan (/Users/ahmedsalem/Desktop/all my projects/uneom.com/node_modules/next/dist/compiled/@opentelemetry/api/index.js:1:18854)
    at /Users/ahmedsalem/Desktop/all my projects/uneom.com/node_modules/next/dist/server/lib/trace/tracer.js:122:103
    at NoopContextManager.with (/Users/ahmedsalem/Desktop/all my projects/uneom.com/node_modules/next/dist/compiled/@opentelemetry/api/index.js:1:7062)
    at ContextAPI.with (/Users/ahmedsalem/Desktop/all my projects/uneom.com/node_modules/next/dist/compiled/@opentelemetry/api/index.js:1:518) {
  digest: '2592674761'
}
TypeError: Cannot read properties of undefined (reading 'toLowerCase')
    at b (/Users/ahmedsalem/Desktop/all my projects/uneom.com/.next/server/app/locations/[city]/[industry]/page.js:1:4337)
    at eh (/Users/ahmedsalem/Desktop/all my projects/uneom.com/node_modules/next/dist/compiled/next-server/app-page.runtime.prod.js:12:134660)
    at e (/Users/ahmedsalem/Desktop/all my projects/uneom.com/node_modules/next/dist/compiled/next-server/app-page.runtime.prod.js:12:137545)
    at ek (/Users/ahmedsalem/Desktop/all my projects/uneom.com/node_modules/next/dist/compiled/next-server/app-page.runtime.prod.js:12:138019)
    at Array.toJSON (/Users/ahmedsalem/Desktop/all my projects/uneom.com/node_modules/next/dist/compiled/next-server/app-page.runtime.prod.js:12:135629)
    at stringify (<anonymous>)
    at eP (/Users/ahmedsalem/Desktop/all my projects/uneom.com/node_modules/next/dist/compiled/next-server/app-page.runtime.prod.js:12:142093)
    at eE (/Users/ahmedsalem/Desktop/all my projects/uneom.com/node_modules/next/dist/compiled/next-server/app-page.runtime.prod.js:12:142572)
    at AsyncLocalStorage.run (node:internal/async_local_storage/async_context_frame:63:14)
    at Timeout._onTimeout (/Users/ahmedsalem/Desktop/all my projects/uneom.com/node_modules/next/dist/compiled/next-server/app-page.runtime.prod.js:12:150373) {
  digest: '785353560'
}
TypeError: Cannot read properties of undefined (reading 'toLowerCase')
    at Module.y (/Users/ahmedsalem/Desktop/all my projects/uneom.com/.next/server/app/locations/[city]/[industry]/page.js:1:2657)
    at /Users/ahmedsalem/Desktop/all my projects/uneom.com/node_modules/next/dist/compiled/next-server/app-page.runtime.prod.js:12:227525
    at /Users/ahmedsalem/Desktop/all my projects/uneom.com/node_modules/next/dist/server/lib/trace/tracer.js:140:36
    at NoopContextManager.with (/Users/ahmedsalem/Desktop/all my projects/uneom.com/node_modules/next/dist/compiled/@opentelemetry/api/index.js:1:7062)
    at ContextAPI.with (/Users/ahmedsalem/Desktop/all my projects/uneom.com/node_modules/next/dist/compiled/@opentelemetry/api/index.js:1:518)
    at NoopTracer.startActiveSpan (/Users/ahmedsalem/Desktop/all my projects/uneom.com/node_modules/next/dist/compiled/@opentelemetry/api/index.js:1:18093)
    at ProxyTracer.startActiveSpan (/Users/ahmedsalem/Desktop/all my projects/uneom.com/node_modules/next/dist/compiled/@opentelemetry/api/index.js:1:18854)
    at /Users/ahmedsalem/Desktop/all my projects/uneom.com/node_modules/next/dist/server/lib/trace/tracer.js:122:103
    at NoopContextManager.with (/Users/ahmedsalem/Desktop/all my projects/uneom.com/node_modules/next/dist/compiled/@opentelemetry/api/index.js:1:7062)
    at ContextAPI.with (/Users/ahmedsalem/Desktop/all my projects/uneom.com/node_modules/next/dist/compiled/@opentelemetry/api/index.js:1:518) {
  digest: '2592674761'
}
TypeError: Cannot read properties of undefined (reading 'toLowerCase')
    at Module.y (/Users/ahmedsalem/Desktop/all my projects/uneom.com/.next/server/app/locations/[city]/[industry]/page.js:1:2657)
    at /Users/ahmedsalem/Desktop/all my projects/uneom.com/node_modules/next/dist/compiled/next-server/app-page.runtime.prod.js:12:227525
    at /Users/ahmedsalem/Desktop/all my projects/uneom.com/node_modules/next/dist/server/lib/trace/tracer.js:140:36
    at NoopContextManager.with (/Users/ahmedsalem/Desktop/all my projects/uneom.com/node_modules/next/dist/compiled/@opentelemetry/api/index.js:1:7062)
    at ContextAPI.with (/Users/ahmedsalem/Desktop/all my projects/uneom.com/node_modules/next/dist/compiled/@opentelemetry/api/index.js:1:518)
    at NoopTracer.startActiveSpan (/Users/ahmedsalem/Desktop/all my projects/uneom.com/node_modules/next/dist/compiled/@opentelemetry/api/index.js:1:18093)
    at ProxyTracer.startActiveSpan (/Users/ahmedsalem/Desktop/all my projects/uneom.com/node_modules/next/dist/compiled/@opentelemetry/api/index.js:1:18854)
    at /Users/ahmedsalem/Desktop/all my projects/uneom.com/node_modules/next/dist/server/lib/trace/tracer.js:122:103
    at NoopContextManager.with (/Users/ahmedsalem/Desktop/all my projects/uneom.com/node_modules/next/dist/compiled/@opentelemetry/api/index.js:1:7062)
    at ContextAPI.with (/Users/ahmedsalem/Desktop/all my projects/uneom.com/node_modules/next/dist/compiled/@opentelemetry/api/index.js:1:518) {
  digest: '2592674761'
}
TypeError: Cannot read properties of undefined (reading 'toLowerCase')
    at b (/Users/ahmedsalem/Desktop/all my projects/uneom.com/.next/server/app/locations/[city]/[industry]/page.js:1:4337)
    at eh (/Users/ahmedsalem/Desktop/all my projects/uneom.com/node_modules/next/dist/compiled/next-server/app-page.runtime.prod.js:12:134660)
    at e (/Users/ahmedsalem/Desktop/all my projects/uneom.com/node_modules/next/dist/compiled/next-server/app-page.runtime.prod.js:12:137545)
    at ek (/Users/ahmedsalem/Desktop/all my projects/uneom.com/node_modules/next/dist/compiled/next-server/app-page.runtime.prod.js:12:138019)
    at Array.toJSON (/Users/ahmedsalem/Desktop/all my projects/uneom.com/node_modules/next/dist/compiled/next-server/app-page.runtime.prod.js:12:135629)
    at stringify (<anonymous>)
    at eP (/Users/ahmedsalem/Desktop/all my projects/uneom.com/node_modules/next/dist/compiled/next-server/app-page.runtime.prod.js:12:142093)
    at eE (/Users/ahmedsalem/Desktop/all my projects/uneom.com/node_modules/next/dist/compiled/next-server/app-page.runtime.prod.js:12:142572)
    at Timeout._onTimeout (/Users/ahmedsalem/Desktop/all my projects/uneom.com/node_modules/next/dist/compiled/next-server/app-page.runtime.prod.js:12:135349)
    at listOnTimeout (node:internal/timers:605:17) {
  digest: '2151575143'
}
TypeError: Cannot read properties of undefined (reading 'toLowerCase')
    at Module.y (/Users/ahmedsalem/Desktop/all my projects/uneom.com/.next/server/app/locations/[city]/[industry]/page.js:1:2657)
    at /Users/ahmedsalem/Desktop/all my projects/uneom.com/node_modules/next/dist/compiled/next-server/app-page.runtime.prod.js:12:227525
    at /Users/ahmedsalem/Desktop/all my projects/uneom.com/node_modules/next/dist/server/lib/trace/tracer.js:140:36
    at NoopContextManager.with (/Users/ahmedsalem/Desktop/all my projects/uneom.com/node_modules/next/dist/compiled/@opentelemetry/api/index.js:1:7062)
    at ContextAPI.with (/Users/ahmedsalem/Desktop/all my projects/uneom.com/node_modules/next/dist/compiled/@opentelemetry/api/index.js:1:518)
    at NoopTracer.startActiveSpan (/Users/ahmedsalem/Desktop/all my projects/uneom.com/node_modules/next/dist/compiled/@opentelemetry/api/index.js:1:18093)
    at ProxyTracer.startActiveSpan (/Users/ahmedsalem/Desktop/all my projects/uneom.com/node_modules/next/dist/compiled/@opentelemetry/api/index.js:1:18854)
    at /Users/ahmedsalem/Desktop/all my projects/uneom.com/node_modules/next/dist/server/lib/trace/tracer.js:122:103
    at NoopContextManager.with (/Users/ahmedsalem/Desktop/all my projects/uneom.com/node_modules/next/dist/compiled/@opentelemetry/api/index.js:1:7062)
    at ContextAPI.with (/Users/ahmedsalem/Desktop/all my projects/uneom.com/node_modules/next/dist/compiled/@opentelemetry/api/index.js:1:518) {
  digest: '2592674761'
}
TypeError: Cannot read properties of undefined (reading 'toLowerCase')
    at b (/Users/ahmedsalem/Desktop/all my projects/uneom.com/.next/server/app/locations/[city]/[industry]/page.js:1:4337)
    at eh (/Users/ahmedsalem/Desktop/all my projects/uneom.com/node_modules/next/dist/compiled/next-server/app-page.runtime.prod.js:12:134660)
    at e (/Users/ahmedsalem/Desktop/all my projects/uneom.com/node_modules/next/dist/compiled/next-server/app-page.runtime.prod.js:12:137545)
    at ek (/Users/ahmedsalem/Desktop/all my projects/uneom.com/node_modules/next/dist/compiled/next-server/app-page.runtime.prod.js:12:138019)
    at Array.toJSON (/Users/ahmedsalem/Desktop/all my projects/uneom.com/node_modules/next/dist/compiled/next-server/app-page.runtime.prod.js:12:135629)
    at stringify (<anonymous>)
    at eP (/Users/ahmedsalem/Desktop/all my projects/uneom.com/node_modules/next/dist/compiled/next-server/app-page.runtime.prod.js:12:142093)
    at eE (/Users/ahmedsalem/Desktop/all my projects/uneom.com/node_modules/next/dist/compiled/next-server/app-page.runtime.prod.js:12:142572)
    at AsyncLocalStorage.run (node:internal/async_local_storage/async_context_frame:63:14)
    at Timeout._onTimeout (/Users/ahmedsalem/Desktop/all my projects/uneom.com/node_modules/next/dist/compiled/next-server/app-page.runtime.prod.js:12:150373) {
  digest: '785353560'
}
TypeError: Cannot read properties of undefined (reading 'toLowerCase')
    at Module.y (/Users/ahmedsalem/Desktop/all my projects/uneom.com/.next/server/app/locations/[city]/[industry]/page.js:1:2657)
    at /Users/ahmedsalem/Desktop/all my projects/uneom.com/node_modules/next/dist/compiled/next-server/app-page.runtime.prod.js:12:227525
    at /Users/ahmedsalem/Desktop/all my projects/uneom.com/node_modules/next/dist/server/lib/trace/tracer.js:140:36
    at NoopContextManager.with (/Users/ahmedsalem/Desktop/all my projects/uneom.com/node_modules/next/dist/compiled/@opentelemetry/api/index.js:1:7062)
    at ContextAPI.with (/Users/ahmedsalem/Desktop/all my projects/uneom.com/node_modules/next/dist/compiled/@opentelemetry/api/index.js:1:518)
    at NoopTracer.startActiveSpan (/Users/ahmedsalem/Desktop/all my projects/uneom.com/node_modules/next/dist/compiled/@opentelemetry/api/index.js:1:18093)
    at ProxyTracer.startActiveSpan (/Users/ahmedsalem/Desktop/all my projects/uneom.com/node_modules/next/dist/compiled/@opentelemetry/api/index.js:1:18854)
    at /Users/ahmedsalem/Desktop/all my projects/uneom.com/node_modules/next/dist/server/lib/trace/tracer.js:122:103
    at NoopContextManager.with (/Users/ahmedsalem/Desktop/all my projects/uneom.com/node_modules/next/dist/compiled/@opentelemetry/api/index.js:1:7062)
    at ContextAPI.with (/Users/ahmedsalem/Desktop/all my projects/uneom.com/node_modules/next/dist/compiled/@opentelemetry/api/index.js:1:518) {
  digest: '2592674761'
}

Error occurred prerendering page "/locations/abha/manufacturing". Read more: https://nextjs.org/docs/messages/prerender-error

TypeError: Cannot read properties of undefined (reading 'toLowerCase')
    at b (/Users/ahmedsalem/Desktop/all my projects/uneom.com/.next/server/app/locations/[city]/[industry]/page.js:1:4337)
    at eh (/Users/ahmedsalem/Desktop/all my projects/uneom.com/node_modules/next/dist/compiled/next-server/app-page.runtime.prod.js:12:134660)
    at e (/Users/ahmedsalem/Desktop/all my projects/uneom.com/node_modules/next/dist/compiled/next-server/app-page.runtime.prod.js:12:137545)
    at ek (/Users/ahmedsalem/Desktop/all my projects/uneom.com/node_modules/next/dist/compiled/next-server/app-page.runtime.prod.js:12:138019)
    at Array.toJSON (/Users/ahmedsalem/Desktop/all my projects/uneom.com/node_modules/next/dist/compiled/next-server/app-page.runtime.prod.js:12:135629)
    at stringify (<anonymous>)
    at eP (/Users/ahmedsalem/Desktop/all my projects/uneom.com/node_modules/next/dist/compiled/next-server/app-page.runtime.prod.js:12:142093)
    at eE (/Users/ahmedsalem/Desktop/all my projects/uneom.com/node_modules/next/dist/compiled/next-server/app-page.runtime.prod.js:12:142572)
    at AsyncLocalStorage.run (node:internal/async_local_storage/async_context_frame:63:14)
    at Timeout._onTimeout (/Users/ahmedsalem/Desktop/all my projects/uneom.com/node_modules/next/dist/compiled/next-server/app-page.runtime.prod.js:12:150373)
TypeError: Cannot read properties of undefined (reading 'toLowerCase')
    at b (/Users/ahmedsalem/Desktop/all my projects/uneom.com/.next/server/app/locations/[city]/[industry]/page.js:1:4337)
    at eh (/Users/ahmedsalem/Desktop/all my projects/uneom.com/node_modules/next/dist/compiled/next-server/app-page.runtime.prod.js:12:134660)
    at e (/Users/ahmedsalem/Desktop/all my projects/uneom.com/node_modules/next/dist/compiled/next-server/app-page.runtime.prod.js:12:137545)
    at ek (/Users/ahmedsalem/Desktop/all my projects/uneom.com/node_modules/next/dist/compiled/next-server/app-page.runtime.prod.js:12:138019)
    at Array.toJSON (/Users/ahmedsalem/Desktop/all my projects/uneom.com/node_modules/next/dist/compiled/next-server/app-page.runtime.prod.js:12:135629)
    at stringify (<anonymous>)
    at eP (/Users/ahmedsalem/Desktop/all my projects/uneom.com/node_modules/next/dist/compiled/next-server/app-page.runtime.prod.js:12:142093)
    at eE (/Users/ahmedsalem/Desktop/all my projects/uneom.com/node_modules/next/dist/compiled/next-server/app-page.runtime.prod.js:12:142572)
    at Timeout._onTimeout (/Users/ahmedsalem/Desktop/all my projects/uneom.com/node_modules/next/dist/compiled/next-server/app-page.runtime.prod.js:12:135349)
    at listOnTimeout (node:internal/timers:605:17) {
  digest: '2151575143'
}
TypeError: Cannot read properties of undefined (reading 'toLowerCase')
    at Module.y (/Users/ahmedsalem/Desktop/all my projects/uneom.com/.next/server/app/locations/[city]/[industry]/page.js:1:2657)
    at /Users/ahmedsalem/Desktop/all my projects/uneom.com/node_modules/next/dist/compiled/next-server/app-page.runtime.prod.js:12:227525
    at /Users/ahmedsalem/Desktop/all my projects/uneom.com/node_modules/next/dist/server/lib/trace/tracer.js:140:36
    at NoopContextManager.with (/Users/ahmedsalem/Desktop/all my projects/uneom.com/node_modules/next/dist/compiled/@opentelemetry/api/index.js:1:7062)
    at ContextAPI.with (/Users/ahmedsalem/Desktop/all my projects/uneom.com/node_modules/next/dist/compiled/@opentelemetry/api/index.js:1:518)
    at NoopTracer.startActiveSpan (/Users/ahmedsalem/Desktop/all my projects/uneom.com/node_modules/next/dist/compiled/@opentelemetry/api/index.js:1:18093)
    at ProxyTracer.startActiveSpan (/Users/ahmedsalem/Desktop/all my projects/uneom.com/node_modules/next/dist/compiled/@opentelemetry/api/index.js:1:18854)
    at /Users/ahmedsalem/Desktop/all my projects/uneom.com/node_modules/next/dist/server/lib/trace/tracer.js:122:103
    at NoopContextManager.with (/Users/ahmedsalem/Desktop/all my projects/uneom.com/node_modules/next/dist/compiled/@opentelemetry/api/index.js:1:7062)
    at ContextAPI.with (/Users/ahmedsalem/Desktop/all my projects/uneom.com/node_modules/next/dist/compiled/@opentelemetry/api/index.js:1:518) {
  digest: '2592674761'
}

Error occurred prerendering page "/locations/abha/security". Read more: https://nextjs.org/docs/messages/prerender-error

TypeError: Cannot read properties of undefined (reading 'toLowerCase')
    at b (/Users/ahmedsalem/Desktop/all my projects/uneom.com/.next/server/app/locations/[city]/[industry]/page.js:1:4337)
    at eh (/Users/ahmedsalem/Desktop/all my projects/uneom.com/node_modules/next/dist/compiled/next-server/app-page.runtime.prod.js:12:134660)
    at e (/Users/ahmedsalem/Desktop/all my projects/uneom.com/node_modules/next/dist/compiled/next-server/app-page.runtime.prod.js:12:137545)
    at ek (/Users/ahmedsalem/Desktop/all my projects/uneom.com/node_modules/next/dist/compiled/next-server/app-page.runtime.prod.js:12:138019)
    at Array.toJSON (/Users/ahmedsalem/Desktop/all my projects/uneom.com/node_modules/next/dist/compiled/next-server/app-page.runtime.prod.js:12:135629)
    at stringify (<anonymous>)
    at eP (/Users/ahmedsalem/Desktop/all my projects/uneom.com/node_modules/next/dist/compiled/next-server/app-page.runtime.prod.js:12:142093)
    at eE (/Users/ahmedsalem/Desktop/all my projects/uneom.com/node_modules/next/dist/compiled/next-server/app-page.runtime.prod.js:12:142572)
    at AsyncLocalStorage.run (node:internal/async_local_storage/async_context_frame:63:14)
    at Timeout._onTimeout (/Users/ahmedsalem/Desktop/all my projects/uneom.com/node_modules/next/dist/compiled/next-server/app-page.runtime.prod.js:12:150373)
TypeError: Cannot read properties of undefined (reading 'toLowerCase')
    at Module.y (/Users/ahmedsalem/Desktop/all my projects/uneom.com/.next/server/app/locations/[city]/[industry]/page.js:1:2657)
    at /Users/ahmedsalem/Desktop/all my projects/uneom.com/node_modules/next/dist/compiled/next-server/app-page.runtime.prod.js:12:227525
    at /Users/ahmedsalem/Desktop/all my projects/uneom.com/node_modules/next/dist/server/lib/trace/tracer.js:140:36
    at NoopContextManager.with (/Users/ahmedsalem/Desktop/all my projects/uneom.com/node_modules/next/dist/compiled/@opentelemetry/api/index.js:1:7062)
    at ContextAPI.with (/Users/ahmedsalem/Desktop/all my projects/uneom.com/node_modules/next/dist/compiled/@opentelemetry/api/index.js:1:518)
    at NoopTracer.startActiveSpan (/Users/ahmedsalem/Desktop/all my projects/uneom.com/node_modules/next/dist/compiled/@opentelemetry/api/index.js:1:18093)
    at ProxyTracer.startActiveSpan (/Users/ahmedsalem/Desktop/all my projects/uneom.com/node_modules/next/dist/compiled/@opentelemetry/api/index.js:1:18854)
    at /Users/ahmedsalem/Desktop/all my projects/uneom.com/node_modules/next/dist/server/lib/trace/tracer.js:122:103
    at NoopContextManager.with (/Users/ahmedsalem/Desktop/all my projects/uneom.com/node_modules/next/dist/compiled/@opentelemetry/api/index.js:1:7062)
    at ContextAPI.with (/Users/ahmedsalem/Desktop/all my projects/uneom.com/node_modules/next/dist/compiled/@opentelemetry/api/index.js:1:518) {
  digest: '2592674761'
}

Error occurred prerendering page "/locations/abha/factory-industry". Read more: https://nextjs.org/docs/messages/prerender-error

TypeError: Cannot read properties of undefined (reading 'toLowerCase')
    at b (/Users/ahmedsalem/Desktop/all my projects/uneom.com/.next/server/app/locations/[city]/[industry]/page.js:1:4337)
    at eh (/Users/ahmedsalem/Desktop/all my projects/uneom.com/node_modules/next/dist/compiled/next-server/app-page.runtime.prod.js:12:134660)
    at e (/Users/ahmedsalem/Desktop/all my projects/uneom.com/node_modules/next/dist/compiled/next-server/app-page.runtime.prod.js:12:137545)
    at ek (/Users/ahmedsalem/Desktop/all my projects/uneom.com/node_modules/next/dist/compiled/next-server/app-page.runtime.prod.js:12:138019)
    at Array.toJSON (/Users/ahmedsalem/Desktop/all my projects/uneom.com/node_modules/next/dist/compiled/next-server/app-page.runtime.prod.js:12:135629)
    at stringify (<anonymous>)
    at eP (/Users/ahmedsalem/Desktop/all my projects/uneom.com/node_modules/next/dist/compiled/next-server/app-page.runtime.prod.js:12:142093)
    at eE (/Users/ahmedsalem/Desktop/all my projects/uneom.com/node_modules/next/dist/compiled/next-server/app-page.runtime.prod.js:12:142572)
    at AsyncLocalStorage.run (node:internal/async_local_storage/async_context_frame:63:14)
    at Timeout._onTimeout (/Users/ahmedsalem/Desktop/all my projects/uneom.com/node_modules/next/dist/compiled/next-server/app-page.runtime.prod.js:12:150373)
TypeError: Cannot read properties of undefined (reading 'toLowerCase')
    at Module.y (/Users/ahmedsalem/Desktop/all my projects/uneom.com/.next/server/app/locations/[city]/[industry]/page.js:1:2657)
    at /Users/ahmedsalem/Desktop/all my projects/uneom.com/node_modules/next/dist/compiled/next-server/app-page.runtime.prod.js:12:227525
    at /Users/ahmedsalem/Desktop/all my projects/uneom.com/node_modules/next/dist/server/lib/trace/tracer.js:140:36
    at NoopContextManager.with (/Users/ahmedsalem/Desktop/all my projects/uneom.com/node_modules/next/dist/compiled/@opentelemetry/api/index.js:1:7062)
    at ContextAPI.with (/Users/ahmedsalem/Desktop/all my projects/uneom.com/node_modules/next/dist/compiled/@opentelemetry/api/index.js:1:518)
    at NoopTracer.startActiveSpan (/Users/ahmedsalem/Desktop/all my projects/uneom.com/node_modules/next/dist/compiled/@opentelemetry/api/index.js:1:18093)
    at ProxyTracer.startActiveSpan (/Users/ahmedsalem/Desktop/all my projects/uneom.com/node_modules/next/dist/compiled/@opentelemetry/api/index.js:1:18854)
    at /Users/ahmedsalem/Desktop/all my projects/uneom.com/node_modules/next/dist/server/lib/trace/tracer.js:122:103
    at NoopContextManager.with (/Users/ahmedsalem/Desktop/all my projects/uneom.com/node_modules/next/dist/compiled/@opentelemetry/api/index.js:1:7062)
    at ContextAPI.with (/Users/ahmedsalem/Desktop/all my projects/uneom.com/node_modules/next/dist/compiled/@opentelemetry/api/index.js:1:518) {
  digest: '2592674761'
}

Error occurred prerendering page "/locations/abha/retail-shops". Read more: https://nextjs.org/docs/messages/prerender-error

TypeError: Cannot read properties of undefined (reading 'toLowerCase')
    at b (/Users/ahmedsalem/Desktop/all my projects/uneom.com/.next/server/app/locations/[city]/[industry]/page.js:1:4337)
    at eh (/Users/ahmedsalem/Desktop/all my projects/uneom.com/node_modules/next/dist/compiled/next-server/app-page.runtime.prod.js:12:134660)
    at e (/Users/ahmedsalem/Desktop/all my projects/uneom.com/node_modules/next/dist/compiled/next-server/app-page.runtime.prod.js:12:137545)
    at ek (/Users/ahmedsalem/Desktop/all my projects/uneom.com/node_modules/next/dist/compiled/next-server/app-page.runtime.prod.js:12:138019)
    at Array.toJSON (/Users/ahmedsalem/Desktop/all my projects/uneom.com/node_modules/next/dist/compiled/next-server/app-page.runtime.prod.js:12:135629)
    at stringify (<anonymous>)
    at eP (/Users/ahmedsalem/Desktop/all my projects/uneom.com/node_modules/next/dist/compiled/next-server/app-page.runtime.prod.js:12:142093)
    at eE (/Users/ahmedsalem/Desktop/all my projects/uneom.com/node_modules/next/dist/compiled/next-server/app-page.runtime.prod.js:12:142572)
    at AsyncLocalStorage.run (node:internal/async_local_storage/async_context_frame:63:14)
    at Timeout._onTimeout (/Users/ahmedsalem/Desktop/all my projects/uneom.com/node_modules/next/dist/compiled/next-server/app-page.runtime.prod.js:12:150373)
TypeError: Cannot read properties of undefined (reading 'toLowerCase')
    at b (/Users/ahmedsalem/Desktop/all my projects/uneom.com/.next/server/app/locations/[city]/[industry]/page.js:1:4337)
    at eh (/Users/ahmedsalem/Desktop/all my projects/uneom.com/node_modules/next/dist/compiled/next-server/app-page.runtime.prod.js:12:134660)
    at e (/Users/ahmedsalem/Desktop/all my projects/uneom.com/node_modules/next/dist/compiled/next-server/app-page.runtime.prod.js:12:137545)
    at ek (/Users/ahmedsalem/Desktop/all my projects/uneom.com/node_modules/next/dist/compiled/next-server/app-page.runtime.prod.js:12:138019)
    at Array.toJSON (/Users/ahmedsalem/Desktop/all my projects/uneom.com/node_modules/next/dist/compiled/next-server/app-page.runtime.prod.js:12:135629)
    at stringify (<anonymous>)
    at eP (/Users/ahmedsalem/Desktop/all my projects/uneom.com/node_modules/next/dist/compiled/next-server/app-page.runtime.prod.js:12:142093)
    at eE (/Users/ahmedsalem/Desktop/all my projects/uneom.com/node_modules/next/dist/compiled/next-server/app-page.runtime.prod.js:12:142572)
    at AsyncLocalStorage.run (node:internal/async_local_storage/async_context_frame:63:14)
    at Timeout._onTimeout (/Users/ahmedsalem/Desktop/all my projects/uneom.com/node_modules/next/dist/compiled/next-server/app-page.runtime.prod.js:12:150373) {
  digest: '785353560'
}
TypeError: Cannot read properties of undefined (reading 'toLowerCase')
    at Module.y (/Users/ahmedsalem/Desktop/all my projects/uneom.com/.next/server/app/locations/[city]/[industry]/page.js:1:2657)
    at /Users/ahmedsalem/Desktop/all my projects/uneom.com/node_modules/next/dist/compiled/next-server/app-page.runtime.prod.js:12:227525
    at /Users/ahmedsalem/Desktop/all my projects/uneom.com/node_modules/next/dist/server/lib/trace/tracer.js:140:36
    at NoopContextManager.with (/Users/ahmedsalem/Desktop/all my projects/uneom.com/node_modules/next/dist/compiled/@opentelemetry/api/index.js:1:7062)
    at ContextAPI.with (/Users/ahmedsalem/Desktop/all my projects/uneom.com/node_modules/next/dist/compiled/@opentelemetry/api/index.js:1:518)
    at NoopTracer.startActiveSpan (/Users/ahmedsalem/Desktop/all my projects/uneom.com/node_modules/next/dist/compiled/@opentelemetry/api/index.js:1:18093)
    at ProxyTracer.startActiveSpan (/Users/ahmedsalem/Desktop/all my projects/uneom.com/node_modules/next/dist/compiled/@opentelemetry/api/index.js:1:18854)
    at /Users/ahmedsalem/Desktop/all my projects/uneom.com/node_modules/next/dist/server/lib/trace/tracer.js:122:103
    at NoopContextManager.with (/Users/ahmedsalem/Desktop/all my projects/uneom.com/node_modules/next/dist/compiled/@opentelemetry/api/index.js:1:7062)
    at ContextAPI.with (/Users/ahmedsalem/Desktop/all my projects/uneom.com/node_modules/next/dist/compiled/@opentelemetry/api/index.js:1:518) {
  digest: '2592674761'
}

Error occurred prerendering page "/locations/abha/supply-manufacturing". Read more: https://nextjs.org/docs/messages/prerender-error

TypeError: Cannot read properties of undefined (reading 'toLowerCase')
    at b (/Users/ahmedsalem/Desktop/all my projects/uneom.com/.next/server/app/locations/[city]/[industry]/page.js:1:4337)
    at eh (/Users/ahmedsalem/Desktop/all my projects/uneom.com/node_modules/next/dist/compiled/next-server/app-page.runtime.prod.js:12:134660)
    at e (/Users/ahmedsalem/Desktop/all my projects/uneom.com/node_modules/next/dist/compiled/next-server/app-page.runtime.prod.js:12:137545)
    at ek (/Users/ahmedsalem/Desktop/all my projects/uneom.com/node_modules/next/dist/compiled/next-server/app-page.runtime.prod.js:12:138019)
    at Array.toJSON (/Users/ahmedsalem/Desktop/all my projects/uneom.com/node_modules/next/dist/compiled/next-server/app-page.runtime.prod.js:12:135629)
    at stringify (<anonymous>)
    at eP (/Users/ahmedsalem/Desktop/all my projects/uneom.com/node_modules/next/dist/compiled/next-server/app-page.runtime.prod.js:12:142093)
    at eE (/Users/ahmedsalem/Desktop/all my projects/uneom.com/node_modules/next/dist/compiled/next-server/app-page.runtime.prod.js:12:142572)
    at AsyncLocalStorage.run (node:internal/async_local_storage/async_context_frame:63:14)
    at Timeout._onTimeout (/Users/ahmedsalem/Desktop/all my projects/uneom.com/node_modules/next/dist/compiled/next-server/app-page.runtime.prod.js:12:150373)
TypeError: Cannot read properties of undefined (reading 'toLowerCase')
    at b (/Users/ahmedsalem/Desktop/all my projects/uneom.com/.next/server/app/locations/[city]/[industry]/page.js:1:4337)
    at eh (/Users/ahmedsalem/Desktop/all my projects/uneom.com/node_modules/next/dist/compiled/next-server/app-page.runtime.prod.js:12:134660)
    at e (/Users/ahmedsalem/Desktop/all my projects/uneom.com/node_modules/next/dist/compiled/next-server/app-page.runtime.prod.js:12:137545)
    at ek (/Users/ahmedsalem/Desktop/all my projects/uneom.com/node_modules/next/dist/compiled/next-server/app-page.runtime.prod.js:12:138019)
    at Array.toJSON (/Users/ahmedsalem/Desktop/all my projects/uneom.com/node_modules/next/dist/compiled/next-server/app-page.runtime.prod.js:12:135629)
    at stringify (<anonymous>)
    at eP (/Users/ahmedsalem/Desktop/all my projects/uneom.com/node_modules/next/dist/compiled/next-server/app-page.runtime.prod.js:12:142093)
    at eE (/Users/ahmedsalem/Desktop/all my projects/uneom.com/node_modules/next/dist/compiled/next-server/app-page.runtime.prod.js:12:142572)
    at AsyncLocalStorage.run (node:internal/async_local_storage/async_context_frame:63:14)
    at Timeout._onTimeout (/Users/ahmedsalem/Desktop/all my projects/uneom.com/node_modules/next/dist/compiled/next-server/app-page.runtime.prod.js:12:150373) {
  digest: '785353560'
}
TypeError: Cannot read properties of undefined (reading 'toLowerCase')
    at b (/Users/ahmedsalem/Desktop/all my projects/uneom.com/.next/server/app/locations/[city]/[industry]/page.js:1:4337)
    at eh (/Users/ahmedsalem/Desktop/all my projects/uneom.com/node_modules/next/dist/compiled/next-server/app-page.runtime.prod.js:12:134660)
    at e (/Users/ahmedsalem/Desktop/all my projects/uneom.com/node_modules/next/dist/compiled/next-server/app-page.runtime.prod.js:12:137545)
    at ek (/Users/ahmedsalem/Desktop/all my projects/uneom.com/node_modules/next/dist/compiled/next-server/app-page.runtime.prod.js:12:138019)
    at Array.toJSON (/Users/ahmedsalem/Desktop/all my projects/uneom.com/node_modules/next/dist/compiled/next-server/app-page.runtime.prod.js:12:135629)
    at stringify (<anonymous>)
    at eP (/Users/ahmedsalem/Desktop/all my projects/uneom.com/node_modules/next/dist/compiled/next-server/app-page.runtime.prod.js:12:142093)
    at eE (/Users/ahmedsalem/Desktop/all my projects/uneom.com/node_modules/next/dist/compiled/next-server/app-page.runtime.prod.js:12:142572)
    at Timeout._onTimeout (/Users/ahmedsalem/Desktop/all my projects/uneom.com/node_modules/next/dist/compiled/next-server/app-page.runtime.prod.js:12:135349)
    at listOnTimeout (node:internal/timers:605:17) {
  digest: '2151575143'
}

Error occurred prerendering page "/locations/taif/healthcare". Read more: https://nextjs.org/docs/messages/prerender-error

TypeError: Cannot read properties of undefined (reading 'toLowerCase')
    at b (/Users/ahmedsalem/Desktop/all my projects/uneom.com/.next/server/app/locations/[city]/[industry]/page.js:1:4337)
    at eh (/Users/ahmedsalem/Desktop/all my projects/uneom.com/node_modules/next/dist/compiled/next-server/app-page.runtime.prod.js:12:134660)
    at e (/Users/ahmedsalem/Desktop/all my projects/uneom.com/node_modules/next/dist/compiled/next-server/app-page.runtime.prod.js:12:137545)
    at ek (/Users/ahmedsalem/Desktop/all my projects/uneom.com/node_modules/next/dist/compiled/next-server/app-page.runtime.prod.js:12:138019)
    at Array.toJSON (/Users/ahmedsalem/Desktop/all my projects/uneom.com/node_modules/next/dist/compiled/next-server/app-page.runtime.prod.js:12:135629)
    at stringify (<anonymous>)
    at eP (/Users/ahmedsalem/Desktop/all my projects/uneom.com/node_modules/next/dist/compiled/next-server/app-page.runtime.prod.js:12:142093)
    at eE (/Users/ahmedsalem/Desktop/all my projects/uneom.com/node_modules/next/dist/compiled/next-server/app-page.runtime.prod.js:12:142572)
    at AsyncLocalStorage.run (node:internal/async_local_storage/async_context_frame:63:14)
    at Timeout._onTimeout (/Users/ahmedsalem/Desktop/all my projects/uneom.com/node_modules/next/dist/compiled/next-server/app-page.runtime.prod.js:12:150373)
TypeError: Cannot read properties of undefined (reading 'toLowerCase')
    at b (/Users/ahmedsalem/Desktop/all my projects/uneom.com/.next/server/app/locations/[city]/[industry]/page.js:1:4337)
    at eh (/Users/ahmedsalem/Desktop/all my projects/uneom.com/node_modules/next/dist/compiled/next-server/app-page.runtime.prod.js:12:134660)
    at e (/Users/ahmedsalem/Desktop/all my projects/uneom.com/node_modules/next/dist/compiled/next-server/app-page.runtime.prod.js:12:137545)
    at ek (/Users/ahmedsalem/Desktop/all my projects/uneom.com/node_modules/next/dist/compiled/next-server/app-page.runtime.prod.js:12:138019)
    at Array.toJSON (/Users/ahmedsalem/Desktop/all my projects/uneom.com/node_modules/next/dist/compiled/next-server/app-page.runtime.prod.js:12:135629)
    at stringify (<anonymous>)
    at eP (/Users/ahmedsalem/Desktop/all my projects/uneom.com/node_modules/next/dist/compiled/next-server/app-page.runtime.prod.js:12:142093)
    at eE (/Users/ahmedsalem/Desktop/all my projects/uneom.com/node_modules/next/dist/compiled/next-server/app-page.runtime.prod.js:12:142572)
    at AsyncLocalStorage.run (node:internal/async_local_storage/async_context_frame:63:14)
    at Timeout._onTimeout (/Users/ahmedsalem/Desktop/all my projects/uneom.com/node_modules/next/dist/compiled/next-server/app-page.runtime.prod.js:12:150373) {
  digest: '785353560'
}
TypeError: Cannot read properties of undefined (reading 'toLowerCase')
    at b (/Users/ahmedsalem/Desktop/all my projects/uneom.com/.next/server/app/locations/[city]/[industry]/page.js:1:4337)
    at eh (/Users/ahmedsalem/Desktop/all my projects/uneom.com/node_modules/next/dist/compiled/next-server/app-page.runtime.prod.js:12:134660)
    at e (/Users/ahmedsalem/Desktop/all my projects/uneom.com/node_modules/next/dist/compiled/next-server/app-page.runtime.prod.js:12:137545)
    at ek (/Users/ahmedsalem/Desktop/all my projects/uneom.com/node_modules/next/dist/compiled/next-server/app-page.runtime.prod.js:12:138019)
    at Array.toJSON (/Users/ahmedsalem/Desktop/all my projects/uneom.com/node_modules/next/dist/compiled/next-server/app-page.runtime.prod.js:12:135629)
    at stringify (<anonymous>)
    at eP (/Users/ahmedsalem/Desktop/all my projects/uneom.com/node_modules/next/dist/compiled/next-server/app-page.runtime.prod.js:12:142093)
    at eE (/Users/ahmedsalem/Desktop/all my projects/uneom.com/node_modules/next/dist/compiled/next-server/app-page.runtime.prod.js:12:142572)
    at Timeout._onTimeout (/Users/ahmedsalem/Desktop/all my projects/uneom.com/node_modules/next/dist/compiled/next-server/app-page.runtime.prod.js:12:135349)
    at listOnTimeout (node:internal/timers:605:17) {
  digest: '2151575143'
}
TypeError: Cannot read properties of undefined (reading 'toLowerCase')
    at Module.y (/Users/ahmedsalem/Desktop/all my projects/uneom.com/.next/server/app/locations/[city]/[industry]/page.js:1:2657)
    at /Users/ahmedsalem/Desktop/all my projects/uneom.com/node_modules/next/dist/compiled/next-server/app-page.runtime.prod.js:12:227525
    at /Users/ahmedsalem/Desktop/all my projects/uneom.com/node_modules/next/dist/server/lib/trace/tracer.js:140:36
    at NoopContextManager.with (/Users/ahmedsalem/Desktop/all my projects/uneom.com/node_modules/next/dist/compiled/@opentelemetry/api/index.js:1:7062)
    at ContextAPI.with (/Users/ahmedsalem/Desktop/all my projects/uneom.com/node_modules/next/dist/compiled/@opentelemetry/api/index.js:1:518)
    at NoopTracer.startActiveSpan (/Users/ahmedsalem/Desktop/all my projects/uneom.com/node_modules/next/dist/compiled/@opentelemetry/api/index.js:1:18093)
    at ProxyTracer.startActiveSpan (/Users/ahmedsalem/Desktop/all my projects/uneom.com/node_modules/next/dist/compiled/@opentelemetry/api/index.js:1:18854)
    at /Users/ahmedsalem/Desktop/all my projects/uneom.com/node_modules/next/dist/server/lib/trace/tracer.js:122:103
    at NoopContextManager.with (/Users/ahmedsalem/Desktop/all my projects/uneom.com/node_modules/next/dist/compiled/@opentelemetry/api/index.js:1:7062)
    at ContextAPI.with (/Users/ahmedsalem/Desktop/all my projects/uneom.com/node_modules/next/dist/compiled/@opentelemetry/api/index.js:1:518) {
  digest: '2592674761'
}
TypeError: Cannot read properties of undefined (reading 'toLowerCase')
    at b (/Users/ahmedsalem/Desktop/all my projects/uneom.com/.next/server/app/locations/[city]/[industry]/page.js:1:4337)
    at eh (/Users/ahmedsalem/Desktop/all my projects/uneom.com/node_modules/next/dist/compiled/next-server/app-page.runtime.prod.js:12:134660)
    at e (/Users/ahmedsalem/Desktop/all my projects/uneom.com/node_modules/next/dist/compiled/next-server/app-page.runtime.prod.js:12:137545)
    at ek (/Users/ahmedsalem/Desktop/all my projects/uneom.com/node_modules/next/dist/compiled/next-server/app-page.runtime.prod.js:12:138019)
    at Array.toJSON (/Users/ahmedsalem/Desktop/all my projects/uneom.com/node_modules/next/dist/compiled/next-server/app-page.runtime.prod.js:12:135629)
    at stringify (<anonymous>)
    at eP (/Users/ahmedsalem/Desktop/all my projects/uneom.com/node_modules/next/dist/compiled/next-server/app-page.runtime.prod.js:12:142093)
    at eE (/Users/ahmedsalem/Desktop/all my projects/uneom.com/node_modules/next/dist/compiled/next-server/app-page.runtime.prod.js:12:142572)
    at Timeout._onTimeout (/Users/ahmedsalem/Desktop/all my projects/uneom.com/node_modules/next/dist/compiled/next-server/app-page.runtime.prod.js:12:135349)
    at listOnTimeout (node:internal/timers:605:17) {
  digest: '2151575143'
}
TypeError: Cannot read properties of undefined (reading 'toLowerCase')
    at b (/Users/ahmedsalem/Desktop/all my projects/uneom.com/.next/server/app/locations/[city]/[industry]/page.js:1:4337)
    at eh (/Users/ahmedsalem/Desktop/all my projects/uneom.com/node_modules/next/dist/compiled/next-server/app-page.runtime.prod.js:12:134660)
    at e (/Users/ahmedsalem/Desktop/all my projects/uneom.com/node_modules/next/dist/compiled/next-server/app-page.runtime.prod.js:12:137545)
    at ek (/Users/ahmedsalem/Desktop/all my projects/uneom.com/node_modules/next/dist/compiled/next-server/app-page.runtime.prod.js:12:138019)
    at Array.toJSON (/Users/ahmedsalem/Desktop/all my projects/uneom.com/node_modules/next/dist/compiled/next-server/app-page.runtime.prod.js:12:135629)
    at stringify (<anonymous>)
    at eP (/Users/ahmedsalem/Desktop/all my projects/uneom.com/node_modules/next/dist/compiled/next-server/app-page.runtime.prod.js:12:142093)
    at eE (/Users/ahmedsalem/Desktop/all my projects/uneom.com/node_modules/next/dist/compiled/next-server/app-page.runtime.prod.js:12:142572)
    at AsyncLocalStorage.run (node:internal/async_local_storage/async_context_frame:63:14)
    at Timeout._onTimeout (/Users/ahmedsalem/Desktop/all my projects/uneom.com/node_modules/next/dist/compiled/next-server/app-page.runtime.prod.js:12:150373) {
  digest: '785353560'
}
TypeError: Cannot read properties of undefined (reading 'toLowerCase')
    at Module.y (/Users/ahmedsalem/Desktop/all my projects/uneom.com/.next/server/app/locations/[city]/[industry]/page.js:1:2657)
    at /Users/ahmedsalem/Desktop/all my projects/uneom.com/node_modules/next/dist/compiled/next-server/app-page.runtime.prod.js:12:227525
    at /Users/ahmedsalem/Desktop/all my projects/uneom.com/node_modules/next/dist/server/lib/trace/tracer.js:140:36
    at NoopContextManager.with (/Users/ahmedsalem/Desktop/all my projects/uneom.com/node_modules/next/dist/compiled/@opentelemetry/api/index.js:1:7062)
    at ContextAPI.with (/Users/ahmedsalem/Desktop/all my projects/uneom.com/node_modules/next/dist/compiled/@opentelemetry/api/index.js:1:518)
    at NoopTracer.startActiveSpan (/Users/ahmedsalem/Desktop/all my projects/uneom.com/node_modules/next/dist/compiled/@opentelemetry/api/index.js:1:18093)
    at ProxyTracer.startActiveSpan (/Users/ahmedsalem/Desktop/all my projects/uneom.com/node_modules/next/dist/compiled/@opentelemetry/api/index.js:1:18854)
    at /Users/ahmedsalem/Desktop/all my projects/uneom.com/node_modules/next/dist/server/lib/trace/tracer.js:122:103
    at NoopContextManager.with (/Users/ahmedsalem/Desktop/all my projects/uneom.com/node_modules/next/dist/compiled/@opentelemetry/api/index.js:1:7062)
    at ContextAPI.with (/Users/ahmedsalem/Desktop/all my projects/uneom.com/node_modules/next/dist/compiled/@opentelemetry/api/index.js:1:518) {
  digest: '2592674761'
}
TypeError: Cannot read properties of undefined (reading 'toLowerCase')
    at b (/Users/ahmedsalem/Desktop/all my projects/uneom.com/.next/server/app/locations/[city]/[industry]/page.js:1:4337)
    at eh (/Users/ahmedsalem/Desktop/all my projects/uneom.com/node_modules/next/dist/compiled/next-server/app-page.runtime.prod.js:12:134660)
    at e (/Users/ahmedsalem/Desktop/all my projects/uneom.com/node_modules/next/dist/compiled/next-server/app-page.runtime.prod.js:12:137545)
    at ek (/Users/ahmedsalem/Desktop/all my projects/uneom.com/node_modules/next/dist/compiled/next-server/app-page.runtime.prod.js:12:138019)
    at Array.toJSON (/Users/ahmedsalem/Desktop/all my projects/uneom.com/node_modules/next/dist/compiled/next-server/app-page.runtime.prod.js:12:135629)
    at stringify (<anonymous>)
    at eP (/Users/ahmedsalem/Desktop/all my projects/uneom.com/node_modules/next/dist/compiled/next-server/app-page.runtime.prod.js:12:142093)
    at eE (/Users/ahmedsalem/Desktop/all my projects/uneom.com/node_modules/next/dist/compiled/next-server/app-page.runtime.prod.js:12:142572)
    at AsyncLocalStorage.run (node:internal/async_local_storage/async_context_frame:63:14)
    at Timeout._onTimeout (/Users/ahmedsalem/Desktop/all my projects/uneom.com/node_modules/next/dist/compiled/next-server/app-page.runtime.prod.js:12:150373) {
  digest: '785353560'
}
TypeError: Cannot read properties of undefined (reading 'toLowerCase')
    at Module.y (/Users/ahmedsalem/Desktop/all my projects/uneom.com/.next/server/app/locations/[city]/[industry]/page.js:1:2657)
    at /Users/ahmedsalem/Desktop/all my projects/uneom.com/node_modules/next/dist/compiled/next-server/app-page.runtime.prod.js:12:227525
    at /Users/ahmedsalem/Desktop/all my projects/uneom.com/node_modules/next/dist/server/lib/trace/tracer.js:140:36
    at NoopContextManager.with (/Users/ahmedsalem/Desktop/all my projects/uneom.com/node_modules/next/dist/compiled/@opentelemetry/api/index.js:1:7062)
    at ContextAPI.with (/Users/ahmedsalem/Desktop/all my projects/uneom.com/node_modules/next/dist/compiled/@opentelemetry/api/index.js:1:518)
    at NoopTracer.startActiveSpan (/Users/ahmedsalem/Desktop/all my projects/uneom.com/node_modules/next/dist/compiled/@opentelemetry/api/index.js:1:18093)
    at ProxyTracer.startActiveSpan (/Users/ahmedsalem/Desktop/all my projects/uneom.com/node_modules/next/dist/compiled/@opentelemetry/api/index.js:1:18854)
    at /Users/ahmedsalem/Desktop/all my projects/uneom.com/node_modules/next/dist/server/lib/trace/tracer.js:122:103
    at NoopContextManager.with (/Users/ahmedsalem/Desktop/all my projects/uneom.com/node_modules/next/dist/compiled/@opentelemetry/api/index.js:1:7062)
    at ContextAPI.with (/Users/ahmedsalem/Desktop/all my projects/uneom.com/node_modules/next/dist/compiled/@opentelemetry/api/index.js:1:518) {
  digest: '2592674761'
}
TypeError: Cannot read properties of undefined (reading 'toLowerCase')
    at Module.y (/Users/ahmedsalem/Desktop/all my projects/uneom.com/.next/server/app/locations/[city]/[industry]/page.js:1:2657)
    at /Users/ahmedsalem/Desktop/all my projects/uneom.com/node_modules/next/dist/compiled/next-server/app-page.runtime.prod.js:12:227525
    at /Users/ahmedsalem/Desktop/all my projects/uneom.com/node_modules/next/dist/server/lib/trace/tracer.js:140:36
    at NoopContextManager.with (/Users/ahmedsalem/Desktop/all my projects/uneom.com/node_modules/next/dist/compiled/@opentelemetry/api/index.js:1:7062)
    at ContextAPI.with (/Users/ahmedsalem/Desktop/all my projects/uneom.com/node_modules/next/dist/compiled/@opentelemetry/api/index.js:1:518)
    at NoopTracer.startActiveSpan (/Users/ahmedsalem/Desktop/all my projects/uneom.com/node_modules/next/dist/compiled/@opentelemetry/api/index.js:1:18093)
    at ProxyTracer.startActiveSpan (/Users/ahmedsalem/Desktop/all my projects/uneom.com/node_modules/next/dist/compiled/@opentelemetry/api/index.js:1:18854)
    at /Users/ahmedsalem/Desktop/all my projects/uneom.com/node_modules/next/dist/server/lib/trace/tracer.js:122:103
    at NoopContextManager.with (/Users/ahmedsalem/Desktop/all my projects/uneom.com/node_modules/next/dist/compiled/@opentelemetry/api/index.js:1:7062)
    at ContextAPI.with (/Users/ahmedsalem/Desktop/all my projects/uneom.com/node_modules/next/dist/compiled/@opentelemetry/api/index.js:1:518) {
  digest: '2592674761'
}
TypeError: Cannot read properties of undefined (reading 'toLowerCase')
    at Module.y (/Users/ahmedsalem/Desktop/all my projects/uneom.com/.next/server/app/locations/[city]/[industry]/page.js:1:2657)
    at /Users/ahmedsalem/Desktop/all my projects/uneom.com/node_modules/next/dist/compiled/next-server/app-page.runtime.prod.js:12:227525
    at /Users/ahmedsalem/Desktop/all my projects/uneom.com/node_modules/next/dist/server/lib/trace/tracer.js:140:36
    at NoopContextManager.with (/Users/ahmedsalem/Desktop/all my projects/uneom.com/node_modules/next/dist/compiled/@opentelemetry/api/index.js:1:7062)
    at ContextAPI.with (/Users/ahmedsalem/Desktop/all my projects/uneom.com/node_modules/next/dist/compiled/@opentelemetry/api/index.js:1:518)
    at NoopTracer.startActiveSpan (/Users/ahmedsalem/Desktop/all my projects/uneom.com/node_modules/next/dist/compiled/@opentelemetry/api/index.js:1:18093)
    at ProxyTracer.startActiveSpan (/Users/ahmedsalem/Desktop/all my projects/uneom.com/node_modules/next/dist/compiled/@opentelemetry/api/index.js:1:18854)
    at /Users/ahmedsalem/Desktop/all my projects/uneom.com/node_modules/next/dist/server/lib/trace/tracer.js:122:103
    at NoopContextManager.with (/Users/ahmedsalem/Desktop/all my projects/uneom.com/node_modules/next/dist/compiled/@opentelemetry/api/index.js:1:7062)
    at ContextAPI.with (/Users/ahmedsalem/Desktop/all my projects/uneom.com/node_modules/next/dist/compiled/@opentelemetry/api/index.js:1:518) {
  digest: '2592674761'
}

Error occurred prerendering page "/locations/taif/hospitality". Read more: https://nextjs.org/docs/messages/prerender-error

TypeError: Cannot read properties of undefined (reading 'toLowerCase')
    at b (/Users/ahmedsalem/Desktop/all my projects/uneom.com/.next/server/app/locations/[city]/[industry]/page.js:1:4337)
    at eh (/Users/ahmedsalem/Desktop/all my projects/uneom.com/node_modules/next/dist/compiled/next-server/app-page.runtime.prod.js:12:134660)
    at e (/Users/ahmedsalem/Desktop/all my projects/uneom.com/node_modules/next/dist/compiled/next-server/app-page.runtime.prod.js:12:137545)
    at ek (/Users/ahmedsalem/Desktop/all my projects/uneom.com/node_modules/next/dist/compiled/next-server/app-page.runtime.prod.js:12:138019)
    at Array.toJSON (/Users/ahmedsalem/Desktop/all my projects/uneom.com/node_modules/next/dist/compiled/next-server/app-page.runtime.prod.js:12:135629)
    at stringify (<anonymous>)
    at eP (/Users/ahmedsalem/Desktop/all my projects/uneom.com/node_modules/next/dist/compiled/next-server/app-page.runtime.prod.js:12:142093)
    at eE (/Users/ahmedsalem/Desktop/all my projects/uneom.com/node_modules/next/dist/compiled/next-server/app-page.runtime.prod.js:12:142572)
    at AsyncLocalStorage.run (node:internal/async_local_storage/async_context_frame:63:14)
    at Timeout._onTimeout (/Users/ahmedsalem/Desktop/all my projects/uneom.com/node_modules/next/dist/compiled/next-server/app-page.runtime.prod.js:12:150373)
TypeError: Cannot read properties of undefined (reading 'toLowerCase')
    at b (/Users/ahmedsalem/Desktop/all my projects/uneom.com/.next/server/app/locations/[city]/[industry]/page.js:1:4337)
    at eh (/Users/ahmedsalem/Desktop/all my projects/uneom.com/node_modules/next/dist/compiled/next-server/app-page.runtime.prod.js:12:134660)
    at e (/Users/ahmedsalem/Desktop/all my projects/uneom.com/node_modules/next/dist/compiled/next-server/app-page.runtime.prod.js:12:137545)
    at ek (/Users/ahmedsalem/Desktop/all my projects/uneom.com/node_modules/next/dist/compiled/next-server/app-page.runtime.prod.js:12:138019)
    at Array.toJSON (/Users/ahmedsalem/Desktop/all my projects/uneom.com/node_modules/next/dist/compiled/next-server/app-page.runtime.prod.js:12:135629)
    at stringify (<anonymous>)
    at eP (/Users/ahmedsalem/Desktop/all my projects/uneom.com/node_modules/next/dist/compiled/next-server/app-page.runtime.prod.js:12:142093)
    at eE (/Users/ahmedsalem/Desktop/all my projects/uneom.com/node_modules/next/dist/compiled/next-server/app-page.runtime.prod.js:12:142572)
    at AsyncLocalStorage.run (node:internal/async_local_storage/async_context_frame:63:14)
    at Timeout._onTimeout (/Users/ahmedsalem/Desktop/all my projects/uneom.com/node_modules/next/dist/compiled/next-server/app-page.runtime.prod.js:12:150373) {
  digest: '785353560'
}
TypeError: Cannot read properties of undefined (reading 'toLowerCase')
    at b (/Users/ahmedsalem/Desktop/all my projects/uneom.com/.next/server/app/locations/[city]/[industry]/page.js:1:4337)
    at eh (/Users/ahmedsalem/Desktop/all my projects/uneom.com/node_modules/next/dist/compiled/next-server/app-page.runtime.prod.js:12:134660)
    at e (/Users/ahmedsalem/Desktop/all my projects/uneom.com/node_modules/next/dist/compiled/next-server/app-page.runtime.prod.js:12:137545)
    at ek (/Users/ahmedsalem/Desktop/all my projects/uneom.com/node_modules/next/dist/compiled/next-server/app-page.runtime.prod.js:12:138019)
    at Array.toJSON (/Users/ahmedsalem/Desktop/all my projects/uneom.com/node_modules/next/dist/compiled/next-server/app-page.runtime.prod.js:12:135629)
    at stringify (<anonymous>)
    at eP (/Users/ahmedsalem/Desktop/all my projects/uneom.com/node_modules/next/dist/compiled/next-server/app-page.runtime.prod.js:12:142093)
    at eE (/Users/ahmedsalem/Desktop/all my projects/uneom.com/node_modules/next/dist/compiled/next-server/app-page.runtime.prod.js:12:142572)
    at Timeout._onTimeout (/Users/ahmedsalem/Desktop/all my projects/uneom.com/node_modules/next/dist/compiled/next-server/app-page.runtime.prod.js:12:135349)
    at listOnTimeout (node:internal/timers:605:17) {
  digest: '2151575143'
}
TypeError: Cannot read properties of undefined (reading 'toLowerCase')
    at b (/Users/ahmedsalem/Desktop/all my projects/uneom.com/.next/server/app/locations/[city]/[industry]/page.js:1:4337)
    at eh (/Users/ahmedsalem/Desktop/all my projects/uneom.com/node_modules/next/dist/compiled/next-server/app-page.runtime.prod.js:12:134660)
    at e (/Users/ahmedsalem/Desktop/all my projects/uneom.com/node_modules/next/dist/compiled/next-server/app-page.runtime.prod.js:12:137545)
    at ek (/Users/ahmedsalem/Desktop/all my projects/uneom.com/node_modules/next/dist/compiled/next-server/app-page.runtime.prod.js:12:138019)
    at Array.toJSON (/Users/ahmedsalem/Desktop/all my projects/uneom.com/node_modules/next/dist/compiled/next-server/app-page.runtime.prod.js:12:135629)
    at stringify (<anonymous>)
    at eP (/Users/ahmedsalem/Desktop/all my projects/uneom.com/node_modules/next/dist/compiled/next-server/app-page.runtime.prod.js:12:142093)
    at eE (/Users/ahmedsalem/Desktop/all my projects/uneom.com/node_modules/next/dist/compiled/next-server/app-page.runtime.prod.js:12:142572)
    at Timeout._onTimeout (/Users/ahmedsalem/Desktop/all my projects/uneom.com/node_modules/next/dist/compiled/next-server/app-page.runtime.prod.js:12:135349)
    at listOnTimeout (node:internal/timers:605:17) {
  digest: '2151575143'
}
TypeError: Cannot read properties of undefined (reading 'toLowerCase')
    at b (/Users/ahmedsalem/Desktop/all my projects/uneom.com/.next/server/app/locations/[city]/[industry]/page.js:1:4337)
    at eh (/Users/ahmedsalem/Desktop/all my projects/uneom.com/node_modules/next/dist/compiled/next-server/app-page.runtime.prod.js:12:134660)
    at e (/Users/ahmedsalem/Desktop/all my projects/uneom.com/node_modules/next/dist/compiled/next-server/app-page.runtime.prod.js:12:137545)
    at ek (/Users/ahmedsalem/Desktop/all my projects/uneom.com/node_modules/next/dist/compiled/next-server/app-page.runtime.prod.js:12:138019)
    at Array.toJSON (/Users/ahmedsalem/Desktop/all my projects/uneom.com/node_modules/next/dist/compiled/next-server/app-page.runtime.prod.js:12:135629)
    at stringify (<anonymous>)
    at eP (/Users/ahmedsalem/Desktop/all my projects/uneom.com/node_modules/next/dist/compiled/next-server/app-page.runtime.prod.js:12:142093)
    at eE (/Users/ahmedsalem/Desktop/all my projects/uneom.com/node_modules/next/dist/compiled/next-server/app-page.runtime.prod.js:12:142572)
    at Timeout._onTimeout (/Users/ahmedsalem/Desktop/all my projects/uneom.com/node_modules/next/dist/compiled/next-server/app-page.runtime.prod.js:12:135349)
    at listOnTimeout (node:internal/timers:605:17) {
  digest: '2151575143'
}
TypeError: Cannot read properties of undefined (reading 'toLowerCase')
    at Module.y (/Users/ahmedsalem/Desktop/all my projects/uneom.com/.next/server/app/locations/[city]/[industry]/page.js:1:2657)
    at /Users/ahmedsalem/Desktop/all my projects/uneom.com/node_modules/next/dist/compiled/next-server/app-page.runtime.prod.js:12:227525
    at /Users/ahmedsalem/Desktop/all my projects/uneom.com/node_modules/next/dist/server/lib/trace/tracer.js:140:36
    at NoopContextManager.with (/Users/ahmedsalem/Desktop/all my projects/uneom.com/node_modules/next/dist/compiled/@opentelemetry/api/index.js:1:7062)
    at ContextAPI.with (/Users/ahmedsalem/Desktop/all my projects/uneom.com/node_modules/next/dist/compiled/@opentelemetry/api/index.js:1:518)
    at NoopTracer.startActiveSpan (/Users/ahmedsalem/Desktop/all my projects/uneom.com/node_modules/next/dist/compiled/@opentelemetry/api/index.js:1:18093)
    at ProxyTracer.startActiveSpan (/Users/ahmedsalem/Desktop/all my projects/uneom.com/node_modules/next/dist/compiled/@opentelemetry/api/index.js:1:18854)
    at /Users/ahmedsalem/Desktop/all my projects/uneom.com/node_modules/next/dist/server/lib/trace/tracer.js:122:103
    at NoopContextManager.with (/Users/ahmedsalem/Desktop/all my projects/uneom.com/node_modules/next/dist/compiled/@opentelemetry/api/index.js:1:7062)
    at ContextAPI.with (/Users/ahmedsalem/Desktop/all my projects/uneom.com/node_modules/next/dist/compiled/@opentelemetry/api/index.js:1:518) {
  digest: '2592674761'
}
TypeError: Cannot read properties of undefined (reading 'toLowerCase')
    at Module.y (/Users/ahmedsalem/Desktop/all my projects/uneom.com/.next/server/app/locations/[city]/[industry]/page.js:1:2657)
    at /Users/ahmedsalem/Desktop/all my projects/uneom.com/node_modules/next/dist/compiled/next-server/app-page.runtime.prod.js:12:227525
    at /Users/ahmedsalem/Desktop/all my projects/uneom.com/node_modules/next/dist/server/lib/trace/tracer.js:140:36
    at NoopContextManager.with (/Users/ahmedsalem/Desktop/all my projects/uneom.com/node_modules/next/dist/compiled/@opentelemetry/api/index.js:1:7062)
    at ContextAPI.with (/Users/ahmedsalem/Desktop/all my projects/uneom.com/node_modules/next/dist/compiled/@opentelemetry/api/index.js:1:518)
    at NoopTracer.startActiveSpan (/Users/ahmedsalem/Desktop/all my projects/uneom.com/node_modules/next/dist/compiled/@opentelemetry/api/index.js:1:18093)
    at ProxyTracer.startActiveSpan (/Users/ahmedsalem/Desktop/all my projects/uneom.com/node_modules/next/dist/compiled/@opentelemetry/api/index.js:1:18854)
    at /Users/ahmedsalem/Desktop/all my projects/uneom.com/node_modules/next/dist/server/lib/trace/tracer.js:122:103
    at NoopContextManager.with (/Users/ahmedsalem/Desktop/all my projects/uneom.com/node_modules/next/dist/compiled/@opentelemetry/api/index.js:1:7062)
    at ContextAPI.with (/Users/ahmedsalem/Desktop/all my projects/uneom.com/node_modules/next/dist/compiled/@opentelemetry/api/index.js:1:518) {
  digest: '2592674761'
}
TypeError: Cannot read properties of undefined (reading 'toLowerCase')
    at Module.y (/Users/ahmedsalem/Desktop/all my projects/uneom.com/.next/server/app/locations/[city]/[industry]/page.js:1:2657)
    at /Users/ahmedsalem/Desktop/all my projects/uneom.com/node_modules/next/dist/compiled/next-server/app-page.runtime.prod.js:12:227525
    at /Users/ahmedsalem/Desktop/all my projects/uneom.com/node_modules/next/dist/server/lib/trace/tracer.js:140:36
    at NoopContextManager.with (/Users/ahmedsalem/Desktop/all my projects/uneom.com/node_modules/next/dist/compiled/@opentelemetry/api/index.js:1:7062)
    at ContextAPI.with (/Users/ahmedsalem/Desktop/all my projects/uneom.com/node_modules/next/dist/compiled/@opentelemetry/api/index.js:1:518)
    at NoopTracer.startActiveSpan (/Users/ahmedsalem/Desktop/all my projects/uneom.com/node_modules/next/dist/compiled/@opentelemetry/api/index.js:1:18093)
    at ProxyTracer.startActiveSpan (/Users/ahmedsalem/Desktop/all my projects/uneom.com/node_modules/next/dist/compiled/@opentelemetry/api/index.js:1:18854)
    at /Users/ahmedsalem/Desktop/all my projects/uneom.com/node_modules/next/dist/server/lib/trace/tracer.js:122:103
    at NoopContextManager.with (/Users/ahmedsalem/Desktop/all my projects/uneom.com/node_modules/next/dist/compiled/@opentelemetry/api/index.js:1:7062)
    at ContextAPI.with (/Users/ahmedsalem/Desktop/all my projects/uneom.com/node_modules/next/dist/compiled/@opentelemetry/api/index.js:1:518) {
  digest: '2592674761'
}
TypeError: Cannot read properties of undefined (reading 'toLowerCase')
    at Module.y (/Users/ahmedsalem/Desktop/all my projects/uneom.com/.next/server/app/locations/[city]/[industry]/page.js:1:2657)
    at /Users/ahmedsalem/Desktop/all my projects/uneom.com/node_modules/next/dist/compiled/next-server/app-page.runtime.prod.js:12:227525
    at /Users/ahmedsalem/Desktop/all my projects/uneom.com/node_modules/next/dist/server/lib/trace/tracer.js:140:36
    at NoopContextManager.with (/Users/ahmedsalem/Desktop/all my projects/uneom.com/node_modules/next/dist/compiled/@opentelemetry/api/index.js:1:7062)
    at ContextAPI.with (/Users/ahmedsalem/Desktop/all my projects/uneom.com/node_modules/next/dist/compiled/@opentelemetry/api/index.js:1:518)
    at NoopTracer.startActiveSpan (/Users/ahmedsalem/Desktop/all my projects/uneom.com/node_modules/next/dist/compiled/@opentelemetry/api/index.js:1:18093)
    at ProxyTracer.startActiveSpan (/Users/ahmedsalem/Desktop/all my projects/uneom.com/node_modules/next/dist/compiled/@opentelemetry/api/index.js:1:18854)
    at /Users/ahmedsalem/Desktop/all my projects/uneom.com/node_modules/next/dist/server/lib/trace/tracer.js:122:103
    at NoopContextManager.with (/Users/ahmedsalem/Desktop/all my projects/uneom.com/node_modules/next/dist/compiled/@opentelemetry/api/index.js:1:7062)
    at ContextAPI.with (/Users/ahmedsalem/Desktop/all my projects/uneom.com/node_modules/next/dist/compiled/@opentelemetry/api/index.js:1:518) {
  digest: '2592674761'
}
TypeError: Cannot read properties of undefined (reading 'toLowerCase')
    at b (/Users/ahmedsalem/Desktop/all my projects/uneom.com/.next/server/app/locations/[city]/[industry]/page.js:1:4337)
    at eh (/Users/ahmedsalem/Desktop/all my projects/uneom.com/node_modules/next/dist/compiled/next-server/app-page.runtime.prod.js:12:134660)
    at e (/Users/ahmedsalem/Desktop/all my projects/uneom.com/node_modules/next/dist/compiled/next-server/app-page.runtime.prod.js:12:137545)
    at ek (/Users/ahmedsalem/Desktop/all my projects/uneom.com/node_modules/next/dist/compiled/next-server/app-page.runtime.prod.js:12:138019)
    at Array.toJSON (/Users/ahmedsalem/Desktop/all my projects/uneom.com/node_modules/next/dist/compiled/next-server/app-page.runtime.prod.js:12:135629)
    at stringify (<anonymous>)
    at eP (/Users/ahmedsalem/Desktop/all my projects/uneom.com/node_modules/next/dist/compiled/next-server/app-page.runtime.prod.js:12:142093)
    at eE (/Users/ahmedsalem/Desktop/all my projects/uneom.com/node_modules/next/dist/compiled/next-server/app-page.runtime.prod.js:12:142572)
    at AsyncLocalStorage.run (node:internal/async_local_storage/async_context_frame:63:14)
    at Timeout._onTimeout (/Users/ahmedsalem/Desktop/all my projects/uneom.com/node_modules/next/dist/compiled/next-server/app-page.runtime.prod.js:12:150373) {
  digest: '785353560'
}

Error occurred prerendering page "/locations/taif/aviation". Read more: https://nextjs.org/docs/messages/prerender-error

TypeError: Cannot read properties of undefined (reading 'toLowerCase')
    at b (/Users/ahmedsalem/Desktop/all my projects/uneom.com/.next/server/app/locations/[city]/[industry]/page.js:1:4337)
    at eh (/Users/ahmedsalem/Desktop/all my projects/uneom.com/node_modules/next/dist/compiled/next-server/app-page.runtime.prod.js:12:134660)
    at e (/Users/ahmedsalem/Desktop/all my projects/uneom.com/node_modules/next/dist/compiled/next-server/app-page.runtime.prod.js:12:137545)
    at ek (/Users/ahmedsalem/Desktop/all my projects/uneom.com/node_modules/next/dist/compiled/next-server/app-page.runtime.prod.js:12:138019)
    at Array.toJSON (/Users/ahmedsalem/Desktop/all my projects/uneom.com/node_modules/next/dist/compiled/next-server/app-page.runtime.prod.js:12:135629)
    at stringify (<anonymous>)
    at eP (/Users/ahmedsalem/Desktop/all my projects/uneom.com/node_modules/next/dist/compiled/next-server/app-page.runtime.prod.js:12:142093)
    at eE (/Users/ahmedsalem/Desktop/all my projects/uneom.com/node_modules/next/dist/compiled/next-server/app-page.runtime.prod.js:12:142572)
    at AsyncLocalStorage.run (node:internal/async_local_storage/async_context_frame:63:14)
    at Timeout._onTimeout (/Users/ahmedsalem/Desktop/all my projects/uneom.com/node_modules/next/dist/compiled/next-server/app-page.runtime.prod.js:12:150373)

Error occurred prerendering page "/locations/taif/corporate". Read more: https://nextjs.org/docs/messages/prerender-error

TypeError: Cannot read properties of undefined (reading 'toLowerCase')
    at b (/Users/ahmedsalem/Desktop/all my projects/uneom.com/.next/server/app/locations/[city]/[industry]/page.js:1:4337)
    at eh (/Users/ahmedsalem/Desktop/all my projects/uneom.com/node_modules/next/dist/compiled/next-server/app-page.runtime.prod.js:12:134660)
    at e (/Users/ahmedsalem/Desktop/all my projects/uneom.com/node_modules/next/dist/compiled/next-server/app-page.runtime.prod.js:12:137545)
    at ek (/Users/ahmedsalem/Desktop/all my projects/uneom.com/node_modules/next/dist/compiled/next-server/app-page.runtime.prod.js:12:138019)
    at Array.toJSON (/Users/ahmedsalem/Desktop/all my projects/uneom.com/node_modules/next/dist/compiled/next-server/app-page.runtime.prod.js:12:135629)
    at stringify (<anonymous>)
    at eP (/Users/ahmedsalem/Desktop/all my projects/uneom.com/node_modules/next/dist/compiled/next-server/app-page.runtime.prod.js:12:142093)
    at eE (/Users/ahmedsalem/Desktop/all my projects/uneom.com/node_modules/next/dist/compiled/next-server/app-page.runtime.prod.js:12:142572)
    at AsyncLocalStorage.run (node:internal/async_local_storage/async_context_frame:63:14)
    at Timeout._onTimeout (/Users/ahmedsalem/Desktop/all my projects/uneom.com/node_modules/next/dist/compiled/next-server/app-page.runtime.prod.js:12:150373)
TypeError: Cannot read properties of undefined (reading 'toLowerCase')
    at Module.y (/Users/ahmedsalem/Desktop/all my projects/uneom.com/.next/server/app/locations/[city]/[industry]/page.js:1:2657)
    at /Users/ahmedsalem/Desktop/all my projects/uneom.com/node_modules/next/dist/compiled/next-server/app-page.runtime.prod.js:12:227525
    at /Users/ahmedsalem/Desktop/all my projects/uneom.com/node_modules/next/dist/server/lib/trace/tracer.js:140:36
    at NoopContextManager.with (/Users/ahmedsalem/Desktop/all my projects/uneom.com/node_modules/next/dist/compiled/@opentelemetry/api/index.js:1:7062)
    at ContextAPI.with (/Users/ahmedsalem/Desktop/all my projects/uneom.com/node_modules/next/dist/compiled/@opentelemetry/api/index.js:1:518)
    at NoopTracer.startActiveSpan (/Users/ahmedsalem/Desktop/all my projects/uneom.com/node_modules/next/dist/compiled/@opentelemetry/api/index.js:1:18093)
    at ProxyTracer.startActiveSpan (/Users/ahmedsalem/Desktop/all my projects/uneom.com/node_modules/next/dist/compiled/@opentelemetry/api/index.js:1:18854)
    at /Users/ahmedsalem/Desktop/all my projects/uneom.com/node_modules/next/dist/server/lib/trace/tracer.js:122:103
    at NoopContextManager.with (/Users/ahmedsalem/Desktop/all my projects/uneom.com/node_modules/next/dist/compiled/@opentelemetry/api/index.js:1:7062)
    at ContextAPI.with (/Users/ahmedsalem/Desktop/all my projects/uneom.com/node_modules/next/dist/compiled/@opentelemetry/api/index.js:1:518) {
  digest: '2592674761'
}
TypeError: Cannot read properties of undefined (reading 'toLowerCase')
    at Module.y (/Users/ahmedsalem/Desktop/all my projects/uneom.com/.next/server/app/locations/[city]/[industry]/page.js:1:2657)
    at /Users/ahmedsalem/Desktop/all my projects/uneom.com/node_modules/next/dist/compiled/next-server/app-page.runtime.prod.js:12:227525
    at /Users/ahmedsalem/Desktop/all my projects/uneom.com/node_modules/next/dist/server/lib/trace/tracer.js:140:36
    at NoopContextManager.with (/Users/ahmedsalem/Desktop/all my projects/uneom.com/node_modules/next/dist/compiled/@opentelemetry/api/index.js:1:7062)
    at ContextAPI.with (/Users/ahmedsalem/Desktop/all my projects/uneom.com/node_modules/next/dist/compiled/@opentelemetry/api/index.js:1:518)
    at NoopTracer.startActiveSpan (/Users/ahmedsalem/Desktop/all my projects/uneom.com/node_modules/next/dist/compiled/@opentelemetry/api/index.js:1:18093)
    at ProxyTracer.startActiveSpan (/Users/ahmedsalem/Desktop/all my projects/uneom.com/node_modules/next/dist/compiled/@opentelemetry/api/index.js:1:18854)
    at /Users/ahmedsalem/Desktop/all my projects/uneom.com/node_modules/next/dist/server/lib/trace/tracer.js:122:103
    at NoopContextManager.with (/Users/ahmedsalem/Desktop/all my projects/uneom.com/node_modules/next/dist/compiled/@opentelemetry/api/index.js:1:7062)
    at ContextAPI.with (/Users/ahmedsalem/Desktop/all my projects/uneom.com/node_modules/next/dist/compiled/@opentelemetry/api/index.js:1:518) {
  digest: '2592674761'
}
TypeError: Cannot read properties of undefined (reading 'toLowerCase')
    at b (/Users/ahmedsalem/Desktop/all my projects/uneom.com/.next/server/app/locations/[city]/[industry]/page.js:1:4337)
    at eh (/Users/ahmedsalem/Desktop/all my projects/uneom.com/node_modules/next/dist/compiled/next-server/app-page.runtime.prod.js:12:134660)
    at e (/Users/ahmedsalem/Desktop/all my projects/uneom.com/node_modules/next/dist/compiled/next-server/app-page.runtime.prod.js:12:137545)
    at ek (/Users/ahmedsalem/Desktop/all my projects/uneom.com/node_modules/next/dist/compiled/next-server/app-page.runtime.prod.js:12:138019)
    at Array.toJSON (/Users/ahmedsalem/Desktop/all my projects/uneom.com/node_modules/next/dist/compiled/next-server/app-page.runtime.prod.js:12:135629)
    at stringify (<anonymous>)
    at eP (/Users/ahmedsalem/Desktop/all my projects/uneom.com/node_modules/next/dist/compiled/next-server/app-page.runtime.prod.js:12:142093)
    at eE (/Users/ahmedsalem/Desktop/all my projects/uneom.com/node_modules/next/dist/compiled/next-server/app-page.runtime.prod.js:12:142572)
    at Timeout._onTimeout (/Users/ahmedsalem/Desktop/all my projects/uneom.com/node_modules/next/dist/compiled/next-server/app-page.runtime.prod.js:12:135349)
    at listOnTimeout (node:internal/timers:605:17) {
  digest: '2151575143'
}
TypeError: Cannot read properties of undefined (reading 'toLowerCase')
    at Module.y (/Users/ahmedsalem/Desktop/all my projects/uneom.com/.next/server/app/locations/[city]/[industry]/page.js:1:2657)
    at /Users/ahmedsalem/Desktop/all my projects/uneom.com/node_modules/next/dist/compiled/next-server/app-page.runtime.prod.js:12:227525
    at /Users/ahmedsalem/Desktop/all my projects/uneom.com/node_modules/next/dist/server/lib/trace/tracer.js:140:36
    at NoopContextManager.with (/Users/ahmedsalem/Desktop/all my projects/uneom.com/node_modules/next/dist/compiled/@opentelemetry/api/index.js:1:7062)
    at ContextAPI.with (/Users/ahmedsalem/Desktop/all my projects/uneom.com/node_modules/next/dist/compiled/@opentelemetry/api/index.js:1:518)
    at NoopTracer.startActiveSpan (/Users/ahmedsalem/Desktop/all my projects/uneom.com/node_modules/next/dist/compiled/@opentelemetry/api/index.js:1:18093)
    at ProxyTracer.startActiveSpan (/Users/ahmedsalem/Desktop/all my projects/uneom.com/node_modules/next/dist/compiled/@opentelemetry/api/index.js:1:18854)
    at /Users/ahmedsalem/Desktop/all my projects/uneom.com/node_modules/next/dist/server/lib/trace/tracer.js:122:103
    at NoopContextManager.with (/Users/ahmedsalem/Desktop/all my projects/uneom.com/node_modules/next/dist/compiled/@opentelemetry/api/index.js:1:7062)
    at ContextAPI.with (/Users/ahmedsalem/Desktop/all my projects/uneom.com/node_modules/next/dist/compiled/@opentelemetry/api/index.js:1:518) {
  digest: '2592674761'
}
TypeError: Cannot read properties of undefined (reading 'toLowerCase')
    at b (/Users/ahmedsalem/Desktop/all my projects/uneom.com/.next/server/app/locations/[city]/[industry]/page.js:1:4337)
    at eh (/Users/ahmedsalem/Desktop/all my projects/uneom.com/node_modules/next/dist/compiled/next-server/app-page.runtime.prod.js:12:134660)
    at e (/Users/ahmedsalem/Desktop/all my projects/uneom.com/node_modules/next/dist/compiled/next-server/app-page.runtime.prod.js:12:137545)
    at ek (/Users/ahmedsalem/Desktop/all my projects/uneom.com/node_modules/next/dist/compiled/next-server/app-page.runtime.prod.js:12:138019)
    at Array.toJSON (/Users/ahmedsalem/Desktop/all my projects/uneom.com/node_modules/next/dist/compiled/next-server/app-page.runtime.prod.js:12:135629)
    at stringify (<anonymous>)
    at eP (/Users/ahmedsalem/Desktop/all my projects/uneom.com/node_modules/next/dist/compiled/next-server/app-page.runtime.prod.js:12:142093)
    at eE (/Users/ahmedsalem/Desktop/all my projects/uneom.com/node_modules/next/dist/compiled/next-server/app-page.runtime.prod.js:12:142572)
    at AsyncLocalStorage.run (node:internal/async_local_storage/async_context_frame:63:14)
    at Timeout._onTimeout (/Users/ahmedsalem/Desktop/all my projects/uneom.com/node_modules/next/dist/compiled/next-server/app-page.runtime.prod.js:12:150373) {
  digest: '785353560'
}
TypeError: Cannot read properties of undefined (reading 'toLowerCase')
    at b (/Users/ahmedsalem/Desktop/all my projects/uneom.com/.next/server/app/locations/[city]/[industry]/page.js:1:4337)
    at eh (/Users/ahmedsalem/Desktop/all my projects/uneom.com/node_modules/next/dist/compiled/next-server/app-page.runtime.prod.js:12:134660)
    at e (/Users/ahmedsalem/Desktop/all my projects/uneom.com/node_modules/next/dist/compiled/next-server/app-page.runtime.prod.js:12:137545)
    at ek (/Users/ahmedsalem/Desktop/all my projects/uneom.com/node_modules/next/dist/compiled/next-server/app-page.runtime.prod.js:12:138019)
    at Array.toJSON (/Users/ahmedsalem/Desktop/all my projects/uneom.com/node_modules/next/dist/compiled/next-server/app-page.runtime.prod.js:12:135629)
    at stringify (<anonymous>)
    at eP (/Users/ahmedsalem/Desktop/all my projects/uneom.com/node_modules/next/dist/compiled/next-server/app-page.runtime.prod.js:12:142093)
    at eE (/Users/ahmedsalem/Desktop/all my projects/uneom.com/node_modules/next/dist/compiled/next-server/app-page.runtime.prod.js:12:142572)
    at AsyncLocalStorage.run (node:internal/async_local_storage/async_context_frame:63:14)
    at Timeout._onTimeout (/Users/ahmedsalem/Desktop/all my projects/uneom.com/node_modules/next/dist/compiled/next-server/app-page.runtime.prod.js:12:150373) {
  digest: '785353560'
}
TypeError: Cannot read properties of undefined (reading 'toLowerCase')
    at Module.y (/Users/ahmedsalem/Desktop/all my projects/uneom.com/.next/server/app/locations/[city]/[industry]/page.js:1:2657)
    at /Users/ahmedsalem/Desktop/all my projects/uneom.com/node_modules/next/dist/compiled/next-server/app-page.runtime.prod.js:12:227525
    at /Users/ahmedsalem/Desktop/all my projects/uneom.com/node_modules/next/dist/server/lib/trace/tracer.js:140:36
    at NoopContextManager.with (/Users/ahmedsalem/Desktop/all my projects/uneom.com/node_modules/next/dist/compiled/@opentelemetry/api/index.js:1:7062)
    at ContextAPI.with (/Users/ahmedsalem/Desktop/all my projects/uneom.com/node_modules/next/dist/compiled/@opentelemetry/api/index.js:1:518)
    at NoopTracer.startActiveSpan (/Users/ahmedsalem/Desktop/all my projects/uneom.com/node_modules/next/dist/compiled/@opentelemetry/api/index.js:1:18093)
    at ProxyTracer.startActiveSpan (/Users/ahmedsalem/Desktop/all my projects/uneom.com/node_modules/next/dist/compiled/@opentelemetry/api/index.js:1:18854)
    at /Users/ahmedsalem/Desktop/all my projects/uneom.com/node_modules/next/dist/server/lib/trace/tracer.js:122:103
    at NoopContextManager.with (/Users/ahmedsalem/Desktop/all my projects/uneom.com/node_modules/next/dist/compiled/@opentelemetry/api/index.js:1:7062)
    at ContextAPI.with (/Users/ahmedsalem/Desktop/all my projects/uneom.com/node_modules/next/dist/compiled/@opentelemetry/api/index.js:1:518) {
  digest: '2592674761'
}

Error occurred prerendering page "/locations/taif/education". Read more: https://nextjs.org/docs/messages/prerender-error

TypeError: Cannot read properties of undefined (reading 'toLowerCase')
    at b (/Users/ahmedsalem/Desktop/all my projects/uneom.com/.next/server/app/locations/[city]/[industry]/page.js:1:4337)
    at eh (/Users/ahmedsalem/Desktop/all my projects/uneom.com/node_modules/next/dist/compiled/next-server/app-page.runtime.prod.js:12:134660)
    at e (/Users/ahmedsalem/Desktop/all my projects/uneom.com/node_modules/next/dist/compiled/next-server/app-page.runtime.prod.js:12:137545)
    at ek (/Users/ahmedsalem/Desktop/all my projects/uneom.com/node_modules/next/dist/compiled/next-server/app-page.runtime.prod.js:12:138019)
    at Array.toJSON (/Users/ahmedsalem/Desktop/all my projects/uneom.com/node_modules/next/dist/compiled/next-server/app-page.runtime.prod.js:12:135629)
    at stringify (<anonymous>)
    at eP (/Users/ahmedsalem/Desktop/all my projects/uneom.com/node_modules/next/dist/compiled/next-server/app-page.runtime.prod.js:12:142093)
    at eE (/Users/ahmedsalem/Desktop/all my projects/uneom.com/node_modules/next/dist/compiled/next-server/app-page.runtime.prod.js:12:142572)
    at AsyncLocalStorage.run (node:internal/async_local_storage/async_context_frame:63:14)
    at Timeout._onTimeout (/Users/ahmedsalem/Desktop/all my projects/uneom.com/node_modules/next/dist/compiled/next-server/app-page.runtime.prod.js:12:150373)
TypeError: Cannot read properties of undefined (reading 'toLowerCase')
    at Module.y (/Users/ahmedsalem/Desktop/all my projects/uneom.com/.next/server/app/locations/[city]/[industry]/page.js:1:2657)
    at /Users/ahmedsalem/Desktop/all my projects/uneom.com/node_modules/next/dist/compiled/next-server/app-page.runtime.prod.js:12:227525
    at /Users/ahmedsalem/Desktop/all my projects/uneom.com/node_modules/next/dist/server/lib/trace/tracer.js:140:36
    at NoopContextManager.with (/Users/ahmedsalem/Desktop/all my projects/uneom.com/node_modules/next/dist/compiled/@opentelemetry/api/index.js:1:7062)
    at ContextAPI.with (/Users/ahmedsalem/Desktop/all my projects/uneom.com/node_modules/next/dist/compiled/@opentelemetry/api/index.js:1:518)
    at NoopTracer.startActiveSpan (/Users/ahmedsalem/Desktop/all my projects/uneom.com/node_modules/next/dist/compiled/@opentelemetry/api/index.js:1:18093)
    at ProxyTracer.startActiveSpan (/Users/ahmedsalem/Desktop/all my projects/uneom.com/node_modules/next/dist/compiled/@opentelemetry/api/index.js:1:18854)
    at /Users/ahmedsalem/Desktop/all my projects/uneom.com/node_modules/next/dist/server/lib/trace/tracer.js:122:103
    at NoopContextManager.with (/Users/ahmedsalem/Desktop/all my projects/uneom.com/node_modules/next/dist/compiled/@opentelemetry/api/index.js:1:7062)
    at ContextAPI.with (/Users/ahmedsalem/Desktop/all my projects/uneom.com/node_modules/next/dist/compiled/@opentelemetry/api/index.js:1:518) {
  digest: '2592674761'
}
TypeError: Cannot read properties of undefined (reading 'toLowerCase')
    at b (/Users/ahmedsalem/Desktop/all my projects/uneom.com/.next/server/app/locations/[city]/[industry]/page.js:1:4337)
    at eh (/Users/ahmedsalem/Desktop/all my projects/uneom.com/node_modules/next/dist/compiled/next-server/app-page.runtime.prod.js:12:134660)
    at e (/Users/ahmedsalem/Desktop/all my projects/uneom.com/node_modules/next/dist/compiled/next-server/app-page.runtime.prod.js:12:137545)
    at ek (/Users/ahmedsalem/Desktop/all my projects/uneom.com/node_modules/next/dist/compiled/next-server/app-page.runtime.prod.js:12:138019)
    at Array.toJSON (/Users/ahmedsalem/Desktop/all my projects/uneom.com/node_modules/next/dist/compiled/next-server/app-page.runtime.prod.js:12:135629)
    at stringify (<anonymous>)
    at eP (/Users/ahmedsalem/Desktop/all my projects/uneom.com/node_modules/next/dist/compiled/next-server/app-page.runtime.prod.js:12:142093)
    at eE (/Users/ahmedsalem/Desktop/all my projects/uneom.com/node_modules/next/dist/compiled/next-server/app-page.runtime.prod.js:12:142572)
    at Timeout._onTimeout (/Users/ahmedsalem/Desktop/all my projects/uneom.com/node_modules/next/dist/compiled/next-server/app-page.runtime.prod.js:12:135349)
    at listOnTimeout (node:internal/timers:605:17) {
  digest: '2151575143'
}
TypeError: Cannot read properties of undefined (reading 'toLowerCase')
    at b (/Users/ahmedsalem/Desktop/all my projects/uneom.com/.next/server/app/locations/[city]/[industry]/page.js:1:4337)
    at eh (/Users/ahmedsalem/Desktop/all my projects/uneom.com/node_modules/next/dist/compiled/next-server/app-page.runtime.prod.js:12:134660)
    at e (/Users/ahmedsalem/Desktop/all my projects/uneom.com/node_modules/next/dist/compiled/next-server/app-page.runtime.prod.js:12:137545)
    at ek (/Users/ahmedsalem/Desktop/all my projects/uneom.com/node_modules/next/dist/compiled/next-server/app-page.runtime.prod.js:12:138019)
    at Array.toJSON (/Users/ahmedsalem/Desktop/all my projects/uneom.com/node_modules/next/dist/compiled/next-server/app-page.runtime.prod.js:12:135629)
    at stringify (<anonymous>)
    at eP (/Users/ahmedsalem/Desktop/all my projects/uneom.com/node_modules/next/dist/compiled/next-server/app-page.runtime.prod.js:12:142093)
    at eE (/Users/ahmedsalem/Desktop/all my projects/uneom.com/node_modules/next/dist/compiled/next-server/app-page.runtime.prod.js:12:142572)
    at Timeout._onTimeout (/Users/ahmedsalem/Desktop/all my projects/uneom.com/node_modules/next/dist/compiled/next-server/app-page.runtime.prod.js:12:135349)
    at listOnTimeout (node:internal/timers:605:17) {
  digest: '2151575143'
}

Error occurred prerendering page "/locations/taif/manufacturing". Read more: https://nextjs.org/docs/messages/prerender-error

TypeError: Cannot read properties of undefined (reading 'toLowerCase')
    at b (/Users/ahmedsalem/Desktop/all my projects/uneom.com/.next/server/app/locations/[city]/[industry]/page.js:1:4337)
    at eh (/Users/ahmedsalem/Desktop/all my projects/uneom.com/node_modules/next/dist/compiled/next-server/app-page.runtime.prod.js:12:134660)
    at e (/Users/ahmedsalem/Desktop/all my projects/uneom.com/node_modules/next/dist/compiled/next-server/app-page.runtime.prod.js:12:137545)
    at ek (/Users/ahmedsalem/Desktop/all my projects/uneom.com/node_modules/next/dist/compiled/next-server/app-page.runtime.prod.js:12:138019)
    at Array.toJSON (/Users/ahmedsalem/Desktop/all my projects/uneom.com/node_modules/next/dist/compiled/next-server/app-page.runtime.prod.js:12:135629)
    at stringify (<anonymous>)
    at eP (/Users/ahmedsalem/Desktop/all my projects/uneom.com/node_modules/next/dist/compiled/next-server/app-page.runtime.prod.js:12:142093)
    at eE (/Users/ahmedsalem/Desktop/all my projects/uneom.com/node_modules/next/dist/compiled/next-server/app-page.runtime.prod.js:12:142572)
    at AsyncLocalStorage.run (node:internal/async_local_storage/async_context_frame:63:14)
    at Timeout._onTimeout (/Users/ahmedsalem/Desktop/all my projects/uneom.com/node_modules/next/dist/compiled/next-server/app-page.runtime.prod.js:12:150373)

Error occurred prerendering page "/locations/taif/factory-industry". Read more: https://nextjs.org/docs/messages/prerender-error

TypeError: Cannot read properties of undefined (reading 'toLowerCase')
    at b (/Users/ahmedsalem/Desktop/all my projects/uneom.com/.next/server/app/locations/[city]/[industry]/page.js:1:4337)
    at eh (/Users/ahmedsalem/Desktop/all my projects/uneom.com/node_modules/next/dist/compiled/next-server/app-page.runtime.prod.js:12:134660)
    at e (/Users/ahmedsalem/Desktop/all my projects/uneom.com/node_modules/next/dist/compiled/next-server/app-page.runtime.prod.js:12:137545)
    at ek (/Users/ahmedsalem/Desktop/all my projects/uneom.com/node_modules/next/dist/compiled/next-server/app-page.runtime.prod.js:12:138019)
    at Array.toJSON (/Users/ahmedsalem/Desktop/all my projects/uneom.com/node_modules/next/dist/compiled/next-server/app-page.runtime.prod.js:12:135629)
    at stringify (<anonymous>)
    at eP (/Users/ahmedsalem/Desktop/all my projects/uneom.com/node_modules/next/dist/compiled/next-server/app-page.runtime.prod.js:12:142093)
    at eE (/Users/ahmedsalem/Desktop/all my projects/uneom.com/node_modules/next/dist/compiled/next-server/app-page.runtime.prod.js:12:142572)
    at AsyncLocalStorage.run (node:internal/async_local_storage/async_context_frame:63:14)
    at Timeout._onTimeout (/Users/ahmedsalem/Desktop/all my projects/uneom.com/node_modules/next/dist/compiled/next-server/app-page.runtime.prod.js:12:150373)
TypeError: Cannot read properties of undefined (reading 'toLowerCase')
    at Module.y (/Users/ahmedsalem/Desktop/all my projects/uneom.com/.next/server/app/locations/[city]/[industry]/page.js:1:2657)
    at /Users/ahmedsalem/Desktop/all my projects/uneom.com/node_modules/next/dist/compiled/next-server/app-page.runtime.prod.js:12:227525
    at /Users/ahmedsalem/Desktop/all my projects/uneom.com/node_modules/next/dist/server/lib/trace/tracer.js:140:36
    at NoopContextManager.with (/Users/ahmedsalem/Desktop/all my projects/uneom.com/node_modules/next/dist/compiled/@opentelemetry/api/index.js:1:7062)
    at ContextAPI.with (/Users/ahmedsalem/Desktop/all my projects/uneom.com/node_modules/next/dist/compiled/@opentelemetry/api/index.js:1:518)
    at NoopTracer.startActiveSpan (/Users/ahmedsalem/Desktop/all my projects/uneom.com/node_modules/next/dist/compiled/@opentelemetry/api/index.js:1:18093)
    at ProxyTracer.startActiveSpan (/Users/ahmedsalem/Desktop/all my projects/uneom.com/node_modules/next/dist/compiled/@opentelemetry/api/index.js:1:18854)
    at /Users/ahmedsalem/Desktop/all my projects/uneom.com/node_modules/next/dist/server/lib/trace/tracer.js:122:103
    at NoopContextManager.with (/Users/ahmedsalem/Desktop/all my projects/uneom.com/node_modules/next/dist/compiled/@opentelemetry/api/index.js:1:7062)
    at ContextAPI.with (/Users/ahmedsalem/Desktop/all my projects/uneom.com/node_modules/next/dist/compiled/@opentelemetry/api/index.js:1:518) {
  digest: '2592674761'
}
TypeError: Cannot read properties of undefined (reading 'toLowerCase')
    at Module.y (/Users/ahmedsalem/Desktop/all my projects/uneom.com/.next/server/app/locations/[city]/[industry]/page.js:1:2657)
    at /Users/ahmedsalem/Desktop/all my projects/uneom.com/node_modules/next/dist/compiled/next-server/app-page.runtime.prod.js:12:227525
    at /Users/ahmedsalem/Desktop/all my projects/uneom.com/node_modules/next/dist/server/lib/trace/tracer.js:140:36
    at NoopContextManager.with (/Users/ahmedsalem/Desktop/all my projects/uneom.com/node_modules/next/dist/compiled/@opentelemetry/api/index.js:1:7062)
    at ContextAPI.with (/Users/ahmedsalem/Desktop/all my projects/uneom.com/node_modules/next/dist/compiled/@opentelemetry/api/index.js:1:518)
    at NoopTracer.startActiveSpan (/Users/ahmedsalem/Desktop/all my projects/uneom.com/node_modules/next/dist/compiled/@opentelemetry/api/index.js:1:18093)
    at ProxyTracer.startActiveSpan (/Users/ahmedsalem/Desktop/all my projects/uneom.com/node_modules/next/dist/compiled/@opentelemetry/api/index.js:1:18854)
    at /Users/ahmedsalem/Desktop/all my projects/uneom.com/node_modules/next/dist/server/lib/trace/tracer.js:122:103
    at NoopContextManager.with (/Users/ahmedsalem/Desktop/all my projects/uneom.com/node_modules/next/dist/compiled/@opentelemetry/api/index.js:1:7062)
    at ContextAPI.with (/Users/ahmedsalem/Desktop/all my projects/uneom.com/node_modules/next/dist/compiled/@opentelemetry/api/index.js:1:518) {
  digest: '2592674761'
}

Error occurred prerendering page "/locations/taif/security". Read more: https://nextjs.org/docs/messages/prerender-error

TypeError: Cannot read properties of undefined (reading 'toLowerCase')
    at b (/Users/ahmedsalem/Desktop/all my projects/uneom.com/.next/server/app/locations/[city]/[industry]/page.js:1:4337)
    at eh (/Users/ahmedsalem/Desktop/all my projects/uneom.com/node_modules/next/dist/compiled/next-server/app-page.runtime.prod.js:12:134660)
    at e (/Users/ahmedsalem/Desktop/all my projects/uneom.com/node_modules/next/dist/compiled/next-server/app-page.runtime.prod.js:12:137545)
    at ek (/Users/ahmedsalem/Desktop/all my projects/uneom.com/node_modules/next/dist/compiled/next-server/app-page.runtime.prod.js:12:138019)
    at Array.toJSON (/Users/ahmedsalem/Desktop/all my projects/uneom.com/node_modules/next/dist/compiled/next-server/app-page.runtime.prod.js:12:135629)
    at stringify (<anonymous>)
    at eP (/Users/ahmedsalem/Desktop/all my projects/uneom.com/node_modules/next/dist/compiled/next-server/app-page.runtime.prod.js:12:142093)
    at eE (/Users/ahmedsalem/Desktop/all my projects/uneom.com/node_modules/next/dist/compiled/next-server/app-page.runtime.prod.js:12:142572)
    at AsyncLocalStorage.run (node:internal/async_local_storage/async_context_frame:63:14)
    at Timeout._onTimeout (/Users/ahmedsalem/Desktop/all my projects/uneom.com/node_modules/next/dist/compiled/next-server/app-page.runtime.prod.js:12:150373)
TypeError: Cannot read properties of undefined (reading 'toLowerCase')
    at b (/Users/ahmedsalem/Desktop/all my projects/uneom.com/.next/server/app/locations/[city]/[industry]/page.js:1:4337)
    at eh (/Users/ahmedsalem/Desktop/all my projects/uneom.com/node_modules/next/dist/compiled/next-server/app-page.runtime.prod.js:12:134660)
    at e (/Users/ahmedsalem/Desktop/all my projects/uneom.com/node_modules/next/dist/compiled/next-server/app-page.runtime.prod.js:12:137545)
    at ek (/Users/ahmedsalem/Desktop/all my projects/uneom.com/node_modules/next/dist/compiled/next-server/app-page.runtime.prod.js:12:138019)
    at Array.toJSON (/Users/ahmedsalem/Desktop/all my projects/uneom.com/node_modules/next/dist/compiled/next-server/app-page.runtime.prod.js:12:135629)
    at stringify (<anonymous>)
    at eP (/Users/ahmedsalem/Desktop/all my projects/uneom.com/node_modules/next/dist/compiled/next-server/app-page.runtime.prod.js:12:142093)
    at eE (/Users/ahmedsalem/Desktop/all my projects/uneom.com/node_modules/next/dist/compiled/next-server/app-page.runtime.prod.js:12:142572)
    at AsyncLocalStorage.run (node:internal/async_local_storage/async_context_frame:63:14)
    at Timeout._onTimeout (/Users/ahmedsalem/Desktop/all my projects/uneom.com/node_modules/next/dist/compiled/next-server/app-page.runtime.prod.js:12:150373) {
  digest: '785353560'
}
TypeError: Cannot read properties of undefined (reading 'toLowerCase')
    at Module.y (/Users/ahmedsalem/Desktop/all my projects/uneom.com/.next/server/app/locations/[city]/[industry]/page.js:1:2657)
    at /Users/ahmedsalem/Desktop/all my projects/uneom.com/node_modules/next/dist/compiled/next-server/app-page.runtime.prod.js:12:227525
    at /Users/ahmedsalem/Desktop/all my projects/uneom.com/node_modules/next/dist/server/lib/trace/tracer.js:140:36
    at NoopContextManager.with (/Users/ahmedsalem/Desktop/all my projects/uneom.com/node_modules/next/dist/compiled/@opentelemetry/api/index.js:1:7062)
    at ContextAPI.with (/Users/ahmedsalem/Desktop/all my projects/uneom.com/node_modules/next/dist/compiled/@opentelemetry/api/index.js:1:518)
    at NoopTracer.startActiveSpan (/Users/ahmedsalem/Desktop/all my projects/uneom.com/node_modules/next/dist/compiled/@opentelemetry/api/index.js:1:18093)
    at ProxyTracer.startActiveSpan (/Users/ahmedsalem/Desktop/all my projects/uneom.com/node_modules/next/dist/compiled/@opentelemetry/api/index.js:1:18854)
    at /Users/ahmedsalem/Desktop/all my projects/uneom.com/node_modules/next/dist/server/lib/trace/tracer.js:122:103
    at NoopContextManager.with (/Users/ahmedsalem/Desktop/all my projects/uneom.com/node_modules/next/dist/compiled/@opentelemetry/api/index.js:1:7062)
    at ContextAPI.with (/Users/ahmedsalem/Desktop/all my projects/uneom.com/node_modules/next/dist/compiled/@opentelemetry/api/index.js:1:518) {
  digest: '2592674761'
}
TypeError: Cannot read properties of undefined (reading 'toLowerCase')
    at b (/Users/ahmedsalem/Desktop/all my projects/uneom.com/.next/server/app/locations/[city]/[industry]/page.js:1:4337)
    at eh (/Users/ahmedsalem/Desktop/all my projects/uneom.com/node_modules/next/dist/compiled/next-server/app-page.runtime.prod.js:12:134660)
    at e (/Users/ahmedsalem/Desktop/all my projects/uneom.com/node_modules/next/dist/compiled/next-server/app-page.runtime.prod.js:12:137545)
    at ek (/Users/ahmedsalem/Desktop/all my projects/uneom.com/node_modules/next/dist/compiled/next-server/app-page.runtime.prod.js:12:138019)
    at Array.toJSON (/Users/ahmedsalem/Desktop/all my projects/uneom.com/node_modules/next/dist/compiled/next-server/app-page.runtime.prod.js:12:135629)
    at stringify (<anonymous>)
    at eP (/Users/ahmedsalem/Desktop/all my projects/uneom.com/node_modules/next/dist/compiled/next-server/app-page.runtime.prod.js:12:142093)
    at eE (/Users/ahmedsalem/Desktop/all my projects/uneom.com/node_modules/next/dist/compiled/next-server/app-page.runtime.prod.js:12:142572)
    at AsyncLocalStorage.run (node:internal/async_local_storage/async_context_frame:63:14)
    at Timeout._onTimeout (/Users/ahmedsalem/Desktop/all my projects/uneom.com/node_modules/next/dist/compiled/next-server/app-page.runtime.prod.js:12:150373) {
  digest: '785353560'
}
TypeError: Cannot read properties of undefined (reading 'toLowerCase')
    at b (/Users/ahmedsalem/Desktop/all my projects/uneom.com/.next/server/app/locations/[city]/[industry]/page.js:1:4337)
    at eh (/Users/ahmedsalem/Desktop/all my projects/uneom.com/node_modules/next/dist/compiled/next-server/app-page.runtime.prod.js:12:134660)
    at e (/Users/ahmedsalem/Desktop/all my projects/uneom.com/node_modules/next/dist/compiled/next-server/app-page.runtime.prod.js:12:137545)
    at ek (/Users/ahmedsalem/Desktop/all my projects/uneom.com/node_modules/next/dist/compiled/next-server/app-page.runtime.prod.js:12:138019)
    at Array.toJSON (/Users/ahmedsalem/Desktop/all my projects/uneom.com/node_modules/next/dist/compiled/next-server/app-page.runtime.prod.js:12:135629)
    at stringify (<anonymous>)
    at eP (/Users/ahmedsalem/Desktop/all my projects/uneom.com/node_modules/next/dist/compiled/next-server/app-page.runtime.prod.js:12:142093)
    at eE (/Users/ahmedsalem/Desktop/all my projects/uneom.com/node_modules/next/dist/compiled/next-server/app-page.runtime.prod.js:12:142572)
    at AsyncLocalStorage.run (node:internal/async_local_storage/async_context_frame:63:14)
    at Timeout._onTimeout (/Users/ahmedsalem/Desktop/all my projects/uneom.com/node_modules/next/dist/compiled/next-server/app-page.runtime.prod.js:12:150373) {
  digest: '785353560'
}
TypeError: Cannot read properties of undefined (reading 'toLowerCase')
    at Module.y (/Users/ahmedsalem/Desktop/all my projects/uneom.com/.next/server/app/locations/[city]/[industry]/page.js:1:2657)
    at /Users/ahmedsalem/Desktop/all my projects/uneom.com/node_modules/next/dist/compiled/next-server/app-page.runtime.prod.js:12:227525
    at /Users/ahmedsalem/Desktop/all my projects/uneom.com/node_modules/next/dist/server/lib/trace/tracer.js:140:36
    at NoopContextManager.with (/Users/ahmedsalem/Desktop/all my projects/uneom.com/node_modules/next/dist/compiled/@opentelemetry/api/index.js:1:7062)
    at ContextAPI.with (/Users/ahmedsalem/Desktop/all my projects/uneom.com/node_modules/next/dist/compiled/@opentelemetry/api/index.js:1:518)
    at NoopTracer.startActiveSpan (/Users/ahmedsalem/Desktop/all my projects/uneom.com/node_modules/next/dist/compiled/@opentelemetry/api/index.js:1:18093)
    at ProxyTracer.startActiveSpan (/Users/ahmedsalem/Desktop/all my projects/uneom.com/node_modules/next/dist/compiled/@opentelemetry/api/index.js:1:18854)
    at /Users/ahmedsalem/Desktop/all my projects/uneom.com/node_modules/next/dist/server/lib/trace/tracer.js:122:103
    at NoopContextManager.with (/Users/ahmedsalem/Desktop/all my projects/uneom.com/node_modules/next/dist/compiled/@opentelemetry/api/index.js:1:7062)
    at ContextAPI.with (/Users/ahmedsalem/Desktop/all my projects/uneom.com/node_modules/next/dist/compiled/@opentelemetry/api/index.js:1:518) {
  digest: '2592674761'
}

Error occurred prerendering page "/locations/taif/retail-shops". Read more: https://nextjs.org/docs/messages/prerender-error

TypeError: Cannot read properties of undefined (reading 'toLowerCase')
    at b (/Users/ahmedsalem/Desktop/all my projects/uneom.com/.next/server/app/locations/[city]/[industry]/page.js:1:4337)
    at eh (/Users/ahmedsalem/Desktop/all my projects/uneom.com/node_modules/next/dist/compiled/next-server/app-page.runtime.prod.js:12:134660)
    at e (/Users/ahmedsalem/Desktop/all my projects/uneom.com/node_modules/next/dist/compiled/next-server/app-page.runtime.prod.js:12:137545)
    at ek (/Users/ahmedsalem/Desktop/all my projects/uneom.com/node_modules/next/dist/compiled/next-server/app-page.runtime.prod.js:12:138019)
    at Array.toJSON (/Users/ahmedsalem/Desktop/all my projects/uneom.com/node_modules/next/dist/compiled/next-server/app-page.runtime.prod.js:12:135629)
    at stringify (<anonymous>)
    at eP (/Users/ahmedsalem/Desktop/all my projects/uneom.com/node_modules/next/dist/compiled/next-server/app-page.runtime.prod.js:12:142093)
    at eE (/Users/ahmedsalem/Desktop/all my projects/uneom.com/node_modules/next/dist/compiled/next-server/app-page.runtime.prod.js:12:142572)
    at AsyncLocalStorage.run (node:internal/async_local_storage/async_context_frame:63:14)
    at Timeout._onTimeout (/Users/ahmedsalem/Desktop/all my projects/uneom.com/node_modules/next/dist/compiled/next-server/app-page.runtime.prod.js:12:150373)
TypeError: Cannot read properties of undefined (reading 'toLowerCase')
    at b (/Users/ahmedsalem/Desktop/all my projects/uneom.com/.next/server/app/locations/[city]/[industry]/page.js:1:4337)
    at eh (/Users/ahmedsalem/Desktop/all my projects/uneom.com/node_modules/next/dist/compiled/next-server/app-page.runtime.prod.js:12:134660)
    at e (/Users/ahmedsalem/Desktop/all my projects/uneom.com/node_modules/next/dist/compiled/next-server/app-page.runtime.prod.js:12:137545)
    at ek (/Users/ahmedsalem/Desktop/all my projects/uneom.com/node_modules/next/dist/compiled/next-server/app-page.runtime.prod.js:12:138019)
    at Array.toJSON (/Users/ahmedsalem/Desktop/all my projects/uneom.com/node_modules/next/dist/compiled/next-server/app-page.runtime.prod.js:12:135629)
    at stringify (<anonymous>)
    at eP (/Users/ahmedsalem/Desktop/all my projects/uneom.com/node_modules/next/dist/compiled/next-server/app-page.runtime.prod.js:12:142093)
    at eE (/Users/ahmedsalem/Desktop/all my projects/uneom.com/node_modules/next/dist/compiled/next-server/app-page.runtime.prod.js:12:142572)
    at Timeout._onTimeout (/Users/ahmedsalem/Desktop/all my projects/uneom.com/node_modules/next/dist/compiled/next-server/app-page.runtime.prod.js:12:135349)
    at listOnTimeout (node:internal/timers:605:17) {
  digest: '2151575143'
}
TypeError: Cannot read properties of undefined (reading 'toLowerCase')
    at b (/Users/ahmedsalem/Desktop/all my projects/uneom.com/.next/server/app/locations/[city]/[industry]/page.js:1:4337)
    at eh (/Users/ahmedsalem/Desktop/all my projects/uneom.com/node_modules/next/dist/compiled/next-server/app-page.runtime.prod.js:12:134660)
    at e (/Users/ahmedsalem/Desktop/all my projects/uneom.com/node_modules/next/dist/compiled/next-server/app-page.runtime.prod.js:12:137545)
    at ek (/Users/ahmedsalem/Desktop/all my projects/uneom.com/node_modules/next/dist/compiled/next-server/app-page.runtime.prod.js:12:138019)
    at Array.toJSON (/Users/ahmedsalem/Desktop/all my projects/uneom.com/node_modules/next/dist/compiled/next-server/app-page.runtime.prod.js:12:135629)
    at stringify (<anonymous>)
    at eP (/Users/ahmedsalem/Desktop/all my projects/uneom.com/node_modules/next/dist/compiled/next-server/app-page.runtime.prod.js:12:142093)
    at eE (/Users/ahmedsalem/Desktop/all my projects/uneom.com/node_modules/next/dist/compiled/next-server/app-page.runtime.prod.js:12:142572)
    at Timeout._onTimeout (/Users/ahmedsalem/Desktop/all my projects/uneom.com/node_modules/next/dist/compiled/next-server/app-page.runtime.prod.js:12:135349)
    at listOnTimeout (node:internal/timers:605:17) {
  digest: '2151575143'
}
TypeError: Cannot read properties of undefined (reading 'toLowerCase')
    at b (/Users/ahmedsalem/Desktop/all my projects/uneom.com/.next/server/app/locations/[city]/[industry]/page.js:1:4337)
    at eh (/Users/ahmedsalem/Desktop/all my projects/uneom.com/node_modules/next/dist/compiled/next-server/app-page.runtime.prod.js:12:134660)
    at e (/Users/ahmedsalem/Desktop/all my projects/uneom.com/node_modules/next/dist/compiled/next-server/app-page.runtime.prod.js:12:137545)
    at ek (/Users/ahmedsalem/Desktop/all my projects/uneom.com/node_modules/next/dist/compiled/next-server/app-page.runtime.prod.js:12:138019)
    at Array.toJSON (/Users/ahmedsalem/Desktop/all my projects/uneom.com/node_modules/next/dist/compiled/next-server/app-page.runtime.prod.js:12:135629)
    at stringify (<anonymous>)
    at eP (/Users/ahmedsalem/Desktop/all my projects/uneom.com/node_modules/next/dist/compiled/next-server/app-page.runtime.prod.js:12:142093)
    at eE (/Users/ahmedsalem/Desktop/all my projects/uneom.com/node_modules/next/dist/compiled/next-server/app-page.runtime.prod.js:12:142572)
    at Timeout._onTimeout (/Users/ahmedsalem/Desktop/all my projects/uneom.com/node_modules/next/dist/compiled/next-server/app-page.runtime.prod.js:12:135349)
    at listOnTimeout (node:internal/timers:605:17) {
  digest: '2151575143'
}
TypeError: Cannot read properties of undefined (reading 'toLowerCase')
    at b (/Users/ahmedsalem/Desktop/all my projects/uneom.com/.next/server/app/locations/[city]/[industry]/page.js:1:4337)
    at eh (/Users/ahmedsalem/Desktop/all my projects/uneom.com/node_modules/next/dist/compiled/next-server/app-page.runtime.prod.js:12:134660)
    at e (/Users/ahmedsalem/Desktop/all my projects/uneom.com/node_modules/next/dist/compiled/next-server/app-page.runtime.prod.js:12:137545)
    at ek (/Users/ahmedsalem/Desktop/all my projects/uneom.com/node_modules/next/dist/compiled/next-server/app-page.runtime.prod.js:12:138019)
    at Array.toJSON (/Users/ahmedsalem/Desktop/all my projects/uneom.com/node_modules/next/dist/compiled/next-server/app-page.runtime.prod.js:12:135629)
    at stringify (<anonymous>)
    at eP (/Users/ahmedsalem/Desktop/all my projects/uneom.com/node_modules/next/dist/compiled/next-server/app-page.runtime.prod.js:12:142093)
    at eE (/Users/ahmedsalem/Desktop/all my projects/uneom.com/node_modules/next/dist/compiled/next-server/app-page.runtime.prod.js:12:142572)
    at AsyncLocalStorage.run (node:internal/async_local_storage/async_context_frame:63:14)
    at Timeout._onTimeout (/Users/ahmedsalem/Desktop/all my projects/uneom.com/node_modules/next/dist/compiled/next-server/app-page.runtime.prod.js:12:150373) {
  digest: '785353560'
}
TypeError: Cannot read properties of undefined (reading 'toLowerCase')
    at b (/Users/ahmedsalem/Desktop/all my projects/uneom.com/.next/server/app/locations/[city]/[industry]/page.js:1:4337)
    at eh (/Users/ahmedsalem/Desktop/all my projects/uneom.com/node_modules/next/dist/compiled/next-server/app-page.runtime.prod.js:12:134660)
    at e (/Users/ahmedsalem/Desktop/all my projects/uneom.com/node_modules/next/dist/compiled/next-server/app-page.runtime.prod.js:12:137545)
    at ek (/Users/ahmedsalem/Desktop/all my projects/uneom.com/node_modules/next/dist/compiled/next-server/app-page.runtime.prod.js:12:138019)
    at Array.toJSON (/Users/ahmedsalem/Desktop/all my projects/uneom.com/node_modules/next/dist/compiled/next-server/app-page.runtime.prod.js:12:135629)
    at stringify (<anonymous>)
    at eP (/Users/ahmedsalem/Desktop/all my projects/uneom.com/node_modules/next/dist/compiled/next-server/app-page.runtime.prod.js:12:142093)
    at eE (/Users/ahmedsalem/Desktop/all my projects/uneom.com/node_modules/next/dist/compiled/next-server/app-page.runtime.prod.js:12:142572)
    at AsyncLocalStorage.run (node:internal/async_local_storage/async_context_frame:63:14)
    at Timeout._onTimeout (/Users/ahmedsalem/Desktop/all my projects/uneom.com/node_modules/next/dist/compiled/next-server/app-page.runtime.prod.js:12:150373) {
  digest: '785353560'
}
TypeError: Cannot read properties of undefined (reading 'toLowerCase')
    at Module.y (/Users/ahmedsalem/Desktop/all my projects/uneom.com/.next/server/app/locations/[city]/[industry]/page.js:1:2657)
    at /Users/ahmedsalem/Desktop/all my projects/uneom.com/node_modules/next/dist/compiled/next-server/app-page.runtime.prod.js:12:227525
    at /Users/ahmedsalem/Desktop/all my projects/uneom.com/node_modules/next/dist/server/lib/trace/tracer.js:140:36
    at NoopContextManager.with (/Users/ahmedsalem/Desktop/all my projects/uneom.com/node_modules/next/dist/compiled/@opentelemetry/api/index.js:1:7062)
    at ContextAPI.with (/Users/ahmedsalem/Desktop/all my projects/uneom.com/node_modules/next/dist/compiled/@opentelemetry/api/index.js:1:518)
    at NoopTracer.startActiveSpan (/Users/ahmedsalem/Desktop/all my projects/uneom.com/node_modules/next/dist/compiled/@opentelemetry/api/index.js:1:18093)
    at ProxyTracer.startActiveSpan (/Users/ahmedsalem/Desktop/all my projects/uneom.com/node_modules/next/dist/compiled/@opentelemetry/api/index.js:1:18854)
    at /Users/ahmedsalem/Desktop/all my projects/uneom.com/node_modules/next/dist/server/lib/trace/tracer.js:122:103
    at NoopContextManager.with (/Users/ahmedsalem/Desktop/all my projects/uneom.com/node_modules/next/dist/compiled/@opentelemetry/api/index.js:1:7062)
    at ContextAPI.with (/Users/ahmedsalem/Desktop/all my projects/uneom.com/node_modules/next/dist/compiled/@opentelemetry/api/index.js:1:518) {
  digest: '2592674761'
}
TypeError: Cannot read properties of undefined (reading 'toLowerCase')
    at Module.y (/Users/ahmedsalem/Desktop/all my projects/uneom.com/.next/server/app/locations/[city]/[industry]/page.js:1:2657)
    at /Users/ahmedsalem/Desktop/all my projects/uneom.com/node_modules/next/dist/compiled/next-server/app-page.runtime.prod.js:12:227525
    at /Users/ahmedsalem/Desktop/all my projects/uneom.com/node_modules/next/dist/server/lib/trace/tracer.js:140:36
    at NoopContextManager.with (/Users/ahmedsalem/Desktop/all my projects/uneom.com/node_modules/next/dist/compiled/@opentelemetry/api/index.js:1:7062)
    at ContextAPI.with (/Users/ahmedsalem/Desktop/all my projects/uneom.com/node_modules/next/dist/compiled/@opentelemetry/api/index.js:1:518)
    at NoopTracer.startActiveSpan (/Users/ahmedsalem/Desktop/all my projects/uneom.com/node_modules/next/dist/compiled/@opentelemetry/api/index.js:1:18093)
    at ProxyTracer.startActiveSpan (/Users/ahmedsalem/Desktop/all my projects/uneom.com/node_modules/next/dist/compiled/@opentelemetry/api/index.js:1:18854)
    at /Users/ahmedsalem/Desktop/all my projects/uneom.com/node_modules/next/dist/server/lib/trace/tracer.js:122:103
    at NoopContextManager.with (/Users/ahmedsalem/Desktop/all my projects/uneom.com/node_modules/next/dist/compiled/@opentelemetry/api/index.js:1:7062)
    at ContextAPI.with (/Users/ahmedsalem/Desktop/all my projects/uneom.com/node_modules/next/dist/compiled/@opentelemetry/api/index.js:1:518) {
  digest: '2592674761'
}

Error occurred prerendering page "/locations/taif/supply-manufacturing". Read more: https://nextjs.org/docs/messages/prerender-error

TypeError: Cannot read properties of undefined (reading 'toLowerCase')
    at b (/Users/ahmedsalem/Desktop/all my projects/uneom.com/.next/server/app/locations/[city]/[industry]/page.js:1:4337)
    at eh (/Users/ahmedsalem/Desktop/all my projects/uneom.com/node_modules/next/dist/compiled/next-server/app-page.runtime.prod.js:12:134660)
    at e (/Users/ahmedsalem/Desktop/all my projects/uneom.com/node_modules/next/dist/compiled/next-server/app-page.runtime.prod.js:12:137545)
    at ek (/Users/ahmedsalem/Desktop/all my projects/uneom.com/node_modules/next/dist/compiled/next-server/app-page.runtime.prod.js:12:138019)
    at Array.toJSON (/Users/ahmedsalem/Desktop/all my projects/uneom.com/node_modules/next/dist/compiled/next-server/app-page.runtime.prod.js:12:135629)
    at stringify (<anonymous>)
    at eP (/Users/ahmedsalem/Desktop/all my projects/uneom.com/node_modules/next/dist/compiled/next-server/app-page.runtime.prod.js:12:142093)
    at eE (/Users/ahmedsalem/Desktop/all my projects/uneom.com/node_modules/next/dist/compiled/next-server/app-page.runtime.prod.js:12:142572)
    at AsyncLocalStorage.run (node:internal/async_local_storage/async_context_frame:63:14)
    at Timeout._onTimeout (/Users/ahmedsalem/Desktop/all my projects/uneom.com/node_modules/next/dist/compiled/next-server/app-page.runtime.prod.js:12:150373)
TypeError: Cannot read properties of undefined (reading 'toLowerCase')
    at Module.y (/Users/ahmedsalem/Desktop/all my projects/uneom.com/.next/server/app/locations/[city]/[industry]/page.js:1:2657)
    at /Users/ahmedsalem/Desktop/all my projects/uneom.com/node_modules/next/dist/compiled/next-server/app-page.runtime.prod.js:12:227525
    at /Users/ahmedsalem/Desktop/all my projects/uneom.com/node_modules/next/dist/server/lib/trace/tracer.js:140:36
    at NoopContextManager.with (/Users/ahmedsalem/Desktop/all my projects/uneom.com/node_modules/next/dist/compiled/@opentelemetry/api/index.js:1:7062)
    at ContextAPI.with (/Users/ahmedsalem/Desktop/all my projects/uneom.com/node_modules/next/dist/compiled/@opentelemetry/api/index.js:1:518)
    at NoopTracer.startActiveSpan (/Users/ahmedsalem/Desktop/all my projects/uneom.com/node_modules/next/dist/compiled/@opentelemetry/api/index.js:1:18093)
    at ProxyTracer.startActiveSpan (/Users/ahmedsalem/Desktop/all my projects/uneom.com/node_modules/next/dist/compiled/@opentelemetry/api/index.js:1:18854)
    at /Users/ahmedsalem/Desktop/all my projects/uneom.com/node_modules/next/dist/server/lib/trace/tracer.js:122:103
    at NoopContextManager.with (/Users/ahmedsalem/Desktop/all my projects/uneom.com/node_modules/next/dist/compiled/@opentelemetry/api/index.js:1:7062)
    at ContextAPI.with (/Users/ahmedsalem/Desktop/all my projects/uneom.com/node_modules/next/dist/compiled/@opentelemetry/api/index.js:1:518) {
  digest: '2592674761'
}

Error occurred prerendering page "/locations/buraidah/healthcare". Read more: https://nextjs.org/docs/messages/prerender-error

TypeError: Cannot read properties of undefined (reading 'toLowerCase')
    at b (/Users/ahmedsalem/Desktop/all my projects/uneom.com/.next/server/app/locations/[city]/[industry]/page.js:1:4337)
    at eh (/Users/ahmedsalem/Desktop/all my projects/uneom.com/node_modules/next/dist/compiled/next-server/app-page.runtime.prod.js:12:134660)
    at e (/Users/ahmedsalem/Desktop/all my projects/uneom.com/node_modules/next/dist/compiled/next-server/app-page.runtime.prod.js:12:137545)
    at ek (/Users/ahmedsalem/Desktop/all my projects/uneom.com/node_modules/next/dist/compiled/next-server/app-page.runtime.prod.js:12:138019)
    at Array.toJSON (/Users/ahmedsalem/Desktop/all my projects/uneom.com/node_modules/next/dist/compiled/next-server/app-page.runtime.prod.js:12:135629)
    at stringify (<anonymous>)
    at eP (/Users/ahmedsalem/Desktop/all my projects/uneom.com/node_modules/next/dist/compiled/next-server/app-page.runtime.prod.js:12:142093)
    at eE (/Users/ahmedsalem/Desktop/all my projects/uneom.com/node_modules/next/dist/compiled/next-server/app-page.runtime.prod.js:12:142572)
    at AsyncLocalStorage.run (node:internal/async_local_storage/async_context_frame:63:14)
    at Timeout._onTimeout (/Users/ahmedsalem/Desktop/all my projects/uneom.com/node_modules/next/dist/compiled/next-server/app-page.runtime.prod.js:12:150373)
TypeError: Cannot read properties of undefined (reading 'toLowerCase')
    at Module.y (/Users/ahmedsalem/Desktop/all my projects/uneom.com/.next/server/app/locations/[city]/[industry]/page.js:1:2657)
    at /Users/ahmedsalem/Desktop/all my projects/uneom.com/node_modules/next/dist/compiled/next-server/app-page.runtime.prod.js:12:227525
    at /Users/ahmedsalem/Desktop/all my projects/uneom.com/node_modules/next/dist/server/lib/trace/tracer.js:140:36
    at NoopContextManager.with (/Users/ahmedsalem/Desktop/all my projects/uneom.com/node_modules/next/dist/compiled/@opentelemetry/api/index.js:1:7062)
    at ContextAPI.with (/Users/ahmedsalem/Desktop/all my projects/uneom.com/node_modules/next/dist/compiled/@opentelemetry/api/index.js:1:518)
    at NoopTracer.startActiveSpan (/Users/ahmedsalem/Desktop/all my projects/uneom.com/node_modules/next/dist/compiled/@opentelemetry/api/index.js:1:18093)
    at ProxyTracer.startActiveSpan (/Users/ahmedsalem/Desktop/all my projects/uneom.com/node_modules/next/dist/compiled/@opentelemetry/api/index.js:1:18854)
    at /Users/ahmedsalem/Desktop/all my projects/uneom.com/node_modules/next/dist/server/lib/trace/tracer.js:122:103
    at NoopContextManager.with (/Users/ahmedsalem/Desktop/all my projects/uneom.com/node_modules/next/dist/compiled/@opentelemetry/api/index.js:1:7062)
    at ContextAPI.with (/Users/ahmedsalem/Desktop/all my projects/uneom.com/node_modules/next/dist/compiled/@opentelemetry/api/index.js:1:518) {
  digest: '2592674761'
}
TypeError: Cannot read properties of undefined (reading 'toLowerCase')
    at b (/Users/ahmedsalem/Desktop/all my projects/uneom.com/.next/server/app/locations/[city]/[industry]/page.js:1:4337)
    at eh (/Users/ahmedsalem/Desktop/all my projects/uneom.com/node_modules/next/dist/compiled/next-server/app-page.runtime.prod.js:12:134660)
    at e (/Users/ahmedsalem/Desktop/all my projects/uneom.com/node_modules/next/dist/compiled/next-server/app-page.runtime.prod.js:12:137545)
    at ek (/Users/ahmedsalem/Desktop/all my projects/uneom.com/node_modules/next/dist/compiled/next-server/app-page.runtime.prod.js:12:138019)
    at Array.toJSON (/Users/ahmedsalem/Desktop/all my projects/uneom.com/node_modules/next/dist/compiled/next-server/app-page.runtime.prod.js:12:135629)
    at stringify (<anonymous>)
    at eP (/Users/ahmedsalem/Desktop/all my projects/uneom.com/node_modules/next/dist/compiled/next-server/app-page.runtime.prod.js:12:142093)
    at eE (/Users/ahmedsalem/Desktop/all my projects/uneom.com/node_modules/next/dist/compiled/next-server/app-page.runtime.prod.js:12:142572)
    at Timeout._onTimeout (/Users/ahmedsalem/Desktop/all my projects/uneom.com/node_modules/next/dist/compiled/next-server/app-page.runtime.prod.js:12:135349)
    at listOnTimeout (node:internal/timers:605:17) {
  digest: '2151575143'
}
TypeError: Cannot read properties of undefined (reading 'toLowerCase')
    at b (/Users/ahmedsalem/Desktop/all my projects/uneom.com/.next/server/app/locations/[city]/[industry]/page.js:1:4337)
    at eh (/Users/ahmedsalem/Desktop/all my projects/uneom.com/node_modules/next/dist/compiled/next-server/app-page.runtime.prod.js:12:134660)
    at e (/Users/ahmedsalem/Desktop/all my projects/uneom.com/node_modules/next/dist/compiled/next-server/app-page.runtime.prod.js:12:137545)
    at ek (/Users/ahmedsalem/Desktop/all my projects/uneom.com/node_modules/next/dist/compiled/next-server/app-page.runtime.prod.js:12:138019)
    at Array.toJSON (/Users/ahmedsalem/Desktop/all my projects/uneom.com/node_modules/next/dist/compiled/next-server/app-page.runtime.prod.js:12:135629)
    at stringify (<anonymous>)
    at eP (/Users/ahmedsalem/Desktop/all my projects/uneom.com/node_modules/next/dist/compiled/next-server/app-page.runtime.prod.js:12:142093)
    at eE (/Users/ahmedsalem/Desktop/all my projects/uneom.com/node_modules/next/dist/compiled/next-server/app-page.runtime.prod.js:12:142572)
    at Timeout._onTimeout (/Users/ahmedsalem/Desktop/all my projects/uneom.com/node_modules/next/dist/compiled/next-server/app-page.runtime.prod.js:12:135349)
    at listOnTimeout (node:internal/timers:605:17) {
  digest: '2151575143'
}
TypeError: Cannot read properties of undefined (reading 'toLowerCase')
    at Module.y (/Users/ahmedsalem/Desktop/all my projects/uneom.com/.next/server/app/locations/[city]/[industry]/page.js:1:2657)
    at /Users/ahmedsalem/Desktop/all my projects/uneom.com/node_modules/next/dist/compiled/next-server/app-page.runtime.prod.js:12:227525
    at /Users/ahmedsalem/Desktop/all my projects/uneom.com/node_modules/next/dist/server/lib/trace/tracer.js:140:36
    at NoopContextManager.with (/Users/ahmedsalem/Desktop/all my projects/uneom.com/node_modules/next/dist/compiled/@opentelemetry/api/index.js:1:7062)
    at ContextAPI.with (/Users/ahmedsalem/Desktop/all my projects/uneom.com/node_modules/next/dist/compiled/@opentelemetry/api/index.js:1:518)
    at NoopTracer.startActiveSpan (/Users/ahmedsalem/Desktop/all my projects/uneom.com/node_modules/next/dist/compiled/@opentelemetry/api/index.js:1:18093)
    at ProxyTracer.startActiveSpan (/Users/ahmedsalem/Desktop/all my projects/uneom.com/node_modules/next/dist/compiled/@opentelemetry/api/index.js:1:18854)
    at /Users/ahmedsalem/Desktop/all my projects/uneom.com/node_modules/next/dist/server/lib/trace/tracer.js:122:103
    at NoopContextManager.with (/Users/ahmedsalem/Desktop/all my projects/uneom.com/node_modules/next/dist/compiled/@opentelemetry/api/index.js:1:7062)
    at ContextAPI.with (/Users/ahmedsalem/Desktop/all my projects/uneom.com/node_modules/next/dist/compiled/@opentelemetry/api/index.js:1:518) {
  digest: '2592674761'
}
TypeError: Cannot read properties of undefined (reading 'toLowerCase')
    at Module.y (/Users/ahmedsalem/Desktop/all my projects/uneom.com/.next/server/app/locations/[city]/[industry]/page.js:1:2657)
    at /Users/ahmedsalem/Desktop/all my projects/uneom.com/node_modules/next/dist/compiled/next-server/app-page.runtime.prod.js:12:227525
    at /Users/ahmedsalem/Desktop/all my projects/uneom.com/node_modules/next/dist/server/lib/trace/tracer.js:140:36
    at NoopContextManager.with (/Users/ahmedsalem/Desktop/all my projects/uneom.com/node_modules/next/dist/compiled/@opentelemetry/api/index.js:1:7062)
    at ContextAPI.with (/Users/ahmedsalem/Desktop/all my projects/uneom.com/node_modules/next/dist/compiled/@opentelemetry/api/index.js:1:518)
    at NoopTracer.startActiveSpan (/Users/ahmedsalem/Desktop/all my projects/uneom.com/node_modules/next/dist/compiled/@opentelemetry/api/index.js:1:18093)
    at ProxyTracer.startActiveSpan (/Users/ahmedsalem/Desktop/all my projects/uneom.com/node_modules/next/dist/compiled/@opentelemetry/api/index.js:1:18854)
    at /Users/ahmedsalem/Desktop/all my projects/uneom.com/node_modules/next/dist/server/lib/trace/tracer.js:122:103
    at NoopContextManager.with (/Users/ahmedsalem/Desktop/all my projects/uneom.com/node_modules/next/dist/compiled/@opentelemetry/api/index.js:1:7062)
    at ContextAPI.with (/Users/ahmedsalem/Desktop/all my projects/uneom.com/node_modules/next/dist/compiled/@opentelemetry/api/index.js:1:518) {
  digest: '2592674761'
}
TypeError: Cannot read properties of undefined (reading 'toLowerCase')
    at Module.y (/Users/ahmedsalem/Desktop/all my projects/uneom.com/.next/server/app/locations/[city]/[industry]/page.js:1:2657)
    at /Users/ahmedsalem/Desktop/all my projects/uneom.com/node_modules/next/dist/compiled/next-server/app-page.runtime.prod.js:12:227525
    at /Users/ahmedsalem/Desktop/all my projects/uneom.com/node_modules/next/dist/server/lib/trace/tracer.js:140:36
    at NoopContextManager.with (/Users/ahmedsalem/Desktop/all my projects/uneom.com/node_modules/next/dist/compiled/@opentelemetry/api/index.js:1:7062)
    at ContextAPI.with (/Users/ahmedsalem/Desktop/all my projects/uneom.com/node_modules/next/dist/compiled/@opentelemetry/api/index.js:1:518)
    at NoopTracer.startActiveSpan (/Users/ahmedsalem/Desktop/all my projects/uneom.com/node_modules/next/dist/compiled/@opentelemetry/api/index.js:1:18093)
    at ProxyTracer.startActiveSpan (/Users/ahmedsalem/Desktop/all my projects/uneom.com/node_modules/next/dist/compiled/@opentelemetry/api/index.js:1:18854)
    at /Users/ahmedsalem/Desktop/all my projects/uneom.com/node_modules/next/dist/server/lib/trace/tracer.js:122:103
    at NoopContextManager.with (/Users/ahmedsalem/Desktop/all my projects/uneom.com/node_modules/next/dist/compiled/@opentelemetry/api/index.js:1:7062)
    at ContextAPI.with (/Users/ahmedsalem/Desktop/all my projects/uneom.com/node_modules/next/dist/compiled/@opentelemetry/api/index.js:1:518) {
  digest: '2592674761'
}
TypeError: Cannot read properties of undefined (reading 'toLowerCase')
    at Module.y (/Users/ahmedsalem/Desktop/all my projects/uneom.com/.next/server/app/locations/[city]/[industry]/page.js:1:2657)
    at /Users/ahmedsalem/Desktop/all my projects/uneom.com/node_modules/next/dist/compiled/next-server/app-page.runtime.prod.js:12:227525
    at /Users/ahmedsalem/Desktop/all my projects/uneom.com/node_modules/next/dist/server/lib/trace/tracer.js:140:36
    at NoopContextManager.with (/Users/ahmedsalem/Desktop/all my projects/uneom.com/node_modules/next/dist/compiled/@opentelemetry/api/index.js:1:7062)
    at ContextAPI.with (/Users/ahmedsalem/Desktop/all my projects/uneom.com/node_modules/next/dist/compiled/@opentelemetry/api/index.js:1:518)
    at NoopTracer.startActiveSpan (/Users/ahmedsalem/Desktop/all my projects/uneom.com/node_modules/next/dist/compiled/@opentelemetry/api/index.js:1:18093)
    at ProxyTracer.startActiveSpan (/Users/ahmedsalem/Desktop/all my projects/uneom.com/node_modules/next/dist/compiled/@opentelemetry/api/index.js:1:18854)
    at /Users/ahmedsalem/Desktop/all my projects/uneom.com/node_modules/next/dist/server/lib/trace/tracer.js:122:103
    at NoopContextManager.with (/Users/ahmedsalem/Desktop/all my projects/uneom.com/node_modules/next/dist/compiled/@opentelemetry/api/index.js:1:7062)
    at ContextAPI.with (/Users/ahmedsalem/Desktop/all my projects/uneom.com/node_modules/next/dist/compiled/@opentelemetry/api/index.js:1:518) {
  digest: '2592674761'
}

Error occurred prerendering page "/locations/buraidah/aviation". Read more: https://nextjs.org/docs/messages/prerender-error

TypeError: Cannot read properties of undefined (reading 'toLowerCase')
    at b (/Users/ahmedsalem/Desktop/all my projects/uneom.com/.next/server/app/locations/[city]/[industry]/page.js:1:4337)
    at eh (/Users/ahmedsalem/Desktop/all my projects/uneom.com/node_modules/next/dist/compiled/next-server/app-page.runtime.prod.js:12:134660)
    at e (/Users/ahmedsalem/Desktop/all my projects/uneom.com/node_modules/next/dist/compiled/next-server/app-page.runtime.prod.js:12:137545)
    at ek (/Users/ahmedsalem/Desktop/all my projects/uneom.com/node_modules/next/dist/compiled/next-server/app-page.runtime.prod.js:12:138019)
    at Array.toJSON (/Users/ahmedsalem/Desktop/all my projects/uneom.com/node_modules/next/dist/compiled/next-server/app-page.runtime.prod.js:12:135629)
    at stringify (<anonymous>)
    at eP (/Users/ahmedsalem/Desktop/all my projects/uneom.com/node_modules/next/dist/compiled/next-server/app-page.runtime.prod.js:12:142093)
    at eE (/Users/ahmedsalem/Desktop/all my projects/uneom.com/node_modules/next/dist/compiled/next-server/app-page.runtime.prod.js:12:142572)
    at AsyncLocalStorage.run (node:internal/async_local_storage/async_context_frame:63:14)
    at Timeout._onTimeout (/Users/ahmedsalem/Desktop/all my projects/uneom.com/node_modules/next/dist/compiled/next-server/app-page.runtime.prod.js:12:150373)
TypeError: Cannot read properties of undefined (reading 'toLowerCase')
    at b (/Users/ahmedsalem/Desktop/all my projects/uneom.com/.next/server/app/locations/[city]/[industry]/page.js:1:4337)
    at eh (/Users/ahmedsalem/Desktop/all my projects/uneom.com/node_modules/next/dist/compiled/next-server/app-page.runtime.prod.js:12:134660)
    at e (/Users/ahmedsalem/Desktop/all my projects/uneom.com/node_modules/next/dist/compiled/next-server/app-page.runtime.prod.js:12:137545)
    at ek (/Users/ahmedsalem/Desktop/all my projects/uneom.com/node_modules/next/dist/compiled/next-server/app-page.runtime.prod.js:12:138019)
    at Array.toJSON (/Users/ahmedsalem/Desktop/all my projects/uneom.com/node_modules/next/dist/compiled/next-server/app-page.runtime.prod.js:12:135629)
    at stringify (<anonymous>)
    at eP (/Users/ahmedsalem/Desktop/all my projects/uneom.com/node_modules/next/dist/compiled/next-server/app-page.runtime.prod.js:12:142093)
    at eE (/Users/ahmedsalem/Desktop/all my projects/uneom.com/node_modules/next/dist/compiled/next-server/app-page.runtime.prod.js:12:142572)
    at AsyncLocalStorage.run (node:internal/async_local_storage/async_context_frame:63:14)
    at Timeout._onTimeout (/Users/ahmedsalem/Desktop/all my projects/uneom.com/node_modules/next/dist/compiled/next-server/app-page.runtime.prod.js:12:150373) {
  digest: '785353560'
}
TypeError: Cannot read properties of undefined (reading 'toLowerCase')
    at b (/Users/ahmedsalem/Desktop/all my projects/uneom.com/.next/server/app/locations/[city]/[industry]/page.js:1:4337)
    at eh (/Users/ahmedsalem/Desktop/all my projects/uneom.com/node_modules/next/dist/compiled/next-server/app-page.runtime.prod.js:12:134660)
    at e (/Users/ahmedsalem/Desktop/all my projects/uneom.com/node_modules/next/dist/compiled/next-server/app-page.runtime.prod.js:12:137545)
    at ek (/Users/ahmedsalem/Desktop/all my projects/uneom.com/node_modules/next/dist/compiled/next-server/app-page.runtime.prod.js:12:138019)
    at Array.toJSON (/Users/ahmedsalem/Desktop/all my projects/uneom.com/node_modules/next/dist/compiled/next-server/app-page.runtime.prod.js:12:135629)
    at stringify (<anonymous>)
    at eP (/Users/ahmedsalem/Desktop/all my projects/uneom.com/node_modules/next/dist/compiled/next-server/app-page.runtime.prod.js:12:142093)
    at eE (/Users/ahmedsalem/Desktop/all my projects/uneom.com/node_modules/next/dist/compiled/next-server/app-page.runtime.prod.js:12:142572)
    at AsyncLocalStorage.run (node:internal/async_local_storage/async_context_frame:63:14)
    at Timeout._onTimeout (/Users/ahmedsalem/Desktop/all my projects/uneom.com/node_modules/next/dist/compiled/next-server/app-page.runtime.prod.js:12:150373) {
  digest: '785353560'
}

Error occurred prerendering page "/locations/buraidah/hospitality". Read more: https://nextjs.org/docs/messages/prerender-error

TypeError: Cannot read properties of undefined (reading 'toLowerCase')
    at b (/Users/ahmedsalem/Desktop/all my projects/uneom.com/.next/server/app/locations/[city]/[industry]/page.js:1:4337)
    at eh (/Users/ahmedsalem/Desktop/all my projects/uneom.com/node_modules/next/dist/compiled/next-server/app-page.runtime.prod.js:12:134660)
    at e (/Users/ahmedsalem/Desktop/all my projects/uneom.com/node_modules/next/dist/compiled/next-server/app-page.runtime.prod.js:12:137545)
    at ek (/Users/ahmedsalem/Desktop/all my projects/uneom.com/node_modules/next/dist/compiled/next-server/app-page.runtime.prod.js:12:138019)
    at Array.toJSON (/Users/ahmedsalem/Desktop/all my projects/uneom.com/node_modules/next/dist/compiled/next-server/app-page.runtime.prod.js:12:135629)
    at stringify (<anonymous>)
    at eP (/Users/ahmedsalem/Desktop/all my projects/uneom.com/node_modules/next/dist/compiled/next-server/app-page.runtime.prod.js:12:142093)
    at eE (/Users/ahmedsalem/Desktop/all my projects/uneom.com/node_modules/next/dist/compiled/next-server/app-page.runtime.prod.js:12:142572)
    at AsyncLocalStorage.run (node:internal/async_local_storage/async_context_frame:63:14)
    at Timeout._onTimeout (/Users/ahmedsalem/Desktop/all my projects/uneom.com/node_modules/next/dist/compiled/next-server/app-page.runtime.prod.js:12:150373)
TypeError: Cannot read properties of undefined (reading 'toLowerCase')
    at Module.y (/Users/ahmedsalem/Desktop/all my projects/uneom.com/.next/server/app/locations/[city]/[industry]/page.js:1:2657)
    at /Users/ahmedsalem/Desktop/all my projects/uneom.com/node_modules/next/dist/compiled/next-server/app-page.runtime.prod.js:12:227525
    at /Users/ahmedsalem/Desktop/all my projects/uneom.com/node_modules/next/dist/server/lib/trace/tracer.js:140:36
    at NoopContextManager.with (/Users/ahmedsalem/Desktop/all my projects/uneom.com/node_modules/next/dist/compiled/@opentelemetry/api/index.js:1:7062)
    at ContextAPI.with (/Users/ahmedsalem/Desktop/all my projects/uneom.com/node_modules/next/dist/compiled/@opentelemetry/api/index.js:1:518)
    at NoopTracer.startActiveSpan (/Users/ahmedsalem/Desktop/all my projects/uneom.com/node_modules/next/dist/compiled/@opentelemetry/api/index.js:1:18093)
    at ProxyTracer.startActiveSpan (/Users/ahmedsalem/Desktop/all my projects/uneom.com/node_modules/next/dist/compiled/@opentelemetry/api/index.js:1:18854)
    at /Users/ahmedsalem/Desktop/all my projects/uneom.com/node_modules/next/dist/server/lib/trace/tracer.js:122:103
    at NoopContextManager.with (/Users/ahmedsalem/Desktop/all my projects/uneom.com/node_modules/next/dist/compiled/@opentelemetry/api/index.js:1:7062)
    at ContextAPI.with (/Users/ahmedsalem/Desktop/all my projects/uneom.com/node_modules/next/dist/compiled/@opentelemetry/api/index.js:1:518) {
  digest: '2592674761'
}
TypeError: Cannot read properties of undefined (reading 'toLowerCase')
    at Module.y (/Users/ahmedsalem/Desktop/all my projects/uneom.com/.next/server/app/locations/[city]/[industry]/page.js:1:2657)
    at /Users/ahmedsalem/Desktop/all my projects/uneom.com/node_modules/next/dist/compiled/next-server/app-page.runtime.prod.js:12:227525
    at /Users/ahmedsalem/Desktop/all my projects/uneom.com/node_modules/next/dist/server/lib/trace/tracer.js:140:36
    at NoopContextManager.with (/Users/ahmedsalem/Desktop/all my projects/uneom.com/node_modules/next/dist/compiled/@opentelemetry/api/index.js:1:7062)
    at ContextAPI.with (/Users/ahmedsalem/Desktop/all my projects/uneom.com/node_modules/next/dist/compiled/@opentelemetry/api/index.js:1:518)
    at NoopTracer.startActiveSpan (/Users/ahmedsalem/Desktop/all my projects/uneom.com/node_modules/next/dist/compiled/@opentelemetry/api/index.js:1:18093)
    at ProxyTracer.startActiveSpan (/Users/ahmedsalem/Desktop/all my projects/uneom.com/node_modules/next/dist/compiled/@opentelemetry/api/index.js:1:18854)
    at /Users/ahmedsalem/Desktop/all my projects/uneom.com/node_modules/next/dist/server/lib/trace/tracer.js:122:103
    at NoopContextManager.with (/Users/ahmedsalem/Desktop/all my projects/uneom.com/node_modules/next/dist/compiled/@opentelemetry/api/index.js:1:7062)
    at ContextAPI.with (/Users/ahmedsalem/Desktop/all my projects/uneom.com/node_modules/next/dist/compiled/@opentelemetry/api/index.js:1:518) {
  digest: '2592674761'
}
TypeError: Cannot read properties of undefined (reading 'toLowerCase')
    at b (/Users/ahmedsalem/Desktop/all my projects/uneom.com/.next/server/app/locations/[city]/[industry]/page.js:1:4337)
    at eh (/Users/ahmedsalem/Desktop/all my projects/uneom.com/node_modules/next/dist/compiled/next-server/app-page.runtime.prod.js:12:134660)
    at e (/Users/ahmedsalem/Desktop/all my projects/uneom.com/node_modules/next/dist/compiled/next-server/app-page.runtime.prod.js:12:137545)
    at ek (/Users/ahmedsalem/Desktop/all my projects/uneom.com/node_modules/next/dist/compiled/next-server/app-page.runtime.prod.js:12:138019)
    at Array.toJSON (/Users/ahmedsalem/Desktop/all my projects/uneom.com/node_modules/next/dist/compiled/next-server/app-page.runtime.prod.js:12:135629)
    at stringify (<anonymous>)
    at eP (/Users/ahmedsalem/Desktop/all my projects/uneom.com/node_modules/next/dist/compiled/next-server/app-page.runtime.prod.js:12:142093)
    at eE (/Users/ahmedsalem/Desktop/all my projects/uneom.com/node_modules/next/dist/compiled/next-server/app-page.runtime.prod.js:12:142572)
    at Timeout._onTimeout (/Users/ahmedsalem/Desktop/all my projects/uneom.com/node_modules/next/dist/compiled/next-server/app-page.runtime.prod.js:12:135349)
    at listOnTimeout (node:internal/timers:605:17) {
  digest: '2151575143'
}
TypeError: Cannot read properties of undefined (reading 'toLowerCase')
    at b (/Users/ahmedsalem/Desktop/all my projects/uneom.com/.next/server/app/locations/[city]/[industry]/page.js:1:4337)
    at eh (/Users/ahmedsalem/Desktop/all my projects/uneom.com/node_modules/next/dist/compiled/next-server/app-page.runtime.prod.js:12:134660)
    at e (/Users/ahmedsalem/Desktop/all my projects/uneom.com/node_modules/next/dist/compiled/next-server/app-page.runtime.prod.js:12:137545)
    at ek (/Users/ahmedsalem/Desktop/all my projects/uneom.com/node_modules/next/dist/compiled/next-server/app-page.runtime.prod.js:12:138019)
    at Array.toJSON (/Users/ahmedsalem/Desktop/all my projects/uneom.com/node_modules/next/dist/compiled/next-server/app-page.runtime.prod.js:12:135629)
    at stringify (<anonymous>)
    at eP (/Users/ahmedsalem/Desktop/all my projects/uneom.com/node_modules/next/dist/compiled/next-server/app-page.runtime.prod.js:12:142093)
    at eE (/Users/ahmedsalem/Desktop/all my projects/uneom.com/node_modules/next/dist/compiled/next-server/app-page.runtime.prod.js:12:142572)
    at AsyncLocalStorage.run (node:internal/async_local_storage/async_context_frame:63:14)
    at Timeout._onTimeout (/Users/ahmedsalem/Desktop/all my projects/uneom.com/node_modules/next/dist/compiled/next-server/app-page.runtime.prod.js:12:150373) {
  digest: '785353560'
}
TypeError: Cannot read properties of undefined (reading 'toLowerCase')
    at Module.y (/Users/ahmedsalem/Desktop/all my projects/uneom.com/.next/server/app/locations/[city]/[industry]/page.js:1:2657)
    at /Users/ahmedsalem/Desktop/all my projects/uneom.com/node_modules/next/dist/compiled/next-server/app-page.runtime.prod.js:12:227525
    at /Users/ahmedsalem/Desktop/all my projects/uneom.com/node_modules/next/dist/server/lib/trace/tracer.js:140:36
    at NoopContextManager.with (/Users/ahmedsalem/Desktop/all my projects/uneom.com/node_modules/next/dist/compiled/@opentelemetry/api/index.js:1:7062)
    at ContextAPI.with (/Users/ahmedsalem/Desktop/all my projects/uneom.com/node_modules/next/dist/compiled/@opentelemetry/api/index.js:1:518)
    at NoopTracer.startActiveSpan (/Users/ahmedsalem/Desktop/all my projects/uneom.com/node_modules/next/dist/compiled/@opentelemetry/api/index.js:1:18093)
    at ProxyTracer.startActiveSpan (/Users/ahmedsalem/Desktop/all my projects/uneom.com/node_modules/next/dist/compiled/@opentelemetry/api/index.js:1:18854)
    at /Users/ahmedsalem/Desktop/all my projects/uneom.com/node_modules/next/dist/server/lib/trace/tracer.js:122:103
    at NoopContextManager.with (/Users/ahmedsalem/Desktop/all my projects/uneom.com/node_modules/next/dist/compiled/@opentelemetry/api/index.js:1:7062)
    at ContextAPI.with (/Users/ahmedsalem/Desktop/all my projects/uneom.com/node_modules/next/dist/compiled/@opentelemetry/api/index.js:1:518) {
  digest: '2592674761'
}

Error occurred prerendering page "/locations/buraidah/corporate". Read more: https://nextjs.org/docs/messages/prerender-error

TypeError: Cannot read properties of undefined (reading 'toLowerCase')
    at b (/Users/ahmedsalem/Desktop/all my projects/uneom.com/.next/server/app/locations/[city]/[industry]/page.js:1:4337)
    at eh (/Users/ahmedsalem/Desktop/all my projects/uneom.com/node_modules/next/dist/compiled/next-server/app-page.runtime.prod.js:12:134660)
    at e (/Users/ahmedsalem/Desktop/all my projects/uneom.com/node_modules/next/dist/compiled/next-server/app-page.runtime.prod.js:12:137545)
    at ek (/Users/ahmedsalem/Desktop/all my projects/uneom.com/node_modules/next/dist/compiled/next-server/app-page.runtime.prod.js:12:138019)
    at Array.toJSON (/Users/ahmedsalem/Desktop/all my projects/uneom.com/node_modules/next/dist/compiled/next-server/app-page.runtime.prod.js:12:135629)
    at stringify (<anonymous>)
    at eP (/Users/ahmedsalem/Desktop/all my projects/uneom.com/node_modules/next/dist/compiled/next-server/app-page.runtime.prod.js:12:142093)
    at eE (/Users/ahmedsalem/Desktop/all my projects/uneom.com/node_modules/next/dist/compiled/next-server/app-page.runtime.prod.js:12:142572)
    at AsyncLocalStorage.run (node:internal/async_local_storage/async_context_frame:63:14)
    at Timeout._onTimeout (/Users/ahmedsalem/Desktop/all my projects/uneom.com/node_modules/next/dist/compiled/next-server/app-page.runtime.prod.js:12:150373)
TypeError: Cannot read properties of undefined (reading 'toLowerCase')
    at b (/Users/ahmedsalem/Desktop/all my projects/uneom.com/.next/server/app/locations/[city]/[industry]/page.js:1:4337)
    at eh (/Users/ahmedsalem/Desktop/all my projects/uneom.com/node_modules/next/dist/compiled/next-server/app-page.runtime.prod.js:12:134660)
    at e (/Users/ahmedsalem/Desktop/all my projects/uneom.com/node_modules/next/dist/compiled/next-server/app-page.runtime.prod.js:12:137545)
    at ek (/Users/ahmedsalem/Desktop/all my projects/uneom.com/node_modules/next/dist/compiled/next-server/app-page.runtime.prod.js:12:138019)
    at Array.toJSON (/Users/ahmedsalem/Desktop/all my projects/uneom.com/node_modules/next/dist/compiled/next-server/app-page.runtime.prod.js:12:135629)
    at stringify (<anonymous>)
    at eP (/Users/ahmedsalem/Desktop/all my projects/uneom.com/node_modules/next/dist/compiled/next-server/app-page.runtime.prod.js:12:142093)
    at eE (/Users/ahmedsalem/Desktop/all my projects/uneom.com/node_modules/next/dist/compiled/next-server/app-page.runtime.prod.js:12:142572)
    at Timeout._onTimeout (/Users/ahmedsalem/Desktop/all my projects/uneom.com/node_modules/next/dist/compiled/next-server/app-page.runtime.prod.js:12:135349)
    at listOnTimeout (node:internal/timers:605:17) {
  digest: '2151575143'
}
TypeError: Cannot read properties of undefined (reading 'toLowerCase')
    at b (/Users/ahmedsalem/Desktop/all my projects/uneom.com/.next/server/app/locations/[city]/[industry]/page.js:1:4337)
    at eh (/Users/ahmedsalem/Desktop/all my projects/uneom.com/node_modules/next/dist/compiled/next-server/app-page.runtime.prod.js:12:134660)
    at e (/Users/ahmedsalem/Desktop/all my projects/uneom.com/node_modules/next/dist/compiled/next-server/app-page.runtime.prod.js:12:137545)
    at ek (/Users/ahmedsalem/Desktop/all my projects/uneom.com/node_modules/next/dist/compiled/next-server/app-page.runtime.prod.js:12:138019)
    at Array.toJSON (/Users/ahmedsalem/Desktop/all my projects/uneom.com/node_modules/next/dist/compiled/next-server/app-page.runtime.prod.js:12:135629)
    at stringify (<anonymous>)
    at eP (/Users/ahmedsalem/Desktop/all my projects/uneom.com/node_modules/next/dist/compiled/next-server/app-page.runtime.prod.js:12:142093)
    at eE (/Users/ahmedsalem/Desktop/all my projects/uneom.com/node_modules/next/dist/compiled/next-server/app-page.runtime.prod.js:12:142572)
    at Timeout._onTimeout (/Users/ahmedsalem/Desktop/all my projects/uneom.com/node_modules/next/dist/compiled/next-server/app-page.runtime.prod.js:12:135349)
    at listOnTimeout (node:internal/timers:605:17) {
  digest: '2151575143'
}

Error occurred prerendering page "/locations/buraidah/education". Read more: https://nextjs.org/docs/messages/prerender-error

TypeError: Cannot read properties of undefined (reading 'toLowerCase')
    at b (/Users/ahmedsalem/Desktop/all my projects/uneom.com/.next/server/app/locations/[city]/[industry]/page.js:1:4337)
    at eh (/Users/ahmedsalem/Desktop/all my projects/uneom.com/node_modules/next/dist/compiled/next-server/app-page.runtime.prod.js:12:134660)
    at e (/Users/ahmedsalem/Desktop/all my projects/uneom.com/node_modules/next/dist/compiled/next-server/app-page.runtime.prod.js:12:137545)
    at ek (/Users/ahmedsalem/Desktop/all my projects/uneom.com/node_modules/next/dist/compiled/next-server/app-page.runtime.prod.js:12:138019)
    at Array.toJSON (/Users/ahmedsalem/Desktop/all my projects/uneom.com/node_modules/next/dist/compiled/next-server/app-page.runtime.prod.js:12:135629)
    at stringify (<anonymous>)
    at eP (/Users/ahmedsalem/Desktop/all my projects/uneom.com/node_modules/next/dist/compiled/next-server/app-page.runtime.prod.js:12:142093)
    at eE (/Users/ahmedsalem/Desktop/all my projects/uneom.com/node_modules/next/dist/compiled/next-server/app-page.runtime.prod.js:12:142572)
    at AsyncLocalStorage.run (node:internal/async_local_storage/async_context_frame:63:14)
    at Timeout._onTimeout (/Users/ahmedsalem/Desktop/all my projects/uneom.com/node_modules/next/dist/compiled/next-server/app-page.runtime.prod.js:12:150373)
   Generating static pages (657/876) 

Error occurred prerendering page "/locations/buraidah/manufacturing". Read more: https://nextjs.org/docs/messages/prerender-error

TypeError: Cannot read properties of undefined (reading 'toLowerCase')
    at b (/Users/ahmedsalem/Desktop/all my projects/uneom.com/.next/server/app/locations/[city]/[industry]/page.js:1:4337)
    at eh (/Users/ahmedsalem/Desktop/all my projects/uneom.com/node_modules/next/dist/compiled/next-server/app-page.runtime.prod.js:12:134660)
    at e (/Users/ahmedsalem/Desktop/all my projects/uneom.com/node_modules/next/dist/compiled/next-server/app-page.runtime.prod.js:12:137545)
    at ek (/Users/ahmedsalem/Desktop/all my projects/uneom.com/node_modules/next/dist/compiled/next-server/app-page.runtime.prod.js:12:138019)
    at Array.toJSON (/Users/ahmedsalem/Desktop/all my projects/uneom.com/node_modules/next/dist/compiled/next-server/app-page.runtime.prod.js:12:135629)
    at stringify (<anonymous>)
    at eP (/Users/ahmedsalem/Desktop/all my projects/uneom.com/node_modules/next/dist/compiled/next-server/app-page.runtime.prod.js:12:142093)
    at eE (/Users/ahmedsalem/Desktop/all my projects/uneom.com/node_modules/next/dist/compiled/next-server/app-page.runtime.prod.js:12:142572)
    at AsyncLocalStorage.run (node:internal/async_local_storage/async_context_frame:63:14)
    at Timeout._onTimeout (/Users/ahmedsalem/Desktop/all my projects/uneom.com/node_modules/next/dist/compiled/next-server/app-page.runtime.prod.js:12:150373)
TypeError: Cannot read properties of undefined (reading 'toLowerCase')
    at Module.y (/Users/ahmedsalem/Desktop/all my projects/uneom.com/.next/server/app/locations/[city]/[industry]/page.js:1:2657)
    at /Users/ahmedsalem/Desktop/all my projects/uneom.com/node_modules/next/dist/compiled/next-server/app-page.runtime.prod.js:12:227525
    at /Users/ahmedsalem/Desktop/all my projects/uneom.com/node_modules/next/dist/server/lib/trace/tracer.js:140:36
    at NoopContextManager.with (/Users/ahmedsalem/Desktop/all my projects/uneom.com/node_modules/next/dist/compiled/@opentelemetry/api/index.js:1:7062)
    at ContextAPI.with (/Users/ahmedsalem/Desktop/all my projects/uneom.com/node_modules/next/dist/compiled/@opentelemetry/api/index.js:1:518)
    at NoopTracer.startActiveSpan (/Users/ahmedsalem/Desktop/all my projects/uneom.com/node_modules/next/dist/compiled/@opentelemetry/api/index.js:1:18093)
    at ProxyTracer.startActiveSpan (/Users/ahmedsalem/Desktop/all my projects/uneom.com/node_modules/next/dist/compiled/@opentelemetry/api/index.js:1:18854)
    at /Users/ahmedsalem/Desktop/all my projects/uneom.com/node_modules/next/dist/server/lib/trace/tracer.js:122:103
    at NoopContextManager.with (/Users/ahmedsalem/Desktop/all my projects/uneom.com/node_modules/next/dist/compiled/@opentelemetry/api/index.js:1:7062)
    at ContextAPI.with (/Users/ahmedsalem/Desktop/all my projects/uneom.com/node_modules/next/dist/compiled/@opentelemetry/api/index.js:1:518) {
  digest: '2592674761'
}
TypeError: Cannot read properties of undefined (reading 'toLowerCase')
    at Module.y (/Users/ahmedsalem/Desktop/all my projects/uneom.com/.next/server/app/locations/[city]/[industry]/page.js:1:2657)
    at /Users/ahmedsalem/Desktop/all my projects/uneom.com/node_modules/next/dist/compiled/next-server/app-page.runtime.prod.js:12:227525
    at /Users/ahmedsalem/Desktop/all my projects/uneom.com/node_modules/next/dist/server/lib/trace/tracer.js:140:36
    at NoopContextManager.with (/Users/ahmedsalem/Desktop/all my projects/uneom.com/node_modules/next/dist/compiled/@opentelemetry/api/index.js:1:7062)
    at ContextAPI.with (/Users/ahmedsalem/Desktop/all my projects/uneom.com/node_modules/next/dist/compiled/@opentelemetry/api/index.js:1:518)
    at NoopTracer.startActiveSpan (/Users/ahmedsalem/Desktop/all my projects/uneom.com/node_modules/next/dist/compiled/@opentelemetry/api/index.js:1:18093)
    at ProxyTracer.startActiveSpan (/Users/ahmedsalem/Desktop/all my projects/uneom.com/node_modules/next/dist/compiled/@opentelemetry/api/index.js:1:18854)
    at /Users/ahmedsalem/Desktop/all my projects/uneom.com/node_modules/next/dist/server/lib/trace/tracer.js:122:103
    at NoopContextManager.with (/Users/ahmedsalem/Desktop/all my projects/uneom.com/node_modules/next/dist/compiled/@opentelemetry/api/index.js:1:7062)
    at ContextAPI.with (/Users/ahmedsalem/Desktop/all my projects/uneom.com/node_modules/next/dist/compiled/@opentelemetry/api/index.js:1:518) {
  digest: '2592674761'
}
TypeError: Cannot read properties of undefined (reading 'toLowerCase')
    at Module.y (/Users/ahmedsalem/Desktop/all my projects/uneom.com/.next/server/app/locations/[city]/[industry]/page.js:1:2657)
    at /Users/ahmedsalem/Desktop/all my projects/uneom.com/node_modules/next/dist/compiled/next-server/app-page.runtime.prod.js:12:227525
    at /Users/ahmedsalem/Desktop/all my projects/uneom.com/node_modules/next/dist/server/lib/trace/tracer.js:140:36
    at NoopContextManager.with (/Users/ahmedsalem/Desktop/all my projects/uneom.com/node_modules/next/dist/compiled/@opentelemetry/api/index.js:1:7062)
    at ContextAPI.with (/Users/ahmedsalem/Desktop/all my projects/uneom.com/node_modules/next/dist/compiled/@opentelemetry/api/index.js:1:518)
    at NoopTracer.startActiveSpan (/Users/ahmedsalem/Desktop/all my projects/uneom.com/node_modules/next/dist/compiled/@opentelemetry/api/index.js:1:18093)
    at ProxyTracer.startActiveSpan (/Users/ahmedsalem/Desktop/all my projects/uneom.com/node_modules/next/dist/compiled/@opentelemetry/api/index.js:1:18854)
    at /Users/ahmedsalem/Desktop/all my projects/uneom.com/node_modules/next/dist/server/lib/trace/tracer.js:122:103
    at NoopContextManager.with (/Users/ahmedsalem/Desktop/all my projects/uneom.com/node_modules/next/dist/compiled/@opentelemetry/api/index.js:1:7062)
    at ContextAPI.with (/Users/ahmedsalem/Desktop/all my projects/uneom.com/node_modules/next/dist/compiled/@opentelemetry/api/index.js:1:518) {
  digest: '2592674761'
}
TypeError: Cannot read properties of undefined (reading 'toLowerCase')
    at Module.y (/Users/ahmedsalem/Desktop/all my projects/uneom.com/.next/server/app/locations/[city]/[industry]/page.js:1:2657)
    at /Users/ahmedsalem/Desktop/all my projects/uneom.com/node_modules/next/dist/compiled/next-server/app-page.runtime.prod.js:12:227525
    at /Users/ahmedsalem/Desktop/all my projects/uneom.com/node_modules/next/dist/server/lib/trace/tracer.js:140:36
    at NoopContextManager.with (/Users/ahmedsalem/Desktop/all my projects/uneom.com/node_modules/next/dist/compiled/@opentelemetry/api/index.js:1:7062)
    at ContextAPI.with (/Users/ahmedsalem/Desktop/all my projects/uneom.com/node_modules/next/dist/compiled/@opentelemetry/api/index.js:1:518)
    at NoopTracer.startActiveSpan (/Users/ahmedsalem/Desktop/all my projects/uneom.com/node_modules/next/dist/compiled/@opentelemetry/api/index.js:1:18093)
    at ProxyTracer.startActiveSpan (/Users/ahmedsalem/Desktop/all my projects/uneom.com/node_modules/next/dist/compiled/@opentelemetry/api/index.js:1:18854)
    at /Users/ahmedsalem/Desktop/all my projects/uneom.com/node_modules/next/dist/server/lib/trace/tracer.js:122:103
    at NoopContextManager.with (/Users/ahmedsalem/Desktop/all my projects/uneom.com/node_modules/next/dist/compiled/@opentelemetry/api/index.js:1:7062)
    at ContextAPI.with (/Users/ahmedsalem/Desktop/all my projects/uneom.com/node_modules/next/dist/compiled/@opentelemetry/api/index.js:1:518) {
  digest: '2592674761'
}
TypeError: Cannot read properties of undefined (reading 'toLowerCase')
    at b (/Users/ahmedsalem/Desktop/all my projects/uneom.com/.next/server/app/locations/[city]/[industry]/page.js:1:4337)
    at eh (/Users/ahmedsalem/Desktop/all my projects/uneom.com/node_modules/next/dist/compiled/next-server/app-page.runtime.prod.js:12:134660)
    at e (/Users/ahmedsalem/Desktop/all my projects/uneom.com/node_modules/next/dist/compiled/next-server/app-page.runtime.prod.js:12:137545)
    at ek (/Users/ahmedsalem/Desktop/all my projects/uneom.com/node_modules/next/dist/compiled/next-server/app-page.runtime.prod.js:12:138019)
    at Array.toJSON (/Users/ahmedsalem/Desktop/all my projects/uneom.com/node_modules/next/dist/compiled/next-server/app-page.runtime.prod.js:12:135629)
    at stringify (<anonymous>)
    at eP (/Users/ahmedsalem/Desktop/all my projects/uneom.com/node_modules/next/dist/compiled/next-server/app-page.runtime.prod.js:12:142093)
    at eE (/Users/ahmedsalem/Desktop/all my projects/uneom.com/node_modules/next/dist/compiled/next-server/app-page.runtime.prod.js:12:142572)
    at AsyncLocalStorage.run (node:internal/async_local_storage/async_context_frame:63:14)
    at Timeout._onTimeout (/Users/ahmedsalem/Desktop/all my projects/uneom.com/node_modules/next/dist/compiled/next-server/app-page.runtime.prod.js:12:150373) {
  digest: '785353560'
}
TypeError: Cannot read properties of undefined (reading 'toLowerCase')
    at b (/Users/ahmedsalem/Desktop/all my projects/uneom.com/.next/server/app/locations/[city]/[industry]/page.js:1:4337)
    at eh (/Users/ahmedsalem/Desktop/all my projects/uneom.com/node_modules/next/dist/compiled/next-server/app-page.runtime.prod.js:12:134660)
    at e (/Users/ahmedsalem/Desktop/all my projects/uneom.com/node_modules/next/dist/compiled/next-server/app-page.runtime.prod.js:12:137545)
    at ek (/Users/ahmedsalem/Desktop/all my projects/uneom.com/node_modules/next/dist/compiled/next-server/app-page.runtime.prod.js:12:138019)
    at Array.toJSON (/Users/ahmedsalem/Desktop/all my projects/uneom.com/node_modules/next/dist/compiled/next-server/app-page.runtime.prod.js:12:135629)
    at stringify (<anonymous>)
    at eP (/Users/ahmedsalem/Desktop/all my projects/uneom.com/node_modules/next/dist/compiled/next-server/app-page.runtime.prod.js:12:142093)
    at eE (/Users/ahmedsalem/Desktop/all my projects/uneom.com/node_modules/next/dist/compiled/next-server/app-page.runtime.prod.js:12:142572)
    at AsyncLocalStorage.run (node:internal/async_local_storage/async_context_frame:63:14)
    at Timeout._onTimeout (/Users/ahmedsalem/Desktop/all my projects/uneom.com/node_modules/next/dist/compiled/next-server/app-page.runtime.prod.js:12:150373) {
  digest: '785353560'
}
TypeError: Cannot read properties of undefined (reading 'toLowerCase')
    at b (/Users/ahmedsalem/Desktop/all my projects/uneom.com/.next/server/app/locations/[city]/[industry]/page.js:1:4337)
    at eh (/Users/ahmedsalem/Desktop/all my projects/uneom.com/node_modules/next/dist/compiled/next-server/app-page.runtime.prod.js:12:134660)
    at e (/Users/ahmedsalem/Desktop/all my projects/uneom.com/node_modules/next/dist/compiled/next-server/app-page.runtime.prod.js:12:137545)
    at ek (/Users/ahmedsalem/Desktop/all my projects/uneom.com/node_modules/next/dist/compiled/next-server/app-page.runtime.prod.js:12:138019)
    at Array.toJSON (/Users/ahmedsalem/Desktop/all my projects/uneom.com/node_modules/next/dist/compiled/next-server/app-page.runtime.prod.js:12:135629)
    at stringify (<anonymous>)
    at eP (/Users/ahmedsalem/Desktop/all my projects/uneom.com/node_modules/next/dist/compiled/next-server/app-page.runtime.prod.js:12:142093)
    at eE (/Users/ahmedsalem/Desktop/all my projects/uneom.com/node_modules/next/dist/compiled/next-server/app-page.runtime.prod.js:12:142572)
    at Timeout._onTimeout (/Users/ahmedsalem/Desktop/all my projects/uneom.com/node_modules/next/dist/compiled/next-server/app-page.runtime.prod.js:12:135349)
    at listOnTimeout (node:internal/timers:605:17) {
  digest: '2151575143'
}
TypeError: Cannot read properties of undefined (reading 'toLowerCase')
    at Module.y (/Users/ahmedsalem/Desktop/all my projects/uneom.com/.next/server/app/locations/[city]/[industry]/page.js:1:2657)
    at /Users/ahmedsalem/Desktop/all my projects/uneom.com/node_modules/next/dist/compiled/next-server/app-page.runtime.prod.js:12:227525
    at /Users/ahmedsalem/Desktop/all my projects/uneom.com/node_modules/next/dist/server/lib/trace/tracer.js:140:36
    at NoopContextManager.with (/Users/ahmedsalem/Desktop/all my projects/uneom.com/node_modules/next/dist/compiled/@opentelemetry/api/index.js:1:7062)
    at ContextAPI.with (/Users/ahmedsalem/Desktop/all my projects/uneom.com/node_modules/next/dist/compiled/@opentelemetry/api/index.js:1:518)
    at NoopTracer.startActiveSpan (/Users/ahmedsalem/Desktop/all my projects/uneom.com/node_modules/next/dist/compiled/@opentelemetry/api/index.js:1:18093)
    at ProxyTracer.startActiveSpan (/Users/ahmedsalem/Desktop/all my projects/uneom.com/node_modules/next/dist/compiled/@opentelemetry/api/index.js:1:18854)
    at /Users/ahmedsalem/Desktop/all my projects/uneom.com/node_modules/next/dist/server/lib/trace/tracer.js:122:103
    at NoopContextManager.with (/Users/ahmedsalem/Desktop/all my projects/uneom.com/node_modules/next/dist/compiled/@opentelemetry/api/index.js:1:7062)
    at ContextAPI.with (/Users/ahmedsalem/Desktop/all my projects/uneom.com/node_modules/next/dist/compiled/@opentelemetry/api/index.js:1:518) {
  digest: '2592674761'
}
TypeError: Cannot read properties of undefined (reading 'toLowerCase')
    at Module.y (/Users/ahmedsalem/Desktop/all my projects/uneom.com/.next/server/app/locations/[city]/[industry]/page.js:1:2657)
    at /Users/ahmedsalem/Desktop/all my projects/uneom.com/node_modules/next/dist/compiled/next-server/app-page.runtime.prod.js:12:227525
    at /Users/ahmedsalem/Desktop/all my projects/uneom.com/node_modules/next/dist/server/lib/trace/tracer.js:140:36
    at NoopContextManager.with (/Users/ahmedsalem/Desktop/all my projects/uneom.com/node_modules/next/dist/compiled/@opentelemetry/api/index.js:1:7062)
    at ContextAPI.with (/Users/ahmedsalem/Desktop/all my projects/uneom.com/node_modules/next/dist/compiled/@opentelemetry/api/index.js:1:518)
    at NoopTracer.startActiveSpan (/Users/ahmedsalem/Desktop/all my projects/uneom.com/node_modules/next/dist/compiled/@opentelemetry/api/index.js:1:18093)
    at ProxyTracer.startActiveSpan (/Users/ahmedsalem/Desktop/all my projects/uneom.com/node_modules/next/dist/compiled/@opentelemetry/api/index.js:1:18854)
    at /Users/ahmedsalem/Desktop/all my projects/uneom.com/node_modules/next/dist/server/lib/trace/tracer.js:122:103
    at NoopContextManager.with (/Users/ahmedsalem/Desktop/all my projects/uneom.com/node_modules/next/dist/compiled/@opentelemetry/api/index.js:1:7062)
    at ContextAPI.with (/Users/ahmedsalem/Desktop/all my projects/uneom.com/node_modules/next/dist/compiled/@opentelemetry/api/index.js:1:518) {
  digest: '2592674761'
}
TypeError: Cannot read properties of undefined (reading 'toLowerCase')
    at b (/Users/ahmedsalem/Desktop/all my projects/uneom.com/.next/server/app/locations/[city]/[industry]/page.js:1:4337)
    at eh (/Users/ahmedsalem/Desktop/all my projects/uneom.com/node_modules/next/dist/compiled/next-server/app-page.runtime.prod.js:12:134660)
    at e (/Users/ahmedsalem/Desktop/all my projects/uneom.com/node_modules/next/dist/compiled/next-server/app-page.runtime.prod.js:12:137545)
    at ek (/Users/ahmedsalem/Desktop/all my projects/uneom.com/node_modules/next/dist/compiled/next-server/app-page.runtime.prod.js:12:138019)
    at Array.toJSON (/Users/ahmedsalem/Desktop/all my projects/uneom.com/node_modules/next/dist/compiled/next-server/app-page.runtime.prod.js:12:135629)
    at stringify (<anonymous>)
    at eP (/Users/ahmedsalem/Desktop/all my projects/uneom.com/node_modules/next/dist/compiled/next-server/app-page.runtime.prod.js:12:142093)
    at eE (/Users/ahmedsalem/Desktop/all my projects/uneom.com/node_modules/next/dist/compiled/next-server/app-page.runtime.prod.js:12:142572)
    at Timeout._onTimeout (/Users/ahmedsalem/Desktop/all my projects/uneom.com/node_modules/next/dist/compiled/next-server/app-page.runtime.prod.js:12:135349)
    at listOnTimeout (node:internal/timers:605:17) {
  digest: '2151575143'
}
TypeError: Cannot read properties of undefined (reading 'toLowerCase')
    at b (/Users/ahmedsalem/Desktop/all my projects/uneom.com/.next/server/app/locations/[city]/[industry]/page.js:1:4337)
    at eh (/Users/ahmedsalem/Desktop/all my projects/uneom.com/node_modules/next/dist/compiled/next-server/app-page.runtime.prod.js:12:134660)
    at e (/Users/ahmedsalem/Desktop/all my projects/uneom.com/node_modules/next/dist/compiled/next-server/app-page.runtime.prod.js:12:137545)
    at ek (/Users/ahmedsalem/Desktop/all my projects/uneom.com/node_modules/next/dist/compiled/next-server/app-page.runtime.prod.js:12:138019)
    at Array.toJSON (/Users/ahmedsalem/Desktop/all my projects/uneom.com/node_modules/next/dist/compiled/next-server/app-page.runtime.prod.js:12:135629)
    at stringify (<anonymous>)
    at eP (/Users/ahmedsalem/Desktop/all my projects/uneom.com/node_modules/next/dist/compiled/next-server/app-page.runtime.prod.js:12:142093)
    at eE (/Users/ahmedsalem/Desktop/all my projects/uneom.com/node_modules/next/dist/compiled/next-server/app-page.runtime.prod.js:12:142572)
    at AsyncLocalStorage.run (node:internal/async_local_storage/async_context_frame:63:14)
    at Timeout._onTimeout (/Users/ahmedsalem/Desktop/all my projects/uneom.com/node_modules/next/dist/compiled/next-server/app-page.runtime.prod.js:12:150373) {
  digest: '785353560'
}

Error occurred prerendering page "/locations/buraidah/security". Read more: https://nextjs.org/docs/messages/prerender-error

TypeError: Cannot read properties of undefined (reading 'toLowerCase')
    at b (/Users/ahmedsalem/Desktop/all my projects/uneom.com/.next/server/app/locations/[city]/[industry]/page.js:1:4337)
    at eh (/Users/ahmedsalem/Desktop/all my projects/uneom.com/node_modules/next/dist/compiled/next-server/app-page.runtime.prod.js:12:134660)
    at e (/Users/ahmedsalem/Desktop/all my projects/uneom.com/node_modules/next/dist/compiled/next-server/app-page.runtime.prod.js:12:137545)
    at ek (/Users/ahmedsalem/Desktop/all my projects/uneom.com/node_modules/next/dist/compiled/next-server/app-page.runtime.prod.js:12:138019)
    at Array.toJSON (/Users/ahmedsalem/Desktop/all my projects/uneom.com/node_modules/next/dist/compiled/next-server/app-page.runtime.prod.js:12:135629)
    at stringify (<anonymous>)
    at eP (/Users/ahmedsalem/Desktop/all my projects/uneom.com/node_modules/next/dist/compiled/next-server/app-page.runtime.prod.js:12:142093)
    at eE (/Users/ahmedsalem/Desktop/all my projects/uneom.com/node_modules/next/dist/compiled/next-server/app-page.runtime.prod.js:12:142572)
    at AsyncLocalStorage.run (node:internal/async_local_storage/async_context_frame:63:14)
    at Timeout._onTimeout (/Users/ahmedsalem/Desktop/all my projects/uneom.com/node_modules/next/dist/compiled/next-server/app-page.runtime.prod.js:12:150373)
TypeError: Cannot read properties of undefined (reading 'toLowerCase')
    at Module.y (/Users/ahmedsalem/Desktop/all my projects/uneom.com/.next/server/app/locations/[city]/[industry]/page.js:1:2657)
    at /Users/ahmedsalem/Desktop/all my projects/uneom.com/node_modules/next/dist/compiled/next-server/app-page.runtime.prod.js:12:227525
    at /Users/ahmedsalem/Desktop/all my projects/uneom.com/node_modules/next/dist/server/lib/trace/tracer.js:140:36
    at NoopContextManager.with (/Users/ahmedsalem/Desktop/all my projects/uneom.com/node_modules/next/dist/compiled/@opentelemetry/api/index.js:1:7062)
    at ContextAPI.with (/Users/ahmedsalem/Desktop/all my projects/uneom.com/node_modules/next/dist/compiled/@opentelemetry/api/index.js:1:518)
    at NoopTracer.startActiveSpan (/Users/ahmedsalem/Desktop/all my projects/uneom.com/node_modules/next/dist/compiled/@opentelemetry/api/index.js:1:18093)
    at ProxyTracer.startActiveSpan (/Users/ahmedsalem/Desktop/all my projects/uneom.com/node_modules/next/dist/compiled/@opentelemetry/api/index.js:1:18854)
    at /Users/ahmedsalem/Desktop/all my projects/uneom.com/node_modules/next/dist/server/lib/trace/tracer.js:122:103
    at NoopContextManager.with (/Users/ahmedsalem/Desktop/all my projects/uneom.com/node_modules/next/dist/compiled/@opentelemetry/api/index.js:1:7062)
    at ContextAPI.with (/Users/ahmedsalem/Desktop/all my projects/uneom.com/node_modules/next/dist/compiled/@opentelemetry/api/index.js:1:518) {
  digest: '2592674761'
}
TypeError: Cannot read properties of undefined (reading 'toLowerCase')
    at Module.y (/Users/ahmedsalem/Desktop/all my projects/uneom.com/.next/server/app/locations/[city]/[industry]/page.js:1:2657)
    at /Users/ahmedsalem/Desktop/all my projects/uneom.com/node_modules/next/dist/compiled/next-server/app-page.runtime.prod.js:12:227525
    at /Users/ahmedsalem/Desktop/all my projects/uneom.com/node_modules/next/dist/server/lib/trace/tracer.js:140:36
    at NoopContextManager.with (/Users/ahmedsalem/Desktop/all my projects/uneom.com/node_modules/next/dist/compiled/@opentelemetry/api/index.js:1:7062)
    at ContextAPI.with (/Users/ahmedsalem/Desktop/all my projects/uneom.com/node_modules/next/dist/compiled/@opentelemetry/api/index.js:1:518)
    at NoopTracer.startActiveSpan (/Users/ahmedsalem/Desktop/all my projects/uneom.com/node_modules/next/dist/compiled/@opentelemetry/api/index.js:1:18093)
    at ProxyTracer.startActiveSpan (/Users/ahmedsalem/Desktop/all my projects/uneom.com/node_modules/next/dist/compiled/@opentelemetry/api/index.js:1:18854)
    at /Users/ahmedsalem/Desktop/all my projects/uneom.com/node_modules/next/dist/server/lib/trace/tracer.js:122:103
    at NoopContextManager.with (/Users/ahmedsalem/Desktop/all my projects/uneom.com/node_modules/next/dist/compiled/@opentelemetry/api/index.js:1:7062)
    at ContextAPI.with (/Users/ahmedsalem/Desktop/all my projects/uneom.com/node_modules/next/dist/compiled/@opentelemetry/api/index.js:1:518) {
  digest: '2592674761'
}
TypeError: Cannot read properties of undefined (reading 'toLowerCase')
    at b (/Users/ahmedsalem/Desktop/all my projects/uneom.com/.next/server/app/locations/[city]/[industry]/page.js:1:4337)
    at eh (/Users/ahmedsalem/Desktop/all my projects/uneom.com/node_modules/next/dist/compiled/next-server/app-page.runtime.prod.js:12:134660)
    at e (/Users/ahmedsalem/Desktop/all my projects/uneom.com/node_modules/next/dist/compiled/next-server/app-page.runtime.prod.js:12:137545)
    at ek (/Users/ahmedsalem/Desktop/all my projects/uneom.com/node_modules/next/dist/compiled/next-server/app-page.runtime.prod.js:12:138019)
    at Array.toJSON (/Users/ahmedsalem/Desktop/all my projects/uneom.com/node_modules/next/dist/compiled/next-server/app-page.runtime.prod.js:12:135629)
    at stringify (<anonymous>)
    at eP (/Users/ahmedsalem/Desktop/all my projects/uneom.com/node_modules/next/dist/compiled/next-server/app-page.runtime.prod.js:12:142093)
    at eE (/Users/ahmedsalem/Desktop/all my projects/uneom.com/node_modules/next/dist/compiled/next-server/app-page.runtime.prod.js:12:142572)
    at AsyncLocalStorage.run (node:internal/async_local_storage/async_context_frame:63:14)
    at Timeout._onTimeout (/Users/ahmedsalem/Desktop/all my projects/uneom.com/node_modules/next/dist/compiled/next-server/app-page.runtime.prod.js:12:150373) {
  digest: '785353560'
}

Error occurred prerendering page "/locations/buraidah/retail-shops". Read more: https://nextjs.org/docs/messages/prerender-error

TypeError: Cannot read properties of undefined (reading 'toLowerCase')
    at b (/Users/ahmedsalem/Desktop/all my projects/uneom.com/.next/server/app/locations/[city]/[industry]/page.js:1:4337)
    at eh (/Users/ahmedsalem/Desktop/all my projects/uneom.com/node_modules/next/dist/compiled/next-server/app-page.runtime.prod.js:12:134660)
    at e (/Users/ahmedsalem/Desktop/all my projects/uneom.com/node_modules/next/dist/compiled/next-server/app-page.runtime.prod.js:12:137545)
    at ek (/Users/ahmedsalem/Desktop/all my projects/uneom.com/node_modules/next/dist/compiled/next-server/app-page.runtime.prod.js:12:138019)
    at Array.toJSON (/Users/ahmedsalem/Desktop/all my projects/uneom.com/node_modules/next/dist/compiled/next-server/app-page.runtime.prod.js:12:135629)
    at stringify (<anonymous>)
    at eP (/Users/ahmedsalem/Desktop/all my projects/uneom.com/node_modules/next/dist/compiled/next-server/app-page.runtime.prod.js:12:142093)
    at eE (/Users/ahmedsalem/Desktop/all my projects/uneom.com/node_modules/next/dist/compiled/next-server/app-page.runtime.prod.js:12:142572)
    at AsyncLocalStorage.run (node:internal/async_local_storage/async_context_frame:63:14)
    at Timeout._onTimeout (/Users/ahmedsalem/Desktop/all my projects/uneom.com/node_modules/next/dist/compiled/next-server/app-page.runtime.prod.js:12:150373)
TypeError: Cannot read properties of undefined (reading 'toLowerCase')
    at b (/Users/ahmedsalem/Desktop/all my projects/uneom.com/.next/server/app/locations/[city]/[industry]/page.js:1:4337)
    at eh (/Users/ahmedsalem/Desktop/all my projects/uneom.com/node_modules/next/dist/compiled/next-server/app-page.runtime.prod.js:12:134660)
    at e (/Users/ahmedsalem/Desktop/all my projects/uneom.com/node_modules/next/dist/compiled/next-server/app-page.runtime.prod.js:12:137545)
    at ek (/Users/ahmedsalem/Desktop/all my projects/uneom.com/node_modules/next/dist/compiled/next-server/app-page.runtime.prod.js:12:138019)
    at Array.toJSON (/Users/ahmedsalem/Desktop/all my projects/uneom.com/node_modules/next/dist/compiled/next-server/app-page.runtime.prod.js:12:135629)
    at stringify (<anonymous>)
    at eP (/Users/ahmedsalem/Desktop/all my projects/uneom.com/node_modules/next/dist/compiled/next-server/app-page.runtime.prod.js:12:142093)
    at eE (/Users/ahmedsalem/Desktop/all my projects/uneom.com/node_modules/next/dist/compiled/next-server/app-page.runtime.prod.js:12:142572)
    at Timeout._onTimeout (/Users/ahmedsalem/Desktop/all my projects/uneom.com/node_modules/next/dist/compiled/next-server/app-page.runtime.prod.js:12:135349)
    at listOnTimeout (node:internal/timers:605:17) {
  digest: '2151575143'
}
TypeError: Cannot read properties of undefined (reading 'toLowerCase')
    at Module.y (/Users/ahmedsalem/Desktop/all my projects/uneom.com/.next/server/app/locations/[city]/[industry]/page.js:1:2657)
    at /Users/ahmedsalem/Desktop/all my projects/uneom.com/node_modules/next/dist/compiled/next-server/app-page.runtime.prod.js:12:227525
    at /Users/ahmedsalem/Desktop/all my projects/uneom.com/node_modules/next/dist/server/lib/trace/tracer.js:140:36
    at NoopContextManager.with (/Users/ahmedsalem/Desktop/all my projects/uneom.com/node_modules/next/dist/compiled/@opentelemetry/api/index.js:1:7062)
    at ContextAPI.with (/Users/ahmedsalem/Desktop/all my projects/uneom.com/node_modules/next/dist/compiled/@opentelemetry/api/index.js:1:518)
    at NoopTracer.startActiveSpan (/Users/ahmedsalem/Desktop/all my projects/uneom.com/node_modules/next/dist/compiled/@opentelemetry/api/index.js:1:18093)
    at ProxyTracer.startActiveSpan (/Users/ahmedsalem/Desktop/all my projects/uneom.com/node_modules/next/dist/compiled/@opentelemetry/api/index.js:1:18854)
    at /Users/ahmedsalem/Desktop/all my projects/uneom.com/node_modules/next/dist/server/lib/trace/tracer.js:122:103
    at NoopContextManager.with (/Users/ahmedsalem/Desktop/all my projects/uneom.com/node_modules/next/dist/compiled/@opentelemetry/api/index.js:1:7062)
    at ContextAPI.with (/Users/ahmedsalem/Desktop/all my projects/uneom.com/node_modules/next/dist/compiled/@opentelemetry/api/index.js:1:518) {
  digest: '2592674761'
}

Error occurred prerendering page "/locations/buraidah/supply-manufacturing". Read more: https://nextjs.org/docs/messages/prerender-error

TypeError: Cannot read properties of undefined (reading 'toLowerCase')
    at b (/Users/ahmedsalem/Desktop/all my projects/uneom.com/.next/server/app/locations/[city]/[industry]/page.js:1:4337)
    at eh (/Users/ahmedsalem/Desktop/all my projects/uneom.com/node_modules/next/dist/compiled/next-server/app-page.runtime.prod.js:12:134660)
    at e (/Users/ahmedsalem/Desktop/all my projects/uneom.com/node_modules/next/dist/compiled/next-server/app-page.runtime.prod.js:12:137545)
    at ek (/Users/ahmedsalem/Desktop/all my projects/uneom.com/node_modules/next/dist/compiled/next-server/app-page.runtime.prod.js:12:138019)
    at Array.toJSON (/Users/ahmedsalem/Desktop/all my projects/uneom.com/node_modules/next/dist/compiled/next-server/app-page.runtime.prod.js:12:135629)
    at stringify (<anonymous>)
    at eP (/Users/ahmedsalem/Desktop/all my projects/uneom.com/node_modules/next/dist/compiled/next-server/app-page.runtime.prod.js:12:142093)
    at eE (/Users/ahmedsalem/Desktop/all my projects/uneom.com/node_modules/next/dist/compiled/next-server/app-page.runtime.prod.js:12:142572)
    at AsyncLocalStorage.run (node:internal/async_local_storage/async_context_frame:63:14)
    at Timeout._onTimeout (/Users/ahmedsalem/Desktop/all my projects/uneom.com/node_modules/next/dist/compiled/next-server/app-page.runtime.prod.js:12:150373)

Error occurred prerendering page "/locations/buraidah/factory-industry". Read more: https://nextjs.org/docs/messages/prerender-error

TypeError: Cannot read properties of undefined (reading 'toLowerCase')
    at b (/Users/ahmedsalem/Desktop/all my projects/uneom.com/.next/server/app/locations/[city]/[industry]/page.js:1:4337)
    at eh (/Users/ahmedsalem/Desktop/all my projects/uneom.com/node_modules/next/dist/compiled/next-server/app-page.runtime.prod.js:12:134660)
    at e (/Users/ahmedsalem/Desktop/all my projects/uneom.com/node_modules/next/dist/compiled/next-server/app-page.runtime.prod.js:12:137545)
    at ek (/Users/ahmedsalem/Desktop/all my projects/uneom.com/node_modules/next/dist/compiled/next-server/app-page.runtime.prod.js:12:138019)
    at Array.toJSON (/Users/ahmedsalem/Desktop/all my projects/uneom.com/node_modules/next/dist/compiled/next-server/app-page.runtime.prod.js:12:135629)
    at stringify (<anonymous>)
    at eP (/Users/ahmedsalem/Desktop/all my projects/uneom.com/node_modules/next/dist/compiled/next-server/app-page.runtime.prod.js:12:142093)
    at eE (/Users/ahmedsalem/Desktop/all my projects/uneom.com/node_modules/next/dist/compiled/next-server/app-page.runtime.prod.js:12:142572)
    at AsyncLocalStorage.run (node:internal/async_local_storage/async_context_frame:63:14)
    at Timeout._onTimeout (/Users/ahmedsalem/Desktop/all my projects/uneom.com/node_modules/next/dist/compiled/next-server/app-page.runtime.prod.js:12:150373)
TypeError: Cannot read properties of undefined (reading 'toLowerCase')
    at Module.y (/Users/ahmedsalem/Desktop/all my projects/uneom.com/.next/server/app/locations/[city]/[industry]/page.js:1:2657)
    at /Users/ahmedsalem/Desktop/all my projects/uneom.com/node_modules/next/dist/compiled/next-server/app-page.runtime.prod.js:12:227525
    at /Users/ahmedsalem/Desktop/all my projects/uneom.com/node_modules/next/dist/server/lib/trace/tracer.js:140:36
    at NoopContextManager.with (/Users/ahmedsalem/Desktop/all my projects/uneom.com/node_modules/next/dist/compiled/@opentelemetry/api/index.js:1:7062)
    at ContextAPI.with (/Users/ahmedsalem/Desktop/all my projects/uneom.com/node_modules/next/dist/compiled/@opentelemetry/api/index.js:1:518)
    at NoopTracer.startActiveSpan (/Users/ahmedsalem/Desktop/all my projects/uneom.com/node_modules/next/dist/compiled/@opentelemetry/api/index.js:1:18093)
    at ProxyTracer.startActiveSpan (/Users/ahmedsalem/Desktop/all my projects/uneom.com/node_modules/next/dist/compiled/@opentelemetry/api/index.js:1:18854)
    at /Users/ahmedsalem/Desktop/all my projects/uneom.com/node_modules/next/dist/server/lib/trace/tracer.js:122:103
    at NoopContextManager.with (/Users/ahmedsalem/Desktop/all my projects/uneom.com/node_modules/next/dist/compiled/@opentelemetry/api/index.js:1:7062)
    at ContextAPI.with (/Users/ahmedsalem/Desktop/all my projects/uneom.com/node_modules/next/dist/compiled/@opentelemetry/api/index.js:1:518) {
  digest: '2592674761'
}
TypeError: Cannot read properties of undefined (reading 'toLowerCase')
    at b (/Users/ahmedsalem/Desktop/all my projects/uneom.com/.next/server/app/locations/[city]/[industry]/page.js:1:4337)
    at eh (/Users/ahmedsalem/Desktop/all my projects/uneom.com/node_modules/next/dist/compiled/next-server/app-page.runtime.prod.js:12:134660)
    at e (/Users/ahmedsalem/Desktop/all my projects/uneom.com/node_modules/next/dist/compiled/next-server/app-page.runtime.prod.js:12:137545)
    at ek (/Users/ahmedsalem/Desktop/all my projects/uneom.com/node_modules/next/dist/compiled/next-server/app-page.runtime.prod.js:12:138019)
    at Array.toJSON (/Users/ahmedsalem/Desktop/all my projects/uneom.com/node_modules/next/dist/compiled/next-server/app-page.runtime.prod.js:12:135629)
    at stringify (<anonymous>)
    at eP (/Users/ahmedsalem/Desktop/all my projects/uneom.com/node_modules/next/dist/compiled/next-server/app-page.runtime.prod.js:12:142093)
    at eE (/Users/ahmedsalem/Desktop/all my projects/uneom.com/node_modules/next/dist/compiled/next-server/app-page.runtime.prod.js:12:142572)
    at Timeout._onTimeout (/Users/ahmedsalem/Desktop/all my projects/uneom.com/node_modules/next/dist/compiled/next-server/app-page.runtime.prod.js:12:135349)
    at listOnTimeout (node:internal/timers:605:17) {
  digest: '2151575143'
}
TypeError: Cannot read properties of undefined (reading 'toLowerCase')
    at Module.y (/Users/ahmedsalem/Desktop/all my projects/uneom.com/.next/server/app/locations/[city]/[industry]/page.js:1:2657)
    at /Users/ahmedsalem/Desktop/all my projects/uneom.com/node_modules/next/dist/compiled/next-server/app-page.runtime.prod.js:12:227525
    at /Users/ahmedsalem/Desktop/all my projects/uneom.com/node_modules/next/dist/server/lib/trace/tracer.js:140:36
    at NoopContextManager.with (/Users/ahmedsalem/Desktop/all my projects/uneom.com/node_modules/next/dist/compiled/@opentelemetry/api/index.js:1:7062)
    at ContextAPI.with (/Users/ahmedsalem/Desktop/all my projects/uneom.com/node_modules/next/dist/compiled/@opentelemetry/api/index.js:1:518)
    at NoopTracer.startActiveSpan (/Users/ahmedsalem/Desktop/all my projects/uneom.com/node_modules/next/dist/compiled/@opentelemetry/api/index.js:1:18093)
    at ProxyTracer.startActiveSpan (/Users/ahmedsalem/Desktop/all my projects/uneom.com/node_modules/next/dist/compiled/@opentelemetry/api/index.js:1:18854)
    at /Users/ahmedsalem/Desktop/all my projects/uneom.com/node_modules/next/dist/server/lib/trace/tracer.js:122:103
    at NoopContextManager.with (/Users/ahmedsalem/Desktop/all my projects/uneom.com/node_modules/next/dist/compiled/@opentelemetry/api/index.js:1:7062)
    at ContextAPI.with (/Users/ahmedsalem/Desktop/all my projects/uneom.com/node_modules/next/dist/compiled/@opentelemetry/api/index.js:1:518) {
  digest: '2592674761'
}
TypeError: Cannot read properties of undefined (reading 'toLowerCase')
    at b (/Users/ahmedsalem/Desktop/all my projects/uneom.com/.next/server/app/locations/[city]/[industry]/page.js:1:4337)
    at eh (/Users/ahmedsalem/Desktop/all my projects/uneom.com/node_modules/next/dist/compiled/next-server/app-page.runtime.prod.js:12:134660)
    at e (/Users/ahmedsalem/Desktop/all my projects/uneom.com/node_modules/next/dist/compiled/next-server/app-page.runtime.prod.js:12:137545)
    at ek (/Users/ahmedsalem/Desktop/all my projects/uneom.com/node_modules/next/dist/compiled/next-server/app-page.runtime.prod.js:12:138019)
    at Array.toJSON (/Users/ahmedsalem/Desktop/all my projects/uneom.com/node_modules/next/dist/compiled/next-server/app-page.runtime.prod.js:12:135629)
    at stringify (<anonymous>)
    at eP (/Users/ahmedsalem/Desktop/all my projects/uneom.com/node_modules/next/dist/compiled/next-server/app-page.runtime.prod.js:12:142093)
    at eE (/Users/ahmedsalem/Desktop/all my projects/uneom.com/node_modules/next/dist/compiled/next-server/app-page.runtime.prod.js:12:142572)
    at AsyncLocalStorage.run (node:internal/async_local_storage/async_context_frame:63:14)
    at Timeout._onTimeout (/Users/ahmedsalem/Desktop/all my projects/uneom.com/node_modules/next/dist/compiled/next-server/app-page.runtime.prod.js:12:150373) {
  digest: '785353560'
}
TypeError: Cannot read properties of undefined (reading 'toLowerCase')
    at b (/Users/ahmedsalem/Desktop/all my projects/uneom.com/.next/server/app/locations/[city]/[industry]/page.js:1:4337)
    at eh (/Users/ahmedsalem/Desktop/all my projects/uneom.com/node_modules/next/dist/compiled/next-server/app-page.runtime.prod.js:12:134660)
    at e (/Users/ahmedsalem/Desktop/all my projects/uneom.com/node_modules/next/dist/compiled/next-server/app-page.runtime.prod.js:12:137545)
    at ek (/Users/ahmedsalem/Desktop/all my projects/uneom.com/node_modules/next/dist/compiled/next-server/app-page.runtime.prod.js:12:138019)
    at Array.toJSON (/Users/ahmedsalem/Desktop/all my projects/uneom.com/node_modules/next/dist/compiled/next-server/app-page.runtime.prod.js:12:135629)
    at stringify (<anonymous>)
    at eP (/Users/ahmedsalem/Desktop/all my projects/uneom.com/node_modules/next/dist/compiled/next-server/app-page.runtime.prod.js:12:142093)
    at eE (/Users/ahmedsalem/Desktop/all my projects/uneom.com/node_modules/next/dist/compiled/next-server/app-page.runtime.prod.js:12:142572)
    at Timeout._onTimeout (/Users/ahmedsalem/Desktop/all my projects/uneom.com/node_modules/next/dist/compiled/next-server/app-page.runtime.prod.js:12:135349)
    at listOnTimeout (node:internal/timers:605:17) {
  digest: '2151575143'
}
TypeError: Cannot read properties of undefined (reading 'toLowerCase')
    at Module.y (/Users/ahmedsalem/Desktop/all my projects/uneom.com/.next/server/app/locations/[city]/[industry]/page.js:1:2657)
    at /Users/ahmedsalem/Desktop/all my projects/uneom.com/node_modules/next/dist/compiled/next-server/app-page.runtime.prod.js:12:227525
    at /Users/ahmedsalem/Desktop/all my projects/uneom.com/node_modules/next/dist/server/lib/trace/tracer.js:140:36
    at NoopContextManager.with (/Users/ahmedsalem/Desktop/all my projects/uneom.com/node_modules/next/dist/compiled/@opentelemetry/api/index.js:1:7062)
    at ContextAPI.with (/Users/ahmedsalem/Desktop/all my projects/uneom.com/node_modules/next/dist/compiled/@opentelemetry/api/index.js:1:518)
    at NoopTracer.startActiveSpan (/Users/ahmedsalem/Desktop/all my projects/uneom.com/node_modules/next/dist/compiled/@opentelemetry/api/index.js:1:18093)
    at ProxyTracer.startActiveSpan (/Users/ahmedsalem/Desktop/all my projects/uneom.com/node_modules/next/dist/compiled/@opentelemetry/api/index.js:1:18854)
    at /Users/ahmedsalem/Desktop/all my projects/uneom.com/node_modules/next/dist/server/lib/trace/tracer.js:122:103
    at NoopContextManager.with (/Users/ahmedsalem/Desktop/all my projects/uneom.com/node_modules/next/dist/compiled/@opentelemetry/api/index.js:1:7062)
    at ContextAPI.with (/Users/ahmedsalem/Desktop/all my projects/uneom.com/node_modules/next/dist/compiled/@opentelemetry/api/index.js:1:518) {
  digest: '2592674761'
}
TypeError: Cannot read properties of undefined (reading 'toLowerCase')
    at Module.y (/Users/ahmedsalem/Desktop/all my projects/uneom.com/.next/server/app/locations/[city]/[industry]/page.js:1:2657)
    at /Users/ahmedsalem/Desktop/all my projects/uneom.com/node_modules/next/dist/compiled/next-server/app-page.runtime.prod.js:12:227525
    at /Users/ahmedsalem/Desktop/all my projects/uneom.com/node_modules/next/dist/server/lib/trace/tracer.js:140:36
    at NoopContextManager.with (/Users/ahmedsalem/Desktop/all my projects/uneom.com/node_modules/next/dist/compiled/@opentelemetry/api/index.js:1:7062)
    at ContextAPI.with (/Users/ahmedsalem/Desktop/all my projects/uneom.com/node_modules/next/dist/compiled/@opentelemetry/api/index.js:1:518)
    at NoopTracer.startActiveSpan (/Users/ahmedsalem/Desktop/all my projects/uneom.com/node_modules/next/dist/compiled/@opentelemetry/api/index.js:1:18093)
    at ProxyTracer.startActiveSpan (/Users/ahmedsalem/Desktop/all my projects/uneom.com/node_modules/next/dist/compiled/@opentelemetry/api/index.js:1:18854)
    at /Users/ahmedsalem/Desktop/all my projects/uneom.com/node_modules/next/dist/server/lib/trace/tracer.js:122:103
    at NoopContextManager.with (/Users/ahmedsalem/Desktop/all my projects/uneom.com/node_modules/next/dist/compiled/@opentelemetry/api/index.js:1:7062)
    at ContextAPI.with (/Users/ahmedsalem/Desktop/all my projects/uneom.com/node_modules/next/dist/compiled/@opentelemetry/api/index.js:1:518) {
  digest: '2592674761'
}

Error occurred prerendering page "/locations/najran/corporate". Read more: https://nextjs.org/docs/messages/prerender-error

TypeError: Cannot read properties of undefined (reading 'toLowerCase')
    at b (/Users/ahmedsalem/Desktop/all my projects/uneom.com/.next/server/app/locations/[city]/[industry]/page.js:1:4337)
    at eh (/Users/ahmedsalem/Desktop/all my projects/uneom.com/node_modules/next/dist/compiled/next-server/app-page.runtime.prod.js:12:134660)
    at e (/Users/ahmedsalem/Desktop/all my projects/uneom.com/node_modules/next/dist/compiled/next-server/app-page.runtime.prod.js:12:137545)
    at ek (/Users/ahmedsalem/Desktop/all my projects/uneom.com/node_modules/next/dist/compiled/next-server/app-page.runtime.prod.js:12:138019)
    at Array.toJSON (/Users/ahmedsalem/Desktop/all my projects/uneom.com/node_modules/next/dist/compiled/next-server/app-page.runtime.prod.js:12:135629)
    at stringify (<anonymous>)
    at eP (/Users/ahmedsalem/Desktop/all my projects/uneom.com/node_modules/next/dist/compiled/next-server/app-page.runtime.prod.js:12:142093)
    at eE (/Users/ahmedsalem/Desktop/all my projects/uneom.com/node_modules/next/dist/compiled/next-server/app-page.runtime.prod.js:12:142572)
    at AsyncLocalStorage.run (node:internal/async_local_storage/async_context_frame:63:14)
    at Timeout._onTimeout (/Users/ahmedsalem/Desktop/all my projects/uneom.com/node_modules/next/dist/compiled/next-server/app-page.runtime.prod.js:12:150373)
TypeError: Cannot read properties of undefined (reading 'toLowerCase')
    at b (/Users/ahmedsalem/Desktop/all my projects/uneom.com/.next/server/app/locations/[city]/[industry]/page.js:1:4337)
    at eh (/Users/ahmedsalem/Desktop/all my projects/uneom.com/node_modules/next/dist/compiled/next-server/app-page.runtime.prod.js:12:134660)
    at e (/Users/ahmedsalem/Desktop/all my projects/uneom.com/node_modules/next/dist/compiled/next-server/app-page.runtime.prod.js:12:137545)
    at ek (/Users/ahmedsalem/Desktop/all my projects/uneom.com/node_modules/next/dist/compiled/next-server/app-page.runtime.prod.js:12:138019)
    at Array.toJSON (/Users/ahmedsalem/Desktop/all my projects/uneom.com/node_modules/next/dist/compiled/next-server/app-page.runtime.prod.js:12:135629)
    at stringify (<anonymous>)
    at eP (/Users/ahmedsalem/Desktop/all my projects/uneom.com/node_modules/next/dist/compiled/next-server/app-page.runtime.prod.js:12:142093)
    at eE (/Users/ahmedsalem/Desktop/all my projects/uneom.com/node_modules/next/dist/compiled/next-server/app-page.runtime.prod.js:12:142572)
    at AsyncLocalStorage.run (node:internal/async_local_storage/async_context_frame:63:14)
    at Timeout._onTimeout (/Users/ahmedsalem/Desktop/all my projects/uneom.com/node_modules/next/dist/compiled/next-server/app-page.runtime.prod.js:12:150373) {
  digest: '785353560'
}
TypeError: Cannot read properties of undefined (reading 'toLowerCase')
    at b (/Users/ahmedsalem/Desktop/all my projects/uneom.com/.next/server/app/locations/[city]/[industry]/page.js:1:4337)
    at eh (/Users/ahmedsalem/Desktop/all my projects/uneom.com/node_modules/next/dist/compiled/next-server/app-page.runtime.prod.js:12:134660)
    at e (/Users/ahmedsalem/Desktop/all my projects/uneom.com/node_modules/next/dist/compiled/next-server/app-page.runtime.prod.js:12:137545)
    at ek (/Users/ahmedsalem/Desktop/all my projects/uneom.com/node_modules/next/dist/compiled/next-server/app-page.runtime.prod.js:12:138019)
    at Array.toJSON (/Users/ahmedsalem/Desktop/all my projects/uneom.com/node_modules/next/dist/compiled/next-server/app-page.runtime.prod.js:12:135629)
    at stringify (<anonymous>)
    at eP (/Users/ahmedsalem/Desktop/all my projects/uneom.com/node_modules/next/dist/compiled/next-server/app-page.runtime.prod.js:12:142093)
    at eE (/Users/ahmedsalem/Desktop/all my projects/uneom.com/node_modules/next/dist/compiled/next-server/app-page.runtime.prod.js:12:142572)
    at Timeout._onTimeout (/Users/ahmedsalem/Desktop/all my projects/uneom.com/node_modules/next/dist/compiled/next-server/app-page.runtime.prod.js:12:135349)
    at listOnTimeout (node:internal/timers:605:17) {
  digest: '2151575143'
}
TypeError: Cannot read properties of undefined (reading 'toLowerCase')
    at Module.y (/Users/ahmedsalem/Desktop/all my projects/uneom.com/.next/server/app/locations/[city]/[industry]/page.js:1:2657)
    at /Users/ahmedsalem/Desktop/all my projects/uneom.com/node_modules/next/dist/compiled/next-server/app-page.runtime.prod.js:12:227525
    at /Users/ahmedsalem/Desktop/all my projects/uneom.com/node_modules/next/dist/server/lib/trace/tracer.js:140:36
    at NoopContextManager.with (/Users/ahmedsalem/Desktop/all my projects/uneom.com/node_modules/next/dist/compiled/@opentelemetry/api/index.js:1:7062)
    at ContextAPI.with (/Users/ahmedsalem/Desktop/all my projects/uneom.com/node_modules/next/dist/compiled/@opentelemetry/api/index.js:1:518)
    at NoopTracer.startActiveSpan (/Users/ahmedsalem/Desktop/all my projects/uneom.com/node_modules/next/dist/compiled/@opentelemetry/api/index.js:1:18093)
    at ProxyTracer.startActiveSpan (/Users/ahmedsalem/Desktop/all my projects/uneom.com/node_modules/next/dist/compiled/@opentelemetry/api/index.js:1:18854)
    at /Users/ahmedsalem/Desktop/all my projects/uneom.com/node_modules/next/dist/server/lib/trace/tracer.js:122:103
    at NoopContextManager.with (/Users/ahmedsalem/Desktop/all my projects/uneom.com/node_modules/next/dist/compiled/@opentelemetry/api/index.js:1:7062)
    at ContextAPI.with (/Users/ahmedsalem/Desktop/all my projects/uneom.com/node_modules/next/dist/compiled/@opentelemetry/api/index.js:1:518) {
  digest: '2592674761'
}
TypeError: Cannot read properties of undefined (reading 'toLowerCase')
    at Module.y (/Users/ahmedsalem/Desktop/all my projects/uneom.com/.next/server/app/locations/[city]/[industry]/page.js:1:2657)
    at /Users/ahmedsalem/Desktop/all my projects/uneom.com/node_modules/next/dist/compiled/next-server/app-page.runtime.prod.js:12:227525
    at /Users/ahmedsalem/Desktop/all my projects/uneom.com/node_modules/next/dist/server/lib/trace/tracer.js:140:36
    at NoopContextManager.with (/Users/ahmedsalem/Desktop/all my projects/uneom.com/node_modules/next/dist/compiled/@opentelemetry/api/index.js:1:7062)
    at ContextAPI.with (/Users/ahmedsalem/Desktop/all my projects/uneom.com/node_modules/next/dist/compiled/@opentelemetry/api/index.js:1:518)
    at NoopTracer.startActiveSpan (/Users/ahmedsalem/Desktop/all my projects/uneom.com/node_modules/next/dist/compiled/@opentelemetry/api/index.js:1:18093)
    at ProxyTracer.startActiveSpan (/Users/ahmedsalem/Desktop/all my projects/uneom.com/node_modules/next/dist/compiled/@opentelemetry/api/index.js:1:18854)
    at /Users/ahmedsalem/Desktop/all my projects/uneom.com/node_modules/next/dist/server/lib/trace/tracer.js:122:103
    at NoopContextManager.with (/Users/ahmedsalem/Desktop/all my projects/uneom.com/node_modules/next/dist/compiled/@opentelemetry/api/index.js:1:7062)
    at ContextAPI.with (/Users/ahmedsalem/Desktop/all my projects/uneom.com/node_modules/next/dist/compiled/@opentelemetry/api/index.js:1:518) {
  digest: '2592674761'
}

Error occurred prerendering page "/locations/najran/healthcare". Read more: https://nextjs.org/docs/messages/prerender-error

TypeError: Cannot read properties of undefined (reading 'toLowerCase')
    at b (/Users/ahmedsalem/Desktop/all my projects/uneom.com/.next/server/app/locations/[city]/[industry]/page.js:1:4337)
    at eh (/Users/ahmedsalem/Desktop/all my projects/uneom.com/node_modules/next/dist/compiled/next-server/app-page.runtime.prod.js:12:134660)
    at e (/Users/ahmedsalem/Desktop/all my projects/uneom.com/node_modules/next/dist/compiled/next-server/app-page.runtime.prod.js:12:137545)
    at ek (/Users/ahmedsalem/Desktop/all my projects/uneom.com/node_modules/next/dist/compiled/next-server/app-page.runtime.prod.js:12:138019)
    at Array.toJSON (/Users/ahmedsalem/Desktop/all my projects/uneom.com/node_modules/next/dist/compiled/next-server/app-page.runtime.prod.js:12:135629)
    at stringify (<anonymous>)
    at eP (/Users/ahmedsalem/Desktop/all my projects/uneom.com/node_modules/next/dist/compiled/next-server/app-page.runtime.prod.js:12:142093)
    at eE (/Users/ahmedsalem/Desktop/all my projects/uneom.com/node_modules/next/dist/compiled/next-server/app-page.runtime.prod.js:12:142572)
    at AsyncLocalStorage.run (node:internal/async_local_storage/async_context_frame:63:14)
    at Timeout._onTimeout (/Users/ahmedsalem/Desktop/all my projects/uneom.com/node_modules/next/dist/compiled/next-server/app-page.runtime.prod.js:12:150373)
TypeError: Cannot read properties of undefined (reading 'toLowerCase')
    at b (/Users/ahmedsalem/Desktop/all my projects/uneom.com/.next/server/app/locations/[city]/[industry]/page.js:1:4337)
    at eh (/Users/ahmedsalem/Desktop/all my projects/uneom.com/node_modules/next/dist/compiled/next-server/app-page.runtime.prod.js:12:134660)
    at e (/Users/ahmedsalem/Desktop/all my projects/uneom.com/node_modules/next/dist/compiled/next-server/app-page.runtime.prod.js:12:137545)
    at ek (/Users/ahmedsalem/Desktop/all my projects/uneom.com/node_modules/next/dist/compiled/next-server/app-page.runtime.prod.js:12:138019)
    at Array.toJSON (/Users/ahmedsalem/Desktop/all my projects/uneom.com/node_modules/next/dist/compiled/next-server/app-page.runtime.prod.js:12:135629)
    at stringify (<anonymous>)
    at eP (/Users/ahmedsalem/Desktop/all my projects/uneom.com/node_modules/next/dist/compiled/next-server/app-page.runtime.prod.js:12:142093)
    at eE (/Users/ahmedsalem/Desktop/all my projects/uneom.com/node_modules/next/dist/compiled/next-server/app-page.runtime.prod.js:12:142572)
    at AsyncLocalStorage.run (node:internal/async_local_storage/async_context_frame:63:14)
    at Timeout._onTimeout (/Users/ahmedsalem/Desktop/all my projects/uneom.com/node_modules/next/dist/compiled/next-server/app-page.runtime.prod.js:12:150373) {
  digest: '785353560'
}
TypeError: Cannot read properties of undefined (reading 'toLowerCase')
    at b (/Users/ahmedsalem/Desktop/all my projects/uneom.com/.next/server/app/locations/[city]/[industry]/page.js:1:4337)
    at eh (/Users/ahmedsalem/Desktop/all my projects/uneom.com/node_modules/next/dist/compiled/next-server/app-page.runtime.prod.js:12:134660)
    at e (/Users/ahmedsalem/Desktop/all my projects/uneom.com/node_modules/next/dist/compiled/next-server/app-page.runtime.prod.js:12:137545)
    at ek (/Users/ahmedsalem/Desktop/all my projects/uneom.com/node_modules/next/dist/compiled/next-server/app-page.runtime.prod.js:12:138019)
    at Array.toJSON (/Users/ahmedsalem/Desktop/all my projects/uneom.com/node_modules/next/dist/compiled/next-server/app-page.runtime.prod.js:12:135629)
    at stringify (<anonymous>)
    at eP (/Users/ahmedsalem/Desktop/all my projects/uneom.com/node_modules/next/dist/compiled/next-server/app-page.runtime.prod.js:12:142093)
    at eE (/Users/ahmedsalem/Desktop/all my projects/uneom.com/node_modules/next/dist/compiled/next-server/app-page.runtime.prod.js:12:142572)
    at Timeout._onTimeout (/Users/ahmedsalem/Desktop/all my projects/uneom.com/node_modules/next/dist/compiled/next-server/app-page.runtime.prod.js:12:135349)
    at listOnTimeout (node:internal/timers:605:17) {
  digest: '2151575143'
}
TypeError: Cannot read properties of undefined (reading 'toLowerCase')
    at Module.y (/Users/ahmedsalem/Desktop/all my projects/uneom.com/.next/server/app/locations/[city]/[industry]/page.js:1:2657)
    at /Users/ahmedsalem/Desktop/all my projects/uneom.com/node_modules/next/dist/compiled/next-server/app-page.runtime.prod.js:12:227525
    at /Users/ahmedsalem/Desktop/all my projects/uneom.com/node_modules/next/dist/server/lib/trace/tracer.js:140:36
    at NoopContextManager.with (/Users/ahmedsalem/Desktop/all my projects/uneom.com/node_modules/next/dist/compiled/@opentelemetry/api/index.js:1:7062)
    at ContextAPI.with (/Users/ahmedsalem/Desktop/all my projects/uneom.com/node_modules/next/dist/compiled/@opentelemetry/api/index.js:1:518)
    at NoopTracer.startActiveSpan (/Users/ahmedsalem/Desktop/all my projects/uneom.com/node_modules/next/dist/compiled/@opentelemetry/api/index.js:1:18093)
    at ProxyTracer.startActiveSpan (/Users/ahmedsalem/Desktop/all my projects/uneom.com/node_modules/next/dist/compiled/@opentelemetry/api/index.js:1:18854)
    at /Users/ahmedsalem/Desktop/all my projects/uneom.com/node_modules/next/dist/server/lib/trace/tracer.js:122:103
    at NoopContextManager.with (/Users/ahmedsalem/Desktop/all my projects/uneom.com/node_modules/next/dist/compiled/@opentelemetry/api/index.js:1:7062)
    at ContextAPI.with (/Users/ahmedsalem/Desktop/all my projects/uneom.com/node_modules/next/dist/compiled/@opentelemetry/api/index.js:1:518) {
  digest: '2592674761'
}
TypeError: Cannot read properties of undefined (reading 'toLowerCase')
    at Module.y (/Users/ahmedsalem/Desktop/all my projects/uneom.com/.next/server/app/locations/[city]/[industry]/page.js:1:2657)
    at /Users/ahmedsalem/Desktop/all my projects/uneom.com/node_modules/next/dist/compiled/next-server/app-page.runtime.prod.js:12:227525
    at /Users/ahmedsalem/Desktop/all my projects/uneom.com/node_modules/next/dist/server/lib/trace/tracer.js:140:36
    at NoopContextManager.with (/Users/ahmedsalem/Desktop/all my projects/uneom.com/node_modules/next/dist/compiled/@opentelemetry/api/index.js:1:7062)
    at ContextAPI.with (/Users/ahmedsalem/Desktop/all my projects/uneom.com/node_modules/next/dist/compiled/@opentelemetry/api/index.js:1:518)
    at NoopTracer.startActiveSpan (/Users/ahmedsalem/Desktop/all my projects/uneom.com/node_modules/next/dist/compiled/@opentelemetry/api/index.js:1:18093)
    at ProxyTracer.startActiveSpan (/Users/ahmedsalem/Desktop/all my projects/uneom.com/node_modules/next/dist/compiled/@opentelemetry/api/index.js:1:18854)
    at /Users/ahmedsalem/Desktop/all my projects/uneom.com/node_modules/next/dist/server/lib/trace/tracer.js:122:103
    at NoopContextManager.with (/Users/ahmedsalem/Desktop/all my projects/uneom.com/node_modules/next/dist/compiled/@opentelemetry/api/index.js:1:7062)
    at ContextAPI.with (/Users/ahmedsalem/Desktop/all my projects/uneom.com/node_modules/next/dist/compiled/@opentelemetry/api/index.js:1:518) {
  digest: '2592674761'
}
TypeError: Cannot read properties of undefined (reading 'toLowerCase')
    at b (/Users/ahmedsalem/Desktop/all my projects/uneom.com/.next/server/app/locations/[city]/[industry]/page.js:1:4337)
    at eh (/Users/ahmedsalem/Desktop/all my projects/uneom.com/node_modules/next/dist/compiled/next-server/app-page.runtime.prod.js:12:134660)
    at e (/Users/ahmedsalem/Desktop/all my projects/uneom.com/node_modules/next/dist/compiled/next-server/app-page.runtime.prod.js:12:137545)
    at ek (/Users/ahmedsalem/Desktop/all my projects/uneom.com/node_modules/next/dist/compiled/next-server/app-page.runtime.prod.js:12:138019)
    at Array.toJSON (/Users/ahmedsalem/Desktop/all my projects/uneom.com/node_modules/next/dist/compiled/next-server/app-page.runtime.prod.js:12:135629)
    at stringify (<anonymous>)
    at eP (/Users/ahmedsalem/Desktop/all my projects/uneom.com/node_modules/next/dist/compiled/next-server/app-page.runtime.prod.js:12:142093)
    at eE (/Users/ahmedsalem/Desktop/all my projects/uneom.com/node_modules/next/dist/compiled/next-server/app-page.runtime.prod.js:12:142572)
    at AsyncLocalStorage.run (node:internal/async_local_storage/async_context_frame:63:14)
    at Timeout._onTimeout (/Users/ahmedsalem/Desktop/all my projects/uneom.com/node_modules/next/dist/compiled/next-server/app-page.runtime.prod.js:12:150373) {
  digest: '785353560'
}
TypeError: Cannot read properties of undefined (reading 'toLowerCase')
    at b (/Users/ahmedsalem/Desktop/all my projects/uneom.com/.next/server/app/locations/[city]/[industry]/page.js:1:4337)
    at eh (/Users/ahmedsalem/Desktop/all my projects/uneom.com/node_modules/next/dist/compiled/next-server/app-page.runtime.prod.js:12:134660)
    at e (/Users/ahmedsalem/Desktop/all my projects/uneom.com/node_modules/next/dist/compiled/next-server/app-page.runtime.prod.js:12:137545)
    at ek (/Users/ahmedsalem/Desktop/all my projects/uneom.com/node_modules/next/dist/compiled/next-server/app-page.runtime.prod.js:12:138019)
    at Array.toJSON (/Users/ahmedsalem/Desktop/all my projects/uneom.com/node_modules/next/dist/compiled/next-server/app-page.runtime.prod.js:12:135629)
    at stringify (<anonymous>)
    at eP (/Users/ahmedsalem/Desktop/all my projects/uneom.com/node_modules/next/dist/compiled/next-server/app-page.runtime.prod.js:12:142093)
    at eE (/Users/ahmedsalem/Desktop/all my projects/uneom.com/node_modules/next/dist/compiled/next-server/app-page.runtime.prod.js:12:142572)
    at Timeout._onTimeout (/Users/ahmedsalem/Desktop/all my projects/uneom.com/node_modules/next/dist/compiled/next-server/app-page.runtime.prod.js:12:135349)
    at listOnTimeout (node:internal/timers:605:17) {
  digest: '2151575143'
}
TypeError: Cannot read properties of undefined (reading 'toLowerCase')
    at Module.y (/Users/ahmedsalem/Desktop/all my projects/uneom.com/.next/server/app/locations/[city]/[industry]/page.js:1:2657)
    at /Users/ahmedsalem/Desktop/all my projects/uneom.com/node_modules/next/dist/compiled/next-server/app-page.runtime.prod.js:12:227525
    at /Users/ahmedsalem/Desktop/all my projects/uneom.com/node_modules/next/dist/server/lib/trace/tracer.js:140:36
    at NoopContextManager.with (/Users/ahmedsalem/Desktop/all my projects/uneom.com/node_modules/next/dist/compiled/@opentelemetry/api/index.js:1:7062)
    at ContextAPI.with (/Users/ahmedsalem/Desktop/all my projects/uneom.com/node_modules/next/dist/compiled/@opentelemetry/api/index.js:1:518)
    at NoopTracer.startActiveSpan (/Users/ahmedsalem/Desktop/all my projects/uneom.com/node_modules/next/dist/compiled/@opentelemetry/api/index.js:1:18093)
    at ProxyTracer.startActiveSpan (/Users/ahmedsalem/Desktop/all my projects/uneom.com/node_modules/next/dist/compiled/@opentelemetry/api/index.js:1:18854)
    at /Users/ahmedsalem/Desktop/all my projects/uneom.com/node_modules/next/dist/server/lib/trace/tracer.js:122:103
    at NoopContextManager.with (/Users/ahmedsalem/Desktop/all my projects/uneom.com/node_modules/next/dist/compiled/@opentelemetry/api/index.js:1:7062)
    at ContextAPI.with (/Users/ahmedsalem/Desktop/all my projects/uneom.com/node_modules/next/dist/compiled/@opentelemetry/api/index.js:1:518) {
  digest: '2592674761'
}
TypeError: Cannot read properties of undefined (reading 'toLowerCase')
    at Module.y (/Users/ahmedsalem/Desktop/all my projects/uneom.com/.next/server/app/locations/[city]/[industry]/page.js:1:2657)
    at /Users/ahmedsalem/Desktop/all my projects/uneom.com/node_modules/next/dist/compiled/next-server/app-page.runtime.prod.js:12:227525
    at /Users/ahmedsalem/Desktop/all my projects/uneom.com/node_modules/next/dist/server/lib/trace/tracer.js:140:36
    at NoopContextManager.with (/Users/ahmedsalem/Desktop/all my projects/uneom.com/node_modules/next/dist/compiled/@opentelemetry/api/index.js:1:7062)
    at ContextAPI.with (/Users/ahmedsalem/Desktop/all my projects/uneom.com/node_modules/next/dist/compiled/@opentelemetry/api/index.js:1:518)
    at NoopTracer.startActiveSpan (/Users/ahmedsalem/Desktop/all my projects/uneom.com/node_modules/next/dist/compiled/@opentelemetry/api/index.js:1:18093)
    at ProxyTracer.startActiveSpan (/Users/ahmedsalem/Desktop/all my projects/uneom.com/node_modules/next/dist/compiled/@opentelemetry/api/index.js:1:18854)
    at /Users/ahmedsalem/Desktop/all my projects/uneom.com/node_modules/next/dist/server/lib/trace/tracer.js:122:103
    at NoopContextManager.with (/Users/ahmedsalem/Desktop/all my projects/uneom.com/node_modules/next/dist/compiled/@opentelemetry/api/index.js:1:7062)
    at ContextAPI.with (/Users/ahmedsalem/Desktop/all my projects/uneom.com/node_modules/next/dist/compiled/@opentelemetry/api/index.js:1:518) {
  digest: '2592674761'
}

Error occurred prerendering page "/locations/najran/hospitality". Read more: https://nextjs.org/docs/messages/prerender-error

TypeError: Cannot read properties of undefined (reading 'toLowerCase')
    at b (/Users/ahmedsalem/Desktop/all my projects/uneom.com/.next/server/app/locations/[city]/[industry]/page.js:1:4337)
    at eh (/Users/ahmedsalem/Desktop/all my projects/uneom.com/node_modules/next/dist/compiled/next-server/app-page.runtime.prod.js:12:134660)
    at e (/Users/ahmedsalem/Desktop/all my projects/uneom.com/node_modules/next/dist/compiled/next-server/app-page.runtime.prod.js:12:137545)
    at ek (/Users/ahmedsalem/Desktop/all my projects/uneom.com/node_modules/next/dist/compiled/next-server/app-page.runtime.prod.js:12:138019)
    at Array.toJSON (/Users/ahmedsalem/Desktop/all my projects/uneom.com/node_modules/next/dist/compiled/next-server/app-page.runtime.prod.js:12:135629)
    at stringify (<anonymous>)
    at eP (/Users/ahmedsalem/Desktop/all my projects/uneom.com/node_modules/next/dist/compiled/next-server/app-page.runtime.prod.js:12:142093)
    at eE (/Users/ahmedsalem/Desktop/all my projects/uneom.com/node_modules/next/dist/compiled/next-server/app-page.runtime.prod.js:12:142572)
    at AsyncLocalStorage.run (node:internal/async_local_storage/async_context_frame:63:14)
    at Timeout._onTimeout (/Users/ahmedsalem/Desktop/all my projects/uneom.com/node_modules/next/dist/compiled/next-server/app-page.runtime.prod.js:12:150373)
TypeError: Cannot read properties of undefined (reading 'toLowerCase')
    at Module.y (/Users/ahmedsalem/Desktop/all my projects/uneom.com/.next/server/app/locations/[city]/[industry]/page.js:1:2657)
    at /Users/ahmedsalem/Desktop/all my projects/uneom.com/node_modules/next/dist/compiled/next-server/app-page.runtime.prod.js:12:227525
    at /Users/ahmedsalem/Desktop/all my projects/uneom.com/node_modules/next/dist/server/lib/trace/tracer.js:140:36
    at NoopContextManager.with (/Users/ahmedsalem/Desktop/all my projects/uneom.com/node_modules/next/dist/compiled/@opentelemetry/api/index.js:1:7062)
    at ContextAPI.with (/Users/ahmedsalem/Desktop/all my projects/uneom.com/node_modules/next/dist/compiled/@opentelemetry/api/index.js:1:518)
    at NoopTracer.startActiveSpan (/Users/ahmedsalem/Desktop/all my projects/uneom.com/node_modules/next/dist/compiled/@opentelemetry/api/index.js:1:18093)
    at ProxyTracer.startActiveSpan (/Users/ahmedsalem/Desktop/all my projects/uneom.com/node_modules/next/dist/compiled/@opentelemetry/api/index.js:1:18854)
    at /Users/ahmedsalem/Desktop/all my projects/uneom.com/node_modules/next/dist/server/lib/trace/tracer.js:122:103
    at NoopContextManager.with (/Users/ahmedsalem/Desktop/all my projects/uneom.com/node_modules/next/dist/compiled/@opentelemetry/api/index.js:1:7062)
    at ContextAPI.with (/Users/ahmedsalem/Desktop/all my projects/uneom.com/node_modules/next/dist/compiled/@opentelemetry/api/index.js:1:518) {
  digest: '2592674761'
}
TypeError: Cannot read properties of undefined (reading 'toLowerCase')
    at Module.y (/Users/ahmedsalem/Desktop/all my projects/uneom.com/.next/server/app/locations/[city]/[industry]/page.js:1:2657)
    at /Users/ahmedsalem/Desktop/all my projects/uneom.com/node_modules/next/dist/compiled/next-server/app-page.runtime.prod.js:12:227525
    at /Users/ahmedsalem/Desktop/all my projects/uneom.com/node_modules/next/dist/server/lib/trace/tracer.js:140:36
    at NoopContextManager.with (/Users/ahmedsalem/Desktop/all my projects/uneom.com/node_modules/next/dist/compiled/@opentelemetry/api/index.js:1:7062)
    at ContextAPI.with (/Users/ahmedsalem/Desktop/all my projects/uneom.com/node_modules/next/dist/compiled/@opentelemetry/api/index.js:1:518)
    at NoopTracer.startActiveSpan (/Users/ahmedsalem/Desktop/all my projects/uneom.com/node_modules/next/dist/compiled/@opentelemetry/api/index.js:1:18093)
    at ProxyTracer.startActiveSpan (/Users/ahmedsalem/Desktop/all my projects/uneom.com/node_modules/next/dist/compiled/@opentelemetry/api/index.js:1:18854)
    at /Users/ahmedsalem/Desktop/all my projects/uneom.com/node_modules/next/dist/server/lib/trace/tracer.js:122:103
    at NoopContextManager.with (/Users/ahmedsalem/Desktop/all my projects/uneom.com/node_modules/next/dist/compiled/@opentelemetry/api/index.js:1:7062)
    at ContextAPI.with (/Users/ahmedsalem/Desktop/all my projects/uneom.com/node_modules/next/dist/compiled/@opentelemetry/api/index.js:1:518) {
  digest: '2592674761'
}

Error occurred prerendering page "/locations/najran/aviation". Read more: https://nextjs.org/docs/messages/prerender-error

TypeError: Cannot read properties of undefined (reading 'toLowerCase')
    at b (/Users/ahmedsalem/Desktop/all my projects/uneom.com/.next/server/app/locations/[city]/[industry]/page.js:1:4337)
    at eh (/Users/ahmedsalem/Desktop/all my projects/uneom.com/node_modules/next/dist/compiled/next-server/app-page.runtime.prod.js:12:134660)
    at e (/Users/ahmedsalem/Desktop/all my projects/uneom.com/node_modules/next/dist/compiled/next-server/app-page.runtime.prod.js:12:137545)
    at ek (/Users/ahmedsalem/Desktop/all my projects/uneom.com/node_modules/next/dist/compiled/next-server/app-page.runtime.prod.js:12:138019)
    at Array.toJSON (/Users/ahmedsalem/Desktop/all my projects/uneom.com/node_modules/next/dist/compiled/next-server/app-page.runtime.prod.js:12:135629)
    at stringify (<anonymous>)
    at eP (/Users/ahmedsalem/Desktop/all my projects/uneom.com/node_modules/next/dist/compiled/next-server/app-page.runtime.prod.js:12:142093)
    at eE (/Users/ahmedsalem/Desktop/all my projects/uneom.com/node_modules/next/dist/compiled/next-server/app-page.runtime.prod.js:12:142572)
    at AsyncLocalStorage.run (node:internal/async_local_storage/async_context_frame:63:14)
    at Timeout._onTimeout (/Users/ahmedsalem/Desktop/all my projects/uneom.com/node_modules/next/dist/compiled/next-server/app-page.runtime.prod.js:12:150373)

Error occurred prerendering page "/locations/najran/education". Read more: https://nextjs.org/docs/messages/prerender-error

TypeError: Cannot read properties of undefined (reading 'toLowerCase')
    at b (/Users/ahmedsalem/Desktop/all my projects/uneom.com/.next/server/app/locations/[city]/[industry]/page.js:1:4337)
    at eh (/Users/ahmedsalem/Desktop/all my projects/uneom.com/node_modules/next/dist/compiled/next-server/app-page.runtime.prod.js:12:134660)
    at e (/Users/ahmedsalem/Desktop/all my projects/uneom.com/node_modules/next/dist/compiled/next-server/app-page.runtime.prod.js:12:137545)
    at ek (/Users/ahmedsalem/Desktop/all my projects/uneom.com/node_modules/next/dist/compiled/next-server/app-page.runtime.prod.js:12:138019)
    at Array.toJSON (/Users/ahmedsalem/Desktop/all my projects/uneom.com/node_modules/next/dist/compiled/next-server/app-page.runtime.prod.js:12:135629)
    at stringify (<anonymous>)
    at eP (/Users/ahmedsalem/Desktop/all my projects/uneom.com/node_modules/next/dist/compiled/next-server/app-page.runtime.prod.js:12:142093)
    at eE (/Users/ahmedsalem/Desktop/all my projects/uneom.com/node_modules/next/dist/compiled/next-server/app-page.runtime.prod.js:12:142572)
    at AsyncLocalStorage.run (node:internal/async_local_storage/async_context_frame:63:14)
    at Timeout._onTimeout (/Users/ahmedsalem/Desktop/all my projects/uneom.com/node_modules/next/dist/compiled/next-server/app-page.runtime.prod.js:12:150373)

Error occurred prerendering page "/locations/najran/security". Read more: https://nextjs.org/docs/messages/prerender-error

TypeError: Cannot read properties of undefined (reading 'toLowerCase')
    at b (/Users/ahmedsalem/Desktop/all my projects/uneom.com/.next/server/app/locations/[city]/[industry]/page.js:1:4337)
    at eh (/Users/ahmedsalem/Desktop/all my projects/uneom.com/node_modules/next/dist/compiled/next-server/app-page.runtime.prod.js:12:134660)
    at e (/Users/ahmedsalem/Desktop/all my projects/uneom.com/node_modules/next/dist/compiled/next-server/app-page.runtime.prod.js:12:137545)
    at ek (/Users/ahmedsalem/Desktop/all my projects/uneom.com/node_modules/next/dist/compiled/next-server/app-page.runtime.prod.js:12:138019)
    at Array.toJSON (/Users/ahmedsalem/Desktop/all my projects/uneom.com/node_modules/next/dist/compiled/next-server/app-page.runtime.prod.js:12:135629)
    at stringify (<anonymous>)
    at eP (/Users/ahmedsalem/Desktop/all my projects/uneom.com/node_modules/next/dist/compiled/next-server/app-page.runtime.prod.js:12:142093)
    at eE (/Users/ahmedsalem/Desktop/all my projects/uneom.com/node_modules/next/dist/compiled/next-server/app-page.runtime.prod.js:12:142572)
    at AsyncLocalStorage.run (node:internal/async_local_storage/async_context_frame:63:14)
    at Timeout._onTimeout (/Users/ahmedsalem/Desktop/all my projects/uneom.com/node_modules/next/dist/compiled/next-server/app-page.runtime.prod.js:12:150373)
TypeError: Cannot read properties of undefined (reading 'toLowerCase')
    at b (/Users/ahmedsalem/Desktop/all my projects/uneom.com/.next/server/app/locations/[city]/[industry]/page.js:1:4337)
    at eh (/Users/ahmedsalem/Desktop/all my projects/uneom.com/node_modules/next/dist/compiled/next-server/app-page.runtime.prod.js:12:134660)
    at e (/Users/ahmedsalem/Desktop/all my projects/uneom.com/node_modules/next/dist/compiled/next-server/app-page.runtime.prod.js:12:137545)
    at ek (/Users/ahmedsalem/Desktop/all my projects/uneom.com/node_modules/next/dist/compiled/next-server/app-page.runtime.prod.js:12:138019)
    at Array.toJSON (/Users/ahmedsalem/Desktop/all my projects/uneom.com/node_modules/next/dist/compiled/next-server/app-page.runtime.prod.js:12:135629)
    at stringify (<anonymous>)
    at eP (/Users/ahmedsalem/Desktop/all my projects/uneom.com/node_modules/next/dist/compiled/next-server/app-page.runtime.prod.js:12:142093)
    at eE (/Users/ahmedsalem/Desktop/all my projects/uneom.com/node_modules/next/dist/compiled/next-server/app-page.runtime.prod.js:12:142572)
    at AsyncLocalStorage.run (node:internal/async_local_storage/async_context_frame:63:14)
    at Timeout._onTimeout (/Users/ahmedsalem/Desktop/all my projects/uneom.com/node_modules/next/dist/compiled/next-server/app-page.runtime.prod.js:12:150373) {
  digest: '785353560'
}

Error occurred prerendering page "/locations/najran/manufacturing". Read more: https://nextjs.org/docs/messages/prerender-error

TypeError: Cannot read properties of undefined (reading 'toLowerCase')
    at b (/Users/ahmedsalem/Desktop/all my projects/uneom.com/.next/server/app/locations/[city]/[industry]/page.js:1:4337)
    at eh (/Users/ahmedsalem/Desktop/all my projects/uneom.com/node_modules/next/dist/compiled/next-server/app-page.runtime.prod.js:12:134660)
    at e (/Users/ahmedsalem/Desktop/all my projects/uneom.com/node_modules/next/dist/compiled/next-server/app-page.runtime.prod.js:12:137545)
    at ek (/Users/ahmedsalem/Desktop/all my projects/uneom.com/node_modules/next/dist/compiled/next-server/app-page.runtime.prod.js:12:138019)
    at Array.toJSON (/Users/ahmedsalem/Desktop/all my projects/uneom.com/node_modules/next/dist/compiled/next-server/app-page.runtime.prod.js:12:135629)
    at stringify (<anonymous>)
    at eP (/Users/ahmedsalem/Desktop/all my projects/uneom.com/node_modules/next/dist/compiled/next-server/app-page.runtime.prod.js:12:142093)
    at eE (/Users/ahmedsalem/Desktop/all my projects/uneom.com/node_modules/next/dist/compiled/next-server/app-page.runtime.prod.js:12:142572)
    at AsyncLocalStorage.run (node:internal/async_local_storage/async_context_frame:63:14)
    at Timeout._onTimeout (/Users/ahmedsalem/Desktop/all my projects/uneom.com/node_modules/next/dist/compiled/next-server/app-page.runtime.prod.js:12:150373)
TypeError: Cannot read properties of undefined (reading 'toLowerCase')
    at b (/Users/ahmedsalem/Desktop/all my projects/uneom.com/.next/server/app/locations/[city]/[industry]/page.js:1:4337)
    at eh (/Users/ahmedsalem/Desktop/all my projects/uneom.com/node_modules/next/dist/compiled/next-server/app-page.runtime.prod.js:12:134660)
    at e (/Users/ahmedsalem/Desktop/all my projects/uneom.com/node_modules/next/dist/compiled/next-server/app-page.runtime.prod.js:12:137545)
    at ek (/Users/ahmedsalem/Desktop/all my projects/uneom.com/node_modules/next/dist/compiled/next-server/app-page.runtime.prod.js:12:138019)
    at Array.toJSON (/Users/ahmedsalem/Desktop/all my projects/uneom.com/node_modules/next/dist/compiled/next-server/app-page.runtime.prod.js:12:135629)
    at stringify (<anonymous>)
    at eP (/Users/ahmedsalem/Desktop/all my projects/uneom.com/node_modules/next/dist/compiled/next-server/app-page.runtime.prod.js:12:142093)
    at eE (/Users/ahmedsalem/Desktop/all my projects/uneom.com/node_modules/next/dist/compiled/next-server/app-page.runtime.prod.js:12:142572)
    at AsyncLocalStorage.run (node:internal/async_local_storage/async_context_frame:63:14)
    at Timeout._onTimeout (/Users/ahmedsalem/Desktop/all my projects/uneom.com/node_modules/next/dist/compiled/next-server/app-page.runtime.prod.js:12:150373) {
  digest: '785353560'
}
TypeError: Cannot read properties of undefined (reading 'toLowerCase')
    at b (/Users/ahmedsalem/Desktop/all my projects/uneom.com/.next/server/app/locations/[city]/[industry]/page.js:1:4337)
    at eh (/Users/ahmedsalem/Desktop/all my projects/uneom.com/node_modules/next/dist/compiled/next-server/app-page.runtime.prod.js:12:134660)
    at e (/Users/ahmedsalem/Desktop/all my projects/uneom.com/node_modules/next/dist/compiled/next-server/app-page.runtime.prod.js:12:137545)
    at ek (/Users/ahmedsalem/Desktop/all my projects/uneom.com/node_modules/next/dist/compiled/next-server/app-page.runtime.prod.js:12:138019)
    at Array.toJSON (/Users/ahmedsalem/Desktop/all my projects/uneom.com/node_modules/next/dist/compiled/next-server/app-page.runtime.prod.js:12:135629)
    at stringify (<anonymous>)
    at eP (/Users/ahmedsalem/Desktop/all my projects/uneom.com/node_modules/next/dist/compiled/next-server/app-page.runtime.prod.js:12:142093)
    at eE (/Users/ahmedsalem/Desktop/all my projects/uneom.com/node_modules/next/dist/compiled/next-server/app-page.runtime.prod.js:12:142572)
    at AsyncLocalStorage.run (node:internal/async_local_storage/async_context_frame:63:14)
    at Timeout._onTimeout (/Users/ahmedsalem/Desktop/all my projects/uneom.com/node_modules/next/dist/compiled/next-server/app-page.runtime.prod.js:12:150373) {
  digest: '785353560'
}
TypeError: Cannot read properties of undefined (reading 'toLowerCase')
    at b (/Users/ahmedsalem/Desktop/all my projects/uneom.com/.next/server/app/locations/[city]/[industry]/page.js:1:4337)
    at eh (/Users/ahmedsalem/Desktop/all my projects/uneom.com/node_modules/next/dist/compiled/next-server/app-page.runtime.prod.js:12:134660)
    at e (/Users/ahmedsalem/Desktop/all my projects/uneom.com/node_modules/next/dist/compiled/next-server/app-page.runtime.prod.js:12:137545)
    at ek (/Users/ahmedsalem/Desktop/all my projects/uneom.com/node_modules/next/dist/compiled/next-server/app-page.runtime.prod.js:12:138019)
    at Array.toJSON (/Users/ahmedsalem/Desktop/all my projects/uneom.com/node_modules/next/dist/compiled/next-server/app-page.runtime.prod.js:12:135629)
    at stringify (<anonymous>)
    at eP (/Users/ahmedsalem/Desktop/all my projects/uneom.com/node_modules/next/dist/compiled/next-server/app-page.runtime.prod.js:12:142093)
    at eE (/Users/ahmedsalem/Desktop/all my projects/uneom.com/node_modules/next/dist/compiled/next-server/app-page.runtime.prod.js:12:142572)
    at Timeout._onTimeout (/Users/ahmedsalem/Desktop/all my projects/uneom.com/node_modules/next/dist/compiled/next-server/app-page.runtime.prod.js:12:135349)
    at listOnTimeout (node:internal/timers:605:17) {
  digest: '2151575143'
}
TypeError: Cannot read properties of undefined (reading 'toLowerCase')
    at b (/Users/ahmedsalem/Desktop/all my projects/uneom.com/.next/server/app/locations/[city]/[industry]/page.js:1:4337)
    at eh (/Users/ahmedsalem/Desktop/all my projects/uneom.com/node_modules/next/dist/compiled/next-server/app-page.runtime.prod.js:12:134660)
    at e (/Users/ahmedsalem/Desktop/all my projects/uneom.com/node_modules/next/dist/compiled/next-server/app-page.runtime.prod.js:12:137545)
    at ek (/Users/ahmedsalem/Desktop/all my projects/uneom.com/node_modules/next/dist/compiled/next-server/app-page.runtime.prod.js:12:138019)
    at Array.toJSON (/Users/ahmedsalem/Desktop/all my projects/uneom.com/node_modules/next/dist/compiled/next-server/app-page.runtime.prod.js:12:135629)
    at stringify (<anonymous>)
    at eP (/Users/ahmedsalem/Desktop/all my projects/uneom.com/node_modules/next/dist/compiled/next-server/app-page.runtime.prod.js:12:142093)
    at eE (/Users/ahmedsalem/Desktop/all my projects/uneom.com/node_modules/next/dist/compiled/next-server/app-page.runtime.prod.js:12:142572)
    at AsyncLocalStorage.run (node:internal/async_local_storage/async_context_frame:63:14)
    at Timeout._onTimeout (/Users/ahmedsalem/Desktop/all my projects/uneom.com/node_modules/next/dist/compiled/next-server/app-page.runtime.prod.js:12:150373) {
  digest: '785353560'
}
TypeError: Cannot read properties of undefined (reading 'toLowerCase')
    at b (/Users/ahmedsalem/Desktop/all my projects/uneom.com/.next/server/app/locations/[city]/[industry]/page.js:1:4337)
    at eh (/Users/ahmedsalem/Desktop/all my projects/uneom.com/node_modules/next/dist/compiled/next-server/app-page.runtime.prod.js:12:134660)
    at e (/Users/ahmedsalem/Desktop/all my projects/uneom.com/node_modules/next/dist/compiled/next-server/app-page.runtime.prod.js:12:137545)
    at ek (/Users/ahmedsalem/Desktop/all my projects/uneom.com/node_modules/next/dist/compiled/next-server/app-page.runtime.prod.js:12:138019)
    at Array.toJSON (/Users/ahmedsalem/Desktop/all my projects/uneom.com/node_modules/next/dist/compiled/next-server/app-page.runtime.prod.js:12:135629)
    at stringify (<anonymous>)
    at eP (/Users/ahmedsalem/Desktop/all my projects/uneom.com/node_modules/next/dist/compiled/next-server/app-page.runtime.prod.js:12:142093)
    at eE (/Users/ahmedsalem/Desktop/all my projects/uneom.com/node_modules/next/dist/compiled/next-server/app-page.runtime.prod.js:12:142572)
    at Timeout._onTimeout (/Users/ahmedsalem/Desktop/all my projects/uneom.com/node_modules/next/dist/compiled/next-server/app-page.runtime.prod.js:12:135349)
    at listOnTimeout (node:internal/timers:605:17) {
  digest: '2151575143'
}
TypeError: Cannot read properties of undefined (reading 'toLowerCase')
    at b (/Users/ahmedsalem/Desktop/all my projects/uneom.com/.next/server/app/locations/[city]/[industry]/page.js:1:4337)
    at eh (/Users/ahmedsalem/Desktop/all my projects/uneom.com/node_modules/next/dist/compiled/next-server/app-page.runtime.prod.js:12:134660)
    at e (/Users/ahmedsalem/Desktop/all my projects/uneom.com/node_modules/next/dist/compiled/next-server/app-page.runtime.prod.js:12:137545)
    at ek (/Users/ahmedsalem/Desktop/all my projects/uneom.com/node_modules/next/dist/compiled/next-server/app-page.runtime.prod.js:12:138019)
    at Array.toJSON (/Users/ahmedsalem/Desktop/all my projects/uneom.com/node_modules/next/dist/compiled/next-server/app-page.runtime.prod.js:12:135629)
    at stringify (<anonymous>)
    at eP (/Users/ahmedsalem/Desktop/all my projects/uneom.com/node_modules/next/dist/compiled/next-server/app-page.runtime.prod.js:12:142093)
    at eE (/Users/ahmedsalem/Desktop/all my projects/uneom.com/node_modules/next/dist/compiled/next-server/app-page.runtime.prod.js:12:142572)
    at Timeout._onTimeout (/Users/ahmedsalem/Desktop/all my projects/uneom.com/node_modules/next/dist/compiled/next-server/app-page.runtime.prod.js:12:135349)
    at listOnTimeout (node:internal/timers:605:17) {
  digest: '2151575143'
}
TypeError: Cannot read properties of undefined (reading 'toLowerCase')
    at b (/Users/ahmedsalem/Desktop/all my projects/uneom.com/.next/server/app/locations/[city]/[industry]/page.js:1:4337)
    at eh (/Users/ahmedsalem/Desktop/all my projects/uneom.com/node_modules/next/dist/compiled/next-server/app-page.runtime.prod.js:12:134660)
    at e (/Users/ahmedsalem/Desktop/all my projects/uneom.com/node_modules/next/dist/compiled/next-server/app-page.runtime.prod.js:12:137545)
    at ek (/Users/ahmedsalem/Desktop/all my projects/uneom.com/node_modules/next/dist/compiled/next-server/app-page.runtime.prod.js:12:138019)
    at Array.toJSON (/Users/ahmedsalem/Desktop/all my projects/uneom.com/node_modules/next/dist/compiled/next-server/app-page.runtime.prod.js:12:135629)
    at stringify (<anonymous>)
    at eP (/Users/ahmedsalem/Desktop/all my projects/uneom.com/node_modules/next/dist/compiled/next-server/app-page.runtime.prod.js:12:142093)
    at eE (/Users/ahmedsalem/Desktop/all my projects/uneom.com/node_modules/next/dist/compiled/next-server/app-page.runtime.prod.js:12:142572)
    at AsyncLocalStorage.run (node:internal/async_local_storage/async_context_frame:63:14)
    at Timeout._onTimeout (/Users/ahmedsalem/Desktop/all my projects/uneom.com/node_modules/next/dist/compiled/next-server/app-page.runtime.prod.js:12:150373) {
  digest: '785353560'
}
TypeError: Cannot read properties of undefined (reading 'toLowerCase')
    at b (/Users/ahmedsalem/Desktop/all my projects/uneom.com/.next/server/app/locations/[city]/[industry]/page.js:1:4337)
    at eh (/Users/ahmedsalem/Desktop/all my projects/uneom.com/node_modules/next/dist/compiled/next-server/app-page.runtime.prod.js:12:134660)
    at e (/Users/ahmedsalem/Desktop/all my projects/uneom.com/node_modules/next/dist/compiled/next-server/app-page.runtime.prod.js:12:137545)
    at ek (/Users/ahmedsalem/Desktop/all my projects/uneom.com/node_modules/next/dist/compiled/next-server/app-page.runtime.prod.js:12:138019)
    at Array.toJSON (/Users/ahmedsalem/Desktop/all my projects/uneom.com/node_modules/next/dist/compiled/next-server/app-page.runtime.prod.js:12:135629)
    at stringify (<anonymous>)
    at eP (/Users/ahmedsalem/Desktop/all my projects/uneom.com/node_modules/next/dist/compiled/next-server/app-page.runtime.prod.js:12:142093)
    at eE (/Users/ahmedsalem/Desktop/all my projects/uneom.com/node_modules/next/dist/compiled/next-server/app-page.runtime.prod.js:12:142572)
    at Timeout._onTimeout (/Users/ahmedsalem/Desktop/all my projects/uneom.com/node_modules/next/dist/compiled/next-server/app-page.runtime.prod.js:12:135349)
    at listOnTimeout (node:internal/timers:605:17) {
  digest: '2151575143'
}
TypeError: Cannot read properties of undefined (reading 'toLowerCase')
    at b (/Users/ahmedsalem/Desktop/all my projects/uneom.com/.next/server/app/locations/[city]/[industry]/page.js:1:4337)
    at eh (/Users/ahmedsalem/Desktop/all my projects/uneom.com/node_modules/next/dist/compiled/next-server/app-page.runtime.prod.js:12:134660)
    at e (/Users/ahmedsalem/Desktop/all my projects/uneom.com/node_modules/next/dist/compiled/next-server/app-page.runtime.prod.js:12:137545)
    at ek (/Users/ahmedsalem/Desktop/all my projects/uneom.com/node_modules/next/dist/compiled/next-server/app-page.runtime.prod.js:12:138019)
    at Array.toJSON (/Users/ahmedsalem/Desktop/all my projects/uneom.com/node_modules/next/dist/compiled/next-server/app-page.runtime.prod.js:12:135629)
    at stringify (<anonymous>)
    at eP (/Users/ahmedsalem/Desktop/all my projects/uneom.com/node_modules/next/dist/compiled/next-server/app-page.runtime.prod.js:12:142093)
    at eE (/Users/ahmedsalem/Desktop/all my projects/uneom.com/node_modules/next/dist/compiled/next-server/app-page.runtime.prod.js:12:142572)
    at Timeout._onTimeout (/Users/ahmedsalem/Desktop/all my projects/uneom.com/node_modules/next/dist/compiled/next-server/app-page.runtime.prod.js:12:135349)
    at listOnTimeout (node:internal/timers:605:17) {
  digest: '2151575143'
}
TypeError: Cannot read properties of undefined (reading 'toLowerCase')
    at b (/Users/ahmedsalem/Desktop/all my projects/uneom.com/.next/server/app/locations/[city]/[industry]/page.js:1:4337)
    at eh (/Users/ahmedsalem/Desktop/all my projects/uneom.com/node_modules/next/dist/compiled/next-server/app-page.runtime.prod.js:12:134660)
    at e (/Users/ahmedsalem/Desktop/all my projects/uneom.com/node_modules/next/dist/compiled/next-server/app-page.runtime.prod.js:12:137545)
    at ek (/Users/ahmedsalem/Desktop/all my projects/uneom.com/node_modules/next/dist/compiled/next-server/app-page.runtime.prod.js:12:138019)
    at Array.toJSON (/Users/ahmedsalem/Desktop/all my projects/uneom.com/node_modules/next/dist/compiled/next-server/app-page.runtime.prod.js:12:135629)
    at stringify (<anonymous>)
    at eP (/Users/ahmedsalem/Desktop/all my projects/uneom.com/node_modules/next/dist/compiled/next-server/app-page.runtime.prod.js:12:142093)
    at eE (/Users/ahmedsalem/Desktop/all my projects/uneom.com/node_modules/next/dist/compiled/next-server/app-page.runtime.prod.js:12:142572)
    at AsyncLocalStorage.run (node:internal/async_local_storage/async_context_frame:63:14)
    at Timeout._onTimeout (/Users/ahmedsalem/Desktop/all my projects/uneom.com/node_modules/next/dist/compiled/next-server/app-page.runtime.prod.js:12:150373) {
  digest: '785353560'
}
TypeError: Cannot read properties of undefined (reading 'toLowerCase')
    at Module.y (/Users/ahmedsalem/Desktop/all my projects/uneom.com/.next/server/app/locations/[city]/[industry]/page.js:1:2657)
    at /Users/ahmedsalem/Desktop/all my projects/uneom.com/node_modules/next/dist/compiled/next-server/app-page.runtime.prod.js:12:227525
    at /Users/ahmedsalem/Desktop/all my projects/uneom.com/node_modules/next/dist/server/lib/trace/tracer.js:140:36
    at NoopContextManager.with (/Users/ahmedsalem/Desktop/all my projects/uneom.com/node_modules/next/dist/compiled/@opentelemetry/api/index.js:1:7062)
    at ContextAPI.with (/Users/ahmedsalem/Desktop/all my projects/uneom.com/node_modules/next/dist/compiled/@opentelemetry/api/index.js:1:518)
    at NoopTracer.startActiveSpan (/Users/ahmedsalem/Desktop/all my projects/uneom.com/node_modules/next/dist/compiled/@opentelemetry/api/index.js:1:18093)
    at ProxyTracer.startActiveSpan (/Users/ahmedsalem/Desktop/all my projects/uneom.com/node_modules/next/dist/compiled/@opentelemetry/api/index.js:1:18854)
    at /Users/ahmedsalem/Desktop/all my projects/uneom.com/node_modules/next/dist/server/lib/trace/tracer.js:122:103
    at NoopContextManager.with (/Users/ahmedsalem/Desktop/all my projects/uneom.com/node_modules/next/dist/compiled/@opentelemetry/api/index.js:1:7062)
    at ContextAPI.with (/Users/ahmedsalem/Desktop/all my projects/uneom.com/node_modules/next/dist/compiled/@opentelemetry/api/index.js:1:518) {
  digest: '2592674761'
}
TypeError: Cannot read properties of undefined (reading 'toLowerCase')
    at Module.y (/Users/ahmedsalem/Desktop/all my projects/uneom.com/.next/server/app/locations/[city]/[industry]/page.js:1:2657)
    at /Users/ahmedsalem/Desktop/all my projects/uneom.com/node_modules/next/dist/compiled/next-server/app-page.runtime.prod.js:12:227525
    at /Users/ahmedsalem/Desktop/all my projects/uneom.com/node_modules/next/dist/server/lib/trace/tracer.js:140:36
    at NoopContextManager.with (/Users/ahmedsalem/Desktop/all my projects/uneom.com/node_modules/next/dist/compiled/@opentelemetry/api/index.js:1:7062)
    at ContextAPI.with (/Users/ahmedsalem/Desktop/all my projects/uneom.com/node_modules/next/dist/compiled/@opentelemetry/api/index.js:1:518)
    at NoopTracer.startActiveSpan (/Users/ahmedsalem/Desktop/all my projects/uneom.com/node_modules/next/dist/compiled/@opentelemetry/api/index.js:1:18093)
    at ProxyTracer.startActiveSpan (/Users/ahmedsalem/Desktop/all my projects/uneom.com/node_modules/next/dist/compiled/@opentelemetry/api/index.js:1:18854)
    at /Users/ahmedsalem/Desktop/all my projects/uneom.com/node_modules/next/dist/server/lib/trace/tracer.js:122:103
    at NoopContextManager.with (/Users/ahmedsalem/Desktop/all my projects/uneom.com/node_modules/next/dist/compiled/@opentelemetry/api/index.js:1:7062)
    at ContextAPI.with (/Users/ahmedsalem/Desktop/all my projects/uneom.com/node_modules/next/dist/compiled/@opentelemetry/api/index.js:1:518) {
  digest: '2592674761'
}
TypeError: Cannot read properties of undefined (reading 'toLowerCase')
    at b (/Users/ahmedsalem/Desktop/all my projects/uneom.com/.next/server/app/locations/[city]/[industry]/page.js:1:4337)
    at eh (/Users/ahmedsalem/Desktop/all my projects/uneom.com/node_modules/next/dist/compiled/next-server/app-page.runtime.prod.js:12:134660)
    at e (/Users/ahmedsalem/Desktop/all my projects/uneom.com/node_modules/next/dist/compiled/next-server/app-page.runtime.prod.js:12:137545)
    at ek (/Users/ahmedsalem/Desktop/all my projects/uneom.com/node_modules/next/dist/compiled/next-server/app-page.runtime.prod.js:12:138019)
    at Array.toJSON (/Users/ahmedsalem/Desktop/all my projects/uneom.com/node_modules/next/dist/compiled/next-server/app-page.runtime.prod.js:12:135629)
    at stringify (<anonymous>)
    at eP (/Users/ahmedsalem/Desktop/all my projects/uneom.com/node_modules/next/dist/compiled/next-server/app-page.runtime.prod.js:12:142093)
    at eE (/Users/ahmedsalem/Desktop/all my projects/uneom.com/node_modules/next/dist/compiled/next-server/app-page.runtime.prod.js:12:142572)
    at Timeout._onTimeout (/Users/ahmedsalem/Desktop/all my projects/uneom.com/node_modules/next/dist/compiled/next-server/app-page.runtime.prod.js:12:135349)
    at listOnTimeout (node:internal/timers:605:17) {
  digest: '2151575143'
}
TypeError: Cannot read properties of undefined (reading 'toLowerCase')
    at Module.y (/Users/ahmedsalem/Desktop/all my projects/uneom.com/.next/server/app/locations/[city]/[industry]/page.js:1:2657)
    at /Users/ahmedsalem/Desktop/all my projects/uneom.com/node_modules/next/dist/compiled/next-server/app-page.runtime.prod.js:12:227525
    at /Users/ahmedsalem/Desktop/all my projects/uneom.com/node_modules/next/dist/server/lib/trace/tracer.js:140:36
    at NoopContextManager.with (/Users/ahmedsalem/Desktop/all my projects/uneom.com/node_modules/next/dist/compiled/@opentelemetry/api/index.js:1:7062)
    at ContextAPI.with (/Users/ahmedsalem/Desktop/all my projects/uneom.com/node_modules/next/dist/compiled/@opentelemetry/api/index.js:1:518)
    at NoopTracer.startActiveSpan (/Users/ahmedsalem/Desktop/all my projects/uneom.com/node_modules/next/dist/compiled/@opentelemetry/api/index.js:1:18093)
    at ProxyTracer.startActiveSpan (/Users/ahmedsalem/Desktop/all my projects/uneom.com/node_modules/next/dist/compiled/@opentelemetry/api/index.js:1:18854)
    at /Users/ahmedsalem/Desktop/all my projects/uneom.com/node_modules/next/dist/server/lib/trace/tracer.js:122:103
    at NoopContextManager.with (/Users/ahmedsalem/Desktop/all my projects/uneom.com/node_modules/next/dist/compiled/@opentelemetry/api/index.js:1:7062)
    at ContextAPI.with (/Users/ahmedsalem/Desktop/all my projects/uneom.com/node_modules/next/dist/compiled/@opentelemetry/api/index.js:1:518) {
  digest: '2592674761'
}
TypeError: Cannot read properties of undefined (reading 'toLowerCase')
    at Module.y (/Users/ahmedsalem/Desktop/all my projects/uneom.com/.next/server/app/locations/[city]/[industry]/page.js:1:2657)
    at /Users/ahmedsalem/Desktop/all my projects/uneom.com/node_modules/next/dist/compiled/next-server/app-page.runtime.prod.js:12:227525
    at /Users/ahmedsalem/Desktop/all my projects/uneom.com/node_modules/next/dist/server/lib/trace/tracer.js:140:36
    at NoopContextManager.with (/Users/ahmedsalem/Desktop/all my projects/uneom.com/node_modules/next/dist/compiled/@opentelemetry/api/index.js:1:7062)
    at ContextAPI.with (/Users/ahmedsalem/Desktop/all my projects/uneom.com/node_modules/next/dist/compiled/@opentelemetry/api/index.js:1:518)
    at NoopTracer.startActiveSpan (/Users/ahmedsalem/Desktop/all my projects/uneom.com/node_modules/next/dist/compiled/@opentelemetry/api/index.js:1:18093)
    at ProxyTracer.startActiveSpan (/Users/ahmedsalem/Desktop/all my projects/uneom.com/node_modules/next/dist/compiled/@opentelemetry/api/index.js:1:18854)
    at /Users/ahmedsalem/Desktop/all my projects/uneom.com/node_modules/next/dist/server/lib/trace/tracer.js:122:103
    at NoopContextManager.with (/Users/ahmedsalem/Desktop/all my projects/uneom.com/node_modules/next/dist/compiled/@opentelemetry/api/index.js:1:7062)
    at ContextAPI.with (/Users/ahmedsalem/Desktop/all my projects/uneom.com/node_modules/next/dist/compiled/@opentelemetry/api/index.js:1:518) {
  digest: '2592674761'
}
TypeError: Cannot read properties of undefined (reading 'toLowerCase')
    at b (/Users/ahmedsalem/Desktop/all my projects/uneom.com/.next/server/app/locations/[city]/[industry]/page.js:1:4337)
    at eh (/Users/ahmedsalem/Desktop/all my projects/uneom.com/node_modules/next/dist/compiled/next-server/app-page.runtime.prod.js:12:134660)
    at e (/Users/ahmedsalem/Desktop/all my projects/uneom.com/node_modules/next/dist/compiled/next-server/app-page.runtime.prod.js:12:137545)
    at ek (/Users/ahmedsalem/Desktop/all my projects/uneom.com/node_modules/next/dist/compiled/next-server/app-page.runtime.prod.js:12:138019)
    at Array.toJSON (/Users/ahmedsalem/Desktop/all my projects/uneom.com/node_modules/next/dist/compiled/next-server/app-page.runtime.prod.js:12:135629)
    at stringify (<anonymous>)
    at eP (/Users/ahmedsalem/Desktop/all my projects/uneom.com/node_modules/next/dist/compiled/next-server/app-page.runtime.prod.js:12:142093)
    at eE (/Users/ahmedsalem/Desktop/all my projects/uneom.com/node_modules/next/dist/compiled/next-server/app-page.runtime.prod.js:12:142572)
    at AsyncLocalStorage.run (node:internal/async_local_storage/async_context_frame:63:14)
    at Timeout._onTimeout (/Users/ahmedsalem/Desktop/all my projects/uneom.com/node_modules/next/dist/compiled/next-server/app-page.runtime.prod.js:12:150373) {
  digest: '785353560'
}
TypeError: Cannot read properties of undefined (reading 'toLowerCase')
    at Module.y (/Users/ahmedsalem/Desktop/all my projects/uneom.com/.next/server/app/locations/[city]/[industry]/page.js:1:2657)
    at /Users/ahmedsalem/Desktop/all my projects/uneom.com/node_modules/next/dist/compiled/next-server/app-page.runtime.prod.js:12:227525
    at /Users/ahmedsalem/Desktop/all my projects/uneom.com/node_modules/next/dist/server/lib/trace/tracer.js:140:36
    at NoopContextManager.with (/Users/ahmedsalem/Desktop/all my projects/uneom.com/node_modules/next/dist/compiled/@opentelemetry/api/index.js:1:7062)
    at ContextAPI.with (/Users/ahmedsalem/Desktop/all my projects/uneom.com/node_modules/next/dist/compiled/@opentelemetry/api/index.js:1:518)
    at NoopTracer.startActiveSpan (/Users/ahmedsalem/Desktop/all my projects/uneom.com/node_modules/next/dist/compiled/@opentelemetry/api/index.js:1:18093)
    at ProxyTracer.startActiveSpan (/Users/ahmedsalem/Desktop/all my projects/uneom.com/node_modules/next/dist/compiled/@opentelemetry/api/index.js:1:18854)
    at /Users/ahmedsalem/Desktop/all my projects/uneom.com/node_modules/next/dist/server/lib/trace/tracer.js:122:103
    at NoopContextManager.with (/Users/ahmedsalem/Desktop/all my projects/uneom.com/node_modules/next/dist/compiled/@opentelemetry/api/index.js:1:7062)
    at ContextAPI.with (/Users/ahmedsalem/Desktop/all my projects/uneom.com/node_modules/next/dist/compiled/@opentelemetry/api/index.js:1:518) {
  digest: '2592674761'
}
TypeError: Cannot read properties of undefined (reading 'toLowerCase')
    at Module.y (/Users/ahmedsalem/Desktop/all my projects/uneom.com/.next/server/app/locations/[city]/[industry]/page.js:1:2657)
    at /Users/ahmedsalem/Desktop/all my projects/uneom.com/node_modules/next/dist/compiled/next-server/app-page.runtime.prod.js:12:227525
    at /Users/ahmedsalem/Desktop/all my projects/uneom.com/node_modules/next/dist/server/lib/trace/tracer.js:140:36
    at NoopContextManager.with (/Users/ahmedsalem/Desktop/all my projects/uneom.com/node_modules/next/dist/compiled/@opentelemetry/api/index.js:1:7062)
    at ContextAPI.with (/Users/ahmedsalem/Desktop/all my projects/uneom.com/node_modules/next/dist/compiled/@opentelemetry/api/index.js:1:518)
    at NoopTracer.startActiveSpan (/Users/ahmedsalem/Desktop/all my projects/uneom.com/node_modules/next/dist/compiled/@opentelemetry/api/index.js:1:18093)
    at ProxyTracer.startActiveSpan (/Users/ahmedsalem/Desktop/all my projects/uneom.com/node_modules/next/dist/compiled/@opentelemetry/api/index.js:1:18854)
    at /Users/ahmedsalem/Desktop/all my projects/uneom.com/node_modules/next/dist/server/lib/trace/tracer.js:122:103
    at NoopContextManager.with (/Users/ahmedsalem/Desktop/all my projects/uneom.com/node_modules/next/dist/compiled/@opentelemetry/api/index.js:1:7062)
    at ContextAPI.with (/Users/ahmedsalem/Desktop/all my projects/uneom.com/node_modules/next/dist/compiled/@opentelemetry/api/index.js:1:518) {
  digest: '2592674761'
}
TypeError: Cannot read properties of undefined (reading 'toLowerCase')
    at Module.y (/Users/ahmedsalem/Desktop/all my projects/uneom.com/.next/server/app/locations/[city]/[industry]/page.js:1:2657)
    at /Users/ahmedsalem/Desktop/all my projects/uneom.com/node_modules/next/dist/compiled/next-server/app-page.runtime.prod.js:12:227525
    at /Users/ahmedsalem/Desktop/all my projects/uneom.com/node_modules/next/dist/server/lib/trace/tracer.js:140:36
    at NoopContextManager.with (/Users/ahmedsalem/Desktop/all my projects/uneom.com/node_modules/next/dist/compiled/@opentelemetry/api/index.js:1:7062)
    at ContextAPI.with (/Users/ahmedsalem/Desktop/all my projects/uneom.com/node_modules/next/dist/compiled/@opentelemetry/api/index.js:1:518)
    at NoopTracer.startActiveSpan (/Users/ahmedsalem/Desktop/all my projects/uneom.com/node_modules/next/dist/compiled/@opentelemetry/api/index.js:1:18093)
    at ProxyTracer.startActiveSpan (/Users/ahmedsalem/Desktop/all my projects/uneom.com/node_modules/next/dist/compiled/@opentelemetry/api/index.js:1:18854)
    at /Users/ahmedsalem/Desktop/all my projects/uneom.com/node_modules/next/dist/server/lib/trace/tracer.js:122:103
    at NoopContextManager.with (/Users/ahmedsalem/Desktop/all my projects/uneom.com/node_modules/next/dist/compiled/@opentelemetry/api/index.js:1:7062)
    at ContextAPI.with (/Users/ahmedsalem/Desktop/all my projects/uneom.com/node_modules/next/dist/compiled/@opentelemetry/api/index.js:1:518) {
  digest: '2592674761'
}
TypeError: Cannot read properties of undefined (reading 'toLowerCase')
    at Module.y (/Users/ahmedsalem/Desktop/all my projects/uneom.com/.next/server/app/locations/[city]/[industry]/page.js:1:2657)
    at /Users/ahmedsalem/Desktop/all my projects/uneom.com/node_modules/next/dist/compiled/next-server/app-page.runtime.prod.js:12:227525
    at /Users/ahmedsalem/Desktop/all my projects/uneom.com/node_modules/next/dist/server/lib/trace/tracer.js:140:36
    at NoopContextManager.with (/Users/ahmedsalem/Desktop/all my projects/uneom.com/node_modules/next/dist/compiled/@opentelemetry/api/index.js:1:7062)
    at ContextAPI.with (/Users/ahmedsalem/Desktop/all my projects/uneom.com/node_modules/next/dist/compiled/@opentelemetry/api/index.js:1:518)
    at NoopTracer.startActiveSpan (/Users/ahmedsalem/Desktop/all my projects/uneom.com/node_modules/next/dist/compiled/@opentelemetry/api/index.js:1:18093)
    at ProxyTracer.startActiveSpan (/Users/ahmedsalem/Desktop/all my projects/uneom.com/node_modules/next/dist/compiled/@opentelemetry/api/index.js:1:18854)
    at /Users/ahmedsalem/Desktop/all my projects/uneom.com/node_modules/next/dist/server/lib/trace/tracer.js:122:103
    at NoopContextManager.with (/Users/ahmedsalem/Desktop/all my projects/uneom.com/node_modules/next/dist/compiled/@opentelemetry/api/index.js:1:7062)
    at ContextAPI.with (/Users/ahmedsalem/Desktop/all my projects/uneom.com/node_modules/next/dist/compiled/@opentelemetry/api/index.js:1:518) {
  digest: '2592674761'
}
TypeError: Cannot read properties of undefined (reading 'toLowerCase')
    at Module.y (/Users/ahmedsalem/Desktop/all my projects/uneom.com/.next/server/app/locations/[city]/[industry]/page.js:1:2657)
    at /Users/ahmedsalem/Desktop/all my projects/uneom.com/node_modules/next/dist/compiled/next-server/app-page.runtime.prod.js:12:227525
    at /Users/ahmedsalem/Desktop/all my projects/uneom.com/node_modules/next/dist/server/lib/trace/tracer.js:140:36
    at NoopContextManager.with (/Users/ahmedsalem/Desktop/all my projects/uneom.com/node_modules/next/dist/compiled/@opentelemetry/api/index.js:1:7062)
    at ContextAPI.with (/Users/ahmedsalem/Desktop/all my projects/uneom.com/node_modules/next/dist/compiled/@opentelemetry/api/index.js:1:518)
    at NoopTracer.startActiveSpan (/Users/ahmedsalem/Desktop/all my projects/uneom.com/node_modules/next/dist/compiled/@opentelemetry/api/index.js:1:18093)
    at ProxyTracer.startActiveSpan (/Users/ahmedsalem/Desktop/all my projects/uneom.com/node_modules/next/dist/compiled/@opentelemetry/api/index.js:1:18854)
    at /Users/ahmedsalem/Desktop/all my projects/uneom.com/node_modules/next/dist/server/lib/trace/tracer.js:122:103
    at NoopContextManager.with (/Users/ahmedsalem/Desktop/all my projects/uneom.com/node_modules/next/dist/compiled/@opentelemetry/api/index.js:1:7062)
    at ContextAPI.with (/Users/ahmedsalem/Desktop/all my projects/uneom.com/node_modules/next/dist/compiled/@opentelemetry/api/index.js:1:518) {
  digest: '2592674761'
}
TypeError: Cannot read properties of undefined (reading 'toLowerCase')
    at Module.y (/Users/ahmedsalem/Desktop/all my projects/uneom.com/.next/server/app/locations/[city]/[industry]/page.js:1:2657)
    at /Users/ahmedsalem/Desktop/all my projects/uneom.com/node_modules/next/dist/compiled/next-server/app-page.runtime.prod.js:12:227525
    at /Users/ahmedsalem/Desktop/all my projects/uneom.com/node_modules/next/dist/server/lib/trace/tracer.js:140:36
    at NoopContextManager.with (/Users/ahmedsalem/Desktop/all my projects/uneom.com/node_modules/next/dist/compiled/@opentelemetry/api/index.js:1:7062)
    at ContextAPI.with (/Users/ahmedsalem/Desktop/all my projects/uneom.com/node_modules/next/dist/compiled/@opentelemetry/api/index.js:1:518)
    at NoopTracer.startActiveSpan (/Users/ahmedsalem/Desktop/all my projects/uneom.com/node_modules/next/dist/compiled/@opentelemetry/api/index.js:1:18093)
    at ProxyTracer.startActiveSpan (/Users/ahmedsalem/Desktop/all my projects/uneom.com/node_modules/next/dist/compiled/@opentelemetry/api/index.js:1:18854)
    at /Users/ahmedsalem/Desktop/all my projects/uneom.com/node_modules/next/dist/server/lib/trace/tracer.js:122:103
    at NoopContextManager.with (/Users/ahmedsalem/Desktop/all my projects/uneom.com/node_modules/next/dist/compiled/@opentelemetry/api/index.js:1:7062)
    at ContextAPI.with (/Users/ahmedsalem/Desktop/all my projects/uneom.com/node_modules/next/dist/compiled/@opentelemetry/api/index.js:1:518) {
  digest: '2592674761'
}
TypeError: Cannot read properties of undefined (reading 'toLowerCase')
    at b (/Users/ahmedsalem/Desktop/all my projects/uneom.com/.next/server/app/locations/[city]/[industry]/page.js:1:4337)
    at eh (/Users/ahmedsalem/Desktop/all my projects/uneom.com/node_modules/next/dist/compiled/next-server/app-page.runtime.prod.js:12:134660)
    at e (/Users/ahmedsalem/Desktop/all my projects/uneom.com/node_modules/next/dist/compiled/next-server/app-page.runtime.prod.js:12:137545)
    at ek (/Users/ahmedsalem/Desktop/all my projects/uneom.com/node_modules/next/dist/compiled/next-server/app-page.runtime.prod.js:12:138019)
    at Array.toJSON (/Users/ahmedsalem/Desktop/all my projects/uneom.com/node_modules/next/dist/compiled/next-server/app-page.runtime.prod.js:12:135629)
    at stringify (<anonymous>)
    at eP (/Users/ahmedsalem/Desktop/all my projects/uneom.com/node_modules/next/dist/compiled/next-server/app-page.runtime.prod.js:12:142093)
    at eE (/Users/ahmedsalem/Desktop/all my projects/uneom.com/node_modules/next/dist/compiled/next-server/app-page.runtime.prod.js:12:142572)
    at Timeout._onTimeout (/Users/ahmedsalem/Desktop/all my projects/uneom.com/node_modules/next/dist/compiled/next-server/app-page.runtime.prod.js:12:135349)
    at listOnTimeout (node:internal/timers:605:17) {
  digest: '2151575143'
}
TypeError: Cannot read properties of undefined (reading 'toLowerCase')
    at Module.y (/Users/ahmedsalem/Desktop/all my projects/uneom.com/.next/server/app/locations/[city]/[industry]/page.js:1:2657)
    at /Users/ahmedsalem/Desktop/all my projects/uneom.com/node_modules/next/dist/compiled/next-server/app-page.runtime.prod.js:12:227525
    at /Users/ahmedsalem/Desktop/all my projects/uneom.com/node_modules/next/dist/server/lib/trace/tracer.js:140:36
    at NoopContextManager.with (/Users/ahmedsalem/Desktop/all my projects/uneom.com/node_modules/next/dist/compiled/@opentelemetry/api/index.js:1:7062)
    at ContextAPI.with (/Users/ahmedsalem/Desktop/all my projects/uneom.com/node_modules/next/dist/compiled/@opentelemetry/api/index.js:1:518)
    at NoopTracer.startActiveSpan (/Users/ahmedsalem/Desktop/all my projects/uneom.com/node_modules/next/dist/compiled/@opentelemetry/api/index.js:1:18093)
    at ProxyTracer.startActiveSpan (/Users/ahmedsalem/Desktop/all my projects/uneom.com/node_modules/next/dist/compiled/@opentelemetry/api/index.js:1:18854)
    at /Users/ahmedsalem/Desktop/all my projects/uneom.com/node_modules/next/dist/server/lib/trace/tracer.js:122:103
    at NoopContextManager.with (/Users/ahmedsalem/Desktop/all my projects/uneom.com/node_modules/next/dist/compiled/@opentelemetry/api/index.js:1:7062)
    at ContextAPI.with (/Users/ahmedsalem/Desktop/all my projects/uneom.com/node_modules/next/dist/compiled/@opentelemetry/api/index.js:1:518) {
  digest: '2592674761'
}
TypeError: Cannot read properties of undefined (reading 'toLowerCase')
    at Module.y (/Users/ahmedsalem/Desktop/all my projects/uneom.com/.next/server/app/locations/[city]/[industry]/page.js:1:2657)
    at /Users/ahmedsalem/Desktop/all my projects/uneom.com/node_modules/next/dist/compiled/next-server/app-page.runtime.prod.js:12:227525
    at /Users/ahmedsalem/Desktop/all my projects/uneom.com/node_modules/next/dist/server/lib/trace/tracer.js:140:36
    at NoopContextManager.with (/Users/ahmedsalem/Desktop/all my projects/uneom.com/node_modules/next/dist/compiled/@opentelemetry/api/index.js:1:7062)
    at ContextAPI.with (/Users/ahmedsalem/Desktop/all my projects/uneom.com/node_modules/next/dist/compiled/@opentelemetry/api/index.js:1:518)
    at NoopTracer.startActiveSpan (/Users/ahmedsalem/Desktop/all my projects/uneom.com/node_modules/next/dist/compiled/@opentelemetry/api/index.js:1:18093)
    at ProxyTracer.startActiveSpan (/Users/ahmedsalem/Desktop/all my projects/uneom.com/node_modules/next/dist/compiled/@opentelemetry/api/index.js:1:18854)
    at /Users/ahmedsalem/Desktop/all my projects/uneom.com/node_modules/next/dist/server/lib/trace/tracer.js:122:103
    at NoopContextManager.with (/Users/ahmedsalem/Desktop/all my projects/uneom.com/node_modules/next/dist/compiled/@opentelemetry/api/index.js:1:7062)
    at ContextAPI.with (/Users/ahmedsalem/Desktop/all my projects/uneom.com/node_modules/next/dist/compiled/@opentelemetry/api/index.js:1:518) {
  digest: '2592674761'
}
TypeError: Cannot read properties of undefined (reading 'toLowerCase')
    at Module.y (/Users/ahmedsalem/Desktop/all my projects/uneom.com/.next/server/app/locations/[city]/[industry]/page.js:1:2657)
    at /Users/ahmedsalem/Desktop/all my projects/uneom.com/node_modules/next/dist/compiled/next-server/app-page.runtime.prod.js:12:227525
    at /Users/ahmedsalem/Desktop/all my projects/uneom.com/node_modules/next/dist/server/lib/trace/tracer.js:140:36
    at NoopContextManager.with (/Users/ahmedsalem/Desktop/all my projects/uneom.com/node_modules/next/dist/compiled/@opentelemetry/api/index.js:1:7062)
    at ContextAPI.with (/Users/ahmedsalem/Desktop/all my projects/uneom.com/node_modules/next/dist/compiled/@opentelemetry/api/index.js:1:518)
    at NoopTracer.startActiveSpan (/Users/ahmedsalem/Desktop/all my projects/uneom.com/node_modules/next/dist/compiled/@opentelemetry/api/index.js:1:18093)
    at ProxyTracer.startActiveSpan (/Users/ahmedsalem/Desktop/all my projects/uneom.com/node_modules/next/dist/compiled/@opentelemetry/api/index.js:1:18854)
    at /Users/ahmedsalem/Desktop/all my projects/uneom.com/node_modules/next/dist/server/lib/trace/tracer.js:122:103
    at NoopContextManager.with (/Users/ahmedsalem/Desktop/all my projects/uneom.com/node_modules/next/dist/compiled/@opentelemetry/api/index.js:1:7062)
    at ContextAPI.with (/Users/ahmedsalem/Desktop/all my projects/uneom.com/node_modules/next/dist/compiled/@opentelemetry/api/index.js:1:518) {
  digest: '2592674761'
}

Error occurred prerendering page "/locations/hail/hospitality". Read more: https://nextjs.org/docs/messages/prerender-error

TypeError: Cannot read properties of undefined (reading 'toLowerCase')
    at b (/Users/ahmedsalem/Desktop/all my projects/uneom.com/.next/server/app/locations/[city]/[industry]/page.js:1:4337)
    at eh (/Users/ahmedsalem/Desktop/all my projects/uneom.com/node_modules/next/dist/compiled/next-server/app-page.runtime.prod.js:12:134660)
    at e (/Users/ahmedsalem/Desktop/all my projects/uneom.com/node_modules/next/dist/compiled/next-server/app-page.runtime.prod.js:12:137545)
    at ek (/Users/ahmedsalem/Desktop/all my projects/uneom.com/node_modules/next/dist/compiled/next-server/app-page.runtime.prod.js:12:138019)
    at Array.toJSON (/Users/ahmedsalem/Desktop/all my projects/uneom.com/node_modules/next/dist/compiled/next-server/app-page.runtime.prod.js:12:135629)
    at stringify (<anonymous>)
    at eP (/Users/ahmedsalem/Desktop/all my projects/uneom.com/node_modules/next/dist/compiled/next-server/app-page.runtime.prod.js:12:142093)
    at eE (/Users/ahmedsalem/Desktop/all my projects/uneom.com/node_modules/next/dist/compiled/next-server/app-page.runtime.prod.js:12:142572)
    at AsyncLocalStorage.run (node:internal/async_local_storage/async_context_frame:63:14)
    at Timeout._onTimeout (/Users/ahmedsalem/Desktop/all my projects/uneom.com/node_modules/next/dist/compiled/next-server/app-page.runtime.prod.js:12:150373)

Error occurred prerendering page "/locations/hail/aviation". Read more: https://nextjs.org/docs/messages/prerender-error

TypeError: Cannot read properties of undefined (reading 'toLowerCase')
    at b (/Users/ahmedsalem/Desktop/all my projects/uneom.com/.next/server/app/locations/[city]/[industry]/page.js:1:4337)
    at eh (/Users/ahmedsalem/Desktop/all my projects/uneom.com/node_modules/next/dist/compiled/next-server/app-page.runtime.prod.js:12:134660)
    at e (/Users/ahmedsalem/Desktop/all my projects/uneom.com/node_modules/next/dist/compiled/next-server/app-page.runtime.prod.js:12:137545)
    at ek (/Users/ahmedsalem/Desktop/all my projects/uneom.com/node_modules/next/dist/compiled/next-server/app-page.runtime.prod.js:12:138019)
    at Array.toJSON (/Users/ahmedsalem/Desktop/all my projects/uneom.com/node_modules/next/dist/compiled/next-server/app-page.runtime.prod.js:12:135629)
    at stringify (<anonymous>)
    at eP (/Users/ahmedsalem/Desktop/all my projects/uneom.com/node_modules/next/dist/compiled/next-server/app-page.runtime.prod.js:12:142093)
    at eE (/Users/ahmedsalem/Desktop/all my projects/uneom.com/node_modules/next/dist/compiled/next-server/app-page.runtime.prod.js:12:142572)
    at AsyncLocalStorage.run (node:internal/async_local_storage/async_context_frame:63:14)
    at Timeout._onTimeout (/Users/ahmedsalem/Desktop/all my projects/uneom.com/node_modules/next/dist/compiled/next-server/app-page.runtime.prod.js:12:150373)
TypeError: Cannot read properties of undefined (reading 'toLowerCase')
    at Module.y (/Users/ahmedsalem/Desktop/all my projects/uneom.com/.next/server/app/locations/[city]/[industry]/page.js:1:2657)
    at /Users/ahmedsalem/Desktop/all my projects/uneom.com/node_modules/next/dist/compiled/next-server/app-page.runtime.prod.js:12:227525
    at /Users/ahmedsalem/Desktop/all my projects/uneom.com/node_modules/next/dist/server/lib/trace/tracer.js:140:36
    at NoopContextManager.with (/Users/ahmedsalem/Desktop/all my projects/uneom.com/node_modules/next/dist/compiled/@opentelemetry/api/index.js:1:7062)
    at ContextAPI.with (/Users/ahmedsalem/Desktop/all my projects/uneom.com/node_modules/next/dist/compiled/@opentelemetry/api/index.js:1:518)
    at NoopTracer.startActiveSpan (/Users/ahmedsalem/Desktop/all my projects/uneom.com/node_modules/next/dist/compiled/@opentelemetry/api/index.js:1:18093)
    at ProxyTracer.startActiveSpan (/Users/ahmedsalem/Desktop/all my projects/uneom.com/node_modules/next/dist/compiled/@opentelemetry/api/index.js:1:18854)
    at /Users/ahmedsalem/Desktop/all my projects/uneom.com/node_modules/next/dist/server/lib/trace/tracer.js:122:103
    at NoopContextManager.with (/Users/ahmedsalem/Desktop/all my projects/uneom.com/node_modules/next/dist/compiled/@opentelemetry/api/index.js:1:7062)
    at ContextAPI.with (/Users/ahmedsalem/Desktop/all my projects/uneom.com/node_modules/next/dist/compiled/@opentelemetry/api/index.js:1:518) {
  digest: '2592674761'
}

Error occurred prerendering page "/locations/hail/healthcare". Read more: https://nextjs.org/docs/messages/prerender-error

TypeError: Cannot read properties of undefined (reading 'toLowerCase')
    at b (/Users/ahmedsalem/Desktop/all my projects/uneom.com/.next/server/app/locations/[city]/[industry]/page.js:1:4337)
    at eh (/Users/ahmedsalem/Desktop/all my projects/uneom.com/node_modules/next/dist/compiled/next-server/app-page.runtime.prod.js:12:134660)
    at e (/Users/ahmedsalem/Desktop/all my projects/uneom.com/node_modules/next/dist/compiled/next-server/app-page.runtime.prod.js:12:137545)
    at ek (/Users/ahmedsalem/Desktop/all my projects/uneom.com/node_modules/next/dist/compiled/next-server/app-page.runtime.prod.js:12:138019)
    at Array.toJSON (/Users/ahmedsalem/Desktop/all my projects/uneom.com/node_modules/next/dist/compiled/next-server/app-page.runtime.prod.js:12:135629)
    at stringify (<anonymous>)
    at eP (/Users/ahmedsalem/Desktop/all my projects/uneom.com/node_modules/next/dist/compiled/next-server/app-page.runtime.prod.js:12:142093)
    at eE (/Users/ahmedsalem/Desktop/all my projects/uneom.com/node_modules/next/dist/compiled/next-server/app-page.runtime.prod.js:12:142572)
    at AsyncLocalStorage.run (node:internal/async_local_storage/async_context_frame:63:14)
    at Timeout._onTimeout (/Users/ahmedsalem/Desktop/all my projects/uneom.com/node_modules/next/dist/compiled/next-server/app-page.runtime.prod.js:12:150373)

Error occurred prerendering page "/locations/najran/factory-industry". Read more: https://nextjs.org/docs/messages/prerender-error

TypeError: Cannot read properties of undefined (reading 'toLowerCase')
    at b (/Users/ahmedsalem/Desktop/all my projects/uneom.com/.next/server/app/locations/[city]/[industry]/page.js:1:4337)
    at eh (/Users/ahmedsalem/Desktop/all my projects/uneom.com/node_modules/next/dist/compiled/next-server/app-page.runtime.prod.js:12:134660)
    at e (/Users/ahmedsalem/Desktop/all my projects/uneom.com/node_modules/next/dist/compiled/next-server/app-page.runtime.prod.js:12:137545)
    at ek (/Users/ahmedsalem/Desktop/all my projects/uneom.com/node_modules/next/dist/compiled/next-server/app-page.runtime.prod.js:12:138019)
    at Array.toJSON (/Users/ahmedsalem/Desktop/all my projects/uneom.com/node_modules/next/dist/compiled/next-server/app-page.runtime.prod.js:12:135629)
    at stringify (<anonymous>)
    at eP (/Users/ahmedsalem/Desktop/all my projects/uneom.com/node_modules/next/dist/compiled/next-server/app-page.runtime.prod.js:12:142093)
    at eE (/Users/ahmedsalem/Desktop/all my projects/uneom.com/node_modules/next/dist/compiled/next-server/app-page.runtime.prod.js:12:142572)
    at AsyncLocalStorage.run (node:internal/async_local_storage/async_context_frame:63:14)
    at Timeout._onTimeout (/Users/ahmedsalem/Desktop/all my projects/uneom.com/node_modules/next/dist/compiled/next-server/app-page.runtime.prod.js:12:150373)

Error occurred prerendering page "/locations/najran/retail-shops". Read more: https://nextjs.org/docs/messages/prerender-error

TypeError: Cannot read properties of undefined (reading 'toLowerCase')
    at b (/Users/ahmedsalem/Desktop/all my projects/uneom.com/.next/server/app/locations/[city]/[industry]/page.js:1:4337)
    at eh (/Users/ahmedsalem/Desktop/all my projects/uneom.com/node_modules/next/dist/compiled/next-server/app-page.runtime.prod.js:12:134660)
    at e (/Users/ahmedsalem/Desktop/all my projects/uneom.com/node_modules/next/dist/compiled/next-server/app-page.runtime.prod.js:12:137545)
    at ek (/Users/ahmedsalem/Desktop/all my projects/uneom.com/node_modules/next/dist/compiled/next-server/app-page.runtime.prod.js:12:138019)
    at Array.toJSON (/Users/ahmedsalem/Desktop/all my projects/uneom.com/node_modules/next/dist/compiled/next-server/app-page.runtime.prod.js:12:135629)
    at stringify (<anonymous>)
    at eP (/Users/ahmedsalem/Desktop/all my projects/uneom.com/node_modules/next/dist/compiled/next-server/app-page.runtime.prod.js:12:142093)
    at eE (/Users/ahmedsalem/Desktop/all my projects/uneom.com/node_modules/next/dist/compiled/next-server/app-page.runtime.prod.js:12:142572)
    at AsyncLocalStorage.run (node:internal/async_local_storage/async_context_frame:63:14)
    at Timeout._onTimeout (/Users/ahmedsalem/Desktop/all my projects/uneom.com/node_modules/next/dist/compiled/next-server/app-page.runtime.prod.js:12:150373)

Error occurred prerendering page "/locations/najran/supply-manufacturing". Read more: https://nextjs.org/docs/messages/prerender-error

TypeError: Cannot read properties of undefined (reading 'toLowerCase')
    at b (/Users/ahmedsalem/Desktop/all my projects/uneom.com/.next/server/app/locations/[city]/[industry]/page.js:1:4337)
    at eh (/Users/ahmedsalem/Desktop/all my projects/uneom.com/node_modules/next/dist/compiled/next-server/app-page.runtime.prod.js:12:134660)
    at e (/Users/ahmedsalem/Desktop/all my projects/uneom.com/node_modules/next/dist/compiled/next-server/app-page.runtime.prod.js:12:137545)
    at ek (/Users/ahmedsalem/Desktop/all my projects/uneom.com/node_modules/next/dist/compiled/next-server/app-page.runtime.prod.js:12:138019)
    at Array.toJSON (/Users/ahmedsalem/Desktop/all my projects/uneom.com/node_modules/next/dist/compiled/next-server/app-page.runtime.prod.js:12:135629)
    at stringify (<anonymous>)
    at eP (/Users/ahmedsalem/Desktop/all my projects/uneom.com/node_modules/next/dist/compiled/next-server/app-page.runtime.prod.js:12:142093)
    at eE (/Users/ahmedsalem/Desktop/all my projects/uneom.com/node_modules/next/dist/compiled/next-server/app-page.runtime.prod.js:12:142572)
    at AsyncLocalStorage.run (node:internal/async_local_storage/async_context_frame:63:14)
    at Timeout._onTimeout (/Users/ahmedsalem/Desktop/all my projects/uneom.com/node_modules/next/dist/compiled/next-server/app-page.runtime.prod.js:12:150373)
TypeError: Cannot read properties of undefined (reading 'toLowerCase')
    at b (/Users/ahmedsalem/Desktop/all my projects/uneom.com/.next/server/app/locations/[city]/[industry]/page.js:1:4337)
    at eh (/Users/ahmedsalem/Desktop/all my projects/uneom.com/node_modules/next/dist/compiled/next-server/app-page.runtime.prod.js:12:134660)
    at e (/Users/ahmedsalem/Desktop/all my projects/uneom.com/node_modules/next/dist/compiled/next-server/app-page.runtime.prod.js:12:137545)
    at ek (/Users/ahmedsalem/Desktop/all my projects/uneom.com/node_modules/next/dist/compiled/next-server/app-page.runtime.prod.js:12:138019)
    at Array.toJSON (/Users/ahmedsalem/Desktop/all my projects/uneom.com/node_modules/next/dist/compiled/next-server/app-page.runtime.prod.js:12:135629)
    at stringify (<anonymous>)
    at eP (/Users/ahmedsalem/Desktop/all my projects/uneom.com/node_modules/next/dist/compiled/next-server/app-page.runtime.prod.js:12:142093)
    at eE (/Users/ahmedsalem/Desktop/all my projects/uneom.com/node_modules/next/dist/compiled/next-server/app-page.runtime.prod.js:12:142572)
    at AsyncLocalStorage.run (node:internal/async_local_storage/async_context_frame:63:14)
    at Timeout._onTimeout (/Users/ahmedsalem/Desktop/all my projects/uneom.com/node_modules/next/dist/compiled/next-server/app-page.runtime.prod.js:12:150373) {
  digest: '785353560'
}
TypeError: Cannot read properties of undefined (reading 'toLowerCase')
    at b (/Users/ahmedsalem/Desktop/all my projects/uneom.com/.next/server/app/locations/[city]/[industry]/page.js:1:4337)
    at eh (/Users/ahmedsalem/Desktop/all my projects/uneom.com/node_modules/next/dist/compiled/next-server/app-page.runtime.prod.js:12:134660)
    at e (/Users/ahmedsalem/Desktop/all my projects/uneom.com/node_modules/next/dist/compiled/next-server/app-page.runtime.prod.js:12:137545)
    at ek (/Users/ahmedsalem/Desktop/all my projects/uneom.com/node_modules/next/dist/compiled/next-server/app-page.runtime.prod.js:12:138019)
    at Array.toJSON (/Users/ahmedsalem/Desktop/all my projects/uneom.com/node_modules/next/dist/compiled/next-server/app-page.runtime.prod.js:12:135629)
    at stringify (<anonymous>)
    at eP (/Users/ahmedsalem/Desktop/all my projects/uneom.com/node_modules/next/dist/compiled/next-server/app-page.runtime.prod.js:12:142093)
    at eE (/Users/ahmedsalem/Desktop/all my projects/uneom.com/node_modules/next/dist/compiled/next-server/app-page.runtime.prod.js:12:142572)
    at AsyncLocalStorage.run (node:internal/async_local_storage/async_context_frame:63:14)
    at Timeout._onTimeout (/Users/ahmedsalem/Desktop/all my projects/uneom.com/node_modules/next/dist/compiled/next-server/app-page.runtime.prod.js:12:150373) {
  digest: '785353560'
}
TypeError: Cannot read properties of undefined (reading 'toLowerCase')
    at b (/Users/ahmedsalem/Desktop/all my projects/uneom.com/.next/server/app/locations/[city]/[industry]/page.js:1:4337)
    at eh (/Users/ahmedsalem/Desktop/all my projects/uneom.com/node_modules/next/dist/compiled/next-server/app-page.runtime.prod.js:12:134660)
    at e (/Users/ahmedsalem/Desktop/all my projects/uneom.com/node_modules/next/dist/compiled/next-server/app-page.runtime.prod.js:12:137545)
    at ek (/Users/ahmedsalem/Desktop/all my projects/uneom.com/node_modules/next/dist/compiled/next-server/app-page.runtime.prod.js:12:138019)
    at Array.toJSON (/Users/ahmedsalem/Desktop/all my projects/uneom.com/node_modules/next/dist/compiled/next-server/app-page.runtime.prod.js:12:135629)
    at stringify (<anonymous>)
    at eP (/Users/ahmedsalem/Desktop/all my projects/uneom.com/node_modules/next/dist/compiled/next-server/app-page.runtime.prod.js:12:142093)
    at eE (/Users/ahmedsalem/Desktop/all my projects/uneom.com/node_modules/next/dist/compiled/next-server/app-page.runtime.prod.js:12:142572)
    at AsyncLocalStorage.run (node:internal/async_local_storage/async_context_frame:63:14)
    at Timeout._onTimeout (/Users/ahmedsalem/Desktop/all my projects/uneom.com/node_modules/next/dist/compiled/next-server/app-page.runtime.prod.js:12:150373) {
  digest: '785353560'
}

Error occurred prerendering page "/locations/hail/corporate". Read more: https://nextjs.org/docs/messages/prerender-error

TypeError: Cannot read properties of undefined (reading 'toLowerCase')
    at b (/Users/ahmedsalem/Desktop/all my projects/uneom.com/.next/server/app/locations/[city]/[industry]/page.js:1:4337)
    at eh (/Users/ahmedsalem/Desktop/all my projects/uneom.com/node_modules/next/dist/compiled/next-server/app-page.runtime.prod.js:12:134660)
    at e (/Users/ahmedsalem/Desktop/all my projects/uneom.com/node_modules/next/dist/compiled/next-server/app-page.runtime.prod.js:12:137545)
    at ek (/Users/ahmedsalem/Desktop/all my projects/uneom.com/node_modules/next/dist/compiled/next-server/app-page.runtime.prod.js:12:138019)
    at Array.toJSON (/Users/ahmedsalem/Desktop/all my projects/uneom.com/node_modules/next/dist/compiled/next-server/app-page.runtime.prod.js:12:135629)
    at stringify (<anonymous>)
    at eP (/Users/ahmedsalem/Desktop/all my projects/uneom.com/node_modules/next/dist/compiled/next-server/app-page.runtime.prod.js:12:142093)
    at eE (/Users/ahmedsalem/Desktop/all my projects/uneom.com/node_modules/next/dist/compiled/next-server/app-page.runtime.prod.js:12:142572)
    at AsyncLocalStorage.run (node:internal/async_local_storage/async_context_frame:63:14)
    at Timeout._onTimeout (/Users/ahmedsalem/Desktop/all my projects/uneom.com/node_modules/next/dist/compiled/next-server/app-page.runtime.prod.js:12:150373)
TypeError: Cannot read properties of undefined (reading 'toLowerCase')
    at b (/Users/ahmedsalem/Desktop/all my projects/uneom.com/.next/server/app/locations/[city]/[industry]/page.js:1:4337)
    at eh (/Users/ahmedsalem/Desktop/all my projects/uneom.com/node_modules/next/dist/compiled/next-server/app-page.runtime.prod.js:12:134660)
    at e (/Users/ahmedsalem/Desktop/all my projects/uneom.com/node_modules/next/dist/compiled/next-server/app-page.runtime.prod.js:12:137545)
    at ek (/Users/ahmedsalem/Desktop/all my projects/uneom.com/node_modules/next/dist/compiled/next-server/app-page.runtime.prod.js:12:138019)
    at Array.toJSON (/Users/ahmedsalem/Desktop/all my projects/uneom.com/node_modules/next/dist/compiled/next-server/app-page.runtime.prod.js:12:135629)
    at stringify (<anonymous>)
    at eP (/Users/ahmedsalem/Desktop/all my projects/uneom.com/node_modules/next/dist/compiled/next-server/app-page.runtime.prod.js:12:142093)
    at eE (/Users/ahmedsalem/Desktop/all my projects/uneom.com/node_modules/next/dist/compiled/next-server/app-page.runtime.prod.js:12:142572)
    at AsyncLocalStorage.run (node:internal/async_local_storage/async_context_frame:63:14)
    at Timeout._onTimeout (/Users/ahmedsalem/Desktop/all my projects/uneom.com/node_modules/next/dist/compiled/next-server/app-page.runtime.prod.js:12:150373) {
  digest: '785353560'
}
TypeError: Cannot read properties of undefined (reading 'toLowerCase')
    at b (/Users/ahmedsalem/Desktop/all my projects/uneom.com/.next/server/app/locations/[city]/[industry]/page.js:1:4337)
    at eh (/Users/ahmedsalem/Desktop/all my projects/uneom.com/node_modules/next/dist/compiled/next-server/app-page.runtime.prod.js:12:134660)
    at e (/Users/ahmedsalem/Desktop/all my projects/uneom.com/node_modules/next/dist/compiled/next-server/app-page.runtime.prod.js:12:137545)
    at ek (/Users/ahmedsalem/Desktop/all my projects/uneom.com/node_modules/next/dist/compiled/next-server/app-page.runtime.prod.js:12:138019)
    at Array.toJSON (/Users/ahmedsalem/Desktop/all my projects/uneom.com/node_modules/next/dist/compiled/next-server/app-page.runtime.prod.js:12:135629)
    at stringify (<anonymous>)
    at eP (/Users/ahmedsalem/Desktop/all my projects/uneom.com/node_modules/next/dist/compiled/next-server/app-page.runtime.prod.js:12:142093)
    at eE (/Users/ahmedsalem/Desktop/all my projects/uneom.com/node_modules/next/dist/compiled/next-server/app-page.runtime.prod.js:12:142572)
    at AsyncLocalStorage.run (node:internal/async_local_storage/async_context_frame:63:14)
    at Timeout._onTimeout (/Users/ahmedsalem/Desktop/all my projects/uneom.com/node_modules/next/dist/compiled/next-server/app-page.runtime.prod.js:12:150373) {
  digest: '785353560'
}
TypeError: Cannot read properties of undefined (reading 'toLowerCase')
    at b (/Users/ahmedsalem/Desktop/all my projects/uneom.com/.next/server/app/locations/[city]/[industry]/page.js:1:4337)
    at eh (/Users/ahmedsalem/Desktop/all my projects/uneom.com/node_modules/next/dist/compiled/next-server/app-page.runtime.prod.js:12:134660)
    at e (/Users/ahmedsalem/Desktop/all my projects/uneom.com/node_modules/next/dist/compiled/next-server/app-page.runtime.prod.js:12:137545)
    at ek (/Users/ahmedsalem/Desktop/all my projects/uneom.com/node_modules/next/dist/compiled/next-server/app-page.runtime.prod.js:12:138019)
    at Array.toJSON (/Users/ahmedsalem/Desktop/all my projects/uneom.com/node_modules/next/dist/compiled/next-server/app-page.runtime.prod.js:12:135629)
    at stringify (<anonymous>)
    at eP (/Users/ahmedsalem/Desktop/all my projects/uneom.com/node_modules/next/dist/compiled/next-server/app-page.runtime.prod.js:12:142093)
    at eE (/Users/ahmedsalem/Desktop/all my projects/uneom.com/node_modules/next/dist/compiled/next-server/app-page.runtime.prod.js:12:142572)
    at Timeout._onTimeout (/Users/ahmedsalem/Desktop/all my projects/uneom.com/node_modules/next/dist/compiled/next-server/app-page.runtime.prod.js:12:135349)
    at listOnTimeout (node:internal/timers:605:17) {
  digest: '2151575143'
}
TypeError: Cannot read properties of undefined (reading 'toLowerCase')
    at b (/Users/ahmedsalem/Desktop/all my projects/uneom.com/.next/server/app/locations/[city]/[industry]/page.js:1:4337)
    at eh (/Users/ahmedsalem/Desktop/all my projects/uneom.com/node_modules/next/dist/compiled/next-server/app-page.runtime.prod.js:12:134660)
    at e (/Users/ahmedsalem/Desktop/all my projects/uneom.com/node_modules/next/dist/compiled/next-server/app-page.runtime.prod.js:12:137545)
    at ek (/Users/ahmedsalem/Desktop/all my projects/uneom.com/node_modules/next/dist/compiled/next-server/app-page.runtime.prod.js:12:138019)
    at Array.toJSON (/Users/ahmedsalem/Desktop/all my projects/uneom.com/node_modules/next/dist/compiled/next-server/app-page.runtime.prod.js:12:135629)
    at stringify (<anonymous>)
    at eP (/Users/ahmedsalem/Desktop/all my projects/uneom.com/node_modules/next/dist/compiled/next-server/app-page.runtime.prod.js:12:142093)
    at eE (/Users/ahmedsalem/Desktop/all my projects/uneom.com/node_modules/next/dist/compiled/next-server/app-page.runtime.prod.js:12:142572)
    at Timeout._onTimeout (/Users/ahmedsalem/Desktop/all my projects/uneom.com/node_modules/next/dist/compiled/next-server/app-page.runtime.prod.js:12:135349)
    at listOnTimeout (node:internal/timers:605:17) {
  digest: '2151575143'
}
TypeError: Cannot read properties of undefined (reading 'toLowerCase')
    at b (/Users/ahmedsalem/Desktop/all my projects/uneom.com/.next/server/app/locations/[city]/[industry]/page.js:1:4337)
    at eh (/Users/ahmedsalem/Desktop/all my projects/uneom.com/node_modules/next/dist/compiled/next-server/app-page.runtime.prod.js:12:134660)
    at e (/Users/ahmedsalem/Desktop/all my projects/uneom.com/node_modules/next/dist/compiled/next-server/app-page.runtime.prod.js:12:137545)
    at ek (/Users/ahmedsalem/Desktop/all my projects/uneom.com/node_modules/next/dist/compiled/next-server/app-page.runtime.prod.js:12:138019)
    at Array.toJSON (/Users/ahmedsalem/Desktop/all my projects/uneom.com/node_modules/next/dist/compiled/next-server/app-page.runtime.prod.js:12:135629)
    at stringify (<anonymous>)
    at eP (/Users/ahmedsalem/Desktop/all my projects/uneom.com/node_modules/next/dist/compiled/next-server/app-page.runtime.prod.js:12:142093)
    at eE (/Users/ahmedsalem/Desktop/all my projects/uneom.com/node_modules/next/dist/compiled/next-server/app-page.runtime.prod.js:12:142572)
    at Timeout._onTimeout (/Users/ahmedsalem/Desktop/all my projects/uneom.com/node_modules/next/dist/compiled/next-server/app-page.runtime.prod.js:12:135349)
    at listOnTimeout (node:internal/timers:605:17) {
  digest: '2151575143'
}
TypeError: Cannot read properties of undefined (reading 'toLowerCase')
    at b (/Users/ahmedsalem/Desktop/all my projects/uneom.com/.next/server/app/locations/[city]/[industry]/page.js:1:4337)
    at eh (/Users/ahmedsalem/Desktop/all my projects/uneom.com/node_modules/next/dist/compiled/next-server/app-page.runtime.prod.js:12:134660)
    at e (/Users/ahmedsalem/Desktop/all my projects/uneom.com/node_modules/next/dist/compiled/next-server/app-page.runtime.prod.js:12:137545)
    at ek (/Users/ahmedsalem/Desktop/all my projects/uneom.com/node_modules/next/dist/compiled/next-server/app-page.runtime.prod.js:12:138019)
    at Array.toJSON (/Users/ahmedsalem/Desktop/all my projects/uneom.com/node_modules/next/dist/compiled/next-server/app-page.runtime.prod.js:12:135629)
    at stringify (<anonymous>)
    at eP (/Users/ahmedsalem/Desktop/all my projects/uneom.com/node_modules/next/dist/compiled/next-server/app-page.runtime.prod.js:12:142093)
    at eE (/Users/ahmedsalem/Desktop/all my projects/uneom.com/node_modules/next/dist/compiled/next-server/app-page.runtime.prod.js:12:142572)
    at Timeout._onTimeout (/Users/ahmedsalem/Desktop/all my projects/uneom.com/node_modules/next/dist/compiled/next-server/app-page.runtime.prod.js:12:135349)
    at listOnTimeout (node:internal/timers:605:17) {
  digest: '2151575143'
}
TypeError: Cannot read properties of undefined (reading 'toLowerCase')
    at b (/Users/ahmedsalem/Desktop/all my projects/uneom.com/.next/server/app/locations/[city]/[industry]/page.js:1:4337)
    at eh (/Users/ahmedsalem/Desktop/all my projects/uneom.com/node_modules/next/dist/compiled/next-server/app-page.runtime.prod.js:12:134660)
    at e (/Users/ahmedsalem/Desktop/all my projects/uneom.com/node_modules/next/dist/compiled/next-server/app-page.runtime.prod.js:12:137545)
    at ek (/Users/ahmedsalem/Desktop/all my projects/uneom.com/node_modules/next/dist/compiled/next-server/app-page.runtime.prod.js:12:138019)
    at Array.toJSON (/Users/ahmedsalem/Desktop/all my projects/uneom.com/node_modules/next/dist/compiled/next-server/app-page.runtime.prod.js:12:135629)
    at stringify (<anonymous>)
    at eP (/Users/ahmedsalem/Desktop/all my projects/uneom.com/node_modules/next/dist/compiled/next-server/app-page.runtime.prod.js:12:142093)
    at eE (/Users/ahmedsalem/Desktop/all my projects/uneom.com/node_modules/next/dist/compiled/next-server/app-page.runtime.prod.js:12:142572)
    at Timeout._onTimeout (/Users/ahmedsalem/Desktop/all my projects/uneom.com/node_modules/next/dist/compiled/next-server/app-page.runtime.prod.js:12:135349)
    at listOnTimeout (node:internal/timers:605:17) {
  digest: '2151575143'
}
TypeError: Cannot read properties of undefined (reading 'toLowerCase')
    at b (/Users/ahmedsalem/Desktop/all my projects/uneom.com/.next/server/app/locations/[city]/[industry]/page.js:1:4337)
    at eh (/Users/ahmedsalem/Desktop/all my projects/uneom.com/node_modules/next/dist/compiled/next-server/app-page.runtime.prod.js:12:134660)
    at e (/Users/ahmedsalem/Desktop/all my projects/uneom.com/node_modules/next/dist/compiled/next-server/app-page.runtime.prod.js:12:137545)
    at ek (/Users/ahmedsalem/Desktop/all my projects/uneom.com/node_modules/next/dist/compiled/next-server/app-page.runtime.prod.js:12:138019)
    at Array.toJSON (/Users/ahmedsalem/Desktop/all my projects/uneom.com/node_modules/next/dist/compiled/next-server/app-page.runtime.prod.js:12:135629)
    at stringify (<anonymous>)
    at eP (/Users/ahmedsalem/Desktop/all my projects/uneom.com/node_modules/next/dist/compiled/next-server/app-page.runtime.prod.js:12:142093)
    at eE (/Users/ahmedsalem/Desktop/all my projects/uneom.com/node_modules/next/dist/compiled/next-server/app-page.runtime.prod.js:12:142572)
    at AsyncLocalStorage.run (node:internal/async_local_storage/async_context_frame:63:14)
    at Timeout._onTimeout (/Users/ahmedsalem/Desktop/all my projects/uneom.com/node_modules/next/dist/compiled/next-server/app-page.runtime.prod.js:12:150373) {
  digest: '785353560'
}
TypeError: Cannot read properties of undefined (reading 'toLowerCase')
    at Module.y (/Users/ahmedsalem/Desktop/all my projects/uneom.com/.next/server/app/locations/[city]/[industry]/page.js:1:2657)
    at /Users/ahmedsalem/Desktop/all my projects/uneom.com/node_modules/next/dist/compiled/next-server/app-page.runtime.prod.js:12:227525
    at /Users/ahmedsalem/Desktop/all my projects/uneom.com/node_modules/next/dist/server/lib/trace/tracer.js:140:36
    at NoopContextManager.with (/Users/ahmedsalem/Desktop/all my projects/uneom.com/node_modules/next/dist/compiled/@opentelemetry/api/index.js:1:7062)
    at ContextAPI.with (/Users/ahmedsalem/Desktop/all my projects/uneom.com/node_modules/next/dist/compiled/@opentelemetry/api/index.js:1:518)
    at NoopTracer.startActiveSpan (/Users/ahmedsalem/Desktop/all my projects/uneom.com/node_modules/next/dist/compiled/@opentelemetry/api/index.js:1:18093)
    at ProxyTracer.startActiveSpan (/Users/ahmedsalem/Desktop/all my projects/uneom.com/node_modules/next/dist/compiled/@opentelemetry/api/index.js:1:18854)
    at /Users/ahmedsalem/Desktop/all my projects/uneom.com/node_modules/next/dist/server/lib/trace/tracer.js:122:103
    at NoopContextManager.with (/Users/ahmedsalem/Desktop/all my projects/uneom.com/node_modules/next/dist/compiled/@opentelemetry/api/index.js:1:7062)
    at ContextAPI.with (/Users/ahmedsalem/Desktop/all my projects/uneom.com/node_modules/next/dist/compiled/@opentelemetry/api/index.js:1:518) {
  digest: '2592674761'
}
TypeError: Cannot read properties of undefined (reading 'toLowerCase')
    at Module.y (/Users/ahmedsalem/Desktop/all my projects/uneom.com/.next/server/app/locations/[city]/[industry]/page.js:1:2657)
    at /Users/ahmedsalem/Desktop/all my projects/uneom.com/node_modules/next/dist/compiled/next-server/app-page.runtime.prod.js:12:227525
    at /Users/ahmedsalem/Desktop/all my projects/uneom.com/node_modules/next/dist/server/lib/trace/tracer.js:140:36
    at NoopContextManager.with (/Users/ahmedsalem/Desktop/all my projects/uneom.com/node_modules/next/dist/compiled/@opentelemetry/api/index.js:1:7062)
    at ContextAPI.with (/Users/ahmedsalem/Desktop/all my projects/uneom.com/node_modules/next/dist/compiled/@opentelemetry/api/index.js:1:518)
    at NoopTracer.startActiveSpan (/Users/ahmedsalem/Desktop/all my projects/uneom.com/node_modules/next/dist/compiled/@opentelemetry/api/index.js:1:18093)
    at ProxyTracer.startActiveSpan (/Users/ahmedsalem/Desktop/all my projects/uneom.com/node_modules/next/dist/compiled/@opentelemetry/api/index.js:1:18854)
    at /Users/ahmedsalem/Desktop/all my projects/uneom.com/node_modules/next/dist/server/lib/trace/tracer.js:122:103
    at NoopContextManager.with (/Users/ahmedsalem/Desktop/all my projects/uneom.com/node_modules/next/dist/compiled/@opentelemetry/api/index.js:1:7062)
    at ContextAPI.with (/Users/ahmedsalem/Desktop/all my projects/uneom.com/node_modules/next/dist/compiled/@opentelemetry/api/index.js:1:518) {
  digest: '2592674761'
}
TypeError: Cannot read properties of undefined (reading 'toLowerCase')
    at Module.y (/Users/ahmedsalem/Desktop/all my projects/uneom.com/.next/server/app/locations/[city]/[industry]/page.js:1:2657)
    at /Users/ahmedsalem/Desktop/all my projects/uneom.com/node_modules/next/dist/compiled/next-server/app-page.runtime.prod.js:12:227525
    at /Users/ahmedsalem/Desktop/all my projects/uneom.com/node_modules/next/dist/server/lib/trace/tracer.js:140:36
    at NoopContextManager.with (/Users/ahmedsalem/Desktop/all my projects/uneom.com/node_modules/next/dist/compiled/@opentelemetry/api/index.js:1:7062)
    at ContextAPI.with (/Users/ahmedsalem/Desktop/all my projects/uneom.com/node_modules/next/dist/compiled/@opentelemetry/api/index.js:1:518)
    at NoopTracer.startActiveSpan (/Users/ahmedsalem/Desktop/all my projects/uneom.com/node_modules/next/dist/compiled/@opentelemetry/api/index.js:1:18093)
    at ProxyTracer.startActiveSpan (/Users/ahmedsalem/Desktop/all my projects/uneom.com/node_modules/next/dist/compiled/@opentelemetry/api/index.js:1:18854)
    at /Users/ahmedsalem/Desktop/all my projects/uneom.com/node_modules/next/dist/server/lib/trace/tracer.js:122:103
    at NoopContextManager.with (/Users/ahmedsalem/Desktop/all my projects/uneom.com/node_modules/next/dist/compiled/@opentelemetry/api/index.js:1:7062)
    at ContextAPI.with (/Users/ahmedsalem/Desktop/all my projects/uneom.com/node_modules/next/dist/compiled/@opentelemetry/api/index.js:1:518) {
  digest: '2592674761'
}
TypeError: Cannot read properties of undefined (reading 'toLowerCase')
    at Module.y (/Users/ahmedsalem/Desktop/all my projects/uneom.com/.next/server/app/locations/[city]/[industry]/page.js:1:2657)
    at /Users/ahmedsalem/Desktop/all my projects/uneom.com/node_modules/next/dist/compiled/next-server/app-page.runtime.prod.js:12:227525
    at /Users/ahmedsalem/Desktop/all my projects/uneom.com/node_modules/next/dist/server/lib/trace/tracer.js:140:36
    at NoopContextManager.with (/Users/ahmedsalem/Desktop/all my projects/uneom.com/node_modules/next/dist/compiled/@opentelemetry/api/index.js:1:7062)
    at ContextAPI.with (/Users/ahmedsalem/Desktop/all my projects/uneom.com/node_modules/next/dist/compiled/@opentelemetry/api/index.js:1:518)
    at NoopTracer.startActiveSpan (/Users/ahmedsalem/Desktop/all my projects/uneom.com/node_modules/next/dist/compiled/@opentelemetry/api/index.js:1:18093)
    at ProxyTracer.startActiveSpan (/Users/ahmedsalem/Desktop/all my projects/uneom.com/node_modules/next/dist/compiled/@opentelemetry/api/index.js:1:18854)
    at /Users/ahmedsalem/Desktop/all my projects/uneom.com/node_modules/next/dist/server/lib/trace/tracer.js:122:103
    at NoopContextManager.with (/Users/ahmedsalem/Desktop/all my projects/uneom.com/node_modules/next/dist/compiled/@opentelemetry/api/index.js:1:7062)
    at ContextAPI.with (/Users/ahmedsalem/Desktop/all my projects/uneom.com/node_modules/next/dist/compiled/@opentelemetry/api/index.js:1:518) {
  digest: '2592674761'
}
TypeError: Cannot read properties of undefined (reading 'toLowerCase')
    at b (/Users/ahmedsalem/Desktop/all my projects/uneom.com/.next/server/app/locations/[city]/[industry]/page.js:1:4337)
    at eh (/Users/ahmedsalem/Desktop/all my projects/uneom.com/node_modules/next/dist/compiled/next-server/app-page.runtime.prod.js:12:134660)
    at e (/Users/ahmedsalem/Desktop/all my projects/uneom.com/node_modules/next/dist/compiled/next-server/app-page.runtime.prod.js:12:137545)
    at ek (/Users/ahmedsalem/Desktop/all my projects/uneom.com/node_modules/next/dist/compiled/next-server/app-page.runtime.prod.js:12:138019)
    at Array.toJSON (/Users/ahmedsalem/Desktop/all my projects/uneom.com/node_modules/next/dist/compiled/next-server/app-page.runtime.prod.js:12:135629)
    at stringify (<anonymous>)
    at eP (/Users/ahmedsalem/Desktop/all my projects/uneom.com/node_modules/next/dist/compiled/next-server/app-page.runtime.prod.js:12:142093)
    at eE (/Users/ahmedsalem/Desktop/all my projects/uneom.com/node_modules/next/dist/compiled/next-server/app-page.runtime.prod.js:12:142572)
    at Timeout._onTimeout (/Users/ahmedsalem/Desktop/all my projects/uneom.com/node_modules/next/dist/compiled/next-server/app-page.runtime.prod.js:12:135349)
    at listOnTimeout (node:internal/timers:605:17) {
  digest: '2151575143'
}
TypeError: Cannot read properties of undefined (reading 'toLowerCase')
    at Module.y (/Users/ahmedsalem/Desktop/all my projects/uneom.com/.next/server/app/locations/[city]/[industry]/page.js:1:2657)
    at /Users/ahmedsalem/Desktop/all my projects/uneom.com/node_modules/next/dist/compiled/next-server/app-page.runtime.prod.js:12:227525
    at /Users/ahmedsalem/Desktop/all my projects/uneom.com/node_modules/next/dist/server/lib/trace/tracer.js:140:36
    at NoopContextManager.with (/Users/ahmedsalem/Desktop/all my projects/uneom.com/node_modules/next/dist/compiled/@opentelemetry/api/index.js:1:7062)
    at ContextAPI.with (/Users/ahmedsalem/Desktop/all my projects/uneom.com/node_modules/next/dist/compiled/@opentelemetry/api/index.js:1:518)
    at NoopTracer.startActiveSpan (/Users/ahmedsalem/Desktop/all my projects/uneom.com/node_modules/next/dist/compiled/@opentelemetry/api/index.js:1:18093)
    at ProxyTracer.startActiveSpan (/Users/ahmedsalem/Desktop/all my projects/uneom.com/node_modules/next/dist/compiled/@opentelemetry/api/index.js:1:18854)
    at /Users/ahmedsalem/Desktop/all my projects/uneom.com/node_modules/next/dist/server/lib/trace/tracer.js:122:103
    at NoopContextManager.with (/Users/ahmedsalem/Desktop/all my projects/uneom.com/node_modules/next/dist/compiled/@opentelemetry/api/index.js:1:7062)
    at ContextAPI.with (/Users/ahmedsalem/Desktop/all my projects/uneom.com/node_modules/next/dist/compiled/@opentelemetry/api/index.js:1:518) {
  digest: '2592674761'
}
TypeError: Cannot read properties of undefined (reading 'toLowerCase')
    at Module.y (/Users/ahmedsalem/Desktop/all my projects/uneom.com/.next/server/app/locations/[city]/[industry]/page.js:1:2657)
    at /Users/ahmedsalem/Desktop/all my projects/uneom.com/node_modules/next/dist/compiled/next-server/app-page.runtime.prod.js:12:227525
    at /Users/ahmedsalem/Desktop/all my projects/uneom.com/node_modules/next/dist/server/lib/trace/tracer.js:140:36
    at NoopContextManager.with (/Users/ahmedsalem/Desktop/all my projects/uneom.com/node_modules/next/dist/compiled/@opentelemetry/api/index.js:1:7062)
    at ContextAPI.with (/Users/ahmedsalem/Desktop/all my projects/uneom.com/node_modules/next/dist/compiled/@opentelemetry/api/index.js:1:518)
    at NoopTracer.startActiveSpan (/Users/ahmedsalem/Desktop/all my projects/uneom.com/node_modules/next/dist/compiled/@opentelemetry/api/index.js:1:18093)
    at ProxyTracer.startActiveSpan (/Users/ahmedsalem/Desktop/all my projects/uneom.com/node_modules/next/dist/compiled/@opentelemetry/api/index.js:1:18854)
    at /Users/ahmedsalem/Desktop/all my projects/uneom.com/node_modules/next/dist/server/lib/trace/tracer.js:122:103
    at NoopContextManager.with (/Users/ahmedsalem/Desktop/all my projects/uneom.com/node_modules/next/dist/compiled/@opentelemetry/api/index.js:1:7062)
    at ContextAPI.with (/Users/ahmedsalem/Desktop/all my projects/uneom.com/node_modules/next/dist/compiled/@opentelemetry/api/index.js:1:518) {
  digest: '2592674761'
}
TypeError: Cannot read properties of undefined (reading 'toLowerCase')
    at b (/Users/ahmedsalem/Desktop/all my projects/uneom.com/.next/server/app/locations/[city]/[industry]/page.js:1:4337)
    at eh (/Users/ahmedsalem/Desktop/all my projects/uneom.com/node_modules/next/dist/compiled/next-server/app-page.runtime.prod.js:12:134660)
    at e (/Users/ahmedsalem/Desktop/all my projects/uneom.com/node_modules/next/dist/compiled/next-server/app-page.runtime.prod.js:12:137545)
    at ek (/Users/ahmedsalem/Desktop/all my projects/uneom.com/node_modules/next/dist/compiled/next-server/app-page.runtime.prod.js:12:138019)
    at Array.toJSON (/Users/ahmedsalem/Desktop/all my projects/uneom.com/node_modules/next/dist/compiled/next-server/app-page.runtime.prod.js:12:135629)
    at stringify (<anonymous>)
    at eP (/Users/ahmedsalem/Desktop/all my projects/uneom.com/node_modules/next/dist/compiled/next-server/app-page.runtime.prod.js:12:142093)
    at eE (/Users/ahmedsalem/Desktop/all my projects/uneom.com/node_modules/next/dist/compiled/next-server/app-page.runtime.prod.js:12:142572)
    at AsyncLocalStorage.run (node:internal/async_local_storage/async_context_frame:63:14)
    at Timeout._onTimeout (/Users/ahmedsalem/Desktop/all my projects/uneom.com/node_modules/next/dist/compiled/next-server/app-page.runtime.prod.js:12:150373) {
  digest: '785353560'
}
TypeError: Cannot read properties of undefined (reading 'toLowerCase')
    at Module.y (/Users/ahmedsalem/Desktop/all my projects/uneom.com/.next/server/app/locations/[city]/[industry]/page.js:1:2657)
    at /Users/ahmedsalem/Desktop/all my projects/uneom.com/node_modules/next/dist/compiled/next-server/app-page.runtime.prod.js:12:227525
    at /Users/ahmedsalem/Desktop/all my projects/uneom.com/node_modules/next/dist/server/lib/trace/tracer.js:140:36
    at NoopContextManager.with (/Users/ahmedsalem/Desktop/all my projects/uneom.com/node_modules/next/dist/compiled/@opentelemetry/api/index.js:1:7062)
    at ContextAPI.with (/Users/ahmedsalem/Desktop/all my projects/uneom.com/node_modules/next/dist/compiled/@opentelemetry/api/index.js:1:518)
    at NoopTracer.startActiveSpan (/Users/ahmedsalem/Desktop/all my projects/uneom.com/node_modules/next/dist/compiled/@opentelemetry/api/index.js:1:18093)
    at ProxyTracer.startActiveSpan (/Users/ahmedsalem/Desktop/all my projects/uneom.com/node_modules/next/dist/compiled/@opentelemetry/api/index.js:1:18854)
    at /Users/ahmedsalem/Desktop/all my projects/uneom.com/node_modules/next/dist/server/lib/trace/tracer.js:122:103
    at NoopContextManager.with (/Users/ahmedsalem/Desktop/all my projects/uneom.com/node_modules/next/dist/compiled/@opentelemetry/api/index.js:1:7062)
    at ContextAPI.with (/Users/ahmedsalem/Desktop/all my projects/uneom.com/node_modules/next/dist/compiled/@opentelemetry/api/index.js:1:518) {
  digest: '2592674761'
}
TypeError: Cannot read properties of undefined (reading 'toLowerCase')
    at Module.y (/Users/ahmedsalem/Desktop/all my projects/uneom.com/.next/server/app/locations/[city]/[industry]/page.js:1:2657)
    at /Users/ahmedsalem/Desktop/all my projects/uneom.com/node_modules/next/dist/compiled/next-server/app-page.runtime.prod.js:12:227525
    at /Users/ahmedsalem/Desktop/all my projects/uneom.com/node_modules/next/dist/server/lib/trace/tracer.js:140:36
    at NoopContextManager.with (/Users/ahmedsalem/Desktop/all my projects/uneom.com/node_modules/next/dist/compiled/@opentelemetry/api/index.js:1:7062)
    at ContextAPI.with (/Users/ahmedsalem/Desktop/all my projects/uneom.com/node_modules/next/dist/compiled/@opentelemetry/api/index.js:1:518)
    at NoopTracer.startActiveSpan (/Users/ahmedsalem/Desktop/all my projects/uneom.com/node_modules/next/dist/compiled/@opentelemetry/api/index.js:1:18093)
    at ProxyTracer.startActiveSpan (/Users/ahmedsalem/Desktop/all my projects/uneom.com/node_modules/next/dist/compiled/@opentelemetry/api/index.js:1:18854)
    at /Users/ahmedsalem/Desktop/all my projects/uneom.com/node_modules/next/dist/server/lib/trace/tracer.js:122:103
    at NoopContextManager.with (/Users/ahmedsalem/Desktop/all my projects/uneom.com/node_modules/next/dist/compiled/@opentelemetry/api/index.js:1:7062)
    at ContextAPI.with (/Users/ahmedsalem/Desktop/all my projects/uneom.com/node_modules/next/dist/compiled/@opentelemetry/api/index.js:1:518) {
  digest: '2592674761'
}
TypeError: Cannot read properties of undefined (reading 'toLowerCase')
    at Module.y (/Users/ahmedsalem/Desktop/all my projects/uneom.com/.next/server/app/locations/[city]/[industry]/page.js:1:2657)
    at /Users/ahmedsalem/Desktop/all my projects/uneom.com/node_modules/next/dist/compiled/next-server/app-page.runtime.prod.js:12:227525
    at /Users/ahmedsalem/Desktop/all my projects/uneom.com/node_modules/next/dist/server/lib/trace/tracer.js:140:36
    at NoopContextManager.with (/Users/ahmedsalem/Desktop/all my projects/uneom.com/node_modules/next/dist/compiled/@opentelemetry/api/index.js:1:7062)
    at ContextAPI.with (/Users/ahmedsalem/Desktop/all my projects/uneom.com/node_modules/next/dist/compiled/@opentelemetry/api/index.js:1:518)
    at NoopTracer.startActiveSpan (/Users/ahmedsalem/Desktop/all my projects/uneom.com/node_modules/next/dist/compiled/@opentelemetry/api/index.js:1:18093)
    at ProxyTracer.startActiveSpan (/Users/ahmedsalem/Desktop/all my projects/uneom.com/node_modules/next/dist/compiled/@opentelemetry/api/index.js:1:18854)
    at /Users/ahmedsalem/Desktop/all my projects/uneom.com/node_modules/next/dist/server/lib/trace/tracer.js:122:103
    at NoopContextManager.with (/Users/ahmedsalem/Desktop/all my projects/uneom.com/node_modules/next/dist/compiled/@opentelemetry/api/index.js:1:7062)
    at ContextAPI.with (/Users/ahmedsalem/Desktop/all my projects/uneom.com/node_modules/next/dist/compiled/@opentelemetry/api/index.js:1:518) {
  digest: '2592674761'
}
TypeError: Cannot read properties of undefined (reading 'toLowerCase')
    at b (/Users/ahmedsalem/Desktop/all my projects/uneom.com/.next/server/app/locations/[city]/[industry]/page.js:1:4337)
    at eh (/Users/ahmedsalem/Desktop/all my projects/uneom.com/node_modules/next/dist/compiled/next-server/app-page.runtime.prod.js:12:134660)
    at e (/Users/ahmedsalem/Desktop/all my projects/uneom.com/node_modules/next/dist/compiled/next-server/app-page.runtime.prod.js:12:137545)
    at ek (/Users/ahmedsalem/Desktop/all my projects/uneom.com/node_modules/next/dist/compiled/next-server/app-page.runtime.prod.js:12:138019)
    at Array.toJSON (/Users/ahmedsalem/Desktop/all my projects/uneom.com/node_modules/next/dist/compiled/next-server/app-page.runtime.prod.js:12:135629)
    at stringify (<anonymous>)
    at eP (/Users/ahmedsalem/Desktop/all my projects/uneom.com/node_modules/next/dist/compiled/next-server/app-page.runtime.prod.js:12:142093)
    at eE (/Users/ahmedsalem/Desktop/all my projects/uneom.com/node_modules/next/dist/compiled/next-server/app-page.runtime.prod.js:12:142572)
    at Timeout._onTimeout (/Users/ahmedsalem/Desktop/all my projects/uneom.com/node_modules/next/dist/compiled/next-server/app-page.runtime.prod.js:12:135349)
    at listOnTimeout (node:internal/timers:605:17) {
  digest: '2151575143'
}
TypeError: Cannot read properties of undefined (reading 'toLowerCase')
    at Module.y (/Users/ahmedsalem/Desktop/all my projects/uneom.com/.next/server/app/locations/[city]/[industry]/page.js:1:2657)
    at /Users/ahmedsalem/Desktop/all my projects/uneom.com/node_modules/next/dist/compiled/next-server/app-page.runtime.prod.js:12:227525
    at /Users/ahmedsalem/Desktop/all my projects/uneom.com/node_modules/next/dist/server/lib/trace/tracer.js:140:36
    at NoopContextManager.with (/Users/ahmedsalem/Desktop/all my projects/uneom.com/node_modules/next/dist/compiled/@opentelemetry/api/index.js:1:7062)
    at ContextAPI.with (/Users/ahmedsalem/Desktop/all my projects/uneom.com/node_modules/next/dist/compiled/@opentelemetry/api/index.js:1:518)
    at NoopTracer.startActiveSpan (/Users/ahmedsalem/Desktop/all my projects/uneom.com/node_modules/next/dist/compiled/@opentelemetry/api/index.js:1:18093)
    at ProxyTracer.startActiveSpan (/Users/ahmedsalem/Desktop/all my projects/uneom.com/node_modules/next/dist/compiled/@opentelemetry/api/index.js:1:18854)
    at /Users/ahmedsalem/Desktop/all my projects/uneom.com/node_modules/next/dist/server/lib/trace/tracer.js:122:103
    at NoopContextManager.with (/Users/ahmedsalem/Desktop/all my projects/uneom.com/node_modules/next/dist/compiled/@opentelemetry/api/index.js:1:7062)
    at ContextAPI.with (/Users/ahmedsalem/Desktop/all my projects/uneom.com/node_modules/next/dist/compiled/@opentelemetry/api/index.js:1:518) {
  digest: '2592674761'
}
TypeError: Cannot read properties of undefined (reading 'toLowerCase')
    at Module.y (/Users/ahmedsalem/Desktop/all my projects/uneom.com/.next/server/app/locations/[city]/[industry]/page.js:1:2657)
    at /Users/ahmedsalem/Desktop/all my projects/uneom.com/node_modules/next/dist/compiled/next-server/app-page.runtime.prod.js:12:227525
    at /Users/ahmedsalem/Desktop/all my projects/uneom.com/node_modules/next/dist/server/lib/trace/tracer.js:140:36
    at NoopContextManager.with (/Users/ahmedsalem/Desktop/all my projects/uneom.com/node_modules/next/dist/compiled/@opentelemetry/api/index.js:1:7062)
    at ContextAPI.with (/Users/ahmedsalem/Desktop/all my projects/uneom.com/node_modules/next/dist/compiled/@opentelemetry/api/index.js:1:518)
    at NoopTracer.startActiveSpan (/Users/ahmedsalem/Desktop/all my projects/uneom.com/node_modules/next/dist/compiled/@opentelemetry/api/index.js:1:18093)
    at ProxyTracer.startActiveSpan (/Users/ahmedsalem/Desktop/all my projects/uneom.com/node_modules/next/dist/compiled/@opentelemetry/api/index.js:1:18854)
    at /Users/ahmedsalem/Desktop/all my projects/uneom.com/node_modules/next/dist/server/lib/trace/tracer.js:122:103
    at NoopContextManager.with (/Users/ahmedsalem/Desktop/all my projects/uneom.com/node_modules/next/dist/compiled/@opentelemetry/api/index.js:1:7062)
    at ContextAPI.with (/Users/ahmedsalem/Desktop/all my projects/uneom.com/node_modules/next/dist/compiled/@opentelemetry/api/index.js:1:518) {
  digest: '2592674761'
}
TypeError: Cannot read properties of undefined (reading 'toLowerCase')
    at Module.y (/Users/ahmedsalem/Desktop/all my projects/uneom.com/.next/server/app/locations/[city]/[industry]/page.js:1:2657)
    at /Users/ahmedsalem/Desktop/all my projects/uneom.com/node_modules/next/dist/compiled/next-server/app-page.runtime.prod.js:12:227525
    at /Users/ahmedsalem/Desktop/all my projects/uneom.com/node_modules/next/dist/server/lib/trace/tracer.js:140:36
    at NoopContextManager.with (/Users/ahmedsalem/Desktop/all my projects/uneom.com/node_modules/next/dist/compiled/@opentelemetry/api/index.js:1:7062)
    at ContextAPI.with (/Users/ahmedsalem/Desktop/all my projects/uneom.com/node_modules/next/dist/compiled/@opentelemetry/api/index.js:1:518)
    at NoopTracer.startActiveSpan (/Users/ahmedsalem/Desktop/all my projects/uneom.com/node_modules/next/dist/compiled/@opentelemetry/api/index.js:1:18093)
    at ProxyTracer.startActiveSpan (/Users/ahmedsalem/Desktop/all my projects/uneom.com/node_modules/next/dist/compiled/@opentelemetry/api/index.js:1:18854)
    at /Users/ahmedsalem/Desktop/all my projects/uneom.com/node_modules/next/dist/server/lib/trace/tracer.js:122:103
    at NoopContextManager.with (/Users/ahmedsalem/Desktop/all my projects/uneom.com/node_modules/next/dist/compiled/@opentelemetry/api/index.js:1:7062)
    at ContextAPI.with (/Users/ahmedsalem/Desktop/all my projects/uneom.com/node_modules/next/dist/compiled/@opentelemetry/api/index.js:1:518) {
  digest: '2592674761'
}
TypeError: Cannot read properties of undefined (reading 'toLowerCase')
    at Module.y (/Users/ahmedsalem/Desktop/all my projects/uneom.com/.next/server/app/locations/[city]/[industry]/page.js:1:2657)
    at /Users/ahmedsalem/Desktop/all my projects/uneom.com/node_modules/next/dist/compiled/next-server/app-page.runtime.prod.js:12:227525
    at /Users/ahmedsalem/Desktop/all my projects/uneom.com/node_modules/next/dist/server/lib/trace/tracer.js:140:36
    at NoopContextManager.with (/Users/ahmedsalem/Desktop/all my projects/uneom.com/node_modules/next/dist/compiled/@opentelemetry/api/index.js:1:7062)
    at ContextAPI.with (/Users/ahmedsalem/Desktop/all my projects/uneom.com/node_modules/next/dist/compiled/@opentelemetry/api/index.js:1:518)
    at NoopTracer.startActiveSpan (/Users/ahmedsalem/Desktop/all my projects/uneom.com/node_modules/next/dist/compiled/@opentelemetry/api/index.js:1:18093)
    at ProxyTracer.startActiveSpan (/Users/ahmedsalem/Desktop/all my projects/uneom.com/node_modules/next/dist/compiled/@opentelemetry/api/index.js:1:18854)
    at /Users/ahmedsalem/Desktop/all my projects/uneom.com/node_modules/next/dist/server/lib/trace/tracer.js:122:103
    at NoopContextManager.with (/Users/ahmedsalem/Desktop/all my projects/uneom.com/node_modules/next/dist/compiled/@opentelemetry/api/index.js:1:7062)
    at ContextAPI.with (/Users/ahmedsalem/Desktop/all my projects/uneom.com/node_modules/next/dist/compiled/@opentelemetry/api/index.js:1:518) {
  digest: '2592674761'
}
TypeError: Cannot read properties of undefined (reading 'toLowerCase')
    at Module.y (/Users/ahmedsalem/Desktop/all my projects/uneom.com/.next/server/app/locations/[city]/[industry]/page.js:1:2657)
    at /Users/ahmedsalem/Desktop/all my projects/uneom.com/node_modules/next/dist/compiled/next-server/app-page.runtime.prod.js:12:227525
    at /Users/ahmedsalem/Desktop/all my projects/uneom.com/node_modules/next/dist/server/lib/trace/tracer.js:140:36
    at NoopContextManager.with (/Users/ahmedsalem/Desktop/all my projects/uneom.com/node_modules/next/dist/compiled/@opentelemetry/api/index.js:1:7062)
    at ContextAPI.with (/Users/ahmedsalem/Desktop/all my projects/uneom.com/node_modules/next/dist/compiled/@opentelemetry/api/index.js:1:518)
    at NoopTracer.startActiveSpan (/Users/ahmedsalem/Desktop/all my projects/uneom.com/node_modules/next/dist/compiled/@opentelemetry/api/index.js:1:18093)
    at ProxyTracer.startActiveSpan (/Users/ahmedsalem/Desktop/all my projects/uneom.com/node_modules/next/dist/compiled/@opentelemetry/api/index.js:1:18854)
    at /Users/ahmedsalem/Desktop/all my projects/uneom.com/node_modules/next/dist/server/lib/trace/tracer.js:122:103
    at NoopContextManager.with (/Users/ahmedsalem/Desktop/all my projects/uneom.com/node_modules/next/dist/compiled/@opentelemetry/api/index.js:1:7062)
    at ContextAPI.with (/Users/ahmedsalem/Desktop/all my projects/uneom.com/node_modules/next/dist/compiled/@opentelemetry/api/index.js:1:518) {
  digest: '2592674761'
}

Error occurred prerendering page "/locations/hail/education". Read more: https://nextjs.org/docs/messages/prerender-error

TypeError: Cannot read properties of undefined (reading 'toLowerCase')
    at b (/Users/ahmedsalem/Desktop/all my projects/uneom.com/.next/server/app/locations/[city]/[industry]/page.js:1:4337)
    at eh (/Users/ahmedsalem/Desktop/all my projects/uneom.com/node_modules/next/dist/compiled/next-server/app-page.runtime.prod.js:12:134660)
    at e (/Users/ahmedsalem/Desktop/all my projects/uneom.com/node_modules/next/dist/compiled/next-server/app-page.runtime.prod.js:12:137545)
    at ek (/Users/ahmedsalem/Desktop/all my projects/uneom.com/node_modules/next/dist/compiled/next-server/app-page.runtime.prod.js:12:138019)
    at Array.toJSON (/Users/ahmedsalem/Desktop/all my projects/uneom.com/node_modules/next/dist/compiled/next-server/app-page.runtime.prod.js:12:135629)
    at stringify (<anonymous>)
    at eP (/Users/ahmedsalem/Desktop/all my projects/uneom.com/node_modules/next/dist/compiled/next-server/app-page.runtime.prod.js:12:142093)
    at eE (/Users/ahmedsalem/Desktop/all my projects/uneom.com/node_modules/next/dist/compiled/next-server/app-page.runtime.prod.js:12:142572)
    at AsyncLocalStorage.run (node:internal/async_local_storage/async_context_frame:63:14)
    at Timeout._onTimeout (/Users/ahmedsalem/Desktop/all my projects/uneom.com/node_modules/next/dist/compiled/next-server/app-page.runtime.prod.js:12:150373)

Error occurred prerendering page "/locations/hail/manufacturing". Read more: https://nextjs.org/docs/messages/prerender-error

TypeError: Cannot read properties of undefined (reading 'toLowerCase')
    at b (/Users/ahmedsalem/Desktop/all my projects/uneom.com/.next/server/app/locations/[city]/[industry]/page.js:1:4337)
    at eh (/Users/ahmedsalem/Desktop/all my projects/uneom.com/node_modules/next/dist/compiled/next-server/app-page.runtime.prod.js:12:134660)
    at e (/Users/ahmedsalem/Desktop/all my projects/uneom.com/node_modules/next/dist/compiled/next-server/app-page.runtime.prod.js:12:137545)
    at ek (/Users/ahmedsalem/Desktop/all my projects/uneom.com/node_modules/next/dist/compiled/next-server/app-page.runtime.prod.js:12:138019)
    at Array.toJSON (/Users/ahmedsalem/Desktop/all my projects/uneom.com/node_modules/next/dist/compiled/next-server/app-page.runtime.prod.js:12:135629)
    at stringify (<anonymous>)
    at eP (/Users/ahmedsalem/Desktop/all my projects/uneom.com/node_modules/next/dist/compiled/next-server/app-page.runtime.prod.js:12:142093)
    at eE (/Users/ahmedsalem/Desktop/all my projects/uneom.com/node_modules/next/dist/compiled/next-server/app-page.runtime.prod.js:12:142572)
    at AsyncLocalStorage.run (node:internal/async_local_storage/async_context_frame:63:14)
    at Timeout._onTimeout (/Users/ahmedsalem/Desktop/all my projects/uneom.com/node_modules/next/dist/compiled/next-server/app-page.runtime.prod.js:12:150373)

Error occurred prerendering page "/locations/hail/security". Read more: https://nextjs.org/docs/messages/prerender-error

TypeError: Cannot read properties of undefined (reading 'toLowerCase')
    at b (/Users/ahmedsalem/Desktop/all my projects/uneom.com/.next/server/app/locations/[city]/[industry]/page.js:1:4337)
    at eh (/Users/ahmedsalem/Desktop/all my projects/uneom.com/node_modules/next/dist/compiled/next-server/app-page.runtime.prod.js:12:134660)
    at e (/Users/ahmedsalem/Desktop/all my projects/uneom.com/node_modules/next/dist/compiled/next-server/app-page.runtime.prod.js:12:137545)
    at ek (/Users/ahmedsalem/Desktop/all my projects/uneom.com/node_modules/next/dist/compiled/next-server/app-page.runtime.prod.js:12:138019)
    at Array.toJSON (/Users/ahmedsalem/Desktop/all my projects/uneom.com/node_modules/next/dist/compiled/next-server/app-page.runtime.prod.js:12:135629)
    at stringify (<anonymous>)
    at eP (/Users/ahmedsalem/Desktop/all my projects/uneom.com/node_modules/next/dist/compiled/next-server/app-page.runtime.prod.js:12:142093)
    at eE (/Users/ahmedsalem/Desktop/all my projects/uneom.com/node_modules/next/dist/compiled/next-server/app-page.runtime.prod.js:12:142572)
    at AsyncLocalStorage.run (node:internal/async_local_storage/async_context_frame:63:14)
    at Timeout._onTimeout (/Users/ahmedsalem/Desktop/all my projects/uneom.com/node_modules/next/dist/compiled/next-server/app-page.runtime.prod.js:12:150373)

Error occurred prerendering page "/locations/hail/factory-industry". Read more: https://nextjs.org/docs/messages/prerender-error

TypeError: Cannot read properties of undefined (reading 'toLowerCase')
    at b (/Users/ahmedsalem/Desktop/all my projects/uneom.com/.next/server/app/locations/[city]/[industry]/page.js:1:4337)
    at eh (/Users/ahmedsalem/Desktop/all my projects/uneom.com/node_modules/next/dist/compiled/next-server/app-page.runtime.prod.js:12:134660)
    at e (/Users/ahmedsalem/Desktop/all my projects/uneom.com/node_modules/next/dist/compiled/next-server/app-page.runtime.prod.js:12:137545)
    at ek (/Users/ahmedsalem/Desktop/all my projects/uneom.com/node_modules/next/dist/compiled/next-server/app-page.runtime.prod.js:12:138019)
    at Array.toJSON (/Users/ahmedsalem/Desktop/all my projects/uneom.com/node_modules/next/dist/compiled/next-server/app-page.runtime.prod.js:12:135629)
    at stringify (<anonymous>)
    at eP (/Users/ahmedsalem/Desktop/all my projects/uneom.com/node_modules/next/dist/compiled/next-server/app-page.runtime.prod.js:12:142093)
    at eE (/Users/ahmedsalem/Desktop/all my projects/uneom.com/node_modules/next/dist/compiled/next-server/app-page.runtime.prod.js:12:142572)
    at AsyncLocalStorage.run (node:internal/async_local_storage/async_context_frame:63:14)
    at Timeout._onTimeout (/Users/ahmedsalem/Desktop/all my projects/uneom.com/node_modules/next/dist/compiled/next-server/app-page.runtime.prod.js:12:150373)

Error occurred prerendering page "/locations/hail/retail-shops". Read more: https://nextjs.org/docs/messages/prerender-error

TypeError: Cannot read properties of undefined (reading 'toLowerCase')
    at b (/Users/ahmedsalem/Desktop/all my projects/uneom.com/.next/server/app/locations/[city]/[industry]/page.js:1:4337)
    at eh (/Users/ahmedsalem/Desktop/all my projects/uneom.com/node_modules/next/dist/compiled/next-server/app-page.runtime.prod.js:12:134660)
    at e (/Users/ahmedsalem/Desktop/all my projects/uneom.com/node_modules/next/dist/compiled/next-server/app-page.runtime.prod.js:12:137545)
    at ek (/Users/ahmedsalem/Desktop/all my projects/uneom.com/node_modules/next/dist/compiled/next-server/app-page.runtime.prod.js:12:138019)
    at Array.toJSON (/Users/ahmedsalem/Desktop/all my projects/uneom.com/node_modules/next/dist/compiled/next-server/app-page.runtime.prod.js:12:135629)
    at stringify (<anonymous>)
    at eP (/Users/ahmedsalem/Desktop/all my projects/uneom.com/node_modules/next/dist/compiled/next-server/app-page.runtime.prod.js:12:142093)
    at eE (/Users/ahmedsalem/Desktop/all my projects/uneom.com/node_modules/next/dist/compiled/next-server/app-page.runtime.prod.js:12:142572)
    at AsyncLocalStorage.run (node:internal/async_local_storage/async_context_frame:63:14)
    at Timeout._onTimeout (/Users/ahmedsalem/Desktop/all my projects/uneom.com/node_modules/next/dist/compiled/next-server/app-page.runtime.prod.js:12:150373)

Error occurred prerendering page "/locations/jazan/healthcare". Read more: https://nextjs.org/docs/messages/prerender-error

TypeError: Cannot read properties of undefined (reading 'toLowerCase')
    at b (/Users/ahmedsalem/Desktop/all my projects/uneom.com/.next/server/app/locations/[city]/[industry]/page.js:1:4337)
    at eh (/Users/ahmedsalem/Desktop/all my projects/uneom.com/node_modules/next/dist/compiled/next-server/app-page.runtime.prod.js:12:134660)
    at e (/Users/ahmedsalem/Desktop/all my projects/uneom.com/node_modules/next/dist/compiled/next-server/app-page.runtime.prod.js:12:137545)
    at ek (/Users/ahmedsalem/Desktop/all my projects/uneom.com/node_modules/next/dist/compiled/next-server/app-page.runtime.prod.js:12:138019)
    at Array.toJSON (/Users/ahmedsalem/Desktop/all my projects/uneom.com/node_modules/next/dist/compiled/next-server/app-page.runtime.prod.js:12:135629)
    at stringify (<anonymous>)
    at eP (/Users/ahmedsalem/Desktop/all my projects/uneom.com/node_modules/next/dist/compiled/next-server/app-page.runtime.prod.js:12:142093)
    at eE (/Users/ahmedsalem/Desktop/all my projects/uneom.com/node_modules/next/dist/compiled/next-server/app-page.runtime.prod.js:12:142572)
    at AsyncLocalStorage.run (node:internal/async_local_storage/async_context_frame:63:14)
    at Timeout._onTimeout (/Users/ahmedsalem/Desktop/all my projects/uneom.com/node_modules/next/dist/compiled/next-server/app-page.runtime.prod.js:12:150373)
TypeError: Cannot read properties of undefined (reading 'toLowerCase')
    at b (/Users/ahmedsalem/Desktop/all my projects/uneom.com/.next/server/app/locations/[city]/[industry]/page.js:1:4337)
    at eh (/Users/ahmedsalem/Desktop/all my projects/uneom.com/node_modules/next/dist/compiled/next-server/app-page.runtime.prod.js:12:134660)
    at e (/Users/ahmedsalem/Desktop/all my projects/uneom.com/node_modules/next/dist/compiled/next-server/app-page.runtime.prod.js:12:137545)
    at ek (/Users/ahmedsalem/Desktop/all my projects/uneom.com/node_modules/next/dist/compiled/next-server/app-page.runtime.prod.js:12:138019)
    at Array.toJSON (/Users/ahmedsalem/Desktop/all my projects/uneom.com/node_modules/next/dist/compiled/next-server/app-page.runtime.prod.js:12:135629)
    at stringify (<anonymous>)
    at eP (/Users/ahmedsalem/Desktop/all my projects/uneom.com/node_modules/next/dist/compiled/next-server/app-page.runtime.prod.js:12:142093)
    at eE (/Users/ahmedsalem/Desktop/all my projects/uneom.com/node_modules/next/dist/compiled/next-server/app-page.runtime.prod.js:12:142572)
    at AsyncLocalStorage.run (node:internal/async_local_storage/async_context_frame:63:14)
    at Timeout._onTimeout (/Users/ahmedsalem/Desktop/all my projects/uneom.com/node_modules/next/dist/compiled/next-server/app-page.runtime.prod.js:12:150373) {
  digest: '785353560'
}

Error occurred prerendering page "/locations/hail/supply-manufacturing". Read more: https://nextjs.org/docs/messages/prerender-error

TypeError: Cannot read properties of undefined (reading 'toLowerCase')
    at b (/Users/ahmedsalem/Desktop/all my projects/uneom.com/.next/server/app/locations/[city]/[industry]/page.js:1:4337)
    at eh (/Users/ahmedsalem/Desktop/all my projects/uneom.com/node_modules/next/dist/compiled/next-server/app-page.runtime.prod.js:12:134660)
    at e (/Users/ahmedsalem/Desktop/all my projects/uneom.com/node_modules/next/dist/compiled/next-server/app-page.runtime.prod.js:12:137545)
    at ek (/Users/ahmedsalem/Desktop/all my projects/uneom.com/node_modules/next/dist/compiled/next-server/app-page.runtime.prod.js:12:138019)
    at Array.toJSON (/Users/ahmedsalem/Desktop/all my projects/uneom.com/node_modules/next/dist/compiled/next-server/app-page.runtime.prod.js:12:135629)
    at stringify (<anonymous>)
    at eP (/Users/ahmedsalem/Desktop/all my projects/uneom.com/node_modules/next/dist/compiled/next-server/app-page.runtime.prod.js:12:142093)
    at eE (/Users/ahmedsalem/Desktop/all my projects/uneom.com/node_modules/next/dist/compiled/next-server/app-page.runtime.prod.js:12:142572)
    at AsyncLocalStorage.run (node:internal/async_local_storage/async_context_frame:63:14)
    at Timeout._onTimeout (/Users/ahmedsalem/Desktop/all my projects/uneom.com/node_modules/next/dist/compiled/next-server/app-page.runtime.prod.js:12:150373)
TypeError: Cannot read properties of undefined (reading 'toLowerCase')
    at b (/Users/ahmedsalem/Desktop/all my projects/uneom.com/.next/server/app/locations/[city]/[industry]/page.js:1:4337)
    at eh (/Users/ahmedsalem/Desktop/all my projects/uneom.com/node_modules/next/dist/compiled/next-server/app-page.runtime.prod.js:12:134660)
    at e (/Users/ahmedsalem/Desktop/all my projects/uneom.com/node_modules/next/dist/compiled/next-server/app-page.runtime.prod.js:12:137545)
    at ek (/Users/ahmedsalem/Desktop/all my projects/uneom.com/node_modules/next/dist/compiled/next-server/app-page.runtime.prod.js:12:138019)
    at Array.toJSON (/Users/ahmedsalem/Desktop/all my projects/uneom.com/node_modules/next/dist/compiled/next-server/app-page.runtime.prod.js:12:135629)
    at stringify (<anonymous>)
    at eP (/Users/ahmedsalem/Desktop/all my projects/uneom.com/node_modules/next/dist/compiled/next-server/app-page.runtime.prod.js:12:142093)
    at eE (/Users/ahmedsalem/Desktop/all my projects/uneom.com/node_modules/next/dist/compiled/next-server/app-page.runtime.prod.js:12:142572)
    at Timeout._onTimeout (/Users/ahmedsalem/Desktop/all my projects/uneom.com/node_modules/next/dist/compiled/next-server/app-page.runtime.prod.js:12:135349)
    at listOnTimeout (node:internal/timers:605:17) {
  digest: '2151575143'
}
TypeError: Cannot read properties of undefined (reading 'toLowerCase')
    at b (/Users/ahmedsalem/Desktop/all my projects/uneom.com/.next/server/app/locations/[city]/[industry]/page.js:1:4337)
    at eh (/Users/ahmedsalem/Desktop/all my projects/uneom.com/node_modules/next/dist/compiled/next-server/app-page.runtime.prod.js:12:134660)
    at e (/Users/ahmedsalem/Desktop/all my projects/uneom.com/node_modules/next/dist/compiled/next-server/app-page.runtime.prod.js:12:137545)
    at ek (/Users/ahmedsalem/Desktop/all my projects/uneom.com/node_modules/next/dist/compiled/next-server/app-page.runtime.prod.js:12:138019)
    at Array.toJSON (/Users/ahmedsalem/Desktop/all my projects/uneom.com/node_modules/next/dist/compiled/next-server/app-page.runtime.prod.js:12:135629)
    at stringify (<anonymous>)
    at eP (/Users/ahmedsalem/Desktop/all my projects/uneom.com/node_modules/next/dist/compiled/next-server/app-page.runtime.prod.js:12:142093)
    at eE (/Users/ahmedsalem/Desktop/all my projects/uneom.com/node_modules/next/dist/compiled/next-server/app-page.runtime.prod.js:12:142572)
    at AsyncLocalStorage.run (node:internal/async_local_storage/async_context_frame:63:14)
    at Timeout._onTimeout (/Users/ahmedsalem/Desktop/all my projects/uneom.com/node_modules/next/dist/compiled/next-server/app-page.runtime.prod.js:12:150373) {
  digest: '785353560'
}
TypeError: Cannot read properties of undefined (reading 'toLowerCase')
    at b (/Users/ahmedsalem/Desktop/all my projects/uneom.com/.next/server/app/locations/[city]/[industry]/page.js:1:4337)
    at eh (/Users/ahmedsalem/Desktop/all my projects/uneom.com/node_modules/next/dist/compiled/next-server/app-page.runtime.prod.js:12:134660)
    at e (/Users/ahmedsalem/Desktop/all my projects/uneom.com/node_modules/next/dist/compiled/next-server/app-page.runtime.prod.js:12:137545)
    at ek (/Users/ahmedsalem/Desktop/all my projects/uneom.com/node_modules/next/dist/compiled/next-server/app-page.runtime.prod.js:12:138019)
    at Array.toJSON (/Users/ahmedsalem/Desktop/all my projects/uneom.com/node_modules/next/dist/compiled/next-server/app-page.runtime.prod.js:12:135629)
    at stringify (<anonymous>)
    at eP (/Users/ahmedsalem/Desktop/all my projects/uneom.com/node_modules/next/dist/compiled/next-server/app-page.runtime.prod.js:12:142093)
    at eE (/Users/ahmedsalem/Desktop/all my projects/uneom.com/node_modules/next/dist/compiled/next-server/app-page.runtime.prod.js:12:142572)
    at AsyncLocalStorage.run (node:internal/async_local_storage/async_context_frame:63:14)
    at Timeout._onTimeout (/Users/ahmedsalem/Desktop/all my projects/uneom.com/node_modules/next/dist/compiled/next-server/app-page.runtime.prod.js:12:150373) {
  digest: '785353560'
}
TypeError: Cannot read properties of undefined (reading 'toLowerCase')
    at b (/Users/ahmedsalem/Desktop/all my projects/uneom.com/.next/server/app/locations/[city]/[industry]/page.js:1:4337)
    at eh (/Users/ahmedsalem/Desktop/all my projects/uneom.com/node_modules/next/dist/compiled/next-server/app-page.runtime.prod.js:12:134660)
    at e (/Users/ahmedsalem/Desktop/all my projects/uneom.com/node_modules/next/dist/compiled/next-server/app-page.runtime.prod.js:12:137545)
    at ek (/Users/ahmedsalem/Desktop/all my projects/uneom.com/node_modules/next/dist/compiled/next-server/app-page.runtime.prod.js:12:138019)
    at Array.toJSON (/Users/ahmedsalem/Desktop/all my projects/uneom.com/node_modules/next/dist/compiled/next-server/app-page.runtime.prod.js:12:135629)
    at stringify (<anonymous>)
    at eP (/Users/ahmedsalem/Desktop/all my projects/uneom.com/node_modules/next/dist/compiled/next-server/app-page.runtime.prod.js:12:142093)
    at eE (/Users/ahmedsalem/Desktop/all my projects/uneom.com/node_modules/next/dist/compiled/next-server/app-page.runtime.prod.js:12:142572)
    at AsyncLocalStorage.run (node:internal/async_local_storage/async_context_frame:63:14)
    at Timeout._onTimeout (/Users/ahmedsalem/Desktop/all my projects/uneom.com/node_modules/next/dist/compiled/next-server/app-page.runtime.prod.js:12:150373) {
  digest: '785353560'
}
TypeError: Cannot read properties of undefined (reading 'toLowerCase')
    at Module.y (/Users/ahmedsalem/Desktop/all my projects/uneom.com/.next/server/app/locations/[city]/[industry]/page.js:1:2657)
    at /Users/ahmedsalem/Desktop/all my projects/uneom.com/node_modules/next/dist/compiled/next-server/app-page.runtime.prod.js:12:227525
    at /Users/ahmedsalem/Desktop/all my projects/uneom.com/node_modules/next/dist/server/lib/trace/tracer.js:140:36
    at NoopContextManager.with (/Users/ahmedsalem/Desktop/all my projects/uneom.com/node_modules/next/dist/compiled/@opentelemetry/api/index.js:1:7062)
    at ContextAPI.with (/Users/ahmedsalem/Desktop/all my projects/uneom.com/node_modules/next/dist/compiled/@opentelemetry/api/index.js:1:518)
    at NoopTracer.startActiveSpan (/Users/ahmedsalem/Desktop/all my projects/uneom.com/node_modules/next/dist/compiled/@opentelemetry/api/index.js:1:18093)
    at ProxyTracer.startActiveSpan (/Users/ahmedsalem/Desktop/all my projects/uneom.com/node_modules/next/dist/compiled/@opentelemetry/api/index.js:1:18854)
    at /Users/ahmedsalem/Desktop/all my projects/uneom.com/node_modules/next/dist/server/lib/trace/tracer.js:122:103
    at NoopContextManager.with (/Users/ahmedsalem/Desktop/all my projects/uneom.com/node_modules/next/dist/compiled/@opentelemetry/api/index.js:1:7062)
    at ContextAPI.with (/Users/ahmedsalem/Desktop/all my projects/uneom.com/node_modules/next/dist/compiled/@opentelemetry/api/index.js:1:518) {
  digest: '2592674761'
}
TypeError: Cannot read properties of undefined (reading 'toLowerCase')
    at b (/Users/ahmedsalem/Desktop/all my projects/uneom.com/.next/server/app/locations/[city]/[industry]/page.js:1:4337)
    at eh (/Users/ahmedsalem/Desktop/all my projects/uneom.com/node_modules/next/dist/compiled/next-server/app-page.runtime.prod.js:12:134660)
    at e (/Users/ahmedsalem/Desktop/all my projects/uneom.com/node_modules/next/dist/compiled/next-server/app-page.runtime.prod.js:12:137545)
    at ek (/Users/ahmedsalem/Desktop/all my projects/uneom.com/node_modules/next/dist/compiled/next-server/app-page.runtime.prod.js:12:138019)
    at Array.toJSON (/Users/ahmedsalem/Desktop/all my projects/uneom.com/node_modules/next/dist/compiled/next-server/app-page.runtime.prod.js:12:135629)
    at stringify (<anonymous>)
    at eP (/Users/ahmedsalem/Desktop/all my projects/uneom.com/node_modules/next/dist/compiled/next-server/app-page.runtime.prod.js:12:142093)
    at eE (/Users/ahmedsalem/Desktop/all my projects/uneom.com/node_modules/next/dist/compiled/next-server/app-page.runtime.prod.js:12:142572)
    at AsyncLocalStorage.run (node:internal/async_local_storage/async_context_frame:63:14)
    at Timeout._onTimeout (/Users/ahmedsalem/Desktop/all my projects/uneom.com/node_modules/next/dist/compiled/next-server/app-page.runtime.prod.js:12:150373) {
  digest: '785353560'
}
TypeError: Cannot read properties of undefined (reading 'toLowerCase')
    at b (/Users/ahmedsalem/Desktop/all my projects/uneom.com/.next/server/app/locations/[city]/[industry]/page.js:1:4337)
    at eh (/Users/ahmedsalem/Desktop/all my projects/uneom.com/node_modules/next/dist/compiled/next-server/app-page.runtime.prod.js:12:134660)
    at e (/Users/ahmedsalem/Desktop/all my projects/uneom.com/node_modules/next/dist/compiled/next-server/app-page.runtime.prod.js:12:137545)
    at ek (/Users/ahmedsalem/Desktop/all my projects/uneom.com/node_modules/next/dist/compiled/next-server/app-page.runtime.prod.js:12:138019)
    at Array.toJSON (/Users/ahmedsalem/Desktop/all my projects/uneom.com/node_modules/next/dist/compiled/next-server/app-page.runtime.prod.js:12:135629)
    at stringify (<anonymous>)
    at eP (/Users/ahmedsalem/Desktop/all my projects/uneom.com/node_modules/next/dist/compiled/next-server/app-page.runtime.prod.js:12:142093)
    at eE (/Users/ahmedsalem/Desktop/all my projects/uneom.com/node_modules/next/dist/compiled/next-server/app-page.runtime.prod.js:12:142572)
    at Timeout._onTimeout (/Users/ahmedsalem/Desktop/all my projects/uneom.com/node_modules/next/dist/compiled/next-server/app-page.runtime.prod.js:12:135349)
    at listOnTimeout (node:internal/timers:605:17) {
  digest: '2151575143'
}
TypeError: Cannot read properties of undefined (reading 'toLowerCase')
    at b (/Users/ahmedsalem/Desktop/all my projects/uneom.com/.next/server/app/locations/[city]/[industry]/page.js:1:4337)
    at eh (/Users/ahmedsalem/Desktop/all my projects/uneom.com/node_modules/next/dist/compiled/next-server/app-page.runtime.prod.js:12:134660)
    at e (/Users/ahmedsalem/Desktop/all my projects/uneom.com/node_modules/next/dist/compiled/next-server/app-page.runtime.prod.js:12:137545)
    at ek (/Users/ahmedsalem/Desktop/all my projects/uneom.com/node_modules/next/dist/compiled/next-server/app-page.runtime.prod.js:12:138019)
    at Array.toJSON (/Users/ahmedsalem/Desktop/all my projects/uneom.com/node_modules/next/dist/compiled/next-server/app-page.runtime.prod.js:12:135629)
    at stringify (<anonymous>)
    at eP (/Users/ahmedsalem/Desktop/all my projects/uneom.com/node_modules/next/dist/compiled/next-server/app-page.runtime.prod.js:12:142093)
    at eE (/Users/ahmedsalem/Desktop/all my projects/uneom.com/node_modules/next/dist/compiled/next-server/app-page.runtime.prod.js:12:142572)
    at AsyncLocalStorage.run (node:internal/async_local_storage/async_context_frame:63:14)
    at Timeout._onTimeout (/Users/ahmedsalem/Desktop/all my projects/uneom.com/node_modules/next/dist/compiled/next-server/app-page.runtime.prod.js:12:150373) {
  digest: '785353560'
}
TypeError: Cannot read properties of undefined (reading 'toLowerCase')
    at b (/Users/ahmedsalem/Desktop/all my projects/uneom.com/.next/server/app/locations/[city]/[industry]/page.js:1:4337)
    at eh (/Users/ahmedsalem/Desktop/all my projects/uneom.com/node_modules/next/dist/compiled/next-server/app-page.runtime.prod.js:12:134660)
    at e (/Users/ahmedsalem/Desktop/all my projects/uneom.com/node_modules/next/dist/compiled/next-server/app-page.runtime.prod.js:12:137545)
    at ek (/Users/ahmedsalem/Desktop/all my projects/uneom.com/node_modules/next/dist/compiled/next-server/app-page.runtime.prod.js:12:138019)
    at Array.toJSON (/Users/ahmedsalem/Desktop/all my projects/uneom.com/node_modules/next/dist/compiled/next-server/app-page.runtime.prod.js:12:135629)
    at stringify (<anonymous>)
    at eP (/Users/ahmedsalem/Desktop/all my projects/uneom.com/node_modules/next/dist/compiled/next-server/app-page.runtime.prod.js:12:142093)
    at eE (/Users/ahmedsalem/Desktop/all my projects/uneom.com/node_modules/next/dist/compiled/next-server/app-page.runtime.prod.js:12:142572)
    at Timeout._onTimeout (/Users/ahmedsalem/Desktop/all my projects/uneom.com/node_modules/next/dist/compiled/next-server/app-page.runtime.prod.js:12:135349)
    at listOnTimeout (node:internal/timers:605:17) {
  digest: '2151575143'
}
TypeError: Cannot read properties of undefined (reading 'toLowerCase')
    at b (/Users/ahmedsalem/Desktop/all my projects/uneom.com/.next/server/app/locations/[city]/[industry]/page.js:1:4337)
    at eh (/Users/ahmedsalem/Desktop/all my projects/uneom.com/node_modules/next/dist/compiled/next-server/app-page.runtime.prod.js:12:134660)
    at e (/Users/ahmedsalem/Desktop/all my projects/uneom.com/node_modules/next/dist/compiled/next-server/app-page.runtime.prod.js:12:137545)
    at ek (/Users/ahmedsalem/Desktop/all my projects/uneom.com/node_modules/next/dist/compiled/next-server/app-page.runtime.prod.js:12:138019)
    at Array.toJSON (/Users/ahmedsalem/Desktop/all my projects/uneom.com/node_modules/next/dist/compiled/next-server/app-page.runtime.prod.js:12:135629)
    at stringify (<anonymous>)
    at eP (/Users/ahmedsalem/Desktop/all my projects/uneom.com/node_modules/next/dist/compiled/next-server/app-page.runtime.prod.js:12:142093)
    at eE (/Users/ahmedsalem/Desktop/all my projects/uneom.com/node_modules/next/dist/compiled/next-server/app-page.runtime.prod.js:12:142572)
    at AsyncLocalStorage.run (node:internal/async_local_storage/async_context_frame:63:14)
    at Timeout._onTimeout (/Users/ahmedsalem/Desktop/all my projects/uneom.com/node_modules/next/dist/compiled/next-server/app-page.runtime.prod.js:12:150373) {
  digest: '785353560'
}
TypeError: Cannot read properties of undefined (reading 'toLowerCase')
    at Module.y (/Users/ahmedsalem/Desktop/all my projects/uneom.com/.next/server/app/locations/[city]/[industry]/page.js:1:2657)
    at /Users/ahmedsalem/Desktop/all my projects/uneom.com/node_modules/next/dist/compiled/next-server/app-page.runtime.prod.js:12:227525
    at /Users/ahmedsalem/Desktop/all my projects/uneom.com/node_modules/next/dist/server/lib/trace/tracer.js:140:36
    at NoopContextManager.with (/Users/ahmedsalem/Desktop/all my projects/uneom.com/node_modules/next/dist/compiled/@opentelemetry/api/index.js:1:7062)
    at ContextAPI.with (/Users/ahmedsalem/Desktop/all my projects/uneom.com/node_modules/next/dist/compiled/@opentelemetry/api/index.js:1:518)
    at NoopTracer.startActiveSpan (/Users/ahmedsalem/Desktop/all my projects/uneom.com/node_modules/next/dist/compiled/@opentelemetry/api/index.js:1:18093)
    at ProxyTracer.startActiveSpan (/Users/ahmedsalem/Desktop/all my projects/uneom.com/node_modules/next/dist/compiled/@opentelemetry/api/index.js:1:18854)
    at /Users/ahmedsalem/Desktop/all my projects/uneom.com/node_modules/next/dist/server/lib/trace/tracer.js:122:103
    at NoopContextManager.with (/Users/ahmedsalem/Desktop/all my projects/uneom.com/node_modules/next/dist/compiled/@opentelemetry/api/index.js:1:7062)
    at ContextAPI.with (/Users/ahmedsalem/Desktop/all my projects/uneom.com/node_modules/next/dist/compiled/@opentelemetry/api/index.js:1:518) {
  digest: '2592674761'
}
TypeError: Cannot read properties of undefined (reading 'toLowerCase')
    at b (/Users/ahmedsalem/Desktop/all my projects/uneom.com/.next/server/app/locations/[city]/[industry]/page.js:1:4337)
    at eh (/Users/ahmedsalem/Desktop/all my projects/uneom.com/node_modules/next/dist/compiled/next-server/app-page.runtime.prod.js:12:134660)
    at e (/Users/ahmedsalem/Desktop/all my projects/uneom.com/node_modules/next/dist/compiled/next-server/app-page.runtime.prod.js:12:137545)
    at ek (/Users/ahmedsalem/Desktop/all my projects/uneom.com/node_modules/next/dist/compiled/next-server/app-page.runtime.prod.js:12:138019)
    at Array.toJSON (/Users/ahmedsalem/Desktop/all my projects/uneom.com/node_modules/next/dist/compiled/next-server/app-page.runtime.prod.js:12:135629)
    at stringify (<anonymous>)
    at eP (/Users/ahmedsalem/Desktop/all my projects/uneom.com/node_modules/next/dist/compiled/next-server/app-page.runtime.prod.js:12:142093)
    at eE (/Users/ahmedsalem/Desktop/all my projects/uneom.com/node_modules/next/dist/compiled/next-server/app-page.runtime.prod.js:12:142572)
    at Timeout._onTimeout (/Users/ahmedsalem/Desktop/all my projects/uneom.com/node_modules/next/dist/compiled/next-server/app-page.runtime.prod.js:12:135349)
    at listOnTimeout (node:internal/timers:605:17) {
  digest: '2151575143'
}
TypeError: Cannot read properties of undefined (reading 'toLowerCase')
    at b (/Users/ahmedsalem/Desktop/all my projects/uneom.com/.next/server/app/locations/[city]/[industry]/page.js:1:4337)
    at eh (/Users/ahmedsalem/Desktop/all my projects/uneom.com/node_modules/next/dist/compiled/next-server/app-page.runtime.prod.js:12:134660)
    at e (/Users/ahmedsalem/Desktop/all my projects/uneom.com/node_modules/next/dist/compiled/next-server/app-page.runtime.prod.js:12:137545)
    at ek (/Users/ahmedsalem/Desktop/all my projects/uneom.com/node_modules/next/dist/compiled/next-server/app-page.runtime.prod.js:12:138019)
    at Array.toJSON (/Users/ahmedsalem/Desktop/all my projects/uneom.com/node_modules/next/dist/compiled/next-server/app-page.runtime.prod.js:12:135629)
    at stringify (<anonymous>)
    at eP (/Users/ahmedsalem/Desktop/all my projects/uneom.com/node_modules/next/dist/compiled/next-server/app-page.runtime.prod.js:12:142093)
    at eE (/Users/ahmedsalem/Desktop/all my projects/uneom.com/node_modules/next/dist/compiled/next-server/app-page.runtime.prod.js:12:142572)
    at Timeout._onTimeout (/Users/ahmedsalem/Desktop/all my projects/uneom.com/node_modules/next/dist/compiled/next-server/app-page.runtime.prod.js:12:135349)
    at listOnTimeout (node:internal/timers:605:17) {
  digest: '2151575143'
}
TypeError: Cannot read properties of undefined (reading 'toLowerCase')
    at b (/Users/ahmedsalem/Desktop/all my projects/uneom.com/.next/server/app/locations/[city]/[industry]/page.js:1:4337)
    at eh (/Users/ahmedsalem/Desktop/all my projects/uneom.com/node_modules/next/dist/compiled/next-server/app-page.runtime.prod.js:12:134660)
    at e (/Users/ahmedsalem/Desktop/all my projects/uneom.com/node_modules/next/dist/compiled/next-server/app-page.runtime.prod.js:12:137545)
    at ek (/Users/ahmedsalem/Desktop/all my projects/uneom.com/node_modules/next/dist/compiled/next-server/app-page.runtime.prod.js:12:138019)
    at Array.toJSON (/Users/ahmedsalem/Desktop/all my projects/uneom.com/node_modules/next/dist/compiled/next-server/app-page.runtime.prod.js:12:135629)
    at stringify (<anonymous>)
    at eP (/Users/ahmedsalem/Desktop/all my projects/uneom.com/node_modules/next/dist/compiled/next-server/app-page.runtime.prod.js:12:142093)
    at eE (/Users/ahmedsalem/Desktop/all my projects/uneom.com/node_modules/next/dist/compiled/next-server/app-page.runtime.prod.js:12:142572)
    at Timeout._onTimeout (/Users/ahmedsalem/Desktop/all my projects/uneom.com/node_modules/next/dist/compiled/next-server/app-page.runtime.prod.js:12:135349)
    at listOnTimeout (node:internal/timers:605:17) {
  digest: '2151575143'
}
TypeError: Cannot read properties of undefined (reading 'toLowerCase')
    at b (/Users/ahmedsalem/Desktop/all my projects/uneom.com/.next/server/app/locations/[city]/[industry]/page.js:1:4337)
    at eh (/Users/ahmedsalem/Desktop/all my projects/uneom.com/node_modules/next/dist/compiled/next-server/app-page.runtime.prod.js:12:134660)
    at e (/Users/ahmedsalem/Desktop/all my projects/uneom.com/node_modules/next/dist/compiled/next-server/app-page.runtime.prod.js:12:137545)
    at ek (/Users/ahmedsalem/Desktop/all my projects/uneom.com/node_modules/next/dist/compiled/next-server/app-page.runtime.prod.js:12:138019)
    at Array.toJSON (/Users/ahmedsalem/Desktop/all my projects/uneom.com/node_modules/next/dist/compiled/next-server/app-page.runtime.prod.js:12:135629)
    at stringify (<anonymous>)
    at eP (/Users/ahmedsalem/Desktop/all my projects/uneom.com/node_modules/next/dist/compiled/next-server/app-page.runtime.prod.js:12:142093)
    at eE (/Users/ahmedsalem/Desktop/all my projects/uneom.com/node_modules/next/dist/compiled/next-server/app-page.runtime.prod.js:12:142572)
    at Timeout._onTimeout (/Users/ahmedsalem/Desktop/all my projects/uneom.com/node_modules/next/dist/compiled/next-server/app-page.runtime.prod.js:12:135349)
    at listOnTimeout (node:internal/timers:605:17) {
  digest: '2151575143'
}
TypeError: Cannot read properties of undefined (reading 'toLowerCase')
    at Module.y (/Users/ahmedsalem/Desktop/all my projects/uneom.com/.next/server/app/locations/[city]/[industry]/page.js:1:2657)
    at /Users/ahmedsalem/Desktop/all my projects/uneom.com/node_modules/next/dist/compiled/next-server/app-page.runtime.prod.js:12:227525
    at /Users/ahmedsalem/Desktop/all my projects/uneom.com/node_modules/next/dist/server/lib/trace/tracer.js:140:36
    at NoopContextManager.with (/Users/ahmedsalem/Desktop/all my projects/uneom.com/node_modules/next/dist/compiled/@opentelemetry/api/index.js:1:7062)
    at ContextAPI.with (/Users/ahmedsalem/Desktop/all my projects/uneom.com/node_modules/next/dist/compiled/@opentelemetry/api/index.js:1:518)
    at NoopTracer.startActiveSpan (/Users/ahmedsalem/Desktop/all my projects/uneom.com/node_modules/next/dist/compiled/@opentelemetry/api/index.js:1:18093)
    at ProxyTracer.startActiveSpan (/Users/ahmedsalem/Desktop/all my projects/uneom.com/node_modules/next/dist/compiled/@opentelemetry/api/index.js:1:18854)
    at /Users/ahmedsalem/Desktop/all my projects/uneom.com/node_modules/next/dist/server/lib/trace/tracer.js:122:103
    at NoopContextManager.with (/Users/ahmedsalem/Desktop/all my projects/uneom.com/node_modules/next/dist/compiled/@opentelemetry/api/index.js:1:7062)
    at ContextAPI.with (/Users/ahmedsalem/Desktop/all my projects/uneom.com/node_modules/next/dist/compiled/@opentelemetry/api/index.js:1:518) {
  digest: '2592674761'
}
TypeError: Cannot read properties of undefined (reading 'toLowerCase')
    at Module.y (/Users/ahmedsalem/Desktop/all my projects/uneom.com/.next/server/app/locations/[city]/[industry]/page.js:1:2657)
    at /Users/ahmedsalem/Desktop/all my projects/uneom.com/node_modules/next/dist/compiled/next-server/app-page.runtime.prod.js:12:227525
    at /Users/ahmedsalem/Desktop/all my projects/uneom.com/node_modules/next/dist/server/lib/trace/tracer.js:140:36
    at NoopContextManager.with (/Users/ahmedsalem/Desktop/all my projects/uneom.com/node_modules/next/dist/compiled/@opentelemetry/api/index.js:1:7062)
    at ContextAPI.with (/Users/ahmedsalem/Desktop/all my projects/uneom.com/node_modules/next/dist/compiled/@opentelemetry/api/index.js:1:518)
    at NoopTracer.startActiveSpan (/Users/ahmedsalem/Desktop/all my projects/uneom.com/node_modules/next/dist/compiled/@opentelemetry/api/index.js:1:18093)
    at ProxyTracer.startActiveSpan (/Users/ahmedsalem/Desktop/all my projects/uneom.com/node_modules/next/dist/compiled/@opentelemetry/api/index.js:1:18854)
    at /Users/ahmedsalem/Desktop/all my projects/uneom.com/node_modules/next/dist/server/lib/trace/tracer.js:122:103
    at NoopContextManager.with (/Users/ahmedsalem/Desktop/all my projects/uneom.com/node_modules/next/dist/compiled/@opentelemetry/api/index.js:1:7062)
    at ContextAPI.with (/Users/ahmedsalem/Desktop/all my projects/uneom.com/node_modules/next/dist/compiled/@opentelemetry/api/index.js:1:518) {
  digest: '2592674761'
}
TypeError: Cannot read properties of undefined (reading 'toLowerCase')
    at Module.y (/Users/ahmedsalem/Desktop/all my projects/uneom.com/.next/server/app/locations/[city]/[industry]/page.js:1:2657)
    at /Users/ahmedsalem/Desktop/all my projects/uneom.com/node_modules/next/dist/compiled/next-server/app-page.runtime.prod.js:12:227525
    at /Users/ahmedsalem/Desktop/all my projects/uneom.com/node_modules/next/dist/server/lib/trace/tracer.js:140:36
    at NoopContextManager.with (/Users/ahmedsalem/Desktop/all my projects/uneom.com/node_modules/next/dist/compiled/@opentelemetry/api/index.js:1:7062)
    at ContextAPI.with (/Users/ahmedsalem/Desktop/all my projects/uneom.com/node_modules/next/dist/compiled/@opentelemetry/api/index.js:1:518)
    at NoopTracer.startActiveSpan (/Users/ahmedsalem/Desktop/all my projects/uneom.com/node_modules/next/dist/compiled/@opentelemetry/api/index.js:1:18093)
    at ProxyTracer.startActiveSpan (/Users/ahmedsalem/Desktop/all my projects/uneom.com/node_modules/next/dist/compiled/@opentelemetry/api/index.js:1:18854)
    at /Users/ahmedsalem/Desktop/all my projects/uneom.com/node_modules/next/dist/server/lib/trace/tracer.js:122:103
    at NoopContextManager.with (/Users/ahmedsalem/Desktop/all my projects/uneom.com/node_modules/next/dist/compiled/@opentelemetry/api/index.js:1:7062)
    at ContextAPI.with (/Users/ahmedsalem/Desktop/all my projects/uneom.com/node_modules/next/dist/compiled/@opentelemetry/api/index.js:1:518) {
  digest: '2592674761'
}
TypeError: Cannot read properties of undefined (reading 'toLowerCase')
    at Module.y (/Users/ahmedsalem/Desktop/all my projects/uneom.com/.next/server/app/locations/[city]/[industry]/page.js:1:2657)
    at /Users/ahmedsalem/Desktop/all my projects/uneom.com/node_modules/next/dist/compiled/next-server/app-page.runtime.prod.js:12:227525
    at /Users/ahmedsalem/Desktop/all my projects/uneom.com/node_modules/next/dist/server/lib/trace/tracer.js:140:36
    at NoopContextManager.with (/Users/ahmedsalem/Desktop/all my projects/uneom.com/node_modules/next/dist/compiled/@opentelemetry/api/index.js:1:7062)
    at ContextAPI.with (/Users/ahmedsalem/Desktop/all my projects/uneom.com/node_modules/next/dist/compiled/@opentelemetry/api/index.js:1:518)
    at NoopTracer.startActiveSpan (/Users/ahmedsalem/Desktop/all my projects/uneom.com/node_modules/next/dist/compiled/@opentelemetry/api/index.js:1:18093)
    at ProxyTracer.startActiveSpan (/Users/ahmedsalem/Desktop/all my projects/uneom.com/node_modules/next/dist/compiled/@opentelemetry/api/index.js:1:18854)
    at /Users/ahmedsalem/Desktop/all my projects/uneom.com/node_modules/next/dist/server/lib/trace/tracer.js:122:103
    at NoopContextManager.with (/Users/ahmedsalem/Desktop/all my projects/uneom.com/node_modules/next/dist/compiled/@opentelemetry/api/index.js:1:7062)
    at ContextAPI.with (/Users/ahmedsalem/Desktop/all my projects/uneom.com/node_modules/next/dist/compiled/@opentelemetry/api/index.js:1:518) {
  digest: '2592674761'
}
TypeError: Cannot read properties of undefined (reading 'toLowerCase')
    at Module.y (/Users/ahmedsalem/Desktop/all my projects/uneom.com/.next/server/app/locations/[city]/[industry]/page.js:1:2657)
    at /Users/ahmedsalem/Desktop/all my projects/uneom.com/node_modules/next/dist/compiled/next-server/app-page.runtime.prod.js:12:227525
    at /Users/ahmedsalem/Desktop/all my projects/uneom.com/node_modules/next/dist/server/lib/trace/tracer.js:140:36
    at NoopContextManager.with (/Users/ahmedsalem/Desktop/all my projects/uneom.com/node_modules/next/dist/compiled/@opentelemetry/api/index.js:1:7062)
    at ContextAPI.with (/Users/ahmedsalem/Desktop/all my projects/uneom.com/node_modules/next/dist/compiled/@opentelemetry/api/index.js:1:518)
    at NoopTracer.startActiveSpan (/Users/ahmedsalem/Desktop/all my projects/uneom.com/node_modules/next/dist/compiled/@opentelemetry/api/index.js:1:18093)
    at ProxyTracer.startActiveSpan (/Users/ahmedsalem/Desktop/all my projects/uneom.com/node_modules/next/dist/compiled/@opentelemetry/api/index.js:1:18854)
    at /Users/ahmedsalem/Desktop/all my projects/uneom.com/node_modules/next/dist/server/lib/trace/tracer.js:122:103
    at NoopContextManager.with (/Users/ahmedsalem/Desktop/all my projects/uneom.com/node_modules/next/dist/compiled/@opentelemetry/api/index.js:1:7062)
    at ContextAPI.with (/Users/ahmedsalem/Desktop/all my projects/uneom.com/node_modules/next/dist/compiled/@opentelemetry/api/index.js:1:518) {
  digest: '2592674761'
}
TypeError: Cannot read properties of undefined (reading 'toLowerCase')
    at Module.y (/Users/ahmedsalem/Desktop/all my projects/uneom.com/.next/server/app/locations/[city]/[industry]/page.js:1:2657)
    at /Users/ahmedsalem/Desktop/all my projects/uneom.com/node_modules/next/dist/compiled/next-server/app-page.runtime.prod.js:12:227525
    at /Users/ahmedsalem/Desktop/all my projects/uneom.com/node_modules/next/dist/server/lib/trace/tracer.js:140:36
    at NoopContextManager.with (/Users/ahmedsalem/Desktop/all my projects/uneom.com/node_modules/next/dist/compiled/@opentelemetry/api/index.js:1:7062)
    at ContextAPI.with (/Users/ahmedsalem/Desktop/all my projects/uneom.com/node_modules/next/dist/compiled/@opentelemetry/api/index.js:1:518)
    at NoopTracer.startActiveSpan (/Users/ahmedsalem/Desktop/all my projects/uneom.com/node_modules/next/dist/compiled/@opentelemetry/api/index.js:1:18093)
    at ProxyTracer.startActiveSpan (/Users/ahmedsalem/Desktop/all my projects/uneom.com/node_modules/next/dist/compiled/@opentelemetry/api/index.js:1:18854)
    at /Users/ahmedsalem/Desktop/all my projects/uneom.com/node_modules/next/dist/server/lib/trace/tracer.js:122:103
    at NoopContextManager.with (/Users/ahmedsalem/Desktop/all my projects/uneom.com/node_modules/next/dist/compiled/@opentelemetry/api/index.js:1:7062)
    at ContextAPI.with (/Users/ahmedsalem/Desktop/all my projects/uneom.com/node_modules/next/dist/compiled/@opentelemetry/api/index.js:1:518) {
  digest: '2592674761'
}
TypeError: Cannot read properties of undefined (reading 'toLowerCase')
    at Module.y (/Users/ahmedsalem/Desktop/all my projects/uneom.com/.next/server/app/locations/[city]/[industry]/page.js:1:2657)
    at /Users/ahmedsalem/Desktop/all my projects/uneom.com/node_modules/next/dist/compiled/next-server/app-page.runtime.prod.js:12:227525
    at /Users/ahmedsalem/Desktop/all my projects/uneom.com/node_modules/next/dist/server/lib/trace/tracer.js:140:36
    at NoopContextManager.with (/Users/ahmedsalem/Desktop/all my projects/uneom.com/node_modules/next/dist/compiled/@opentelemetry/api/index.js:1:7062)
    at ContextAPI.with (/Users/ahmedsalem/Desktop/all my projects/uneom.com/node_modules/next/dist/compiled/@opentelemetry/api/index.js:1:518)
    at NoopTracer.startActiveSpan (/Users/ahmedsalem/Desktop/all my projects/uneom.com/node_modules/next/dist/compiled/@opentelemetry/api/index.js:1:18093)
    at ProxyTracer.startActiveSpan (/Users/ahmedsalem/Desktop/all my projects/uneom.com/node_modules/next/dist/compiled/@opentelemetry/api/index.js:1:18854)
    at /Users/ahmedsalem/Desktop/all my projects/uneom.com/node_modules/next/dist/server/lib/trace/tracer.js:122:103
    at NoopContextManager.with (/Users/ahmedsalem/Desktop/all my projects/uneom.com/node_modules/next/dist/compiled/@opentelemetry/api/index.js:1:7062)
    at ContextAPI.with (/Users/ahmedsalem/Desktop/all my projects/uneom.com/node_modules/next/dist/compiled/@opentelemetry/api/index.js:1:518) {
  digest: '2592674761'
}
TypeError: Cannot read properties of undefined (reading 'toLowerCase')
    at Module.y (/Users/ahmedsalem/Desktop/all my projects/uneom.com/.next/server/app/locations/[city]/[industry]/page.js:1:2657)
    at /Users/ahmedsalem/Desktop/all my projects/uneom.com/node_modules/next/dist/compiled/next-server/app-page.runtime.prod.js:12:227525
    at /Users/ahmedsalem/Desktop/all my projects/uneom.com/node_modules/next/dist/server/lib/trace/tracer.js:140:36
    at NoopContextManager.with (/Users/ahmedsalem/Desktop/all my projects/uneom.com/node_modules/next/dist/compiled/@opentelemetry/api/index.js:1:7062)
    at ContextAPI.with (/Users/ahmedsalem/Desktop/all my projects/uneom.com/node_modules/next/dist/compiled/@opentelemetry/api/index.js:1:518)
    at NoopTracer.startActiveSpan (/Users/ahmedsalem/Desktop/all my projects/uneom.com/node_modules/next/dist/compiled/@opentelemetry/api/index.js:1:18093)
    at ProxyTracer.startActiveSpan (/Users/ahmedsalem/Desktop/all my projects/uneom.com/node_modules/next/dist/compiled/@opentelemetry/api/index.js:1:18854)
    at /Users/ahmedsalem/Desktop/all my projects/uneom.com/node_modules/next/dist/server/lib/trace/tracer.js:122:103
    at NoopContextManager.with (/Users/ahmedsalem/Desktop/all my projects/uneom.com/node_modules/next/dist/compiled/@opentelemetry/api/index.js:1:7062)
    at ContextAPI.with (/Users/ahmedsalem/Desktop/all my projects/uneom.com/node_modules/next/dist/compiled/@opentelemetry/api/index.js:1:518) {
  digest: '2592674761'
}
TypeError: Cannot read properties of undefined (reading 'toLowerCase')
    at Module.y (/Users/ahmedsalem/Desktop/all my projects/uneom.com/.next/server/app/locations/[city]/[industry]/page.js:1:2657)
    at /Users/ahmedsalem/Desktop/all my projects/uneom.com/node_modules/next/dist/compiled/next-server/app-page.runtime.prod.js:12:227525
    at /Users/ahmedsalem/Desktop/all my projects/uneom.com/node_modules/next/dist/server/lib/trace/tracer.js:140:36
    at NoopContextManager.with (/Users/ahmedsalem/Desktop/all my projects/uneom.com/node_modules/next/dist/compiled/@opentelemetry/api/index.js:1:7062)
    at ContextAPI.with (/Users/ahmedsalem/Desktop/all my projects/uneom.com/node_modules/next/dist/compiled/@opentelemetry/api/index.js:1:518)
    at NoopTracer.startActiveSpan (/Users/ahmedsalem/Desktop/all my projects/uneom.com/node_modules/next/dist/compiled/@opentelemetry/api/index.js:1:18093)
    at ProxyTracer.startActiveSpan (/Users/ahmedsalem/Desktop/all my projects/uneom.com/node_modules/next/dist/compiled/@opentelemetry/api/index.js:1:18854)
    at /Users/ahmedsalem/Desktop/all my projects/uneom.com/node_modules/next/dist/server/lib/trace/tracer.js:122:103
    at NoopContextManager.with (/Users/ahmedsalem/Desktop/all my projects/uneom.com/node_modules/next/dist/compiled/@opentelemetry/api/index.js:1:7062)
    at ContextAPI.with (/Users/ahmedsalem/Desktop/all my projects/uneom.com/node_modules/next/dist/compiled/@opentelemetry/api/index.js:1:518) {
  digest: '2592674761'
}
TypeError: Cannot read properties of undefined (reading 'toLowerCase')
    at Module.y (/Users/ahmedsalem/Desktop/all my projects/uneom.com/.next/server/app/locations/[city]/[industry]/page.js:1:2657)
    at /Users/ahmedsalem/Desktop/all my projects/uneom.com/node_modules/next/dist/compiled/next-server/app-page.runtime.prod.js:12:227525
    at /Users/ahmedsalem/Desktop/all my projects/uneom.com/node_modules/next/dist/server/lib/trace/tracer.js:140:36
    at NoopContextManager.with (/Users/ahmedsalem/Desktop/all my projects/uneom.com/node_modules/next/dist/compiled/@opentelemetry/api/index.js:1:7062)
    at ContextAPI.with (/Users/ahmedsalem/Desktop/all my projects/uneom.com/node_modules/next/dist/compiled/@opentelemetry/api/index.js:1:518)
    at NoopTracer.startActiveSpan (/Users/ahmedsalem/Desktop/all my projects/uneom.com/node_modules/next/dist/compiled/@opentelemetry/api/index.js:1:18093)
    at ProxyTracer.startActiveSpan (/Users/ahmedsalem/Desktop/all my projects/uneom.com/node_modules/next/dist/compiled/@opentelemetry/api/index.js:1:18854)
    at /Users/ahmedsalem/Desktop/all my projects/uneom.com/node_modules/next/dist/server/lib/trace/tracer.js:122:103
    at NoopContextManager.with (/Users/ahmedsalem/Desktop/all my projects/uneom.com/node_modules/next/dist/compiled/@opentelemetry/api/index.js:1:7062)
    at ContextAPI.with (/Users/ahmedsalem/Desktop/all my projects/uneom.com/node_modules/next/dist/compiled/@opentelemetry/api/index.js:1:518) {
  digest: '2592674761'
}
TypeError: Cannot read properties of undefined (reading 'toLowerCase')
    at Module.y (/Users/ahmedsalem/Desktop/all my projects/uneom.com/.next/server/app/locations/[city]/[industry]/page.js:1:2657)
    at /Users/ahmedsalem/Desktop/all my projects/uneom.com/node_modules/next/dist/compiled/next-server/app-page.runtime.prod.js:12:227525
    at /Users/ahmedsalem/Desktop/all my projects/uneom.com/node_modules/next/dist/server/lib/trace/tracer.js:140:36
    at NoopContextManager.with (/Users/ahmedsalem/Desktop/all my projects/uneom.com/node_modules/next/dist/compiled/@opentelemetry/api/index.js:1:7062)
    at ContextAPI.with (/Users/ahmedsalem/Desktop/all my projects/uneom.com/node_modules/next/dist/compiled/@opentelemetry/api/index.js:1:518)
    at NoopTracer.startActiveSpan (/Users/ahmedsalem/Desktop/all my projects/uneom.com/node_modules/next/dist/compiled/@opentelemetry/api/index.js:1:18093)
    at ProxyTracer.startActiveSpan (/Users/ahmedsalem/Desktop/all my projects/uneom.com/node_modules/next/dist/compiled/@opentelemetry/api/index.js:1:18854)
    at /Users/ahmedsalem/Desktop/all my projects/uneom.com/node_modules/next/dist/server/lib/trace/tracer.js:122:103
    at NoopContextManager.with (/Users/ahmedsalem/Desktop/all my projects/uneom.com/node_modules/next/dist/compiled/@opentelemetry/api/index.js:1:7062)
    at ContextAPI.with (/Users/ahmedsalem/Desktop/all my projects/uneom.com/node_modules/next/dist/compiled/@opentelemetry/api/index.js:1:518) {
  digest: '2592674761'
}
TypeError: Cannot read properties of undefined (reading 'toLowerCase')
    at Module.y (/Users/ahmedsalem/Desktop/all my projects/uneom.com/.next/server/app/locations/[city]/[industry]/page.js:1:2657)
    at /Users/ahmedsalem/Desktop/all my projects/uneom.com/node_modules/next/dist/compiled/next-server/app-page.runtime.prod.js:12:227525
    at /Users/ahmedsalem/Desktop/all my projects/uneom.com/node_modules/next/dist/server/lib/trace/tracer.js:140:36
    at NoopContextManager.with (/Users/ahmedsalem/Desktop/all my projects/uneom.com/node_modules/next/dist/compiled/@opentelemetry/api/index.js:1:7062)
    at ContextAPI.with (/Users/ahmedsalem/Desktop/all my projects/uneom.com/node_modules/next/dist/compiled/@opentelemetry/api/index.js:1:518)
    at NoopTracer.startActiveSpan (/Users/ahmedsalem/Desktop/all my projects/uneom.com/node_modules/next/dist/compiled/@opentelemetry/api/index.js:1:18093)
    at ProxyTracer.startActiveSpan (/Users/ahmedsalem/Desktop/all my projects/uneom.com/node_modules/next/dist/compiled/@opentelemetry/api/index.js:1:18854)
    at /Users/ahmedsalem/Desktop/all my projects/uneom.com/node_modules/next/dist/server/lib/trace/tracer.js:122:103
    at NoopContextManager.with (/Users/ahmedsalem/Desktop/all my projects/uneom.com/node_modules/next/dist/compiled/@opentelemetry/api/index.js:1:7062)
    at ContextAPI.with (/Users/ahmedsalem/Desktop/all my projects/uneom.com/node_modules/next/dist/compiled/@opentelemetry/api/index.js:1:518) {
  digest: '2592674761'
}

Error occurred prerendering page "/locations/jazan/hospitality". Read more: https://nextjs.org/docs/messages/prerender-error

TypeError: Cannot read properties of undefined (reading 'toLowerCase')
    at b (/Users/ahmedsalem/Desktop/all my projects/uneom.com/.next/server/app/locations/[city]/[industry]/page.js:1:4337)
    at eh (/Users/ahmedsalem/Desktop/all my projects/uneom.com/node_modules/next/dist/compiled/next-server/app-page.runtime.prod.js:12:134660)
    at e (/Users/ahmedsalem/Desktop/all my projects/uneom.com/node_modules/next/dist/compiled/next-server/app-page.runtime.prod.js:12:137545)
    at ek (/Users/ahmedsalem/Desktop/all my projects/uneom.com/node_modules/next/dist/compiled/next-server/app-page.runtime.prod.js:12:138019)
    at Array.toJSON (/Users/ahmedsalem/Desktop/all my projects/uneom.com/node_modules/next/dist/compiled/next-server/app-page.runtime.prod.js:12:135629)
    at stringify (<anonymous>)
    at eP (/Users/ahmedsalem/Desktop/all my projects/uneom.com/node_modules/next/dist/compiled/next-server/app-page.runtime.prod.js:12:142093)
    at eE (/Users/ahmedsalem/Desktop/all my projects/uneom.com/node_modules/next/dist/compiled/next-server/app-page.runtime.prod.js:12:142572)
    at AsyncLocalStorage.run (node:internal/async_local_storage/async_context_frame:63:14)
    at Timeout._onTimeout (/Users/ahmedsalem/Desktop/all my projects/uneom.com/node_modules/next/dist/compiled/next-server/app-page.runtime.prod.js:12:150373)

Error occurred prerendering page "/locations/jazan/education". Read more: https://nextjs.org/docs/messages/prerender-error

TypeError: Cannot read properties of undefined (reading 'toLowerCase')
    at b (/Users/ahmedsalem/Desktop/all my projects/uneom.com/.next/server/app/locations/[city]/[industry]/page.js:1:4337)
    at eh (/Users/ahmedsalem/Desktop/all my projects/uneom.com/node_modules/next/dist/compiled/next-server/app-page.runtime.prod.js:12:134660)
    at e (/Users/ahmedsalem/Desktop/all my projects/uneom.com/node_modules/next/dist/compiled/next-server/app-page.runtime.prod.js:12:137545)
    at ek (/Users/ahmedsalem/Desktop/all my projects/uneom.com/node_modules/next/dist/compiled/next-server/app-page.runtime.prod.js:12:138019)
    at Array.toJSON (/Users/ahmedsalem/Desktop/all my projects/uneom.com/node_modules/next/dist/compiled/next-server/app-page.runtime.prod.js:12:135629)
    at stringify (<anonymous>)
    at eP (/Users/ahmedsalem/Desktop/all my projects/uneom.com/node_modules/next/dist/compiled/next-server/app-page.runtime.prod.js:12:142093)
    at eE (/Users/ahmedsalem/Desktop/all my projects/uneom.com/node_modules/next/dist/compiled/next-server/app-page.runtime.prod.js:12:142572)
    at AsyncLocalStorage.run (node:internal/async_local_storage/async_context_frame:63:14)
    at Timeout._onTimeout (/Users/ahmedsalem/Desktop/all my projects/uneom.com/node_modules/next/dist/compiled/next-server/app-page.runtime.prod.js:12:150373)

Error occurred prerendering page "/locations/jazan/aviation". Read more: https://nextjs.org/docs/messages/prerender-error


Error occurred prerendering page "/locations/jazan/manufacturing". Read more: https://nextjs.org/docs/messages/prerender-error

TypeError: Cannot read properties of undefined (reading 'toLowerCase')
    at b (/Users/ahmedsalem/Desktop/all my projects/uneom.com/.next/server/app/locations/[city]/[industry]/page.js:1:4337)
    at eh (/Users/ahmedsalem/Desktop/all my projects/uneom.com/node_modules/next/dist/compiled/next-server/app-page.runtime.prod.js:12:134660)
    at e (/Users/ahmedsalem/Desktop/all my projects/uneom.com/node_modules/next/dist/compiled/next-server/app-page.runtime.prod.js:12:137545)
    at ek (/Users/ahmedsalem/Desktop/all my projects/uneom.com/node_modules/next/dist/compiled/next-server/app-page.runtime.prod.js:12:138019)
    at Array.toJSON (/Users/ahmedsalem/Desktop/all my projects/uneom.com/node_modules/next/dist/compiled/next-server/app-page.runtime.prod.js:12:135629)
    at stringify (<anonymous>)
    at eP (/Users/ahmedsalem/Desktop/all my projects/uneom.com/node_modules/next/dist/compiled/next-server/app-page.runtime.prod.js:12:142093)
    at eE (/Users/ahmedsalem/Desktop/all my projects/uneom.com/node_modules/next/dist/compiled/next-server/app-page.runtime.prod.js:12:142572)
    at AsyncLocalStorage.run (node:internal/async_local_storage/async_context_frame:63:14)
    at Timeout._onTimeout (/Users/ahmedsalem/Desktop/all my projects/uneom.com/node_modules/next/dist/compiled/next-server/app-page.runtime.prod.js:12:150373)
TypeError: Cannot read properties of undefined (reading 'toLowerCase')
    at b (/Users/ahmedsalem/Desktop/all my projects/uneom.com/.next/server/app/locations/[city]/[industry]/page.js:1:4337)
    at eh (/Users/ahmedsalem/Desktop/all my projects/uneom.com/node_modules/next/dist/compiled/next-server/app-page.runtime.prod.js:12:134660)
    at e (/Users/ahmedsalem/Desktop/all my projects/uneom.com/node_modules/next/dist/compiled/next-server/app-page.runtime.prod.js:12:137545)
    at ek (/Users/ahmedsalem/Desktop/all my projects/uneom.com/node_modules/next/dist/compiled/next-server/app-page.runtime.prod.js:12:138019)
    at Array.toJSON (/Users/ahmedsalem/Desktop/all my projects/uneom.com/node_modules/next/dist/compiled/next-server/app-page.runtime.prod.js:12:135629)
    at stringify (<anonymous>)
    at eP (/Users/ahmedsalem/Desktop/all my projects/uneom.com/node_modules/next/dist/compiled/next-server/app-page.runtime.prod.js:12:142093)
    at eE (/Users/ahmedsalem/Desktop/all my projects/uneom.com/node_modules/next/dist/compiled/next-server/app-page.runtime.prod.js:12:142572)
    at AsyncLocalStorage.run (node:internal/async_local_storage/async_context_frame:63:14)
    at Timeout._onTimeout (/Users/ahmedsalem/Desktop/all my projects/uneom.com/node_modules/next/dist/compiled/next-server/app-page.runtime.prod.js:12:150373)

Error occurred prerendering page "/locations/jazan/factory-industry". Read more: https://nextjs.org/docs/messages/prerender-error

TypeError: Cannot read properties of undefined (reading 'toLowerCase')
    at b (/Users/ahmedsalem/Desktop/all my projects/uneom.com/.next/server/app/locations/[city]/[industry]/page.js:1:4337)
    at eh (/Users/ahmedsalem/Desktop/all my projects/uneom.com/node_modules/next/dist/compiled/next-server/app-page.runtime.prod.js:12:134660)
    at e (/Users/ahmedsalem/Desktop/all my projects/uneom.com/node_modules/next/dist/compiled/next-server/app-page.runtime.prod.js:12:137545)
    at ek (/Users/ahmedsalem/Desktop/all my projects/uneom.com/node_modules/next/dist/compiled/next-server/app-page.runtime.prod.js:12:138019)
    at Array.toJSON (/Users/ahmedsalem/Desktop/all my projects/uneom.com/node_modules/next/dist/compiled/next-server/app-page.runtime.prod.js:12:135629)
    at stringify (<anonymous>)
    at eP (/Users/ahmedsalem/Desktop/all my projects/uneom.com/node_modules/next/dist/compiled/next-server/app-page.runtime.prod.js:12:142093)
    at eE (/Users/ahmedsalem/Desktop/all my projects/uneom.com/node_modules/next/dist/compiled/next-server/app-page.runtime.prod.js:12:142572)
    at AsyncLocalStorage.run (node:internal/async_local_storage/async_context_frame:63:14)
    at Timeout._onTimeout (/Users/ahmedsalem/Desktop/all my projects/uneom.com/node_modules/next/dist/compiled/next-server/app-page.runtime.prod.js:12:150373)

Error occurred prerendering page "/locations/jazan/security". Read more: https://nextjs.org/docs/messages/prerender-error

TypeError: Cannot read properties of undefined (reading 'toLowerCase')
    at b (/Users/ahmedsalem/Desktop/all my projects/uneom.com/.next/server/app/locations/[city]/[industry]/page.js:1:4337)
    at eh (/Users/ahmedsalem/Desktop/all my projects/uneom.com/node_modules/next/dist/compiled/next-server/app-page.runtime.prod.js:12:134660)
    at e (/Users/ahmedsalem/Desktop/all my projects/uneom.com/node_modules/next/dist/compiled/next-server/app-page.runtime.prod.js:12:137545)
    at ek (/Users/ahmedsalem/Desktop/all my projects/uneom.com/node_modules/next/dist/compiled/next-server/app-page.runtime.prod.js:12:138019)
    at Array.toJSON (/Users/ahmedsalem/Desktop/all my projects/uneom.com/node_modules/next/dist/compiled/next-server/app-page.runtime.prod.js:12:135629)
    at stringify (<anonymous>)
    at eP (/Users/ahmedsalem/Desktop/all my projects/uneom.com/node_modules/next/dist/compiled/next-server/app-page.runtime.prod.js:12:142093)
    at eE (/Users/ahmedsalem/Desktop/all my projects/uneom.com/node_modules/next/dist/compiled/next-server/app-page.runtime.prod.js:12:142572)
    at AsyncLocalStorage.run (node:internal/async_local_storage/async_context_frame:63:14)
    at Timeout._onTimeout (/Users/ahmedsalem/Desktop/all my projects/uneom.com/node_modules/next/dist/compiled/next-server/app-page.runtime.prod.js:12:150373)

Error occurred prerendering page "/locations/jazan/corporate". Read more: https://nextjs.org/docs/messages/prerender-error

TypeError: Cannot read properties of undefined (reading 'toLowerCase')
    at b (/Users/ahmedsalem/Desktop/all my projects/uneom.com/.next/server/app/locations/[city]/[industry]/page.js:1:4337)
    at eh (/Users/ahmedsalem/Desktop/all my projects/uneom.com/node_modules/next/dist/compiled/next-server/app-page.runtime.prod.js:12:134660)
    at e (/Users/ahmedsalem/Desktop/all my projects/uneom.com/node_modules/next/dist/compiled/next-server/app-page.runtime.prod.js:12:137545)
    at ek (/Users/ahmedsalem/Desktop/all my projects/uneom.com/node_modules/next/dist/compiled/next-server/app-page.runtime.prod.js:12:138019)
    at Array.toJSON (/Users/ahmedsalem/Desktop/all my projects/uneom.com/node_modules/next/dist/compiled/next-server/app-page.runtime.prod.js:12:135629)
    at stringify (<anonymous>)
    at eP (/Users/ahmedsalem/Desktop/all my projects/uneom.com/node_modules/next/dist/compiled/next-server/app-page.runtime.prod.js:12:142093)
    at eE (/Users/ahmedsalem/Desktop/all my projects/uneom.com/node_modules/next/dist/compiled/next-server/app-page.runtime.prod.js:12:142572)
    at AsyncLocalStorage.run (node:internal/async_local_storage/async_context_frame:63:14)
    at Timeout._onTimeout (/Users/ahmedsalem/Desktop/all my projects/uneom.com/node_modules/next/dist/compiled/next-server/app-page.runtime.prod.js:12:150373)
TypeError: Cannot read properties of undefined (reading 'toLowerCase')
    at b (/Users/ahmedsalem/Desktop/all my projects/uneom.com/.next/server/app/locations/[city]/[industry]/page.js:1:4337)
    at eh (/Users/ahmedsalem/Desktop/all my projects/uneom.com/node_modules/next/dist/compiled/next-server/app-page.runtime.prod.js:12:134660)
    at e (/Users/ahmedsalem/Desktop/all my projects/uneom.com/node_modules/next/dist/compiled/next-server/app-page.runtime.prod.js:12:137545)
    at ek (/Users/ahmedsalem/Desktop/all my projects/uneom.com/node_modules/next/dist/compiled/next-server/app-page.runtime.prod.js:12:138019)
    at Array.toJSON (/Users/ahmedsalem/Desktop/all my projects/uneom.com/node_modules/next/dist/compiled/next-server/app-page.runtime.prod.js:12:135629)
    at stringify (<anonymous>)
    at eP (/Users/ahmedsalem/Desktop/all my projects/uneom.com/node_modules/next/dist/compiled/next-server/app-page.runtime.prod.js:12:142093)
    at eE (/Users/ahmedsalem/Desktop/all my projects/uneom.com/node_modules/next/dist/compiled/next-server/app-page.runtime.prod.js:12:142572)
    at AsyncLocalStorage.run (node:internal/async_local_storage/async_context_frame:63:14)
    at Timeout._onTimeout (/Users/ahmedsalem/Desktop/all my projects/uneom.com/node_modules/next/dist/compiled/next-server/app-page.runtime.prod.js:12:150373) {
  digest: '785353560'
}
TypeError: Cannot read properties of undefined (reading 'toLowerCase')
    at b (/Users/ahmedsalem/Desktop/all my projects/uneom.com/.next/server/app/locations/[city]/[industry]/page.js:1:4337)
    at eh (/Users/ahmedsalem/Desktop/all my projects/uneom.com/node_modules/next/dist/compiled/next-server/app-page.runtime.prod.js:12:134660)
    at e (/Users/ahmedsalem/Desktop/all my projects/uneom.com/node_modules/next/dist/compiled/next-server/app-page.runtime.prod.js:12:137545)
    at ek (/Users/ahmedsalem/Desktop/all my projects/uneom.com/node_modules/next/dist/compiled/next-server/app-page.runtime.prod.js:12:138019)
    at Array.toJSON (/Users/ahmedsalem/Desktop/all my projects/uneom.com/node_modules/next/dist/compiled/next-server/app-page.runtime.prod.js:12:135629)
    at stringify (<anonymous>)
    at eP (/Users/ahmedsalem/Desktop/all my projects/uneom.com/node_modules/next/dist/compiled/next-server/app-page.runtime.prod.js:12:142093)
    at eE (/Users/ahmedsalem/Desktop/all my projects/uneom.com/node_modules/next/dist/compiled/next-server/app-page.runtime.prod.js:12:142572)
    at Timeout._onTimeout (/Users/ahmedsalem/Desktop/all my projects/uneom.com/node_modules/next/dist/compiled/next-server/app-page.runtime.prod.js:12:135349)
    at listOnTimeout (node:internal/timers:605:17) {
  digest: '2151575143'
}
TypeError: Cannot read properties of undefined (reading 'toLowerCase')
    at b (/Users/ahmedsalem/Desktop/all my projects/uneom.com/.next/server/app/locations/[city]/[industry]/page.js:1:4337)
    at eh (/Users/ahmedsalem/Desktop/all my projects/uneom.com/node_modules/next/dist/compiled/next-server/app-page.runtime.prod.js:12:134660)
    at e (/Users/ahmedsalem/Desktop/all my projects/uneom.com/node_modules/next/dist/compiled/next-server/app-page.runtime.prod.js:12:137545)
    at ek (/Users/ahmedsalem/Desktop/all my projects/uneom.com/node_modules/next/dist/compiled/next-server/app-page.runtime.prod.js:12:138019)
    at Array.toJSON (/Users/ahmedsalem/Desktop/all my projects/uneom.com/node_modules/next/dist/compiled/next-server/app-page.runtime.prod.js:12:135629)
    at stringify (<anonymous>)
    at eP (/Users/ahmedsalem/Desktop/all my projects/uneom.com/node_modules/next/dist/compiled/next-server/app-page.runtime.prod.js:12:142093)
    at eE (/Users/ahmedsalem/Desktop/all my projects/uneom.com/node_modules/next/dist/compiled/next-server/app-page.runtime.prod.js:12:142572)
    at AsyncLocalStorage.run (node:internal/async_local_storage/async_context_frame:63:14)
    at Timeout._onTimeout (/Users/ahmedsalem/Desktop/all my projects/uneom.com/node_modules/next/dist/compiled/next-server/app-page.runtime.prod.js:12:150373) {
  digest: '785353560'
}
TypeError: Cannot read properties of undefined (reading 'toLowerCase')
    at b (/Users/ahmedsalem/Desktop/all my projects/uneom.com/.next/server/app/locations/[city]/[industry]/page.js:1:4337)
    at eh (/Users/ahmedsalem/Desktop/all my projects/uneom.com/node_modules/next/dist/compiled/next-server/app-page.runtime.prod.js:12:134660)
    at e (/Users/ahmedsalem/Desktop/all my projects/uneom.com/node_modules/next/dist/compiled/next-server/app-page.runtime.prod.js:12:137545)
    at ek (/Users/ahmedsalem/Desktop/all my projects/uneom.com/node_modules/next/dist/compiled/next-server/app-page.runtime.prod.js:12:138019)
    at Array.toJSON (/Users/ahmedsalem/Desktop/all my projects/uneom.com/node_modules/next/dist/compiled/next-server/app-page.runtime.prod.js:12:135629)
    at stringify (<anonymous>)
    at eP (/Users/ahmedsalem/Desktop/all my projects/uneom.com/node_modules/next/dist/compiled/next-server/app-page.runtime.prod.js:12:142093)
    at eE (/Users/ahmedsalem/Desktop/all my projects/uneom.com/node_modules/next/dist/compiled/next-server/app-page.runtime.prod.js:12:142572)
    at AsyncLocalStorage.run (node:internal/async_local_storage/async_context_frame:63:14)
    at Timeout._onTimeout (/Users/ahmedsalem/Desktop/all my projects/uneom.com/node_modules/next/dist/compiled/next-server/app-page.runtime.prod.js:12:150373) {
  digest: '785353560'
}
TypeError: Cannot read properties of undefined (reading 'toLowerCase')
    at b (/Users/ahmedsalem/Desktop/all my projects/uneom.com/.next/server/app/locations/[city]/[industry]/page.js:1:4337)
    at eh (/Users/ahmedsalem/Desktop/all my projects/uneom.com/node_modules/next/dist/compiled/next-server/app-page.runtime.prod.js:12:134660)
    at e (/Users/ahmedsalem/Desktop/all my projects/uneom.com/node_modules/next/dist/compiled/next-server/app-page.runtime.prod.js:12:137545)
    at ek (/Users/ahmedsalem/Desktop/all my projects/uneom.com/node_modules/next/dist/compiled/next-server/app-page.runtime.prod.js:12:138019)
    at Array.toJSON (/Users/ahmedsalem/Desktop/all my projects/uneom.com/node_modules/next/dist/compiled/next-server/app-page.runtime.prod.js:12:135629)
    at stringify (<anonymous>)
    at eP (/Users/ahmedsalem/Desktop/all my projects/uneom.com/node_modules/next/dist/compiled/next-server/app-page.runtime.prod.js:12:142093)
    at eE (/Users/ahmedsalem/Desktop/all my projects/uneom.com/node_modules/next/dist/compiled/next-server/app-page.runtime.prod.js:12:142572)
    at AsyncLocalStorage.run (node:internal/async_local_storage/async_context_frame:63:14)
    at Timeout._onTimeout (/Users/ahmedsalem/Desktop/all my projects/uneom.com/node_modules/next/dist/compiled/next-server/app-page.runtime.prod.js:12:150373) {
  digest: '785353560'
}
TypeError: Cannot read properties of undefined (reading 'toLowerCase')
    at b (/Users/ahmedsalem/Desktop/all my projects/uneom.com/.next/server/app/locations/[city]/[industry]/page.js:1:4337)
    at eh (/Users/ahmedsalem/Desktop/all my projects/uneom.com/node_modules/next/dist/compiled/next-server/app-page.runtime.prod.js:12:134660)
    at e (/Users/ahmedsalem/Desktop/all my projects/uneom.com/node_modules/next/dist/compiled/next-server/app-page.runtime.prod.js:12:137545)
    at ek (/Users/ahmedsalem/Desktop/all my projects/uneom.com/node_modules/next/dist/compiled/next-server/app-page.runtime.prod.js:12:138019)
    at Array.toJSON (/Users/ahmedsalem/Desktop/all my projects/uneom.com/node_modules/next/dist/compiled/next-server/app-page.runtime.prod.js:12:135629)
    at stringify (<anonymous>)
    at eP (/Users/ahmedsalem/Desktop/all my projects/uneom.com/node_modules/next/dist/compiled/next-server/app-page.runtime.prod.js:12:142093)
    at eE (/Users/ahmedsalem/Desktop/all my projects/uneom.com/node_modules/next/dist/compiled/next-server/app-page.runtime.prod.js:12:142572)
    at AsyncLocalStorage.run (node:internal/async_local_storage/async_context_frame:63:14)
    at Timeout._onTimeout (/Users/ahmedsalem/Desktop/all my projects/uneom.com/node_modules/next/dist/compiled/next-server/app-page.runtime.prod.js:12:150373) {
  digest: '785353560'
}
TypeError: Cannot read properties of undefined (reading 'toLowerCase')
    at b (/Users/ahmedsalem/Desktop/all my projects/uneom.com/.next/server/app/locations/[city]/[industry]/page.js:1:4337)
    at eh (/Users/ahmedsalem/Desktop/all my projects/uneom.com/node_modules/next/dist/compiled/next-server/app-page.runtime.prod.js:12:134660)
    at e (/Users/ahmedsalem/Desktop/all my projects/uneom.com/node_modules/next/dist/compiled/next-server/app-page.runtime.prod.js:12:137545)
    at ek (/Users/ahmedsalem/Desktop/all my projects/uneom.com/node_modules/next/dist/compiled/next-server/app-page.runtime.prod.js:12:138019)
    at Array.toJSON (/Users/ahmedsalem/Desktop/all my projects/uneom.com/node_modules/next/dist/compiled/next-server/app-page.runtime.prod.js:12:135629)
    at stringify (<anonymous>)
    at eP (/Users/ahmedsalem/Desktop/all my projects/uneom.com/node_modules/next/dist/compiled/next-server/app-page.runtime.prod.js:12:142093)
    at eE (/Users/ahmedsalem/Desktop/all my projects/uneom.com/node_modules/next/dist/compiled/next-server/app-page.runtime.prod.js:12:142572)
    at AsyncLocalStorage.run (node:internal/async_local_storage/async_context_frame:63:14)
    at Timeout._onTimeout (/Users/ahmedsalem/Desktop/all my projects/uneom.com/node_modules/next/dist/compiled/next-server/app-page.runtime.prod.js:12:150373) {
  digest: '785353560'
}
TypeError: Cannot read properties of undefined (reading 'toLowerCase')
    at b (/Users/ahmedsalem/Desktop/all my projects/uneom.com/.next/server/app/locations/[city]/[industry]/page.js:1:4337)
    at eh (/Users/ahmedsalem/Desktop/all my projects/uneom.com/node_modules/next/dist/compiled/next-server/app-page.runtime.prod.js:12:134660)
    at e (/Users/ahmedsalem/Desktop/all my projects/uneom.com/node_modules/next/dist/compiled/next-server/app-page.runtime.prod.js:12:137545)
    at ek (/Users/ahmedsalem/Desktop/all my projects/uneom.com/node_modules/next/dist/compiled/next-server/app-page.runtime.prod.js:12:138019)
    at Array.toJSON (/Users/ahmedsalem/Desktop/all my projects/uneom.com/node_modules/next/dist/compiled/next-server/app-page.runtime.prod.js:12:135629)
    at stringify (<anonymous>)
    at eP (/Users/ahmedsalem/Desktop/all my projects/uneom.com/node_modules/next/dist/compiled/next-server/app-page.runtime.prod.js:12:142093)
    at eE (/Users/ahmedsalem/Desktop/all my projects/uneom.com/node_modules/next/dist/compiled/next-server/app-page.runtime.prod.js:12:142572)
    at AsyncLocalStorage.run (node:internal/async_local_storage/async_context_frame:63:14)
    at Timeout._onTimeout (/Users/ahmedsalem/Desktop/all my projects/uneom.com/node_modules/next/dist/compiled/next-server/app-page.runtime.prod.js:12:150373) {
  digest: '785353560'
}
TypeError: Cannot read properties of undefined (reading 'toLowerCase')
    at b (/Users/ahmedsalem/Desktop/all my projects/uneom.com/.next/server/app/locations/[city]/[industry]/page.js:1:4337)
    at eh (/Users/ahmedsalem/Desktop/all my projects/uneom.com/node_modules/next/dist/compiled/next-server/app-page.runtime.prod.js:12:134660)
    at e (/Users/ahmedsalem/Desktop/all my projects/uneom.com/node_modules/next/dist/compiled/next-server/app-page.runtime.prod.js:12:137545)
    at ek (/Users/ahmedsalem/Desktop/all my projects/uneom.com/node_modules/next/dist/compiled/next-server/app-page.runtime.prod.js:12:138019)
    at Array.toJSON (/Users/ahmedsalem/Desktop/all my projects/uneom.com/node_modules/next/dist/compiled/next-server/app-page.runtime.prod.js:12:135629)
    at stringify (<anonymous>)
    at eP (/Users/ahmedsalem/Desktop/all my projects/uneom.com/node_modules/next/dist/compiled/next-server/app-page.runtime.prod.js:12:142093)
    at eE (/Users/ahmedsalem/Desktop/all my projects/uneom.com/node_modules/next/dist/compiled/next-server/app-page.runtime.prod.js:12:142572)
    at Timeout._onTimeout (/Users/ahmedsalem/Desktop/all my projects/uneom.com/node_modules/next/dist/compiled/next-server/app-page.runtime.prod.js:12:135349)
    at listOnTimeout (node:internal/timers:605:17) {
  digest: '2151575143'
}
TypeError: Cannot read properties of undefined (reading 'toLowerCase')
    at Module.y (/Users/ahmedsalem/Desktop/all my projects/uneom.com/.next/server/app/locations/[city]/[industry]/page.js:1:2657)
    at /Users/ahmedsalem/Desktop/all my projects/uneom.com/node_modules/next/dist/compiled/next-server/app-page.runtime.prod.js:12:227525
    at /Users/ahmedsalem/Desktop/all my projects/uneom.com/node_modules/next/dist/server/lib/trace/tracer.js:140:36
    at NoopContextManager.with (/Users/ahmedsalem/Desktop/all my projects/uneom.com/node_modules/next/dist/compiled/@opentelemetry/api/index.js:1:7062)
    at ContextAPI.with (/Users/ahmedsalem/Desktop/all my projects/uneom.com/node_modules/next/dist/compiled/@opentelemetry/api/index.js:1:518)
    at NoopTracer.startActiveSpan (/Users/ahmedsalem/Desktop/all my projects/uneom.com/node_modules/next/dist/compiled/@opentelemetry/api/index.js:1:18093)
    at ProxyTracer.startActiveSpan (/Users/ahmedsalem/Desktop/all my projects/uneom.com/node_modules/next/dist/compiled/@opentelemetry/api/index.js:1:18854)
    at /Users/ahmedsalem/Desktop/all my projects/uneom.com/node_modules/next/dist/server/lib/trace/tracer.js:122:103
    at NoopContextManager.with (/Users/ahmedsalem/Desktop/all my projects/uneom.com/node_modules/next/dist/compiled/@opentelemetry/api/index.js:1:7062)
    at ContextAPI.with (/Users/ahmedsalem/Desktop/all my projects/uneom.com/node_modules/next/dist/compiled/@opentelemetry/api/index.js:1:518) {
  digest: '2592674761'
}
TypeError: Cannot read properties of undefined (reading 'toLowerCase')
    at b (/Users/ahmedsalem/Desktop/all my projects/uneom.com/.next/server/app/locations/[city]/[industry]/page.js:1:4337)
    at eh (/Users/ahmedsalem/Desktop/all my projects/uneom.com/node_modules/next/dist/compiled/next-server/app-page.runtime.prod.js:12:134660)
    at e (/Users/ahmedsalem/Desktop/all my projects/uneom.com/node_modules/next/dist/compiled/next-server/app-page.runtime.prod.js:12:137545)
    at ek (/Users/ahmedsalem/Desktop/all my projects/uneom.com/node_modules/next/dist/compiled/next-server/app-page.runtime.prod.js:12:138019)
    at Array.toJSON (/Users/ahmedsalem/Desktop/all my projects/uneom.com/node_modules/next/dist/compiled/next-server/app-page.runtime.prod.js:12:135629)
    at stringify (<anonymous>)
    at eP (/Users/ahmedsalem/Desktop/all my projects/uneom.com/node_modules/next/dist/compiled/next-server/app-page.runtime.prod.js:12:142093)
    at eE (/Users/ahmedsalem/Desktop/all my projects/uneom.com/node_modules/next/dist/compiled/next-server/app-page.runtime.prod.js:12:142572)
    at Timeout._onTimeout (/Users/ahmedsalem/Desktop/all my projects/uneom.com/node_modules/next/dist/compiled/next-server/app-page.runtime.prod.js:12:135349)
    at listOnTimeout (node:internal/timers:605:17) {
  digest: '2151575143'
}
TypeError: Cannot read properties of undefined (reading 'toLowerCase')
    at b (/Users/ahmedsalem/Desktop/all my projects/uneom.com/.next/server/app/locations/[city]/[industry]/page.js:1:4337)
    at eh (/Users/ahmedsalem/Desktop/all my projects/uneom.com/node_modules/next/dist/compiled/next-server/app-page.runtime.prod.js:12:134660)
    at e (/Users/ahmedsalem/Desktop/all my projects/uneom.com/node_modules/next/dist/compiled/next-server/app-page.runtime.prod.js:12:137545)
    at ek (/Users/ahmedsalem/Desktop/all my projects/uneom.com/node_modules/next/dist/compiled/next-server/app-page.runtime.prod.js:12:138019)
    at Array.toJSON (/Users/ahmedsalem/Desktop/all my projects/uneom.com/node_modules/next/dist/compiled/next-server/app-page.runtime.prod.js:12:135629)
    at stringify (<anonymous>)
    at eP (/Users/ahmedsalem/Desktop/all my projects/uneom.com/node_modules/next/dist/compiled/next-server/app-page.runtime.prod.js:12:142093)
    at eE (/Users/ahmedsalem/Desktop/all my projects/uneom.com/node_modules/next/dist/compiled/next-server/app-page.runtime.prod.js:12:142572)
    at Timeout._onTimeout (/Users/ahmedsalem/Desktop/all my projects/uneom.com/node_modules/next/dist/compiled/next-server/app-page.runtime.prod.js:12:135349)
    at listOnTimeout (node:internal/timers:605:17) {
  digest: '2151575143'
}
TypeError: Cannot read properties of undefined (reading 'toLowerCase')
    at b (/Users/ahmedsalem/Desktop/all my projects/uneom.com/.next/server/app/locations/[city]/[industry]/page.js:1:4337)
    at eh (/Users/ahmedsalem/Desktop/all my projects/uneom.com/node_modules/next/dist/compiled/next-server/app-page.runtime.prod.js:12:134660)
    at e (/Users/ahmedsalem/Desktop/all my projects/uneom.com/node_modules/next/dist/compiled/next-server/app-page.runtime.prod.js:12:137545)
    at ek (/Users/ahmedsalem/Desktop/all my projects/uneom.com/node_modules/next/dist/compiled/next-server/app-page.runtime.prod.js:12:138019)
    at Array.toJSON (/Users/ahmedsalem/Desktop/all my projects/uneom.com/node_modules/next/dist/compiled/next-server/app-page.runtime.prod.js:12:135629)
    at stringify (<anonymous>)
    at eP (/Users/ahmedsalem/Desktop/all my projects/uneom.com/node_modules/next/dist/compiled/next-server/app-page.runtime.prod.js:12:142093)
    at eE (/Users/ahmedsalem/Desktop/all my projects/uneom.com/node_modules/next/dist/compiled/next-server/app-page.runtime.prod.js:12:142572)
    at Timeout._onTimeout (/Users/ahmedsalem/Desktop/all my projects/uneom.com/node_modules/next/dist/compiled/next-server/app-page.runtime.prod.js:12:135349)
    at listOnTimeout (node:internal/timers:605:17) {
  digest: '2151575143'
}
TypeError: Cannot read properties of undefined (reading 'toLowerCase')
    at b (/Users/ahmedsalem/Desktop/all my projects/uneom.com/.next/server/app/locations/[city]/[industry]/page.js:1:4337)
    at eh (/Users/ahmedsalem/Desktop/all my projects/uneom.com/node_modules/next/dist/compiled/next-server/app-page.runtime.prod.js:12:134660)
    at e (/Users/ahmedsalem/Desktop/all my projects/uneom.com/node_modules/next/dist/compiled/next-server/app-page.runtime.prod.js:12:137545)
    at ek (/Users/ahmedsalem/Desktop/all my projects/uneom.com/node_modules/next/dist/compiled/next-server/app-page.runtime.prod.js:12:138019)
    at Array.toJSON (/Users/ahmedsalem/Desktop/all my projects/uneom.com/node_modules/next/dist/compiled/next-server/app-page.runtime.prod.js:12:135629)
    at stringify (<anonymous>)
    at eP (/Users/ahmedsalem/Desktop/all my projects/uneom.com/node_modules/next/dist/compiled/next-server/app-page.runtime.prod.js:12:142093)
    at eE (/Users/ahmedsalem/Desktop/all my projects/uneom.com/node_modules/next/dist/compiled/next-server/app-page.runtime.prod.js:12:142572)
    at Timeout._onTimeout (/Users/ahmedsalem/Desktop/all my projects/uneom.com/node_modules/next/dist/compiled/next-server/app-page.runtime.prod.js:12:135349)
    at listOnTimeout (node:internal/timers:605:17) {
  digest: '2151575143'
}
TypeError: Cannot read properties of undefined (reading 'toLowerCase')
    at b (/Users/ahmedsalem/Desktop/all my projects/uneom.com/.next/server/app/locations/[city]/[industry]/page.js:1:4337)
    at eh (/Users/ahmedsalem/Desktop/all my projects/uneom.com/node_modules/next/dist/compiled/next-server/app-page.runtime.prod.js:12:134660)
    at e (/Users/ahmedsalem/Desktop/all my projects/uneom.com/node_modules/next/dist/compiled/next-server/app-page.runtime.prod.js:12:137545)
    at ek (/Users/ahmedsalem/Desktop/all my projects/uneom.com/node_modules/next/dist/compiled/next-server/app-page.runtime.prod.js:12:138019)
    at Array.toJSON (/Users/ahmedsalem/Desktop/all my projects/uneom.com/node_modules/next/dist/compiled/next-server/app-page.runtime.prod.js:12:135629)
    at stringify (<anonymous>)
    at eP (/Users/ahmedsalem/Desktop/all my projects/uneom.com/node_modules/next/dist/compiled/next-server/app-page.runtime.prod.js:12:142093)
    at eE (/Users/ahmedsalem/Desktop/all my projects/uneom.com/node_modules/next/dist/compiled/next-server/app-page.runtime.prod.js:12:142572)
    at Timeout._onTimeout (/Users/ahmedsalem/Desktop/all my projects/uneom.com/node_modules/next/dist/compiled/next-server/app-page.runtime.prod.js:12:135349)
    at listOnTimeout (node:internal/timers:605:17) {
  digest: '2151575143'
}
TypeError: Cannot read properties of undefined (reading 'toLowerCase')
    at Module.y (/Users/ahmedsalem/Desktop/all my projects/uneom.com/.next/server/app/locations/[city]/[industry]/page.js:1:2657)
    at /Users/ahmedsalem/Desktop/all my projects/uneom.com/node_modules/next/dist/compiled/next-server/app-page.runtime.prod.js:12:227525
    at /Users/ahmedsalem/Desktop/all my projects/uneom.com/node_modules/next/dist/server/lib/trace/tracer.js:140:36
    at NoopContextManager.with (/Users/ahmedsalem/Desktop/all my projects/uneom.com/node_modules/next/dist/compiled/@opentelemetry/api/index.js:1:7062)
    at ContextAPI.with (/Users/ahmedsalem/Desktop/all my projects/uneom.com/node_modules/next/dist/compiled/@opentelemetry/api/index.js:1:518)
    at NoopTracer.startActiveSpan (/Users/ahmedsalem/Desktop/all my projects/uneom.com/node_modules/next/dist/compiled/@opentelemetry/api/index.js:1:18093)
    at ProxyTracer.startActiveSpan (/Users/ahmedsalem/Desktop/all my projects/uneom.com/node_modules/next/dist/compiled/@opentelemetry/api/index.js:1:18854)
    at /Users/ahmedsalem/Desktop/all my projects/uneom.com/node_modules/next/dist/server/lib/trace/tracer.js:122:103
    at NoopContextManager.with (/Users/ahmedsalem/Desktop/all my projects/uneom.com/node_modules/next/dist/compiled/@opentelemetry/api/index.js:1:7062)
    at ContextAPI.with (/Users/ahmedsalem/Desktop/all my projects/uneom.com/node_modules/next/dist/compiled/@opentelemetry/api/index.js:1:518) {
  digest: '2592674761'
}
TypeError: Cannot read properties of undefined (reading 'toLowerCase')
    at Module.y (/Users/ahmedsalem/Desktop/all my projects/uneom.com/.next/server/app/locations/[city]/[industry]/page.js:1:2657)
    at /Users/ahmedsalem/Desktop/all my projects/uneom.com/node_modules/next/dist/compiled/next-server/app-page.runtime.prod.js:12:227525
    at /Users/ahmedsalem/Desktop/all my projects/uneom.com/node_modules/next/dist/server/lib/trace/tracer.js:140:36
    at NoopContextManager.with (/Users/ahmedsalem/Desktop/all my projects/uneom.com/node_modules/next/dist/compiled/@opentelemetry/api/index.js:1:7062)
    at ContextAPI.with (/Users/ahmedsalem/Desktop/all my projects/uneom.com/node_modules/next/dist/compiled/@opentelemetry/api/index.js:1:518)
    at NoopTracer.startActiveSpan (/Users/ahmedsalem/Desktop/all my projects/uneom.com/node_modules/next/dist/compiled/@opentelemetry/api/index.js:1:18093)
    at ProxyTracer.startActiveSpan (/Users/ahmedsalem/Desktop/all my projects/uneom.com/node_modules/next/dist/compiled/@opentelemetry/api/index.js:1:18854)
    at /Users/ahmedsalem/Desktop/all my projects/uneom.com/node_modules/next/dist/server/lib/trace/tracer.js:122:103
    at NoopContextManager.with (/Users/ahmedsalem/Desktop/all my projects/uneom.com/node_modules/next/dist/compiled/@opentelemetry/api/index.js:1:7062)
    at ContextAPI.with (/Users/ahmedsalem/Desktop/all my projects/uneom.com/node_modules/next/dist/compiled/@opentelemetry/api/index.js:1:518) {
  digest: '2592674761'
}
TypeError: Cannot read properties of undefined (reading 'toLowerCase')
    at Module.y (/Users/ahmedsalem/Desktop/all my projects/uneom.com/.next/server/app/locations/[city]/[industry]/page.js:1:2657)
    at /Users/ahmedsalem/Desktop/all my projects/uneom.com/node_modules/next/dist/compiled/next-server/app-page.runtime.prod.js:12:227525
    at /Users/ahmedsalem/Desktop/all my projects/uneom.com/node_modules/next/dist/server/lib/trace/tracer.js:140:36
    at NoopContextManager.with (/Users/ahmedsalem/Desktop/all my projects/uneom.com/node_modules/next/dist/compiled/@opentelemetry/api/index.js:1:7062)
    at ContextAPI.with (/Users/ahmedsalem/Desktop/all my projects/uneom.com/node_modules/next/dist/compiled/@opentelemetry/api/index.js:1:518)
    at NoopTracer.startActiveSpan (/Users/ahmedsalem/Desktop/all my projects/uneom.com/node_modules/next/dist/compiled/@opentelemetry/api/index.js:1:18093)
    at ProxyTracer.startActiveSpan (/Users/ahmedsalem/Desktop/all my projects/uneom.com/node_modules/next/dist/compiled/@opentelemetry/api/index.js:1:18854)
    at /Users/ahmedsalem/Desktop/all my projects/uneom.com/node_modules/next/dist/server/lib/trace/tracer.js:122:103
    at NoopContextManager.with (/Users/ahmedsalem/Desktop/all my projects/uneom.com/node_modules/next/dist/compiled/@opentelemetry/api/index.js:1:7062)
    at ContextAPI.with (/Users/ahmedsalem/Desktop/all my projects/uneom.com/node_modules/next/dist/compiled/@opentelemetry/api/index.js:1:518) {
  digest: '2592674761'
}
TypeError: Cannot read properties of undefined (reading 'toLowerCase')
    at Module.y (/Users/ahmedsalem/Desktop/all my projects/uneom.com/.next/server/app/locations/[city]/[industry]/page.js:1:2657)
    at /Users/ahmedsalem/Desktop/all my projects/uneom.com/node_modules/next/dist/compiled/next-server/app-page.runtime.prod.js:12:227525
    at /Users/ahmedsalem/Desktop/all my projects/uneom.com/node_modules/next/dist/server/lib/trace/tracer.js:140:36
    at NoopContextManager.with (/Users/ahmedsalem/Desktop/all my projects/uneom.com/node_modules/next/dist/compiled/@opentelemetry/api/index.js:1:7062)
    at ContextAPI.with (/Users/ahmedsalem/Desktop/all my projects/uneom.com/node_modules/next/dist/compiled/@opentelemetry/api/index.js:1:518)
    at NoopTracer.startActiveSpan (/Users/ahmedsalem/Desktop/all my projects/uneom.com/node_modules/next/dist/compiled/@opentelemetry/api/index.js:1:18093)
    at ProxyTracer.startActiveSpan (/Users/ahmedsalem/Desktop/all my projects/uneom.com/node_modules/next/dist/compiled/@opentelemetry/api/index.js:1:18854)
    at /Users/ahmedsalem/Desktop/all my projects/uneom.com/node_modules/next/dist/server/lib/trace/tracer.js:122:103
    at NoopContextManager.with (/Users/ahmedsalem/Desktop/all my projects/uneom.com/node_modules/next/dist/compiled/@opentelemetry/api/index.js:1:7062)
    at ContextAPI.with (/Users/ahmedsalem/Desktop/all my projects/uneom.com/node_modules/next/dist/compiled/@opentelemetry/api/index.js:1:518) {
  digest: '2592674761'
}
TypeError: Cannot read properties of undefined (reading 'toLowerCase')
    at Module.y (/Users/ahmedsalem/Desktop/all my projects/uneom.com/.next/server/app/locations/[city]/[industry]/page.js:1:2657)
    at /Users/ahmedsalem/Desktop/all my projects/uneom.com/node_modules/next/dist/compiled/next-server/app-page.runtime.prod.js:12:227525
    at /Users/ahmedsalem/Desktop/all my projects/uneom.com/node_modules/next/dist/server/lib/trace/tracer.js:140:36
    at NoopContextManager.with (/Users/ahmedsalem/Desktop/all my projects/uneom.com/node_modules/next/dist/compiled/@opentelemetry/api/index.js:1:7062)
    at ContextAPI.with (/Users/ahmedsalem/Desktop/all my projects/uneom.com/node_modules/next/dist/compiled/@opentelemetry/api/index.js:1:518)
    at NoopTracer.startActiveSpan (/Users/ahmedsalem/Desktop/all my projects/uneom.com/node_modules/next/dist/compiled/@opentelemetry/api/index.js:1:18093)
    at ProxyTracer.startActiveSpan (/Users/ahmedsalem/Desktop/all my projects/uneom.com/node_modules/next/dist/compiled/@opentelemetry/api/index.js:1:18854)
    at /Users/ahmedsalem/Desktop/all my projects/uneom.com/node_modules/next/dist/server/lib/trace/tracer.js:122:103
    at NoopContextManager.with (/Users/ahmedsalem/Desktop/all my projects/uneom.com/node_modules/next/dist/compiled/@opentelemetry/api/index.js:1:7062)
    at ContextAPI.with (/Users/ahmedsalem/Desktop/all my projects/uneom.com/node_modules/next/dist/compiled/@opentelemetry/api/index.js:1:518) {
  digest: '2592674761'
}
TypeError: Cannot read properties of undefined (reading 'toLowerCase')
    at Module.y (/Users/ahmedsalem/Desktop/all my projects/uneom.com/.next/server/app/locations/[city]/[industry]/page.js:1:2657)
    at /Users/ahmedsalem/Desktop/all my projects/uneom.com/node_modules/next/dist/compiled/next-server/app-page.runtime.prod.js:12:227525
    at /Users/ahmedsalem/Desktop/all my projects/uneom.com/node_modules/next/dist/server/lib/trace/tracer.js:140:36
    at NoopContextManager.with (/Users/ahmedsalem/Desktop/all my projects/uneom.com/node_modules/next/dist/compiled/@opentelemetry/api/index.js:1:7062)
    at ContextAPI.with (/Users/ahmedsalem/Desktop/all my projects/uneom.com/node_modules/next/dist/compiled/@opentelemetry/api/index.js:1:518)
    at NoopTracer.startActiveSpan (/Users/ahmedsalem/Desktop/all my projects/uneom.com/node_modules/next/dist/compiled/@opentelemetry/api/index.js:1:18093)
    at ProxyTracer.startActiveSpan (/Users/ahmedsalem/Desktop/all my projects/uneom.com/node_modules/next/dist/compiled/@opentelemetry/api/index.js:1:18854)
    at /Users/ahmedsalem/Desktop/all my projects/uneom.com/node_modules/next/dist/server/lib/trace/tracer.js:122:103
    at NoopContextManager.with (/Users/ahmedsalem/Desktop/all my projects/uneom.com/node_modules/next/dist/compiled/@opentelemetry/api/index.js:1:7062)
    at ContextAPI.with (/Users/ahmedsalem/Desktop/all my projects/uneom.com/node_modules/next/dist/compiled/@opentelemetry/api/index.js:1:518) {
  digest: '2592674761'
}
TypeError: Cannot read properties of undefined (reading 'toLowerCase')
    at Module.y (/Users/ahmedsalem/Desktop/all my projects/uneom.com/.next/server/app/locations/[city]/[industry]/page.js:1:2657)
    at /Users/ahmedsalem/Desktop/all my projects/uneom.com/node_modules/next/dist/compiled/next-server/app-page.runtime.prod.js:12:227525
    at /Users/ahmedsalem/Desktop/all my projects/uneom.com/node_modules/next/dist/server/lib/trace/tracer.js:140:36
    at NoopContextManager.with (/Users/ahmedsalem/Desktop/all my projects/uneom.com/node_modules/next/dist/compiled/@opentelemetry/api/index.js:1:7062)
    at ContextAPI.with (/Users/ahmedsalem/Desktop/all my projects/uneom.com/node_modules/next/dist/compiled/@opentelemetry/api/index.js:1:518)
    at NoopTracer.startActiveSpan (/Users/ahmedsalem/Desktop/all my projects/uneom.com/node_modules/next/dist/compiled/@opentelemetry/api/index.js:1:18093)
    at ProxyTracer.startActiveSpan (/Users/ahmedsalem/Desktop/all my projects/uneom.com/node_modules/next/dist/compiled/@opentelemetry/api/index.js:1:18854)
    at /Users/ahmedsalem/Desktop/all my projects/uneom.com/node_modules/next/dist/server/lib/trace/tracer.js:122:103
    at NoopContextManager.with (/Users/ahmedsalem/Desktop/all my projects/uneom.com/node_modules/next/dist/compiled/@opentelemetry/api/index.js:1:7062)
    at ContextAPI.with (/Users/ahmedsalem/Desktop/all my projects/uneom.com/node_modules/next/dist/compiled/@opentelemetry/api/index.js:1:518) {
  digest: '2592674761'
}
TypeError: Cannot read properties of undefined (reading 'toLowerCase')
    at Module.y (/Users/ahmedsalem/Desktop/all my projects/uneom.com/.next/server/app/locations/[city]/[industry]/page.js:1:2657)
    at /Users/ahmedsalem/Desktop/all my projects/uneom.com/node_modules/next/dist/compiled/next-server/app-page.runtime.prod.js:12:227525
    at /Users/ahmedsalem/Desktop/all my projects/uneom.com/node_modules/next/dist/server/lib/trace/tracer.js:140:36
    at NoopContextManager.with (/Users/ahmedsalem/Desktop/all my projects/uneom.com/node_modules/next/dist/compiled/@opentelemetry/api/index.js:1:7062)
    at ContextAPI.with (/Users/ahmedsalem/Desktop/all my projects/uneom.com/node_modules/next/dist/compiled/@opentelemetry/api/index.js:1:518)
    at NoopTracer.startActiveSpan (/Users/ahmedsalem/Desktop/all my projects/uneom.com/node_modules/next/dist/compiled/@opentelemetry/api/index.js:1:18093)
    at ProxyTracer.startActiveSpan (/Users/ahmedsalem/Desktop/all my projects/uneom.com/node_modules/next/dist/compiled/@opentelemetry/api/index.js:1:18854)
    at /Users/ahmedsalem/Desktop/all my projects/uneom.com/node_modules/next/dist/server/lib/trace/tracer.js:122:103
    at NoopContextManager.with (/Users/ahmedsalem/Desktop/all my projects/uneom.com/node_modules/next/dist/compiled/@opentelemetry/api/index.js:1:7062)
    at ContextAPI.with (/Users/ahmedsalem/Desktop/all my projects/uneom.com/node_modules/next/dist/compiled/@opentelemetry/api/index.js:1:518) {
  digest: '2592674761'
}
TypeError: Cannot read properties of undefined (reading 'toLowerCase')
    at Module.y (/Users/ahmedsalem/Desktop/all my projects/uneom.com/.next/server/app/locations/[city]/[industry]/page.js:1:2657)
    at /Users/ahmedsalem/Desktop/all my projects/uneom.com/node_modules/next/dist/compiled/next-server/app-page.runtime.prod.js:12:227525
    at /Users/ahmedsalem/Desktop/all my projects/uneom.com/node_modules/next/dist/server/lib/trace/tracer.js:140:36
    at NoopContextManager.with (/Users/ahmedsalem/Desktop/all my projects/uneom.com/node_modules/next/dist/compiled/@opentelemetry/api/index.js:1:7062)
    at ContextAPI.with (/Users/ahmedsalem/Desktop/all my projects/uneom.com/node_modules/next/dist/compiled/@opentelemetry/api/index.js:1:518)
    at NoopTracer.startActiveSpan (/Users/ahmedsalem/Desktop/all my projects/uneom.com/node_modules/next/dist/compiled/@opentelemetry/api/index.js:1:18093)
    at ProxyTracer.startActiveSpan (/Users/ahmedsalem/Desktop/all my projects/uneom.com/node_modules/next/dist/compiled/@opentelemetry/api/index.js:1:18854)
    at /Users/ahmedsalem/Desktop/all my projects/uneom.com/node_modules/next/dist/server/lib/trace/tracer.js:122:103
    at NoopContextManager.with (/Users/ahmedsalem/Desktop/all my projects/uneom.com/node_modules/next/dist/compiled/@opentelemetry/api/index.js:1:7062)
    at ContextAPI.with (/Users/ahmedsalem/Desktop/all my projects/uneom.com/node_modules/next/dist/compiled/@opentelemetry/api/index.js:1:518) {
  digest: '2592674761'
}
TypeError: Cannot read properties of undefined (reading 'toLowerCase')
    at Module.y (/Users/ahmedsalem/Desktop/all my projects/uneom.com/.next/server/app/locations/[city]/[industry]/page.js:1:2657)
    at /Users/ahmedsalem/Desktop/all my projects/uneom.com/node_modules/next/dist/compiled/next-server/app-page.runtime.prod.js:12:227525
    at /Users/ahmedsalem/Desktop/all my projects/uneom.com/node_modules/next/dist/server/lib/trace/tracer.js:140:36
    at NoopContextManager.with (/Users/ahmedsalem/Desktop/all my projects/uneom.com/node_modules/next/dist/compiled/@opentelemetry/api/index.js:1:7062)
    at ContextAPI.with (/Users/ahmedsalem/Desktop/all my projects/uneom.com/node_modules/next/dist/compiled/@opentelemetry/api/index.js:1:518)
    at NoopTracer.startActiveSpan (/Users/ahmedsalem/Desktop/all my projects/uneom.com/node_modules/next/dist/compiled/@opentelemetry/api/index.js:1:18093)
    at ProxyTracer.startActiveSpan (/Users/ahmedsalem/Desktop/all my projects/uneom.com/node_modules/next/dist/compiled/@opentelemetry/api/index.js:1:18854)
    at /Users/ahmedsalem/Desktop/all my projects/uneom.com/node_modules/next/dist/server/lib/trace/tracer.js:122:103
    at NoopContextManager.with (/Users/ahmedsalem/Desktop/all my projects/uneom.com/node_modules/next/dist/compiled/@opentelemetry/api/index.js:1:7062)
    at ContextAPI.with (/Users/ahmedsalem/Desktop/all my projects/uneom.com/node_modules/next/dist/compiled/@opentelemetry/api/index.js:1:518) {
  digest: '2592674761'
}
TypeError: Cannot read properties of undefined (reading 'toLowerCase')
    at Module.y (/Users/ahmedsalem/Desktop/all my projects/uneom.com/.next/server/app/locations/[city]/[industry]/page.js:1:2657)
    at /Users/ahmedsalem/Desktop/all my projects/uneom.com/node_modules/next/dist/compiled/next-server/app-page.runtime.prod.js:12:227525
    at /Users/ahmedsalem/Desktop/all my projects/uneom.com/node_modules/next/dist/server/lib/trace/tracer.js:140:36
    at NoopContextManager.with (/Users/ahmedsalem/Desktop/all my projects/uneom.com/node_modules/next/dist/compiled/@opentelemetry/api/index.js:1:7062)
    at ContextAPI.with (/Users/ahmedsalem/Desktop/all my projects/uneom.com/node_modules/next/dist/compiled/@opentelemetry/api/index.js:1:518)
    at NoopTracer.startActiveSpan (/Users/ahmedsalem/Desktop/all my projects/uneom.com/node_modules/next/dist/compiled/@opentelemetry/api/index.js:1:18093)
    at ProxyTracer.startActiveSpan (/Users/ahmedsalem/Desktop/all my projects/uneom.com/node_modules/next/dist/compiled/@opentelemetry/api/index.js:1:18854)
    at /Users/ahmedsalem/Desktop/all my projects/uneom.com/node_modules/next/dist/server/lib/trace/tracer.js:122:103
    at NoopContextManager.with (/Users/ahmedsalem/Desktop/all my projects/uneom.com/node_modules/next/dist/compiled/@opentelemetry/api/index.js:1:7062)
    at ContextAPI.with (/Users/ahmedsalem/Desktop/all my projects/uneom.com/node_modules/next/dist/compiled/@opentelemetry/api/index.js:1:518) {
  digest: '2592674761'
}
TypeError: Cannot read properties of undefined (reading 'toLowerCase')
    at Module.y (/Users/ahmedsalem/Desktop/all my projects/uneom.com/.next/server/app/locations/[city]/[industry]/page.js:1:2657)
    at /Users/ahmedsalem/Desktop/all my projects/uneom.com/node_modules/next/dist/compiled/next-server/app-page.runtime.prod.js:12:227525
    at /Users/ahmedsalem/Desktop/all my projects/uneom.com/node_modules/next/dist/server/lib/trace/tracer.js:140:36
    at NoopContextManager.with (/Users/ahmedsalem/Desktop/all my projects/uneom.com/node_modules/next/dist/compiled/@opentelemetry/api/index.js:1:7062)
    at ContextAPI.with (/Users/ahmedsalem/Desktop/all my projects/uneom.com/node_modules/next/dist/compiled/@opentelemetry/api/index.js:1:518)
    at NoopTracer.startActiveSpan (/Users/ahmedsalem/Desktop/all my projects/uneom.com/node_modules/next/dist/compiled/@opentelemetry/api/index.js:1:18093)
    at ProxyTracer.startActiveSpan (/Users/ahmedsalem/Desktop/all my projects/uneom.com/node_modules/next/dist/compiled/@opentelemetry/api/index.js:1:18854)
    at /Users/ahmedsalem/Desktop/all my projects/uneom.com/node_modules/next/dist/server/lib/trace/tracer.js:122:103
    at NoopContextManager.with (/Users/ahmedsalem/Desktop/all my projects/uneom.com/node_modules/next/dist/compiled/@opentelemetry/api/index.js:1:7062)
    at ContextAPI.with (/Users/ahmedsalem/Desktop/all my projects/uneom.com/node_modules/next/dist/compiled/@opentelemetry/api/index.js:1:518) {
  digest: '2592674761'
}

Error occurred prerendering page "/locations/jazan/retail-shops". Read more: https://nextjs.org/docs/messages/prerender-error

TypeError: Cannot read properties of undefined (reading 'toLowerCase')
    at b (/Users/ahmedsalem/Desktop/all my projects/uneom.com/.next/server/app/locations/[city]/[industry]/page.js:1:4337)
    at eh (/Users/ahmedsalem/Desktop/all my projects/uneom.com/node_modules/next/dist/compiled/next-server/app-page.runtime.prod.js:12:134660)
    at e (/Users/ahmedsalem/Desktop/all my projects/uneom.com/node_modules/next/dist/compiled/next-server/app-page.runtime.prod.js:12:137545)
    at ek (/Users/ahmedsalem/Desktop/all my projects/uneom.com/node_modules/next/dist/compiled/next-server/app-page.runtime.prod.js:12:138019)
    at Array.toJSON (/Users/ahmedsalem/Desktop/all my projects/uneom.com/node_modules/next/dist/compiled/next-server/app-page.runtime.prod.js:12:135629)
    at stringify (<anonymous>)
    at eP (/Users/ahmedsalem/Desktop/all my projects/uneom.com/node_modules/next/dist/compiled/next-server/app-page.runtime.prod.js:12:142093)
    at eE (/Users/ahmedsalem/Desktop/all my projects/uneom.com/node_modules/next/dist/compiled/next-server/app-page.runtime.prod.js:12:142572)
    at AsyncLocalStorage.run (node:internal/async_local_storage/async_context_frame:63:14)
    at Timeout._onTimeout (/Users/ahmedsalem/Desktop/all my projects/uneom.com/node_modules/next/dist/compiled/next-server/app-page.runtime.prod.js:12:150373)
TypeError: Cannot read properties of undefined (reading 'toLowerCase')
    at Module.y (/Users/ahmedsalem/Desktop/all my projects/uneom.com/.next/server/app/locations/[city]/[industry]/page.js:1:2657)
    at /Users/ahmedsalem/Desktop/all my projects/uneom.com/node_modules/next/dist/compiled/next-server/app-page.runtime.prod.js:12:227525
    at /Users/ahmedsalem/Desktop/all my projects/uneom.com/node_modules/next/dist/server/lib/trace/tracer.js:140:36
    at NoopContextManager.with (/Users/ahmedsalem/Desktop/all my projects/uneom.com/node_modules/next/dist/compiled/@opentelemetry/api/index.js:1:7062)
    at ContextAPI.with (/Users/ahmedsalem/Desktop/all my projects/uneom.com/node_modules/next/dist/compiled/@opentelemetry/api/index.js:1:518)
    at NoopTracer.startActiveSpan (/Users/ahmedsalem/Desktop/all my projects/uneom.com/node_modules/next/dist/compiled/@opentelemetry/api/index.js:1:18093)
    at ProxyTracer.startActiveSpan (/Users/ahmedsalem/Desktop/all my projects/uneom.com/node_modules/next/dist/compiled/@opentelemetry/api/index.js:1:18854)
    at /Users/ahmedsalem/Desktop/all my projects/uneom.com/node_modules/next/dist/server/lib/trace/tracer.js:122:103
    at NoopContextManager.with (/Users/ahmedsalem/Desktop/all my projects/uneom.com/node_modules/next/dist/compiled/@opentelemetry/api/index.js:1:7062)
    at ContextAPI.with (/Users/ahmedsalem/Desktop/all my projects/uneom.com/node_modules/next/dist/compiled/@opentelemetry/api/index.js:1:518) {
  digest: '2592674761'
}

Error occurred prerendering page "/locations/yanbu/hospitality". Read more: https://nextjs.org/docs/messages/prerender-error

TypeError: Cannot read properties of undefined (reading 'toLowerCase')
    at b (/Users/ahmedsalem/Desktop/all my projects/uneom.com/.next/server/app/locations/[city]/[industry]/page.js:1:4337)
    at eh (/Users/ahmedsalem/Desktop/all my projects/uneom.com/node_modules/next/dist/compiled/next-server/app-page.runtime.prod.js:12:134660)
    at e (/Users/ahmedsalem/Desktop/all my projects/uneom.com/node_modules/next/dist/compiled/next-server/app-page.runtime.prod.js:12:137545)
    at ek (/Users/ahmedsalem/Desktop/all my projects/uneom.com/node_modules/next/dist/compiled/next-server/app-page.runtime.prod.js:12:138019)
    at Array.toJSON (/Users/ahmedsalem/Desktop/all my projects/uneom.com/node_modules/next/dist/compiled/next-server/app-page.runtime.prod.js:12:135629)
    at stringify (<anonymous>)
    at eP (/Users/ahmedsalem/Desktop/all my projects/uneom.com/node_modules/next/dist/compiled/next-server/app-page.runtime.prod.js:12:142093)
    at eE (/Users/ahmedsalem/Desktop/all my projects/uneom.com/node_modules/next/dist/compiled/next-server/app-page.runtime.prod.js:12:142572)
    at AsyncLocalStorage.run (node:internal/async_local_storage/async_context_frame:63:14)
    at Timeout._onTimeout (/Users/ahmedsalem/Desktop/all my projects/uneom.com/node_modules/next/dist/compiled/next-server/app-page.runtime.prod.js:12:150373)

Error occurred prerendering page "/locations/yanbu/aviation". Read more: https://nextjs.org/docs/messages/prerender-error

TypeError: Cannot read properties of undefined (reading 'toLowerCase')
    at b (/Users/ahmedsalem/Desktop/all my projects/uneom.com/.next/server/app/locations/[city]/[industry]/page.js:1:4337)
    at eh (/Users/ahmedsalem/Desktop/all my projects/uneom.com/node_modules/next/dist/compiled/next-server/app-page.runtime.prod.js:12:134660)
    at e (/Users/ahmedsalem/Desktop/all my projects/uneom.com/node_modules/next/dist/compiled/next-server/app-page.runtime.prod.js:12:137545)
    at ek (/Users/ahmedsalem/Desktop/all my projects/uneom.com/node_modules/next/dist/compiled/next-server/app-page.runtime.prod.js:12:138019)
    at Array.toJSON (/Users/ahmedsalem/Desktop/all my projects/uneom.com/node_modules/next/dist/compiled/next-server/app-page.runtime.prod.js:12:135629)
    at stringify (<anonymous>)
    at eP (/Users/ahmedsalem/Desktop/all my projects/uneom.com/node_modules/next/dist/compiled/next-server/app-page.runtime.prod.js:12:142093)
    at eE (/Users/ahmedsalem/Desktop/all my projects/uneom.com/node_modules/next/dist/compiled/next-server/app-page.runtime.prod.js:12:142572)
    at AsyncLocalStorage.run (node:internal/async_local_storage/async_context_frame:63:14)
    at Timeout._onTimeout (/Users/ahmedsalem/Desktop/all my projects/uneom.com/node_modules/next/dist/compiled/next-server/app-page.runtime.prod.js:12:150373)
TypeError: Cannot read properties of undefined (reading 'toLowerCase')
    at b (/Users/ahmedsalem/Desktop/all my projects/uneom.com/.next/server/app/locations/[city]/[industry]/page.js:1:4337)
    at eh (/Users/ahmedsalem/Desktop/all my projects/uneom.com/node_modules/next/dist/compiled/next-server/app-page.runtime.prod.js:12:134660)
    at e (/Users/ahmedsalem/Desktop/all my projects/uneom.com/node_modules/next/dist/compiled/next-server/app-page.runtime.prod.js:12:137545)
    at ek (/Users/ahmedsalem/Desktop/all my projects/uneom.com/node_modules/next/dist/compiled/next-server/app-page.runtime.prod.js:12:138019)
    at Array.toJSON (/Users/ahmedsalem/Desktop/all my projects/uneom.com/node_modules/next/dist/compiled/next-server/app-page.runtime.prod.js:12:135629)
    at stringify (<anonymous>)
    at eP (/Users/ahmedsalem/Desktop/all my projects/uneom.com/node_modules/next/dist/compiled/next-server/app-page.runtime.prod.js:12:142093)
    at eE (/Users/ahmedsalem/Desktop/all my projects/uneom.com/node_modules/next/dist/compiled/next-server/app-page.runtime.prod.js:12:142572)
    at AsyncLocalStorage.run (node:internal/async_local_storage/async_context_frame:63:14)
    at Timeout._onTimeout (/Users/ahmedsalem/Desktop/all my projects/uneom.com/node_modules/next/dist/compiled/next-server/app-page.runtime.prod.js:12:150373) {
  digest: '785353560'
}

Error occurred prerendering page "/locations/yanbu/corporate". Read more: https://nextjs.org/docs/messages/prerender-error

TypeError: Cannot read properties of undefined (reading 'toLowerCase')
    at b (/Users/ahmedsalem/Desktop/all my projects/uneom.com/.next/server/app/locations/[city]/[industry]/page.js:1:4337)
    at eh (/Users/ahmedsalem/Desktop/all my projects/uneom.com/node_modules/next/dist/compiled/next-server/app-page.runtime.prod.js:12:134660)
    at e (/Users/ahmedsalem/Desktop/all my projects/uneom.com/node_modules/next/dist/compiled/next-server/app-page.runtime.prod.js:12:137545)
    at ek (/Users/ahmedsalem/Desktop/all my projects/uneom.com/node_modules/next/dist/compiled/next-server/app-page.runtime.prod.js:12:138019)
    at Array.toJSON (/Users/ahmedsalem/Desktop/all my projects/uneom.com/node_modules/next/dist/compiled/next-server/app-page.runtime.prod.js:12:135629)
    at stringify (<anonymous>)
    at eP (/Users/ahmedsalem/Desktop/all my projects/uneom.com/node_modules/next/dist/compiled/next-server/app-page.runtime.prod.js:12:142093)
    at eE (/Users/ahmedsalem/Desktop/all my projects/uneom.com/node_modules/next/dist/compiled/next-server/app-page.runtime.prod.js:12:142572)
    at AsyncLocalStorage.run (node:internal/async_local_storage/async_context_frame:63:14)
    at Timeout._onTimeout (/Users/ahmedsalem/Desktop/all my projects/uneom.com/node_modules/next/dist/compiled/next-server/app-page.runtime.prod.js:12:150373)

Error occurred prerendering page "/locations/yanbu/education". Read more: https://nextjs.org/docs/messages/prerender-error

TypeError: Cannot read properties of undefined (reading 'toLowerCase')
    at b (/Users/ahmedsalem/Desktop/all my projects/uneom.com/.next/server/app/locations/[city]/[industry]/page.js:1:4337)
    at eh (/Users/ahmedsalem/Desktop/all my projects/uneom.com/node_modules/next/dist/compiled/next-server/app-page.runtime.prod.js:12:134660)
    at e (/Users/ahmedsalem/Desktop/all my projects/uneom.com/node_modules/next/dist/compiled/next-server/app-page.runtime.prod.js:12:137545)
    at ek (/Users/ahmedsalem/Desktop/all my projects/uneom.com/node_modules/next/dist/compiled/next-server/app-page.runtime.prod.js:12:138019)
    at Array.toJSON (/Users/ahmedsalem/Desktop/all my projects/uneom.com/node_modules/next/dist/compiled/next-server/app-page.runtime.prod.js:12:135629)
    at stringify (<anonymous>)
    at eP (/Users/ahmedsalem/Desktop/all my projects/uneom.com/node_modules/next/dist/compiled/next-server/app-page.runtime.prod.js:12:142093)
    at eE (/Users/ahmedsalem/Desktop/all my projects/uneom.com/node_modules/next/dist/compiled/next-server/app-page.runtime.prod.js:12:142572)
    at AsyncLocalStorage.run (node:internal/async_local_storage/async_context_frame:63:14)
    at Timeout._onTimeout (/Users/ahmedsalem/Desktop/all my projects/uneom.com/node_modules/next/dist/compiled/next-server/app-page.runtime.prod.js:12:150373)

Error occurred prerendering page "/locations/jazan/supply-manufacturing". Read more: https://nextjs.org/docs/messages/prerender-error

TypeError: Cannot read properties of undefined (reading 'toLowerCase')
    at b (/Users/ahmedsalem/Desktop/all my projects/uneom.com/.next/server/app/locations/[city]/[industry]/page.js:1:4337)
    at eh (/Users/ahmedsalem/Desktop/all my projects/uneom.com/node_modules/next/dist/compiled/next-server/app-page.runtime.prod.js:12:134660)
    at e (/Users/ahmedsalem/Desktop/all my projects/uneom.com/node_modules/next/dist/compiled/next-server/app-page.runtime.prod.js:12:137545)
    at ek (/Users/ahmedsalem/Desktop/all my projects/uneom.com/node_modules/next/dist/compiled/next-server/app-page.runtime.prod.js:12:138019)
    at Array.toJSON (/Users/ahmedsalem/Desktop/all my projects/uneom.com/node_modules/next/dist/compiled/next-server/app-page.runtime.prod.js:12:135629)
    at stringify (<anonymous>)
    at eP (/Users/ahmedsalem/Desktop/all my projects/uneom.com/node_modules/next/dist/compiled/next-server/app-page.runtime.prod.js:12:142093)
    at eE (/Users/ahmedsalem/Desktop/all my projects/uneom.com/node_modules/next/dist/compiled/next-server/app-page.runtime.prod.js:12:142572)
    at AsyncLocalStorage.run (node:internal/async_local_storage/async_context_frame:63:14)
    at Timeout._onTimeout (/Users/ahmedsalem/Desktop/all my projects/uneom.com/node_modules/next/dist/compiled/next-server/app-page.runtime.prod.js:12:150373)

Error occurred prerendering page "/locations/yanbu/healthcare". Read more: https://nextjs.org/docs/messages/prerender-error

TypeError: Cannot read properties of undefined (reading 'toLowerCase')
    at b (/Users/ahmedsalem/Desktop/all my projects/uneom.com/.next/server/app/locations/[city]/[industry]/page.js:1:4337)
    at eh (/Users/ahmedsalem/Desktop/all my projects/uneom.com/node_modules/next/dist/compiled/next-server/app-page.runtime.prod.js:12:134660)
    at e (/Users/ahmedsalem/Desktop/all my projects/uneom.com/node_modules/next/dist/compiled/next-server/app-page.runtime.prod.js:12:137545)
    at ek (/Users/ahmedsalem/Desktop/all my projects/uneom.com/node_modules/next/dist/compiled/next-server/app-page.runtime.prod.js:12:138019)
    at Array.toJSON (/Users/ahmedsalem/Desktop/all my projects/uneom.com/node_modules/next/dist/compiled/next-server/app-page.runtime.prod.js:12:135629)
    at stringify (<anonymous>)
    at eP (/Users/ahmedsalem/Desktop/all my projects/uneom.com/node_modules/next/dist/compiled/next-server/app-page.runtime.prod.js:12:142093)
    at eE (/Users/ahmedsalem/Desktop/all my projects/uneom.com/node_modules/next/dist/compiled/next-server/app-page.runtime.prod.js:12:142572)
    at AsyncLocalStorage.run (node:internal/async_local_storage/async_context_frame:63:14)
    at Timeout._onTimeout (/Users/ahmedsalem/Desktop/all my projects/uneom.com/node_modules/next/dist/compiled/next-server/app-page.runtime.prod.js:12:150373)
TypeError: Cannot read properties of undefined (reading 'toLowerCase')
    at b (/Users/ahmedsalem/Desktop/all my projects/uneom.com/.next/server/app/locations/[city]/[industry]/page.js:1:4337)
    at eh (/Users/ahmedsalem/Desktop/all my projects/uneom.com/node_modules/next/dist/compiled/next-server/app-page.runtime.prod.js:12:134660)
    at e (/Users/ahmedsalem/Desktop/all my projects/uneom.com/node_modules/next/dist/compiled/next-server/app-page.runtime.prod.js:12:137545)
    at ek (/Users/ahmedsalem/Desktop/all my projects/uneom.com/node_modules/next/dist/compiled/next-server/app-page.runtime.prod.js:12:138019)
    at Array.toJSON (/Users/ahmedsalem/Desktop/all my projects/uneom.com/node_modules/next/dist/compiled/next-server/app-page.runtime.prod.js:12:135629)
    at stringify (<anonymous>)
    at eP (/Users/ahmedsalem/Desktop/all my projects/uneom.com/node_modules/next/dist/compiled/next-server/app-page.runtime.prod.js:12:142093)
    at eE (/Users/ahmedsalem/Desktop/all my projects/uneom.com/node_modules/next/dist/compiled/next-server/app-page.runtime.prod.js:12:142572)
    at Timeout._onTimeout (/Users/ahmedsalem/Desktop/all my projects/uneom.com/node_modules/next/dist/compiled/next-server/app-page.runtime.prod.js:12:135349)
    at listOnTimeout (node:internal/timers:605:17) {
  digest: '2151575143'
}
TypeError: Cannot read properties of undefined (reading 'toLowerCase')
    at b (/Users/ahmedsalem/Desktop/all my projects/uneom.com/.next/server/app/locations/[city]/[industry]/page.js:1:4337)
    at eh (/Users/ahmedsalem/Desktop/all my projects/uneom.com/node_modules/next/dist/compiled/next-server/app-page.runtime.prod.js:12:134660)
    at e (/Users/ahmedsalem/Desktop/all my projects/uneom.com/node_modules/next/dist/compiled/next-server/app-page.runtime.prod.js:12:137545)
    at ek (/Users/ahmedsalem/Desktop/all my projects/uneom.com/node_modules/next/dist/compiled/next-server/app-page.runtime.prod.js:12:138019)
    at Array.toJSON (/Users/ahmedsalem/Desktop/all my projects/uneom.com/node_modules/next/dist/compiled/next-server/app-page.runtime.prod.js:12:135629)
    at stringify (<anonymous>)
    at eP (/Users/ahmedsalem/Desktop/all my projects/uneom.com/node_modules/next/dist/compiled/next-server/app-page.runtime.prod.js:12:142093)
    at eE (/Users/ahmedsalem/Desktop/all my projects/uneom.com/node_modules/next/dist/compiled/next-server/app-page.runtime.prod.js:12:142572)
    at AsyncLocalStorage.run (node:internal/async_local_storage/async_context_frame:63:14)
    at Timeout._onTimeout (/Users/ahmedsalem/Desktop/all my projects/uneom.com/node_modules/next/dist/compiled/next-server/app-page.runtime.prod.js:12:150373) {
  digest: '785353560'
}
TypeError: Cannot read properties of undefined (reading 'toLowerCase')
    at b (/Users/ahmedsalem/Desktop/all my projects/uneom.com/.next/server/app/locations/[city]/[industry]/page.js:1:4337)
    at eh (/Users/ahmedsalem/Desktop/all my projects/uneom.com/node_modules/next/dist/compiled/next-server/app-page.runtime.prod.js:12:134660)
    at e (/Users/ahmedsalem/Desktop/all my projects/uneom.com/node_modules/next/dist/compiled/next-server/app-page.runtime.prod.js:12:137545)
    at ek (/Users/ahmedsalem/Desktop/all my projects/uneom.com/node_modules/next/dist/compiled/next-server/app-page.runtime.prod.js:12:138019)
    at Array.toJSON (/Users/ahmedsalem/Desktop/all my projects/uneom.com/node_modules/next/dist/compiled/next-server/app-page.runtime.prod.js:12:135629)
    at stringify (<anonymous>)
    at eP (/Users/ahmedsalem/Desktop/all my projects/uneom.com/node_modules/next/dist/compiled/next-server/app-page.runtime.prod.js:12:142093)
    at eE (/Users/ahmedsalem/Desktop/all my projects/uneom.com/node_modules/next/dist/compiled/next-server/app-page.runtime.prod.js:12:142572)
    at AsyncLocalStorage.run (node:internal/async_local_storage/async_context_frame:63:14)
    at Timeout._onTimeout (/Users/ahmedsalem/Desktop/all my projects/uneom.com/node_modules/next/dist/compiled/next-server/app-page.runtime.prod.js:12:150373) {
  digest: '785353560'
}
TypeError: Cannot read properties of undefined (reading 'toLowerCase')
    at b (/Users/ahmedsalem/Desktop/all my projects/uneom.com/.next/server/app/locations/[city]/[industry]/page.js:1:4337)
    at eh (/Users/ahmedsalem/Desktop/all my projects/uneom.com/node_modules/next/dist/compiled/next-server/app-page.runtime.prod.js:12:134660)
    at e (/Users/ahmedsalem/Desktop/all my projects/uneom.com/node_modules/next/dist/compiled/next-server/app-page.runtime.prod.js:12:137545)
    at ek (/Users/ahmedsalem/Desktop/all my projects/uneom.com/node_modules/next/dist/compiled/next-server/app-page.runtime.prod.js:12:138019)
    at Array.toJSON (/Users/ahmedsalem/Desktop/all my projects/uneom.com/node_modules/next/dist/compiled/next-server/app-page.runtime.prod.js:12:135629)
    at stringify (<anonymous>)
    at eP (/Users/ahmedsalem/Desktop/all my projects/uneom.com/node_modules/next/dist/compiled/next-server/app-page.runtime.prod.js:12:142093)
    at eE (/Users/ahmedsalem/Desktop/all my projects/uneom.com/node_modules/next/dist/compiled/next-server/app-page.runtime.prod.js:12:142572)
    at AsyncLocalStorage.run (node:internal/async_local_storage/async_context_frame:63:14)
    at Timeout._onTimeout (/Users/ahmedsalem/Desktop/all my projects/uneom.com/node_modules/next/dist/compiled/next-server/app-page.runtime.prod.js:12:150373) {
  digest: '785353560'
}
TypeError: Cannot read properties of undefined (reading 'toLowerCase')
    at Module.y (/Users/ahmedsalem/Desktop/all my projects/uneom.com/.next/server/app/locations/[city]/[industry]/page.js:1:2657)
    at /Users/ahmedsalem/Desktop/all my projects/uneom.com/node_modules/next/dist/compiled/next-server/app-page.runtime.prod.js:12:227525
    at /Users/ahmedsalem/Desktop/all my projects/uneom.com/node_modules/next/dist/server/lib/trace/tracer.js:140:36
    at NoopContextManager.with (/Users/ahmedsalem/Desktop/all my projects/uneom.com/node_modules/next/dist/compiled/@opentelemetry/api/index.js:1:7062)
    at ContextAPI.with (/Users/ahmedsalem/Desktop/all my projects/uneom.com/node_modules/next/dist/compiled/@opentelemetry/api/index.js:1:518)
    at NoopTracer.startActiveSpan (/Users/ahmedsalem/Desktop/all my projects/uneom.com/node_modules/next/dist/compiled/@opentelemetry/api/index.js:1:18093)
    at ProxyTracer.startActiveSpan (/Users/ahmedsalem/Desktop/all my projects/uneom.com/node_modules/next/dist/compiled/@opentelemetry/api/index.js:1:18854)
    at /Users/ahmedsalem/Desktop/all my projects/uneom.com/node_modules/next/dist/server/lib/trace/tracer.js:122:103
    at NoopContextManager.with (/Users/ahmedsalem/Desktop/all my projects/uneom.com/node_modules/next/dist/compiled/@opentelemetry/api/index.js:1:7062)
    at ContextAPI.with (/Users/ahmedsalem/Desktop/all my projects/uneom.com/node_modules/next/dist/compiled/@opentelemetry/api/index.js:1:518) {
  digest: '2592674761'
}
TypeError: Cannot read properties of undefined (reading 'toLowerCase')
    at Module.y (/Users/ahmedsalem/Desktop/all my projects/uneom.com/.next/server/app/locations/[city]/[industry]/page.js:1:2657)
    at /Users/ahmedsalem/Desktop/all my projects/uneom.com/node_modules/next/dist/compiled/next-server/app-page.runtime.prod.js:12:227525
    at /Users/ahmedsalem/Desktop/all my projects/uneom.com/node_modules/next/dist/server/lib/trace/tracer.js:140:36
    at NoopContextManager.with (/Users/ahmedsalem/Desktop/all my projects/uneom.com/node_modules/next/dist/compiled/@opentelemetry/api/index.js:1:7062)
    at ContextAPI.with (/Users/ahmedsalem/Desktop/all my projects/uneom.com/node_modules/next/dist/compiled/@opentelemetry/api/index.js:1:518)
    at NoopTracer.startActiveSpan (/Users/ahmedsalem/Desktop/all my projects/uneom.com/node_modules/next/dist/compiled/@opentelemetry/api/index.js:1:18093)
    at ProxyTracer.startActiveSpan (/Users/ahmedsalem/Desktop/all my projects/uneom.com/node_modules/next/dist/compiled/@opentelemetry/api/index.js:1:18854)
    at /Users/ahmedsalem/Desktop/all my projects/uneom.com/node_modules/next/dist/server/lib/trace/tracer.js:122:103
    at NoopContextManager.with (/Users/ahmedsalem/Desktop/all my projects/uneom.com/node_modules/next/dist/compiled/@opentelemetry/api/index.js:1:7062)
    at ContextAPI.with (/Users/ahmedsalem/Desktop/all my projects/uneom.com/node_modules/next/dist/compiled/@opentelemetry/api/index.js:1:518) {
  digest: '2592674761'
}
TypeError: Cannot read properties of undefined (reading 'toLowerCase')
    at b (/Users/ahmedsalem/Desktop/all my projects/uneom.com/.next/server/app/locations/[city]/[industry]/page.js:1:4337)
    at eh (/Users/ahmedsalem/Desktop/all my projects/uneom.com/node_modules/next/dist/compiled/next-server/app-page.runtime.prod.js:12:134660)
    at e (/Users/ahmedsalem/Desktop/all my projects/uneom.com/node_modules/next/dist/compiled/next-server/app-page.runtime.prod.js:12:137545)
    at ek (/Users/ahmedsalem/Desktop/all my projects/uneom.com/node_modules/next/dist/compiled/next-server/app-page.runtime.prod.js:12:138019)
    at Array.toJSON (/Users/ahmedsalem/Desktop/all my projects/uneom.com/node_modules/next/dist/compiled/next-server/app-page.runtime.prod.js:12:135629)
    at stringify (<anonymous>)
    at eP (/Users/ahmedsalem/Desktop/all my projects/uneom.com/node_modules/next/dist/compiled/next-server/app-page.runtime.prod.js:12:142093)
    at eE (/Users/ahmedsalem/Desktop/all my projects/uneom.com/node_modules/next/dist/compiled/next-server/app-page.runtime.prod.js:12:142572)
    at Timeout._onTimeout (/Users/ahmedsalem/Desktop/all my projects/uneom.com/node_modules/next/dist/compiled/next-server/app-page.runtime.prod.js:12:135349)
    at listOnTimeout (node:internal/timers:605:17) {
  digest: '2151575143'
}
TypeError: Cannot read properties of undefined (reading 'toLowerCase')
    at b (/Users/ahmedsalem/Desktop/all my projects/uneom.com/.next/server/app/locations/[city]/[industry]/page.js:1:4337)
    at eh (/Users/ahmedsalem/Desktop/all my projects/uneom.com/node_modules/next/dist/compiled/next-server/app-page.runtime.prod.js:12:134660)
    at e (/Users/ahmedsalem/Desktop/all my projects/uneom.com/node_modules/next/dist/compiled/next-server/app-page.runtime.prod.js:12:137545)
    at ek (/Users/ahmedsalem/Desktop/all my projects/uneom.com/node_modules/next/dist/compiled/next-server/app-page.runtime.prod.js:12:138019)
    at Array.toJSON (/Users/ahmedsalem/Desktop/all my projects/uneom.com/node_modules/next/dist/compiled/next-server/app-page.runtime.prod.js:12:135629)
    at stringify (<anonymous>)
    at eP (/Users/ahmedsalem/Desktop/all my projects/uneom.com/node_modules/next/dist/compiled/next-server/app-page.runtime.prod.js:12:142093)
    at eE (/Users/ahmedsalem/Desktop/all my projects/uneom.com/node_modules/next/dist/compiled/next-server/app-page.runtime.prod.js:12:142572)
    at AsyncLocalStorage.run (node:internal/async_local_storage/async_context_frame:63:14)
    at Timeout._onTimeout (/Users/ahmedsalem/Desktop/all my projects/uneom.com/node_modules/next/dist/compiled/next-server/app-page.runtime.prod.js:12:150373) {
  digest: '785353560'
}
TypeError: Cannot read properties of undefined (reading 'toLowerCase')
    at b (/Users/ahmedsalem/Desktop/all my projects/uneom.com/.next/server/app/locations/[city]/[industry]/page.js:1:4337)
    at eh (/Users/ahmedsalem/Desktop/all my projects/uneom.com/node_modules/next/dist/compiled/next-server/app-page.runtime.prod.js:12:134660)
    at e (/Users/ahmedsalem/Desktop/all my projects/uneom.com/node_modules/next/dist/compiled/next-server/app-page.runtime.prod.js:12:137545)
    at ek (/Users/ahmedsalem/Desktop/all my projects/uneom.com/node_modules/next/dist/compiled/next-server/app-page.runtime.prod.js:12:138019)
    at Array.toJSON (/Users/ahmedsalem/Desktop/all my projects/uneom.com/node_modules/next/dist/compiled/next-server/app-page.runtime.prod.js:12:135629)
    at stringify (<anonymous>)
    at eP (/Users/ahmedsalem/Desktop/all my projects/uneom.com/node_modules/next/dist/compiled/next-server/app-page.runtime.prod.js:12:142093)
    at eE (/Users/ahmedsalem/Desktop/all my projects/uneom.com/node_modules/next/dist/compiled/next-server/app-page.runtime.prod.js:12:142572)
    at AsyncLocalStorage.run (node:internal/async_local_storage/async_context_frame:63:14)
    at Timeout._onTimeout (/Users/ahmedsalem/Desktop/all my projects/uneom.com/node_modules/next/dist/compiled/next-server/app-page.runtime.prod.js:12:150373) {
  digest: '785353560'
}
TypeError: Cannot read properties of undefined (reading 'toLowerCase')
    at b (/Users/ahmedsalem/Desktop/all my projects/uneom.com/.next/server/app/locations/[city]/[industry]/page.js:1:4337)
    at eh (/Users/ahmedsalem/Desktop/all my projects/uneom.com/node_modules/next/dist/compiled/next-server/app-page.runtime.prod.js:12:134660)
    at e (/Users/ahmedsalem/Desktop/all my projects/uneom.com/node_modules/next/dist/compiled/next-server/app-page.runtime.prod.js:12:137545)
    at ek (/Users/ahmedsalem/Desktop/all my projects/uneom.com/node_modules/next/dist/compiled/next-server/app-page.runtime.prod.js:12:138019)
    at Array.toJSON (/Users/ahmedsalem/Desktop/all my projects/uneom.com/node_modules/next/dist/compiled/next-server/app-page.runtime.prod.js:12:135629)
    at stringify (<anonymous>)
    at eP (/Users/ahmedsalem/Desktop/all my projects/uneom.com/node_modules/next/dist/compiled/next-server/app-page.runtime.prod.js:12:142093)
    at eE (/Users/ahmedsalem/Desktop/all my projects/uneom.com/node_modules/next/dist/compiled/next-server/app-page.runtime.prod.js:12:142572)
    at Timeout._onTimeout (/Users/ahmedsalem/Desktop/all my projects/uneom.com/node_modules/next/dist/compiled/next-server/app-page.runtime.prod.js:12:135349)
    at listOnTimeout (node:internal/timers:605:17) {
  digest: '2151575143'
}
TypeError: Cannot read properties of undefined (reading 'toLowerCase')
    at b (/Users/ahmedsalem/Desktop/all my projects/uneom.com/.next/server/app/locations/[city]/[industry]/page.js:1:4337)
    at eh (/Users/ahmedsalem/Desktop/all my projects/uneom.com/node_modules/next/dist/compiled/next-server/app-page.runtime.prod.js:12:134660)
    at e (/Users/ahmedsalem/Desktop/all my projects/uneom.com/node_modules/next/dist/compiled/next-server/app-page.runtime.prod.js:12:137545)
    at ek (/Users/ahmedsalem/Desktop/all my projects/uneom.com/node_modules/next/dist/compiled/next-server/app-page.runtime.prod.js:12:138019)
    at Array.toJSON (/Users/ahmedsalem/Desktop/all my projects/uneom.com/node_modules/next/dist/compiled/next-server/app-page.runtime.prod.js:12:135629)
    at stringify (<anonymous>)
    at eP (/Users/ahmedsalem/Desktop/all my projects/uneom.com/node_modules/next/dist/compiled/next-server/app-page.runtime.prod.js:12:142093)
    at eE (/Users/ahmedsalem/Desktop/all my projects/uneom.com/node_modules/next/dist/compiled/next-server/app-page.runtime.prod.js:12:142572)
    at Timeout._onTimeout (/Users/ahmedsalem/Desktop/all my projects/uneom.com/node_modules/next/dist/compiled/next-server/app-page.runtime.prod.js:12:135349)
    at listOnTimeout (node:internal/timers:605:17) {
  digest: '2151575143'
}
TypeError: Cannot read properties of undefined (reading 'toLowerCase')
    at b (/Users/ahmedsalem/Desktop/all my projects/uneom.com/.next/server/app/locations/[city]/[industry]/page.js:1:4337)
    at eh (/Users/ahmedsalem/Desktop/all my projects/uneom.com/node_modules/next/dist/compiled/next-server/app-page.runtime.prod.js:12:134660)
    at e (/Users/ahmedsalem/Desktop/all my projects/uneom.com/node_modules/next/dist/compiled/next-server/app-page.runtime.prod.js:12:137545)
    at ek (/Users/ahmedsalem/Desktop/all my projects/uneom.com/node_modules/next/dist/compiled/next-server/app-page.runtime.prod.js:12:138019)
    at Array.toJSON (/Users/ahmedsalem/Desktop/all my projects/uneom.com/node_modules/next/dist/compiled/next-server/app-page.runtime.prod.js:12:135629)
    at stringify (<anonymous>)
    at eP (/Users/ahmedsalem/Desktop/all my projects/uneom.com/node_modules/next/dist/compiled/next-server/app-page.runtime.prod.js:12:142093)
    at eE (/Users/ahmedsalem/Desktop/all my projects/uneom.com/node_modules/next/dist/compiled/next-server/app-page.runtime.prod.js:12:142572)
    at Timeout._onTimeout (/Users/ahmedsalem/Desktop/all my projects/uneom.com/node_modules/next/dist/compiled/next-server/app-page.runtime.prod.js:12:135349)
    at listOnTimeout (node:internal/timers:605:17) {
  digest: '2151575143'
}
TypeError: Cannot read properties of undefined (reading 'toLowerCase')
    at Module.y (/Users/ahmedsalem/Desktop/all my projects/uneom.com/.next/server/app/locations/[city]/[industry]/page.js:1:2657)
    at /Users/ahmedsalem/Desktop/all my projects/uneom.com/node_modules/next/dist/compiled/next-server/app-page.runtime.prod.js:12:227525
    at /Users/ahmedsalem/Desktop/all my projects/uneom.com/node_modules/next/dist/server/lib/trace/tracer.js:140:36
    at NoopContextManager.with (/Users/ahmedsalem/Desktop/all my projects/uneom.com/node_modules/next/dist/compiled/@opentelemetry/api/index.js:1:7062)
    at ContextAPI.with (/Users/ahmedsalem/Desktop/all my projects/uneom.com/node_modules/next/dist/compiled/@opentelemetry/api/index.js:1:518)
    at NoopTracer.startActiveSpan (/Users/ahmedsalem/Desktop/all my projects/uneom.com/node_modules/next/dist/compiled/@opentelemetry/api/index.js:1:18093)
    at ProxyTracer.startActiveSpan (/Users/ahmedsalem/Desktop/all my projects/uneom.com/node_modules/next/dist/compiled/@opentelemetry/api/index.js:1:18854)
    at /Users/ahmedsalem/Desktop/all my projects/uneom.com/node_modules/next/dist/server/lib/trace/tracer.js:122:103
    at NoopContextManager.with (/Users/ahmedsalem/Desktop/all my projects/uneom.com/node_modules/next/dist/compiled/@opentelemetry/api/index.js:1:7062)
    at ContextAPI.with (/Users/ahmedsalem/Desktop/all my projects/uneom.com/node_modules/next/dist/compiled/@opentelemetry/api/index.js:1:518) {
  digest: '2592674761'
}
TypeError: Cannot read properties of undefined (reading 'toLowerCase')
    at b (/Users/ahmedsalem/Desktop/all my projects/uneom.com/.next/server/app/locations/[city]/[industry]/page.js:1:4337)
    at eh (/Users/ahmedsalem/Desktop/all my projects/uneom.com/node_modules/next/dist/compiled/next-server/app-page.runtime.prod.js:12:134660)
    at e (/Users/ahmedsalem/Desktop/all my projects/uneom.com/node_modules/next/dist/compiled/next-server/app-page.runtime.prod.js:12:137545)
    at ek (/Users/ahmedsalem/Desktop/all my projects/uneom.com/node_modules/next/dist/compiled/next-server/app-page.runtime.prod.js:12:138019)
    at Array.toJSON (/Users/ahmedsalem/Desktop/all my projects/uneom.com/node_modules/next/dist/compiled/next-server/app-page.runtime.prod.js:12:135629)
    at stringify (<anonymous>)
    at eP (/Users/ahmedsalem/Desktop/all my projects/uneom.com/node_modules/next/dist/compiled/next-server/app-page.runtime.prod.js:12:142093)
    at eE (/Users/ahmedsalem/Desktop/all my projects/uneom.com/node_modules/next/dist/compiled/next-server/app-page.runtime.prod.js:12:142572)
    at Timeout._onTimeout (/Users/ahmedsalem/Desktop/all my projects/uneom.com/node_modules/next/dist/compiled/next-server/app-page.runtime.prod.js:12:135349)
    at listOnTimeout (node:internal/timers:605:17) {
  digest: '2151575143'
}
TypeError: Cannot read properties of undefined (reading 'toLowerCase')
    at b (/Users/ahmedsalem/Desktop/all my projects/uneom.com/.next/server/app/locations/[city]/[industry]/page.js:1:4337)
    at eh (/Users/ahmedsalem/Desktop/all my projects/uneom.com/node_modules/next/dist/compiled/next-server/app-page.runtime.prod.js:12:134660)
    at e (/Users/ahmedsalem/Desktop/all my projects/uneom.com/node_modules/next/dist/compiled/next-server/app-page.runtime.prod.js:12:137545)
    at ek (/Users/ahmedsalem/Desktop/all my projects/uneom.com/node_modules/next/dist/compiled/next-server/app-page.runtime.prod.js:12:138019)
    at Array.toJSON (/Users/ahmedsalem/Desktop/all my projects/uneom.com/node_modules/next/dist/compiled/next-server/app-page.runtime.prod.js:12:135629)
    at stringify (<anonymous>)
    at eP (/Users/ahmedsalem/Desktop/all my projects/uneom.com/node_modules/next/dist/compiled/next-server/app-page.runtime.prod.js:12:142093)
    at eE (/Users/ahmedsalem/Desktop/all my projects/uneom.com/node_modules/next/dist/compiled/next-server/app-page.runtime.prod.js:12:142572)
    at AsyncLocalStorage.run (node:internal/async_local_storage/async_context_frame:63:14)
    at Timeout._onTimeout (/Users/ahmedsalem/Desktop/all my projects/uneom.com/node_modules/next/dist/compiled/next-server/app-page.runtime.prod.js:12:150373) {
  digest: '785353560'
}
TypeError: Cannot read properties of undefined (reading 'toLowerCase')
    at Module.y (/Users/ahmedsalem/Desktop/all my projects/uneom.com/.next/server/app/locations/[city]/[industry]/page.js:1:2657)
    at /Users/ahmedsalem/Desktop/all my projects/uneom.com/node_modules/next/dist/compiled/next-server/app-page.runtime.prod.js:12:227525
    at /Users/ahmedsalem/Desktop/all my projects/uneom.com/node_modules/next/dist/server/lib/trace/tracer.js:140:36
    at NoopContextManager.with (/Users/ahmedsalem/Desktop/all my projects/uneom.com/node_modules/next/dist/compiled/@opentelemetry/api/index.js:1:7062)
    at ContextAPI.with (/Users/ahmedsalem/Desktop/all my projects/uneom.com/node_modules/next/dist/compiled/@opentelemetry/api/index.js:1:518)
    at NoopTracer.startActiveSpan (/Users/ahmedsalem/Desktop/all my projects/uneom.com/node_modules/next/dist/compiled/@opentelemetry/api/index.js:1:18093)
    at ProxyTracer.startActiveSpan (/Users/ahmedsalem/Desktop/all my projects/uneom.com/node_modules/next/dist/compiled/@opentelemetry/api/index.js:1:18854)
    at /Users/ahmedsalem/Desktop/all my projects/uneom.com/node_modules/next/dist/server/lib/trace/tracer.js:122:103
    at NoopContextManager.with (/Users/ahmedsalem/Desktop/all my projects/uneom.com/node_modules/next/dist/compiled/@opentelemetry/api/index.js:1:7062)
    at ContextAPI.with (/Users/ahmedsalem/Desktop/all my projects/uneom.com/node_modules/next/dist/compiled/@opentelemetry/api/index.js:1:518) {
  digest: '2592674761'
}
TypeError: Cannot read properties of undefined (reading 'toLowerCase')
    at Module.y (/Users/ahmedsalem/Desktop/all my projects/uneom.com/.next/server/app/locations/[city]/[industry]/page.js:1:2657)
    at /Users/ahmedsalem/Desktop/all my projects/uneom.com/node_modules/next/dist/compiled/next-server/app-page.runtime.prod.js:12:227525
    at /Users/ahmedsalem/Desktop/all my projects/uneom.com/node_modules/next/dist/server/lib/trace/tracer.js:140:36
    at NoopContextManager.with (/Users/ahmedsalem/Desktop/all my projects/uneom.com/node_modules/next/dist/compiled/@opentelemetry/api/index.js:1:7062)
    at ContextAPI.with (/Users/ahmedsalem/Desktop/all my projects/uneom.com/node_modules/next/dist/compiled/@opentelemetry/api/index.js:1:518)
    at NoopTracer.startActiveSpan (/Users/ahmedsalem/Desktop/all my projects/uneom.com/node_modules/next/dist/compiled/@opentelemetry/api/index.js:1:18093)
    at ProxyTracer.startActiveSpan (/Users/ahmedsalem/Desktop/all my projects/uneom.com/node_modules/next/dist/compiled/@opentelemetry/api/index.js:1:18854)
    at /Users/ahmedsalem/Desktop/all my projects/uneom.com/node_modules/next/dist/server/lib/trace/tracer.js:122:103
    at NoopContextManager.with (/Users/ahmedsalem/Desktop/all my projects/uneom.com/node_modules/next/dist/compiled/@opentelemetry/api/index.js:1:7062)
    at ContextAPI.with (/Users/ahmedsalem/Desktop/all my projects/uneom.com/node_modules/next/dist/compiled/@opentelemetry/api/index.js:1:518) {
  digest: '2592674761'
}
TypeError: Cannot read properties of undefined (reading 'toLowerCase')
    at Module.y (/Users/ahmedsalem/Desktop/all my projects/uneom.com/.next/server/app/locations/[city]/[industry]/page.js:1:2657)
    at /Users/ahmedsalem/Desktop/all my projects/uneom.com/node_modules/next/dist/compiled/next-server/app-page.runtime.prod.js:12:227525
    at /Users/ahmedsalem/Desktop/all my projects/uneom.com/node_modules/next/dist/server/lib/trace/tracer.js:140:36
    at NoopContextManager.with (/Users/ahmedsalem/Desktop/all my projects/uneom.com/node_modules/next/dist/compiled/@opentelemetry/api/index.js:1:7062)
    at ContextAPI.with (/Users/ahmedsalem/Desktop/all my projects/uneom.com/node_modules/next/dist/compiled/@opentelemetry/api/index.js:1:518)
    at NoopTracer.startActiveSpan (/Users/ahmedsalem/Desktop/all my projects/uneom.com/node_modules/next/dist/compiled/@opentelemetry/api/index.js:1:18093)
    at ProxyTracer.startActiveSpan (/Users/ahmedsalem/Desktop/all my projects/uneom.com/node_modules/next/dist/compiled/@opentelemetry/api/index.js:1:18854)
    at /Users/ahmedsalem/Desktop/all my projects/uneom.com/node_modules/next/dist/server/lib/trace/tracer.js:122:103
    at NoopContextManager.with (/Users/ahmedsalem/Desktop/all my projects/uneom.com/node_modules/next/dist/compiled/@opentelemetry/api/index.js:1:7062)
    at ContextAPI.with (/Users/ahmedsalem/Desktop/all my projects/uneom.com/node_modules/next/dist/compiled/@opentelemetry/api/index.js:1:518) {
  digest: '2592674761'
}
TypeError: Cannot read properties of undefined (reading 'toLowerCase')
    at Module.y (/Users/ahmedsalem/Desktop/all my projects/uneom.com/.next/server/app/locations/[city]/[industry]/page.js:1:2657)
    at /Users/ahmedsalem/Desktop/all my projects/uneom.com/node_modules/next/dist/compiled/next-server/app-page.runtime.prod.js:12:227525
    at /Users/ahmedsalem/Desktop/all my projects/uneom.com/node_modules/next/dist/server/lib/trace/tracer.js:140:36
    at NoopContextManager.with (/Users/ahmedsalem/Desktop/all my projects/uneom.com/node_modules/next/dist/compiled/@opentelemetry/api/index.js:1:7062)
    at ContextAPI.with (/Users/ahmedsalem/Desktop/all my projects/uneom.com/node_modules/next/dist/compiled/@opentelemetry/api/index.js:1:518)
    at NoopTracer.startActiveSpan (/Users/ahmedsalem/Desktop/all my projects/uneom.com/node_modules/next/dist/compiled/@opentelemetry/api/index.js:1:18093)
    at ProxyTracer.startActiveSpan (/Users/ahmedsalem/Desktop/all my projects/uneom.com/node_modules/next/dist/compiled/@opentelemetry/api/index.js:1:18854)
    at /Users/ahmedsalem/Desktop/all my projects/uneom.com/node_modules/next/dist/server/lib/trace/tracer.js:122:103
    at NoopContextManager.with (/Users/ahmedsalem/Desktop/all my projects/uneom.com/node_modules/next/dist/compiled/@opentelemetry/api/index.js:1:7062)
    at ContextAPI.with (/Users/ahmedsalem/Desktop/all my projects/uneom.com/node_modules/next/dist/compiled/@opentelemetry/api/index.js:1:518) {
  digest: '2592674761'
}
TypeError: Cannot read properties of undefined (reading 'toLowerCase')
    at Module.y (/Users/ahmedsalem/Desktop/all my projects/uneom.com/.next/server/app/locations/[city]/[industry]/page.js:1:2657)
    at /Users/ahmedsalem/Desktop/all my projects/uneom.com/node_modules/next/dist/compiled/next-server/app-page.runtime.prod.js:12:227525
    at /Users/ahmedsalem/Desktop/all my projects/uneom.com/node_modules/next/dist/server/lib/trace/tracer.js:140:36
    at NoopContextManager.with (/Users/ahmedsalem/Desktop/all my projects/uneom.com/node_modules/next/dist/compiled/@opentelemetry/api/index.js:1:7062)
    at ContextAPI.with (/Users/ahmedsalem/Desktop/all my projects/uneom.com/node_modules/next/dist/compiled/@opentelemetry/api/index.js:1:518)
    at NoopTracer.startActiveSpan (/Users/ahmedsalem/Desktop/all my projects/uneom.com/node_modules/next/dist/compiled/@opentelemetry/api/index.js:1:18093)
    at ProxyTracer.startActiveSpan (/Users/ahmedsalem/Desktop/all my projects/uneom.com/node_modules/next/dist/compiled/@opentelemetry/api/index.js:1:18854)
    at /Users/ahmedsalem/Desktop/all my projects/uneom.com/node_modules/next/dist/server/lib/trace/tracer.js:122:103
    at NoopContextManager.with (/Users/ahmedsalem/Desktop/all my projects/uneom.com/node_modules/next/dist/compiled/@opentelemetry/api/index.js:1:7062)
    at ContextAPI.with (/Users/ahmedsalem/Desktop/all my projects/uneom.com/node_modules/next/dist/compiled/@opentelemetry/api/index.js:1:518) {
  digest: '2592674761'
}
TypeError: Cannot read properties of undefined (reading 'toLowerCase')
    at b (/Users/ahmedsalem/Desktop/all my projects/uneom.com/.next/server/app/locations/[city]/[industry]/page.js:1:4337)
    at eh (/Users/ahmedsalem/Desktop/all my projects/uneom.com/node_modules/next/dist/compiled/next-server/app-page.runtime.prod.js:12:134660)
    at e (/Users/ahmedsalem/Desktop/all my projects/uneom.com/node_modules/next/dist/compiled/next-server/app-page.runtime.prod.js:12:137545)
    at ek (/Users/ahmedsalem/Desktop/all my projects/uneom.com/node_modules/next/dist/compiled/next-server/app-page.runtime.prod.js:12:138019)
    at Array.toJSON (/Users/ahmedsalem/Desktop/all my projects/uneom.com/node_modules/next/dist/compiled/next-server/app-page.runtime.prod.js:12:135629)
    at stringify (<anonymous>)
    at eP (/Users/ahmedsalem/Desktop/all my projects/uneom.com/node_modules/next/dist/compiled/next-server/app-page.runtime.prod.js:12:142093)
    at eE (/Users/ahmedsalem/Desktop/all my projects/uneom.com/node_modules/next/dist/compiled/next-server/app-page.runtime.prod.js:12:142572)
    at Timeout._onTimeout (/Users/ahmedsalem/Desktop/all my projects/uneom.com/node_modules/next/dist/compiled/next-server/app-page.runtime.prod.js:12:135349)
    at listOnTimeout (node:internal/timers:605:17) {
  digest: '2151575143'
}
TypeError: Cannot read properties of undefined (reading 'toLowerCase')
    at Module.y (/Users/ahmedsalem/Desktop/all my projects/uneom.com/.next/server/app/locations/[city]/[industry]/page.js:1:2657)
    at /Users/ahmedsalem/Desktop/all my projects/uneom.com/node_modules/next/dist/compiled/next-server/app-page.runtime.prod.js:12:227525
    at /Users/ahmedsalem/Desktop/all my projects/uneom.com/node_modules/next/dist/server/lib/trace/tracer.js:140:36
    at NoopContextManager.with (/Users/ahmedsalem/Desktop/all my projects/uneom.com/node_modules/next/dist/compiled/@opentelemetry/api/index.js:1:7062)
    at ContextAPI.with (/Users/ahmedsalem/Desktop/all my projects/uneom.com/node_modules/next/dist/compiled/@opentelemetry/api/index.js:1:518)
    at NoopTracer.startActiveSpan (/Users/ahmedsalem/Desktop/all my projects/uneom.com/node_modules/next/dist/compiled/@opentelemetry/api/index.js:1:18093)
    at ProxyTracer.startActiveSpan (/Users/ahmedsalem/Desktop/all my projects/uneom.com/node_modules/next/dist/compiled/@opentelemetry/api/index.js:1:18854)
    at /Users/ahmedsalem/Desktop/all my projects/uneom.com/node_modules/next/dist/server/lib/trace/tracer.js:122:103
    at NoopContextManager.with (/Users/ahmedsalem/Desktop/all my projects/uneom.com/node_modules/next/dist/compiled/@opentelemetry/api/index.js:1:7062)
    at ContextAPI.with (/Users/ahmedsalem/Desktop/all my projects/uneom.com/node_modules/next/dist/compiled/@opentelemetry/api/index.js:1:518) {
  digest: '2592674761'
}

Error occurred prerendering page "/locations/yanbu/manufacturing". Read more: https://nextjs.org/docs/messages/prerender-error

TypeError: Cannot read properties of undefined (reading 'toLowerCase')
    at b (/Users/ahmedsalem/Desktop/all my projects/uneom.com/.next/server/app/locations/[city]/[industry]/page.js:1:4337)
    at eh (/Users/ahmedsalem/Desktop/all my projects/uneom.com/node_modules/next/dist/compiled/next-server/app-page.runtime.prod.js:12:134660)
    at e (/Users/ahmedsalem/Desktop/all my projects/uneom.com/node_modules/next/dist/compiled/next-server/app-page.runtime.prod.js:12:137545)
    at ek (/Users/ahmedsalem/Desktop/all my projects/uneom.com/node_modules/next/dist/compiled/next-server/app-page.runtime.prod.js:12:138019)
    at Array.toJSON (/Users/ahmedsalem/Desktop/all my projects/uneom.com/node_modules/next/dist/compiled/next-server/app-page.runtime.prod.js:12:135629)
    at stringify (<anonymous>)
    at eP (/Users/ahmedsalem/Desktop/all my projects/uneom.com/node_modules/next/dist/compiled/next-server/app-page.runtime.prod.js:12:142093)
    at eE (/Users/ahmedsalem/Desktop/all my projects/uneom.com/node_modules/next/dist/compiled/next-server/app-page.runtime.prod.js:12:142572)
    at AsyncLocalStorage.run (node:internal/async_local_storage/async_context_frame:63:14)
    at Timeout._onTimeout (/Users/ahmedsalem/Desktop/all my projects/uneom.com/node_modules/next/dist/compiled/next-server/app-page.runtime.prod.js:12:150373)
TypeError: Cannot read properties of undefined (reading 'toLowerCase')
    at Module.y (/Users/ahmedsalem/Desktop/all my projects/uneom.com/.next/server/app/locations/[city]/[industry]/page.js:1:2657)
    at /Users/ahmedsalem/Desktop/all my projects/uneom.com/node_modules/next/dist/compiled/next-server/app-page.runtime.prod.js:12:227525
    at /Users/ahmedsalem/Desktop/all my projects/uneom.com/node_modules/next/dist/server/lib/trace/tracer.js:140:36
    at NoopContextManager.with (/Users/ahmedsalem/Desktop/all my projects/uneom.com/node_modules/next/dist/compiled/@opentelemetry/api/index.js:1:7062)
    at ContextAPI.with (/Users/ahmedsalem/Desktop/all my projects/uneom.com/node_modules/next/dist/compiled/@opentelemetry/api/index.js:1:518)
    at NoopTracer.startActiveSpan (/Users/ahmedsalem/Desktop/all my projects/uneom.com/node_modules/next/dist/compiled/@opentelemetry/api/index.js:1:18093)
    at ProxyTracer.startActiveSpan (/Users/ahmedsalem/Desktop/all my projects/uneom.com/node_modules/next/dist/compiled/@opentelemetry/api/index.js:1:18854)
    at /Users/ahmedsalem/Desktop/all my projects/uneom.com/node_modules/next/dist/server/lib/trace/tracer.js:122:103
    at NoopContextManager.with (/Users/ahmedsalem/Desktop/all my projects/uneom.com/node_modules/next/dist/compiled/@opentelemetry/api/index.js:1:7062)
    at ContextAPI.with (/Users/ahmedsalem/Desktop/all my projects/uneom.com/node_modules/next/dist/compiled/@opentelemetry/api/index.js:1:518) {
  digest: '2592674761'
}
TypeError: Cannot read properties of undefined (reading 'toLowerCase')
    at Module.y (/Users/ahmedsalem/Desktop/all my projects/uneom.com/.next/server/app/locations/[city]/[industry]/page.js:1:2657)
    at /Users/ahmedsalem/Desktop/all my projects/uneom.com/node_modules/next/dist/compiled/next-server/app-page.runtime.prod.js:12:227525
    at /Users/ahmedsalem/Desktop/all my projects/uneom.com/node_modules/next/dist/server/lib/trace/tracer.js:140:36
    at NoopContextManager.with (/Users/ahmedsalem/Desktop/all my projects/uneom.com/node_modules/next/dist/compiled/@opentelemetry/api/index.js:1:7062)
    at ContextAPI.with (/Users/ahmedsalem/Desktop/all my projects/uneom.com/node_modules/next/dist/compiled/@opentelemetry/api/index.js:1:518)
    at NoopTracer.startActiveSpan (/Users/ahmedsalem/Desktop/all my projects/uneom.com/node_modules/next/dist/compiled/@opentelemetry/api/index.js:1:18093)
    at ProxyTracer.startActiveSpan (/Users/ahmedsalem/Desktop/all my projects/uneom.com/node_modules/next/dist/compiled/@opentelemetry/api/index.js:1:18854)
    at /Users/ahmedsalem/Desktop/all my projects/uneom.com/node_modules/next/dist/server/lib/trace/tracer.js:122:103
    at NoopContextManager.with (/Users/ahmedsalem/Desktop/all my projects/uneom.com/node_modules/next/dist/compiled/@opentelemetry/api/index.js:1:7062)
    at ContextAPI.with (/Users/ahmedsalem/Desktop/all my projects/uneom.com/node_modules/next/dist/compiled/@opentelemetry/api/index.js:1:518) {
  digest: '2592674761'
}
TypeError: Cannot read properties of undefined (reading 'toLowerCase')
    at Module.y (/Users/ahmedsalem/Desktop/all my projects/uneom.com/.next/server/app/locations/[city]/[industry]/page.js:1:2657)
    at /Users/ahmedsalem/Desktop/all my projects/uneom.com/node_modules/next/dist/compiled/next-server/app-page.runtime.prod.js:12:227525
    at /Users/ahmedsalem/Desktop/all my projects/uneom.com/node_modules/next/dist/server/lib/trace/tracer.js:140:36
    at NoopContextManager.with (/Users/ahmedsalem/Desktop/all my projects/uneom.com/node_modules/next/dist/compiled/@opentelemetry/api/index.js:1:7062)
    at ContextAPI.with (/Users/ahmedsalem/Desktop/all my projects/uneom.com/node_modules/next/dist/compiled/@opentelemetry/api/index.js:1:518)
    at NoopTracer.startActiveSpan (/Users/ahmedsalem/Desktop/all my projects/uneom.com/node_modules/next/dist/compiled/@opentelemetry/api/index.js:1:18093)
    at ProxyTracer.startActiveSpan (/Users/ahmedsalem/Desktop/all my projects/uneom.com/node_modules/next/dist/compiled/@opentelemetry/api/index.js:1:18854)
    at /Users/ahmedsalem/Desktop/all my projects/uneom.com/node_modules/next/dist/server/lib/trace/tracer.js:122:103
    at NoopContextManager.with (/Users/ahmedsalem/Desktop/all my projects/uneom.com/node_modules/next/dist/compiled/@opentelemetry/api/index.js:1:7062)
    at ContextAPI.with (/Users/ahmedsalem/Desktop/all my projects/uneom.com/node_modules/next/dist/compiled/@opentelemetry/api/index.js:1:518) {
  digest: '2592674761'
}
TypeError: Cannot read properties of undefined (reading 'toLowerCase')
    at Module.y (/Users/ahmedsalem/Desktop/all my projects/uneom.com/.next/server/app/locations/[city]/[industry]/page.js:1:2657)
    at /Users/ahmedsalem/Desktop/all my projects/uneom.com/node_modules/next/dist/compiled/next-server/app-page.runtime.prod.js:12:227525
    at /Users/ahmedsalem/Desktop/all my projects/uneom.com/node_modules/next/dist/server/lib/trace/tracer.js:140:36
    at NoopContextManager.with (/Users/ahmedsalem/Desktop/all my projects/uneom.com/node_modules/next/dist/compiled/@opentelemetry/api/index.js:1:7062)
    at ContextAPI.with (/Users/ahmedsalem/Desktop/all my projects/uneom.com/node_modules/next/dist/compiled/@opentelemetry/api/index.js:1:518)
    at NoopTracer.startActiveSpan (/Users/ahmedsalem/Desktop/all my projects/uneom.com/node_modules/next/dist/compiled/@opentelemetry/api/index.js:1:18093)
    at ProxyTracer.startActiveSpan (/Users/ahmedsalem/Desktop/all my projects/uneom.com/node_modules/next/dist/compiled/@opentelemetry/api/index.js:1:18854)
    at /Users/ahmedsalem/Desktop/all my projects/uneom.com/node_modules/next/dist/server/lib/trace/tracer.js:122:103
    at NoopContextManager.with (/Users/ahmedsalem/Desktop/all my projects/uneom.com/node_modules/next/dist/compiled/@opentelemetry/api/index.js:1:7062)
    at ContextAPI.with (/Users/ahmedsalem/Desktop/all my projects/uneom.com/node_modules/next/dist/compiled/@opentelemetry/api/index.js:1:518) {
  digest: '2592674761'
}

Error occurred prerendering page "/locations/yanbu/security". Read more: https://nextjs.org/docs/messages/prerender-error

TypeError: Cannot read properties of undefined (reading 'toLowerCase')
    at b (/Users/ahmedsalem/Desktop/all my projects/uneom.com/.next/server/app/locations/[city]/[industry]/page.js:1:4337)
    at eh (/Users/ahmedsalem/Desktop/all my projects/uneom.com/node_modules/next/dist/compiled/next-server/app-page.runtime.prod.js:12:134660)
    at e (/Users/ahmedsalem/Desktop/all my projects/uneom.com/node_modules/next/dist/compiled/next-server/app-page.runtime.prod.js:12:137545)
    at ek (/Users/ahmedsalem/Desktop/all my projects/uneom.com/node_modules/next/dist/compiled/next-server/app-page.runtime.prod.js:12:138019)
    at Array.toJSON (/Users/ahmedsalem/Desktop/all my projects/uneom.com/node_modules/next/dist/compiled/next-server/app-page.runtime.prod.js:12:135629)
    at stringify (<anonymous>)
    at eP (/Users/ahmedsalem/Desktop/all my projects/uneom.com/node_modules/next/dist/compiled/next-server/app-page.runtime.prod.js:12:142093)
    at eE (/Users/ahmedsalem/Desktop/all my projects/uneom.com/node_modules/next/dist/compiled/next-server/app-page.runtime.prod.js:12:142572)
    at AsyncLocalStorage.run (node:internal/async_local_storage/async_context_frame:63:14)
    at Timeout._onTimeout (/Users/ahmedsalem/Desktop/all my projects/uneom.com/node_modules/next/dist/compiled/next-server/app-page.runtime.prod.js:12:150373)

Error occurred prerendering page "/locations/yanbu/factory-industry". Read more: https://nextjs.org/docs/messages/prerender-error

TypeError: Cannot read properties of undefined (reading 'toLowerCase')
    at b (/Users/ahmedsalem/Desktop/all my projects/uneom.com/.next/server/app/locations/[city]/[industry]/page.js:1:4337)
    at eh (/Users/ahmedsalem/Desktop/all my projects/uneom.com/node_modules/next/dist/compiled/next-server/app-page.runtime.prod.js:12:134660)
    at e (/Users/ahmedsalem/Desktop/all my projects/uneom.com/node_modules/next/dist/compiled/next-server/app-page.runtime.prod.js:12:137545)
    at ek (/Users/ahmedsalem/Desktop/all my projects/uneom.com/node_modules/next/dist/compiled/next-server/app-page.runtime.prod.js:12:138019)
    at Array.toJSON (/Users/ahmedsalem/Desktop/all my projects/uneom.com/node_modules/next/dist/compiled/next-server/app-page.runtime.prod.js:12:135629)
    at stringify (<anonymous>)
    at eP (/Users/ahmedsalem/Desktop/all my projects/uneom.com/node_modules/next/dist/compiled/next-server/app-page.runtime.prod.js:12:142093)
    at eE (/Users/ahmedsalem/Desktop/all my projects/uneom.com/node_modules/next/dist/compiled/next-server/app-page.runtime.prod.js:12:142572)
    at AsyncLocalStorage.run (node:internal/async_local_storage/async_context_frame:63:14)
    at Timeout._onTimeout (/Users/ahmedsalem/Desktop/all my projects/uneom.com/node_modules/next/dist/compiled/next-server/app-page.runtime.prod.js:12:150373)
TypeError: Cannot read properties of undefined (reading 'toLowerCase')
    at Module.y (/Users/ahmedsalem/Desktop/all my projects/uneom.com/.next/server/app/locations/[city]/[industry]/page.js:1:2657)
    at /Users/ahmedsalem/Desktop/all my projects/uneom.com/node_modules/next/dist/compiled/next-server/app-page.runtime.prod.js:12:227525
    at /Users/ahmedsalem/Desktop/all my projects/uneom.com/node_modules/next/dist/server/lib/trace/tracer.js:140:36
    at NoopContextManager.with (/Users/ahmedsalem/Desktop/all my projects/uneom.com/node_modules/next/dist/compiled/@opentelemetry/api/index.js:1:7062)
    at ContextAPI.with (/Users/ahmedsalem/Desktop/all my projects/uneom.com/node_modules/next/dist/compiled/@opentelemetry/api/index.js:1:518)
    at NoopTracer.startActiveSpan (/Users/ahmedsalem/Desktop/all my projects/uneom.com/node_modules/next/dist/compiled/@opentelemetry/api/index.js:1:18093)
    at ProxyTracer.startActiveSpan (/Users/ahmedsalem/Desktop/all my projects/uneom.com/node_modules/next/dist/compiled/@opentelemetry/api/index.js:1:18854)
    at /Users/ahmedsalem/Desktop/all my projects/uneom.com/node_modules/next/dist/server/lib/trace/tracer.js:122:103
    at NoopContextManager.with (/Users/ahmedsalem/Desktop/all my projects/uneom.com/node_modules/next/dist/compiled/@opentelemetry/api/index.js:1:7062)
    at ContextAPI.with (/Users/ahmedsalem/Desktop/all my projects/uneom.com/node_modules/next/dist/compiled/@opentelemetry/api/index.js:1:518) {
  digest: '2592674761'
}

Error occurred prerendering page "/locations/yanbu/supply-manufacturing". Read more: https://nextjs.org/docs/messages/prerender-error

TypeError: Cannot read properties of undefined (reading 'toLowerCase')
    at b (/Users/ahmedsalem/Desktop/all my projects/uneom.com/.next/server/app/locations/[city]/[industry]/page.js:1:4337)
    at eh (/Users/ahmedsalem/Desktop/all my projects/uneom.com/node_modules/next/dist/compiled/next-server/app-page.runtime.prod.js:12:134660)
    at e (/Users/ahmedsalem/Desktop/all my projects/uneom.com/node_modules/next/dist/compiled/next-server/app-page.runtime.prod.js:12:137545)
    at ek (/Users/ahmedsalem/Desktop/all my projects/uneom.com/node_modules/next/dist/compiled/next-server/app-page.runtime.prod.js:12:138019)
    at Array.toJSON (/Users/ahmedsalem/Desktop/all my projects/uneom.com/node_modules/next/dist/compiled/next-server/app-page.runtime.prod.js:12:135629)
    at stringify (<anonymous>)
    at eP (/Users/ahmedsalem/Desktop/all my projects/uneom.com/node_modules/next/dist/compiled/next-server/app-page.runtime.prod.js:12:142093)
    at eE (/Users/ahmedsalem/Desktop/all my projects/uneom.com/node_modules/next/dist/compiled/next-server/app-page.runtime.prod.js:12:142572)
    at AsyncLocalStorage.run (node:internal/async_local_storage/async_context_frame:63:14)
    at Timeout._onTimeout (/Users/ahmedsalem/Desktop/all my projects/uneom.com/node_modules/next/dist/compiled/next-server/app-page.runtime.prod.js:12:150373)
TypeError: Cannot read properties of undefined (reading 'toLowerCase')
    at b (/Users/ahmedsalem/Desktop/all my projects/uneom.com/.next/server/app/locations/[city]/[industry]/page.js:1:4337)
    at eh (/Users/ahmedsalem/Desktop/all my projects/uneom.com/node_modules/next/dist/compiled/next-server/app-page.runtime.prod.js:12:134660)
    at e (/Users/ahmedsalem/Desktop/all my projects/uneom.com/node_modules/next/dist/compiled/next-server/app-page.runtime.prod.js:12:137545)
    at ek (/Users/ahmedsalem/Desktop/all my projects/uneom.com/node_modules/next/dist/compiled/next-server/app-page.runtime.prod.js:12:138019)
    at Array.toJSON (/Users/ahmedsalem/Desktop/all my projects/uneom.com/node_modules/next/dist/compiled/next-server/app-page.runtime.prod.js:12:135629)
    at stringify (<anonymous>)
    at eP (/Users/ahmedsalem/Desktop/all my projects/uneom.com/node_modules/next/dist/compiled/next-server/app-page.runtime.prod.js:12:142093)
    at eE (/Users/ahmedsalem/Desktop/all my projects/uneom.com/node_modules/next/dist/compiled/next-server/app-page.runtime.prod.js:12:142572)
    at AsyncLocalStorage.run (node:internal/async_local_storage/async_context_frame:63:14)
    at Timeout._onTimeout (/Users/ahmedsalem/Desktop/all my projects/uneom.com/node_modules/next/dist/compiled/next-server/app-page.runtime.prod.js:12:150373) {
  digest: '785353560'
}
TypeError: Cannot read properties of undefined (reading 'toLowerCase')
    at b (/Users/ahmedsalem/Desktop/all my projects/uneom.com/.next/server/app/locations/[city]/[industry]/page.js:1:4337)
    at eh (/Users/ahmedsalem/Desktop/all my projects/uneom.com/node_modules/next/dist/compiled/next-server/app-page.runtime.prod.js:12:134660)
    at e (/Users/ahmedsalem/Desktop/all my projects/uneom.com/node_modules/next/dist/compiled/next-server/app-page.runtime.prod.js:12:137545)
    at ek (/Users/ahmedsalem/Desktop/all my projects/uneom.com/node_modules/next/dist/compiled/next-server/app-page.runtime.prod.js:12:138019)
    at Array.toJSON (/Users/ahmedsalem/Desktop/all my projects/uneom.com/node_modules/next/dist/compiled/next-server/app-page.runtime.prod.js:12:135629)
    at stringify (<anonymous>)
    at eP (/Users/ahmedsalem/Desktop/all my projects/uneom.com/node_modules/next/dist/compiled/next-server/app-page.runtime.prod.js:12:142093)
    at eE (/Users/ahmedsalem/Desktop/all my projects/uneom.com/node_modules/next/dist/compiled/next-server/app-page.runtime.prod.js:12:142572)
    at AsyncLocalStorage.run (node:internal/async_local_storage/async_context_frame:63:14)
    at Timeout._onTimeout (/Users/ahmedsalem/Desktop/all my projects/uneom.com/node_modules/next/dist/compiled/next-server/app-page.runtime.prod.js:12:150373) {
  digest: '785353560'
}
TypeError: Cannot read properties of undefined (reading 'toLowerCase')
    at b (/Users/ahmedsalem/Desktop/all my projects/uneom.com/.next/server/app/locations/[city]/[industry]/page.js:1:4337)
    at eh (/Users/ahmedsalem/Desktop/all my projects/uneom.com/node_modules/next/dist/compiled/next-server/app-page.runtime.prod.js:12:134660)
    at e (/Users/ahmedsalem/Desktop/all my projects/uneom.com/node_modules/next/dist/compiled/next-server/app-page.runtime.prod.js:12:137545)
    at ek (/Users/ahmedsalem/Desktop/all my projects/uneom.com/node_modules/next/dist/compiled/next-server/app-page.runtime.prod.js:12:138019)
    at Array.toJSON (/Users/ahmedsalem/Desktop/all my projects/uneom.com/node_modules/next/dist/compiled/next-server/app-page.runtime.prod.js:12:135629)
    at stringify (<anonymous>)
    at eP (/Users/ahmedsalem/Desktop/all my projects/uneom.com/node_modules/next/dist/compiled/next-server/app-page.runtime.prod.js:12:142093)
    at eE (/Users/ahmedsalem/Desktop/all my projects/uneom.com/node_modules/next/dist/compiled/next-server/app-page.runtime.prod.js:12:142572)
    at AsyncLocalStorage.run (node:internal/async_local_storage/async_context_frame:63:14)
    at Timeout._onTimeout (/Users/ahmedsalem/Desktop/all my projects/uneom.com/node_modules/next/dist/compiled/next-server/app-page.runtime.prod.js:12:150373) {
  digest: '785353560'
}

Error occurred prerendering page "/locations/yanbu/retail-shops". Read more: https://nextjs.org/docs/messages/prerender-error

TypeError: Cannot read properties of undefined (reading 'toLowerCase')
    at b (/Users/ahmedsalem/Desktop/all my projects/uneom.com/.next/server/app/locations/[city]/[industry]/page.js:1:4337)
    at eh (/Users/ahmedsalem/Desktop/all my projects/uneom.com/node_modules/next/dist/compiled/next-server/app-page.runtime.prod.js:12:134660)
    at e (/Users/ahmedsalem/Desktop/all my projects/uneom.com/node_modules/next/dist/compiled/next-server/app-page.runtime.prod.js:12:137545)
    at ek (/Users/ahmedsalem/Desktop/all my projects/uneom.com/node_modules/next/dist/compiled/next-server/app-page.runtime.prod.js:12:138019)
    at Array.toJSON (/Users/ahmedsalem/Desktop/all my projects/uneom.com/node_modules/next/dist/compiled/next-server/app-page.runtime.prod.js:12:135629)
    at stringify (<anonymous>)
    at eP (/Users/ahmedsalem/Desktop/all my projects/uneom.com/node_modules/next/dist/compiled/next-server/app-page.runtime.prod.js:12:142093)
    at eE (/Users/ahmedsalem/Desktop/all my projects/uneom.com/node_modules/next/dist/compiled/next-server/app-page.runtime.prod.js:12:142572)
    at AsyncLocalStorage.run (node:internal/async_local_storage/async_context_frame:63:14)
    at Timeout._onTimeout (/Users/ahmedsalem/Desktop/all my projects/uneom.com/node_modules/next/dist/compiled/next-server/app-page.runtime.prod.js:12:150373)
TypeError: Cannot read properties of undefined (reading 'toLowerCase')
    at b (/Users/ahmedsalem/Desktop/all my projects/uneom.com/.next/server/app/locations/[city]/[industry]/page.js:1:4337)
    at eh (/Users/ahmedsalem/Desktop/all my projects/uneom.com/node_modules/next/dist/compiled/next-server/app-page.runtime.prod.js:12:134660)
    at e (/Users/ahmedsalem/Desktop/all my projects/uneom.com/node_modules/next/dist/compiled/next-server/app-page.runtime.prod.js:12:137545)
    at ek (/Users/ahmedsalem/Desktop/all my projects/uneom.com/node_modules/next/dist/compiled/next-server/app-page.runtime.prod.js:12:138019)
    at Array.toJSON (/Users/ahmedsalem/Desktop/all my projects/uneom.com/node_modules/next/dist/compiled/next-server/app-page.runtime.prod.js:12:135629)
    at stringify (<anonymous>)
    at eP (/Users/ahmedsalem/Desktop/all my projects/uneom.com/node_modules/next/dist/compiled/next-server/app-page.runtime.prod.js:12:142093)
    at eE (/Users/ahmedsalem/Desktop/all my projects/uneom.com/node_modules/next/dist/compiled/next-server/app-page.runtime.prod.js:12:142572)
    at Timeout._onTimeout (/Users/ahmedsalem/Desktop/all my projects/uneom.com/node_modules/next/dist/compiled/next-server/app-page.runtime.prod.js:12:135349)
    at listOnTimeout (node:internal/timers:605:17) {
  digest: '2151575143'
}

Error occurred prerendering page "/locations/al-ahsa/healthcare". Read more: https://nextjs.org/docs/messages/prerender-error

TypeError: Cannot read properties of undefined (reading 'toLowerCase')
    at b (/Users/ahmedsalem/Desktop/all my projects/uneom.com/.next/server/app/locations/[city]/[industry]/page.js:1:4337)
    at eh (/Users/ahmedsalem/Desktop/all my projects/uneom.com/node_modules/next/dist/compiled/next-server/app-page.runtime.prod.js:12:134660)
    at e (/Users/ahmedsalem/Desktop/all my projects/uneom.com/node_modules/next/dist/compiled/next-server/app-page.runtime.prod.js:12:137545)
    at ek (/Users/ahmedsalem/Desktop/all my projects/uneom.com/node_modules/next/dist/compiled/next-server/app-page.runtime.prod.js:12:138019)
    at Array.toJSON (/Users/ahmedsalem/Desktop/all my projects/uneom.com/node_modules/next/dist/compiled/next-server/app-page.runtime.prod.js:12:135629)
    at stringify (<anonymous>)
    at eP (/Users/ahmedsalem/Desktop/all my projects/uneom.com/node_modules/next/dist/compiled/next-server/app-page.runtime.prod.js:12:142093)
    at eE (/Users/ahmedsalem/Desktop/all my projects/uneom.com/node_modules/next/dist/compiled/next-server/app-page.runtime.prod.js:12:142572)
    at AsyncLocalStorage.run (node:internal/async_local_storage/async_context_frame:63:14)
    at Timeout._onTimeout (/Users/ahmedsalem/Desktop/all my projects/uneom.com/node_modules/next/dist/compiled/next-server/app-page.runtime.prod.js:12:150373)
TypeError: Cannot read properties of undefined (reading 'toLowerCase')
    at b (/Users/ahmedsalem/Desktop/all my projects/uneom.com/.next/server/app/locations/[city]/[industry]/page.js:1:4337)
    at eh (/Users/ahmedsalem/Desktop/all my projects/uneom.com/node_modules/next/dist/compiled/next-server/app-page.runtime.prod.js:12:134660)
    at e (/Users/ahmedsalem/Desktop/all my projects/uneom.com/node_modules/next/dist/compiled/next-server/app-page.runtime.prod.js:12:137545)
    at ek (/Users/ahmedsalem/Desktop/all my projects/uneom.com/node_modules/next/dist/compiled/next-server/app-page.runtime.prod.js:12:138019)
    at Array.toJSON (/Users/ahmedsalem/Desktop/all my projects/uneom.com/node_modules/next/dist/compiled/next-server/app-page.runtime.prod.js:12:135629)
    at stringify (<anonymous>)
    at eP (/Users/ahmedsalem/Desktop/all my projects/uneom.com/node_modules/next/dist/compiled/next-server/app-page.runtime.prod.js:12:142093)
    at eE (/Users/ahmedsalem/Desktop/all my projects/uneom.com/node_modules/next/dist/compiled/next-server/app-page.runtime.prod.js:12:142572)
    at Timeout._onTimeout (/Users/ahmedsalem/Desktop/all my projects/uneom.com/node_modules/next/dist/compiled/next-server/app-page.runtime.prod.js:12:135349)
    at listOnTimeout (node:internal/timers:605:17) {
  digest: '2151575143'
}
TypeError: Cannot read properties of undefined (reading 'toLowerCase')
    at b (/Users/ahmedsalem/Desktop/all my projects/uneom.com/.next/server/app/locations/[city]/[industry]/page.js:1:4337)
    at eh (/Users/ahmedsalem/Desktop/all my projects/uneom.com/node_modules/next/dist/compiled/next-server/app-page.runtime.prod.js:12:134660)
    at e (/Users/ahmedsalem/Desktop/all my projects/uneom.com/node_modules/next/dist/compiled/next-server/app-page.runtime.prod.js:12:137545)
    at ek (/Users/ahmedsalem/Desktop/all my projects/uneom.com/node_modules/next/dist/compiled/next-server/app-page.runtime.prod.js:12:138019)
    at Array.toJSON (/Users/ahmedsalem/Desktop/all my projects/uneom.com/node_modules/next/dist/compiled/next-server/app-page.runtime.prod.js:12:135629)
    at stringify (<anonymous>)
    at eP (/Users/ahmedsalem/Desktop/all my projects/uneom.com/node_modules/next/dist/compiled/next-server/app-page.runtime.prod.js:12:142093)
    at eE (/Users/ahmedsalem/Desktop/all my projects/uneom.com/node_modules/next/dist/compiled/next-server/app-page.runtime.prod.js:12:142572)
    at Timeout._onTimeout (/Users/ahmedsalem/Desktop/all my projects/uneom.com/node_modules/next/dist/compiled/next-server/app-page.runtime.prod.js:12:135349)
    at listOnTimeout (node:internal/timers:605:17) {
  digest: '2151575143'
}

Error occurred prerendering page "/locations/al-ahsa/hospitality". Read more: https://nextjs.org/docs/messages/prerender-error

TypeError: Cannot read properties of undefined (reading 'toLowerCase')
    at b (/Users/ahmedsalem/Desktop/all my projects/uneom.com/.next/server/app/locations/[city]/[industry]/page.js:1:4337)
    at eh (/Users/ahmedsalem/Desktop/all my projects/uneom.com/node_modules/next/dist/compiled/next-server/app-page.runtime.prod.js:12:134660)
    at e (/Users/ahmedsalem/Desktop/all my projects/uneom.com/node_modules/next/dist/compiled/next-server/app-page.runtime.prod.js:12:137545)
    at ek (/Users/ahmedsalem/Desktop/all my projects/uneom.com/node_modules/next/dist/compiled/next-server/app-page.runtime.prod.js:12:138019)
    at Array.toJSON (/Users/ahmedsalem/Desktop/all my projects/uneom.com/node_modules/next/dist/compiled/next-server/app-page.runtime.prod.js:12:135629)
    at stringify (<anonymous>)
    at eP (/Users/ahmedsalem/Desktop/all my projects/uneom.com/node_modules/next/dist/compiled/next-server/app-page.runtime.prod.js:12:142093)
    at eE (/Users/ahmedsalem/Desktop/all my projects/uneom.com/node_modules/next/dist/compiled/next-server/app-page.runtime.prod.js:12:142572)
    at AsyncLocalStorage.run (node:internal/async_local_storage/async_context_frame:63:14)
    at Timeout._onTimeout (/Users/ahmedsalem/Desktop/all my projects/uneom.com/node_modules/next/dist/compiled/next-server/app-page.runtime.prod.js:12:150373) {
  digest: '785353560'
}
TypeError: Cannot read properties of undefined (reading 'toLowerCase')
    at b (/Users/ahmedsalem/Desktop/all my projects/uneom.com/.next/server/app/locations/[city]/[industry]/page.js:1:4337)
    at eh (/Users/ahmedsalem/Desktop/all my projects/uneom.com/node_modules/next/dist/compiled/next-server/app-page.runtime.prod.js:12:134660)
    at e (/Users/ahmedsalem/Desktop/all my projects/uneom.com/node_modules/next/dist/compiled/next-server/app-page.runtime.prod.js:12:137545)
    at ek (/Users/ahmedsalem/Desktop/all my projects/uneom.com/node_modules/next/dist/compiled/next-server/app-page.runtime.prod.js:12:138019)
    at Array.toJSON (/Users/ahmedsalem/Desktop/all my projects/uneom.com/node_modules/next/dist/compiled/next-server/app-page.runtime.prod.js:12:135629)
    at stringify (<anonymous>)
    at eP (/Users/ahmedsalem/Desktop/all my projects/uneom.com/node_modules/next/dist/compiled/next-server/app-page.runtime.prod.js:12:142093)
    at eE (/Users/ahmedsalem/Desktop/all my projects/uneom.com/node_modules/next/dist/compiled/next-server/app-page.runtime.prod.js:12:142572)
    at AsyncLocalStorage.run (node:internal/async_local_storage/async_context_frame:63:14)
    at Timeout._onTimeout (/Users/ahmedsalem/Desktop/all my projects/uneom.com/node_modules/next/dist/compiled/next-server/app-page.runtime.prod.js:12:150373)
TypeError: Cannot read properties of undefined (reading 'toLowerCase')
    at Module.y (/Users/ahmedsalem/Desktop/all my projects/uneom.com/.next/server/app/locations/[city]/[industry]/page.js:1:2657)
    at /Users/ahmedsalem/Desktop/all my projects/uneom.com/node_modules/next/dist/compiled/next-server/app-page.runtime.prod.js:12:227525
    at /Users/ahmedsalem/Desktop/all my projects/uneom.com/node_modules/next/dist/server/lib/trace/tracer.js:140:36
    at NoopContextManager.with (/Users/ahmedsalem/Desktop/all my projects/uneom.com/node_modules/next/dist/compiled/@opentelemetry/api/index.js:1:7062)
    at ContextAPI.with (/Users/ahmedsalem/Desktop/all my projects/uneom.com/node_modules/next/dist/compiled/@opentelemetry/api/index.js:1:518)
    at NoopTracer.startActiveSpan (/Users/ahmedsalem/Desktop/all my projects/uneom.com/node_modules/next/dist/compiled/@opentelemetry/api/index.js:1:18093)
    at ProxyTracer.startActiveSpan (/Users/ahmedsalem/Desktop/all my projects/uneom.com/node_modules/next/dist/compiled/@opentelemetry/api/index.js:1:18854)
    at /Users/ahmedsalem/Desktop/all my projects/uneom.com/node_modules/next/dist/server/lib/trace/tracer.js:122:103
    at NoopContextManager.with (/Users/ahmedsalem/Desktop/all my projects/uneom.com/node_modules/next/dist/compiled/@opentelemetry/api/index.js:1:7062)
    at ContextAPI.with (/Users/ahmedsalem/Desktop/all my projects/uneom.com/node_modules/next/dist/compiled/@opentelemetry/api/index.js:1:518) {
  digest: '2592674761'
}
TypeError: Cannot read properties of undefined (reading 'toLowerCase')
    at Module.y (/Users/ahmedsalem/Desktop/all my projects/uneom.com/.next/server/app/locations/[city]/[industry]/page.js:1:2657)
    at /Users/ahmedsalem/Desktop/all my projects/uneom.com/node_modules/next/dist/compiled/next-server/app-page.runtime.prod.js:12:227525
    at /Users/ahmedsalem/Desktop/all my projects/uneom.com/node_modules/next/dist/server/lib/trace/tracer.js:140:36
    at NoopContextManager.with (/Users/ahmedsalem/Desktop/all my projects/uneom.com/node_modules/next/dist/compiled/@opentelemetry/api/index.js:1:7062)
    at ContextAPI.with (/Users/ahmedsalem/Desktop/all my projects/uneom.com/node_modules/next/dist/compiled/@opentelemetry/api/index.js:1:518)
    at NoopTracer.startActiveSpan (/Users/ahmedsalem/Desktop/all my projects/uneom.com/node_modules/next/dist/compiled/@opentelemetry/api/index.js:1:18093)
    at ProxyTracer.startActiveSpan (/Users/ahmedsalem/Desktop/all my projects/uneom.com/node_modules/next/dist/compiled/@opentelemetry/api/index.js:1:18854)
    at /Users/ahmedsalem/Desktop/all my projects/uneom.com/node_modules/next/dist/server/lib/trace/tracer.js:122:103
    at NoopContextManager.with (/Users/ahmedsalem/Desktop/all my projects/uneom.com/node_modules/next/dist/compiled/@opentelemetry/api/index.js:1:7062)
    at ContextAPI.with (/Users/ahmedsalem/Desktop/all my projects/uneom.com/node_modules/next/dist/compiled/@opentelemetry/api/index.js:1:518) {
  digest: '2592674761'
}
TypeError: Cannot read properties of undefined (reading 'toLowerCase')
    at Module.y (/Users/ahmedsalem/Desktop/all my projects/uneom.com/.next/server/app/locations/[city]/[industry]/page.js:1:2657)
    at /Users/ahmedsalem/Desktop/all my projects/uneom.com/node_modules/next/dist/compiled/next-server/app-page.runtime.prod.js:12:227525
    at /Users/ahmedsalem/Desktop/all my projects/uneom.com/node_modules/next/dist/server/lib/trace/tracer.js:140:36
    at NoopContextManager.with (/Users/ahmedsalem/Desktop/all my projects/uneom.com/node_modules/next/dist/compiled/@opentelemetry/api/index.js:1:7062)
    at ContextAPI.with (/Users/ahmedsalem/Desktop/all my projects/uneom.com/node_modules/next/dist/compiled/@opentelemetry/api/index.js:1:518)
    at NoopTracer.startActiveSpan (/Users/ahmedsalem/Desktop/all my projects/uneom.com/node_modules/next/dist/compiled/@opentelemetry/api/index.js:1:18093)
    at ProxyTracer.startActiveSpan (/Users/ahmedsalem/Desktop/all my projects/uneom.com/node_modules/next/dist/compiled/@opentelemetry/api/index.js:1:18854)
    at /Users/ahmedsalem/Desktop/all my projects/uneom.com/node_modules/next/dist/server/lib/trace/tracer.js:122:103
    at NoopContextManager.with (/Users/ahmedsalem/Desktop/all my projects/uneom.com/node_modules/next/dist/compiled/@opentelemetry/api/index.js:1:7062)
    at ContextAPI.with (/Users/ahmedsalem/Desktop/all my projects/uneom.com/node_modules/next/dist/compiled/@opentelemetry/api/index.js:1:518) {
  digest: '2592674761'
}
TypeError: Cannot read properties of undefined (reading 'toLowerCase')
    at Module.y (/Users/ahmedsalem/Desktop/all my projects/uneom.com/.next/server/app/locations/[city]/[industry]/page.js:1:2657)
    at /Users/ahmedsalem/Desktop/all my projects/uneom.com/node_modules/next/dist/compiled/next-server/app-page.runtime.prod.js:12:227525
    at /Users/ahmedsalem/Desktop/all my projects/uneom.com/node_modules/next/dist/server/lib/trace/tracer.js:140:36
    at NoopContextManager.with (/Users/ahmedsalem/Desktop/all my projects/uneom.com/node_modules/next/dist/compiled/@opentelemetry/api/index.js:1:7062)
    at ContextAPI.with (/Users/ahmedsalem/Desktop/all my projects/uneom.com/node_modules/next/dist/compiled/@opentelemetry/api/index.js:1:518)
    at NoopTracer.startActiveSpan (/Users/ahmedsalem/Desktop/all my projects/uneom.com/node_modules/next/dist/compiled/@opentelemetry/api/index.js:1:18093)
    at ProxyTracer.startActiveSpan (/Users/ahmedsalem/Desktop/all my projects/uneom.com/node_modules/next/dist/compiled/@opentelemetry/api/index.js:1:18854)
    at /Users/ahmedsalem/Desktop/all my projects/uneom.com/node_modules/next/dist/server/lib/trace/tracer.js:122:103
    at NoopContextManager.with (/Users/ahmedsalem/Desktop/all my projects/uneom.com/node_modules/next/dist/compiled/@opentelemetry/api/index.js:1:7062)
    at ContextAPI.with (/Users/ahmedsalem/Desktop/all my projects/uneom.com/node_modules/next/dist/compiled/@opentelemetry/api/index.js:1:518) {
  digest: '2592674761'
}
TypeError: Cannot read properties of undefined (reading 'toLowerCase')
    at b (/Users/ahmedsalem/Desktop/all my projects/uneom.com/.next/server/app/locations/[city]/[industry]/page.js:1:4337)
    at eh (/Users/ahmedsalem/Desktop/all my projects/uneom.com/node_modules/next/dist/compiled/next-server/app-page.runtime.prod.js:12:134660)
    at e (/Users/ahmedsalem/Desktop/all my projects/uneom.com/node_modules/next/dist/compiled/next-server/app-page.runtime.prod.js:12:137545)
    at ek (/Users/ahmedsalem/Desktop/all my projects/uneom.com/node_modules/next/dist/compiled/next-server/app-page.runtime.prod.js:12:138019)
    at Array.toJSON (/Users/ahmedsalem/Desktop/all my projects/uneom.com/node_modules/next/dist/compiled/next-server/app-page.runtime.prod.js:12:135629)
    at stringify (<anonymous>)
    at eP (/Users/ahmedsalem/Desktop/all my projects/uneom.com/node_modules/next/dist/compiled/next-server/app-page.runtime.prod.js:12:142093)
    at eE (/Users/ahmedsalem/Desktop/all my projects/uneom.com/node_modules/next/dist/compiled/next-server/app-page.runtime.prod.js:12:142572)
    at Timeout._onTimeout (/Users/ahmedsalem/Desktop/all my projects/uneom.com/node_modules/next/dist/compiled/next-server/app-page.runtime.prod.js:12:135349)
    at listOnTimeout (node:internal/timers:605:17) {
  digest: '2151575143'
}
TypeError: Cannot read properties of undefined (reading 'toLowerCase')
    at Module.y (/Users/ahmedsalem/Desktop/all my projects/uneom.com/.next/server/app/locations/[city]/[industry]/page.js:1:2657)
    at /Users/ahmedsalem/Desktop/all my projects/uneom.com/node_modules/next/dist/compiled/next-server/app-page.runtime.prod.js:12:227525
    at /Users/ahmedsalem/Desktop/all my projects/uneom.com/node_modules/next/dist/server/lib/trace/tracer.js:140:36
    at NoopContextManager.with (/Users/ahmedsalem/Desktop/all my projects/uneom.com/node_modules/next/dist/compiled/@opentelemetry/api/index.js:1:7062)
    at ContextAPI.with (/Users/ahmedsalem/Desktop/all my projects/uneom.com/node_modules/next/dist/compiled/@opentelemetry/api/index.js:1:518)
    at NoopTracer.startActiveSpan (/Users/ahmedsalem/Desktop/all my projects/uneom.com/node_modules/next/dist/compiled/@opentelemetry/api/index.js:1:18093)
    at ProxyTracer.startActiveSpan (/Users/ahmedsalem/Desktop/all my projects/uneom.com/node_modules/next/dist/compiled/@opentelemetry/api/index.js:1:18854)
    at /Users/ahmedsalem/Desktop/all my projects/uneom.com/node_modules/next/dist/server/lib/trace/tracer.js:122:103
    at NoopContextManager.with (/Users/ahmedsalem/Desktop/all my projects/uneom.com/node_modules/next/dist/compiled/@opentelemetry/api/index.js:1:7062)
    at ContextAPI.with (/Users/ahmedsalem/Desktop/all my projects/uneom.com/node_modules/next/dist/compiled/@opentelemetry/api/index.js:1:518) {
  digest: '2592674761'
}
TypeError: Cannot read properties of undefined (reading 'toLowerCase')
    at b (/Users/ahmedsalem/Desktop/all my projects/uneom.com/.next/server/app/locations/[city]/[industry]/page.js:1:4337)
    at eh (/Users/ahmedsalem/Desktop/all my projects/uneom.com/node_modules/next/dist/compiled/next-server/app-page.runtime.prod.js:12:134660)
    at e (/Users/ahmedsalem/Desktop/all my projects/uneom.com/node_modules/next/dist/compiled/next-server/app-page.runtime.prod.js:12:137545)
    at ek (/Users/ahmedsalem/Desktop/all my projects/uneom.com/node_modules/next/dist/compiled/next-server/app-page.runtime.prod.js:12:138019)
    at Array.toJSON (/Users/ahmedsalem/Desktop/all my projects/uneom.com/node_modules/next/dist/compiled/next-server/app-page.runtime.prod.js:12:135629)
    at stringify (<anonymous>)
    at eP (/Users/ahmedsalem/Desktop/all my projects/uneom.com/node_modules/next/dist/compiled/next-server/app-page.runtime.prod.js:12:142093)
    at eE (/Users/ahmedsalem/Desktop/all my projects/uneom.com/node_modules/next/dist/compiled/next-server/app-page.runtime.prod.js:12:142572)
    at AsyncLocalStorage.run (node:internal/async_local_storage/async_context_frame:63:14)
    at Timeout._onTimeout (/Users/ahmedsalem/Desktop/all my projects/uneom.com/node_modules/next/dist/compiled/next-server/app-page.runtime.prod.js:12:150373) {
  digest: '785353560'
}
TypeError: Cannot read properties of undefined (reading 'toLowerCase')
    at Module.y (/Users/ahmedsalem/Desktop/all my projects/uneom.com/.next/server/app/locations/[city]/[industry]/page.js:1:2657)
    at /Users/ahmedsalem/Desktop/all my projects/uneom.com/node_modules/next/dist/compiled/next-server/app-page.runtime.prod.js:12:227525
    at /Users/ahmedsalem/Desktop/all my projects/uneom.com/node_modules/next/dist/server/lib/trace/tracer.js:140:36
    at NoopContextManager.with (/Users/ahmedsalem/Desktop/all my projects/uneom.com/node_modules/next/dist/compiled/@opentelemetry/api/index.js:1:7062)
    at ContextAPI.with (/Users/ahmedsalem/Desktop/all my projects/uneom.com/node_modules/next/dist/compiled/@opentelemetry/api/index.js:1:518)
    at NoopTracer.startActiveSpan (/Users/ahmedsalem/Desktop/all my projects/uneom.com/node_modules/next/dist/compiled/@opentelemetry/api/index.js:1:18093)
    at ProxyTracer.startActiveSpan (/Users/ahmedsalem/Desktop/all my projects/uneom.com/node_modules/next/dist/compiled/@opentelemetry/api/index.js:1:18854)
    at /Users/ahmedsalem/Desktop/all my projects/uneom.com/node_modules/next/dist/server/lib/trace/tracer.js:122:103
    at NoopContextManager.with (/Users/ahmedsalem/Desktop/all my projects/uneom.com/node_modules/next/dist/compiled/@opentelemetry/api/index.js:1:7062)
    at ContextAPI.with (/Users/ahmedsalem/Desktop/all my projects/uneom.com/node_modules/next/dist/compiled/@opentelemetry/api/index.js:1:518) {
  digest: '2592674761'
}
TypeError: Cannot read properties of undefined (reading 'toLowerCase')
    at Module.y (/Users/ahmedsalem/Desktop/all my projects/uneom.com/.next/server/app/locations/[city]/[industry]/page.js:1:2657)
    at /Users/ahmedsalem/Desktop/all my projects/uneom.com/node_modules/next/dist/compiled/next-server/app-page.runtime.prod.js:12:227525
    at /Users/ahmedsalem/Desktop/all my projects/uneom.com/node_modules/next/dist/server/lib/trace/tracer.js:140:36
    at NoopContextManager.with (/Users/ahmedsalem/Desktop/all my projects/uneom.com/node_modules/next/dist/compiled/@opentelemetry/api/index.js:1:7062)
    at ContextAPI.with (/Users/ahmedsalem/Desktop/all my projects/uneom.com/node_modules/next/dist/compiled/@opentelemetry/api/index.js:1:518)
    at NoopTracer.startActiveSpan (/Users/ahmedsalem/Desktop/all my projects/uneom.com/node_modules/next/dist/compiled/@opentelemetry/api/index.js:1:18093)
    at ProxyTracer.startActiveSpan (/Users/ahmedsalem/Desktop/all my projects/uneom.com/node_modules/next/dist/compiled/@opentelemetry/api/index.js:1:18854)
    at /Users/ahmedsalem/Desktop/all my projects/uneom.com/node_modules/next/dist/server/lib/trace/tracer.js:122:103
    at NoopContextManager.with (/Users/ahmedsalem/Desktop/all my projects/uneom.com/node_modules/next/dist/compiled/@opentelemetry/api/index.js:1:7062)
    at ContextAPI.with (/Users/ahmedsalem/Desktop/all my projects/uneom.com/node_modules/next/dist/compiled/@opentelemetry/api/index.js:1:518) {
  digest: '2592674761'
}
TypeError: Cannot read properties of undefined (reading 'toLowerCase')
    at b (/Users/ahmedsalem/Desktop/all my projects/uneom.com/.next/server/app/locations/[city]/[industry]/page.js:1:4337)
    at eh (/Users/ahmedsalem/Desktop/all my projects/uneom.com/node_modules/next/dist/compiled/next-server/app-page.runtime.prod.js:12:134660)
    at e (/Users/ahmedsalem/Desktop/all my projects/uneom.com/node_modules/next/dist/compiled/next-server/app-page.runtime.prod.js:12:137545)
    at ek (/Users/ahmedsalem/Desktop/all my projects/uneom.com/node_modules/next/dist/compiled/next-server/app-page.runtime.prod.js:12:138019)
    at Array.toJSON (/Users/ahmedsalem/Desktop/all my projects/uneom.com/node_modules/next/dist/compiled/next-server/app-page.runtime.prod.js:12:135629)
    at stringify (<anonymous>)
    at eP (/Users/ahmedsalem/Desktop/all my projects/uneom.com/node_modules/next/dist/compiled/next-server/app-page.runtime.prod.js:12:142093)
    at eE (/Users/ahmedsalem/Desktop/all my projects/uneom.com/node_modules/next/dist/compiled/next-server/app-page.runtime.prod.js:12:142572)
    at AsyncLocalStorage.run (node:internal/async_local_storage/async_context_frame:63:14)
    at Timeout._onTimeout (/Users/ahmedsalem/Desktop/all my projects/uneom.com/node_modules/next/dist/compiled/next-server/app-page.runtime.prod.js:12:150373) {
  digest: '785353560'
}
TypeError: Cannot read properties of undefined (reading 'toLowerCase')
    at b (/Users/ahmedsalem/Desktop/all my projects/uneom.com/.next/server/app/locations/[city]/[industry]/page.js:1:4337)
    at eh (/Users/ahmedsalem/Desktop/all my projects/uneom.com/node_modules/next/dist/compiled/next-server/app-page.runtime.prod.js:12:134660)
    at e (/Users/ahmedsalem/Desktop/all my projects/uneom.com/node_modules/next/dist/compiled/next-server/app-page.runtime.prod.js:12:137545)
    at ek (/Users/ahmedsalem/Desktop/all my projects/uneom.com/node_modules/next/dist/compiled/next-server/app-page.runtime.prod.js:12:138019)
    at Array.toJSON (/Users/ahmedsalem/Desktop/all my projects/uneom.com/node_modules/next/dist/compiled/next-server/app-page.runtime.prod.js:12:135629)
    at stringify (<anonymous>)
    at eP (/Users/ahmedsalem/Desktop/all my projects/uneom.com/node_modules/next/dist/compiled/next-server/app-page.runtime.prod.js:12:142093)
    at eE (/Users/ahmedsalem/Desktop/all my projects/uneom.com/node_modules/next/dist/compiled/next-server/app-page.runtime.prod.js:12:142572)
    at AsyncLocalStorage.run (node:internal/async_local_storage/async_context_frame:63:14)
    at Timeout._onTimeout (/Users/ahmedsalem/Desktop/all my projects/uneom.com/node_modules/next/dist/compiled/next-server/app-page.runtime.prod.js:12:150373) {
  digest: '785353560'
}
TypeError: Cannot read properties of undefined (reading 'toLowerCase')
    at b (/Users/ahmedsalem/Desktop/all my projects/uneom.com/.next/server/app/locations/[city]/[industry]/page.js:1:4337)
    at eh (/Users/ahmedsalem/Desktop/all my projects/uneom.com/node_modules/next/dist/compiled/next-server/app-page.runtime.prod.js:12:134660)
    at e (/Users/ahmedsalem/Desktop/all my projects/uneom.com/node_modules/next/dist/compiled/next-server/app-page.runtime.prod.js:12:137545)
    at ek (/Users/ahmedsalem/Desktop/all my projects/uneom.com/node_modules/next/dist/compiled/next-server/app-page.runtime.prod.js:12:138019)
    at Array.toJSON (/Users/ahmedsalem/Desktop/all my projects/uneom.com/node_modules/next/dist/compiled/next-server/app-page.runtime.prod.js:12:135629)
    at stringify (<anonymous>)
    at eP (/Users/ahmedsalem/Desktop/all my projects/uneom.com/node_modules/next/dist/compiled/next-server/app-page.runtime.prod.js:12:142093)
    at eE (/Users/ahmedsalem/Desktop/all my projects/uneom.com/node_modules/next/dist/compiled/next-server/app-page.runtime.prod.js:12:142572)
    at Timeout._onTimeout (/Users/ahmedsalem/Desktop/all my projects/uneom.com/node_modules/next/dist/compiled/next-server/app-page.runtime.prod.js:12:135349)
    at listOnTimeout (node:internal/timers:605:17) {
  digest: '2151575143'
}
TypeError: Cannot read properties of undefined (reading 'toLowerCase')
    at b (/Users/ahmedsalem/Desktop/all my projects/uneom.com/.next/server/app/locations/[city]/[industry]/page.js:1:4337)
    at eh (/Users/ahmedsalem/Desktop/all my projects/uneom.com/node_modules/next/dist/compiled/next-server/app-page.runtime.prod.js:12:134660)
    at e (/Users/ahmedsalem/Desktop/all my projects/uneom.com/node_modules/next/dist/compiled/next-server/app-page.runtime.prod.js:12:137545)
    at ek (/Users/ahmedsalem/Desktop/all my projects/uneom.com/node_modules/next/dist/compiled/next-server/app-page.runtime.prod.js:12:138019)
    at Array.toJSON (/Users/ahmedsalem/Desktop/all my projects/uneom.com/node_modules/next/dist/compiled/next-server/app-page.runtime.prod.js:12:135629)
    at stringify (<anonymous>)
    at eP (/Users/ahmedsalem/Desktop/all my projects/uneom.com/node_modules/next/dist/compiled/next-server/app-page.runtime.prod.js:12:142093)
    at eE (/Users/ahmedsalem/Desktop/all my projects/uneom.com/node_modules/next/dist/compiled/next-server/app-page.runtime.prod.js:12:142572)
    at Timeout._onTimeout (/Users/ahmedsalem/Desktop/all my projects/uneom.com/node_modules/next/dist/compiled/next-server/app-page.runtime.prod.js:12:135349)
    at listOnTimeout (node:internal/timers:605:17) {
  digest: '2151575143'
}
TypeError: Cannot read properties of undefined (reading 'toLowerCase')
    at b (/Users/ahmedsalem/Desktop/all my projects/uneom.com/.next/server/app/locations/[city]/[industry]/page.js:1:4337)
    at eh (/Users/ahmedsalem/Desktop/all my projects/uneom.com/node_modules/next/dist/compiled/next-server/app-page.runtime.prod.js:12:134660)
    at e (/Users/ahmedsalem/Desktop/all my projects/uneom.com/node_modules/next/dist/compiled/next-server/app-page.runtime.prod.js:12:137545)
    at ek (/Users/ahmedsalem/Desktop/all my projects/uneom.com/node_modules/next/dist/compiled/next-server/app-page.runtime.prod.js:12:138019)
    at Array.toJSON (/Users/ahmedsalem/Desktop/all my projects/uneom.com/node_modules/next/dist/compiled/next-server/app-page.runtime.prod.js:12:135629)
    at stringify (<anonymous>)
    at eP (/Users/ahmedsalem/Desktop/all my projects/uneom.com/node_modules/next/dist/compiled/next-server/app-page.runtime.prod.js:12:142093)
    at eE (/Users/ahmedsalem/Desktop/all my projects/uneom.com/node_modules/next/dist/compiled/next-server/app-page.runtime.prod.js:12:142572)
    at Timeout._onTimeout (/Users/ahmedsalem/Desktop/all my projects/uneom.com/node_modules/next/dist/compiled/next-server/app-page.runtime.prod.js:12:135349)
    at listOnTimeout (node:internal/timers:605:17) {
  digest: '2151575143'
}
TypeError: Cannot read properties of undefined (reading 'toLowerCase')
    at Module.y (/Users/ahmedsalem/Desktop/all my projects/uneom.com/.next/server/app/locations/[city]/[industry]/page.js:1:2657)
    at /Users/ahmedsalem/Desktop/all my projects/uneom.com/node_modules/next/dist/compiled/next-server/app-page.runtime.prod.js:12:227525
    at /Users/ahmedsalem/Desktop/all my projects/uneom.com/node_modules/next/dist/server/lib/trace/tracer.js:140:36
    at NoopContextManager.with (/Users/ahmedsalem/Desktop/all my projects/uneom.com/node_modules/next/dist/compiled/@opentelemetry/api/index.js:1:7062)
    at ContextAPI.with (/Users/ahmedsalem/Desktop/all my projects/uneom.com/node_modules/next/dist/compiled/@opentelemetry/api/index.js:1:518)
    at NoopTracer.startActiveSpan (/Users/ahmedsalem/Desktop/all my projects/uneom.com/node_modules/next/dist/compiled/@opentelemetry/api/index.js:1:18093)
    at ProxyTracer.startActiveSpan (/Users/ahmedsalem/Desktop/all my projects/uneom.com/node_modules/next/dist/compiled/@opentelemetry/api/index.js:1:18854)
    at /Users/ahmedsalem/Desktop/all my projects/uneom.com/node_modules/next/dist/server/lib/trace/tracer.js:122:103
    at NoopContextManager.with (/Users/ahmedsalem/Desktop/all my projects/uneom.com/node_modules/next/dist/compiled/@opentelemetry/api/index.js:1:7062)
    at ContextAPI.with (/Users/ahmedsalem/Desktop/all my projects/uneom.com/node_modules/next/dist/compiled/@opentelemetry/api/index.js:1:518) {
  digest: '2592674761'
}

Error occurred prerendering page "/locations/al-ahsa/education". Read more: https://nextjs.org/docs/messages/prerender-error

TypeError: Cannot read properties of undefined (reading 'toLowerCase')
    at b (/Users/ahmedsalem/Desktop/all my projects/uneom.com/.next/server/app/locations/[city]/[industry]/page.js:1:4337)
    at eh (/Users/ahmedsalem/Desktop/all my projects/uneom.com/node_modules/next/dist/compiled/next-server/app-page.runtime.prod.js:12:134660)
    at e (/Users/ahmedsalem/Desktop/all my projects/uneom.com/node_modules/next/dist/compiled/next-server/app-page.runtime.prod.js:12:137545)
    at ek (/Users/ahmedsalem/Desktop/all my projects/uneom.com/node_modules/next/dist/compiled/next-server/app-page.runtime.prod.js:12:138019)
    at Array.toJSON (/Users/ahmedsalem/Desktop/all my projects/uneom.com/node_modules/next/dist/compiled/next-server/app-page.runtime.prod.js:12:135629)
    at stringify (<anonymous>)
    at eP (/Users/ahmedsalem/Desktop/all my projects/uneom.com/node_modules/next/dist/compiled/next-server/app-page.runtime.prod.js:12:142093)
    at eE (/Users/ahmedsalem/Desktop/all my projects/uneom.com/node_modules/next/dist/compiled/next-server/app-page.runtime.prod.js:12:142572)
    at AsyncLocalStorage.run (node:internal/async_local_storage/async_context_frame:63:14)
    at Timeout._onTimeout (/Users/ahmedsalem/Desktop/all my projects/uneom.com/node_modules/next/dist/compiled/next-server/app-page.runtime.prod.js:12:150373)
TypeError: Cannot read properties of undefined (reading 'toLowerCase')
    at Module.y (/Users/ahmedsalem/Desktop/all my projects/uneom.com/.next/server/app/locations/[city]/[industry]/page.js:1:2657)
    at /Users/ahmedsalem/Desktop/all my projects/uneom.com/node_modules/next/dist/compiled/next-server/app-page.runtime.prod.js:12:227525
    at /Users/ahmedsalem/Desktop/all my projects/uneom.com/node_modules/next/dist/server/lib/trace/tracer.js:140:36
    at NoopContextManager.with (/Users/ahmedsalem/Desktop/all my projects/uneom.com/node_modules/next/dist/compiled/@opentelemetry/api/index.js:1:7062)
    at ContextAPI.with (/Users/ahmedsalem/Desktop/all my projects/uneom.com/node_modules/next/dist/compiled/@opentelemetry/api/index.js:1:518)
    at NoopTracer.startActiveSpan (/Users/ahmedsalem/Desktop/all my projects/uneom.com/node_modules/next/dist/compiled/@opentelemetry/api/index.js:1:18093)
    at ProxyTracer.startActiveSpan (/Users/ahmedsalem/Desktop/all my projects/uneom.com/node_modules/next/dist/compiled/@opentelemetry/api/index.js:1:18854)
    at /Users/ahmedsalem/Desktop/all my projects/uneom.com/node_modules/next/dist/server/lib/trace/tracer.js:122:103
    at NoopContextManager.with (/Users/ahmedsalem/Desktop/all my projects/uneom.com/node_modules/next/dist/compiled/@opentelemetry/api/index.js:1:7062)
    at ContextAPI.with (/Users/ahmedsalem/Desktop/all my projects/uneom.com/node_modules/next/dist/compiled/@opentelemetry/api/index.js:1:518) {
  digest: '2592674761'
}

Error occurred prerendering page "/locations/al-ahsa/aviation". Read more: https://nextjs.org/docs/messages/prerender-error

TypeError: Cannot read properties of undefined (reading 'toLowerCase')
    at b (/Users/ahmedsalem/Desktop/all my projects/uneom.com/.next/server/app/locations/[city]/[industry]/page.js:1:4337)
    at eh (/Users/ahmedsalem/Desktop/all my projects/uneom.com/node_modules/next/dist/compiled/next-server/app-page.runtime.prod.js:12:134660)
    at e (/Users/ahmedsalem/Desktop/all my projects/uneom.com/node_modules/next/dist/compiled/next-server/app-page.runtime.prod.js:12:137545)
    at ek (/Users/ahmedsalem/Desktop/all my projects/uneom.com/node_modules/next/dist/compiled/next-server/app-page.runtime.prod.js:12:138019)
    at Array.toJSON (/Users/ahmedsalem/Desktop/all my projects/uneom.com/node_modules/next/dist/compiled/next-server/app-page.runtime.prod.js:12:135629)
    at stringify (<anonymous>)
    at eP (/Users/ahmedsalem/Desktop/all my projects/uneom.com/node_modules/next/dist/compiled/next-server/app-page.runtime.prod.js:12:142093)
    at eE (/Users/ahmedsalem/Desktop/all my projects/uneom.com/node_modules/next/dist/compiled/next-server/app-page.runtime.prod.js:12:142572)
    at AsyncLocalStorage.run (node:internal/async_local_storage/async_context_frame:63:14)
    at Timeout._onTimeout (/Users/ahmedsalem/Desktop/all my projects/uneom.com/node_modules/next/dist/compiled/next-server/app-page.runtime.prod.js:12:150373)

Error occurred prerendering page "/locations/al-ahsa/corporate". Read more: https://nextjs.org/docs/messages/prerender-error

TypeError: Cannot read properties of undefined (reading 'toLowerCase')
    at b (/Users/ahmedsalem/Desktop/all my projects/uneom.com/.next/server/app/locations/[city]/[industry]/page.js:1:4337)
    at eh (/Users/ahmedsalem/Desktop/all my projects/uneom.com/node_modules/next/dist/compiled/next-server/app-page.runtime.prod.js:12:134660)
    at e (/Users/ahmedsalem/Desktop/all my projects/uneom.com/node_modules/next/dist/compiled/next-server/app-page.runtime.prod.js:12:137545)
    at ek (/Users/ahmedsalem/Desktop/all my projects/uneom.com/node_modules/next/dist/compiled/next-server/app-page.runtime.prod.js:12:138019)
    at Array.toJSON (/Users/ahmedsalem/Desktop/all my projects/uneom.com/node_modules/next/dist/compiled/next-server/app-page.runtime.prod.js:12:135629)
    at stringify (<anonymous>)
    at eP (/Users/ahmedsalem/Desktop/all my projects/uneom.com/node_modules/next/dist/compiled/next-server/app-page.runtime.prod.js:12:142093)
    at eE (/Users/ahmedsalem/Desktop/all my projects/uneom.com/node_modules/next/dist/compiled/next-server/app-page.runtime.prod.js:12:142572)
    at AsyncLocalStorage.run (node:internal/async_local_storage/async_context_frame:63:14)
    at Timeout._onTimeout (/Users/ahmedsalem/Desktop/all my projects/uneom.com/node_modules/next/dist/compiled/next-server/app-page.runtime.prod.js:12:150373)
TypeError: Cannot read properties of undefined (reading 'toLowerCase')
    at Module.y (/Users/ahmedsalem/Desktop/all my projects/uneom.com/.next/server/app/locations/[city]/[industry]/page.js:1:2657)
    at /Users/ahmedsalem/Desktop/all my projects/uneom.com/node_modules/next/dist/compiled/next-server/app-page.runtime.prod.js:12:227525
    at /Users/ahmedsalem/Desktop/all my projects/uneom.com/node_modules/next/dist/server/lib/trace/tracer.js:140:36
    at NoopContextManager.with (/Users/ahmedsalem/Desktop/all my projects/uneom.com/node_modules/next/dist/compiled/@opentelemetry/api/index.js:1:7062)
    at ContextAPI.with (/Users/ahmedsalem/Desktop/all my projects/uneom.com/node_modules/next/dist/compiled/@opentelemetry/api/index.js:1:518)
    at NoopTracer.startActiveSpan (/Users/ahmedsalem/Desktop/all my projects/uneom.com/node_modules/next/dist/compiled/@opentelemetry/api/index.js:1:18093)
    at ProxyTracer.startActiveSpan (/Users/ahmedsalem/Desktop/all my projects/uneom.com/node_modules/next/dist/compiled/@opentelemetry/api/index.js:1:18854)
    at /Users/ahmedsalem/Desktop/all my projects/uneom.com/node_modules/next/dist/server/lib/trace/tracer.js:122:103
    at NoopContextManager.with (/Users/ahmedsalem/Desktop/all my projects/uneom.com/node_modules/next/dist/compiled/@opentelemetry/api/index.js:1:7062)
    at ContextAPI.with (/Users/ahmedsalem/Desktop/all my projects/uneom.com/node_modules/next/dist/compiled/@opentelemetry/api/index.js:1:518) {
  digest: '2592674761'
}
TypeError: Cannot read properties of undefined (reading 'toLowerCase')
    at Module.y (/Users/ahmedsalem/Desktop/all my projects/uneom.com/.next/server/app/locations/[city]/[industry]/page.js:1:2657)
    at /Users/ahmedsalem/Desktop/all my projects/uneom.com/node_modules/next/dist/compiled/next-server/app-page.runtime.prod.js:12:227525
    at /Users/ahmedsalem/Desktop/all my projects/uneom.com/node_modules/next/dist/server/lib/trace/tracer.js:140:36
    at NoopContextManager.with (/Users/ahmedsalem/Desktop/all my projects/uneom.com/node_modules/next/dist/compiled/@opentelemetry/api/index.js:1:7062)
    at ContextAPI.with (/Users/ahmedsalem/Desktop/all my projects/uneom.com/node_modules/next/dist/compiled/@opentelemetry/api/index.js:1:518)
    at NoopTracer.startActiveSpan (/Users/ahmedsalem/Desktop/all my projects/uneom.com/node_modules/next/dist/compiled/@opentelemetry/api/index.js:1:18093)
    at ProxyTracer.startActiveSpan (/Users/ahmedsalem/Desktop/all my projects/uneom.com/node_modules/next/dist/compiled/@opentelemetry/api/index.js:1:18854)
    at /Users/ahmedsalem/Desktop/all my projects/uneom.com/node_modules/next/dist/server/lib/trace/tracer.js:122:103
    at NoopContextManager.with (/Users/ahmedsalem/Desktop/all my projects/uneom.com/node_modules/next/dist/compiled/@opentelemetry/api/index.js:1:7062)
    at ContextAPI.with (/Users/ahmedsalem/Desktop/all my projects/uneom.com/node_modules/next/dist/compiled/@opentelemetry/api/index.js:1:518) {
  digest: '2592674761'
}
TypeError: Cannot read properties of undefined (reading 'toLowerCase')
    at Module.y (/Users/ahmedsalem/Desktop/all my projects/uneom.com/.next/server/app/locations/[city]/[industry]/page.js:1:2657)
    at /Users/ahmedsalem/Desktop/all my projects/uneom.com/node_modules/next/dist/compiled/next-server/app-page.runtime.prod.js:12:227525
    at /Users/ahmedsalem/Desktop/all my projects/uneom.com/node_modules/next/dist/server/lib/trace/tracer.js:140:36
    at NoopContextManager.with (/Users/ahmedsalem/Desktop/all my projects/uneom.com/node_modules/next/dist/compiled/@opentelemetry/api/index.js:1:7062)
    at ContextAPI.with (/Users/ahmedsalem/Desktop/all my projects/uneom.com/node_modules/next/dist/compiled/@opentelemetry/api/index.js:1:518)
    at NoopTracer.startActiveSpan (/Users/ahmedsalem/Desktop/all my projects/uneom.com/node_modules/next/dist/compiled/@opentelemetry/api/index.js:1:18093)
    at ProxyTracer.startActiveSpan (/Users/ahmedsalem/Desktop/all my projects/uneom.com/node_modules/next/dist/compiled/@opentelemetry/api/index.js:1:18854)
    at /Users/ahmedsalem/Desktop/all my projects/uneom.com/node_modules/next/dist/server/lib/trace/tracer.js:122:103
    at NoopContextManager.with (/Users/ahmedsalem/Desktop/all my projects/uneom.com/node_modules/next/dist/compiled/@opentelemetry/api/index.js:1:7062)
    at ContextAPI.with (/Users/ahmedsalem/Desktop/all my projects/uneom.com/node_modules/next/dist/compiled/@opentelemetry/api/index.js:1:518) {
  digest: '2592674761'
}
TypeError: Cannot read properties of undefined (reading 'toLowerCase')
    at Module.y (/Users/ahmedsalem/Desktop/all my projects/uneom.com/.next/server/app/locations/[city]/[industry]/page.js:1:2657)
    at /Users/ahmedsalem/Desktop/all my projects/uneom.com/node_modules/next/dist/compiled/next-server/app-page.runtime.prod.js:12:227525
    at /Users/ahmedsalem/Desktop/all my projects/uneom.com/node_modules/next/dist/server/lib/trace/tracer.js:140:36
    at NoopContextManager.with (/Users/ahmedsalem/Desktop/all my projects/uneom.com/node_modules/next/dist/compiled/@opentelemetry/api/index.js:1:7062)
    at ContextAPI.with (/Users/ahmedsalem/Desktop/all my projects/uneom.com/node_modules/next/dist/compiled/@opentelemetry/api/index.js:1:518)
    at NoopTracer.startActiveSpan (/Users/ahmedsalem/Desktop/all my projects/uneom.com/node_modules/next/dist/compiled/@opentelemetry/api/index.js:1:18093)
    at ProxyTracer.startActiveSpan (/Users/ahmedsalem/Desktop/all my projects/uneom.com/node_modules/next/dist/compiled/@opentelemetry/api/index.js:1:18854)
    at /Users/ahmedsalem/Desktop/all my projects/uneom.com/node_modules/next/dist/server/lib/trace/tracer.js:122:103
    at NoopContextManager.with (/Users/ahmedsalem/Desktop/all my projects/uneom.com/node_modules/next/dist/compiled/@opentelemetry/api/index.js:1:7062)
    at ContextAPI.with (/Users/ahmedsalem/Desktop/all my projects/uneom.com/node_modules/next/dist/compiled/@opentelemetry/api/index.js:1:518) {
  digest: '2592674761'
}
TypeError: Cannot read properties of undefined (reading 'toLowerCase')
    at b (/Users/ahmedsalem/Desktop/all my projects/uneom.com/.next/server/app/locations/[city]/[industry]/page.js:1:4337)
    at eh (/Users/ahmedsalem/Desktop/all my projects/uneom.com/node_modules/next/dist/compiled/next-server/app-page.runtime.prod.js:12:134660)
    at e (/Users/ahmedsalem/Desktop/all my projects/uneom.com/node_modules/next/dist/compiled/next-server/app-page.runtime.prod.js:12:137545)
    at ek (/Users/ahmedsalem/Desktop/all my projects/uneom.com/node_modules/next/dist/compiled/next-server/app-page.runtime.prod.js:12:138019)
    at Array.toJSON (/Users/ahmedsalem/Desktop/all my projects/uneom.com/node_modules/next/dist/compiled/next-server/app-page.runtime.prod.js:12:135629)
    at stringify (<anonymous>)
    at eP (/Users/ahmedsalem/Desktop/all my projects/uneom.com/node_modules/next/dist/compiled/next-server/app-page.runtime.prod.js:12:142093)
    at eE (/Users/ahmedsalem/Desktop/all my projects/uneom.com/node_modules/next/dist/compiled/next-server/app-page.runtime.prod.js:12:142572)
    at AsyncLocalStorage.run (node:internal/async_local_storage/async_context_frame:63:14)
    at Timeout._onTimeout (/Users/ahmedsalem/Desktop/all my projects/uneom.com/node_modules/next/dist/compiled/next-server/app-page.runtime.prod.js:12:150373) {
  digest: '785353560'
}
TypeError: Cannot read properties of undefined (reading 'toLowerCase')
    at Module.y (/Users/ahmedsalem/Desktop/all my projects/uneom.com/.next/server/app/locations/[city]/[industry]/page.js:1:2657)
    at /Users/ahmedsalem/Desktop/all my projects/uneom.com/node_modules/next/dist/compiled/next-server/app-page.runtime.prod.js:12:227525
    at /Users/ahmedsalem/Desktop/all my projects/uneom.com/node_modules/next/dist/server/lib/trace/tracer.js:140:36
    at NoopContextManager.with (/Users/ahmedsalem/Desktop/all my projects/uneom.com/node_modules/next/dist/compiled/@opentelemetry/api/index.js:1:7062)
    at ContextAPI.with (/Users/ahmedsalem/Desktop/all my projects/uneom.com/node_modules/next/dist/compiled/@opentelemetry/api/index.js:1:518)
    at NoopTracer.startActiveSpan (/Users/ahmedsalem/Desktop/all my projects/uneom.com/node_modules/next/dist/compiled/@opentelemetry/api/index.js:1:18093)
    at ProxyTracer.startActiveSpan (/Users/ahmedsalem/Desktop/all my projects/uneom.com/node_modules/next/dist/compiled/@opentelemetry/api/index.js:1:18854)
    at /Users/ahmedsalem/Desktop/all my projects/uneom.com/node_modules/next/dist/server/lib/trace/tracer.js:122:103
    at NoopContextManager.with (/Users/ahmedsalem/Desktop/all my projects/uneom.com/node_modules/next/dist/compiled/@opentelemetry/api/index.js:1:7062)
    at ContextAPI.with (/Users/ahmedsalem/Desktop/all my projects/uneom.com/node_modules/next/dist/compiled/@opentelemetry/api/index.js:1:518) {
  digest: '2592674761'
}
TypeError: Cannot read properties of undefined (reading 'toLowerCase')
    at b (/Users/ahmedsalem/Desktop/all my projects/uneom.com/.next/server/app/locations/[city]/[industry]/page.js:1:4337)
    at eh (/Users/ahmedsalem/Desktop/all my projects/uneom.com/node_modules/next/dist/compiled/next-server/app-page.runtime.prod.js:12:134660)
    at e (/Users/ahmedsalem/Desktop/all my projects/uneom.com/node_modules/next/dist/compiled/next-server/app-page.runtime.prod.js:12:137545)
    at ek (/Users/ahmedsalem/Desktop/all my projects/uneom.com/node_modules/next/dist/compiled/next-server/app-page.runtime.prod.js:12:138019)
    at Array.toJSON (/Users/ahmedsalem/Desktop/all my projects/uneom.com/node_modules/next/dist/compiled/next-server/app-page.runtime.prod.js:12:135629)
    at stringify (<anonymous>)
    at eP (/Users/ahmedsalem/Desktop/all my projects/uneom.com/node_modules/next/dist/compiled/next-server/app-page.runtime.prod.js:12:142093)
    at eE (/Users/ahmedsalem/Desktop/all my projects/uneom.com/node_modules/next/dist/compiled/next-server/app-page.runtime.prod.js:12:142572)
    at AsyncLocalStorage.run (node:internal/async_local_storage/async_context_frame:63:14)
    at Timeout._onTimeout (/Users/ahmedsalem/Desktop/all my projects/uneom.com/node_modules/next/dist/compiled/next-server/app-page.runtime.prod.js:12:150373) {
  digest: '785353560'
}
TypeError: Cannot read properties of undefined (reading 'toLowerCase')
    at b (/Users/ahmedsalem/Desktop/all my projects/uneom.com/.next/server/app/locations/[city]/[industry]/page.js:1:4337)
    at eh (/Users/ahmedsalem/Desktop/all my projects/uneom.com/node_modules/next/dist/compiled/next-server/app-page.runtime.prod.js:12:134660)
    at e (/Users/ahmedsalem/Desktop/all my projects/uneom.com/node_modules/next/dist/compiled/next-server/app-page.runtime.prod.js:12:137545)
    at ek (/Users/ahmedsalem/Desktop/all my projects/uneom.com/node_modules/next/dist/compiled/next-server/app-page.runtime.prod.js:12:138019)
    at Array.toJSON (/Users/ahmedsalem/Desktop/all my projects/uneom.com/node_modules/next/dist/compiled/next-server/app-page.runtime.prod.js:12:135629)
    at stringify (<anonymous>)
    at eP (/Users/ahmedsalem/Desktop/all my projects/uneom.com/node_modules/next/dist/compiled/next-server/app-page.runtime.prod.js:12:142093)
    at eE (/Users/ahmedsalem/Desktop/all my projects/uneom.com/node_modules/next/dist/compiled/next-server/app-page.runtime.prod.js:12:142572)
    at AsyncLocalStorage.run (node:internal/async_local_storage/async_context_frame:63:14)
    at Timeout._onTimeout (/Users/ahmedsalem/Desktop/all my projects/uneom.com/node_modules/next/dist/compiled/next-server/app-page.runtime.prod.js:12:150373) {
  digest: '785353560'
}
TypeError: Cannot read properties of undefined (reading 'toLowerCase')
    at b (/Users/ahmedsalem/Desktop/all my projects/uneom.com/.next/server/app/locations/[city]/[industry]/page.js:1:4337)
    at eh (/Users/ahmedsalem/Desktop/all my projects/uneom.com/node_modules/next/dist/compiled/next-server/app-page.runtime.prod.js:12:134660)
    at e (/Users/ahmedsalem/Desktop/all my projects/uneom.com/node_modules/next/dist/compiled/next-server/app-page.runtime.prod.js:12:137545)
    at ek (/Users/ahmedsalem/Desktop/all my projects/uneom.com/node_modules/next/dist/compiled/next-server/app-page.runtime.prod.js:12:138019)
    at Array.toJSON (/Users/ahmedsalem/Desktop/all my projects/uneom.com/node_modules/next/dist/compiled/next-server/app-page.runtime.prod.js:12:135629)
    at stringify (<anonymous>)
    at eP (/Users/ahmedsalem/Desktop/all my projects/uneom.com/node_modules/next/dist/compiled/next-server/app-page.runtime.prod.js:12:142093)
    at eE (/Users/ahmedsalem/Desktop/all my projects/uneom.com/node_modules/next/dist/compiled/next-server/app-page.runtime.prod.js:12:142572)
    at Timeout._onTimeout (/Users/ahmedsalem/Desktop/all my projects/uneom.com/node_modules/next/dist/compiled/next-server/app-page.runtime.prod.js:12:135349)
    at listOnTimeout (node:internal/timers:605:17) {
  digest: '2151575143'
}

Error occurred prerendering page "/locations/al-ahsa/manufacturing". Read more: https://nextjs.org/docs/messages/prerender-error

TypeError: Cannot read properties of undefined (reading 'toLowerCase')
    at b (/Users/ahmedsalem/Desktop/all my projects/uneom.com/.next/server/app/locations/[city]/[industry]/page.js:1:4337)
    at eh (/Users/ahmedsalem/Desktop/all my projects/uneom.com/node_modules/next/dist/compiled/next-server/app-page.runtime.prod.js:12:134660)
    at e (/Users/ahmedsalem/Desktop/all my projects/uneom.com/node_modules/next/dist/compiled/next-server/app-page.runtime.prod.js:12:137545)
    at ek (/Users/ahmedsalem/Desktop/all my projects/uneom.com/node_modules/next/dist/compiled/next-server/app-page.runtime.prod.js:12:138019)
    at Array.toJSON (/Users/ahmedsalem/Desktop/all my projects/uneom.com/node_modules/next/dist/compiled/next-server/app-page.runtime.prod.js:12:135629)
    at stringify (<anonymous>)
    at eP (/Users/ahmedsalem/Desktop/all my projects/uneom.com/node_modules/next/dist/compiled/next-server/app-page.runtime.prod.js:12:142093)
    at eE (/Users/ahmedsalem/Desktop/all my projects/uneom.com/node_modules/next/dist/compiled/next-server/app-page.runtime.prod.js:12:142572)
    at AsyncLocalStorage.run (node:internal/async_local_storage/async_context_frame:63:14)
    at Timeout._onTimeout (/Users/ahmedsalem/Desktop/all my projects/uneom.com/node_modules/next/dist/compiled/next-server/app-page.runtime.prod.js:12:150373)
TypeError: Cannot read properties of undefined (reading 'toLowerCase')
    at b (/Users/ahmedsalem/Desktop/all my projects/uneom.com/.next/server/app/locations/[city]/[industry]/page.js:1:4337)
    at eh (/Users/ahmedsalem/Desktop/all my projects/uneom.com/node_modules/next/dist/compiled/next-server/app-page.runtime.prod.js:12:134660)
    at e (/Users/ahmedsalem/Desktop/all my projects/uneom.com/node_modules/next/dist/compiled/next-server/app-page.runtime.prod.js:12:137545)
    at ek (/Users/ahmedsalem/Desktop/all my projects/uneom.com/node_modules/next/dist/compiled/next-server/app-page.runtime.prod.js:12:138019)
    at Array.toJSON (/Users/ahmedsalem/Desktop/all my projects/uneom.com/node_modules/next/dist/compiled/next-server/app-page.runtime.prod.js:12:135629)
    at stringify (<anonymous>)
    at eP (/Users/ahmedsalem/Desktop/all my projects/uneom.com/node_modules/next/dist/compiled/next-server/app-page.runtime.prod.js:12:142093)
    at eE (/Users/ahmedsalem/Desktop/all my projects/uneom.com/node_modules/next/dist/compiled/next-server/app-page.runtime.prod.js:12:142572)
    at Timeout._onTimeout (/Users/ahmedsalem/Desktop/all my projects/uneom.com/node_modules/next/dist/compiled/next-server/app-page.runtime.prod.js:12:135349)
    at listOnTimeout (node:internal/timers:605:17) {
  digest: '2151575143'
}
TypeError: Cannot read properties of undefined (reading 'toLowerCase')
    at b (/Users/ahmedsalem/Desktop/all my projects/uneom.com/.next/server/app/locations/[city]/[industry]/page.js:1:4337)
    at eh (/Users/ahmedsalem/Desktop/all my projects/uneom.com/node_modules/next/dist/compiled/next-server/app-page.runtime.prod.js:12:134660)
    at e (/Users/ahmedsalem/Desktop/all my projects/uneom.com/node_modules/next/dist/compiled/next-server/app-page.runtime.prod.js:12:137545)
    at ek (/Users/ahmedsalem/Desktop/all my projects/uneom.com/node_modules/next/dist/compiled/next-server/app-page.runtime.prod.js:12:138019)
    at Array.toJSON (/Users/ahmedsalem/Desktop/all my projects/uneom.com/node_modules/next/dist/compiled/next-server/app-page.runtime.prod.js:12:135629)
    at stringify (<anonymous>)
    at eP (/Users/ahmedsalem/Desktop/all my projects/uneom.com/node_modules/next/dist/compiled/next-server/app-page.runtime.prod.js:12:142093)
    at eE (/Users/ahmedsalem/Desktop/all my projects/uneom.com/node_modules/next/dist/compiled/next-server/app-page.runtime.prod.js:12:142572)
    at Timeout._onTimeout (/Users/ahmedsalem/Desktop/all my projects/uneom.com/node_modules/next/dist/compiled/next-server/app-page.runtime.prod.js:12:135349)
    at listOnTimeout (node:internal/timers:605:17) {
  digest: '2151575143'
}

Error occurred prerendering page "/locations/al-ahsa/security". Read more: https://nextjs.org/docs/messages/prerender-error

TypeError: Cannot read properties of undefined (reading 'toLowerCase')
    at b (/Users/ahmedsalem/Desktop/all my projects/uneom.com/.next/server/app/locations/[city]/[industry]/page.js:1:4337)
    at eh (/Users/ahmedsalem/Desktop/all my projects/uneom.com/node_modules/next/dist/compiled/next-server/app-page.runtime.prod.js:12:134660)
    at e (/Users/ahmedsalem/Desktop/all my projects/uneom.com/node_modules/next/dist/compiled/next-server/app-page.runtime.prod.js:12:137545)
    at ek (/Users/ahmedsalem/Desktop/all my projects/uneom.com/node_modules/next/dist/compiled/next-server/app-page.runtime.prod.js:12:138019)
    at Array.toJSON (/Users/ahmedsalem/Desktop/all my projects/uneom.com/node_modules/next/dist/compiled/next-server/app-page.runtime.prod.js:12:135629)
    at stringify (<anonymous>)
    at eP (/Users/ahmedsalem/Desktop/all my projects/uneom.com/node_modules/next/dist/compiled/next-server/app-page.runtime.prod.js:12:142093)
    at eE (/Users/ahmedsalem/Desktop/all my projects/uneom.com/node_modules/next/dist/compiled/next-server/app-page.runtime.prod.js:12:142572)
    at AsyncLocalStorage.run (node:internal/async_local_storage/async_context_frame:63:14)
    at Timeout._onTimeout (/Users/ahmedsalem/Desktop/all my projects/uneom.com/node_modules/next/dist/compiled/next-server/app-page.runtime.prod.js:12:150373)
TypeError: Cannot read properties of undefined (reading 'toLowerCase')
    at Module.y (/Users/ahmedsalem/Desktop/all my projects/uneom.com/.next/server/app/locations/[city]/[industry]/page.js:1:2657)
    at /Users/ahmedsalem/Desktop/all my projects/uneom.com/node_modules/next/dist/compiled/next-server/app-page.runtime.prod.js:12:227525
    at /Users/ahmedsalem/Desktop/all my projects/uneom.com/node_modules/next/dist/server/lib/trace/tracer.js:140:36
    at NoopContextManager.with (/Users/ahmedsalem/Desktop/all my projects/uneom.com/node_modules/next/dist/compiled/@opentelemetry/api/index.js:1:7062)
    at ContextAPI.with (/Users/ahmedsalem/Desktop/all my projects/uneom.com/node_modules/next/dist/compiled/@opentelemetry/api/index.js:1:518)
    at NoopTracer.startActiveSpan (/Users/ahmedsalem/Desktop/all my projects/uneom.com/node_modules/next/dist/compiled/@opentelemetry/api/index.js:1:18093)
    at ProxyTracer.startActiveSpan (/Users/ahmedsalem/Desktop/all my projects/uneom.com/node_modules/next/dist/compiled/@opentelemetry/api/index.js:1:18854)
    at /Users/ahmedsalem/Desktop/all my projects/uneom.com/node_modules/next/dist/server/lib/trace/tracer.js:122:103
    at NoopContextManager.with (/Users/ahmedsalem/Desktop/all my projects/uneom.com/node_modules/next/dist/compiled/@opentelemetry/api/index.js:1:7062)
    at ContextAPI.with (/Users/ahmedsalem/Desktop/all my projects/uneom.com/node_modules/next/dist/compiled/@opentelemetry/api/index.js:1:518) {
  digest: '2592674761'
}
TypeError: Cannot read properties of undefined (reading 'toLowerCase')
    at Module.y (/Users/ahmedsalem/Desktop/all my projects/uneom.com/.next/server/app/locations/[city]/[industry]/page.js:1:2657)
    at /Users/ahmedsalem/Desktop/all my projects/uneom.com/node_modules/next/dist/compiled/next-server/app-page.runtime.prod.js:12:227525
    at /Users/ahmedsalem/Desktop/all my projects/uneom.com/node_modules/next/dist/server/lib/trace/tracer.js:140:36
    at NoopContextManager.with (/Users/ahmedsalem/Desktop/all my projects/uneom.com/node_modules/next/dist/compiled/@opentelemetry/api/index.js:1:7062)
    at ContextAPI.with (/Users/ahmedsalem/Desktop/all my projects/uneom.com/node_modules/next/dist/compiled/@opentelemetry/api/index.js:1:518)
    at NoopTracer.startActiveSpan (/Users/ahmedsalem/Desktop/all my projects/uneom.com/node_modules/next/dist/compiled/@opentelemetry/api/index.js:1:18093)
    at ProxyTracer.startActiveSpan (/Users/ahmedsalem/Desktop/all my projects/uneom.com/node_modules/next/dist/compiled/@opentelemetry/api/index.js:1:18854)
    at /Users/ahmedsalem/Desktop/all my projects/uneom.com/node_modules/next/dist/server/lib/trace/tracer.js:122:103
    at NoopContextManager.with (/Users/ahmedsalem/Desktop/all my projects/uneom.com/node_modules/next/dist/compiled/@opentelemetry/api/index.js:1:7062)
    at ContextAPI.with (/Users/ahmedsalem/Desktop/all my projects/uneom.com/node_modules/next/dist/compiled/@opentelemetry/api/index.js:1:518) {
  digest: '2592674761'
}
TypeError: Cannot read properties of undefined (reading 'toLowerCase')
    at Module.y (/Users/ahmedsalem/Desktop/all my projects/uneom.com/.next/server/app/locations/[city]/[industry]/page.js:1:2657)
    at /Users/ahmedsalem/Desktop/all my projects/uneom.com/node_modules/next/dist/compiled/next-server/app-page.runtime.prod.js:12:227525
    at /Users/ahmedsalem/Desktop/all my projects/uneom.com/node_modules/next/dist/server/lib/trace/tracer.js:140:36
    at NoopContextManager.with (/Users/ahmedsalem/Desktop/all my projects/uneom.com/node_modules/next/dist/compiled/@opentelemetry/api/index.js:1:7062)
    at ContextAPI.with (/Users/ahmedsalem/Desktop/all my projects/uneom.com/node_modules/next/dist/compiled/@opentelemetry/api/index.js:1:518)
    at NoopTracer.startActiveSpan (/Users/ahmedsalem/Desktop/all my projects/uneom.com/node_modules/next/dist/compiled/@opentelemetry/api/index.js:1:18093)
    at ProxyTracer.startActiveSpan (/Users/ahmedsalem/Desktop/all my projects/uneom.com/node_modules/next/dist/compiled/@opentelemetry/api/index.js:1:18854)
    at /Users/ahmedsalem/Desktop/all my projects/uneom.com/node_modules/next/dist/server/lib/trace/tracer.js:122:103
    at NoopContextManager.with (/Users/ahmedsalem/Desktop/all my projects/uneom.com/node_modules/next/dist/compiled/@opentelemetry/api/index.js:1:7062)
    at ContextAPI.with (/Users/ahmedsalem/Desktop/all my projects/uneom.com/node_modules/next/dist/compiled/@opentelemetry/api/index.js:1:518) {
  digest: '2592674761'
}

Error occurred prerendering page "/locations/al-ahsa/retail-shops". Read more: https://nextjs.org/docs/messages/prerender-error

TypeError: Cannot read properties of undefined (reading 'toLowerCase')
    at b (/Users/ahmedsalem/Desktop/all my projects/uneom.com/.next/server/app/locations/[city]/[industry]/page.js:1:4337)
    at eh (/Users/ahmedsalem/Desktop/all my projects/uneom.com/node_modules/next/dist/compiled/next-server/app-page.runtime.prod.js:12:134660)
    at e (/Users/ahmedsalem/Desktop/all my projects/uneom.com/node_modules/next/dist/compiled/next-server/app-page.runtime.prod.js:12:137545)
    at ek (/Users/ahmedsalem/Desktop/all my projects/uneom.com/node_modules/next/dist/compiled/next-server/app-page.runtime.prod.js:12:138019)
    at Array.toJSON (/Users/ahmedsalem/Desktop/all my projects/uneom.com/node_modules/next/dist/compiled/next-server/app-page.runtime.prod.js:12:135629)
    at stringify (<anonymous>)
    at eP (/Users/ahmedsalem/Desktop/all my projects/uneom.com/node_modules/next/dist/compiled/next-server/app-page.runtime.prod.js:12:142093)
    at eE (/Users/ahmedsalem/Desktop/all my projects/uneom.com/node_modules/next/dist/compiled/next-server/app-page.runtime.prod.js:12:142572)
    at AsyncLocalStorage.run (node:internal/async_local_storage/async_context_frame:63:14)
    at Timeout._onTimeout (/Users/ahmedsalem/Desktop/all my projects/uneom.com/node_modules/next/dist/compiled/next-server/app-page.runtime.prod.js:12:150373)
TypeError: Cannot read properties of undefined (reading 'toLowerCase')
    at Module.y (/Users/ahmedsalem/Desktop/all my projects/uneom.com/.next/server/app/locations/[city]/[industry]/page.js:1:2657)
    at /Users/ahmedsalem/Desktop/all my projects/uneom.com/node_modules/next/dist/compiled/next-server/app-page.runtime.prod.js:12:227525
    at /Users/ahmedsalem/Desktop/all my projects/uneom.com/node_modules/next/dist/server/lib/trace/tracer.js:140:36
    at NoopContextManager.with (/Users/ahmedsalem/Desktop/all my projects/uneom.com/node_modules/next/dist/compiled/@opentelemetry/api/index.js:1:7062)
    at ContextAPI.with (/Users/ahmedsalem/Desktop/all my projects/uneom.com/node_modules/next/dist/compiled/@opentelemetry/api/index.js:1:518)
    at NoopTracer.startActiveSpan (/Users/ahmedsalem/Desktop/all my projects/uneom.com/node_modules/next/dist/compiled/@opentelemetry/api/index.js:1:18093)
    at ProxyTracer.startActiveSpan (/Users/ahmedsalem/Desktop/all my projects/uneom.com/node_modules/next/dist/compiled/@opentelemetry/api/index.js:1:18854)
    at /Users/ahmedsalem/Desktop/all my projects/uneom.com/node_modules/next/dist/server/lib/trace/tracer.js:122:103
    at NoopContextManager.with (/Users/ahmedsalem/Desktop/all my projects/uneom.com/node_modules/next/dist/compiled/@opentelemetry/api/index.js:1:7062)
    at ContextAPI.with (/Users/ahmedsalem/Desktop/all my projects/uneom.com/node_modules/next/dist/compiled/@opentelemetry/api/index.js:1:518) {
  digest: '2592674761'
}
TypeError: Cannot read properties of undefined (reading 'toLowerCase')
    at Module.y (/Users/ahmedsalem/Desktop/all my projects/uneom.com/.next/server/app/locations/[city]/[industry]/page.js:1:2657)
    at /Users/ahmedsalem/Desktop/all my projects/uneom.com/node_modules/next/dist/compiled/next-server/app-page.runtime.prod.js:12:227525
    at /Users/ahmedsalem/Desktop/all my projects/uneom.com/node_modules/next/dist/server/lib/trace/tracer.js:140:36
    at NoopContextManager.with (/Users/ahmedsalem/Desktop/all my projects/uneom.com/node_modules/next/dist/compiled/@opentelemetry/api/index.js:1:7062)
    at ContextAPI.with (/Users/ahmedsalem/Desktop/all my projects/uneom.com/node_modules/next/dist/compiled/@opentelemetry/api/index.js:1:518)
    at NoopTracer.startActiveSpan (/Users/ahmedsalem/Desktop/all my projects/uneom.com/node_modules/next/dist/compiled/@opentelemetry/api/index.js:1:18093)
    at ProxyTracer.startActiveSpan (/Users/ahmedsalem/Desktop/all my projects/uneom.com/node_modules/next/dist/compiled/@opentelemetry/api/index.js:1:18854)
    at /Users/ahmedsalem/Desktop/all my projects/uneom.com/node_modules/next/dist/server/lib/trace/tracer.js:122:103
    at NoopContextManager.with (/Users/ahmedsalem/Desktop/all my projects/uneom.com/node_modules/next/dist/compiled/@opentelemetry/api/index.js:1:7062)
    at ContextAPI.with (/Users/ahmedsalem/Desktop/all my projects/uneom.com/node_modules/next/dist/compiled/@opentelemetry/api/index.js:1:518) {
  digest: '2592674761'
}

Error occurred prerendering page "/locations/al-ahsa/factory-industry". Read more: https://nextjs.org/docs/messages/prerender-error

TypeError: Cannot read properties of undefined (reading 'toLowerCase')
    at b (/Users/ahmedsalem/Desktop/all my projects/uneom.com/.next/server/app/locations/[city]/[industry]/page.js:1:4337)
    at eh (/Users/ahmedsalem/Desktop/all my projects/uneom.com/node_modules/next/dist/compiled/next-server/app-page.runtime.prod.js:12:134660)
    at e (/Users/ahmedsalem/Desktop/all my projects/uneom.com/node_modules/next/dist/compiled/next-server/app-page.runtime.prod.js:12:137545)
    at ek (/Users/ahmedsalem/Desktop/all my projects/uneom.com/node_modules/next/dist/compiled/next-server/app-page.runtime.prod.js:12:138019)
    at Array.toJSON (/Users/ahmedsalem/Desktop/all my projects/uneom.com/node_modules/next/dist/compiled/next-server/app-page.runtime.prod.js:12:135629)
    at stringify (<anonymous>)
    at eP (/Users/ahmedsalem/Desktop/all my projects/uneom.com/node_modules/next/dist/compiled/next-server/app-page.runtime.prod.js:12:142093)
    at eE (/Users/ahmedsalem/Desktop/all my projects/uneom.com/node_modules/next/dist/compiled/next-server/app-page.runtime.prod.js:12:142572)
    at AsyncLocalStorage.run (node:internal/async_local_storage/async_context_frame:63:14)
    at Timeout._onTimeout (/Users/ahmedsalem/Desktop/all my projects/uneom.com/node_modules/next/dist/compiled/next-server/app-page.runtime.prod.js:12:150373)
TypeError: Cannot read properties of undefined (reading 'toLowerCase')
    at Module.y (/Users/ahmedsalem/Desktop/all my projects/uneom.com/.next/server/app/locations/[city]/[industry]/page.js:1:2657)
    at /Users/ahmedsalem/Desktop/all my projects/uneom.com/node_modules/next/dist/compiled/next-server/app-page.runtime.prod.js:12:227525
    at /Users/ahmedsalem/Desktop/all my projects/uneom.com/node_modules/next/dist/server/lib/trace/tracer.js:140:36
    at NoopContextManager.with (/Users/ahmedsalem/Desktop/all my projects/uneom.com/node_modules/next/dist/compiled/@opentelemetry/api/index.js:1:7062)
    at ContextAPI.with (/Users/ahmedsalem/Desktop/all my projects/uneom.com/node_modules/next/dist/compiled/@opentelemetry/api/index.js:1:518)
    at NoopTracer.startActiveSpan (/Users/ahmedsalem/Desktop/all my projects/uneom.com/node_modules/next/dist/compiled/@opentelemetry/api/index.js:1:18093)
    at ProxyTracer.startActiveSpan (/Users/ahmedsalem/Desktop/all my projects/uneom.com/node_modules/next/dist/compiled/@opentelemetry/api/index.js:1:18854)
    at /Users/ahmedsalem/Desktop/all my projects/uneom.com/node_modules/next/dist/server/lib/trace/tracer.js:122:103
    at NoopContextManager.with (/Users/ahmedsalem/Desktop/all my projects/uneom.com/node_modules/next/dist/compiled/@opentelemetry/api/index.js:1:7062)
    at ContextAPI.with (/Users/ahmedsalem/Desktop/all my projects/uneom.com/node_modules/next/dist/compiled/@opentelemetry/api/index.js:1:518) {
  digest: '2592674761'
}
TypeError: Cannot read properties of undefined (reading 'toLowerCase')
    at b (/Users/ahmedsalem/Desktop/all my projects/uneom.com/.next/server/app/locations/[city]/[industry]/page.js:1:4337)
    at eh (/Users/ahmedsalem/Desktop/all my projects/uneom.com/node_modules/next/dist/compiled/next-server/app-page.runtime.prod.js:12:134660)
    at e (/Users/ahmedsalem/Desktop/all my projects/uneom.com/node_modules/next/dist/compiled/next-server/app-page.runtime.prod.js:12:137545)
    at ek (/Users/ahmedsalem/Desktop/all my projects/uneom.com/node_modules/next/dist/compiled/next-server/app-page.runtime.prod.js:12:138019)
    at Array.toJSON (/Users/ahmedsalem/Desktop/all my projects/uneom.com/node_modules/next/dist/compiled/next-server/app-page.runtime.prod.js:12:135629)
    at stringify (<anonymous>)
    at eP (/Users/ahmedsalem/Desktop/all my projects/uneom.com/node_modules/next/dist/compiled/next-server/app-page.runtime.prod.js:12:142093)
    at eE (/Users/ahmedsalem/Desktop/all my projects/uneom.com/node_modules/next/dist/compiled/next-server/app-page.runtime.prod.js:12:142572)
    at AsyncLocalStorage.run (node:internal/async_local_storage/async_context_frame:63:14)
    at Timeout._onTimeout (/Users/ahmedsalem/Desktop/all my projects/uneom.com/node_modules/next/dist/compiled/next-server/app-page.runtime.prod.js:12:150373) {
  digest: '785353560'
}
TypeError: Cannot read properties of undefined (reading 'toLowerCase')
    at b (/Users/ahmedsalem/Desktop/all my projects/uneom.com/.next/server/app/locations/[city]/[industry]/page.js:1:4337)
    at eh (/Users/ahmedsalem/Desktop/all my projects/uneom.com/node_modules/next/dist/compiled/next-server/app-page.runtime.prod.js:12:134660)
    at e (/Users/ahmedsalem/Desktop/all my projects/uneom.com/node_modules/next/dist/compiled/next-server/app-page.runtime.prod.js:12:137545)
    at ek (/Users/ahmedsalem/Desktop/all my projects/uneom.com/node_modules/next/dist/compiled/next-server/app-page.runtime.prod.js:12:138019)
    at Array.toJSON (/Users/ahmedsalem/Desktop/all my projects/uneom.com/node_modules/next/dist/compiled/next-server/app-page.runtime.prod.js:12:135629)
    at stringify (<anonymous>)
    at eP (/Users/ahmedsalem/Desktop/all my projects/uneom.com/node_modules/next/dist/compiled/next-server/app-page.runtime.prod.js:12:142093)
    at eE (/Users/ahmedsalem/Desktop/all my projects/uneom.com/node_modules/next/dist/compiled/next-server/app-page.runtime.prod.js:12:142572)
    at AsyncLocalStorage.run (node:internal/async_local_storage/async_context_frame:63:14)
    at Timeout._onTimeout (/Users/ahmedsalem/Desktop/all my projects/uneom.com/node_modules/next/dist/compiled/next-server/app-page.runtime.prod.js:12:150373) {
  digest: '785353560'
}
TypeError: Cannot read properties of undefined (reading 'toLowerCase')
    at b (/Users/ahmedsalem/Desktop/all my projects/uneom.com/.next/server/app/locations/[city]/[industry]/page.js:1:4337)
    at eh (/Users/ahmedsalem/Desktop/all my projects/uneom.com/node_modules/next/dist/compiled/next-server/app-page.runtime.prod.js:12:134660)
    at e (/Users/ahmedsalem/Desktop/all my projects/uneom.com/node_modules/next/dist/compiled/next-server/app-page.runtime.prod.js:12:137545)
    at ek (/Users/ahmedsalem/Desktop/all my projects/uneom.com/node_modules/next/dist/compiled/next-server/app-page.runtime.prod.js:12:138019)
    at Array.toJSON (/Users/ahmedsalem/Desktop/all my projects/uneom.com/node_modules/next/dist/compiled/next-server/app-page.runtime.prod.js:12:135629)
    at stringify (<anonymous>)
    at eP (/Users/ahmedsalem/Desktop/all my projects/uneom.com/node_modules/next/dist/compiled/next-server/app-page.runtime.prod.js:12:142093)
    at eE (/Users/ahmedsalem/Desktop/all my projects/uneom.com/node_modules/next/dist/compiled/next-server/app-page.runtime.prod.js:12:142572)
    at AsyncLocalStorage.run (node:internal/async_local_storage/async_context_frame:63:14)
    at Timeout._onTimeout (/Users/ahmedsalem/Desktop/all my projects/uneom.com/node_modules/next/dist/compiled/next-server/app-page.runtime.prod.js:12:150373) {
  digest: '785353560'
}
TypeError: Cannot read properties of undefined (reading 'toLowerCase')
    at b (/Users/ahmedsalem/Desktop/all my projects/uneom.com/.next/server/app/locations/[city]/[industry]/page.js:1:4337)
    at eh (/Users/ahmedsalem/Desktop/all my projects/uneom.com/node_modules/next/dist/compiled/next-server/app-page.runtime.prod.js:12:134660)
    at e (/Users/ahmedsalem/Desktop/all my projects/uneom.com/node_modules/next/dist/compiled/next-server/app-page.runtime.prod.js:12:137545)
    at ek (/Users/ahmedsalem/Desktop/all my projects/uneom.com/node_modules/next/dist/compiled/next-server/app-page.runtime.prod.js:12:138019)
    at Array.toJSON (/Users/ahmedsalem/Desktop/all my projects/uneom.com/node_modules/next/dist/compiled/next-server/app-page.runtime.prod.js:12:135629)
    at stringify (<anonymous>)
    at eP (/Users/ahmedsalem/Desktop/all my projects/uneom.com/node_modules/next/dist/compiled/next-server/app-page.runtime.prod.js:12:142093)
    at eE (/Users/ahmedsalem/Desktop/all my projects/uneom.com/node_modules/next/dist/compiled/next-server/app-page.runtime.prod.js:12:142572)
    at Timeout._onTimeout (/Users/ahmedsalem/Desktop/all my projects/uneom.com/node_modules/next/dist/compiled/next-server/app-page.runtime.prod.js:12:135349)
    at listOnTimeout (node:internal/timers:605:17) {
  digest: '2151575143'
}
TypeError: Cannot read properties of undefined (reading 'toLowerCase')
    at b (/Users/ahmedsalem/Desktop/all my projects/uneom.com/.next/server/app/locations/[city]/[industry]/page.js:1:4337)
    at eh (/Users/ahmedsalem/Desktop/all my projects/uneom.com/node_modules/next/dist/compiled/next-server/app-page.runtime.prod.js:12:134660)
    at e (/Users/ahmedsalem/Desktop/all my projects/uneom.com/node_modules/next/dist/compiled/next-server/app-page.runtime.prod.js:12:137545)
    at ek (/Users/ahmedsalem/Desktop/all my projects/uneom.com/node_modules/next/dist/compiled/next-server/app-page.runtime.prod.js:12:138019)
    at Array.toJSON (/Users/ahmedsalem/Desktop/all my projects/uneom.com/node_modules/next/dist/compiled/next-server/app-page.runtime.prod.js:12:135629)
    at stringify (<anonymous>)
    at eP (/Users/ahmedsalem/Desktop/all my projects/uneom.com/node_modules/next/dist/compiled/next-server/app-page.runtime.prod.js:12:142093)
    at eE (/Users/ahmedsalem/Desktop/all my projects/uneom.com/node_modules/next/dist/compiled/next-server/app-page.runtime.prod.js:12:142572)
    at Timeout._onTimeout (/Users/ahmedsalem/Desktop/all my projects/uneom.com/node_modules/next/dist/compiled/next-server/app-page.runtime.prod.js:12:135349)
    at listOnTimeout (node:internal/timers:605:17) {
  digest: '2151575143'
}

Error occurred prerendering page "/locations/khamis-mushait/hospitality". Read more: https://nextjs.org/docs/messages/prerender-error

TypeError: Cannot read properties of undefined (reading 'toLowerCase')
    at b (/Users/ahmedsalem/Desktop/all my projects/uneom.com/.next/server/app/locations/[city]/[industry]/page.js:1:4337)
    at eh (/Users/ahmedsalem/Desktop/all my projects/uneom.com/node_modules/next/dist/compiled/next-server/app-page.runtime.prod.js:12:134660)
    at e (/Users/ahmedsalem/Desktop/all my projects/uneom.com/node_modules/next/dist/compiled/next-server/app-page.runtime.prod.js:12:137545)
    at ek (/Users/ahmedsalem/Desktop/all my projects/uneom.com/node_modules/next/dist/compiled/next-server/app-page.runtime.prod.js:12:138019)
    at Array.toJSON (/Users/ahmedsalem/Desktop/all my projects/uneom.com/node_modules/next/dist/compiled/next-server/app-page.runtime.prod.js:12:135629)
    at stringify (<anonymous>)
    at eP (/Users/ahmedsalem/Desktop/all my projects/uneom.com/node_modules/next/dist/compiled/next-server/app-page.runtime.prod.js:12:142093)
    at eE (/Users/ahmedsalem/Desktop/all my projects/uneom.com/node_modules/next/dist/compiled/next-server/app-page.runtime.prod.js:12:142572)
    at AsyncLocalStorage.run (node:internal/async_local_storage/async_context_frame:63:14)
    at Timeout._onTimeout (/Users/ahmedsalem/Desktop/all my projects/uneom.com/node_modules/next/dist/compiled/next-server/app-page.runtime.prod.js:12:150373)
TypeError: Cannot read properties of undefined (reading 'toLowerCase')
    at b (/Users/ahmedsalem/Desktop/all my projects/uneom.com/.next/server/app/locations/[city]/[industry]/page.js:1:4337)
    at eh (/Users/ahmedsalem/Desktop/all my projects/uneom.com/node_modules/next/dist/compiled/next-server/app-page.runtime.prod.js:12:134660)
    at e (/Users/ahmedsalem/Desktop/all my projects/uneom.com/node_modules/next/dist/compiled/next-server/app-page.runtime.prod.js:12:137545)
    at ek (/Users/ahmedsalem/Desktop/all my projects/uneom.com/node_modules/next/dist/compiled/next-server/app-page.runtime.prod.js:12:138019)
    at Array.toJSON (/Users/ahmedsalem/Desktop/all my projects/uneom.com/node_modules/next/dist/compiled/next-server/app-page.runtime.prod.js:12:135629)
    at stringify (<anonymous>)
    at eP (/Users/ahmedsalem/Desktop/all my projects/uneom.com/node_modules/next/dist/compiled/next-server/app-page.runtime.prod.js:12:142093)
    at eE (/Users/ahmedsalem/Desktop/all my projects/uneom.com/node_modules/next/dist/compiled/next-server/app-page.runtime.prod.js:12:142572)
    at Timeout._onTimeout (/Users/ahmedsalem/Desktop/all my projects/uneom.com/node_modules/next/dist/compiled/next-server/app-page.runtime.prod.js:12:135349)
    at listOnTimeout (node:internal/timers:605:17) {
  digest: '2151575143'
}
TypeError: Cannot read properties of undefined (reading 'toLowerCase')
    at b (/Users/ahmedsalem/Desktop/all my projects/uneom.com/.next/server/app/locations/[city]/[industry]/page.js:1:4337)
    at eh (/Users/ahmedsalem/Desktop/all my projects/uneom.com/node_modules/next/dist/compiled/next-server/app-page.runtime.prod.js:12:134660)
    at e (/Users/ahmedsalem/Desktop/all my projects/uneom.com/node_modules/next/dist/compiled/next-server/app-page.runtime.prod.js:12:137545)
    at ek (/Users/ahmedsalem/Desktop/all my projects/uneom.com/node_modules/next/dist/compiled/next-server/app-page.runtime.prod.js:12:138019)
    at Array.toJSON (/Users/ahmedsalem/Desktop/all my projects/uneom.com/node_modules/next/dist/compiled/next-server/app-page.runtime.prod.js:12:135629)
    at stringify (<anonymous>)
    at eP (/Users/ahmedsalem/Desktop/all my projects/uneom.com/node_modules/next/dist/compiled/next-server/app-page.runtime.prod.js:12:142093)
    at eE (/Users/ahmedsalem/Desktop/all my projects/uneom.com/node_modules/next/dist/compiled/next-server/app-page.runtime.prod.js:12:142572)
    at AsyncLocalStorage.run (node:internal/async_local_storage/async_context_frame:63:14)
    at Timeout._onTimeout (/Users/ahmedsalem/Desktop/all my projects/uneom.com/node_modules/next/dist/compiled/next-server/app-page.runtime.prod.js:12:150373) {
  digest: '785353560'
}
TypeError: Cannot read properties of undefined (reading 'toLowerCase')
    at Module.y (/Users/ahmedsalem/Desktop/all my projects/uneom.com/.next/server/app/locations/[city]/[industry]/page.js:1:2657)
    at /Users/ahmedsalem/Desktop/all my projects/uneom.com/node_modules/next/dist/compiled/next-server/app-page.runtime.prod.js:12:227525
    at /Users/ahmedsalem/Desktop/all my projects/uneom.com/node_modules/next/dist/server/lib/trace/tracer.js:140:36
    at NoopContextManager.with (/Users/ahmedsalem/Desktop/all my projects/uneom.com/node_modules/next/dist/compiled/@opentelemetry/api/index.js:1:7062)
    at ContextAPI.with (/Users/ahmedsalem/Desktop/all my projects/uneom.com/node_modules/next/dist/compiled/@opentelemetry/api/index.js:1:518)
    at NoopTracer.startActiveSpan (/Users/ahmedsalem/Desktop/all my projects/uneom.com/node_modules/next/dist/compiled/@opentelemetry/api/index.js:1:18093)
    at ProxyTracer.startActiveSpan (/Users/ahmedsalem/Desktop/all my projects/uneom.com/node_modules/next/dist/compiled/@opentelemetry/api/index.js:1:18854)
    at /Users/ahmedsalem/Desktop/all my projects/uneom.com/node_modules/next/dist/server/lib/trace/tracer.js:122:103
    at NoopContextManager.with (/Users/ahmedsalem/Desktop/all my projects/uneom.com/node_modules/next/dist/compiled/@opentelemetry/api/index.js:1:7062)
    at ContextAPI.with (/Users/ahmedsalem/Desktop/all my projects/uneom.com/node_modules/next/dist/compiled/@opentelemetry/api/index.js:1:518) {
  digest: '2592674761'
}

Error occurred prerendering page "/locations/khamis-mushait/healthcare". Read more: https://nextjs.org/docs/messages/prerender-error

TypeError: Cannot read properties of undefined (reading 'toLowerCase')
    at b (/Users/ahmedsalem/Desktop/all my projects/uneom.com/.next/server/app/locations/[city]/[industry]/page.js:1:4337)
    at eh (/Users/ahmedsalem/Desktop/all my projects/uneom.com/node_modules/next/dist/compiled/next-server/app-page.runtime.prod.js:12:134660)
    at e (/Users/ahmedsalem/Desktop/all my projects/uneom.com/node_modules/next/dist/compiled/next-server/app-page.runtime.prod.js:12:137545)
    at ek (/Users/ahmedsalem/Desktop/all my projects/uneom.com/node_modules/next/dist/compiled/next-server/app-page.runtime.prod.js:12:138019)
    at Array.toJSON (/Users/ahmedsalem/Desktop/all my projects/uneom.com/node_modules/next/dist/compiled/next-server/app-page.runtime.prod.js:12:135629)
    at stringify (<anonymous>)
    at eP (/Users/ahmedsalem/Desktop/all my projects/uneom.com/node_modules/next/dist/compiled/next-server/app-page.runtime.prod.js:12:142093)
    at eE (/Users/ahmedsalem/Desktop/all my projects/uneom.com/node_modules/next/dist/compiled/next-server/app-page.runtime.prod.js:12:142572)
    at AsyncLocalStorage.run (node:internal/async_local_storage/async_context_frame:63:14)
    at Timeout._onTimeout (/Users/ahmedsalem/Desktop/all my projects/uneom.com/node_modules/next/dist/compiled/next-server/app-page.runtime.prod.js:12:150373)
TypeError: Cannot read properties of undefined (reading 'toLowerCase')
    at Module.y (/Users/ahmedsalem/Desktop/all my projects/uneom.com/.next/server/app/locations/[city]/[industry]/page.js:1:2657)
    at /Users/ahmedsalem/Desktop/all my projects/uneom.com/node_modules/next/dist/compiled/next-server/app-page.runtime.prod.js:12:227525
    at /Users/ahmedsalem/Desktop/all my projects/uneom.com/node_modules/next/dist/server/lib/trace/tracer.js:140:36
    at NoopContextManager.with (/Users/ahmedsalem/Desktop/all my projects/uneom.com/node_modules/next/dist/compiled/@opentelemetry/api/index.js:1:7062)
    at ContextAPI.with (/Users/ahmedsalem/Desktop/all my projects/uneom.com/node_modules/next/dist/compiled/@opentelemetry/api/index.js:1:518)
    at NoopTracer.startActiveSpan (/Users/ahmedsalem/Desktop/all my projects/uneom.com/node_modules/next/dist/compiled/@opentelemetry/api/index.js:1:18093)
    at ProxyTracer.startActiveSpan (/Users/ahmedsalem/Desktop/all my projects/uneom.com/node_modules/next/dist/compiled/@opentelemetry/api/index.js:1:18854)
    at /Users/ahmedsalem/Desktop/all my projects/uneom.com/node_modules/next/dist/server/lib/trace/tracer.js:122:103
    at NoopContextManager.with (/Users/ahmedsalem/Desktop/all my projects/uneom.com/node_modules/next/dist/compiled/@opentelemetry/api/index.js:1:7062)
    at ContextAPI.with (/Users/ahmedsalem/Desktop/all my projects/uneom.com/node_modules/next/dist/compiled/@opentelemetry/api/index.js:1:518) {
  digest: '2592674761'
}
TypeError: Cannot read properties of undefined (reading 'toLowerCase')
    at Module.y (/Users/ahmedsalem/Desktop/all my projects/uneom.com/.next/server/app/locations/[city]/[industry]/page.js:1:2657)
    at /Users/ahmedsalem/Desktop/all my projects/uneom.com/node_modules/next/dist/compiled/next-server/app-page.runtime.prod.js:12:227525
    at /Users/ahmedsalem/Desktop/all my projects/uneom.com/node_modules/next/dist/server/lib/trace/tracer.js:140:36
    at NoopContextManager.with (/Users/ahmedsalem/Desktop/all my projects/uneom.com/node_modules/next/dist/compiled/@opentelemetry/api/index.js:1:7062)
    at ContextAPI.with (/Users/ahmedsalem/Desktop/all my projects/uneom.com/node_modules/next/dist/compiled/@opentelemetry/api/index.js:1:518)
    at NoopTracer.startActiveSpan (/Users/ahmedsalem/Desktop/all my projects/uneom.com/node_modules/next/dist/compiled/@opentelemetry/api/index.js:1:18093)
    at ProxyTracer.startActiveSpan (/Users/ahmedsalem/Desktop/all my projects/uneom.com/node_modules/next/dist/compiled/@opentelemetry/api/index.js:1:18854)
    at /Users/ahmedsalem/Desktop/all my projects/uneom.com/node_modules/next/dist/server/lib/trace/tracer.js:122:103
    at NoopContextManager.with (/Users/ahmedsalem/Desktop/all my projects/uneom.com/node_modules/next/dist/compiled/@opentelemetry/api/index.js:1:7062)
    at ContextAPI.with (/Users/ahmedsalem/Desktop/all my projects/uneom.com/node_modules/next/dist/compiled/@opentelemetry/api/index.js:1:518) {
  digest: '2592674761'
}
TypeError: Cannot read properties of undefined (reading 'toLowerCase')
    at b (/Users/ahmedsalem/Desktop/all my projects/uneom.com/.next/server/app/locations/[city]/[industry]/page.js:1:4337)
    at eh (/Users/ahmedsalem/Desktop/all my projects/uneom.com/node_modules/next/dist/compiled/next-server/app-page.runtime.prod.js:12:134660)
    at e (/Users/ahmedsalem/Desktop/all my projects/uneom.com/node_modules/next/dist/compiled/next-server/app-page.runtime.prod.js:12:137545)
    at ek (/Users/ahmedsalem/Desktop/all my projects/uneom.com/node_modules/next/dist/compiled/next-server/app-page.runtime.prod.js:12:138019)
    at Array.toJSON (/Users/ahmedsalem/Desktop/all my projects/uneom.com/node_modules/next/dist/compiled/next-server/app-page.runtime.prod.js:12:135629)
    at stringify (<anonymous>)
    at eP (/Users/ahmedsalem/Desktop/all my projects/uneom.com/node_modules/next/dist/compiled/next-server/app-page.runtime.prod.js:12:142093)
    at eE (/Users/ahmedsalem/Desktop/all my projects/uneom.com/node_modules/next/dist/compiled/next-server/app-page.runtime.prod.js:12:142572)
    at Timeout._onTimeout (/Users/ahmedsalem/Desktop/all my projects/uneom.com/node_modules/next/dist/compiled/next-server/app-page.runtime.prod.js:12:135349)
    at listOnTimeout (node:internal/timers:605:17) {
  digest: '2151575143'
}
TypeError: Cannot read properties of undefined (reading 'toLowerCase')
    at Module.y (/Users/ahmedsalem/Desktop/all my projects/uneom.com/.next/server/app/locations/[city]/[industry]/page.js:1:2657)
    at /Users/ahmedsalem/Desktop/all my projects/uneom.com/node_modules/next/dist/compiled/next-server/app-page.runtime.prod.js:12:227525
    at /Users/ahmedsalem/Desktop/all my projects/uneom.com/node_modules/next/dist/server/lib/trace/tracer.js:140:36
    at NoopContextManager.with (/Users/ahmedsalem/Desktop/all my projects/uneom.com/node_modules/next/dist/compiled/@opentelemetry/api/index.js:1:7062)
    at ContextAPI.with (/Users/ahmedsalem/Desktop/all my projects/uneom.com/node_modules/next/dist/compiled/@opentelemetry/api/index.js:1:518)
    at NoopTracer.startActiveSpan (/Users/ahmedsalem/Desktop/all my projects/uneom.com/node_modules/next/dist/compiled/@opentelemetry/api/index.js:1:18093)
    at ProxyTracer.startActiveSpan (/Users/ahmedsalem/Desktop/all my projects/uneom.com/node_modules/next/dist/compiled/@opentelemetry/api/index.js:1:18854)
    at /Users/ahmedsalem/Desktop/all my projects/uneom.com/node_modules/next/dist/server/lib/trace/tracer.js:122:103
    at NoopContextManager.with (/Users/ahmedsalem/Desktop/all my projects/uneom.com/node_modules/next/dist/compiled/@opentelemetry/api/index.js:1:7062)
    at ContextAPI.with (/Users/ahmedsalem/Desktop/all my projects/uneom.com/node_modules/next/dist/compiled/@opentelemetry/api/index.js:1:518) {
  digest: '2592674761'
}
TypeError: Cannot read properties of undefined (reading 'toLowerCase')
    at Module.y (/Users/ahmedsalem/Desktop/all my projects/uneom.com/.next/server/app/locations/[city]/[industry]/page.js:1:2657)
    at /Users/ahmedsalem/Desktop/all my projects/uneom.com/node_modules/next/dist/compiled/next-server/app-page.runtime.prod.js:12:227525
    at /Users/ahmedsalem/Desktop/all my projects/uneom.com/node_modules/next/dist/server/lib/trace/tracer.js:140:36
    at NoopContextManager.with (/Users/ahmedsalem/Desktop/all my projects/uneom.com/node_modules/next/dist/compiled/@opentelemetry/api/index.js:1:7062)
    at ContextAPI.with (/Users/ahmedsalem/Desktop/all my projects/uneom.com/node_modules/next/dist/compiled/@opentelemetry/api/index.js:1:518)
    at NoopTracer.startActiveSpan (/Users/ahmedsalem/Desktop/all my projects/uneom.com/node_modules/next/dist/compiled/@opentelemetry/api/index.js:1:18093)
    at ProxyTracer.startActiveSpan (/Users/ahmedsalem/Desktop/all my projects/uneom.com/node_modules/next/dist/compiled/@opentelemetry/api/index.js:1:18854)
    at /Users/ahmedsalem/Desktop/all my projects/uneom.com/node_modules/next/dist/server/lib/trace/tracer.js:122:103
    at NoopContextManager.with (/Users/ahmedsalem/Desktop/all my projects/uneom.com/node_modules/next/dist/compiled/@opentelemetry/api/index.js:1:7062)
    at ContextAPI.with (/Users/ahmedsalem/Desktop/all my projects/uneom.com/node_modules/next/dist/compiled/@opentelemetry/api/index.js:1:518) {
  digest: '2592674761'
}
TypeError: Cannot read properties of undefined (reading 'toLowerCase')
    at Module.y (/Users/ahmedsalem/Desktop/all my projects/uneom.com/.next/server/app/locations/[city]/[industry]/page.js:1:2657)
    at /Users/ahmedsalem/Desktop/all my projects/uneom.com/node_modules/next/dist/compiled/next-server/app-page.runtime.prod.js:12:227525
    at /Users/ahmedsalem/Desktop/all my projects/uneom.com/node_modules/next/dist/server/lib/trace/tracer.js:140:36
    at NoopContextManager.with (/Users/ahmedsalem/Desktop/all my projects/uneom.com/node_modules/next/dist/compiled/@opentelemetry/api/index.js:1:7062)
    at ContextAPI.with (/Users/ahmedsalem/Desktop/all my projects/uneom.com/node_modules/next/dist/compiled/@opentelemetry/api/index.js:1:518)
    at NoopTracer.startActiveSpan (/Users/ahmedsalem/Desktop/all my projects/uneom.com/node_modules/next/dist/compiled/@opentelemetry/api/index.js:1:18093)
    at ProxyTracer.startActiveSpan (/Users/ahmedsalem/Desktop/all my projects/uneom.com/node_modules/next/dist/compiled/@opentelemetry/api/index.js:1:18854)
    at /Users/ahmedsalem/Desktop/all my projects/uneom.com/node_modules/next/dist/server/lib/trace/tracer.js:122:103
    at NoopContextManager.with (/Users/ahmedsalem/Desktop/all my projects/uneom.com/node_modules/next/dist/compiled/@opentelemetry/api/index.js:1:7062)
    at ContextAPI.with (/Users/ahmedsalem/Desktop/all my projects/uneom.com/node_modules/next/dist/compiled/@opentelemetry/api/index.js:1:518) {
  digest: '2592674761'
}
TypeError: Cannot read properties of undefined (reading 'toLowerCase')
    at b (/Users/ahmedsalem/Desktop/all my projects/uneom.com/.next/server/app/locations/[city]/[industry]/page.js:1:4337)
    at eh (/Users/ahmedsalem/Desktop/all my projects/uneom.com/node_modules/next/dist/compiled/next-server/app-page.runtime.prod.js:12:134660)
    at e (/Users/ahmedsalem/Desktop/all my projects/uneom.com/node_modules/next/dist/compiled/next-server/app-page.runtime.prod.js:12:137545)
    at ek (/Users/ahmedsalem/Desktop/all my projects/uneom.com/node_modules/next/dist/compiled/next-server/app-page.runtime.prod.js:12:138019)
    at Array.toJSON (/Users/ahmedsalem/Desktop/all my projects/uneom.com/node_modules/next/dist/compiled/next-server/app-page.runtime.prod.js:12:135629)
    at stringify (<anonymous>)
    at eP (/Users/ahmedsalem/Desktop/all my projects/uneom.com/node_modules/next/dist/compiled/next-server/app-page.runtime.prod.js:12:142093)
    at eE (/Users/ahmedsalem/Desktop/all my projects/uneom.com/node_modules/next/dist/compiled/next-server/app-page.runtime.prod.js:12:142572)
    at AsyncLocalStorage.run (node:internal/async_local_storage/async_context_frame:63:14)
    at Timeout._onTimeout (/Users/ahmedsalem/Desktop/all my projects/uneom.com/node_modules/next/dist/compiled/next-server/app-page.runtime.prod.js:12:150373) {
  digest: '785353560'
}
TypeError: Cannot read properties of undefined (reading 'toLowerCase')
    at Module.y (/Users/ahmedsalem/Desktop/all my projects/uneom.com/.next/server/app/locations/[city]/[industry]/page.js:1:2657)
    at /Users/ahmedsalem/Desktop/all my projects/uneom.com/node_modules/next/dist/compiled/next-server/app-page.runtime.prod.js:12:227525
    at /Users/ahmedsalem/Desktop/all my projects/uneom.com/node_modules/next/dist/server/lib/trace/tracer.js:140:36
    at NoopContextManager.with (/Users/ahmedsalem/Desktop/all my projects/uneom.com/node_modules/next/dist/compiled/@opentelemetry/api/index.js:1:7062)
    at ContextAPI.with (/Users/ahmedsalem/Desktop/all my projects/uneom.com/node_modules/next/dist/compiled/@opentelemetry/api/index.js:1:518)
    at NoopTracer.startActiveSpan (/Users/ahmedsalem/Desktop/all my projects/uneom.com/node_modules/next/dist/compiled/@opentelemetry/api/index.js:1:18093)
    at ProxyTracer.startActiveSpan (/Users/ahmedsalem/Desktop/all my projects/uneom.com/node_modules/next/dist/compiled/@opentelemetry/api/index.js:1:18854)
    at /Users/ahmedsalem/Desktop/all my projects/uneom.com/node_modules/next/dist/server/lib/trace/tracer.js:122:103
    at NoopContextManager.with (/Users/ahmedsalem/Desktop/all my projects/uneom.com/node_modules/next/dist/compiled/@opentelemetry/api/index.js:1:7062)
    at ContextAPI.with (/Users/ahmedsalem/Desktop/all my projects/uneom.com/node_modules/next/dist/compiled/@opentelemetry/api/index.js:1:518) {
  digest: '2592674761'
}
TypeError: Cannot read properties of undefined (reading 'toLowerCase')
    at Module.y (/Users/ahmedsalem/Desktop/all my projects/uneom.com/.next/server/app/locations/[city]/[industry]/page.js:1:2657)
    at /Users/ahmedsalem/Desktop/all my projects/uneom.com/node_modules/next/dist/compiled/next-server/app-page.runtime.prod.js:12:227525
    at /Users/ahmedsalem/Desktop/all my projects/uneom.com/node_modules/next/dist/server/lib/trace/tracer.js:140:36
    at NoopContextManager.with (/Users/ahmedsalem/Desktop/all my projects/uneom.com/node_modules/next/dist/compiled/@opentelemetry/api/index.js:1:7062)
    at ContextAPI.with (/Users/ahmedsalem/Desktop/all my projects/uneom.com/node_modules/next/dist/compiled/@opentelemetry/api/index.js:1:518)
    at NoopTracer.startActiveSpan (/Users/ahmedsalem/Desktop/all my projects/uneom.com/node_modules/next/dist/compiled/@opentelemetry/api/index.js:1:18093)
    at ProxyTracer.startActiveSpan (/Users/ahmedsalem/Desktop/all my projects/uneom.com/node_modules/next/dist/compiled/@opentelemetry/api/index.js:1:18854)
    at /Users/ahmedsalem/Desktop/all my projects/uneom.com/node_modules/next/dist/server/lib/trace/tracer.js:122:103
    at NoopContextManager.with (/Users/ahmedsalem/Desktop/all my projects/uneom.com/node_modules/next/dist/compiled/@opentelemetry/api/index.js:1:7062)
    at ContextAPI.with (/Users/ahmedsalem/Desktop/all my projects/uneom.com/node_modules/next/dist/compiled/@opentelemetry/api/index.js:1:518) {
  digest: '2592674761'
}
TypeError: Cannot read properties of undefined (reading 'toLowerCase')
    at b (/Users/ahmedsalem/Desktop/all my projects/uneom.com/.next/server/app/locations/[city]/[industry]/page.js:1:4337)
    at eh (/Users/ahmedsalem/Desktop/all my projects/uneom.com/node_modules/next/dist/compiled/next-server/app-page.runtime.prod.js:12:134660)
    at e (/Users/ahmedsalem/Desktop/all my projects/uneom.com/node_modules/next/dist/compiled/next-server/app-page.runtime.prod.js:12:137545)
    at ek (/Users/ahmedsalem/Desktop/all my projects/uneom.com/node_modules/next/dist/compiled/next-server/app-page.runtime.prod.js:12:138019)
    at Array.toJSON (/Users/ahmedsalem/Desktop/all my projects/uneom.com/node_modules/next/dist/compiled/next-server/app-page.runtime.prod.js:12:135629)
    at stringify (<anonymous>)
    at eP (/Users/ahmedsalem/Desktop/all my projects/uneom.com/node_modules/next/dist/compiled/next-server/app-page.runtime.prod.js:12:142093)
    at eE (/Users/ahmedsalem/Desktop/all my projects/uneom.com/node_modules/next/dist/compiled/next-server/app-page.runtime.prod.js:12:142572)
    at Timeout._onTimeout (/Users/ahmedsalem/Desktop/all my projects/uneom.com/node_modules/next/dist/compiled/next-server/app-page.runtime.prod.js:12:135349)
    at listOnTimeout (node:internal/timers:605:17) {
  digest: '2151575143'
}
TypeError: Cannot read properties of undefined (reading 'toLowerCase')
    at b (/Users/ahmedsalem/Desktop/all my projects/uneom.com/.next/server/app/locations/[city]/[industry]/page.js:1:4337)
    at eh (/Users/ahmedsalem/Desktop/all my projects/uneom.com/node_modules/next/dist/compiled/next-server/app-page.runtime.prod.js:12:134660)
    at e (/Users/ahmedsalem/Desktop/all my projects/uneom.com/node_modules/next/dist/compiled/next-server/app-page.runtime.prod.js:12:137545)
    at ek (/Users/ahmedsalem/Desktop/all my projects/uneom.com/node_modules/next/dist/compiled/next-server/app-page.runtime.prod.js:12:138019)
    at Array.toJSON (/Users/ahmedsalem/Desktop/all my projects/uneom.com/node_modules/next/dist/compiled/next-server/app-page.runtime.prod.js:12:135629)
    at stringify (<anonymous>)
    at eP (/Users/ahmedsalem/Desktop/all my projects/uneom.com/node_modules/next/dist/compiled/next-server/app-page.runtime.prod.js:12:142093)
    at eE (/Users/ahmedsalem/Desktop/all my projects/uneom.com/node_modules/next/dist/compiled/next-server/app-page.runtime.prod.js:12:142572)
    at AsyncLocalStorage.run (node:internal/async_local_storage/async_context_frame:63:14)
    at Timeout._onTimeout (/Users/ahmedsalem/Desktop/all my projects/uneom.com/node_modules/next/dist/compiled/next-server/app-page.runtime.prod.js:12:150373) {
  digest: '785353560'
}

Error occurred prerendering page "/locations/al-ahsa/supply-manufacturing". Read more: https://nextjs.org/docs/messages/prerender-error

TypeError: Cannot read properties of undefined (reading 'toLowerCase')
    at b (/Users/ahmedsalem/Desktop/all my projects/uneom.com/.next/server/app/locations/[city]/[industry]/page.js:1:4337)
    at eh (/Users/ahmedsalem/Desktop/all my projects/uneom.com/node_modules/next/dist/compiled/next-server/app-page.runtime.prod.js:12:134660)
    at e (/Users/ahmedsalem/Desktop/all my projects/uneom.com/node_modules/next/dist/compiled/next-server/app-page.runtime.prod.js:12:137545)
    at ek (/Users/ahmedsalem/Desktop/all my projects/uneom.com/node_modules/next/dist/compiled/next-server/app-page.runtime.prod.js:12:138019)
    at Array.toJSON (/Users/ahmedsalem/Desktop/all my projects/uneom.com/node_modules/next/dist/compiled/next-server/app-page.runtime.prod.js:12:135629)
    at stringify (<anonymous>)
    at eP (/Users/ahmedsalem/Desktop/all my projects/uneom.com/node_modules/next/dist/compiled/next-server/app-page.runtime.prod.js:12:142093)
    at eE (/Users/ahmedsalem/Desktop/all my projects/uneom.com/node_modules/next/dist/compiled/next-server/app-page.runtime.prod.js:12:142572)
    at AsyncLocalStorage.run (node:internal/async_local_storage/async_context_frame:63:14)
    at Timeout._onTimeout (/Users/ahmedsalem/Desktop/all my projects/uneom.com/node_modules/next/dist/compiled/next-server/app-page.runtime.prod.js:12:150373)

Error occurred prerendering page "/locations/khamis-mushait/education". Read more: https://nextjs.org/docs/messages/prerender-error

TypeError: Cannot read properties of undefined (reading 'toLowerCase')
    at b (/Users/ahmedsalem/Desktop/all my projects/uneom.com/.next/server/app/locations/[city]/[industry]/page.js:1:4337)
    at eh (/Users/ahmedsalem/Desktop/all my projects/uneom.com/node_modules/next/dist/compiled/next-server/app-page.runtime.prod.js:12:134660)
    at e (/Users/ahmedsalem/Desktop/all my projects/uneom.com/node_modules/next/dist/compiled/next-server/app-page.runtime.prod.js:12:137545)
    at ek (/Users/ahmedsalem/Desktop/all my projects/uneom.com/node_modules/next/dist/compiled/next-server/app-page.runtime.prod.js:12:138019)
    at Array.toJSON (/Users/ahmedsalem/Desktop/all my projects/uneom.com/node_modules/next/dist/compiled/next-server/app-page.runtime.prod.js:12:135629)
    at stringify (<anonymous>)
    at eP (/Users/ahmedsalem/Desktop/all my projects/uneom.com/node_modules/next/dist/compiled/next-server/app-page.runtime.prod.js:12:142093)
    at eE (/Users/ahmedsalem/Desktop/all my projects/uneom.com/node_modules/next/dist/compiled/next-server/app-page.runtime.prod.js:12:142572)
    at AsyncLocalStorage.run (node:internal/async_local_storage/async_context_frame:63:14)
    at Timeout._onTimeout (/Users/ahmedsalem/Desktop/all my projects/uneom.com/node_modules/next/dist/compiled/next-server/app-page.runtime.prod.js:12:150373)
TypeError: Cannot read properties of undefined (reading 'toLowerCase')
    at Module.y (/Users/ahmedsalem/Desktop/all my projects/uneom.com/.next/server/app/locations/[city]/[industry]/page.js:1:2657)
    at /Users/ahmedsalem/Desktop/all my projects/uneom.com/node_modules/next/dist/compiled/next-server/app-page.runtime.prod.js:12:227525
    at /Users/ahmedsalem/Desktop/all my projects/uneom.com/node_modules/next/dist/server/lib/trace/tracer.js:140:36
    at NoopContextManager.with (/Users/ahmedsalem/Desktop/all my projects/uneom.com/node_modules/next/dist/compiled/@opentelemetry/api/index.js:1:7062)
    at ContextAPI.with (/Users/ahmedsalem/Desktop/all my projects/uneom.com/node_modules/next/dist/compiled/@opentelemetry/api/index.js:1:518)
    at NoopTracer.startActiveSpan (/Users/ahmedsalem/Desktop/all my projects/uneom.com/node_modules/next/dist/compiled/@opentelemetry/api/index.js:1:18093)
    at ProxyTracer.startActiveSpan (/Users/ahmedsalem/Desktop/all my projects/uneom.com/node_modules/next/dist/compiled/@opentelemetry/api/index.js:1:18854)
    at /Users/ahmedsalem/Desktop/all my projects/uneom.com/node_modules/next/dist/server/lib/trace/tracer.js:122:103
    at NoopContextManager.with (/Users/ahmedsalem/Desktop/all my projects/uneom.com/node_modules/next/dist/compiled/@opentelemetry/api/index.js:1:7062)
    at ContextAPI.with (/Users/ahmedsalem/Desktop/all my projects/uneom.com/node_modules/next/dist/compiled/@opentelemetry/api/index.js:1:518) {
  digest: '2592674761'
}
TypeError: Cannot read properties of undefined (reading 'toLowerCase')
    at b (/Users/ahmedsalem/Desktop/all my projects/uneom.com/.next/server/app/locations/[city]/[industry]/page.js:1:4337)
    at eh (/Users/ahmedsalem/Desktop/all my projects/uneom.com/node_modules/next/dist/compiled/next-server/app-page.runtime.prod.js:12:134660)
    at e (/Users/ahmedsalem/Desktop/all my projects/uneom.com/node_modules/next/dist/compiled/next-server/app-page.runtime.prod.js:12:137545)
    at ek (/Users/ahmedsalem/Desktop/all my projects/uneom.com/node_modules/next/dist/compiled/next-server/app-page.runtime.prod.js:12:138019)
    at Array.toJSON (/Users/ahmedsalem/Desktop/all my projects/uneom.com/node_modules/next/dist/compiled/next-server/app-page.runtime.prod.js:12:135629)
    at stringify (<anonymous>)
    at eP (/Users/ahmedsalem/Desktop/all my projects/uneom.com/node_modules/next/dist/compiled/next-server/app-page.runtime.prod.js:12:142093)
    at eE (/Users/ahmedsalem/Desktop/all my projects/uneom.com/node_modules/next/dist/compiled/next-server/app-page.runtime.prod.js:12:142572)
    at Timeout._onTimeout (/Users/ahmedsalem/Desktop/all my projects/uneom.com/node_modules/next/dist/compiled/next-server/app-page.runtime.prod.js:12:135349)
    at listOnTimeout (node:internal/timers:605:17) {
  digest: '2151575143'
}

Error occurred prerendering page "/locations/khamis-mushait/corporate". Read more: https://nextjs.org/docs/messages/prerender-error


Error occurred prerendering page "/locations/khamis-mushait/aviation". Read more: https://nextjs.org/docs/messages/prerender-error

TypeError: Cannot read properties of undefined (reading 'toLowerCase')
    at b (/Users/ahmedsalem/Desktop/all my projects/uneom.com/.next/server/app/locations/[city]/[industry]/page.js:1:4337)
    at eh (/Users/ahmedsalem/Desktop/all my projects/uneom.com/node_modules/next/dist/compiled/next-server/app-page.runtime.prod.js:12:134660)
    at e (/Users/ahmedsalem/Desktop/all my projects/uneom.com/node_modules/next/dist/compiled/next-server/app-page.runtime.prod.js:12:137545)
    at ek (/Users/ahmedsalem/Desktop/all my projects/uneom.com/node_modules/next/dist/compiled/next-server/app-page.runtime.prod.js:12:138019)
    at Array.toJSON (/Users/ahmedsalem/Desktop/all my projects/uneom.com/node_modules/next/dist/compiled/next-server/app-page.runtime.prod.js:12:135629)
    at stringify (<anonymous>)
    at eP (/Users/ahmedsalem/Desktop/all my projects/uneom.com/node_modules/next/dist/compiled/next-server/app-page.runtime.prod.js:12:142093)
    at eE (/Users/ahmedsalem/Desktop/all my projects/uneom.com/node_modules/next/dist/compiled/next-server/app-page.runtime.prod.js:12:142572)
    at AsyncLocalStorage.run (node:internal/async_local_storage/async_context_frame:63:14)
    at Timeout._onTimeout (/Users/ahmedsalem/Desktop/all my projects/uneom.com/node_modules/next/dist/compiled/next-server/app-page.runtime.prod.js:12:150373)
TypeError: Cannot read properties of undefined (reading 'toLowerCase')
    at b (/Users/ahmedsalem/Desktop/all my projects/uneom.com/.next/server/app/locations/[city]/[industry]/page.js:1:4337)
    at eh (/Users/ahmedsalem/Desktop/all my projects/uneom.com/node_modules/next/dist/compiled/next-server/app-page.runtime.prod.js:12:134660)
    at e (/Users/ahmedsalem/Desktop/all my projects/uneom.com/node_modules/next/dist/compiled/next-server/app-page.runtime.prod.js:12:137545)
    at ek (/Users/ahmedsalem/Desktop/all my projects/uneom.com/node_modules/next/dist/compiled/next-server/app-page.runtime.prod.js:12:138019)
    at Array.toJSON (/Users/ahmedsalem/Desktop/all my projects/uneom.com/node_modules/next/dist/compiled/next-server/app-page.runtime.prod.js:12:135629)
    at stringify (<anonymous>)
    at eP (/Users/ahmedsalem/Desktop/all my projects/uneom.com/node_modules/next/dist/compiled/next-server/app-page.runtime.prod.js:12:142093)
    at eE (/Users/ahmedsalem/Desktop/all my projects/uneom.com/node_modules/next/dist/compiled/next-server/app-page.runtime.prod.js:12:142572)
    at AsyncLocalStorage.run (node:internal/async_local_storage/async_context_frame:63:14)
    at Timeout._onTimeout (/Users/ahmedsalem/Desktop/all my projects/uneom.com/node_modules/next/dist/compiled/next-server/app-page.runtime.prod.js:12:150373)
TypeError: Cannot read properties of undefined (reading 'toLowerCase')
    at Module.y (/Users/ahmedsalem/Desktop/all my projects/uneom.com/.next/server/app/locations/[city]/[industry]/page.js:1:2657)
    at /Users/ahmedsalem/Desktop/all my projects/uneom.com/node_modules/next/dist/compiled/next-server/app-page.runtime.prod.js:12:227525
    at /Users/ahmedsalem/Desktop/all my projects/uneom.com/node_modules/next/dist/server/lib/trace/tracer.js:140:36
    at NoopContextManager.with (/Users/ahmedsalem/Desktop/all my projects/uneom.com/node_modules/next/dist/compiled/@opentelemetry/api/index.js:1:7062)
    at ContextAPI.with (/Users/ahmedsalem/Desktop/all my projects/uneom.com/node_modules/next/dist/compiled/@opentelemetry/api/index.js:1:518)
    at NoopTracer.startActiveSpan (/Users/ahmedsalem/Desktop/all my projects/uneom.com/node_modules/next/dist/compiled/@opentelemetry/api/index.js:1:18093)
    at ProxyTracer.startActiveSpan (/Users/ahmedsalem/Desktop/all my projects/uneom.com/node_modules/next/dist/compiled/@opentelemetry/api/index.js:1:18854)
    at /Users/ahmedsalem/Desktop/all my projects/uneom.com/node_modules/next/dist/server/lib/trace/tracer.js:122:103
    at NoopContextManager.with (/Users/ahmedsalem/Desktop/all my projects/uneom.com/node_modules/next/dist/compiled/@opentelemetry/api/index.js:1:7062)
    at ContextAPI.with (/Users/ahmedsalem/Desktop/all my projects/uneom.com/node_modules/next/dist/compiled/@opentelemetry/api/index.js:1:518) {
  digest: '2592674761'
}
TypeError: Cannot read properties of undefined (reading 'toLowerCase')
    at Module.y (/Users/ahmedsalem/Desktop/all my projects/uneom.com/.next/server/app/locations/[city]/[industry]/page.js:1:2657)
    at /Users/ahmedsalem/Desktop/all my projects/uneom.com/node_modules/next/dist/compiled/next-server/app-page.runtime.prod.js:12:227525
    at /Users/ahmedsalem/Desktop/all my projects/uneom.com/node_modules/next/dist/server/lib/trace/tracer.js:140:36
    at NoopContextManager.with (/Users/ahmedsalem/Desktop/all my projects/uneom.com/node_modules/next/dist/compiled/@opentelemetry/api/index.js:1:7062)
    at ContextAPI.with (/Users/ahmedsalem/Desktop/all my projects/uneom.com/node_modules/next/dist/compiled/@opentelemetry/api/index.js:1:518)
    at NoopTracer.startActiveSpan (/Users/ahmedsalem/Desktop/all my projects/uneom.com/node_modules/next/dist/compiled/@opentelemetry/api/index.js:1:18093)
    at ProxyTracer.startActiveSpan (/Users/ahmedsalem/Desktop/all my projects/uneom.com/node_modules/next/dist/compiled/@opentelemetry/api/index.js:1:18854)
    at /Users/ahmedsalem/Desktop/all my projects/uneom.com/node_modules/next/dist/server/lib/trace/tracer.js:122:103
    at NoopContextManager.with (/Users/ahmedsalem/Desktop/all my projects/uneom.com/node_modules/next/dist/compiled/@opentelemetry/api/index.js:1:7062)
    at ContextAPI.with (/Users/ahmedsalem/Desktop/all my projects/uneom.com/node_modules/next/dist/compiled/@opentelemetry/api/index.js:1:518) {
  digest: '2592674761'
}

Error occurred prerendering page "/locations/khamis-mushait/manufacturing". Read more: https://nextjs.org/docs/messages/prerender-error

TypeError: Cannot read properties of undefined (reading 'toLowerCase')
    at b (/Users/ahmedsalem/Desktop/all my projects/uneom.com/.next/server/app/locations/[city]/[industry]/page.js:1:4337)
    at eh (/Users/ahmedsalem/Desktop/all my projects/uneom.com/node_modules/next/dist/compiled/next-server/app-page.runtime.prod.js:12:134660)
    at e (/Users/ahmedsalem/Desktop/all my projects/uneom.com/node_modules/next/dist/compiled/next-server/app-page.runtime.prod.js:12:137545)
    at ek (/Users/ahmedsalem/Desktop/all my projects/uneom.com/node_modules/next/dist/compiled/next-server/app-page.runtime.prod.js:12:138019)
    at Array.toJSON (/Users/ahmedsalem/Desktop/all my projects/uneom.com/node_modules/next/dist/compiled/next-server/app-page.runtime.prod.js:12:135629)
    at stringify (<anonymous>)
    at eP (/Users/ahmedsalem/Desktop/all my projects/uneom.com/node_modules/next/dist/compiled/next-server/app-page.runtime.prod.js:12:142093)
    at eE (/Users/ahmedsalem/Desktop/all my projects/uneom.com/node_modules/next/dist/compiled/next-server/app-page.runtime.prod.js:12:142572)
    at AsyncLocalStorage.run (node:internal/async_local_storage/async_context_frame:63:14)
    at Timeout._onTimeout (/Users/ahmedsalem/Desktop/all my projects/uneom.com/node_modules/next/dist/compiled/next-server/app-page.runtime.prod.js:12:150373)
TypeError: Cannot read properties of undefined (reading 'toLowerCase')
    at b (/Users/ahmedsalem/Desktop/all my projects/uneom.com/.next/server/app/locations/[city]/[industry]/page.js:1:4337)
    at eh (/Users/ahmedsalem/Desktop/all my projects/uneom.com/node_modules/next/dist/compiled/next-server/app-page.runtime.prod.js:12:134660)
    at e (/Users/ahmedsalem/Desktop/all my projects/uneom.com/node_modules/next/dist/compiled/next-server/app-page.runtime.prod.js:12:137545)
    at ek (/Users/ahmedsalem/Desktop/all my projects/uneom.com/node_modules/next/dist/compiled/next-server/app-page.runtime.prod.js:12:138019)
    at Array.toJSON (/Users/ahmedsalem/Desktop/all my projects/uneom.com/node_modules/next/dist/compiled/next-server/app-page.runtime.prod.js:12:135629)
    at stringify (<anonymous>)
    at eP (/Users/ahmedsalem/Desktop/all my projects/uneom.com/node_modules/next/dist/compiled/next-server/app-page.runtime.prod.js:12:142093)
    at eE (/Users/ahmedsalem/Desktop/all my projects/uneom.com/node_modules/next/dist/compiled/next-server/app-page.runtime.prod.js:12:142572)
    at AsyncLocalStorage.run (node:internal/async_local_storage/async_context_frame:63:14)
    at Timeout._onTimeout (/Users/ahmedsalem/Desktop/all my projects/uneom.com/node_modules/next/dist/compiled/next-server/app-page.runtime.prod.js:12:150373) {
  digest: '785353560'
}
TypeError: Cannot read properties of undefined (reading 'toLowerCase')
    at Module.y (/Users/ahmedsalem/Desktop/all my projects/uneom.com/.next/server/app/locations/[city]/[industry]/page.js:1:2657)
    at /Users/ahmedsalem/Desktop/all my projects/uneom.com/node_modules/next/dist/compiled/next-server/app-page.runtime.prod.js:12:227525
    at /Users/ahmedsalem/Desktop/all my projects/uneom.com/node_modules/next/dist/server/lib/trace/tracer.js:140:36
    at NoopContextManager.with (/Users/ahmedsalem/Desktop/all my projects/uneom.com/node_modules/next/dist/compiled/@opentelemetry/api/index.js:1:7062)
    at ContextAPI.with (/Users/ahmedsalem/Desktop/all my projects/uneom.com/node_modules/next/dist/compiled/@opentelemetry/api/index.js:1:518)
    at NoopTracer.startActiveSpan (/Users/ahmedsalem/Desktop/all my projects/uneom.com/node_modules/next/dist/compiled/@opentelemetry/api/index.js:1:18093)
    at ProxyTracer.startActiveSpan (/Users/ahmedsalem/Desktop/all my projects/uneom.com/node_modules/next/dist/compiled/@opentelemetry/api/index.js:1:18854)
    at /Users/ahmedsalem/Desktop/all my projects/uneom.com/node_modules/next/dist/server/lib/trace/tracer.js:122:103
    at NoopContextManager.with (/Users/ahmedsalem/Desktop/all my projects/uneom.com/node_modules/next/dist/compiled/@opentelemetry/api/index.js:1:7062)
    at ContextAPI.with (/Users/ahmedsalem/Desktop/all my projects/uneom.com/node_modules/next/dist/compiled/@opentelemetry/api/index.js:1:518) {
  digest: '2592674761'
}
TypeError: Cannot read properties of undefined (reading 'toLowerCase')
    at b (/Users/ahmedsalem/Desktop/all my projects/uneom.com/.next/server/app/locations/[city]/[industry]/page.js:1:4337)
    at eh (/Users/ahmedsalem/Desktop/all my projects/uneom.com/node_modules/next/dist/compiled/next-server/app-page.runtime.prod.js:12:134660)
    at e (/Users/ahmedsalem/Desktop/all my projects/uneom.com/node_modules/next/dist/compiled/next-server/app-page.runtime.prod.js:12:137545)
    at ek (/Users/ahmedsalem/Desktop/all my projects/uneom.com/node_modules/next/dist/compiled/next-server/app-page.runtime.prod.js:12:138019)
    at Array.toJSON (/Users/ahmedsalem/Desktop/all my projects/uneom.com/node_modules/next/dist/compiled/next-server/app-page.runtime.prod.js:12:135629)
    at stringify (<anonymous>)
    at eP (/Users/ahmedsalem/Desktop/all my projects/uneom.com/node_modules/next/dist/compiled/next-server/app-page.runtime.prod.js:12:142093)
    at eE (/Users/ahmedsalem/Desktop/all my projects/uneom.com/node_modules/next/dist/compiled/next-server/app-page.runtime.prod.js:12:142572)
    at AsyncLocalStorage.run (node:internal/async_local_storage/async_context_frame:63:14)
    at Timeout._onTimeout (/Users/ahmedsalem/Desktop/all my projects/uneom.com/node_modules/next/dist/compiled/next-server/app-page.runtime.prod.js:12:150373) {
  digest: '785353560'
}
TypeError: Cannot read properties of undefined (reading 'toLowerCase')
    at b (/Users/ahmedsalem/Desktop/all my projects/uneom.com/.next/server/app/locations/[city]/[industry]/page.js:1:4337)
    at eh (/Users/ahmedsalem/Desktop/all my projects/uneom.com/node_modules/next/dist/compiled/next-server/app-page.runtime.prod.js:12:134660)
    at e (/Users/ahmedsalem/Desktop/all my projects/uneom.com/node_modules/next/dist/compiled/next-server/app-page.runtime.prod.js:12:137545)
    at ek (/Users/ahmedsalem/Desktop/all my projects/uneom.com/node_modules/next/dist/compiled/next-server/app-page.runtime.prod.js:12:138019)
    at Array.toJSON (/Users/ahmedsalem/Desktop/all my projects/uneom.com/node_modules/next/dist/compiled/next-server/app-page.runtime.prod.js:12:135629)
    at stringify (<anonymous>)
    at eP (/Users/ahmedsalem/Desktop/all my projects/uneom.com/node_modules/next/dist/compiled/next-server/app-page.runtime.prod.js:12:142093)
    at eE (/Users/ahmedsalem/Desktop/all my projects/uneom.com/node_modules/next/dist/compiled/next-server/app-page.runtime.prod.js:12:142572)
    at Timeout._onTimeout (/Users/ahmedsalem/Desktop/all my projects/uneom.com/node_modules/next/dist/compiled/next-server/app-page.runtime.prod.js:12:135349)
    at listOnTimeout (node:internal/timers:605:17) {
  digest: '2151575143'
}
TypeError: Cannot read properties of undefined (reading 'toLowerCase')
    at b (/Users/ahmedsalem/Desktop/all my projects/uneom.com/.next/server/app/locations/[city]/[industry]/page.js:1:4337)
    at eh (/Users/ahmedsalem/Desktop/all my projects/uneom.com/node_modules/next/dist/compiled/next-server/app-page.runtime.prod.js:12:134660)
    at e (/Users/ahmedsalem/Desktop/all my projects/uneom.com/node_modules/next/dist/compiled/next-server/app-page.runtime.prod.js:12:137545)
    at ek (/Users/ahmedsalem/Desktop/all my projects/uneom.com/node_modules/next/dist/compiled/next-server/app-page.runtime.prod.js:12:138019)
    at Array.toJSON (/Users/ahmedsalem/Desktop/all my projects/uneom.com/node_modules/next/dist/compiled/next-server/app-page.runtime.prod.js:12:135629)
    at stringify (<anonymous>)
    at eP (/Users/ahmedsalem/Desktop/all my projects/uneom.com/node_modules/next/dist/compiled/next-server/app-page.runtime.prod.js:12:142093)
    at eE (/Users/ahmedsalem/Desktop/all my projects/uneom.com/node_modules/next/dist/compiled/next-server/app-page.runtime.prod.js:12:142572)
    at Timeout._onTimeout (/Users/ahmedsalem/Desktop/all my projects/uneom.com/node_modules/next/dist/compiled/next-server/app-page.runtime.prod.js:12:135349)
    at listOnTimeout (node:internal/timers:605:17) {
  digest: '2151575143'
}

Error occurred prerendering page "/locations/khamis-mushait/security". Read more: https://nextjs.org/docs/messages/prerender-error

TypeError: Cannot read properties of undefined (reading 'toLowerCase')
    at b (/Users/ahmedsalem/Desktop/all my projects/uneom.com/.next/server/app/locations/[city]/[industry]/page.js:1:4337)
    at eh (/Users/ahmedsalem/Desktop/all my projects/uneom.com/node_modules/next/dist/compiled/next-server/app-page.runtime.prod.js:12:134660)
    at e (/Users/ahmedsalem/Desktop/all my projects/uneom.com/node_modules/next/dist/compiled/next-server/app-page.runtime.prod.js:12:137545)
    at ek (/Users/ahmedsalem/Desktop/all my projects/uneom.com/node_modules/next/dist/compiled/next-server/app-page.runtime.prod.js:12:138019)
    at Array.toJSON (/Users/ahmedsalem/Desktop/all my projects/uneom.com/node_modules/next/dist/compiled/next-server/app-page.runtime.prod.js:12:135629)
    at stringify (<anonymous>)
    at eP (/Users/ahmedsalem/Desktop/all my projects/uneom.com/node_modules/next/dist/compiled/next-server/app-page.runtime.prod.js:12:142093)
    at eE (/Users/ahmedsalem/Desktop/all my projects/uneom.com/node_modules/next/dist/compiled/next-server/app-page.runtime.prod.js:12:142572)
    at AsyncLocalStorage.run (node:internal/async_local_storage/async_context_frame:63:14)
    at Timeout._onTimeout (/Users/ahmedsalem/Desktop/all my projects/uneom.com/node_modules/next/dist/compiled/next-server/app-page.runtime.prod.js:12:150373)
TypeError: Cannot read properties of undefined (reading 'toLowerCase')
    at Module.y (/Users/ahmedsalem/Desktop/all my projects/uneom.com/.next/server/app/locations/[city]/[industry]/page.js:1:2657)
    at /Users/ahmedsalem/Desktop/all my projects/uneom.com/node_modules/next/dist/compiled/next-server/app-page.runtime.prod.js:12:227525
    at /Users/ahmedsalem/Desktop/all my projects/uneom.com/node_modules/next/dist/server/lib/trace/tracer.js:140:36
    at NoopContextManager.with (/Users/ahmedsalem/Desktop/all my projects/uneom.com/node_modules/next/dist/compiled/@opentelemetry/api/index.js:1:7062)
    at ContextAPI.with (/Users/ahmedsalem/Desktop/all my projects/uneom.com/node_modules/next/dist/compiled/@opentelemetry/api/index.js:1:518)
    at NoopTracer.startActiveSpan (/Users/ahmedsalem/Desktop/all my projects/uneom.com/node_modules/next/dist/compiled/@opentelemetry/api/index.js:1:18093)
    at ProxyTracer.startActiveSpan (/Users/ahmedsalem/Desktop/all my projects/uneom.com/node_modules/next/dist/compiled/@opentelemetry/api/index.js:1:18854)
    at /Users/ahmedsalem/Desktop/all my projects/uneom.com/node_modules/next/dist/server/lib/trace/tracer.js:122:103
    at NoopContextManager.with (/Users/ahmedsalem/Desktop/all my projects/uneom.com/node_modules/next/dist/compiled/@opentelemetry/api/index.js:1:7062)
    at ContextAPI.with (/Users/ahmedsalem/Desktop/all my projects/uneom.com/node_modules/next/dist/compiled/@opentelemetry/api/index.js:1:518) {
  digest: '2592674761'
}
TypeError: Cannot read properties of undefined (reading 'toLowerCase')
    at b (/Users/ahmedsalem/Desktop/all my projects/uneom.com/.next/server/app/locations/[city]/[industry]/page.js:1:4337)
    at eh (/Users/ahmedsalem/Desktop/all my projects/uneom.com/node_modules/next/dist/compiled/next-server/app-page.runtime.prod.js:12:134660)
    at e (/Users/ahmedsalem/Desktop/all my projects/uneom.com/node_modules/next/dist/compiled/next-server/app-page.runtime.prod.js:12:137545)
    at ek (/Users/ahmedsalem/Desktop/all my projects/uneom.com/node_modules/next/dist/compiled/next-server/app-page.runtime.prod.js:12:138019)
    at Array.toJSON (/Users/ahmedsalem/Desktop/all my projects/uneom.com/node_modules/next/dist/compiled/next-server/app-page.runtime.prod.js:12:135629)
    at stringify (<anonymous>)
    at eP (/Users/ahmedsalem/Desktop/all my projects/uneom.com/node_modules/next/dist/compiled/next-server/app-page.runtime.prod.js:12:142093)
    at eE (/Users/ahmedsalem/Desktop/all my projects/uneom.com/node_modules/next/dist/compiled/next-server/app-page.runtime.prod.js:12:142572)
    at AsyncLocalStorage.run (node:internal/async_local_storage/async_context_frame:63:14)
    at Timeout._onTimeout (/Users/ahmedsalem/Desktop/all my projects/uneom.com/node_modules/next/dist/compiled/next-server/app-page.runtime.prod.js:12:150373) {
  digest: '785353560'
}
TypeError: Cannot read properties of undefined (reading 'toLowerCase')
    at b (/Users/ahmedsalem/Desktop/all my projects/uneom.com/.next/server/app/locations/[city]/[industry]/page.js:1:4337)
    at eh (/Users/ahmedsalem/Desktop/all my projects/uneom.com/node_modules/next/dist/compiled/next-server/app-page.runtime.prod.js:12:134660)
    at e (/Users/ahmedsalem/Desktop/all my projects/uneom.com/node_modules/next/dist/compiled/next-server/app-page.runtime.prod.js:12:137545)
    at ek (/Users/ahmedsalem/Desktop/all my projects/uneom.com/node_modules/next/dist/compiled/next-server/app-page.runtime.prod.js:12:138019)
    at Array.toJSON (/Users/ahmedsalem/Desktop/all my projects/uneom.com/node_modules/next/dist/compiled/next-server/app-page.runtime.prod.js:12:135629)
    at stringify (<anonymous>)
    at eP (/Users/ahmedsalem/Desktop/all my projects/uneom.com/node_modules/next/dist/compiled/next-server/app-page.runtime.prod.js:12:142093)
    at eE (/Users/ahmedsalem/Desktop/all my projects/uneom.com/node_modules/next/dist/compiled/next-server/app-page.runtime.prod.js:12:142572)
    at AsyncLocalStorage.run (node:internal/async_local_storage/async_context_frame:63:14)
    at Timeout._onTimeout (/Users/ahmedsalem/Desktop/all my projects/uneom.com/node_modules/next/dist/compiled/next-server/app-page.runtime.prod.js:12:150373) {
  digest: '785353560'
}
TypeError: Cannot read properties of undefined (reading 'toLowerCase')
    at b (/Users/ahmedsalem/Desktop/all my projects/uneom.com/.next/server/app/locations/[city]/[industry]/page.js:1:4337)
    at eh (/Users/ahmedsalem/Desktop/all my projects/uneom.com/node_modules/next/dist/compiled/next-server/app-page.runtime.prod.js:12:134660)
    at e (/Users/ahmedsalem/Desktop/all my projects/uneom.com/node_modules/next/dist/compiled/next-server/app-page.runtime.prod.js:12:137545)
    at ek (/Users/ahmedsalem/Desktop/all my projects/uneom.com/node_modules/next/dist/compiled/next-server/app-page.runtime.prod.js:12:138019)
    at Array.toJSON (/Users/ahmedsalem/Desktop/all my projects/uneom.com/node_modules/next/dist/compiled/next-server/app-page.runtime.prod.js:12:135629)
    at stringify (<anonymous>)
    at eP (/Users/ahmedsalem/Desktop/all my projects/uneom.com/node_modules/next/dist/compiled/next-server/app-page.runtime.prod.js:12:142093)
    at eE (/Users/ahmedsalem/Desktop/all my projects/uneom.com/node_modules/next/dist/compiled/next-server/app-page.runtime.prod.js:12:142572)
    at AsyncLocalStorage.run (node:internal/async_local_storage/async_context_frame:63:14)
    at Timeout._onTimeout (/Users/ahmedsalem/Desktop/all my projects/uneom.com/node_modules/next/dist/compiled/next-server/app-page.runtime.prod.js:12:150373) {
  digest: '785353560'
}
TypeError: Cannot read properties of undefined (reading 'toLowerCase')
    at Module.y (/Users/ahmedsalem/Desktop/all my projects/uneom.com/.next/server/app/locations/[city]/[industry]/page.js:1:2657)
    at /Users/ahmedsalem/Desktop/all my projects/uneom.com/node_modules/next/dist/compiled/next-server/app-page.runtime.prod.js:12:227525
    at /Users/ahmedsalem/Desktop/all my projects/uneom.com/node_modules/next/dist/server/lib/trace/tracer.js:140:36
    at NoopContextManager.with (/Users/ahmedsalem/Desktop/all my projects/uneom.com/node_modules/next/dist/compiled/@opentelemetry/api/index.js:1:7062)
    at ContextAPI.with (/Users/ahmedsalem/Desktop/all my projects/uneom.com/node_modules/next/dist/compiled/@opentelemetry/api/index.js:1:518)
    at NoopTracer.startActiveSpan (/Users/ahmedsalem/Desktop/all my projects/uneom.com/node_modules/next/dist/compiled/@opentelemetry/api/index.js:1:18093)
    at ProxyTracer.startActiveSpan (/Users/ahmedsalem/Desktop/all my projects/uneom.com/node_modules/next/dist/compiled/@opentelemetry/api/index.js:1:18854)
    at /Users/ahmedsalem/Desktop/all my projects/uneom.com/node_modules/next/dist/server/lib/trace/tracer.js:122:103
    at NoopContextManager.with (/Users/ahmedsalem/Desktop/all my projects/uneom.com/node_modules/next/dist/compiled/@opentelemetry/api/index.js:1:7062)
    at ContextAPI.with (/Users/ahmedsalem/Desktop/all my projects/uneom.com/node_modules/next/dist/compiled/@opentelemetry/api/index.js:1:518) {
  digest: '2592674761'
}
TypeError: Cannot read properties of undefined (reading 'toLowerCase')
    at b (/Users/ahmedsalem/Desktop/all my projects/uneom.com/.next/server/app/locations/[city]/[industry]/page.js:1:4337)
    at eh (/Users/ahmedsalem/Desktop/all my projects/uneom.com/node_modules/next/dist/compiled/next-server/app-page.runtime.prod.js:12:134660)
    at e (/Users/ahmedsalem/Desktop/all my projects/uneom.com/node_modules/next/dist/compiled/next-server/app-page.runtime.prod.js:12:137545)
    at ek (/Users/ahmedsalem/Desktop/all my projects/uneom.com/node_modules/next/dist/compiled/next-server/app-page.runtime.prod.js:12:138019)
    at Array.toJSON (/Users/ahmedsalem/Desktop/all my projects/uneom.com/node_modules/next/dist/compiled/next-server/app-page.runtime.prod.js:12:135629)
    at stringify (<anonymous>)
    at eP (/Users/ahmedsalem/Desktop/all my projects/uneom.com/node_modules/next/dist/compiled/next-server/app-page.runtime.prod.js:12:142093)
    at eE (/Users/ahmedsalem/Desktop/all my projects/uneom.com/node_modules/next/dist/compiled/next-server/app-page.runtime.prod.js:12:142572)
    at Timeout._onTimeout (/Users/ahmedsalem/Desktop/all my projects/uneom.com/node_modules/next/dist/compiled/next-server/app-page.runtime.prod.js:12:135349)
    at listOnTimeout (node:internal/timers:605:17) {
  digest: '2151575143'
}

Error occurred prerendering page "/locations/khamis-mushait/factory-industry". Read more: https://nextjs.org/docs/messages/prerender-error

TypeError: Cannot read properties of undefined (reading 'toLowerCase')
    at b (/Users/ahmedsalem/Desktop/all my projects/uneom.com/.next/server/app/locations/[city]/[industry]/page.js:1:4337)
    at eh (/Users/ahmedsalem/Desktop/all my projects/uneom.com/node_modules/next/dist/compiled/next-server/app-page.runtime.prod.js:12:134660)
    at e (/Users/ahmedsalem/Desktop/all my projects/uneom.com/node_modules/next/dist/compiled/next-server/app-page.runtime.prod.js:12:137545)
    at ek (/Users/ahmedsalem/Desktop/all my projects/uneom.com/node_modules/next/dist/compiled/next-server/app-page.runtime.prod.js:12:138019)
    at Array.toJSON (/Users/ahmedsalem/Desktop/all my projects/uneom.com/node_modules/next/dist/compiled/next-server/app-page.runtime.prod.js:12:135629)
    at stringify (<anonymous>)
    at eP (/Users/ahmedsalem/Desktop/all my projects/uneom.com/node_modules/next/dist/compiled/next-server/app-page.runtime.prod.js:12:142093)
    at eE (/Users/ahmedsalem/Desktop/all my projects/uneom.com/node_modules/next/dist/compiled/next-server/app-page.runtime.prod.js:12:142572)
    at AsyncLocalStorage.run (node:internal/async_local_storage/async_context_frame:63:14)
    at Timeout._onTimeout (/Users/ahmedsalem/Desktop/all my projects/uneom.com/node_modules/next/dist/compiled/next-server/app-page.runtime.prod.js:12:150373)
TypeError: Cannot read properties of undefined (reading 'toLowerCase')
    at b (/Users/ahmedsalem/Desktop/all my projects/uneom.com/.next/server/app/locations/[city]/[industry]/page.js:1:4337)
    at eh (/Users/ahmedsalem/Desktop/all my projects/uneom.com/node_modules/next/dist/compiled/next-server/app-page.runtime.prod.js:12:134660)
    at e (/Users/ahmedsalem/Desktop/all my projects/uneom.com/node_modules/next/dist/compiled/next-server/app-page.runtime.prod.js:12:137545)
    at ek (/Users/ahmedsalem/Desktop/all my projects/uneom.com/node_modules/next/dist/compiled/next-server/app-page.runtime.prod.js:12:138019)
    at Array.toJSON (/Users/ahmedsalem/Desktop/all my projects/uneom.com/node_modules/next/dist/compiled/next-server/app-page.runtime.prod.js:12:135629)
    at stringify (<anonymous>)
    at eP (/Users/ahmedsalem/Desktop/all my projects/uneom.com/node_modules/next/dist/compiled/next-server/app-page.runtime.prod.js:12:142093)
    at eE (/Users/ahmedsalem/Desktop/all my projects/uneom.com/node_modules/next/dist/compiled/next-server/app-page.runtime.prod.js:12:142572)
    at Timeout._onTimeout (/Users/ahmedsalem/Desktop/all my projects/uneom.com/node_modules/next/dist/compiled/next-server/app-page.runtime.prod.js:12:135349)
    at listOnTimeout (node:internal/timers:605:17) {
  digest: '2151575143'
}
TypeError: Cannot read properties of undefined (reading 'toLowerCase')
    at Module.y (/Users/ahmedsalem/Desktop/all my projects/uneom.com/.next/server/app/locations/[city]/[industry]/page.js:1:2657)
    at /Users/ahmedsalem/Desktop/all my projects/uneom.com/node_modules/next/dist/compiled/next-server/app-page.runtime.prod.js:12:227525
    at /Users/ahmedsalem/Desktop/all my projects/uneom.com/node_modules/next/dist/server/lib/trace/tracer.js:140:36
    at NoopContextManager.with (/Users/ahmedsalem/Desktop/all my projects/uneom.com/node_modules/next/dist/compiled/@opentelemetry/api/index.js:1:7062)
    at ContextAPI.with (/Users/ahmedsalem/Desktop/all my projects/uneom.com/node_modules/next/dist/compiled/@opentelemetry/api/index.js:1:518)
    at NoopTracer.startActiveSpan (/Users/ahmedsalem/Desktop/all my projects/uneom.com/node_modules/next/dist/compiled/@opentelemetry/api/index.js:1:18093)
    at ProxyTracer.startActiveSpan (/Users/ahmedsalem/Desktop/all my projects/uneom.com/node_modules/next/dist/compiled/@opentelemetry/api/index.js:1:18854)
    at /Users/ahmedsalem/Desktop/all my projects/uneom.com/node_modules/next/dist/server/lib/trace/tracer.js:122:103
    at NoopContextManager.with (/Users/ahmedsalem/Desktop/all my projects/uneom.com/node_modules/next/dist/compiled/@opentelemetry/api/index.js:1:7062)
    at ContextAPI.with (/Users/ahmedsalem/Desktop/all my projects/uneom.com/node_modules/next/dist/compiled/@opentelemetry/api/index.js:1:518) {
  digest: '2592674761'
}
TypeError: Cannot read properties of undefined (reading 'toLowerCase')
    at b (/Users/ahmedsalem/Desktop/all my projects/uneom.com/.next/server/app/locations/[city]/[industry]/page.js:1:4337)
    at eh (/Users/ahmedsalem/Desktop/all my projects/uneom.com/node_modules/next/dist/compiled/next-server/app-page.runtime.prod.js:12:134660)
    at e (/Users/ahmedsalem/Desktop/all my projects/uneom.com/node_modules/next/dist/compiled/next-server/app-page.runtime.prod.js:12:137545)
    at ek (/Users/ahmedsalem/Desktop/all my projects/uneom.com/node_modules/next/dist/compiled/next-server/app-page.runtime.prod.js:12:138019)
    at Array.toJSON (/Users/ahmedsalem/Desktop/all my projects/uneom.com/node_modules/next/dist/compiled/next-server/app-page.runtime.prod.js:12:135629)
    at stringify (<anonymous>)
    at eP (/Users/ahmedsalem/Desktop/all my projects/uneom.com/node_modules/next/dist/compiled/next-server/app-page.runtime.prod.js:12:142093)
    at eE (/Users/ahmedsalem/Desktop/all my projects/uneom.com/node_modules/next/dist/compiled/next-server/app-page.runtime.prod.js:12:142572)
    at Timeout._onTimeout (/Users/ahmedsalem/Desktop/all my projects/uneom.com/node_modules/next/dist/compiled/next-server/app-page.runtime.prod.js:12:135349)
    at listOnTimeout (node:internal/timers:605:17) {
  digest: '2151575143'
}
TypeError: Cannot read properties of undefined (reading 'toLowerCase')
    at Module.y (/Users/ahmedsalem/Desktop/all my projects/uneom.com/.next/server/app/locations/[city]/[industry]/page.js:1:2657)
    at /Users/ahmedsalem/Desktop/all my projects/uneom.com/node_modules/next/dist/compiled/next-server/app-page.runtime.prod.js:12:227525
    at /Users/ahmedsalem/Desktop/all my projects/uneom.com/node_modules/next/dist/server/lib/trace/tracer.js:140:36
    at NoopContextManager.with (/Users/ahmedsalem/Desktop/all my projects/uneom.com/node_modules/next/dist/compiled/@opentelemetry/api/index.js:1:7062)
    at ContextAPI.with (/Users/ahmedsalem/Desktop/all my projects/uneom.com/node_modules/next/dist/compiled/@opentelemetry/api/index.js:1:518)
    at NoopTracer.startActiveSpan (/Users/ahmedsalem/Desktop/all my projects/uneom.com/node_modules/next/dist/compiled/@opentelemetry/api/index.js:1:18093)
    at ProxyTracer.startActiveSpan (/Users/ahmedsalem/Desktop/all my projects/uneom.com/node_modules/next/dist/compiled/@opentelemetry/api/index.js:1:18854)
    at /Users/ahmedsalem/Desktop/all my projects/uneom.com/node_modules/next/dist/server/lib/trace/tracer.js:122:103
    at NoopContextManager.with (/Users/ahmedsalem/Desktop/all my projects/uneom.com/node_modules/next/dist/compiled/@opentelemetry/api/index.js:1:7062)
    at ContextAPI.with (/Users/ahmedsalem/Desktop/all my projects/uneom.com/node_modules/next/dist/compiled/@opentelemetry/api/index.js:1:518) {
  digest: '2592674761'
}
TypeError: Cannot read properties of undefined (reading 'toLowerCase')
    at Module.y (/Users/ahmedsalem/Desktop/all my projects/uneom.com/.next/server/app/locations/[city]/[industry]/page.js:1:2657)
    at /Users/ahmedsalem/Desktop/all my projects/uneom.com/node_modules/next/dist/compiled/next-server/app-page.runtime.prod.js:12:227525
    at /Users/ahmedsalem/Desktop/all my projects/uneom.com/node_modules/next/dist/server/lib/trace/tracer.js:140:36
    at NoopContextManager.with (/Users/ahmedsalem/Desktop/all my projects/uneom.com/node_modules/next/dist/compiled/@opentelemetry/api/index.js:1:7062)
    at ContextAPI.with (/Users/ahmedsalem/Desktop/all my projects/uneom.com/node_modules/next/dist/compiled/@opentelemetry/api/index.js:1:518)
    at NoopTracer.startActiveSpan (/Users/ahmedsalem/Desktop/all my projects/uneom.com/node_modules/next/dist/compiled/@opentelemetry/api/index.js:1:18093)
    at ProxyTracer.startActiveSpan (/Users/ahmedsalem/Desktop/all my projects/uneom.com/node_modules/next/dist/compiled/@opentelemetry/api/index.js:1:18854)
    at /Users/ahmedsalem/Desktop/all my projects/uneom.com/node_modules/next/dist/server/lib/trace/tracer.js:122:103
    at NoopContextManager.with (/Users/ahmedsalem/Desktop/all my projects/uneom.com/node_modules/next/dist/compiled/@opentelemetry/api/index.js:1:7062)
    at ContextAPI.with (/Users/ahmedsalem/Desktop/all my projects/uneom.com/node_modules/next/dist/compiled/@opentelemetry/api/index.js:1:518) {
  digest: '2592674761'
}
TypeError: Cannot read properties of undefined (reading 'toLowerCase')
    at Module.y (/Users/ahmedsalem/Desktop/all my projects/uneom.com/.next/server/app/locations/[city]/[industry]/page.js:1:2657)
    at /Users/ahmedsalem/Desktop/all my projects/uneom.com/node_modules/next/dist/compiled/next-server/app-page.runtime.prod.js:12:227525
    at /Users/ahmedsalem/Desktop/all my projects/uneom.com/node_modules/next/dist/server/lib/trace/tracer.js:140:36
    at NoopContextManager.with (/Users/ahmedsalem/Desktop/all my projects/uneom.com/node_modules/next/dist/compiled/@opentelemetry/api/index.js:1:7062)
    at ContextAPI.with (/Users/ahmedsalem/Desktop/all my projects/uneom.com/node_modules/next/dist/compiled/@opentelemetry/api/index.js:1:518)
    at NoopTracer.startActiveSpan (/Users/ahmedsalem/Desktop/all my projects/uneom.com/node_modules/next/dist/compiled/@opentelemetry/api/index.js:1:18093)
    at ProxyTracer.startActiveSpan (/Users/ahmedsalem/Desktop/all my projects/uneom.com/node_modules/next/dist/compiled/@opentelemetry/api/index.js:1:18854)
    at /Users/ahmedsalem/Desktop/all my projects/uneom.com/node_modules/next/dist/server/lib/trace/tracer.js:122:103
    at NoopContextManager.with (/Users/ahmedsalem/Desktop/all my projects/uneom.com/node_modules/next/dist/compiled/@opentelemetry/api/index.js:1:7062)
    at ContextAPI.with (/Users/ahmedsalem/Desktop/all my projects/uneom.com/node_modules/next/dist/compiled/@opentelemetry/api/index.js:1:518) {
  digest: '2592674761'
}
TypeError: Cannot read properties of undefined (reading 'toLowerCase')
    at Module.y (/Users/ahmedsalem/Desktop/all my projects/uneom.com/.next/server/app/locations/[city]/[industry]/page.js:1:2657)
    at /Users/ahmedsalem/Desktop/all my projects/uneom.com/node_modules/next/dist/compiled/next-server/app-page.runtime.prod.js:12:227525
    at /Users/ahmedsalem/Desktop/all my projects/uneom.com/node_modules/next/dist/server/lib/trace/tracer.js:140:36
    at NoopContextManager.with (/Users/ahmedsalem/Desktop/all my projects/uneom.com/node_modules/next/dist/compiled/@opentelemetry/api/index.js:1:7062)
    at ContextAPI.with (/Users/ahmedsalem/Desktop/all my projects/uneom.com/node_modules/next/dist/compiled/@opentelemetry/api/index.js:1:518)
    at NoopTracer.startActiveSpan (/Users/ahmedsalem/Desktop/all my projects/uneom.com/node_modules/next/dist/compiled/@opentelemetry/api/index.js:1:18093)
    at ProxyTracer.startActiveSpan (/Users/ahmedsalem/Desktop/all my projects/uneom.com/node_modules/next/dist/compiled/@opentelemetry/api/index.js:1:18854)
    at /Users/ahmedsalem/Desktop/all my projects/uneom.com/node_modules/next/dist/server/lib/trace/tracer.js:122:103
    at NoopContextManager.with (/Users/ahmedsalem/Desktop/all my projects/uneom.com/node_modules/next/dist/compiled/@opentelemetry/api/index.js:1:7062)
    at ContextAPI.with (/Users/ahmedsalem/Desktop/all my projects/uneom.com/node_modules/next/dist/compiled/@opentelemetry/api/index.js:1:518) {
  digest: '2592674761'
}
TypeError: Cannot read properties of undefined (reading 'toLowerCase')
    at Module.y (/Users/ahmedsalem/Desktop/all my projects/uneom.com/.next/server/app/locations/[city]/[industry]/page.js:1:2657)
    at /Users/ahmedsalem/Desktop/all my projects/uneom.com/node_modules/next/dist/compiled/next-server/app-page.runtime.prod.js:12:227525
    at /Users/ahmedsalem/Desktop/all my projects/uneom.com/node_modules/next/dist/server/lib/trace/tracer.js:140:36
    at NoopContextManager.with (/Users/ahmedsalem/Desktop/all my projects/uneom.com/node_modules/next/dist/compiled/@opentelemetry/api/index.js:1:7062)
    at ContextAPI.with (/Users/ahmedsalem/Desktop/all my projects/uneom.com/node_modules/next/dist/compiled/@opentelemetry/api/index.js:1:518)
    at NoopTracer.startActiveSpan (/Users/ahmedsalem/Desktop/all my projects/uneom.com/node_modules/next/dist/compiled/@opentelemetry/api/index.js:1:18093)
    at ProxyTracer.startActiveSpan (/Users/ahmedsalem/Desktop/all my projects/uneom.com/node_modules/next/dist/compiled/@opentelemetry/api/index.js:1:18854)
    at /Users/ahmedsalem/Desktop/all my projects/uneom.com/node_modules/next/dist/server/lib/trace/tracer.js:122:103
    at NoopContextManager.with (/Users/ahmedsalem/Desktop/all my projects/uneom.com/node_modules/next/dist/compiled/@opentelemetry/api/index.js:1:7062)
    at ContextAPI.with (/Users/ahmedsalem/Desktop/all my projects/uneom.com/node_modules/next/dist/compiled/@opentelemetry/api/index.js:1:518) {
  digest: '2592674761'
}
TypeError: Cannot read properties of undefined (reading 'toLowerCase')
    at b (/Users/ahmedsalem/Desktop/all my projects/uneom.com/.next/server/app/locations/[city]/[industry]/page.js:1:4337)
    at eh (/Users/ahmedsalem/Desktop/all my projects/uneom.com/node_modules/next/dist/compiled/next-server/app-page.runtime.prod.js:12:134660)
    at e (/Users/ahmedsalem/Desktop/all my projects/uneom.com/node_modules/next/dist/compiled/next-server/app-page.runtime.prod.js:12:137545)
    at ek (/Users/ahmedsalem/Desktop/all my projects/uneom.com/node_modules/next/dist/compiled/next-server/app-page.runtime.prod.js:12:138019)
    at Array.toJSON (/Users/ahmedsalem/Desktop/all my projects/uneom.com/node_modules/next/dist/compiled/next-server/app-page.runtime.prod.js:12:135629)
    at stringify (<anonymous>)
    at eP (/Users/ahmedsalem/Desktop/all my projects/uneom.com/node_modules/next/dist/compiled/next-server/app-page.runtime.prod.js:12:142093)
    at eE (/Users/ahmedsalem/Desktop/all my projects/uneom.com/node_modules/next/dist/compiled/next-server/app-page.runtime.prod.js:12:142572)
    at AsyncLocalStorage.run (node:internal/async_local_storage/async_context_frame:63:14)
    at Timeout._onTimeout (/Users/ahmedsalem/Desktop/all my projects/uneom.com/node_modules/next/dist/compiled/next-server/app-page.runtime.prod.js:12:150373) {
  digest: '785353560'
}
TypeError: Cannot read properties of undefined (reading 'toLowerCase')
    at b (/Users/ahmedsalem/Desktop/all my projects/uneom.com/.next/server/app/locations/[city]/[industry]/page.js:1:4337)
    at eh (/Users/ahmedsalem/Desktop/all my projects/uneom.com/node_modules/next/dist/compiled/next-server/app-page.runtime.prod.js:12:134660)
    at e (/Users/ahmedsalem/Desktop/all my projects/uneom.com/node_modules/next/dist/compiled/next-server/app-page.runtime.prod.js:12:137545)
    at ek (/Users/ahmedsalem/Desktop/all my projects/uneom.com/node_modules/next/dist/compiled/next-server/app-page.runtime.prod.js:12:138019)
    at Array.toJSON (/Users/ahmedsalem/Desktop/all my projects/uneom.com/node_modules/next/dist/compiled/next-server/app-page.runtime.prod.js:12:135629)
    at stringify (<anonymous>)
    at eP (/Users/ahmedsalem/Desktop/all my projects/uneom.com/node_modules/next/dist/compiled/next-server/app-page.runtime.prod.js:12:142093)
    at eE (/Users/ahmedsalem/Desktop/all my projects/uneom.com/node_modules/next/dist/compiled/next-server/app-page.runtime.prod.js:12:142572)
    at Timeout._onTimeout (/Users/ahmedsalem/Desktop/all my projects/uneom.com/node_modules/next/dist/compiled/next-server/app-page.runtime.prod.js:12:135349)
    at listOnTimeout (node:internal/timers:605:17) {
  digest: '2151575143'
}
TypeError: Cannot read properties of undefined (reading 'toLowerCase')
    at Module.y (/Users/ahmedsalem/Desktop/all my projects/uneom.com/.next/server/app/locations/[city]/[industry]/page.js:1:2657)
    at /Users/ahmedsalem/Desktop/all my projects/uneom.com/node_modules/next/dist/compiled/next-server/app-page.runtime.prod.js:12:227525
    at /Users/ahmedsalem/Desktop/all my projects/uneom.com/node_modules/next/dist/server/lib/trace/tracer.js:140:36
    at NoopContextManager.with (/Users/ahmedsalem/Desktop/all my projects/uneom.com/node_modules/next/dist/compiled/@opentelemetry/api/index.js:1:7062)
    at ContextAPI.with (/Users/ahmedsalem/Desktop/all my projects/uneom.com/node_modules/next/dist/compiled/@opentelemetry/api/index.js:1:518)
    at NoopTracer.startActiveSpan (/Users/ahmedsalem/Desktop/all my projects/uneom.com/node_modules/next/dist/compiled/@opentelemetry/api/index.js:1:18093)
    at ProxyTracer.startActiveSpan (/Users/ahmedsalem/Desktop/all my projects/uneom.com/node_modules/next/dist/compiled/@opentelemetry/api/index.js:1:18854)
    at /Users/ahmedsalem/Desktop/all my projects/uneom.com/node_modules/next/dist/server/lib/trace/tracer.js:122:103
    at NoopContextManager.with (/Users/ahmedsalem/Desktop/all my projects/uneom.com/node_modules/next/dist/compiled/@opentelemetry/api/index.js:1:7062)
    at ContextAPI.with (/Users/ahmedsalem/Desktop/all my projects/uneom.com/node_modules/next/dist/compiled/@opentelemetry/api/index.js:1:518) {
  digest: '2592674761'
}
TypeError: Cannot read properties of undefined (reading 'toLowerCase')
    at b (/Users/ahmedsalem/Desktop/all my projects/uneom.com/.next/server/app/locations/[city]/[industry]/page.js:1:4337)
    at eh (/Users/ahmedsalem/Desktop/all my projects/uneom.com/node_modules/next/dist/compiled/next-server/app-page.runtime.prod.js:12:134660)
    at e (/Users/ahmedsalem/Desktop/all my projects/uneom.com/node_modules/next/dist/compiled/next-server/app-page.runtime.prod.js:12:137545)
    at ek (/Users/ahmedsalem/Desktop/all my projects/uneom.com/node_modules/next/dist/compiled/next-server/app-page.runtime.prod.js:12:138019)
    at Array.toJSON (/Users/ahmedsalem/Desktop/all my projects/uneom.com/node_modules/next/dist/compiled/next-server/app-page.runtime.prod.js:12:135629)
    at stringify (<anonymous>)
    at eP (/Users/ahmedsalem/Desktop/all my projects/uneom.com/node_modules/next/dist/compiled/next-server/app-page.runtime.prod.js:12:142093)
    at eE (/Users/ahmedsalem/Desktop/all my projects/uneom.com/node_modules/next/dist/compiled/next-server/app-page.runtime.prod.js:12:142572)
    at AsyncLocalStorage.run (node:internal/async_local_storage/async_context_frame:63:14)
    at Timeout._onTimeout (/Users/ahmedsalem/Desktop/all my projects/uneom.com/node_modules/next/dist/compiled/next-server/app-page.runtime.prod.js:12:150373) {
  digest: '785353560'
}
TypeError: Cannot read properties of undefined (reading 'toLowerCase')
    at Module.y (/Users/ahmedsalem/Desktop/all my projects/uneom.com/.next/server/app/locations/[city]/[industry]/page.js:1:2657)
    at /Users/ahmedsalem/Desktop/all my projects/uneom.com/node_modules/next/dist/compiled/next-server/app-page.runtime.prod.js:12:227525
    at /Users/ahmedsalem/Desktop/all my projects/uneom.com/node_modules/next/dist/server/lib/trace/tracer.js:140:36
    at NoopContextManager.with (/Users/ahmedsalem/Desktop/all my projects/uneom.com/node_modules/next/dist/compiled/@opentelemetry/api/index.js:1:7062)
    at ContextAPI.with (/Users/ahmedsalem/Desktop/all my projects/uneom.com/node_modules/next/dist/compiled/@opentelemetry/api/index.js:1:518)
    at NoopTracer.startActiveSpan (/Users/ahmedsalem/Desktop/all my projects/uneom.com/node_modules/next/dist/compiled/@opentelemetry/api/index.js:1:18093)
    at ProxyTracer.startActiveSpan (/Users/ahmedsalem/Desktop/all my projects/uneom.com/node_modules/next/dist/compiled/@opentelemetry/api/index.js:1:18854)
    at /Users/ahmedsalem/Desktop/all my projects/uneom.com/node_modules/next/dist/server/lib/trace/tracer.js:122:103
    at NoopContextManager.with (/Users/ahmedsalem/Desktop/all my projects/uneom.com/node_modules/next/dist/compiled/@opentelemetry/api/index.js:1:7062)
    at ContextAPI.with (/Users/ahmedsalem/Desktop/all my projects/uneom.com/node_modules/next/dist/compiled/@opentelemetry/api/index.js:1:518) {
  digest: '2592674761'
}

Error occurred prerendering page "/locations/al-jubail/hospitality". Read more: https://nextjs.org/docs/messages/prerender-error

TypeError: Cannot read properties of undefined (reading 'toLowerCase')
    at b (/Users/ahmedsalem/Desktop/all my projects/uneom.com/.next/server/app/locations/[city]/[industry]/page.js:1:4337)
    at eh (/Users/ahmedsalem/Desktop/all my projects/uneom.com/node_modules/next/dist/compiled/next-server/app-page.runtime.prod.js:12:134660)
    at e (/Users/ahmedsalem/Desktop/all my projects/uneom.com/node_modules/next/dist/compiled/next-server/app-page.runtime.prod.js:12:137545)
    at ek (/Users/ahmedsalem/Desktop/all my projects/uneom.com/node_modules/next/dist/compiled/next-server/app-page.runtime.prod.js:12:138019)
    at Array.toJSON (/Users/ahmedsalem/Desktop/all my projects/uneom.com/node_modules/next/dist/compiled/next-server/app-page.runtime.prod.js:12:135629)
    at stringify (<anonymous>)
    at eP (/Users/ahmedsalem/Desktop/all my projects/uneom.com/node_modules/next/dist/compiled/next-server/app-page.runtime.prod.js:12:142093)
    at eE (/Users/ahmedsalem/Desktop/all my projects/uneom.com/node_modules/next/dist/compiled/next-server/app-page.runtime.prod.js:12:142572)
    at AsyncLocalStorage.run (node:internal/async_local_storage/async_context_frame:63:14)
    at Timeout._onTimeout (/Users/ahmedsalem/Desktop/all my projects/uneom.com/node_modules/next/dist/compiled/next-server/app-page.runtime.prod.js:12:150373)
TypeError: Cannot read properties of undefined (reading 'toLowerCase')
    at b (/Users/ahmedsalem/Desktop/all my projects/uneom.com/.next/server/app/locations/[city]/[industry]/page.js:1:4337)
    at eh (/Users/ahmedsalem/Desktop/all my projects/uneom.com/node_modules/next/dist/compiled/next-server/app-page.runtime.prod.js:12:134660)
    at e (/Users/ahmedsalem/Desktop/all my projects/uneom.com/node_modules/next/dist/compiled/next-server/app-page.runtime.prod.js:12:137545)
    at ek (/Users/ahmedsalem/Desktop/all my projects/uneom.com/node_modules/next/dist/compiled/next-server/app-page.runtime.prod.js:12:138019)
    at Array.toJSON (/Users/ahmedsalem/Desktop/all my projects/uneom.com/node_modules/next/dist/compiled/next-server/app-page.runtime.prod.js:12:135629)
    at stringify (<anonymous>)
    at eP (/Users/ahmedsalem/Desktop/all my projects/uneom.com/node_modules/next/dist/compiled/next-server/app-page.runtime.prod.js:12:142093)
    at eE (/Users/ahmedsalem/Desktop/all my projects/uneom.com/node_modules/next/dist/compiled/next-server/app-page.runtime.prod.js:12:142572)
    at Timeout._onTimeout (/Users/ahmedsalem/Desktop/all my projects/uneom.com/node_modules/next/dist/compiled/next-server/app-page.runtime.prod.js:12:135349)
    at listOnTimeout (node:internal/timers:605:17) {
  digest: '2151575143'
}

Error occurred prerendering page "/locations/khamis-mushait/supply-manufacturing". Read more: https://nextjs.org/docs/messages/prerender-error

TypeError: Cannot read properties of undefined (reading 'toLowerCase')
    at b (/Users/ahmedsalem/Desktop/all my projects/uneom.com/.next/server/app/locations/[city]/[industry]/page.js:1:4337)
    at eh (/Users/ahmedsalem/Desktop/all my projects/uneom.com/node_modules/next/dist/compiled/next-server/app-page.runtime.prod.js:12:134660)
    at e (/Users/ahmedsalem/Desktop/all my projects/uneom.com/node_modules/next/dist/compiled/next-server/app-page.runtime.prod.js:12:137545)
    at ek (/Users/ahmedsalem/Desktop/all my projects/uneom.com/node_modules/next/dist/compiled/next-server/app-page.runtime.prod.js:12:138019)
    at Array.toJSON (/Users/ahmedsalem/Desktop/all my projects/uneom.com/node_modules/next/dist/compiled/next-server/app-page.runtime.prod.js:12:135629)
    at stringify (<anonymous>)
    at eP (/Users/ahmedsalem/Desktop/all my projects/uneom.com/node_modules/next/dist/compiled/next-server/app-page.runtime.prod.js:12:142093)
    at eE (/Users/ahmedsalem/Desktop/all my projects/uneom.com/node_modules/next/dist/compiled/next-server/app-page.runtime.prod.js:12:142572)
    at AsyncLocalStorage.run (node:internal/async_local_storage/async_context_frame:63:14)
    at Timeout._onTimeout (/Users/ahmedsalem/Desktop/all my projects/uneom.com/node_modules/next/dist/compiled/next-server/app-page.runtime.prod.js:12:150373)

Error occurred prerendering page "/locations/khamis-mushait/retail-shops". Read more: https://nextjs.org/docs/messages/prerender-error

TypeError: Cannot read properties of undefined (reading 'toLowerCase')
    at b (/Users/ahmedsalem/Desktop/all my projects/uneom.com/.next/server/app/locations/[city]/[industry]/page.js:1:4337)
    at eh (/Users/ahmedsalem/Desktop/all my projects/uneom.com/node_modules/next/dist/compiled/next-server/app-page.runtime.prod.js:12:134660)
    at e (/Users/ahmedsalem/Desktop/all my projects/uneom.com/node_modules/next/dist/compiled/next-server/app-page.runtime.prod.js:12:137545)
    at ek (/Users/ahmedsalem/Desktop/all my projects/uneom.com/node_modules/next/dist/compiled/next-server/app-page.runtime.prod.js:12:138019)
    at Array.toJSON (/Users/ahmedsalem/Desktop/all my projects/uneom.com/node_modules/next/dist/compiled/next-server/app-page.runtime.prod.js:12:135629)
    at stringify (<anonymous>)
    at eP (/Users/ahmedsalem/Desktop/all my projects/uneom.com/node_modules/next/dist/compiled/next-server/app-page.runtime.prod.js:12:142093)
    at eE (/Users/ahmedsalem/Desktop/all my projects/uneom.com/node_modules/next/dist/compiled/next-server/app-page.runtime.prod.js:12:142572)
    at AsyncLocalStorage.run (node:internal/async_local_storage/async_context_frame:63:14)
    at Timeout._onTimeout (/Users/ahmedsalem/Desktop/all my projects/uneom.com/node_modules/next/dist/compiled/next-server/app-page.runtime.prod.js:12:150373)
TypeError: Cannot read properties of undefined (reading 'toLowerCase')
    at Module.y (/Users/ahmedsalem/Desktop/all my projects/uneom.com/.next/server/app/locations/[city]/[industry]/page.js:1:2657)
    at /Users/ahmedsalem/Desktop/all my projects/uneom.com/node_modules/next/dist/compiled/next-server/app-page.runtime.prod.js:12:227525
    at /Users/ahmedsalem/Desktop/all my projects/uneom.com/node_modules/next/dist/server/lib/trace/tracer.js:140:36
    at NoopContextManager.with (/Users/ahmedsalem/Desktop/all my projects/uneom.com/node_modules/next/dist/compiled/@opentelemetry/api/index.js:1:7062)
    at ContextAPI.with (/Users/ahmedsalem/Desktop/all my projects/uneom.com/node_modules/next/dist/compiled/@opentelemetry/api/index.js:1:518)
    at NoopTracer.startActiveSpan (/Users/ahmedsalem/Desktop/all my projects/uneom.com/node_modules/next/dist/compiled/@opentelemetry/api/index.js:1:18093)
    at ProxyTracer.startActiveSpan (/Users/ahmedsalem/Desktop/all my projects/uneom.com/node_modules/next/dist/compiled/@opentelemetry/api/index.js:1:18854)
    at /Users/ahmedsalem/Desktop/all my projects/uneom.com/node_modules/next/dist/server/lib/trace/tracer.js:122:103
    at NoopContextManager.with (/Users/ahmedsalem/Desktop/all my projects/uneom.com/node_modules/next/dist/compiled/@opentelemetry/api/index.js:1:7062)
    at ContextAPI.with (/Users/ahmedsalem/Desktop/all my projects/uneom.com/node_modules/next/dist/compiled/@opentelemetry/api/index.js:1:518) {
  digest: '2592674761'
}
TypeError: Cannot read properties of undefined (reading 'toLowerCase')
    at Module.y (/Users/ahmedsalem/Desktop/all my projects/uneom.com/.next/server/app/locations/[city]/[industry]/page.js:1:2657)
    at /Users/ahmedsalem/Desktop/all my projects/uneom.com/node_modules/next/dist/compiled/next-server/app-page.runtime.prod.js:12:227525
    at /Users/ahmedsalem/Desktop/all my projects/uneom.com/node_modules/next/dist/server/lib/trace/tracer.js:140:36
    at NoopContextManager.with (/Users/ahmedsalem/Desktop/all my projects/uneom.com/node_modules/next/dist/compiled/@opentelemetry/api/index.js:1:7062)
    at ContextAPI.with (/Users/ahmedsalem/Desktop/all my projects/uneom.com/node_modules/next/dist/compiled/@opentelemetry/api/index.js:1:518)
    at NoopTracer.startActiveSpan (/Users/ahmedsalem/Desktop/all my projects/uneom.com/node_modules/next/dist/compiled/@opentelemetry/api/index.js:1:18093)
    at ProxyTracer.startActiveSpan (/Users/ahmedsalem/Desktop/all my projects/uneom.com/node_modules/next/dist/compiled/@opentelemetry/api/index.js:1:18854)
    at /Users/ahmedsalem/Desktop/all my projects/uneom.com/node_modules/next/dist/server/lib/trace/tracer.js:122:103
    at NoopContextManager.with (/Users/ahmedsalem/Desktop/all my projects/uneom.com/node_modules/next/dist/compiled/@opentelemetry/api/index.js:1:7062)
    at ContextAPI.with (/Users/ahmedsalem/Desktop/all my projects/uneom.com/node_modules/next/dist/compiled/@opentelemetry/api/index.js:1:518) {
  digest: '2592674761'
}
TypeError: Cannot read properties of undefined (reading 'toLowerCase')
    at Module.y (/Users/ahmedsalem/Desktop/all my projects/uneom.com/.next/server/app/locations/[city]/[industry]/page.js:1:2657)
    at /Users/ahmedsalem/Desktop/all my projects/uneom.com/node_modules/next/dist/compiled/next-server/app-page.runtime.prod.js:12:227525
    at /Users/ahmedsalem/Desktop/all my projects/uneom.com/node_modules/next/dist/server/lib/trace/tracer.js:140:36
    at NoopContextManager.with (/Users/ahmedsalem/Desktop/all my projects/uneom.com/node_modules/next/dist/compiled/@opentelemetry/api/index.js:1:7062)
    at ContextAPI.with (/Users/ahmedsalem/Desktop/all my projects/uneom.com/node_modules/next/dist/compiled/@opentelemetry/api/index.js:1:518)
    at NoopTracer.startActiveSpan (/Users/ahmedsalem/Desktop/all my projects/uneom.com/node_modules/next/dist/compiled/@opentelemetry/api/index.js:1:18093)
    at ProxyTracer.startActiveSpan (/Users/ahmedsalem/Desktop/all my projects/uneom.com/node_modules/next/dist/compiled/@opentelemetry/api/index.js:1:18854)
    at /Users/ahmedsalem/Desktop/all my projects/uneom.com/node_modules/next/dist/server/lib/trace/tracer.js:122:103
    at NoopContextManager.with (/Users/ahmedsalem/Desktop/all my projects/uneom.com/node_modules/next/dist/compiled/@opentelemetry/api/index.js:1:7062)
    at ContextAPI.with (/Users/ahmedsalem/Desktop/all my projects/uneom.com/node_modules/next/dist/compiled/@opentelemetry/api/index.js:1:518) {
  digest: '2592674761'
}
TypeError: Cannot read properties of undefined (reading 'toLowerCase')
    at Module.y (/Users/ahmedsalem/Desktop/all my projects/uneom.com/.next/server/app/locations/[city]/[industry]/page.js:1:2657)
    at /Users/ahmedsalem/Desktop/all my projects/uneom.com/node_modules/next/dist/compiled/next-server/app-page.runtime.prod.js:12:227525
    at /Users/ahmedsalem/Desktop/all my projects/uneom.com/node_modules/next/dist/server/lib/trace/tracer.js:140:36
    at NoopContextManager.with (/Users/ahmedsalem/Desktop/all my projects/uneom.com/node_modules/next/dist/compiled/@opentelemetry/api/index.js:1:7062)
    at ContextAPI.with (/Users/ahmedsalem/Desktop/all my projects/uneom.com/node_modules/next/dist/compiled/@opentelemetry/api/index.js:1:518)
    at NoopTracer.startActiveSpan (/Users/ahmedsalem/Desktop/all my projects/uneom.com/node_modules/next/dist/compiled/@opentelemetry/api/index.js:1:18093)
    at ProxyTracer.startActiveSpan (/Users/ahmedsalem/Desktop/all my projects/uneom.com/node_modules/next/dist/compiled/@opentelemetry/api/index.js:1:18854)
    at /Users/ahmedsalem/Desktop/all my projects/uneom.com/node_modules/next/dist/server/lib/trace/tracer.js:122:103
    at NoopContextManager.with (/Users/ahmedsalem/Desktop/all my projects/uneom.com/node_modules/next/dist/compiled/@opentelemetry/api/index.js:1:7062)
    at ContextAPI.with (/Users/ahmedsalem/Desktop/all my projects/uneom.com/node_modules/next/dist/compiled/@opentelemetry/api/index.js:1:518) {
  digest: '2592674761'
}

Error occurred prerendering page "/locations/al-jubail/healthcare". Read more: https://nextjs.org/docs/messages/prerender-error

TypeError: Cannot read properties of undefined (reading 'toLowerCase')
    at b (/Users/ahmedsalem/Desktop/all my projects/uneom.com/.next/server/app/locations/[city]/[industry]/page.js:1:4337)
    at eh (/Users/ahmedsalem/Desktop/all my projects/uneom.com/node_modules/next/dist/compiled/next-server/app-page.runtime.prod.js:12:134660)
    at e (/Users/ahmedsalem/Desktop/all my projects/uneom.com/node_modules/next/dist/compiled/next-server/app-page.runtime.prod.js:12:137545)
    at ek (/Users/ahmedsalem/Desktop/all my projects/uneom.com/node_modules/next/dist/compiled/next-server/app-page.runtime.prod.js:12:138019)
    at Array.toJSON (/Users/ahmedsalem/Desktop/all my projects/uneom.com/node_modules/next/dist/compiled/next-server/app-page.runtime.prod.js:12:135629)
    at stringify (<anonymous>)
    at eP (/Users/ahmedsalem/Desktop/all my projects/uneom.com/node_modules/next/dist/compiled/next-server/app-page.runtime.prod.js:12:142093)
    at eE (/Users/ahmedsalem/Desktop/all my projects/uneom.com/node_modules/next/dist/compiled/next-server/app-page.runtime.prod.js:12:142572)
    at AsyncLocalStorage.run (node:internal/async_local_storage/async_context_frame:63:14)
    at Timeout._onTimeout (/Users/ahmedsalem/Desktop/all my projects/uneom.com/node_modules/next/dist/compiled/next-server/app-page.runtime.prod.js:12:150373)
TypeError: Cannot read properties of undefined (reading 'toLowerCase')
    at b (/Users/ahmedsalem/Desktop/all my projects/uneom.com/.next/server/app/locations/[city]/[industry]/page.js:1:4337)
    at eh (/Users/ahmedsalem/Desktop/all my projects/uneom.com/node_modules/next/dist/compiled/next-server/app-page.runtime.prod.js:12:134660)
    at e (/Users/ahmedsalem/Desktop/all my projects/uneom.com/node_modules/next/dist/compiled/next-server/app-page.runtime.prod.js:12:137545)
    at ek (/Users/ahmedsalem/Desktop/all my projects/uneom.com/node_modules/next/dist/compiled/next-server/app-page.runtime.prod.js:12:138019)
    at Array.toJSON (/Users/ahmedsalem/Desktop/all my projects/uneom.com/node_modules/next/dist/compiled/next-server/app-page.runtime.prod.js:12:135629)
    at stringify (<anonymous>)
    at eP (/Users/ahmedsalem/Desktop/all my projects/uneom.com/node_modules/next/dist/compiled/next-server/app-page.runtime.prod.js:12:142093)
    at eE (/Users/ahmedsalem/Desktop/all my projects/uneom.com/node_modules/next/dist/compiled/next-server/app-page.runtime.prod.js:12:142572)
    at AsyncLocalStorage.run (node:internal/async_local_storage/async_context_frame:63:14)
    at Timeout._onTimeout (/Users/ahmedsalem/Desktop/all my projects/uneom.com/node_modules/next/dist/compiled/next-server/app-page.runtime.prod.js:12:150373) {
  digest: '785353560'
}
TypeError: Cannot read properties of undefined (reading 'toLowerCase')
    at b (/Users/ahmedsalem/Desktop/all my projects/uneom.com/.next/server/app/locations/[city]/[industry]/page.js:1:4337)
    at eh (/Users/ahmedsalem/Desktop/all my projects/uneom.com/node_modules/next/dist/compiled/next-server/app-page.runtime.prod.js:12:134660)
    at e (/Users/ahmedsalem/Desktop/all my projects/uneom.com/node_modules/next/dist/compiled/next-server/app-page.runtime.prod.js:12:137545)
    at ek (/Users/ahmedsalem/Desktop/all my projects/uneom.com/node_modules/next/dist/compiled/next-server/app-page.runtime.prod.js:12:138019)
    at Array.toJSON (/Users/ahmedsalem/Desktop/all my projects/uneom.com/node_modules/next/dist/compiled/next-server/app-page.runtime.prod.js:12:135629)
    at stringify (<anonymous>)
    at eP (/Users/ahmedsalem/Desktop/all my projects/uneom.com/node_modules/next/dist/compiled/next-server/app-page.runtime.prod.js:12:142093)
    at eE (/Users/ahmedsalem/Desktop/all my projects/uneom.com/node_modules/next/dist/compiled/next-server/app-page.runtime.prod.js:12:142572)
    at AsyncLocalStorage.run (node:internal/async_local_storage/async_context_frame:63:14)
    at Timeout._onTimeout (/Users/ahmedsalem/Desktop/all my projects/uneom.com/node_modules/next/dist/compiled/next-server/app-page.runtime.prod.js:12:150373) {
  digest: '785353560'
}
TypeError: Cannot read properties of undefined (reading 'toLowerCase')
    at b (/Users/ahmedsalem/Desktop/all my projects/uneom.com/.next/server/app/locations/[city]/[industry]/page.js:1:4337)
    at eh (/Users/ahmedsalem/Desktop/all my projects/uneom.com/node_modules/next/dist/compiled/next-server/app-page.runtime.prod.js:12:134660)
    at e (/Users/ahmedsalem/Desktop/all my projects/uneom.com/node_modules/next/dist/compiled/next-server/app-page.runtime.prod.js:12:137545)
    at ek (/Users/ahmedsalem/Desktop/all my projects/uneom.com/node_modules/next/dist/compiled/next-server/app-page.runtime.prod.js:12:138019)
    at Array.toJSON (/Users/ahmedsalem/Desktop/all my projects/uneom.com/node_modules/next/dist/compiled/next-server/app-page.runtime.prod.js:12:135629)
    at stringify (<anonymous>)
    at eP (/Users/ahmedsalem/Desktop/all my projects/uneom.com/node_modules/next/dist/compiled/next-server/app-page.runtime.prod.js:12:142093)
    at eE (/Users/ahmedsalem/Desktop/all my projects/uneom.com/node_modules/next/dist/compiled/next-server/app-page.runtime.prod.js:12:142572)
    at AsyncLocalStorage.run (node:internal/async_local_storage/async_context_frame:63:14)
    at Timeout._onTimeout (/Users/ahmedsalem/Desktop/all my projects/uneom.com/node_modules/next/dist/compiled/next-server/app-page.runtime.prod.js:12:150373) {
  digest: '785353560'
}

Error occurred prerendering page "/locations/al-jubail/aviation". Read more: https://nextjs.org/docs/messages/prerender-error

TypeError: Cannot read properties of undefined (reading 'toLowerCase')
    at b (/Users/ahmedsalem/Desktop/all my projects/uneom.com/.next/server/app/locations/[city]/[industry]/page.js:1:4337)
    at eh (/Users/ahmedsalem/Desktop/all my projects/uneom.com/node_modules/next/dist/compiled/next-server/app-page.runtime.prod.js:12:134660)
    at e (/Users/ahmedsalem/Desktop/all my projects/uneom.com/node_modules/next/dist/compiled/next-server/app-page.runtime.prod.js:12:137545)
    at ek (/Users/ahmedsalem/Desktop/all my projects/uneom.com/node_modules/next/dist/compiled/next-server/app-page.runtime.prod.js:12:138019)
    at Array.toJSON (/Users/ahmedsalem/Desktop/all my projects/uneom.com/node_modules/next/dist/compiled/next-server/app-page.runtime.prod.js:12:135629)
    at stringify (<anonymous>)
    at eP (/Users/ahmedsalem/Desktop/all my projects/uneom.com/node_modules/next/dist/compiled/next-server/app-page.runtime.prod.js:12:142093)
    at eE (/Users/ahmedsalem/Desktop/all my projects/uneom.com/node_modules/next/dist/compiled/next-server/app-page.runtime.prod.js:12:142572)
    at AsyncLocalStorage.run (node:internal/async_local_storage/async_context_frame:63:14)
    at Timeout._onTimeout (/Users/ahmedsalem/Desktop/all my projects/uneom.com/node_modules/next/dist/compiled/next-server/app-page.runtime.prod.js:12:150373)
TypeError: Cannot read properties of undefined (reading 'toLowerCase')
    at b (/Users/ahmedsalem/Desktop/all my projects/uneom.com/.next/server/app/locations/[city]/[industry]/page.js:1:4337)
    at eh (/Users/ahmedsalem/Desktop/all my projects/uneom.com/node_modules/next/dist/compiled/next-server/app-page.runtime.prod.js:12:134660)
    at e (/Users/ahmedsalem/Desktop/all my projects/uneom.com/node_modules/next/dist/compiled/next-server/app-page.runtime.prod.js:12:137545)
    at ek (/Users/ahmedsalem/Desktop/all my projects/uneom.com/node_modules/next/dist/compiled/next-server/app-page.runtime.prod.js:12:138019)
    at Array.toJSON (/Users/ahmedsalem/Desktop/all my projects/uneom.com/node_modules/next/dist/compiled/next-server/app-page.runtime.prod.js:12:135629)
    at stringify (<anonymous>)
    at eP (/Users/ahmedsalem/Desktop/all my projects/uneom.com/node_modules/next/dist/compiled/next-server/app-page.runtime.prod.js:12:142093)
    at eE (/Users/ahmedsalem/Desktop/all my projects/uneom.com/node_modules/next/dist/compiled/next-server/app-page.runtime.prod.js:12:142572)
    at Timeout._onTimeout (/Users/ahmedsalem/Desktop/all my projects/uneom.com/node_modules/next/dist/compiled/next-server/app-page.runtime.prod.js:12:135349)
    at listOnTimeout (node:internal/timers:605:17) {
  digest: '2151575143'
}
TypeError: Cannot read properties of undefined (reading 'toLowerCase')
    at b (/Users/ahmedsalem/Desktop/all my projects/uneom.com/.next/server/app/locations/[city]/[industry]/page.js:1:4337)
    at eh (/Users/ahmedsalem/Desktop/all my projects/uneom.com/node_modules/next/dist/compiled/next-server/app-page.runtime.prod.js:12:134660)
    at e (/Users/ahmedsalem/Desktop/all my projects/uneom.com/node_modules/next/dist/compiled/next-server/app-page.runtime.prod.js:12:137545)
    at ek (/Users/ahmedsalem/Desktop/all my projects/uneom.com/node_modules/next/dist/compiled/next-server/app-page.runtime.prod.js:12:138019)
    at Array.toJSON (/Users/ahmedsalem/Desktop/all my projects/uneom.com/node_modules/next/dist/compiled/next-server/app-page.runtime.prod.js:12:135629)
    at stringify (<anonymous>)
    at eP (/Users/ahmedsalem/Desktop/all my projects/uneom.com/node_modules/next/dist/compiled/next-server/app-page.runtime.prod.js:12:142093)
    at eE (/Users/ahmedsalem/Desktop/all my projects/uneom.com/node_modules/next/dist/compiled/next-server/app-page.runtime.prod.js:12:142572)
    at Timeout._onTimeout (/Users/ahmedsalem/Desktop/all my projects/uneom.com/node_modules/next/dist/compiled/next-server/app-page.runtime.prod.js:12:135349)
    at listOnTimeout (node:internal/timers:605:17) {
  digest: '2151575143'
}
TypeError: Cannot read properties of undefined (reading 'toLowerCase')
    at b (/Users/ahmedsalem/Desktop/all my projects/uneom.com/.next/server/app/locations/[city]/[industry]/page.js:1:4337)
    at eh (/Users/ahmedsalem/Desktop/all my projects/uneom.com/node_modules/next/dist/compiled/next-server/app-page.runtime.prod.js:12:134660)
    at e (/Users/ahmedsalem/Desktop/all my projects/uneom.com/node_modules/next/dist/compiled/next-server/app-page.runtime.prod.js:12:137545)
    at ek (/Users/ahmedsalem/Desktop/all my projects/uneom.com/node_modules/next/dist/compiled/next-server/app-page.runtime.prod.js:12:138019)
    at Array.toJSON (/Users/ahmedsalem/Desktop/all my projects/uneom.com/node_modules/next/dist/compiled/next-server/app-page.runtime.prod.js:12:135629)
    at stringify (<anonymous>)
    at eP (/Users/ahmedsalem/Desktop/all my projects/uneom.com/node_modules/next/dist/compiled/next-server/app-page.runtime.prod.js:12:142093)
    at eE (/Users/ahmedsalem/Desktop/all my projects/uneom.com/node_modules/next/dist/compiled/next-server/app-page.runtime.prod.js:12:142572)
    at Timeout._onTimeout (/Users/ahmedsalem/Desktop/all my projects/uneom.com/node_modules/next/dist/compiled/next-server/app-page.runtime.prod.js:12:135349)
    at listOnTimeout (node:internal/timers:605:17) {
  digest: '2151575143'
}
TypeError: Cannot read properties of undefined (reading 'toLowerCase')
    at b (/Users/ahmedsalem/Desktop/all my projects/uneom.com/.next/server/app/locations/[city]/[industry]/page.js:1:4337)
    at eh (/Users/ahmedsalem/Desktop/all my projects/uneom.com/node_modules/next/dist/compiled/next-server/app-page.runtime.prod.js:12:134660)
    at e (/Users/ahmedsalem/Desktop/all my projects/uneom.com/node_modules/next/dist/compiled/next-server/app-page.runtime.prod.js:12:137545)
    at ek (/Users/ahmedsalem/Desktop/all my projects/uneom.com/node_modules/next/dist/compiled/next-server/app-page.runtime.prod.js:12:138019)
    at Array.toJSON (/Users/ahmedsalem/Desktop/all my projects/uneom.com/node_modules/next/dist/compiled/next-server/app-page.runtime.prod.js:12:135629)
    at stringify (<anonymous>)
    at eP (/Users/ahmedsalem/Desktop/all my projects/uneom.com/node_modules/next/dist/compiled/next-server/app-page.runtime.prod.js:12:142093)
    at eE (/Users/ahmedsalem/Desktop/all my projects/uneom.com/node_modules/next/dist/compiled/next-server/app-page.runtime.prod.js:12:142572)
    at AsyncLocalStorage.run (node:internal/async_local_storage/async_context_frame:63:14)
    at Timeout._onTimeout (/Users/ahmedsalem/Desktop/all my projects/uneom.com/node_modules/next/dist/compiled/next-server/app-page.runtime.prod.js:12:150373) {
  digest: '785353560'
}

Error occurred prerendering page "/locations/al-jubail/corporate". Read more: https://nextjs.org/docs/messages/prerender-error

TypeError: Cannot read properties of undefined (reading 'toLowerCase')
    at b (/Users/ahmedsalem/Desktop/all my projects/uneom.com/.next/server/app/locations/[city]/[industry]/page.js:1:4337)
    at eh (/Users/ahmedsalem/Desktop/all my projects/uneom.com/node_modules/next/dist/compiled/next-server/app-page.runtime.prod.js:12:134660)
    at e (/Users/ahmedsalem/Desktop/all my projects/uneom.com/node_modules/next/dist/compiled/next-server/app-page.runtime.prod.js:12:137545)
    at ek (/Users/ahmedsalem/Desktop/all my projects/uneom.com/node_modules/next/dist/compiled/next-server/app-page.runtime.prod.js:12:138019)
    at Array.toJSON (/Users/ahmedsalem/Desktop/all my projects/uneom.com/node_modules/next/dist/compiled/next-server/app-page.runtime.prod.js:12:135629)
    at stringify (<anonymous>)
    at eP (/Users/ahmedsalem/Desktop/all my projects/uneom.com/node_modules/next/dist/compiled/next-server/app-page.runtime.prod.js:12:142093)
    at eE (/Users/ahmedsalem/Desktop/all my projects/uneom.com/node_modules/next/dist/compiled/next-server/app-page.runtime.prod.js:12:142572)
    at AsyncLocalStorage.run (node:internal/async_local_storage/async_context_frame:63:14)
    at Timeout._onTimeout (/Users/ahmedsalem/Desktop/all my projects/uneom.com/node_modules/next/dist/compiled/next-server/app-page.runtime.prod.js:12:150373)
TypeError: Cannot read properties of undefined (reading 'toLowerCase')
    at Module.y (/Users/ahmedsalem/Desktop/all my projects/uneom.com/.next/server/app/locations/[city]/[industry]/page.js:1:2657)
    at /Users/ahmedsalem/Desktop/all my projects/uneom.com/node_modules/next/dist/compiled/next-server/app-page.runtime.prod.js:12:227525
    at /Users/ahmedsalem/Desktop/all my projects/uneom.com/node_modules/next/dist/server/lib/trace/tracer.js:140:36
    at NoopContextManager.with (/Users/ahmedsalem/Desktop/all my projects/uneom.com/node_modules/next/dist/compiled/@opentelemetry/api/index.js:1:7062)
    at ContextAPI.with (/Users/ahmedsalem/Desktop/all my projects/uneom.com/node_modules/next/dist/compiled/@opentelemetry/api/index.js:1:518)
    at NoopTracer.startActiveSpan (/Users/ahmedsalem/Desktop/all my projects/uneom.com/node_modules/next/dist/compiled/@opentelemetry/api/index.js:1:18093)
    at ProxyTracer.startActiveSpan (/Users/ahmedsalem/Desktop/all my projects/uneom.com/node_modules/next/dist/compiled/@opentelemetry/api/index.js:1:18854)
    at /Users/ahmedsalem/Desktop/all my projects/uneom.com/node_modules/next/dist/server/lib/trace/tracer.js:122:103
    at NoopContextManager.with (/Users/ahmedsalem/Desktop/all my projects/uneom.com/node_modules/next/dist/compiled/@opentelemetry/api/index.js:1:7062)
    at ContextAPI.with (/Users/ahmedsalem/Desktop/all my projects/uneom.com/node_modules/next/dist/compiled/@opentelemetry/api/index.js:1:518) {
  digest: '2592674761'
}
TypeError: Cannot read properties of undefined (reading 'toLowerCase')
    at Module.y (/Users/ahmedsalem/Desktop/all my projects/uneom.com/.next/server/app/locations/[city]/[industry]/page.js:1:2657)
    at /Users/ahmedsalem/Desktop/all my projects/uneom.com/node_modules/next/dist/compiled/next-server/app-page.runtime.prod.js:12:227525
    at /Users/ahmedsalem/Desktop/all my projects/uneom.com/node_modules/next/dist/server/lib/trace/tracer.js:140:36
    at NoopContextManager.with (/Users/ahmedsalem/Desktop/all my projects/uneom.com/node_modules/next/dist/compiled/@opentelemetry/api/index.js:1:7062)
    at ContextAPI.with (/Users/ahmedsalem/Desktop/all my projects/uneom.com/node_modules/next/dist/compiled/@opentelemetry/api/index.js:1:518)
    at NoopTracer.startActiveSpan (/Users/ahmedsalem/Desktop/all my projects/uneom.com/node_modules/next/dist/compiled/@opentelemetry/api/index.js:1:18093)
    at ProxyTracer.startActiveSpan (/Users/ahmedsalem/Desktop/all my projects/uneom.com/node_modules/next/dist/compiled/@opentelemetry/api/index.js:1:18854)
    at /Users/ahmedsalem/Desktop/all my projects/uneom.com/node_modules/next/dist/server/lib/trace/tracer.js:122:103
    at NoopContextManager.with (/Users/ahmedsalem/Desktop/all my projects/uneom.com/node_modules/next/dist/compiled/@opentelemetry/api/index.js:1:7062)
    at ContextAPI.with (/Users/ahmedsalem/Desktop/all my projects/uneom.com/node_modules/next/dist/compiled/@opentelemetry/api/index.js:1:518) {
  digest: '2592674761'
}
TypeError: Cannot read properties of undefined (reading 'toLowerCase')
    at b (/Users/ahmedsalem/Desktop/all my projects/uneom.com/.next/server/app/locations/[city]/[industry]/page.js:1:4337)
    at eh (/Users/ahmedsalem/Desktop/all my projects/uneom.com/node_modules/next/dist/compiled/next-server/app-page.runtime.prod.js:12:134660)
    at e (/Users/ahmedsalem/Desktop/all my projects/uneom.com/node_modules/next/dist/compiled/next-server/app-page.runtime.prod.js:12:137545)
    at ek (/Users/ahmedsalem/Desktop/all my projects/uneom.com/node_modules/next/dist/compiled/next-server/app-page.runtime.prod.js:12:138019)
    at Array.toJSON (/Users/ahmedsalem/Desktop/all my projects/uneom.com/node_modules/next/dist/compiled/next-server/app-page.runtime.prod.js:12:135629)
    at stringify (<anonymous>)
    at eP (/Users/ahmedsalem/Desktop/all my projects/uneom.com/node_modules/next/dist/compiled/next-server/app-page.runtime.prod.js:12:142093)
    at eE (/Users/ahmedsalem/Desktop/all my projects/uneom.com/node_modules/next/dist/compiled/next-server/app-page.runtime.prod.js:12:142572)
    at Timeout._onTimeout (/Users/ahmedsalem/Desktop/all my projects/uneom.com/node_modules/next/dist/compiled/next-server/app-page.runtime.prod.js:12:135349)
    at listOnTimeout (node:internal/timers:605:17) {
  digest: '2151575143'
}
TypeError: Cannot read properties of undefined (reading 'toLowerCase')
    at Module.y (/Users/ahmedsalem/Desktop/all my projects/uneom.com/.next/server/app/locations/[city]/[industry]/page.js:1:2657)
    at /Users/ahmedsalem/Desktop/all my projects/uneom.com/node_modules/next/dist/compiled/next-server/app-page.runtime.prod.js:12:227525
    at /Users/ahmedsalem/Desktop/all my projects/uneom.com/node_modules/next/dist/server/lib/trace/tracer.js:140:36
    at NoopContextManager.with (/Users/ahmedsalem/Desktop/all my projects/uneom.com/node_modules/next/dist/compiled/@opentelemetry/api/index.js:1:7062)
    at ContextAPI.with (/Users/ahmedsalem/Desktop/all my projects/uneom.com/node_modules/next/dist/compiled/@opentelemetry/api/index.js:1:518)
    at NoopTracer.startActiveSpan (/Users/ahmedsalem/Desktop/all my projects/uneom.com/node_modules/next/dist/compiled/@opentelemetry/api/index.js:1:18093)
    at ProxyTracer.startActiveSpan (/Users/ahmedsalem/Desktop/all my projects/uneom.com/node_modules/next/dist/compiled/@opentelemetry/api/index.js:1:18854)
    at /Users/ahmedsalem/Desktop/all my projects/uneom.com/node_modules/next/dist/server/lib/trace/tracer.js:122:103
    at NoopContextManager.with (/Users/ahmedsalem/Desktop/all my projects/uneom.com/node_modules/next/dist/compiled/@opentelemetry/api/index.js:1:7062)
    at ContextAPI.with (/Users/ahmedsalem/Desktop/all my projects/uneom.com/node_modules/next/dist/compiled/@opentelemetry/api/index.js:1:518) {
  digest: '2592674761'
}

Error occurred prerendering page "/locations/al-jubail/education". Read more: https://nextjs.org/docs/messages/prerender-error

TypeError: Cannot read properties of undefined (reading 'toLowerCase')
    at b (/Users/ahmedsalem/Desktop/all my projects/uneom.com/.next/server/app/locations/[city]/[industry]/page.js:1:4337)
    at eh (/Users/ahmedsalem/Desktop/all my projects/uneom.com/node_modules/next/dist/compiled/next-server/app-page.runtime.prod.js:12:134660)
    at e (/Users/ahmedsalem/Desktop/all my projects/uneom.com/node_modules/next/dist/compiled/next-server/app-page.runtime.prod.js:12:137545)
    at ek (/Users/ahmedsalem/Desktop/all my projects/uneom.com/node_modules/next/dist/compiled/next-server/app-page.runtime.prod.js:12:138019)
    at Array.toJSON (/Users/ahmedsalem/Desktop/all my projects/uneom.com/node_modules/next/dist/compiled/next-server/app-page.runtime.prod.js:12:135629)
    at stringify (<anonymous>)
    at eP (/Users/ahmedsalem/Desktop/all my projects/uneom.com/node_modules/next/dist/compiled/next-server/app-page.runtime.prod.js:12:142093)
    at eE (/Users/ahmedsalem/Desktop/all my projects/uneom.com/node_modules/next/dist/compiled/next-server/app-page.runtime.prod.js:12:142572)
    at AsyncLocalStorage.run (node:internal/async_local_storage/async_context_frame:63:14)
    at Timeout._onTimeout (/Users/ahmedsalem/Desktop/all my projects/uneom.com/node_modules/next/dist/compiled/next-server/app-page.runtime.prod.js:12:150373)
TypeError: Cannot read properties of undefined (reading 'toLowerCase')
    at b (/Users/ahmedsalem/Desktop/all my projects/uneom.com/.next/server/app/locations/[city]/[industry]/page.js:1:4337)
    at eh (/Users/ahmedsalem/Desktop/all my projects/uneom.com/node_modules/next/dist/compiled/next-server/app-page.runtime.prod.js:12:134660)
    at e (/Users/ahmedsalem/Desktop/all my projects/uneom.com/node_modules/next/dist/compiled/next-server/app-page.runtime.prod.js:12:137545)
    at ek (/Users/ahmedsalem/Desktop/all my projects/uneom.com/node_modules/next/dist/compiled/next-server/app-page.runtime.prod.js:12:138019)
    at Array.toJSON (/Users/ahmedsalem/Desktop/all my projects/uneom.com/node_modules/next/dist/compiled/next-server/app-page.runtime.prod.js:12:135629)
    at stringify (<anonymous>)
    at eP (/Users/ahmedsalem/Desktop/all my projects/uneom.com/node_modules/next/dist/compiled/next-server/app-page.runtime.prod.js:12:142093)
    at eE (/Users/ahmedsalem/Desktop/all my projects/uneom.com/node_modules/next/dist/compiled/next-server/app-page.runtime.prod.js:12:142572)
    at AsyncLocalStorage.run (node:internal/async_local_storage/async_context_frame:63:14)
    at Timeout._onTimeout (/Users/ahmedsalem/Desktop/all my projects/uneom.com/node_modules/next/dist/compiled/next-server/app-page.runtime.prod.js:12:150373) {
  digest: '785353560'
}
TypeError: Cannot read properties of undefined (reading 'toLowerCase')
    at Module.y (/Users/ahmedsalem/Desktop/all my projects/uneom.com/.next/server/app/locations/[city]/[industry]/page.js:1:2657)
    at /Users/ahmedsalem/Desktop/all my projects/uneom.com/node_modules/next/dist/compiled/next-server/app-page.runtime.prod.js:12:227525
    at /Users/ahmedsalem/Desktop/all my projects/uneom.com/node_modules/next/dist/server/lib/trace/tracer.js:140:36
    at NoopContextManager.with (/Users/ahmedsalem/Desktop/all my projects/uneom.com/node_modules/next/dist/compiled/@opentelemetry/api/index.js:1:7062)
    at ContextAPI.with (/Users/ahmedsalem/Desktop/all my projects/uneom.com/node_modules/next/dist/compiled/@opentelemetry/api/index.js:1:518)
    at NoopTracer.startActiveSpan (/Users/ahmedsalem/Desktop/all my projects/uneom.com/node_modules/next/dist/compiled/@opentelemetry/api/index.js:1:18093)
    at ProxyTracer.startActiveSpan (/Users/ahmedsalem/Desktop/all my projects/uneom.com/node_modules/next/dist/compiled/@opentelemetry/api/index.js:1:18854)
    at /Users/ahmedsalem/Desktop/all my projects/uneom.com/node_modules/next/dist/server/lib/trace/tracer.js:122:103
    at NoopContextManager.with (/Users/ahmedsalem/Desktop/all my projects/uneom.com/node_modules/next/dist/compiled/@opentelemetry/api/index.js:1:7062)
    at ContextAPI.with (/Users/ahmedsalem/Desktop/all my projects/uneom.com/node_modules/next/dist/compiled/@opentelemetry/api/index.js:1:518) {
  digest: '2592674761'
}
TypeError: Cannot read properties of undefined (reading 'toLowerCase')
    at Module.y (/Users/ahmedsalem/Desktop/all my projects/uneom.com/.next/server/app/locations/[city]/[industry]/page.js:1:2657)
    at /Users/ahmedsalem/Desktop/all my projects/uneom.com/node_modules/next/dist/compiled/next-server/app-page.runtime.prod.js:12:227525
    at /Users/ahmedsalem/Desktop/all my projects/uneom.com/node_modules/next/dist/server/lib/trace/tracer.js:140:36
    at NoopContextManager.with (/Users/ahmedsalem/Desktop/all my projects/uneom.com/node_modules/next/dist/compiled/@opentelemetry/api/index.js:1:7062)
    at ContextAPI.with (/Users/ahmedsalem/Desktop/all my projects/uneom.com/node_modules/next/dist/compiled/@opentelemetry/api/index.js:1:518)
    at NoopTracer.startActiveSpan (/Users/ahmedsalem/Desktop/all my projects/uneom.com/node_modules/next/dist/compiled/@opentelemetry/api/index.js:1:18093)
    at ProxyTracer.startActiveSpan (/Users/ahmedsalem/Desktop/all my projects/uneom.com/node_modules/next/dist/compiled/@opentelemetry/api/index.js:1:18854)
    at /Users/ahmedsalem/Desktop/all my projects/uneom.com/node_modules/next/dist/server/lib/trace/tracer.js:122:103
    at NoopContextManager.with (/Users/ahmedsalem/Desktop/all my projects/uneom.com/node_modules/next/dist/compiled/@opentelemetry/api/index.js:1:7062)
    at ContextAPI.with (/Users/ahmedsalem/Desktop/all my projects/uneom.com/node_modules/next/dist/compiled/@opentelemetry/api/index.js:1:518) {
  digest: '2592674761'
}
TypeError: Cannot read properties of undefined (reading 'toLowerCase')
    at Module.y (/Users/ahmedsalem/Desktop/all my projects/uneom.com/.next/server/app/locations/[city]/[industry]/page.js:1:2657)
    at /Users/ahmedsalem/Desktop/all my projects/uneom.com/node_modules/next/dist/compiled/next-server/app-page.runtime.prod.js:12:227525
    at /Users/ahmedsalem/Desktop/all my projects/uneom.com/node_modules/next/dist/server/lib/trace/tracer.js:140:36
    at NoopContextManager.with (/Users/ahmedsalem/Desktop/all my projects/uneom.com/node_modules/next/dist/compiled/@opentelemetry/api/index.js:1:7062)
    at ContextAPI.with (/Users/ahmedsalem/Desktop/all my projects/uneom.com/node_modules/next/dist/compiled/@opentelemetry/api/index.js:1:518)
    at NoopTracer.startActiveSpan (/Users/ahmedsalem/Desktop/all my projects/uneom.com/node_modules/next/dist/compiled/@opentelemetry/api/index.js:1:18093)
    at ProxyTracer.startActiveSpan (/Users/ahmedsalem/Desktop/all my projects/uneom.com/node_modules/next/dist/compiled/@opentelemetry/api/index.js:1:18854)
    at /Users/ahmedsalem/Desktop/all my projects/uneom.com/node_modules/next/dist/server/lib/trace/tracer.js:122:103
    at NoopContextManager.with (/Users/ahmedsalem/Desktop/all my projects/uneom.com/node_modules/next/dist/compiled/@opentelemetry/api/index.js:1:7062)
    at ContextAPI.with (/Users/ahmedsalem/Desktop/all my projects/uneom.com/node_modules/next/dist/compiled/@opentelemetry/api/index.js:1:518) {
  digest: '2592674761'
}
TypeError: Cannot read properties of undefined (reading 'toLowerCase')
    at Module.y (/Users/ahmedsalem/Desktop/all my projects/uneom.com/.next/server/app/locations/[city]/[industry]/page.js:1:2657)
    at /Users/ahmedsalem/Desktop/all my projects/uneom.com/node_modules/next/dist/compiled/next-server/app-page.runtime.prod.js:12:227525
    at /Users/ahmedsalem/Desktop/all my projects/uneom.com/node_modules/next/dist/server/lib/trace/tracer.js:140:36
    at NoopContextManager.with (/Users/ahmedsalem/Desktop/all my projects/uneom.com/node_modules/next/dist/compiled/@opentelemetry/api/index.js:1:7062)
    at ContextAPI.with (/Users/ahmedsalem/Desktop/all my projects/uneom.com/node_modules/next/dist/compiled/@opentelemetry/api/index.js:1:518)
    at NoopTracer.startActiveSpan (/Users/ahmedsalem/Desktop/all my projects/uneom.com/node_modules/next/dist/compiled/@opentelemetry/api/index.js:1:18093)
    at ProxyTracer.startActiveSpan (/Users/ahmedsalem/Desktop/all my projects/uneom.com/node_modules/next/dist/compiled/@opentelemetry/api/index.js:1:18854)
    at /Users/ahmedsalem/Desktop/all my projects/uneom.com/node_modules/next/dist/server/lib/trace/tracer.js:122:103
    at NoopContextManager.with (/Users/ahmedsalem/Desktop/all my projects/uneom.com/node_modules/next/dist/compiled/@opentelemetry/api/index.js:1:7062)
    at ContextAPI.with (/Users/ahmedsalem/Desktop/all my projects/uneom.com/node_modules/next/dist/compiled/@opentelemetry/api/index.js:1:518) {
  digest: '2592674761'
}
TypeError: Cannot read properties of undefined (reading 'toLowerCase')
    at b (/Users/ahmedsalem/Desktop/all my projects/uneom.com/.next/server/app/locations/[city]/[industry]/page.js:1:4337)
    at eh (/Users/ahmedsalem/Desktop/all my projects/uneom.com/node_modules/next/dist/compiled/next-server/app-page.runtime.prod.js:12:134660)
    at e (/Users/ahmedsalem/Desktop/all my projects/uneom.com/node_modules/next/dist/compiled/next-server/app-page.runtime.prod.js:12:137545)
    at ek (/Users/ahmedsalem/Desktop/all my projects/uneom.com/node_modules/next/dist/compiled/next-server/app-page.runtime.prod.js:12:138019)
    at Array.toJSON (/Users/ahmedsalem/Desktop/all my projects/uneom.com/node_modules/next/dist/compiled/next-server/app-page.runtime.prod.js:12:135629)
    at stringify (<anonymous>)
    at eP (/Users/ahmedsalem/Desktop/all my projects/uneom.com/node_modules/next/dist/compiled/next-server/app-page.runtime.prod.js:12:142093)
    at eE (/Users/ahmedsalem/Desktop/all my projects/uneom.com/node_modules/next/dist/compiled/next-server/app-page.runtime.prod.js:12:142572)
    at Timeout._onTimeout (/Users/ahmedsalem/Desktop/all my projects/uneom.com/node_modules/next/dist/compiled/next-server/app-page.runtime.prod.js:12:135349)
    at listOnTimeout (node:internal/timers:605:17) {
  digest: '2151575143'
}
TypeError: Cannot read properties of undefined (reading 'toLowerCase')
    at Module.y (/Users/ahmedsalem/Desktop/all my projects/uneom.com/.next/server/app/locations/[city]/[industry]/page.js:1:2657)
    at /Users/ahmedsalem/Desktop/all my projects/uneom.com/node_modules/next/dist/compiled/next-server/app-page.runtime.prod.js:12:227525
    at /Users/ahmedsalem/Desktop/all my projects/uneom.com/node_modules/next/dist/server/lib/trace/tracer.js:140:36
    at NoopContextManager.with (/Users/ahmedsalem/Desktop/all my projects/uneom.com/node_modules/next/dist/compiled/@opentelemetry/api/index.js:1:7062)
    at ContextAPI.with (/Users/ahmedsalem/Desktop/all my projects/uneom.com/node_modules/next/dist/compiled/@opentelemetry/api/index.js:1:518)
    at NoopTracer.startActiveSpan (/Users/ahmedsalem/Desktop/all my projects/uneom.com/node_modules/next/dist/compiled/@opentelemetry/api/index.js:1:18093)
    at ProxyTracer.startActiveSpan (/Users/ahmedsalem/Desktop/all my projects/uneom.com/node_modules/next/dist/compiled/@opentelemetry/api/index.js:1:18854)
    at /Users/ahmedsalem/Desktop/all my projects/uneom.com/node_modules/next/dist/server/lib/trace/tracer.js:122:103
    at NoopContextManager.with (/Users/ahmedsalem/Desktop/all my projects/uneom.com/node_modules/next/dist/compiled/@opentelemetry/api/index.js:1:7062)
    at ContextAPI.with (/Users/ahmedsalem/Desktop/all my projects/uneom.com/node_modules/next/dist/compiled/@opentelemetry/api/index.js:1:518) {
  digest: '2592674761'
}
TypeError: Cannot read properties of undefined (reading 'toLowerCase')
    at b (/Users/ahmedsalem/Desktop/all my projects/uneom.com/.next/server/app/locations/[city]/[industry]/page.js:1:4337)
    at eh (/Users/ahmedsalem/Desktop/all my projects/uneom.com/node_modules/next/dist/compiled/next-server/app-page.runtime.prod.js:12:134660)
    at e (/Users/ahmedsalem/Desktop/all my projects/uneom.com/node_modules/next/dist/compiled/next-server/app-page.runtime.prod.js:12:137545)
    at ek (/Users/ahmedsalem/Desktop/all my projects/uneom.com/node_modules/next/dist/compiled/next-server/app-page.runtime.prod.js:12:138019)
    at Array.toJSON (/Users/ahmedsalem/Desktop/all my projects/uneom.com/node_modules/next/dist/compiled/next-server/app-page.runtime.prod.js:12:135629)
    at stringify (<anonymous>)
    at eP (/Users/ahmedsalem/Desktop/all my projects/uneom.com/node_modules/next/dist/compiled/next-server/app-page.runtime.prod.js:12:142093)
    at eE (/Users/ahmedsalem/Desktop/all my projects/uneom.com/node_modules/next/dist/compiled/next-server/app-page.runtime.prod.js:12:142572)
    at AsyncLocalStorage.run (node:internal/async_local_storage/async_context_frame:63:14)
    at Timeout._onTimeout (/Users/ahmedsalem/Desktop/all my projects/uneom.com/node_modules/next/dist/compiled/next-server/app-page.runtime.prod.js:12:150373) {
  digest: '785353560'
}
TypeError: Cannot read properties of undefined (reading 'toLowerCase')
    at b (/Users/ahmedsalem/Desktop/all my projects/uneom.com/.next/server/app/locations/[city]/[industry]/page.js:1:4337)
    at eh (/Users/ahmedsalem/Desktop/all my projects/uneom.com/node_modules/next/dist/compiled/next-server/app-page.runtime.prod.js:12:134660)
    at e (/Users/ahmedsalem/Desktop/all my projects/uneom.com/node_modules/next/dist/compiled/next-server/app-page.runtime.prod.js:12:137545)
    at ek (/Users/ahmedsalem/Desktop/all my projects/uneom.com/node_modules/next/dist/compiled/next-server/app-page.runtime.prod.js:12:138019)
    at Array.toJSON (/Users/ahmedsalem/Desktop/all my projects/uneom.com/node_modules/next/dist/compiled/next-server/app-page.runtime.prod.js:12:135629)
    at stringify (<anonymous>)
    at eP (/Users/ahmedsalem/Desktop/all my projects/uneom.com/node_modules/next/dist/compiled/next-server/app-page.runtime.prod.js:12:142093)
    at eE (/Users/ahmedsalem/Desktop/all my projects/uneom.com/node_modules/next/dist/compiled/next-server/app-page.runtime.prod.js:12:142572)
    at AsyncLocalStorage.run (node:internal/async_local_storage/async_context_frame:63:14)
    at Timeout._onTimeout (/Users/ahmedsalem/Desktop/all my projects/uneom.com/node_modules/next/dist/compiled/next-server/app-page.runtime.prod.js:12:150373) {
  digest: '785353560'
}
TypeError: Cannot read properties of undefined (reading 'toLowerCase')
    at b (/Users/ahmedsalem/Desktop/all my projects/uneom.com/.next/server/app/locations/[city]/[industry]/page.js:1:4337)
    at eh (/Users/ahmedsalem/Desktop/all my projects/uneom.com/node_modules/next/dist/compiled/next-server/app-page.runtime.prod.js:12:134660)
    at e (/Users/ahmedsalem/Desktop/all my projects/uneom.com/node_modules/next/dist/compiled/next-server/app-page.runtime.prod.js:12:137545)
    at ek (/Users/ahmedsalem/Desktop/all my projects/uneom.com/node_modules/next/dist/compiled/next-server/app-page.runtime.prod.js:12:138019)
    at Array.toJSON (/Users/ahmedsalem/Desktop/all my projects/uneom.com/node_modules/next/dist/compiled/next-server/app-page.runtime.prod.js:12:135629)
    at stringify (<anonymous>)
    at eP (/Users/ahmedsalem/Desktop/all my projects/uneom.com/node_modules/next/dist/compiled/next-server/app-page.runtime.prod.js:12:142093)
    at eE (/Users/ahmedsalem/Desktop/all my projects/uneom.com/node_modules/next/dist/compiled/next-server/app-page.runtime.prod.js:12:142572)
    at Timeout._onTimeout (/Users/ahmedsalem/Desktop/all my projects/uneom.com/node_modules/next/dist/compiled/next-server/app-page.runtime.prod.js:12:135349)
    at listOnTimeout (node:internal/timers:605:17) {
  digest: '2151575143'
}
TypeError: Cannot read properties of undefined (reading 'toLowerCase')
    at Module.y (/Users/ahmedsalem/Desktop/all my projects/uneom.com/.next/server/app/locations/[city]/[industry]/page.js:1:2657)
    at /Users/ahmedsalem/Desktop/all my projects/uneom.com/node_modules/next/dist/compiled/next-server/app-page.runtime.prod.js:12:227525
    at /Users/ahmedsalem/Desktop/all my projects/uneom.com/node_modules/next/dist/server/lib/trace/tracer.js:140:36
    at NoopContextManager.with (/Users/ahmedsalem/Desktop/all my projects/uneom.com/node_modules/next/dist/compiled/@opentelemetry/api/index.js:1:7062)
    at ContextAPI.with (/Users/ahmedsalem/Desktop/all my projects/uneom.com/node_modules/next/dist/compiled/@opentelemetry/api/index.js:1:518)
    at NoopTracer.startActiveSpan (/Users/ahmedsalem/Desktop/all my projects/uneom.com/node_modules/next/dist/compiled/@opentelemetry/api/index.js:1:18093)
    at ProxyTracer.startActiveSpan (/Users/ahmedsalem/Desktop/all my projects/uneom.com/node_modules/next/dist/compiled/@opentelemetry/api/index.js:1:18854)
    at /Users/ahmedsalem/Desktop/all my projects/uneom.com/node_modules/next/dist/server/lib/trace/tracer.js:122:103
    at NoopContextManager.with (/Users/ahmedsalem/Desktop/all my projects/uneom.com/node_modules/next/dist/compiled/@opentelemetry/api/index.js:1:7062)
    at ContextAPI.with (/Users/ahmedsalem/Desktop/all my projects/uneom.com/node_modules/next/dist/compiled/@opentelemetry/api/index.js:1:518) {
  digest: '2592674761'
}
TypeError: Cannot read properties of undefined (reading 'toLowerCase')
    at b (/Users/ahmedsalem/Desktop/all my projects/uneom.com/.next/server/app/locations/[city]/[industry]/page.js:1:4337)
    at eh (/Users/ahmedsalem/Desktop/all my projects/uneom.com/node_modules/next/dist/compiled/next-server/app-page.runtime.prod.js:12:134660)
    at e (/Users/ahmedsalem/Desktop/all my projects/uneom.com/node_modules/next/dist/compiled/next-server/app-page.runtime.prod.js:12:137545)
    at ek (/Users/ahmedsalem/Desktop/all my projects/uneom.com/node_modules/next/dist/compiled/next-server/app-page.runtime.prod.js:12:138019)
    at Array.toJSON (/Users/ahmedsalem/Desktop/all my projects/uneom.com/node_modules/next/dist/compiled/next-server/app-page.runtime.prod.js:12:135629)
    at stringify (<anonymous>)
    at eP (/Users/ahmedsalem/Desktop/all my projects/uneom.com/node_modules/next/dist/compiled/next-server/app-page.runtime.prod.js:12:142093)
    at eE (/Users/ahmedsalem/Desktop/all my projects/uneom.com/node_modules/next/dist/compiled/next-server/app-page.runtime.prod.js:12:142572)
    at Timeout._onTimeout (/Users/ahmedsalem/Desktop/all my projects/uneom.com/node_modules/next/dist/compiled/next-server/app-page.runtime.prod.js:12:135349)
    at listOnTimeout (node:internal/timers:605:17) {
  digest: '2151575143'
}

Error occurred prerendering page "/locations/al-jubail/security". Read more: https://nextjs.org/docs/messages/prerender-error

TypeError: Cannot read properties of undefined (reading 'toLowerCase')
    at b (/Users/ahmedsalem/Desktop/all my projects/uneom.com/.next/server/app/locations/[city]/[industry]/page.js:1:4337)
    at eh (/Users/ahmedsalem/Desktop/all my projects/uneom.com/node_modules/next/dist/compiled/next-server/app-page.runtime.prod.js:12:134660)
    at e (/Users/ahmedsalem/Desktop/all my projects/uneom.com/node_modules/next/dist/compiled/next-server/app-page.runtime.prod.js:12:137545)
    at ek (/Users/ahmedsalem/Desktop/all my projects/uneom.com/node_modules/next/dist/compiled/next-server/app-page.runtime.prod.js:12:138019)
    at Array.toJSON (/Users/ahmedsalem/Desktop/all my projects/uneom.com/node_modules/next/dist/compiled/next-server/app-page.runtime.prod.js:12:135629)
    at stringify (<anonymous>)
    at eP (/Users/ahmedsalem/Desktop/all my projects/uneom.com/node_modules/next/dist/compiled/next-server/app-page.runtime.prod.js:12:142093)
    at eE (/Users/ahmedsalem/Desktop/all my projects/uneom.com/node_modules/next/dist/compiled/next-server/app-page.runtime.prod.js:12:142572)
    at AsyncLocalStorage.run (node:internal/async_local_storage/async_context_frame:63:14)
    at Timeout._onTimeout (/Users/ahmedsalem/Desktop/all my projects/uneom.com/node_modules/next/dist/compiled/next-server/app-page.runtime.prod.js:12:150373)

Error occurred prerendering page "/locations/al-jubail/manufacturing". Read more: https://nextjs.org/docs/messages/prerender-error

TypeError: Cannot read properties of undefined (reading 'toLowerCase')
    at b (/Users/ahmedsalem/Desktop/all my projects/uneom.com/.next/server/app/locations/[city]/[industry]/page.js:1:4337)
    at eh (/Users/ahmedsalem/Desktop/all my projects/uneom.com/node_modules/next/dist/compiled/next-server/app-page.runtime.prod.js:12:134660)
    at e (/Users/ahmedsalem/Desktop/all my projects/uneom.com/node_modules/next/dist/compiled/next-server/app-page.runtime.prod.js:12:137545)
    at ek (/Users/ahmedsalem/Desktop/all my projects/uneom.com/node_modules/next/dist/compiled/next-server/app-page.runtime.prod.js:12:138019)
    at Array.toJSON (/Users/ahmedsalem/Desktop/all my projects/uneom.com/node_modules/next/dist/compiled/next-server/app-page.runtime.prod.js:12:135629)
    at stringify (<anonymous>)
    at eP (/Users/ahmedsalem/Desktop/all my projects/uneom.com/node_modules/next/dist/compiled/next-server/app-page.runtime.prod.js:12:142093)
    at eE (/Users/ahmedsalem/Desktop/all my projects/uneom.com/node_modules/next/dist/compiled/next-server/app-page.runtime.prod.js:12:142572)
    at AsyncLocalStorage.run (node:internal/async_local_storage/async_context_frame:63:14)
    at Timeout._onTimeout (/Users/ahmedsalem/Desktop/all my projects/uneom.com/node_modules/next/dist/compiled/next-server/app-page.runtime.prod.js:12:150373)

Error occurred prerendering page "/locations/al-jubail/retail-shops". Read more: https://nextjs.org/docs/messages/prerender-error

TypeError: Cannot read properties of undefined (reading 'toLowerCase')
    at b (/Users/ahmedsalem/Desktop/all my projects/uneom.com/.next/server/app/locations/[city]/[industry]/page.js:1:4337)
    at eh (/Users/ahmedsalem/Desktop/all my projects/uneom.com/node_modules/next/dist/compiled/next-server/app-page.runtime.prod.js:12:134660)
    at e (/Users/ahmedsalem/Desktop/all my projects/uneom.com/node_modules/next/dist/compiled/next-server/app-page.runtime.prod.js:12:137545)
    at ek (/Users/ahmedsalem/Desktop/all my projects/uneom.com/node_modules/next/dist/compiled/next-server/app-page.runtime.prod.js:12:138019)
    at Array.toJSON (/Users/ahmedsalem/Desktop/all my projects/uneom.com/node_modules/next/dist/compiled/next-server/app-page.runtime.prod.js:12:135629)
    at stringify (<anonymous>)
    at eP (/Users/ahmedsalem/Desktop/all my projects/uneom.com/node_modules/next/dist/compiled/next-server/app-page.runtime.prod.js:12:142093)
    at eE (/Users/ahmedsalem/Desktop/all my projects/uneom.com/node_modules/next/dist/compiled/next-server/app-page.runtime.prod.js:12:142572)
    at AsyncLocalStorage.run (node:internal/async_local_storage/async_context_frame:63:14)
    at Timeout._onTimeout (/Users/ahmedsalem/Desktop/all my projects/uneom.com/node_modules/next/dist/compiled/next-server/app-page.runtime.prod.js:12:150373)
TypeError: Cannot read properties of undefined (reading 'toLowerCase')
    at Module.y (/Users/ahmedsalem/Desktop/all my projects/uneom.com/.next/server/app/locations/[city]/[industry]/page.js:1:2657)
    at /Users/ahmedsalem/Desktop/all my projects/uneom.com/node_modules/next/dist/compiled/next-server/app-page.runtime.prod.js:12:227525
    at /Users/ahmedsalem/Desktop/all my projects/uneom.com/node_modules/next/dist/server/lib/trace/tracer.js:140:36
    at NoopContextManager.with (/Users/ahmedsalem/Desktop/all my projects/uneom.com/node_modules/next/dist/compiled/@opentelemetry/api/index.js:1:7062)
    at ContextAPI.with (/Users/ahmedsalem/Desktop/all my projects/uneom.com/node_modules/next/dist/compiled/@opentelemetry/api/index.js:1:518)
    at NoopTracer.startActiveSpan (/Users/ahmedsalem/Desktop/all my projects/uneom.com/node_modules/next/dist/compiled/@opentelemetry/api/index.js:1:18093)
    at ProxyTracer.startActiveSpan (/Users/ahmedsalem/Desktop/all my projects/uneom.com/node_modules/next/dist/compiled/@opentelemetry/api/index.js:1:18854)
    at /Users/ahmedsalem/Desktop/all my projects/uneom.com/node_modules/next/dist/server/lib/trace/tracer.js:122:103
    at NoopContextManager.with (/Users/ahmedsalem/Desktop/all my projects/uneom.com/node_modules/next/dist/compiled/@opentelemetry/api/index.js:1:7062)
    at ContextAPI.with (/Users/ahmedsalem/Desktop/all my projects/uneom.com/node_modules/next/dist/compiled/@opentelemetry/api/index.js:1:518) {
  digest: '2592674761'
}
TypeError: Cannot read properties of undefined (reading 'toLowerCase')
    at Module.y (/Users/ahmedsalem/Desktop/all my projects/uneom.com/.next/server/app/locations/[city]/[industry]/page.js:1:2657)
    at /Users/ahmedsalem/Desktop/all my projects/uneom.com/node_modules/next/dist/compiled/next-server/app-page.runtime.prod.js:12:227525
    at /Users/ahmedsalem/Desktop/all my projects/uneom.com/node_modules/next/dist/server/lib/trace/tracer.js:140:36
    at NoopContextManager.with (/Users/ahmedsalem/Desktop/all my projects/uneom.com/node_modules/next/dist/compiled/@opentelemetry/api/index.js:1:7062)
    at ContextAPI.with (/Users/ahmedsalem/Desktop/all my projects/uneom.com/node_modules/next/dist/compiled/@opentelemetry/api/index.js:1:518)
    at NoopTracer.startActiveSpan (/Users/ahmedsalem/Desktop/all my projects/uneom.com/node_modules/next/dist/compiled/@opentelemetry/api/index.js:1:18093)
    at ProxyTracer.startActiveSpan (/Users/ahmedsalem/Desktop/all my projects/uneom.com/node_modules/next/dist/compiled/@opentelemetry/api/index.js:1:18854)
    at /Users/ahmedsalem/Desktop/all my projects/uneom.com/node_modules/next/dist/server/lib/trace/tracer.js:122:103
    at NoopContextManager.with (/Users/ahmedsalem/Desktop/all my projects/uneom.com/node_modules/next/dist/compiled/@opentelemetry/api/index.js:1:7062)
    at ContextAPI.with (/Users/ahmedsalem/Desktop/all my projects/uneom.com/node_modules/next/dist/compiled/@opentelemetry/api/index.js:1:518) {
  digest: '2592674761'
}

Error occurred prerendering page "/locations/al-jubail/factory-industry". Read more: https://nextjs.org/docs/messages/prerender-error

TypeError: Cannot read properties of undefined (reading 'toLowerCase')
    at b (/Users/ahmedsalem/Desktop/all my projects/uneom.com/.next/server/app/locations/[city]/[industry]/page.js:1:4337)
    at eh (/Users/ahmedsalem/Desktop/all my projects/uneom.com/node_modules/next/dist/compiled/next-server/app-page.runtime.prod.js:12:134660)
    at e (/Users/ahmedsalem/Desktop/all my projects/uneom.com/node_modules/next/dist/compiled/next-server/app-page.runtime.prod.js:12:137545)
    at ek (/Users/ahmedsalem/Desktop/all my projects/uneom.com/node_modules/next/dist/compiled/next-server/app-page.runtime.prod.js:12:138019)
    at Array.toJSON (/Users/ahmedsalem/Desktop/all my projects/uneom.com/node_modules/next/dist/compiled/next-server/app-page.runtime.prod.js:12:135629)
    at stringify (<anonymous>)
    at eP (/Users/ahmedsalem/Desktop/all my projects/uneom.com/node_modules/next/dist/compiled/next-server/app-page.runtime.prod.js:12:142093)
    at eE (/Users/ahmedsalem/Desktop/all my projects/uneom.com/node_modules/next/dist/compiled/next-server/app-page.runtime.prod.js:12:142572)
    at AsyncLocalStorage.run (node:internal/async_local_storage/async_context_frame:63:14)
    at Timeout._onTimeout (/Users/ahmedsalem/Desktop/all my projects/uneom.com/node_modules/next/dist/compiled/next-server/app-page.runtime.prod.js:12:150373)
TypeError: Cannot read properties of undefined (reading 'toLowerCase')
    at Module.y (/Users/ahmedsalem/Desktop/all my projects/uneom.com/.next/server/app/locations/[city]/[industry]/page.js:1:2657)
    at /Users/ahmedsalem/Desktop/all my projects/uneom.com/node_modules/next/dist/compiled/next-server/app-page.runtime.prod.js:12:227525
    at /Users/ahmedsalem/Desktop/all my projects/uneom.com/node_modules/next/dist/server/lib/trace/tracer.js:140:36
    at NoopContextManager.with (/Users/ahmedsalem/Desktop/all my projects/uneom.com/node_modules/next/dist/compiled/@opentelemetry/api/index.js:1:7062)
    at ContextAPI.with (/Users/ahmedsalem/Desktop/all my projects/uneom.com/node_modules/next/dist/compiled/@opentelemetry/api/index.js:1:518)
    at NoopTracer.startActiveSpan (/Users/ahmedsalem/Desktop/all my projects/uneom.com/node_modules/next/dist/compiled/@opentelemetry/api/index.js:1:18093)
    at ProxyTracer.startActiveSpan (/Users/ahmedsalem/Desktop/all my projects/uneom.com/node_modules/next/dist/compiled/@opentelemetry/api/index.js:1:18854)
    at /Users/ahmedsalem/Desktop/all my projects/uneom.com/node_modules/next/dist/server/lib/trace/tracer.js:122:103
    at NoopContextManager.with (/Users/ahmedsalem/Desktop/all my projects/uneom.com/node_modules/next/dist/compiled/@opentelemetry/api/index.js:1:7062)
    at ContextAPI.with (/Users/ahmedsalem/Desktop/all my projects/uneom.com/node_modules/next/dist/compiled/@opentelemetry/api/index.js:1:518) {
  digest: '2592674761'
}
TypeError: Cannot read properties of undefined (reading 'toLowerCase')
    at Module.y (/Users/ahmedsalem/Desktop/all my projects/uneom.com/.next/server/app/locations/[city]/[industry]/page.js:1:2657)
    at /Users/ahmedsalem/Desktop/all my projects/uneom.com/node_modules/next/dist/compiled/next-server/app-page.runtime.prod.js:12:227525
    at /Users/ahmedsalem/Desktop/all my projects/uneom.com/node_modules/next/dist/server/lib/trace/tracer.js:140:36
    at NoopContextManager.with (/Users/ahmedsalem/Desktop/all my projects/uneom.com/node_modules/next/dist/compiled/@opentelemetry/api/index.js:1:7062)
    at ContextAPI.with (/Users/ahmedsalem/Desktop/all my projects/uneom.com/node_modules/next/dist/compiled/@opentelemetry/api/index.js:1:518)
    at NoopTracer.startActiveSpan (/Users/ahmedsalem/Desktop/all my projects/uneom.com/node_modules/next/dist/compiled/@opentelemetry/api/index.js:1:18093)
    at ProxyTracer.startActiveSpan (/Users/ahmedsalem/Desktop/all my projects/uneom.com/node_modules/next/dist/compiled/@opentelemetry/api/index.js:1:18854)
    at /Users/ahmedsalem/Desktop/all my projects/uneom.com/node_modules/next/dist/server/lib/trace/tracer.js:122:103
    at NoopContextManager.with (/Users/ahmedsalem/Desktop/all my projects/uneom.com/node_modules/next/dist/compiled/@opentelemetry/api/index.js:1:7062)
    at ContextAPI.with (/Users/ahmedsalem/Desktop/all my projects/uneom.com/node_modules/next/dist/compiled/@opentelemetry/api/index.js:1:518) {
  digest: '2592674761'
}
TypeError: Cannot read properties of undefined (reading 'toLowerCase')
    at Module.y (/Users/ahmedsalem/Desktop/all my projects/uneom.com/.next/server/app/locations/[city]/[industry]/page.js:1:2657)
    at /Users/ahmedsalem/Desktop/all my projects/uneom.com/node_modules/next/dist/compiled/next-server/app-page.runtime.prod.js:12:227525
    at /Users/ahmedsalem/Desktop/all my projects/uneom.com/node_modules/next/dist/server/lib/trace/tracer.js:140:36
    at NoopContextManager.with (/Users/ahmedsalem/Desktop/all my projects/uneom.com/node_modules/next/dist/compiled/@opentelemetry/api/index.js:1:7062)
    at ContextAPI.with (/Users/ahmedsalem/Desktop/all my projects/uneom.com/node_modules/next/dist/compiled/@opentelemetry/api/index.js:1:518)
    at NoopTracer.startActiveSpan (/Users/ahmedsalem/Desktop/all my projects/uneom.com/node_modules/next/dist/compiled/@opentelemetry/api/index.js:1:18093)
    at ProxyTracer.startActiveSpan (/Users/ahmedsalem/Desktop/all my projects/uneom.com/node_modules/next/dist/compiled/@opentelemetry/api/index.js:1:18854)
    at /Users/ahmedsalem/Desktop/all my projects/uneom.com/node_modules/next/dist/server/lib/trace/tracer.js:122:103
    at NoopContextManager.with (/Users/ahmedsalem/Desktop/all my projects/uneom.com/node_modules/next/dist/compiled/@opentelemetry/api/index.js:1:7062)
    at ContextAPI.with (/Users/ahmedsalem/Desktop/all my projects/uneom.com/node_modules/next/dist/compiled/@opentelemetry/api/index.js:1:518) {
  digest: '2592674761'
}
TypeError: Cannot read properties of undefined (reading 'toLowerCase')
    at b (/Users/ahmedsalem/Desktop/all my projects/uneom.com/.next/server/app/locations/[city]/[industry]/page.js:1:4337)
    at eh (/Users/ahmedsalem/Desktop/all my projects/uneom.com/node_modules/next/dist/compiled/next-server/app-page.runtime.prod.js:12:134660)
    at e (/Users/ahmedsalem/Desktop/all my projects/uneom.com/node_modules/next/dist/compiled/next-server/app-page.runtime.prod.js:12:137545)
    at ek (/Users/ahmedsalem/Desktop/all my projects/uneom.com/node_modules/next/dist/compiled/next-server/app-page.runtime.prod.js:12:138019)
    at Array.toJSON (/Users/ahmedsalem/Desktop/all my projects/uneom.com/node_modules/next/dist/compiled/next-server/app-page.runtime.prod.js:12:135629)
    at stringify (<anonymous>)
    at eP (/Users/ahmedsalem/Desktop/all my projects/uneom.com/node_modules/next/dist/compiled/next-server/app-page.runtime.prod.js:12:142093)
    at eE (/Users/ahmedsalem/Desktop/all my projects/uneom.com/node_modules/next/dist/compiled/next-server/app-page.runtime.prod.js:12:142572)
    at AsyncLocalStorage.run (node:internal/async_local_storage/async_context_frame:63:14)
    at Timeout._onTimeout (/Users/ahmedsalem/Desktop/all my projects/uneom.com/node_modules/next/dist/compiled/next-server/app-page.runtime.prod.js:12:150373) {
  digest: '785353560'
}
TypeError: Cannot read properties of undefined (reading 'toLowerCase')
    at b (/Users/ahmedsalem/Desktop/all my projects/uneom.com/.next/server/app/locations/[city]/[industry]/page.js:1:4337)
    at eh (/Users/ahmedsalem/Desktop/all my projects/uneom.com/node_modules/next/dist/compiled/next-server/app-page.runtime.prod.js:12:134660)
    at e (/Users/ahmedsalem/Desktop/all my projects/uneom.com/node_modules/next/dist/compiled/next-server/app-page.runtime.prod.js:12:137545)
    at ek (/Users/ahmedsalem/Desktop/all my projects/uneom.com/node_modules/next/dist/compiled/next-server/app-page.runtime.prod.js:12:138019)
    at Array.toJSON (/Users/ahmedsalem/Desktop/all my projects/uneom.com/node_modules/next/dist/compiled/next-server/app-page.runtime.prod.js:12:135629)
    at stringify (<anonymous>)
    at eP (/Users/ahmedsalem/Desktop/all my projects/uneom.com/node_modules/next/dist/compiled/next-server/app-page.runtime.prod.js:12:142093)
    at eE (/Users/ahmedsalem/Desktop/all my projects/uneom.com/node_modules/next/dist/compiled/next-server/app-page.runtime.prod.js:12:142572)
    at AsyncLocalStorage.run (node:internal/async_local_storage/async_context_frame:63:14)
    at Timeout._onTimeout (/Users/ahmedsalem/Desktop/all my projects/uneom.com/node_modules/next/dist/compiled/next-server/app-page.runtime.prod.js:12:150373) {
  digest: '785353560'
}
TypeError: Cannot read properties of undefined (reading 'toLowerCase')
    at b (/Users/ahmedsalem/Desktop/all my projects/uneom.com/.next/server/app/locations/[city]/[industry]/page.js:1:4337)
    at eh (/Users/ahmedsalem/Desktop/all my projects/uneom.com/node_modules/next/dist/compiled/next-server/app-page.runtime.prod.js:12:134660)
    at e (/Users/ahmedsalem/Desktop/all my projects/uneom.com/node_modules/next/dist/compiled/next-server/app-page.runtime.prod.js:12:137545)
    at ek (/Users/ahmedsalem/Desktop/all my projects/uneom.com/node_modules/next/dist/compiled/next-server/app-page.runtime.prod.js:12:138019)
    at Array.toJSON (/Users/ahmedsalem/Desktop/all my projects/uneom.com/node_modules/next/dist/compiled/next-server/app-page.runtime.prod.js:12:135629)
    at stringify (<anonymous>)
    at eP (/Users/ahmedsalem/Desktop/all my projects/uneom.com/node_modules/next/dist/compiled/next-server/app-page.runtime.prod.js:12:142093)
    at eE (/Users/ahmedsalem/Desktop/all my projects/uneom.com/node_modules/next/dist/compiled/next-server/app-page.runtime.prod.js:12:142572)
    at AsyncLocalStorage.run (node:internal/async_local_storage/async_context_frame:63:14)
    at Timeout._onTimeout (/Users/ahmedsalem/Desktop/all my projects/uneom.com/node_modules/next/dist/compiled/next-server/app-page.runtime.prod.js:12:150373) {
  digest: '785353560'
}

Error occurred prerendering page "/locations/dhahran/hospitality". Read more: https://nextjs.org/docs/messages/prerender-error

TypeError: Cannot read properties of undefined (reading 'toLowerCase')
    at b (/Users/ahmedsalem/Desktop/all my projects/uneom.com/.next/server/app/locations/[city]/[industry]/page.js:1:4337)
    at eh (/Users/ahmedsalem/Desktop/all my projects/uneom.com/node_modules/next/dist/compiled/next-server/app-page.runtime.prod.js:12:134660)
    at e (/Users/ahmedsalem/Desktop/all my projects/uneom.com/node_modules/next/dist/compiled/next-server/app-page.runtime.prod.js:12:137545)
    at ek (/Users/ahmedsalem/Desktop/all my projects/uneom.com/node_modules/next/dist/compiled/next-server/app-page.runtime.prod.js:12:138019)
    at Array.toJSON (/Users/ahmedsalem/Desktop/all my projects/uneom.com/node_modules/next/dist/compiled/next-server/app-page.runtime.prod.js:12:135629)
    at stringify (<anonymous>)
    at eP (/Users/ahmedsalem/Desktop/all my projects/uneom.com/node_modules/next/dist/compiled/next-server/app-page.runtime.prod.js:12:142093)
    at eE (/Users/ahmedsalem/Desktop/all my projects/uneom.com/node_modules/next/dist/compiled/next-server/app-page.runtime.prod.js:12:142572)
    at AsyncLocalStorage.run (node:internal/async_local_storage/async_context_frame:63:14)
    at Timeout._onTimeout (/Users/ahmedsalem/Desktop/all my projects/uneom.com/node_modules/next/dist/compiled/next-server/app-page.runtime.prod.js:12:150373)
TypeError: Cannot read properties of undefined (reading 'toLowerCase')
    at b (/Users/ahmedsalem/Desktop/all my projects/uneom.com/.next/server/app/locations/[city]/[industry]/page.js:1:4337)
    at eh (/Users/ahmedsalem/Desktop/all my projects/uneom.com/node_modules/next/dist/compiled/next-server/app-page.runtime.prod.js:12:134660)
    at e (/Users/ahmedsalem/Desktop/all my projects/uneom.com/node_modules/next/dist/compiled/next-server/app-page.runtime.prod.js:12:137545)
    at ek (/Users/ahmedsalem/Desktop/all my projects/uneom.com/node_modules/next/dist/compiled/next-server/app-page.runtime.prod.js:12:138019)
    at Array.toJSON (/Users/ahmedsalem/Desktop/all my projects/uneom.com/node_modules/next/dist/compiled/next-server/app-page.runtime.prod.js:12:135629)
    at stringify (<anonymous>)
    at eP (/Users/ahmedsalem/Desktop/all my projects/uneom.com/node_modules/next/dist/compiled/next-server/app-page.runtime.prod.js:12:142093)
    at eE (/Users/ahmedsalem/Desktop/all my projects/uneom.com/node_modules/next/dist/compiled/next-server/app-page.runtime.prod.js:12:142572)
    at AsyncLocalStorage.run (node:internal/async_local_storage/async_context_frame:63:14)
    at Timeout._onTimeout (/Users/ahmedsalem/Desktop/all my projects/uneom.com/node_modules/next/dist/compiled/next-server/app-page.runtime.prod.js:12:150373) {
  digest: '785353560'
}
TypeError: Cannot read properties of undefined (reading 'toLowerCase')
    at b (/Users/ahmedsalem/Desktop/all my projects/uneom.com/.next/server/app/locations/[city]/[industry]/page.js:1:4337)
    at eh (/Users/ahmedsalem/Desktop/all my projects/uneom.com/node_modules/next/dist/compiled/next-server/app-page.runtime.prod.js:12:134660)
    at e (/Users/ahmedsalem/Desktop/all my projects/uneom.com/node_modules/next/dist/compiled/next-server/app-page.runtime.prod.js:12:137545)
    at ek (/Users/ahmedsalem/Desktop/all my projects/uneom.com/node_modules/next/dist/compiled/next-server/app-page.runtime.prod.js:12:138019)
    at Array.toJSON (/Users/ahmedsalem/Desktop/all my projects/uneom.com/node_modules/next/dist/compiled/next-server/app-page.runtime.prod.js:12:135629)
    at stringify (<anonymous>)
    at eP (/Users/ahmedsalem/Desktop/all my projects/uneom.com/node_modules/next/dist/compiled/next-server/app-page.runtime.prod.js:12:142093)
    at eE (/Users/ahmedsalem/Desktop/all my projects/uneom.com/node_modules/next/dist/compiled/next-server/app-page.runtime.prod.js:12:142572)
    at Timeout._onTimeout (/Users/ahmedsalem/Desktop/all my projects/uneom.com/node_modules/next/dist/compiled/next-server/app-page.runtime.prod.js:12:135349)
    at listOnTimeout (node:internal/timers:605:17) {
  digest: '2151575143'
}
TypeError: Cannot read properties of undefined (reading 'toLowerCase')
    at b (/Users/ahmedsalem/Desktop/all my projects/uneom.com/.next/server/app/locations/[city]/[industry]/page.js:1:4337)
    at eh (/Users/ahmedsalem/Desktop/all my projects/uneom.com/node_modules/next/dist/compiled/next-server/app-page.runtime.prod.js:12:134660)
    at e (/Users/ahmedsalem/Desktop/all my projects/uneom.com/node_modules/next/dist/compiled/next-server/app-page.runtime.prod.js:12:137545)
    at ek (/Users/ahmedsalem/Desktop/all my projects/uneom.com/node_modules/next/dist/compiled/next-server/app-page.runtime.prod.js:12:138019)
    at Array.toJSON (/Users/ahmedsalem/Desktop/all my projects/uneom.com/node_modules/next/dist/compiled/next-server/app-page.runtime.prod.js:12:135629)
    at stringify (<anonymous>)
    at eP (/Users/ahmedsalem/Desktop/all my projects/uneom.com/node_modules/next/dist/compiled/next-server/app-page.runtime.prod.js:12:142093)
    at eE (/Users/ahmedsalem/Desktop/all my projects/uneom.com/node_modules/next/dist/compiled/next-server/app-page.runtime.prod.js:12:142572)
    at Timeout._onTimeout (/Users/ahmedsalem/Desktop/all my projects/uneom.com/node_modules/next/dist/compiled/next-server/app-page.runtime.prod.js:12:135349)
    at listOnTimeout (node:internal/timers:605:17) {
  digest: '2151575143'
}
TypeError: Cannot read properties of undefined (reading 'toLowerCase')
    at b (/Users/ahmedsalem/Desktop/all my projects/uneom.com/.next/server/app/locations/[city]/[industry]/page.js:1:4337)
    at eh (/Users/ahmedsalem/Desktop/all my projects/uneom.com/node_modules/next/dist/compiled/next-server/app-page.runtime.prod.js:12:134660)
    at e (/Users/ahmedsalem/Desktop/all my projects/uneom.com/node_modules/next/dist/compiled/next-server/app-page.runtime.prod.js:12:137545)
    at ek (/Users/ahmedsalem/Desktop/all my projects/uneom.com/node_modules/next/dist/compiled/next-server/app-page.runtime.prod.js:12:138019)
    at Array.toJSON (/Users/ahmedsalem/Desktop/all my projects/uneom.com/node_modules/next/dist/compiled/next-server/app-page.runtime.prod.js:12:135629)
    at stringify (<anonymous>)
    at eP (/Users/ahmedsalem/Desktop/all my projects/uneom.com/node_modules/next/dist/compiled/next-server/app-page.runtime.prod.js:12:142093)
    at eE (/Users/ahmedsalem/Desktop/all my projects/uneom.com/node_modules/next/dist/compiled/next-server/app-page.runtime.prod.js:12:142572)
    at Timeout._onTimeout (/Users/ahmedsalem/Desktop/all my projects/uneom.com/node_modules/next/dist/compiled/next-server/app-page.runtime.prod.js:12:135349)
    at listOnTimeout (node:internal/timers:605:17) {
  digest: '2151575143'
}

Error occurred prerendering page "/locations/al-jubail/supply-manufacturing". Read more: https://nextjs.org/docs/messages/prerender-error

TypeError: Cannot read properties of undefined (reading 'toLowerCase')
    at b (/Users/ahmedsalem/Desktop/all my projects/uneom.com/.next/server/app/locations/[city]/[industry]/page.js:1:4337)
    at eh (/Users/ahmedsalem/Desktop/all my projects/uneom.com/node_modules/next/dist/compiled/next-server/app-page.runtime.prod.js:12:134660)
    at e (/Users/ahmedsalem/Desktop/all my projects/uneom.com/node_modules/next/dist/compiled/next-server/app-page.runtime.prod.js:12:137545)
    at ek (/Users/ahmedsalem/Desktop/all my projects/uneom.com/node_modules/next/dist/compiled/next-server/app-page.runtime.prod.js:12:138019)
    at Array.toJSON (/Users/ahmedsalem/Desktop/all my projects/uneom.com/node_modules/next/dist/compiled/next-server/app-page.runtime.prod.js:12:135629)
    at stringify (<anonymous>)
    at eP (/Users/ahmedsalem/Desktop/all my projects/uneom.com/node_modules/next/dist/compiled/next-server/app-page.runtime.prod.js:12:142093)
    at eE (/Users/ahmedsalem/Desktop/all my projects/uneom.com/node_modules/next/dist/compiled/next-server/app-page.runtime.prod.js:12:142572)
    at AsyncLocalStorage.run (node:internal/async_local_storage/async_context_frame:63:14)
    at Timeout._onTimeout (/Users/ahmedsalem/Desktop/all my projects/uneom.com/node_modules/next/dist/compiled/next-server/app-page.runtime.prod.js:12:150373)

Error occurred prerendering page "/locations/dhahran/healthcare". Read more: https://nextjs.org/docs/messages/prerender-error

TypeError: Cannot read properties of undefined (reading 'toLowerCase')
    at b (/Users/ahmedsalem/Desktop/all my projects/uneom.com/.next/server/app/locations/[city]/[industry]/page.js:1:4337)
    at eh (/Users/ahmedsalem/Desktop/all my projects/uneom.com/node_modules/next/dist/compiled/next-server/app-page.runtime.prod.js:12:134660)
    at e (/Users/ahmedsalem/Desktop/all my projects/uneom.com/node_modules/next/dist/compiled/next-server/app-page.runtime.prod.js:12:137545)
    at ek (/Users/ahmedsalem/Desktop/all my projects/uneom.com/node_modules/next/dist/compiled/next-server/app-page.runtime.prod.js:12:138019)
    at Array.toJSON (/Users/ahmedsalem/Desktop/all my projects/uneom.com/node_modules/next/dist/compiled/next-server/app-page.runtime.prod.js:12:135629)
    at stringify (<anonymous>)
    at eP (/Users/ahmedsalem/Desktop/all my projects/uneom.com/node_modules/next/dist/compiled/next-server/app-page.runtime.prod.js:12:142093)
    at eE (/Users/ahmedsalem/Desktop/all my projects/uneom.com/node_modules/next/dist/compiled/next-server/app-page.runtime.prod.js:12:142572)
    at AsyncLocalStorage.run (node:internal/async_local_storage/async_context_frame:63:14)
    at Timeout._onTimeout (/Users/ahmedsalem/Desktop/all my projects/uneom.com/node_modules/next/dist/compiled/next-server/app-page.runtime.prod.js:12:150373)
TypeError: Cannot read properties of undefined (reading 'toLowerCase')
    at b (/Users/ahmedsalem/Desktop/all my projects/uneom.com/.next/server/app/locations/[city]/[industry]/page.js:1:4337)
    at eh (/Users/ahmedsalem/Desktop/all my projects/uneom.com/node_modules/next/dist/compiled/next-server/app-page.runtime.prod.js:12:134660)
    at e (/Users/ahmedsalem/Desktop/all my projects/uneom.com/node_modules/next/dist/compiled/next-server/app-page.runtime.prod.js:12:137545)
    at ek (/Users/ahmedsalem/Desktop/all my projects/uneom.com/node_modules/next/dist/compiled/next-server/app-page.runtime.prod.js:12:138019)
    at Array.toJSON (/Users/ahmedsalem/Desktop/all my projects/uneom.com/node_modules/next/dist/compiled/next-server/app-page.runtime.prod.js:12:135629)
    at stringify (<anonymous>)
    at eP (/Users/ahmedsalem/Desktop/all my projects/uneom.com/node_modules/next/dist/compiled/next-server/app-page.runtime.prod.js:12:142093)
    at eE (/Users/ahmedsalem/Desktop/all my projects/uneom.com/node_modules/next/dist/compiled/next-server/app-page.runtime.prod.js:12:142572)
    at Timeout._onTimeout (/Users/ahmedsalem/Desktop/all my projects/uneom.com/node_modules/next/dist/compiled/next-server/app-page.runtime.prod.js:12:135349)
    at listOnTimeout (node:internal/timers:605:17) {
  digest: '2151575143'
}
TypeError: Cannot read properties of undefined (reading 'toLowerCase')
    at Module.y (/Users/ahmedsalem/Desktop/all my projects/uneom.com/.next/server/app/locations/[city]/[industry]/page.js:1:2657)
    at /Users/ahmedsalem/Desktop/all my projects/uneom.com/node_modules/next/dist/compiled/next-server/app-page.runtime.prod.js:12:227525
    at /Users/ahmedsalem/Desktop/all my projects/uneom.com/node_modules/next/dist/server/lib/trace/tracer.js:140:36
    at NoopContextManager.with (/Users/ahmedsalem/Desktop/all my projects/uneom.com/node_modules/next/dist/compiled/@opentelemetry/api/index.js:1:7062)
    at ContextAPI.with (/Users/ahmedsalem/Desktop/all my projects/uneom.com/node_modules/next/dist/compiled/@opentelemetry/api/index.js:1:518)
    at NoopTracer.startActiveSpan (/Users/ahmedsalem/Desktop/all my projects/uneom.com/node_modules/next/dist/compiled/@opentelemetry/api/index.js:1:18093)
    at ProxyTracer.startActiveSpan (/Users/ahmedsalem/Desktop/all my projects/uneom.com/node_modules/next/dist/compiled/@opentelemetry/api/index.js:1:18854)
    at /Users/ahmedsalem/Desktop/all my projects/uneom.com/node_modules/next/dist/server/lib/trace/tracer.js:122:103
    at NoopContextManager.with (/Users/ahmedsalem/Desktop/all my projects/uneom.com/node_modules/next/dist/compiled/@opentelemetry/api/index.js:1:7062)
    at ContextAPI.with (/Users/ahmedsalem/Desktop/all my projects/uneom.com/node_modules/next/dist/compiled/@opentelemetry/api/index.js:1:518) {
  digest: '2592674761'
}
TypeError: Cannot read properties of undefined (reading 'toLowerCase')
    at Module.y (/Users/ahmedsalem/Desktop/all my projects/uneom.com/.next/server/app/locations/[city]/[industry]/page.js:1:2657)
    at /Users/ahmedsalem/Desktop/all my projects/uneom.com/node_modules/next/dist/compiled/next-server/app-page.runtime.prod.js:12:227525
    at /Users/ahmedsalem/Desktop/all my projects/uneom.com/node_modules/next/dist/server/lib/trace/tracer.js:140:36
    at NoopContextManager.with (/Users/ahmedsalem/Desktop/all my projects/uneom.com/node_modules/next/dist/compiled/@opentelemetry/api/index.js:1:7062)
    at ContextAPI.with (/Users/ahmedsalem/Desktop/all my projects/uneom.com/node_modules/next/dist/compiled/@opentelemetry/api/index.js:1:518)
    at NoopTracer.startActiveSpan (/Users/ahmedsalem/Desktop/all my projects/uneom.com/node_modules/next/dist/compiled/@opentelemetry/api/index.js:1:18093)
    at ProxyTracer.startActiveSpan (/Users/ahmedsalem/Desktop/all my projects/uneom.com/node_modules/next/dist/compiled/@opentelemetry/api/index.js:1:18854)
    at /Users/ahmedsalem/Desktop/all my projects/uneom.com/node_modules/next/dist/server/lib/trace/tracer.js:122:103
    at NoopContextManager.with (/Users/ahmedsalem/Desktop/all my projects/uneom.com/node_modules/next/dist/compiled/@opentelemetry/api/index.js:1:7062)
    at ContextAPI.with (/Users/ahmedsalem/Desktop/all my projects/uneom.com/node_modules/next/dist/compiled/@opentelemetry/api/index.js:1:518) {
  digest: '2592674761'
}
TypeError: Cannot read properties of undefined (reading 'toLowerCase')
    at Module.y (/Users/ahmedsalem/Desktop/all my projects/uneom.com/.next/server/app/locations/[city]/[industry]/page.js:1:2657)
    at /Users/ahmedsalem/Desktop/all my projects/uneom.com/node_modules/next/dist/compiled/next-server/app-page.runtime.prod.js:12:227525
    at /Users/ahmedsalem/Desktop/all my projects/uneom.com/node_modules/next/dist/server/lib/trace/tracer.js:140:36
    at NoopContextManager.with (/Users/ahmedsalem/Desktop/all my projects/uneom.com/node_modules/next/dist/compiled/@opentelemetry/api/index.js:1:7062)
    at ContextAPI.with (/Users/ahmedsalem/Desktop/all my projects/uneom.com/node_modules/next/dist/compiled/@opentelemetry/api/index.js:1:518)
    at NoopTracer.startActiveSpan (/Users/ahmedsalem/Desktop/all my projects/uneom.com/node_modules/next/dist/compiled/@opentelemetry/api/index.js:1:18093)
    at ProxyTracer.startActiveSpan (/Users/ahmedsalem/Desktop/all my projects/uneom.com/node_modules/next/dist/compiled/@opentelemetry/api/index.js:1:18854)
    at /Users/ahmedsalem/Desktop/all my projects/uneom.com/node_modules/next/dist/server/lib/trace/tracer.js:122:103
    at NoopContextManager.with (/Users/ahmedsalem/Desktop/all my projects/uneom.com/node_modules/next/dist/compiled/@opentelemetry/api/index.js:1:7062)
    at ContextAPI.with (/Users/ahmedsalem/Desktop/all my projects/uneom.com/node_modules/next/dist/compiled/@opentelemetry/api/index.js:1:518) {
  digest: '2592674761'
}
TypeError: Cannot read properties of undefined (reading 'toLowerCase')
    at Module.y (/Users/ahmedsalem/Desktop/all my projects/uneom.com/.next/server/app/locations/[city]/[industry]/page.js:1:2657)
    at /Users/ahmedsalem/Desktop/all my projects/uneom.com/node_modules/next/dist/compiled/next-server/app-page.runtime.prod.js:12:227525
    at /Users/ahmedsalem/Desktop/all my projects/uneom.com/node_modules/next/dist/server/lib/trace/tracer.js:140:36
    at NoopContextManager.with (/Users/ahmedsalem/Desktop/all my projects/uneom.com/node_modules/next/dist/compiled/@opentelemetry/api/index.js:1:7062)
    at ContextAPI.with (/Users/ahmedsalem/Desktop/all my projects/uneom.com/node_modules/next/dist/compiled/@opentelemetry/api/index.js:1:518)
    at NoopTracer.startActiveSpan (/Users/ahmedsalem/Desktop/all my projects/uneom.com/node_modules/next/dist/compiled/@opentelemetry/api/index.js:1:18093)
    at ProxyTracer.startActiveSpan (/Users/ahmedsalem/Desktop/all my projects/uneom.com/node_modules/next/dist/compiled/@opentelemetry/api/index.js:1:18854)
    at /Users/ahmedsalem/Desktop/all my projects/uneom.com/node_modules/next/dist/server/lib/trace/tracer.js:122:103
    at NoopContextManager.with (/Users/ahmedsalem/Desktop/all my projects/uneom.com/node_modules/next/dist/compiled/@opentelemetry/api/index.js:1:7062)
    at ContextAPI.with (/Users/ahmedsalem/Desktop/all my projects/uneom.com/node_modules/next/dist/compiled/@opentelemetry/api/index.js:1:518) {
  digest: '2592674761'
}
TypeError: Cannot read properties of undefined (reading 'toLowerCase')
    at Module.y (/Users/ahmedsalem/Desktop/all my projects/uneom.com/.next/server/app/locations/[city]/[industry]/page.js:1:2657)
    at /Users/ahmedsalem/Desktop/all my projects/uneom.com/node_modules/next/dist/compiled/next-server/app-page.runtime.prod.js:12:227525
    at /Users/ahmedsalem/Desktop/all my projects/uneom.com/node_modules/next/dist/server/lib/trace/tracer.js:140:36
    at NoopContextManager.with (/Users/ahmedsalem/Desktop/all my projects/uneom.com/node_modules/next/dist/compiled/@opentelemetry/api/index.js:1:7062)
    at ContextAPI.with (/Users/ahmedsalem/Desktop/all my projects/uneom.com/node_modules/next/dist/compiled/@opentelemetry/api/index.js:1:518)
    at NoopTracer.startActiveSpan (/Users/ahmedsalem/Desktop/all my projects/uneom.com/node_modules/next/dist/compiled/@opentelemetry/api/index.js:1:18093)
    at ProxyTracer.startActiveSpan (/Users/ahmedsalem/Desktop/all my projects/uneom.com/node_modules/next/dist/compiled/@opentelemetry/api/index.js:1:18854)
    at /Users/ahmedsalem/Desktop/all my projects/uneom.com/node_modules/next/dist/server/lib/trace/tracer.js:122:103
    at NoopContextManager.with (/Users/ahmedsalem/Desktop/all my projects/uneom.com/node_modules/next/dist/compiled/@opentelemetry/api/index.js:1:7062)
    at ContextAPI.with (/Users/ahmedsalem/Desktop/all my projects/uneom.com/node_modules/next/dist/compiled/@opentelemetry/api/index.js:1:518) {
  digest: '2592674761'
}
TypeError: Cannot read properties of undefined (reading 'toLowerCase')
    at b (/Users/ahmedsalem/Desktop/all my projects/uneom.com/.next/server/app/locations/[city]/[industry]/page.js:1:4337)
    at eh (/Users/ahmedsalem/Desktop/all my projects/uneom.com/node_modules/next/dist/compiled/next-server/app-page.runtime.prod.js:12:134660)
    at e (/Users/ahmedsalem/Desktop/all my projects/uneom.com/node_modules/next/dist/compiled/next-server/app-page.runtime.prod.js:12:137545)
    at ek (/Users/ahmedsalem/Desktop/all my projects/uneom.com/node_modules/next/dist/compiled/next-server/app-page.runtime.prod.js:12:138019)
    at Array.toJSON (/Users/ahmedsalem/Desktop/all my projects/uneom.com/node_modules/next/dist/compiled/next-server/app-page.runtime.prod.js:12:135629)
    at stringify (<anonymous>)
    at eP (/Users/ahmedsalem/Desktop/all my projects/uneom.com/node_modules/next/dist/compiled/next-server/app-page.runtime.prod.js:12:142093)
    at eE (/Users/ahmedsalem/Desktop/all my projects/uneom.com/node_modules/next/dist/compiled/next-server/app-page.runtime.prod.js:12:142572)
    at AsyncLocalStorage.run (node:internal/async_local_storage/async_context_frame:63:14)
    at Timeout._onTimeout (/Users/ahmedsalem/Desktop/all my projects/uneom.com/node_modules/next/dist/compiled/next-server/app-page.runtime.prod.js:12:150373) {
  digest: '785353560'
}
TypeError: Cannot read properties of undefined (reading 'toLowerCase')
    at b (/Users/ahmedsalem/Desktop/all my projects/uneom.com/.next/server/app/locations/[city]/[industry]/page.js:1:4337)
    at eh (/Users/ahmedsalem/Desktop/all my projects/uneom.com/node_modules/next/dist/compiled/next-server/app-page.runtime.prod.js:12:134660)
    at e (/Users/ahmedsalem/Desktop/all my projects/uneom.com/node_modules/next/dist/compiled/next-server/app-page.runtime.prod.js:12:137545)
    at ek (/Users/ahmedsalem/Desktop/all my projects/uneom.com/node_modules/next/dist/compiled/next-server/app-page.runtime.prod.js:12:138019)
    at Array.toJSON (/Users/ahmedsalem/Desktop/all my projects/uneom.com/node_modules/next/dist/compiled/next-server/app-page.runtime.prod.js:12:135629)
    at stringify (<anonymous>)
    at eP (/Users/ahmedsalem/Desktop/all my projects/uneom.com/node_modules/next/dist/compiled/next-server/app-page.runtime.prod.js:12:142093)
    at eE (/Users/ahmedsalem/Desktop/all my projects/uneom.com/node_modules/next/dist/compiled/next-server/app-page.runtime.prod.js:12:142572)
    at AsyncLocalStorage.run (node:internal/async_local_storage/async_context_frame:63:14)
    at Timeout._onTimeout (/Users/ahmedsalem/Desktop/all my projects/uneom.com/node_modules/next/dist/compiled/next-server/app-page.runtime.prod.js:12:150373) {
  digest: '785353560'
}
TypeError: Cannot read properties of undefined (reading 'toLowerCase')
    at Module.y (/Users/ahmedsalem/Desktop/all my projects/uneom.com/.next/server/app/locations/[city]/[industry]/page.js:1:2657)
    at /Users/ahmedsalem/Desktop/all my projects/uneom.com/node_modules/next/dist/compiled/next-server/app-page.runtime.prod.js:12:227525
    at /Users/ahmedsalem/Desktop/all my projects/uneom.com/node_modules/next/dist/server/lib/trace/tracer.js:140:36
    at NoopContextManager.with (/Users/ahmedsalem/Desktop/all my projects/uneom.com/node_modules/next/dist/compiled/@opentelemetry/api/index.js:1:7062)
    at ContextAPI.with (/Users/ahmedsalem/Desktop/all my projects/uneom.com/node_modules/next/dist/compiled/@opentelemetry/api/index.js:1:518)
    at NoopTracer.startActiveSpan (/Users/ahmedsalem/Desktop/all my projects/uneom.com/node_modules/next/dist/compiled/@opentelemetry/api/index.js:1:18093)
    at ProxyTracer.startActiveSpan (/Users/ahmedsalem/Desktop/all my projects/uneom.com/node_modules/next/dist/compiled/@opentelemetry/api/index.js:1:18854)
    at /Users/ahmedsalem/Desktop/all my projects/uneom.com/node_modules/next/dist/server/lib/trace/tracer.js:122:103
    at NoopContextManager.with (/Users/ahmedsalem/Desktop/all my projects/uneom.com/node_modules/next/dist/compiled/@opentelemetry/api/index.js:1:7062)
    at ContextAPI.with (/Users/ahmedsalem/Desktop/all my projects/uneom.com/node_modules/next/dist/compiled/@opentelemetry/api/index.js:1:518) {
  digest: '2592674761'
}
TypeError: Cannot read properties of undefined (reading 'toLowerCase')
    at Module.y (/Users/ahmedsalem/Desktop/all my projects/uneom.com/.next/server/app/locations/[city]/[industry]/page.js:1:2657)
    at /Users/ahmedsalem/Desktop/all my projects/uneom.com/node_modules/next/dist/compiled/next-server/app-page.runtime.prod.js:12:227525
    at /Users/ahmedsalem/Desktop/all my projects/uneom.com/node_modules/next/dist/server/lib/trace/tracer.js:140:36
    at NoopContextManager.with (/Users/ahmedsalem/Desktop/all my projects/uneom.com/node_modules/next/dist/compiled/@opentelemetry/api/index.js:1:7062)
    at ContextAPI.with (/Users/ahmedsalem/Desktop/all my projects/uneom.com/node_modules/next/dist/compiled/@opentelemetry/api/index.js:1:518)
    at NoopTracer.startActiveSpan (/Users/ahmedsalem/Desktop/all my projects/uneom.com/node_modules/next/dist/compiled/@opentelemetry/api/index.js:1:18093)
    at ProxyTracer.startActiveSpan (/Users/ahmedsalem/Desktop/all my projects/uneom.com/node_modules/next/dist/compiled/@opentelemetry/api/index.js:1:18854)
    at /Users/ahmedsalem/Desktop/all my projects/uneom.com/node_modules/next/dist/server/lib/trace/tracer.js:122:103
    at NoopContextManager.with (/Users/ahmedsalem/Desktop/all my projects/uneom.com/node_modules/next/dist/compiled/@opentelemetry/api/index.js:1:7062)
    at ContextAPI.with (/Users/ahmedsalem/Desktop/all my projects/uneom.com/node_modules/next/dist/compiled/@opentelemetry/api/index.js:1:518) {
  digest: '2592674761'
}
TypeError: Cannot read properties of undefined (reading 'toLowerCase')
    at b (/Users/ahmedsalem/Desktop/all my projects/uneom.com/.next/server/app/locations/[city]/[industry]/page.js:1:4337)
    at eh (/Users/ahmedsalem/Desktop/all my projects/uneom.com/node_modules/next/dist/compiled/next-server/app-page.runtime.prod.js:12:134660)
    at e (/Users/ahmedsalem/Desktop/all my projects/uneom.com/node_modules/next/dist/compiled/next-server/app-page.runtime.prod.js:12:137545)
    at ek (/Users/ahmedsalem/Desktop/all my projects/uneom.com/node_modules/next/dist/compiled/next-server/app-page.runtime.prod.js:12:138019)
    at Array.toJSON (/Users/ahmedsalem/Desktop/all my projects/uneom.com/node_modules/next/dist/compiled/next-server/app-page.runtime.prod.js:12:135629)
    at stringify (<anonymous>)
    at eP (/Users/ahmedsalem/Desktop/all my projects/uneom.com/node_modules/next/dist/compiled/next-server/app-page.runtime.prod.js:12:142093)
    at eE (/Users/ahmedsalem/Desktop/all my projects/uneom.com/node_modules/next/dist/compiled/next-server/app-page.runtime.prod.js:12:142572)
    at AsyncLocalStorage.run (node:internal/async_local_storage/async_context_frame:63:14)
    at Timeout._onTimeout (/Users/ahmedsalem/Desktop/all my projects/uneom.com/node_modules/next/dist/compiled/next-server/app-page.runtime.prod.js:12:150373) {
  digest: '785353560'
}
TypeError: Cannot read properties of undefined (reading 'toLowerCase')
    at b (/Users/ahmedsalem/Desktop/all my projects/uneom.com/.next/server/app/locations/[city]/[industry]/page.js:1:4337)
    at eh (/Users/ahmedsalem/Desktop/all my projects/uneom.com/node_modules/next/dist/compiled/next-server/app-page.runtime.prod.js:12:134660)
    at e (/Users/ahmedsalem/Desktop/all my projects/uneom.com/node_modules/next/dist/compiled/next-server/app-page.runtime.prod.js:12:137545)
    at ek (/Users/ahmedsalem/Desktop/all my projects/uneom.com/node_modules/next/dist/compiled/next-server/app-page.runtime.prod.js:12:138019)
    at Array.toJSON (/Users/ahmedsalem/Desktop/all my projects/uneom.com/node_modules/next/dist/compiled/next-server/app-page.runtime.prod.js:12:135629)
    at stringify (<anonymous>)
    at eP (/Users/ahmedsalem/Desktop/all my projects/uneom.com/node_modules/next/dist/compiled/next-server/app-page.runtime.prod.js:12:142093)
    at eE (/Users/ahmedsalem/Desktop/all my projects/uneom.com/node_modules/next/dist/compiled/next-server/app-page.runtime.prod.js:12:142572)
    at Timeout._onTimeout (/Users/ahmedsalem/Desktop/all my projects/uneom.com/node_modules/next/dist/compiled/next-server/app-page.runtime.prod.js:12:135349)
    at listOnTimeout (node:internal/timers:605:17) {
  digest: '2151575143'
}
TypeError: Cannot read properties of undefined (reading 'toLowerCase')
    at b (/Users/ahmedsalem/Desktop/all my projects/uneom.com/.next/server/app/locations/[city]/[industry]/page.js:1:4337)
    at eh (/Users/ahmedsalem/Desktop/all my projects/uneom.com/node_modules/next/dist/compiled/next-server/app-page.runtime.prod.js:12:134660)
    at e (/Users/ahmedsalem/Desktop/all my projects/uneom.com/node_modules/next/dist/compiled/next-server/app-page.runtime.prod.js:12:137545)
    at ek (/Users/ahmedsalem/Desktop/all my projects/uneom.com/node_modules/next/dist/compiled/next-server/app-page.runtime.prod.js:12:138019)
    at Array.toJSON (/Users/ahmedsalem/Desktop/all my projects/uneom.com/node_modules/next/dist/compiled/next-server/app-page.runtime.prod.js:12:135629)
    at stringify (<anonymous>)
    at eP (/Users/ahmedsalem/Desktop/all my projects/uneom.com/node_modules/next/dist/compiled/next-server/app-page.runtime.prod.js:12:142093)
    at eE (/Users/ahmedsalem/Desktop/all my projects/uneom.com/node_modules/next/dist/compiled/next-server/app-page.runtime.prod.js:12:142572)
    at Timeout._onTimeout (/Users/ahmedsalem/Desktop/all my projects/uneom.com/node_modules/next/dist/compiled/next-server/app-page.runtime.prod.js:12:135349)
    at listOnTimeout (node:internal/timers:605:17) {
  digest: '2151575143'
}
TypeError: Cannot read properties of undefined (reading 'toLowerCase')
    at Module.y (/Users/ahmedsalem/Desktop/all my projects/uneom.com/.next/server/app/locations/[city]/[industry]/page.js:1:2657)
    at /Users/ahmedsalem/Desktop/all my projects/uneom.com/node_modules/next/dist/compiled/next-server/app-page.runtime.prod.js:12:227525
    at /Users/ahmedsalem/Desktop/all my projects/uneom.com/node_modules/next/dist/server/lib/trace/tracer.js:140:36
    at NoopContextManager.with (/Users/ahmedsalem/Desktop/all my projects/uneom.com/node_modules/next/dist/compiled/@opentelemetry/api/index.js:1:7062)
    at ContextAPI.with (/Users/ahmedsalem/Desktop/all my projects/uneom.com/node_modules/next/dist/compiled/@opentelemetry/api/index.js:1:518)
    at NoopTracer.startActiveSpan (/Users/ahmedsalem/Desktop/all my projects/uneom.com/node_modules/next/dist/compiled/@opentelemetry/api/index.js:1:18093)
    at ProxyTracer.startActiveSpan (/Users/ahmedsalem/Desktop/all my projects/uneom.com/node_modules/next/dist/compiled/@opentelemetry/api/index.js:1:18854)
    at /Users/ahmedsalem/Desktop/all my projects/uneom.com/node_modules/next/dist/server/lib/trace/tracer.js:122:103
    at NoopContextManager.with (/Users/ahmedsalem/Desktop/all my projects/uneom.com/node_modules/next/dist/compiled/@opentelemetry/api/index.js:1:7062)
    at ContextAPI.with (/Users/ahmedsalem/Desktop/all my projects/uneom.com/node_modules/next/dist/compiled/@opentelemetry/api/index.js:1:518) {
  digest: '2592674761'
}
TypeError: Cannot read properties of undefined (reading 'toLowerCase')
    at b (/Users/ahmedsalem/Desktop/all my projects/uneom.com/.next/server/app/locations/[city]/[industry]/page.js:1:4337)
    at eh (/Users/ahmedsalem/Desktop/all my projects/uneom.com/node_modules/next/dist/compiled/next-server/app-page.runtime.prod.js:12:134660)
    at e (/Users/ahmedsalem/Desktop/all my projects/uneom.com/node_modules/next/dist/compiled/next-server/app-page.runtime.prod.js:12:137545)
    at ek (/Users/ahmedsalem/Desktop/all my projects/uneom.com/node_modules/next/dist/compiled/next-server/app-page.runtime.prod.js:12:138019)
    at Array.toJSON (/Users/ahmedsalem/Desktop/all my projects/uneom.com/node_modules/next/dist/compiled/next-server/app-page.runtime.prod.js:12:135629)
    at stringify (<anonymous>)
    at eP (/Users/ahmedsalem/Desktop/all my projects/uneom.com/node_modules/next/dist/compiled/next-server/app-page.runtime.prod.js:12:142093)
    at eE (/Users/ahmedsalem/Desktop/all my projects/uneom.com/node_modules/next/dist/compiled/next-server/app-page.runtime.prod.js:12:142572)
    at Timeout._onTimeout (/Users/ahmedsalem/Desktop/all my projects/uneom.com/node_modules/next/dist/compiled/next-server/app-page.runtime.prod.js:12:135349)
    at listOnTimeout (node:internal/timers:605:17) {
  digest: '2151575143'
}
TypeError: Cannot read properties of undefined (reading 'toLowerCase')
    at Module.y (/Users/ahmedsalem/Desktop/all my projects/uneom.com/.next/server/app/locations/[city]/[industry]/page.js:1:2657)
    at /Users/ahmedsalem/Desktop/all my projects/uneom.com/node_modules/next/dist/compiled/next-server/app-page.runtime.prod.js:12:227525
    at /Users/ahmedsalem/Desktop/all my projects/uneom.com/node_modules/next/dist/server/lib/trace/tracer.js:140:36
    at NoopContextManager.with (/Users/ahmedsalem/Desktop/all my projects/uneom.com/node_modules/next/dist/compiled/@opentelemetry/api/index.js:1:7062)
    at ContextAPI.with (/Users/ahmedsalem/Desktop/all my projects/uneom.com/node_modules/next/dist/compiled/@opentelemetry/api/index.js:1:518)
    at NoopTracer.startActiveSpan (/Users/ahmedsalem/Desktop/all my projects/uneom.com/node_modules/next/dist/compiled/@opentelemetry/api/index.js:1:18093)
    at ProxyTracer.startActiveSpan (/Users/ahmedsalem/Desktop/all my projects/uneom.com/node_modules/next/dist/compiled/@opentelemetry/api/index.js:1:18854)
    at /Users/ahmedsalem/Desktop/all my projects/uneom.com/node_modules/next/dist/server/lib/trace/tracer.js:122:103
    at NoopContextManager.with (/Users/ahmedsalem/Desktop/all my projects/uneom.com/node_modules/next/dist/compiled/@opentelemetry/api/index.js:1:7062)
    at ContextAPI.with (/Users/ahmedsalem/Desktop/all my projects/uneom.com/node_modules/next/dist/compiled/@opentelemetry/api/index.js:1:518) {
  digest: '2592674761'
}
TypeError: Cannot read properties of undefined (reading 'toLowerCase')
    at Module.y (/Users/ahmedsalem/Desktop/all my projects/uneom.com/.next/server/app/locations/[city]/[industry]/page.js:1:2657)
    at /Users/ahmedsalem/Desktop/all my projects/uneom.com/node_modules/next/dist/compiled/next-server/app-page.runtime.prod.js:12:227525
    at /Users/ahmedsalem/Desktop/all my projects/uneom.com/node_modules/next/dist/server/lib/trace/tracer.js:140:36
    at NoopContextManager.with (/Users/ahmedsalem/Desktop/all my projects/uneom.com/node_modules/next/dist/compiled/@opentelemetry/api/index.js:1:7062)
    at ContextAPI.with (/Users/ahmedsalem/Desktop/all my projects/uneom.com/node_modules/next/dist/compiled/@opentelemetry/api/index.js:1:518)
    at NoopTracer.startActiveSpan (/Users/ahmedsalem/Desktop/all my projects/uneom.com/node_modules/next/dist/compiled/@opentelemetry/api/index.js:1:18093)
    at ProxyTracer.startActiveSpan (/Users/ahmedsalem/Desktop/all my projects/uneom.com/node_modules/next/dist/compiled/@opentelemetry/api/index.js:1:18854)
    at /Users/ahmedsalem/Desktop/all my projects/uneom.com/node_modules/next/dist/server/lib/trace/tracer.js:122:103
    at NoopContextManager.with (/Users/ahmedsalem/Desktop/all my projects/uneom.com/node_modules/next/dist/compiled/@opentelemetry/api/index.js:1:7062)
    at ContextAPI.with (/Users/ahmedsalem/Desktop/all my projects/uneom.com/node_modules/next/dist/compiled/@opentelemetry/api/index.js:1:518) {
  digest: '2592674761'
}

Error occurred prerendering page "/locations/dhahran/aviation". Read more: https://nextjs.org/docs/messages/prerender-error

TypeError: Cannot read properties of undefined (reading 'toLowerCase')
    at b (/Users/ahmedsalem/Desktop/all my projects/uneom.com/.next/server/app/locations/[city]/[industry]/page.js:1:4337)
    at eh (/Users/ahmedsalem/Desktop/all my projects/uneom.com/node_modules/next/dist/compiled/next-server/app-page.runtime.prod.js:12:134660)
    at e (/Users/ahmedsalem/Desktop/all my projects/uneom.com/node_modules/next/dist/compiled/next-server/app-page.runtime.prod.js:12:137545)
    at ek (/Users/ahmedsalem/Desktop/all my projects/uneom.com/node_modules/next/dist/compiled/next-server/app-page.runtime.prod.js:12:138019)
    at Array.toJSON (/Users/ahmedsalem/Desktop/all my projects/uneom.com/node_modules/next/dist/compiled/next-server/app-page.runtime.prod.js:12:135629)
    at stringify (<anonymous>)
    at eP (/Users/ahmedsalem/Desktop/all my projects/uneom.com/node_modules/next/dist/compiled/next-server/app-page.runtime.prod.js:12:142093)
    at eE (/Users/ahmedsalem/Desktop/all my projects/uneom.com/node_modules/next/dist/compiled/next-server/app-page.runtime.prod.js:12:142572)
    at AsyncLocalStorage.run (node:internal/async_local_storage/async_context_frame:63:14)
    at Timeout._onTimeout (/Users/ahmedsalem/Desktop/all my projects/uneom.com/node_modules/next/dist/compiled/next-server/app-page.runtime.prod.js:12:150373)

Error occurred prerendering page "/locations/dhahran/education". Read more: https://nextjs.org/docs/messages/prerender-error

TypeError: Cannot read properties of undefined (reading 'toLowerCase')
    at b (/Users/ahmedsalem/Desktop/all my projects/uneom.com/.next/server/app/locations/[city]/[industry]/page.js:1:4337)
    at eh (/Users/ahmedsalem/Desktop/all my projects/uneom.com/node_modules/next/dist/compiled/next-server/app-page.runtime.prod.js:12:134660)
    at e (/Users/ahmedsalem/Desktop/all my projects/uneom.com/node_modules/next/dist/compiled/next-server/app-page.runtime.prod.js:12:137545)
    at ek (/Users/ahmedsalem/Desktop/all my projects/uneom.com/node_modules/next/dist/compiled/next-server/app-page.runtime.prod.js:12:138019)
    at Array.toJSON (/Users/ahmedsalem/Desktop/all my projects/uneom.com/node_modules/next/dist/compiled/next-server/app-page.runtime.prod.js:12:135629)
    at stringify (<anonymous>)
    at eP (/Users/ahmedsalem/Desktop/all my projects/uneom.com/node_modules/next/dist/compiled/next-server/app-page.runtime.prod.js:12:142093)
    at eE (/Users/ahmedsalem/Desktop/all my projects/uneom.com/node_modules/next/dist/compiled/next-server/app-page.runtime.prod.js:12:142572)
    at AsyncLocalStorage.run (node:internal/async_local_storage/async_context_frame:63:14)
    at Timeout._onTimeout (/Users/ahmedsalem/Desktop/all my projects/uneom.com/node_modules/next/dist/compiled/next-server/app-page.runtime.prod.js:12:150373)

Error occurred prerendering page "/locations/dhahran/corporate". Read more: https://nextjs.org/docs/messages/prerender-error

TypeError: Cannot read properties of undefined (reading 'toLowerCase')
    at b (/Users/ahmedsalem/Desktop/all my projects/uneom.com/.next/server/app/locations/[city]/[industry]/page.js:1:4337)
    at eh (/Users/ahmedsalem/Desktop/all my projects/uneom.com/node_modules/next/dist/compiled/next-server/app-page.runtime.prod.js:12:134660)
    at e (/Users/ahmedsalem/Desktop/all my projects/uneom.com/node_modules/next/dist/compiled/next-server/app-page.runtime.prod.js:12:137545)
    at ek (/Users/ahmedsalem/Desktop/all my projects/uneom.com/node_modules/next/dist/compiled/next-server/app-page.runtime.prod.js:12:138019)
    at Array.toJSON (/Users/ahmedsalem/Desktop/all my projects/uneom.com/node_modules/next/dist/compiled/next-server/app-page.runtime.prod.js:12:135629)
    at stringify (<anonymous>)
    at eP (/Users/ahmedsalem/Desktop/all my projects/uneom.com/node_modules/next/dist/compiled/next-server/app-page.runtime.prod.js:12:142093)
    at eE (/Users/ahmedsalem/Desktop/all my projects/uneom.com/node_modules/next/dist/compiled/next-server/app-page.runtime.prod.js:12:142572)
    at AsyncLocalStorage.run (node:internal/async_local_storage/async_context_frame:63:14)
    at Timeout._onTimeout (/Users/ahmedsalem/Desktop/all my projects/uneom.com/node_modules/next/dist/compiled/next-server/app-page.runtime.prod.js:12:150373)
TypeError: Cannot read properties of undefined (reading 'toLowerCase')
    at Module.y (/Users/ahmedsalem/Desktop/all my projects/uneom.com/.next/server/app/locations/[city]/[industry]/page.js:1:2657)
    at /Users/ahmedsalem/Desktop/all my projects/uneom.com/node_modules/next/dist/compiled/next-server/app-page.runtime.prod.js:12:227525
    at /Users/ahmedsalem/Desktop/all my projects/uneom.com/node_modules/next/dist/server/lib/trace/tracer.js:140:36
    at NoopContextManager.with (/Users/ahmedsalem/Desktop/all my projects/uneom.com/node_modules/next/dist/compiled/@opentelemetry/api/index.js:1:7062)
    at ContextAPI.with (/Users/ahmedsalem/Desktop/all my projects/uneom.com/node_modules/next/dist/compiled/@opentelemetry/api/index.js:1:518)
    at NoopTracer.startActiveSpan (/Users/ahmedsalem/Desktop/all my projects/uneom.com/node_modules/next/dist/compiled/@opentelemetry/api/index.js:1:18093)
    at ProxyTracer.startActiveSpan (/Users/ahmedsalem/Desktop/all my projects/uneom.com/node_modules/next/dist/compiled/@opentelemetry/api/index.js:1:18854)
    at /Users/ahmedsalem/Desktop/all my projects/uneom.com/node_modules/next/dist/server/lib/trace/tracer.js:122:103
    at NoopContextManager.with (/Users/ahmedsalem/Desktop/all my projects/uneom.com/node_modules/next/dist/compiled/@opentelemetry/api/index.js:1:7062)
    at ContextAPI.with (/Users/ahmedsalem/Desktop/all my projects/uneom.com/node_modules/next/dist/compiled/@opentelemetry/api/index.js:1:518) {
  digest: '2592674761'
}
TypeError: Cannot read properties of undefined (reading 'toLowerCase')
    at Module.y (/Users/ahmedsalem/Desktop/all my projects/uneom.com/.next/server/app/locations/[city]/[industry]/page.js:1:2657)
    at /Users/ahmedsalem/Desktop/all my projects/uneom.com/node_modules/next/dist/compiled/next-server/app-page.runtime.prod.js:12:227525
    at /Users/ahmedsalem/Desktop/all my projects/uneom.com/node_modules/next/dist/server/lib/trace/tracer.js:140:36
    at NoopContextManager.with (/Users/ahmedsalem/Desktop/all my projects/uneom.com/node_modules/next/dist/compiled/@opentelemetry/api/index.js:1:7062)
    at ContextAPI.with (/Users/ahmedsalem/Desktop/all my projects/uneom.com/node_modules/next/dist/compiled/@opentelemetry/api/index.js:1:518)
    at NoopTracer.startActiveSpan (/Users/ahmedsalem/Desktop/all my projects/uneom.com/node_modules/next/dist/compiled/@opentelemetry/api/index.js:1:18093)
    at ProxyTracer.startActiveSpan (/Users/ahmedsalem/Desktop/all my projects/uneom.com/node_modules/next/dist/compiled/@opentelemetry/api/index.js:1:18854)
    at /Users/ahmedsalem/Desktop/all my projects/uneom.com/node_modules/next/dist/server/lib/trace/tracer.js:122:103
    at NoopContextManager.with (/Users/ahmedsalem/Desktop/all my projects/uneom.com/node_modules/next/dist/compiled/@opentelemetry/api/index.js:1:7062)
    at ContextAPI.with (/Users/ahmedsalem/Desktop/all my projects/uneom.com/node_modules/next/dist/compiled/@opentelemetry/api/index.js:1:518) {
  digest: '2592674761'
}
TypeError: Cannot read properties of undefined (reading 'toLowerCase')
    at Module.y (/Users/ahmedsalem/Desktop/all my projects/uneom.com/.next/server/app/locations/[city]/[industry]/page.js:1:2657)
    at /Users/ahmedsalem/Desktop/all my projects/uneom.com/node_modules/next/dist/compiled/next-server/app-page.runtime.prod.js:12:227525
    at /Users/ahmedsalem/Desktop/all my projects/uneom.com/node_modules/next/dist/server/lib/trace/tracer.js:140:36
    at NoopContextManager.with (/Users/ahmedsalem/Desktop/all my projects/uneom.com/node_modules/next/dist/compiled/@opentelemetry/api/index.js:1:7062)
    at ContextAPI.with (/Users/ahmedsalem/Desktop/all my projects/uneom.com/node_modules/next/dist/compiled/@opentelemetry/api/index.js:1:518)
    at NoopTracer.startActiveSpan (/Users/ahmedsalem/Desktop/all my projects/uneom.com/node_modules/next/dist/compiled/@opentelemetry/api/index.js:1:18093)
    at ProxyTracer.startActiveSpan (/Users/ahmedsalem/Desktop/all my projects/uneom.com/node_modules/next/dist/compiled/@opentelemetry/api/index.js:1:18854)
    at /Users/ahmedsalem/Desktop/all my projects/uneom.com/node_modules/next/dist/server/lib/trace/tracer.js:122:103
    at NoopContextManager.with (/Users/ahmedsalem/Desktop/all my projects/uneom.com/node_modules/next/dist/compiled/@opentelemetry/api/index.js:1:7062)
    at ContextAPI.with (/Users/ahmedsalem/Desktop/all my projects/uneom.com/node_modules/next/dist/compiled/@opentelemetry/api/index.js:1:518) {
  digest: '2592674761'
}
TypeError: Cannot read properties of undefined (reading 'toLowerCase')
    at Module.y (/Users/ahmedsalem/Desktop/all my projects/uneom.com/.next/server/app/locations/[city]/[industry]/page.js:1:2657)
    at /Users/ahmedsalem/Desktop/all my projects/uneom.com/node_modules/next/dist/compiled/next-server/app-page.runtime.prod.js:12:227525
    at /Users/ahmedsalem/Desktop/all my projects/uneom.com/node_modules/next/dist/server/lib/trace/tracer.js:140:36
    at NoopContextManager.with (/Users/ahmedsalem/Desktop/all my projects/uneom.com/node_modules/next/dist/compiled/@opentelemetry/api/index.js:1:7062)
    at ContextAPI.with (/Users/ahmedsalem/Desktop/all my projects/uneom.com/node_modules/next/dist/compiled/@opentelemetry/api/index.js:1:518)
    at NoopTracer.startActiveSpan (/Users/ahmedsalem/Desktop/all my projects/uneom.com/node_modules/next/dist/compiled/@opentelemetry/api/index.js:1:18093)
    at ProxyTracer.startActiveSpan (/Users/ahmedsalem/Desktop/all my projects/uneom.com/node_modules/next/dist/compiled/@opentelemetry/api/index.js:1:18854)
    at /Users/ahmedsalem/Desktop/all my projects/uneom.com/node_modules/next/dist/server/lib/trace/tracer.js:122:103
    at NoopContextManager.with (/Users/ahmedsalem/Desktop/all my projects/uneom.com/node_modules/next/dist/compiled/@opentelemetry/api/index.js:1:7062)
    at ContextAPI.with (/Users/ahmedsalem/Desktop/all my projects/uneom.com/node_modules/next/dist/compiled/@opentelemetry/api/index.js:1:518) {
  digest: '2592674761'
}
TypeError: Cannot read properties of undefined (reading 'toLowerCase')
    at b (/Users/ahmedsalem/Desktop/all my projects/uneom.com/.next/server/app/locations/[city]/[industry]/page.js:1:4337)
    at eh (/Users/ahmedsalem/Desktop/all my projects/uneom.com/node_modules/next/dist/compiled/next-server/app-page.runtime.prod.js:12:134660)
    at e (/Users/ahmedsalem/Desktop/all my projects/uneom.com/node_modules/next/dist/compiled/next-server/app-page.runtime.prod.js:12:137545)
    at ek (/Users/ahmedsalem/Desktop/all my projects/uneom.com/node_modules/next/dist/compiled/next-server/app-page.runtime.prod.js:12:138019)
    at Array.toJSON (/Users/ahmedsalem/Desktop/all my projects/uneom.com/node_modules/next/dist/compiled/next-server/app-page.runtime.prod.js:12:135629)
    at stringify (<anonymous>)
    at eP (/Users/ahmedsalem/Desktop/all my projects/uneom.com/node_modules/next/dist/compiled/next-server/app-page.runtime.prod.js:12:142093)
    at eE (/Users/ahmedsalem/Desktop/all my projects/uneom.com/node_modules/next/dist/compiled/next-server/app-page.runtime.prod.js:12:142572)
    at AsyncLocalStorage.run (node:internal/async_local_storage/async_context_frame:63:14)
    at Timeout._onTimeout (/Users/ahmedsalem/Desktop/all my projects/uneom.com/node_modules/next/dist/compiled/next-server/app-page.runtime.prod.js:12:150373) {
  digest: '785353560'
}

Error occurred prerendering page "/locations/dhahran/manufacturing". Read more: https://nextjs.org/docs/messages/prerender-error

TypeError: Cannot read properties of undefined (reading 'toLowerCase')
    at b (/Users/ahmedsalem/Desktop/all my projects/uneom.com/.next/server/app/locations/[city]/[industry]/page.js:1:4337)
    at eh (/Users/ahmedsalem/Desktop/all my projects/uneom.com/node_modules/next/dist/compiled/next-server/app-page.runtime.prod.js:12:134660)
    at e (/Users/ahmedsalem/Desktop/all my projects/uneom.com/node_modules/next/dist/compiled/next-server/app-page.runtime.prod.js:12:137545)
    at ek (/Users/ahmedsalem/Desktop/all my projects/uneom.com/node_modules/next/dist/compiled/next-server/app-page.runtime.prod.js:12:138019)
    at Array.toJSON (/Users/ahmedsalem/Desktop/all my projects/uneom.com/node_modules/next/dist/compiled/next-server/app-page.runtime.prod.js:12:135629)
    at stringify (<anonymous>)
    at eP (/Users/ahmedsalem/Desktop/all my projects/uneom.com/node_modules/next/dist/compiled/next-server/app-page.runtime.prod.js:12:142093)
    at eE (/Users/ahmedsalem/Desktop/all my projects/uneom.com/node_modules/next/dist/compiled/next-server/app-page.runtime.prod.js:12:142572)
    at AsyncLocalStorage.run (node:internal/async_local_storage/async_context_frame:63:14)
    at Timeout._onTimeout (/Users/ahmedsalem/Desktop/all my projects/uneom.com/node_modules/next/dist/compiled/next-server/app-page.runtime.prod.js:12:150373)
TypeError: Cannot read properties of undefined (reading 'toLowerCase')
    at b (/Users/ahmedsalem/Desktop/all my projects/uneom.com/.next/server/app/locations/[city]/[industry]/page.js:1:4337)
    at eh (/Users/ahmedsalem/Desktop/all my projects/uneom.com/node_modules/next/dist/compiled/next-server/app-page.runtime.prod.js:12:134660)
    at e (/Users/ahmedsalem/Desktop/all my projects/uneom.com/node_modules/next/dist/compiled/next-server/app-page.runtime.prod.js:12:137545)
    at ek (/Users/ahmedsalem/Desktop/all my projects/uneom.com/node_modules/next/dist/compiled/next-server/app-page.runtime.prod.js:12:138019)
    at Array.toJSON (/Users/ahmedsalem/Desktop/all my projects/uneom.com/node_modules/next/dist/compiled/next-server/app-page.runtime.prod.js:12:135629)
    at stringify (<anonymous>)
    at eP (/Users/ahmedsalem/Desktop/all my projects/uneom.com/node_modules/next/dist/compiled/next-server/app-page.runtime.prod.js:12:142093)
    at eE (/Users/ahmedsalem/Desktop/all my projects/uneom.com/node_modules/next/dist/compiled/next-server/app-page.runtime.prod.js:12:142572)
    at Timeout._onTimeout (/Users/ahmedsalem/Desktop/all my projects/uneom.com/node_modules/next/dist/compiled/next-server/app-page.runtime.prod.js:12:135349)
    at listOnTimeout (node:internal/timers:605:17) {
  digest: '2151575143'
}
TypeError: Cannot read properties of undefined (reading 'toLowerCase')
    at b (/Users/ahmedsalem/Desktop/all my projects/uneom.com/.next/server/app/locations/[city]/[industry]/page.js:1:4337)
    at eh (/Users/ahmedsalem/Desktop/all my projects/uneom.com/node_modules/next/dist/compiled/next-server/app-page.runtime.prod.js:12:134660)
    at e (/Users/ahmedsalem/Desktop/all my projects/uneom.com/node_modules/next/dist/compiled/next-server/app-page.runtime.prod.js:12:137545)
    at ek (/Users/ahmedsalem/Desktop/all my projects/uneom.com/node_modules/next/dist/compiled/next-server/app-page.runtime.prod.js:12:138019)
    at Array.toJSON (/Users/ahmedsalem/Desktop/all my projects/uneom.com/node_modules/next/dist/compiled/next-server/app-page.runtime.prod.js:12:135629)
    at stringify (<anonymous>)
    at eP (/Users/ahmedsalem/Desktop/all my projects/uneom.com/node_modules/next/dist/compiled/next-server/app-page.runtime.prod.js:12:142093)
    at eE (/Users/ahmedsalem/Desktop/all my projects/uneom.com/node_modules/next/dist/compiled/next-server/app-page.runtime.prod.js:12:142572)
    at AsyncLocalStorage.run (node:internal/async_local_storage/async_context_frame:63:14)
    at Timeout._onTimeout (/Users/ahmedsalem/Desktop/all my projects/uneom.com/node_modules/next/dist/compiled/next-server/app-page.runtime.prod.js:12:150373) {
  digest: '785353560'
}
TypeError: Cannot read properties of undefined (reading 'toLowerCase')
    at b (/Users/ahmedsalem/Desktop/all my projects/uneom.com/.next/server/app/locations/[city]/[industry]/page.js:1:4337)
    at eh (/Users/ahmedsalem/Desktop/all my projects/uneom.com/node_modules/next/dist/compiled/next-server/app-page.runtime.prod.js:12:134660)
    at e (/Users/ahmedsalem/Desktop/all my projects/uneom.com/node_modules/next/dist/compiled/next-server/app-page.runtime.prod.js:12:137545)
    at ek (/Users/ahmedsalem/Desktop/all my projects/uneom.com/node_modules/next/dist/compiled/next-server/app-page.runtime.prod.js:12:138019)
    at Array.toJSON (/Users/ahmedsalem/Desktop/all my projects/uneom.com/node_modules/next/dist/compiled/next-server/app-page.runtime.prod.js:12:135629)
    at stringify (<anonymous>)
    at eP (/Users/ahmedsalem/Desktop/all my projects/uneom.com/node_modules/next/dist/compiled/next-server/app-page.runtime.prod.js:12:142093)
    at eE (/Users/ahmedsalem/Desktop/all my projects/uneom.com/node_modules/next/dist/compiled/next-server/app-page.runtime.prod.js:12:142572)
    at AsyncLocalStorage.run (node:internal/async_local_storage/async_context_frame:63:14)
    at Timeout._onTimeout (/Users/ahmedsalem/Desktop/all my projects/uneom.com/node_modules/next/dist/compiled/next-server/app-page.runtime.prod.js:12:150373) {
  digest: '785353560'
}
TypeError: Cannot read properties of undefined (reading 'toLowerCase')
    at Module.y (/Users/ahmedsalem/Desktop/all my projects/uneom.com/.next/server/app/locations/[city]/[industry]/page.js:1:2657)
    at /Users/ahmedsalem/Desktop/all my projects/uneom.com/node_modules/next/dist/compiled/next-server/app-page.runtime.prod.js:12:227525
    at /Users/ahmedsalem/Desktop/all my projects/uneom.com/node_modules/next/dist/server/lib/trace/tracer.js:140:36
    at NoopContextManager.with (/Users/ahmedsalem/Desktop/all my projects/uneom.com/node_modules/next/dist/compiled/@opentelemetry/api/index.js:1:7062)
    at ContextAPI.with (/Users/ahmedsalem/Desktop/all my projects/uneom.com/node_modules/next/dist/compiled/@opentelemetry/api/index.js:1:518)
    at NoopTracer.startActiveSpan (/Users/ahmedsalem/Desktop/all my projects/uneom.com/node_modules/next/dist/compiled/@opentelemetry/api/index.js:1:18093)
    at ProxyTracer.startActiveSpan (/Users/ahmedsalem/Desktop/all my projects/uneom.com/node_modules/next/dist/compiled/@opentelemetry/api/index.js:1:18854)
    at /Users/ahmedsalem/Desktop/all my projects/uneom.com/node_modules/next/dist/server/lib/trace/tracer.js:122:103
    at NoopContextManager.with (/Users/ahmedsalem/Desktop/all my projects/uneom.com/node_modules/next/dist/compiled/@opentelemetry/api/index.js:1:7062)
    at ContextAPI.with (/Users/ahmedsalem/Desktop/all my projects/uneom.com/node_modules/next/dist/compiled/@opentelemetry/api/index.js:1:518) {
  digest: '2592674761'
}
TypeError: Cannot read properties of undefined (reading 'toLowerCase')
    at b (/Users/ahmedsalem/Desktop/all my projects/uneom.com/.next/server/app/locations/[city]/[industry]/page.js:1:4337)
    at eh (/Users/ahmedsalem/Desktop/all my projects/uneom.com/node_modules/next/dist/compiled/next-server/app-page.runtime.prod.js:12:134660)
    at e (/Users/ahmedsalem/Desktop/all my projects/uneom.com/node_modules/next/dist/compiled/next-server/app-page.runtime.prod.js:12:137545)
    at ek (/Users/ahmedsalem/Desktop/all my projects/uneom.com/node_modules/next/dist/compiled/next-server/app-page.runtime.prod.js:12:138019)
    at Array.toJSON (/Users/ahmedsalem/Desktop/all my projects/uneom.com/node_modules/next/dist/compiled/next-server/app-page.runtime.prod.js:12:135629)
    at stringify (<anonymous>)
    at eP (/Users/ahmedsalem/Desktop/all my projects/uneom.com/node_modules/next/dist/compiled/next-server/app-page.runtime.prod.js:12:142093)
    at eE (/Users/ahmedsalem/Desktop/all my projects/uneom.com/node_modules/next/dist/compiled/next-server/app-page.runtime.prod.js:12:142572)
    at Timeout._onTimeout (/Users/ahmedsalem/Desktop/all my projects/uneom.com/node_modules/next/dist/compiled/next-server/app-page.runtime.prod.js:12:135349)
    at listOnTimeout (node:internal/timers:605:17) {
  digest: '2151575143'
}
TypeError: Cannot read properties of undefined (reading 'toLowerCase')
    at b (/Users/ahmedsalem/Desktop/all my projects/uneom.com/.next/server/app/locations/[city]/[industry]/page.js:1:4337)
    at eh (/Users/ahmedsalem/Desktop/all my projects/uneom.com/node_modules/next/dist/compiled/next-server/app-page.runtime.prod.js:12:134660)
    at e (/Users/ahmedsalem/Desktop/all my projects/uneom.com/node_modules/next/dist/compiled/next-server/app-page.runtime.prod.js:12:137545)
    at ek (/Users/ahmedsalem/Desktop/all my projects/uneom.com/node_modules/next/dist/compiled/next-server/app-page.runtime.prod.js:12:138019)
    at Array.toJSON (/Users/ahmedsalem/Desktop/all my projects/uneom.com/node_modules/next/dist/compiled/next-server/app-page.runtime.prod.js:12:135629)
    at stringify (<anonymous>)
    at eP (/Users/ahmedsalem/Desktop/all my projects/uneom.com/node_modules/next/dist/compiled/next-server/app-page.runtime.prod.js:12:142093)
    at eE (/Users/ahmedsalem/Desktop/all my projects/uneom.com/node_modules/next/dist/compiled/next-server/app-page.runtime.prod.js:12:142572)
    at Timeout._onTimeout (/Users/ahmedsalem/Desktop/all my projects/uneom.com/node_modules/next/dist/compiled/next-server/app-page.runtime.prod.js:12:135349)
    at listOnTimeout (node:internal/timers:605:17) {
  digest: '2151575143'
}

Error occurred prerendering page "/locations/dhahran/security". Read more: https://nextjs.org/docs/messages/prerender-error

TypeError: Cannot read properties of undefined (reading 'toLowerCase')
    at b (/Users/ahmedsalem/Desktop/all my projects/uneom.com/.next/server/app/locations/[city]/[industry]/page.js:1:4337)
    at eh (/Users/ahmedsalem/Desktop/all my projects/uneom.com/node_modules/next/dist/compiled/next-server/app-page.runtime.prod.js:12:134660)
    at e (/Users/ahmedsalem/Desktop/all my projects/uneom.com/node_modules/next/dist/compiled/next-server/app-page.runtime.prod.js:12:137545)
    at ek (/Users/ahmedsalem/Desktop/all my projects/uneom.com/node_modules/next/dist/compiled/next-server/app-page.runtime.prod.js:12:138019)
    at Array.toJSON (/Users/ahmedsalem/Desktop/all my projects/uneom.com/node_modules/next/dist/compiled/next-server/app-page.runtime.prod.js:12:135629)
    at stringify (<anonymous>)
    at eP (/Users/ahmedsalem/Desktop/all my projects/uneom.com/node_modules/next/dist/compiled/next-server/app-page.runtime.prod.js:12:142093)
    at eE (/Users/ahmedsalem/Desktop/all my projects/uneom.com/node_modules/next/dist/compiled/next-server/app-page.runtime.prod.js:12:142572)
    at AsyncLocalStorage.run (node:internal/async_local_storage/async_context_frame:63:14)
    at Timeout._onTimeout (/Users/ahmedsalem/Desktop/all my projects/uneom.com/node_modules/next/dist/compiled/next-server/app-page.runtime.prod.js:12:150373)

Error occurred prerendering page "/locations/dhahran/factory-industry". Read more: https://nextjs.org/docs/messages/prerender-error

TypeError: Cannot read properties of undefined (reading 'toLowerCase')
    at b (/Users/ahmedsalem/Desktop/all my projects/uneom.com/.next/server/app/locations/[city]/[industry]/page.js:1:4337)
    at eh (/Users/ahmedsalem/Desktop/all my projects/uneom.com/node_modules/next/dist/compiled/next-server/app-page.runtime.prod.js:12:134660)
    at e (/Users/ahmedsalem/Desktop/all my projects/uneom.com/node_modules/next/dist/compiled/next-server/app-page.runtime.prod.js:12:137545)
    at ek (/Users/ahmedsalem/Desktop/all my projects/uneom.com/node_modules/next/dist/compiled/next-server/app-page.runtime.prod.js:12:138019)
    at Array.toJSON (/Users/ahmedsalem/Desktop/all my projects/uneom.com/node_modules/next/dist/compiled/next-server/app-page.runtime.prod.js:12:135629)
    at stringify (<anonymous>)
    at eP (/Users/ahmedsalem/Desktop/all my projects/uneom.com/node_modules/next/dist/compiled/next-server/app-page.runtime.prod.js:12:142093)
    at eE (/Users/ahmedsalem/Desktop/all my projects/uneom.com/node_modules/next/dist/compiled/next-server/app-page.runtime.prod.js:12:142572)
    at AsyncLocalStorage.run (node:internal/async_local_storage/async_context_frame:63:14)
    at Timeout._onTimeout (/Users/ahmedsalem/Desktop/all my projects/uneom.com/node_modules/next/dist/compiled/next-server/app-page.runtime.prod.js:12:150373)
TypeError: Cannot read properties of undefined (reading 'toLowerCase')
    at b (/Users/ahmedsalem/Desktop/all my projects/uneom.com/.next/server/app/locations/[city]/[industry]/page.js:1:4337)
    at eh (/Users/ahmedsalem/Desktop/all my projects/uneom.com/node_modules/next/dist/compiled/next-server/app-page.runtime.prod.js:12:134660)
    at e (/Users/ahmedsalem/Desktop/all my projects/uneom.com/node_modules/next/dist/compiled/next-server/app-page.runtime.prod.js:12:137545)
    at ek (/Users/ahmedsalem/Desktop/all my projects/uneom.com/node_modules/next/dist/compiled/next-server/app-page.runtime.prod.js:12:138019)
    at Array.toJSON (/Users/ahmedsalem/Desktop/all my projects/uneom.com/node_modules/next/dist/compiled/next-server/app-page.runtime.prod.js:12:135629)
    at stringify (<anonymous>)
    at eP (/Users/ahmedsalem/Desktop/all my projects/uneom.com/node_modules/next/dist/compiled/next-server/app-page.runtime.prod.js:12:142093)
    at eE (/Users/ahmedsalem/Desktop/all my projects/uneom.com/node_modules/next/dist/compiled/next-server/app-page.runtime.prod.js:12:142572)
    at AsyncLocalStorage.run (node:internal/async_local_storage/async_context_frame:63:14)
    at Timeout._onTimeout (/Users/ahmedsalem/Desktop/all my projects/uneom.com/node_modules/next/dist/compiled/next-server/app-page.runtime.prod.js:12:150373) {
  digest: '785353560'
}
TypeError: Cannot read properties of undefined (reading 'toLowerCase')
    at Module.y (/Users/ahmedsalem/Desktop/all my projects/uneom.com/.next/server/app/locations/[city]/[industry]/page.js:1:2657)
    at /Users/ahmedsalem/Desktop/all my projects/uneom.com/node_modules/next/dist/compiled/next-server/app-page.runtime.prod.js:12:227525
    at /Users/ahmedsalem/Desktop/all my projects/uneom.com/node_modules/next/dist/server/lib/trace/tracer.js:140:36
    at NoopContextManager.with (/Users/ahmedsalem/Desktop/all my projects/uneom.com/node_modules/next/dist/compiled/@opentelemetry/api/index.js:1:7062)
    at ContextAPI.with (/Users/ahmedsalem/Desktop/all my projects/uneom.com/node_modules/next/dist/compiled/@opentelemetry/api/index.js:1:518)
    at NoopTracer.startActiveSpan (/Users/ahmedsalem/Desktop/all my projects/uneom.com/node_modules/next/dist/compiled/@opentelemetry/api/index.js:1:18093)
    at ProxyTracer.startActiveSpan (/Users/ahmedsalem/Desktop/all my projects/uneom.com/node_modules/next/dist/compiled/@opentelemetry/api/index.js:1:18854)
    at /Users/ahmedsalem/Desktop/all my projects/uneom.com/node_modules/next/dist/server/lib/trace/tracer.js:122:103
    at NoopContextManager.with (/Users/ahmedsalem/Desktop/all my projects/uneom.com/node_modules/next/dist/compiled/@opentelemetry/api/index.js:1:7062)
    at ContextAPI.with (/Users/ahmedsalem/Desktop/all my projects/uneom.com/node_modules/next/dist/compiled/@opentelemetry/api/index.js:1:518) {
  digest: '2592674761'
}
TypeError: Cannot read properties of undefined (reading 'toLowerCase')
    at Module.y (/Users/ahmedsalem/Desktop/all my projects/uneom.com/.next/server/app/locations/[city]/[industry]/page.js:1:2657)
    at /Users/ahmedsalem/Desktop/all my projects/uneom.com/node_modules/next/dist/compiled/next-server/app-page.runtime.prod.js:12:227525
    at /Users/ahmedsalem/Desktop/all my projects/uneom.com/node_modules/next/dist/server/lib/trace/tracer.js:140:36
    at NoopContextManager.with (/Users/ahmedsalem/Desktop/all my projects/uneom.com/node_modules/next/dist/compiled/@opentelemetry/api/index.js:1:7062)
    at ContextAPI.with (/Users/ahmedsalem/Desktop/all my projects/uneom.com/node_modules/next/dist/compiled/@opentelemetry/api/index.js:1:518)
    at NoopTracer.startActiveSpan (/Users/ahmedsalem/Desktop/all my projects/uneom.com/node_modules/next/dist/compiled/@opentelemetry/api/index.js:1:18093)
    at ProxyTracer.startActiveSpan (/Users/ahmedsalem/Desktop/all my projects/uneom.com/node_modules/next/dist/compiled/@opentelemetry/api/index.js:1:18854)
    at /Users/ahmedsalem/Desktop/all my projects/uneom.com/node_modules/next/dist/server/lib/trace/tracer.js:122:103
    at NoopContextManager.with (/Users/ahmedsalem/Desktop/all my projects/uneom.com/node_modules/next/dist/compiled/@opentelemetry/api/index.js:1:7062)
    at ContextAPI.with (/Users/ahmedsalem/Desktop/all my projects/uneom.com/node_modules/next/dist/compiled/@opentelemetry/api/index.js:1:518) {
  digest: '2592674761'
}

Error occurred prerendering page "/locations/dhahran/retail-shops". Read more: https://nextjs.org/docs/messages/prerender-error

TypeError: Cannot read properties of undefined (reading 'toLowerCase')
    at b (/Users/ahmedsalem/Desktop/all my projects/uneom.com/.next/server/app/locations/[city]/[industry]/page.js:1:4337)
    at eh (/Users/ahmedsalem/Desktop/all my projects/uneom.com/node_modules/next/dist/compiled/next-server/app-page.runtime.prod.js:12:134660)
    at e (/Users/ahmedsalem/Desktop/all my projects/uneom.com/node_modules/next/dist/compiled/next-server/app-page.runtime.prod.js:12:137545)
    at ek (/Users/ahmedsalem/Desktop/all my projects/uneom.com/node_modules/next/dist/compiled/next-server/app-page.runtime.prod.js:12:138019)
    at Array.toJSON (/Users/ahmedsalem/Desktop/all my projects/uneom.com/node_modules/next/dist/compiled/next-server/app-page.runtime.prod.js:12:135629)
    at stringify (<anonymous>)
    at eP (/Users/ahmedsalem/Desktop/all my projects/uneom.com/node_modules/next/dist/compiled/next-server/app-page.runtime.prod.js:12:142093)
    at eE (/Users/ahmedsalem/Desktop/all my projects/uneom.com/node_modules/next/dist/compiled/next-server/app-page.runtime.prod.js:12:142572)
    at AsyncLocalStorage.run (node:internal/async_local_storage/async_context_frame:63:14)
    at Timeout._onTimeout (/Users/ahmedsalem/Desktop/all my projects/uneom.com/node_modules/next/dist/compiled/next-server/app-page.runtime.prod.js:12:150373)
TypeError: Cannot read properties of undefined (reading 'toLowerCase')
    at b (/Users/ahmedsalem/Desktop/all my projects/uneom.com/.next/server/app/locations/[city]/[industry]/page.js:1:4337)
    at eh (/Users/ahmedsalem/Desktop/all my projects/uneom.com/node_modules/next/dist/compiled/next-server/app-page.runtime.prod.js:12:134660)
    at e (/Users/ahmedsalem/Desktop/all my projects/uneom.com/node_modules/next/dist/compiled/next-server/app-page.runtime.prod.js:12:137545)
    at ek (/Users/ahmedsalem/Desktop/all my projects/uneom.com/node_modules/next/dist/compiled/next-server/app-page.runtime.prod.js:12:138019)
    at Array.toJSON (/Users/ahmedsalem/Desktop/all my projects/uneom.com/node_modules/next/dist/compiled/next-server/app-page.runtime.prod.js:12:135629)
    at stringify (<anonymous>)
    at eP (/Users/ahmedsalem/Desktop/all my projects/uneom.com/node_modules/next/dist/compiled/next-server/app-page.runtime.prod.js:12:142093)
    at eE (/Users/ahmedsalem/Desktop/all my projects/uneom.com/node_modules/next/dist/compiled/next-server/app-page.runtime.prod.js:12:142572)
    at Timeout._onTimeout (/Users/ahmedsalem/Desktop/all my projects/uneom.com/node_modules/next/dist/compiled/next-server/app-page.runtime.prod.js:12:135349)
    at listOnTimeout (node:internal/timers:605:17) {
  digest: '2151575143'
}
TypeError: Cannot read properties of undefined (reading 'toLowerCase')
    at Module.y (/Users/ahmedsalem/Desktop/all my projects/uneom.com/.next/server/app/locations/[city]/[industry]/page.js:1:2657)
    at /Users/ahmedsalem/Desktop/all my projects/uneom.com/node_modules/next/dist/compiled/next-server/app-page.runtime.prod.js:12:227525
    at /Users/ahmedsalem/Desktop/all my projects/uneom.com/node_modules/next/dist/server/lib/trace/tracer.js:140:36
    at NoopContextManager.with (/Users/ahmedsalem/Desktop/all my projects/uneom.com/node_modules/next/dist/compiled/@opentelemetry/api/index.js:1:7062)
    at ContextAPI.with (/Users/ahmedsalem/Desktop/all my projects/uneom.com/node_modules/next/dist/compiled/@opentelemetry/api/index.js:1:518)
    at NoopTracer.startActiveSpan (/Users/ahmedsalem/Desktop/all my projects/uneom.com/node_modules/next/dist/compiled/@opentelemetry/api/index.js:1:18093)
    at ProxyTracer.startActiveSpan (/Users/ahmedsalem/Desktop/all my projects/uneom.com/node_modules/next/dist/compiled/@opentelemetry/api/index.js:1:18854)
    at /Users/ahmedsalem/Desktop/all my projects/uneom.com/node_modules/next/dist/server/lib/trace/tracer.js:122:103
    at NoopContextManager.with (/Users/ahmedsalem/Desktop/all my projects/uneom.com/node_modules/next/dist/compiled/@opentelemetry/api/index.js:1:7062)
    at ContextAPI.with (/Users/ahmedsalem/Desktop/all my projects/uneom.com/node_modules/next/dist/compiled/@opentelemetry/api/index.js:1:518) {
  digest: '2592674761'
}
TypeError: Cannot read properties of undefined (reading 'toLowerCase')
    at Module.y (/Users/ahmedsalem/Desktop/all my projects/uneom.com/.next/server/app/locations/[city]/[industry]/page.js:1:2657)
    at /Users/ahmedsalem/Desktop/all my projects/uneom.com/node_modules/next/dist/compiled/next-server/app-page.runtime.prod.js:12:227525
    at /Users/ahmedsalem/Desktop/all my projects/uneom.com/node_modules/next/dist/server/lib/trace/tracer.js:140:36
    at NoopContextManager.with (/Users/ahmedsalem/Desktop/all my projects/uneom.com/node_modules/next/dist/compiled/@opentelemetry/api/index.js:1:7062)
    at ContextAPI.with (/Users/ahmedsalem/Desktop/all my projects/uneom.com/node_modules/next/dist/compiled/@opentelemetry/api/index.js:1:518)
    at NoopTracer.startActiveSpan (/Users/ahmedsalem/Desktop/all my projects/uneom.com/node_modules/next/dist/compiled/@opentelemetry/api/index.js:1:18093)
    at ProxyTracer.startActiveSpan (/Users/ahmedsalem/Desktop/all my projects/uneom.com/node_modules/next/dist/compiled/@opentelemetry/api/index.js:1:18854)
    at /Users/ahmedsalem/Desktop/all my projects/uneom.com/node_modules/next/dist/server/lib/trace/tracer.js:122:103
    at NoopContextManager.with (/Users/ahmedsalem/Desktop/all my projects/uneom.com/node_modules/next/dist/compiled/@opentelemetry/api/index.js:1:7062)
    at ContextAPI.with (/Users/ahmedsalem/Desktop/all my projects/uneom.com/node_modules/next/dist/compiled/@opentelemetry/api/index.js:1:518) {
  digest: '2592674761'
}
TypeError: Cannot read properties of undefined (reading 'toLowerCase')
    at Module.y (/Users/ahmedsalem/Desktop/all my projects/uneom.com/.next/server/app/locations/[city]/[industry]/page.js:1:2657)
    at /Users/ahmedsalem/Desktop/all my projects/uneom.com/node_modules/next/dist/compiled/next-server/app-page.runtime.prod.js:12:227525
    at /Users/ahmedsalem/Desktop/all my projects/uneom.com/node_modules/next/dist/server/lib/trace/tracer.js:140:36
    at NoopContextManager.with (/Users/ahmedsalem/Desktop/all my projects/uneom.com/node_modules/next/dist/compiled/@opentelemetry/api/index.js:1:7062)
    at ContextAPI.with (/Users/ahmedsalem/Desktop/all my projects/uneom.com/node_modules/next/dist/compiled/@opentelemetry/api/index.js:1:518)
    at NoopTracer.startActiveSpan (/Users/ahmedsalem/Desktop/all my projects/uneom.com/node_modules/next/dist/compiled/@opentelemetry/api/index.js:1:18093)
    at ProxyTracer.startActiveSpan (/Users/ahmedsalem/Desktop/all my projects/uneom.com/node_modules/next/dist/compiled/@opentelemetry/api/index.js:1:18854)
    at /Users/ahmedsalem/Desktop/all my projects/uneom.com/node_modules/next/dist/server/lib/trace/tracer.js:122:103
    at NoopContextManager.with (/Users/ahmedsalem/Desktop/all my projects/uneom.com/node_modules/next/dist/compiled/@opentelemetry/api/index.js:1:7062)
    at ContextAPI.with (/Users/ahmedsalem/Desktop/all my projects/uneom.com/node_modules/next/dist/compiled/@opentelemetry/api/index.js:1:518) {
  digest: '2592674761'
}
TypeError: Cannot read properties of undefined (reading 'toLowerCase')
    at Module.y (/Users/ahmedsalem/Desktop/all my projects/uneom.com/.next/server/app/locations/[city]/[industry]/page.js:1:2657)
    at /Users/ahmedsalem/Desktop/all my projects/uneom.com/node_modules/next/dist/compiled/next-server/app-page.runtime.prod.js:12:227525
    at /Users/ahmedsalem/Desktop/all my projects/uneom.com/node_modules/next/dist/server/lib/trace/tracer.js:140:36
    at NoopContextManager.with (/Users/ahmedsalem/Desktop/all my projects/uneom.com/node_modules/next/dist/compiled/@opentelemetry/api/index.js:1:7062)
    at ContextAPI.with (/Users/ahmedsalem/Desktop/all my projects/uneom.com/node_modules/next/dist/compiled/@opentelemetry/api/index.js:1:518)
    at NoopTracer.startActiveSpan (/Users/ahmedsalem/Desktop/all my projects/uneom.com/node_modules/next/dist/compiled/@opentelemetry/api/index.js:1:18093)
    at ProxyTracer.startActiveSpan (/Users/ahmedsalem/Desktop/all my projects/uneom.com/node_modules/next/dist/compiled/@opentelemetry/api/index.js:1:18854)
    at /Users/ahmedsalem/Desktop/all my projects/uneom.com/node_modules/next/dist/server/lib/trace/tracer.js:122:103
    at NoopContextManager.with (/Users/ahmedsalem/Desktop/all my projects/uneom.com/node_modules/next/dist/compiled/@opentelemetry/api/index.js:1:7062)
    at ContextAPI.with (/Users/ahmedsalem/Desktop/all my projects/uneom.com/node_modules/next/dist/compiled/@opentelemetry/api/index.js:1:518) {
  digest: '2592674761'
}
TypeError: Cannot read properties of undefined (reading 'toLowerCase')
    at b (/Users/ahmedsalem/Desktop/all my projects/uneom.com/.next/server/app/locations/[city]/[industry]/page.js:1:4337)
    at eh (/Users/ahmedsalem/Desktop/all my projects/uneom.com/node_modules/next/dist/compiled/next-server/app-page.runtime.prod.js:12:134660)
    at e (/Users/ahmedsalem/Desktop/all my projects/uneom.com/node_modules/next/dist/compiled/next-server/app-page.runtime.prod.js:12:137545)
    at ek (/Users/ahmedsalem/Desktop/all my projects/uneom.com/node_modules/next/dist/compiled/next-server/app-page.runtime.prod.js:12:138019)
    at Array.toJSON (/Users/ahmedsalem/Desktop/all my projects/uneom.com/node_modules/next/dist/compiled/next-server/app-page.runtime.prod.js:12:135629)
    at stringify (<anonymous>)
    at eP (/Users/ahmedsalem/Desktop/all my projects/uneom.com/node_modules/next/dist/compiled/next-server/app-page.runtime.prod.js:12:142093)
    at eE (/Users/ahmedsalem/Desktop/all my projects/uneom.com/node_modules/next/dist/compiled/next-server/app-page.runtime.prod.js:12:142572)
    at AsyncLocalStorage.run (node:internal/async_local_storage/async_context_frame:63:14)
    at Timeout._onTimeout (/Users/ahmedsalem/Desktop/all my projects/uneom.com/node_modules/next/dist/compiled/next-server/app-page.runtime.prod.js:12:150373) {
  digest: '785353560'
}
TypeError: Cannot read properties of undefined (reading 'toLowerCase')
    at b (/Users/ahmedsalem/Desktop/all my projects/uneom.com/.next/server/app/locations/[city]/[industry]/page.js:1:4337)
    at eh (/Users/ahmedsalem/Desktop/all my projects/uneom.com/node_modules/next/dist/compiled/next-server/app-page.runtime.prod.js:12:134660)
    at e (/Users/ahmedsalem/Desktop/all my projects/uneom.com/node_modules/next/dist/compiled/next-server/app-page.runtime.prod.js:12:137545)
    at ek (/Users/ahmedsalem/Desktop/all my projects/uneom.com/node_modules/next/dist/compiled/next-server/app-page.runtime.prod.js:12:138019)
    at Array.toJSON (/Users/ahmedsalem/Desktop/all my projects/uneom.com/node_modules/next/dist/compiled/next-server/app-page.runtime.prod.js:12:135629)
    at stringify (<anonymous>)
    at eP (/Users/ahmedsalem/Desktop/all my projects/uneom.com/node_modules/next/dist/compiled/next-server/app-page.runtime.prod.js:12:142093)
    at eE (/Users/ahmedsalem/Desktop/all my projects/uneom.com/node_modules/next/dist/compiled/next-server/app-page.runtime.prod.js:12:142572)
    at AsyncLocalStorage.run (node:internal/async_local_storage/async_context_frame:63:14)
    at Timeout._onTimeout (/Users/ahmedsalem/Desktop/all my projects/uneom.com/node_modules/next/dist/compiled/next-server/app-page.runtime.prod.js:12:150373) {
  digest: '785353560'
}

Error occurred prerendering page "/locations/dhahran/supply-manufacturing". Read more: https://nextjs.org/docs/messages/prerender-error

TypeError: Cannot read properties of undefined (reading 'toLowerCase')
    at b (/Users/ahmedsalem/Desktop/all my projects/uneom.com/.next/server/app/locations/[city]/[industry]/page.js:1:4337)
    at eh (/Users/ahmedsalem/Desktop/all my projects/uneom.com/node_modules/next/dist/compiled/next-server/app-page.runtime.prod.js:12:134660)
    at e (/Users/ahmedsalem/Desktop/all my projects/uneom.com/node_modules/next/dist/compiled/next-server/app-page.runtime.prod.js:12:137545)
    at ek (/Users/ahmedsalem/Desktop/all my projects/uneom.com/node_modules/next/dist/compiled/next-server/app-page.runtime.prod.js:12:138019)
    at Array.toJSON (/Users/ahmedsalem/Desktop/all my projects/uneom.com/node_modules/next/dist/compiled/next-server/app-page.runtime.prod.js:12:135629)
    at stringify (<anonymous>)
    at eP (/Users/ahmedsalem/Desktop/all my projects/uneom.com/node_modules/next/dist/compiled/next-server/app-page.runtime.prod.js:12:142093)
    at eE (/Users/ahmedsalem/Desktop/all my projects/uneom.com/node_modules/next/dist/compiled/next-server/app-page.runtime.prod.js:12:142572)
    at AsyncLocalStorage.run (node:internal/async_local_storage/async_context_frame:63:14)
    at Timeout._onTimeout (/Users/ahmedsalem/Desktop/all my projects/uneom.com/node_modules/next/dist/compiled/next-server/app-page.runtime.prod.js:12:150373)
TypeError: Cannot read properties of undefined (reading 'toLowerCase')
    at b (/Users/ahmedsalem/Desktop/all my projects/uneom.com/.next/server/app/locations/[city]/[industry]/page.js:1:4337)
    at eh (/Users/ahmedsalem/Desktop/all my projects/uneom.com/node_modules/next/dist/compiled/next-server/app-page.runtime.prod.js:12:134660)
    at e (/Users/ahmedsalem/Desktop/all my projects/uneom.com/node_modules/next/dist/compiled/next-server/app-page.runtime.prod.js:12:137545)
    at ek (/Users/ahmedsalem/Desktop/all my projects/uneom.com/node_modules/next/dist/compiled/next-server/app-page.runtime.prod.js:12:138019)
    at Array.toJSON (/Users/ahmedsalem/Desktop/all my projects/uneom.com/node_modules/next/dist/compiled/next-server/app-page.runtime.prod.js:12:135629)
    at stringify (<anonymous>)
    at eP (/Users/ahmedsalem/Desktop/all my projects/uneom.com/node_modules/next/dist/compiled/next-server/app-page.runtime.prod.js:12:142093)
    at eE (/Users/ahmedsalem/Desktop/all my projects/uneom.com/node_modules/next/dist/compiled/next-server/app-page.runtime.prod.js:12:142572)
    at Timeout._onTimeout (/Users/ahmedsalem/Desktop/all my projects/uneom.com/node_modules/next/dist/compiled/next-server/app-page.runtime.prod.js:12:135349)
    at listOnTimeout (node:internal/timers:605:17) {
  digest: '2151575143'
}
TypeError: Cannot read properties of undefined (reading 'toLowerCase')
    at b (/Users/ahmedsalem/Desktop/all my projects/uneom.com/.next/server/app/locations/[city]/[industry]/page.js:1:4337)
    at eh (/Users/ahmedsalem/Desktop/all my projects/uneom.com/node_modules/next/dist/compiled/next-server/app-page.runtime.prod.js:12:134660)
    at e (/Users/ahmedsalem/Desktop/all my projects/uneom.com/node_modules/next/dist/compiled/next-server/app-page.runtime.prod.js:12:137545)
    at ek (/Users/ahmedsalem/Desktop/all my projects/uneom.com/node_modules/next/dist/compiled/next-server/app-page.runtime.prod.js:12:138019)
    at Array.toJSON (/Users/ahmedsalem/Desktop/all my projects/uneom.com/node_modules/next/dist/compiled/next-server/app-page.runtime.prod.js:12:135629)
    at stringify (<anonymous>)
    at eP (/Users/ahmedsalem/Desktop/all my projects/uneom.com/node_modules/next/dist/compiled/next-server/app-page.runtime.prod.js:12:142093)
    at eE (/Users/ahmedsalem/Desktop/all my projects/uneom.com/node_modules/next/dist/compiled/next-server/app-page.runtime.prod.js:12:142572)
    at AsyncLocalStorage.run (node:internal/async_local_storage/async_context_frame:63:14)
    at Timeout._onTimeout (/Users/ahmedsalem/Desktop/all my projects/uneom.com/node_modules/next/dist/compiled/next-server/app-page.runtime.prod.js:12:150373) {
  digest: '785353560'
}
TypeError: Cannot read properties of undefined (reading 'toLowerCase')
    at b (/Users/ahmedsalem/Desktop/all my projects/uneom.com/.next/server/app/locations/[city]/[industry]/page.js:1:4337)
    at eh (/Users/ahmedsalem/Desktop/all my projects/uneom.com/node_modules/next/dist/compiled/next-server/app-page.runtime.prod.js:12:134660)
    at e (/Users/ahmedsalem/Desktop/all my projects/uneom.com/node_modules/next/dist/compiled/next-server/app-page.runtime.prod.js:12:137545)
    at ek (/Users/ahmedsalem/Desktop/all my projects/uneom.com/node_modules/next/dist/compiled/next-server/app-page.runtime.prod.js:12:138019)
    at Array.toJSON (/Users/ahmedsalem/Desktop/all my projects/uneom.com/node_modules/next/dist/compiled/next-server/app-page.runtime.prod.js:12:135629)
    at stringify (<anonymous>)
    at eP (/Users/ahmedsalem/Desktop/all my projects/uneom.com/node_modules/next/dist/compiled/next-server/app-page.runtime.prod.js:12:142093)
    at eE (/Users/ahmedsalem/Desktop/all my projects/uneom.com/node_modules/next/dist/compiled/next-server/app-page.runtime.prod.js:12:142572)
    at Timeout._onTimeout (/Users/ahmedsalem/Desktop/all my projects/uneom.com/node_modules/next/dist/compiled/next-server/app-page.runtime.prod.js:12:135349)
    at listOnTimeout (node:internal/timers:605:17) {
  digest: '2151575143'
}
TypeError: Cannot read properties of undefined (reading 'toLowerCase')
    at Module.y (/Users/ahmedsalem/Desktop/all my projects/uneom.com/.next/server/app/locations/[city]/[industry]/page.js:1:2657)
    at /Users/ahmedsalem/Desktop/all my projects/uneom.com/node_modules/next/dist/compiled/next-server/app-page.runtime.prod.js:12:227525
    at /Users/ahmedsalem/Desktop/all my projects/uneom.com/node_modules/next/dist/server/lib/trace/tracer.js:140:36
    at NoopContextManager.with (/Users/ahmedsalem/Desktop/all my projects/uneom.com/node_modules/next/dist/compiled/@opentelemetry/api/index.js:1:7062)
    at ContextAPI.with (/Users/ahmedsalem/Desktop/all my projects/uneom.com/node_modules/next/dist/compiled/@opentelemetry/api/index.js:1:518)
    at NoopTracer.startActiveSpan (/Users/ahmedsalem/Desktop/all my projects/uneom.com/node_modules/next/dist/compiled/@opentelemetry/api/index.js:1:18093)
    at ProxyTracer.startActiveSpan (/Users/ahmedsalem/Desktop/all my projects/uneom.com/node_modules/next/dist/compiled/@opentelemetry/api/index.js:1:18854)
    at /Users/ahmedsalem/Desktop/all my projects/uneom.com/node_modules/next/dist/server/lib/trace/tracer.js:122:103
    at NoopContextManager.with (/Users/ahmedsalem/Desktop/all my projects/uneom.com/node_modules/next/dist/compiled/@opentelemetry/api/index.js:1:7062)
    at ContextAPI.with (/Users/ahmedsalem/Desktop/all my projects/uneom.com/node_modules/next/dist/compiled/@opentelemetry/api/index.js:1:518) {
  digest: '2592674761'
}
TypeError: Cannot read properties of undefined (reading 'toLowerCase')
    at b (/Users/ahmedsalem/Desktop/all my projects/uneom.com/.next/server/app/locations/[city]/[industry]/page.js:1:4337)
    at eh (/Users/ahmedsalem/Desktop/all my projects/uneom.com/node_modules/next/dist/compiled/next-server/app-page.runtime.prod.js:12:134660)
    at e (/Users/ahmedsalem/Desktop/all my projects/uneom.com/node_modules/next/dist/compiled/next-server/app-page.runtime.prod.js:12:137545)
    at ek (/Users/ahmedsalem/Desktop/all my projects/uneom.com/node_modules/next/dist/compiled/next-server/app-page.runtime.prod.js:12:138019)
    at Array.toJSON (/Users/ahmedsalem/Desktop/all my projects/uneom.com/node_modules/next/dist/compiled/next-server/app-page.runtime.prod.js:12:135629)
    at stringify (<anonymous>)
    at eP (/Users/ahmedsalem/Desktop/all my projects/uneom.com/node_modules/next/dist/compiled/next-server/app-page.runtime.prod.js:12:142093)
    at eE (/Users/ahmedsalem/Desktop/all my projects/uneom.com/node_modules/next/dist/compiled/next-server/app-page.runtime.prod.js:12:142572)
    at Timeout._onTimeout (/Users/ahmedsalem/Desktop/all my projects/uneom.com/node_modules/next/dist/compiled/next-server/app-page.runtime.prod.js:12:135349)
    at listOnTimeout (node:internal/timers:605:17) {
  digest: '2151575143'
}
TypeError: Cannot read properties of undefined (reading 'toLowerCase')
    at Module.y (/Users/ahmedsalem/Desktop/all my projects/uneom.com/.next/server/app/locations/[city]/[industry]/page.js:1:2657)
    at /Users/ahmedsalem/Desktop/all my projects/uneom.com/node_modules/next/dist/compiled/next-server/app-page.runtime.prod.js:12:227525
    at /Users/ahmedsalem/Desktop/all my projects/uneom.com/node_modules/next/dist/server/lib/trace/tracer.js:140:36
    at NoopContextManager.with (/Users/ahmedsalem/Desktop/all my projects/uneom.com/node_modules/next/dist/compiled/@opentelemetry/api/index.js:1:7062)
    at ContextAPI.with (/Users/ahmedsalem/Desktop/all my projects/uneom.com/node_modules/next/dist/compiled/@opentelemetry/api/index.js:1:518)
    at NoopTracer.startActiveSpan (/Users/ahmedsalem/Desktop/all my projects/uneom.com/node_modules/next/dist/compiled/@opentelemetry/api/index.js:1:18093)
    at ProxyTracer.startActiveSpan (/Users/ahmedsalem/Desktop/all my projects/uneom.com/node_modules/next/dist/compiled/@opentelemetry/api/index.js:1:18854)
    at /Users/ahmedsalem/Desktop/all my projects/uneom.com/node_modules/next/dist/server/lib/trace/tracer.js:122:103
    at NoopContextManager.with (/Users/ahmedsalem/Desktop/all my projects/uneom.com/node_modules/next/dist/compiled/@opentelemetry/api/index.js:1:7062)
    at ContextAPI.with (/Users/ahmedsalem/Desktop/all my projects/uneom.com/node_modules/next/dist/compiled/@opentelemetry/api/index.js:1:518) {
  digest: '2592674761'
}
TypeError: Cannot read properties of undefined (reading 'toLowerCase')
    at Module.y (/Users/ahmedsalem/Desktop/all my projects/uneom.com/.next/server/app/locations/[city]/[industry]/page.js:1:2657)
    at /Users/ahmedsalem/Desktop/all my projects/uneom.com/node_modules/next/dist/compiled/next-server/app-page.runtime.prod.js:12:227525
    at /Users/ahmedsalem/Desktop/all my projects/uneom.com/node_modules/next/dist/server/lib/trace/tracer.js:140:36
    at NoopContextManager.with (/Users/ahmedsalem/Desktop/all my projects/uneom.com/node_modules/next/dist/compiled/@opentelemetry/api/index.js:1:7062)
    at ContextAPI.with (/Users/ahmedsalem/Desktop/all my projects/uneom.com/node_modules/next/dist/compiled/@opentelemetry/api/index.js:1:518)
    at NoopTracer.startActiveSpan (/Users/ahmedsalem/Desktop/all my projects/uneom.com/node_modules/next/dist/compiled/@opentelemetry/api/index.js:1:18093)
    at ProxyTracer.startActiveSpan (/Users/ahmedsalem/Desktop/all my projects/uneom.com/node_modules/next/dist/compiled/@opentelemetry/api/index.js:1:18854)
    at /Users/ahmedsalem/Desktop/all my projects/uneom.com/node_modules/next/dist/server/lib/trace/tracer.js:122:103
    at NoopContextManager.with (/Users/ahmedsalem/Desktop/all my projects/uneom.com/node_modules/next/dist/compiled/@opentelemetry/api/index.js:1:7062)
    at ContextAPI.with (/Users/ahmedsalem/Desktop/all my projects/uneom.com/node_modules/next/dist/compiled/@opentelemetry/api/index.js:1:518) {
  digest: '2592674761'
}

Error occurred prerendering page "/locations/al-qatif/aviation". Read more: https://nextjs.org/docs/messages/prerender-error

TypeError: Cannot read properties of undefined (reading 'toLowerCase')
    at b (/Users/ahmedsalem/Desktop/all my projects/uneom.com/.next/server/app/locations/[city]/[industry]/page.js:1:4337)
    at eh (/Users/ahmedsalem/Desktop/all my projects/uneom.com/node_modules/next/dist/compiled/next-server/app-page.runtime.prod.js:12:134660)
    at e (/Users/ahmedsalem/Desktop/all my projects/uneom.com/node_modules/next/dist/compiled/next-server/app-page.runtime.prod.js:12:137545)
    at ek (/Users/ahmedsalem/Desktop/all my projects/uneom.com/node_modules/next/dist/compiled/next-server/app-page.runtime.prod.js:12:138019)
    at Array.toJSON (/Users/ahmedsalem/Desktop/all my projects/uneom.com/node_modules/next/dist/compiled/next-server/app-page.runtime.prod.js:12:135629)
    at stringify (<anonymous>)
    at eP (/Users/ahmedsalem/Desktop/all my projects/uneom.com/node_modules/next/dist/compiled/next-server/app-page.runtime.prod.js:12:142093)
    at eE (/Users/ahmedsalem/Desktop/all my projects/uneom.com/node_modules/next/dist/compiled/next-server/app-page.runtime.prod.js:12:142572)
    at AsyncLocalStorage.run (node:internal/async_local_storage/async_context_frame:63:14)
    at Timeout._onTimeout (/Users/ahmedsalem/Desktop/all my projects/uneom.com/node_modules/next/dist/compiled/next-server/app-page.runtime.prod.js:12:150373)
TypeError: Cannot read properties of undefined (reading 'toLowerCase')
    at Module.y (/Users/ahmedsalem/Desktop/all my projects/uneom.com/.next/server/app/locations/[city]/[industry]/page.js:1:2657)
    at /Users/ahmedsalem/Desktop/all my projects/uneom.com/node_modules/next/dist/compiled/next-server/app-page.runtime.prod.js:12:227525
    at /Users/ahmedsalem/Desktop/all my projects/uneom.com/node_modules/next/dist/server/lib/trace/tracer.js:140:36
    at NoopContextManager.with (/Users/ahmedsalem/Desktop/all my projects/uneom.com/node_modules/next/dist/compiled/@opentelemetry/api/index.js:1:7062)
    at ContextAPI.with (/Users/ahmedsalem/Desktop/all my projects/uneom.com/node_modules/next/dist/compiled/@opentelemetry/api/index.js:1:518)
    at NoopTracer.startActiveSpan (/Users/ahmedsalem/Desktop/all my projects/uneom.com/node_modules/next/dist/compiled/@opentelemetry/api/index.js:1:18093)
    at ProxyTracer.startActiveSpan (/Users/ahmedsalem/Desktop/all my projects/uneom.com/node_modules/next/dist/compiled/@opentelemetry/api/index.js:1:18854)
    at /Users/ahmedsalem/Desktop/all my projects/uneom.com/node_modules/next/dist/server/lib/trace/tracer.js:122:103
    at NoopContextManager.with (/Users/ahmedsalem/Desktop/all my projects/uneom.com/node_modules/next/dist/compiled/@opentelemetry/api/index.js:1:7062)
    at ContextAPI.with (/Users/ahmedsalem/Desktop/all my projects/uneom.com/node_modules/next/dist/compiled/@opentelemetry/api/index.js:1:518) {
  digest: '2592674761'
}

Error occurred prerendering page "/locations/al-qatif/healthcare". Read more: https://nextjs.org/docs/messages/prerender-error

TypeError: Cannot read properties of undefined (reading 'toLowerCase')
    at b (/Users/ahmedsalem/Desktop/all my projects/uneom.com/.next/server/app/locations/[city]/[industry]/page.js:1:4337)
    at eh (/Users/ahmedsalem/Desktop/all my projects/uneom.com/node_modules/next/dist/compiled/next-server/app-page.runtime.prod.js:12:134660)
    at e (/Users/ahmedsalem/Desktop/all my projects/uneom.com/node_modules/next/dist/compiled/next-server/app-page.runtime.prod.js:12:137545)
    at ek (/Users/ahmedsalem/Desktop/all my projects/uneom.com/node_modules/next/dist/compiled/next-server/app-page.runtime.prod.js:12:138019)
    at Array.toJSON (/Users/ahmedsalem/Desktop/all my projects/uneom.com/node_modules/next/dist/compiled/next-server/app-page.runtime.prod.js:12:135629)
    at stringify (<anonymous>)
    at eP (/Users/ahmedsalem/Desktop/all my projects/uneom.com/node_modules/next/dist/compiled/next-server/app-page.runtime.prod.js:12:142093)
    at eE (/Users/ahmedsalem/Desktop/all my projects/uneom.com/node_modules/next/dist/compiled/next-server/app-page.runtime.prod.js:12:142572)
    at AsyncLocalStorage.run (node:internal/async_local_storage/async_context_frame:63:14)
    at Timeout._onTimeout (/Users/ahmedsalem/Desktop/all my projects/uneom.com/node_modules/next/dist/compiled/next-server/app-page.runtime.prod.js:12:150373)
TypeError: Cannot read properties of undefined (reading 'toLowerCase')
    at Module.y (/Users/ahmedsalem/Desktop/all my projects/uneom.com/.next/server/app/locations/[city]/[industry]/page.js:1:2657)
    at /Users/ahmedsalem/Desktop/all my projects/uneom.com/node_modules/next/dist/compiled/next-server/app-page.runtime.prod.js:12:227525
    at /Users/ahmedsalem/Desktop/all my projects/uneom.com/node_modules/next/dist/server/lib/trace/tracer.js:140:36
    at NoopContextManager.with (/Users/ahmedsalem/Desktop/all my projects/uneom.com/node_modules/next/dist/compiled/@opentelemetry/api/index.js:1:7062)
    at ContextAPI.with (/Users/ahmedsalem/Desktop/all my projects/uneom.com/node_modules/next/dist/compiled/@opentelemetry/api/index.js:1:518)
    at NoopTracer.startActiveSpan (/Users/ahmedsalem/Desktop/all my projects/uneom.com/node_modules/next/dist/compiled/@opentelemetry/api/index.js:1:18093)
    at ProxyTracer.startActiveSpan (/Users/ahmedsalem/Desktop/all my projects/uneom.com/node_modules/next/dist/compiled/@opentelemetry/api/index.js:1:18854)
    at /Users/ahmedsalem/Desktop/all my projects/uneom.com/node_modules/next/dist/server/lib/trace/tracer.js:122:103
    at NoopContextManager.with (/Users/ahmedsalem/Desktop/all my projects/uneom.com/node_modules/next/dist/compiled/@opentelemetry/api/index.js:1:7062)
    at ContextAPI.with (/Users/ahmedsalem/Desktop/all my projects/uneom.com/node_modules/next/dist/compiled/@opentelemetry/api/index.js:1:518) {
  digest: '2592674761'
}
TypeError: Cannot read properties of undefined (reading 'toLowerCase')
    at Module.y (/Users/ahmedsalem/Desktop/all my projects/uneom.com/.next/server/app/locations/[city]/[industry]/page.js:1:2657)
    at /Users/ahmedsalem/Desktop/all my projects/uneom.com/node_modules/next/dist/compiled/next-server/app-page.runtime.prod.js:12:227525
    at /Users/ahmedsalem/Desktop/all my projects/uneom.com/node_modules/next/dist/server/lib/trace/tracer.js:140:36
    at NoopContextManager.with (/Users/ahmedsalem/Desktop/all my projects/uneom.com/node_modules/next/dist/compiled/@opentelemetry/api/index.js:1:7062)
    at ContextAPI.with (/Users/ahmedsalem/Desktop/all my projects/uneom.com/node_modules/next/dist/compiled/@opentelemetry/api/index.js:1:518)
    at NoopTracer.startActiveSpan (/Users/ahmedsalem/Desktop/all my projects/uneom.com/node_modules/next/dist/compiled/@opentelemetry/api/index.js:1:18093)
    at ProxyTracer.startActiveSpan (/Users/ahmedsalem/Desktop/all my projects/uneom.com/node_modules/next/dist/compiled/@opentelemetry/api/index.js:1:18854)
    at /Users/ahmedsalem/Desktop/all my projects/uneom.com/node_modules/next/dist/server/lib/trace/tracer.js:122:103
    at NoopContextManager.with (/Users/ahmedsalem/Desktop/all my projects/uneom.com/node_modules/next/dist/compiled/@opentelemetry/api/index.js:1:7062)
    at ContextAPI.with (/Users/ahmedsalem/Desktop/all my projects/uneom.com/node_modules/next/dist/compiled/@opentelemetry/api/index.js:1:518) {
  digest: '2592674761'
}
TypeError: Cannot read properties of undefined (reading 'toLowerCase')
    at b (/Users/ahmedsalem/Desktop/all my projects/uneom.com/.next/server/app/locations/[city]/[industry]/page.js:1:4337)
    at eh (/Users/ahmedsalem/Desktop/all my projects/uneom.com/node_modules/next/dist/compiled/next-server/app-page.runtime.prod.js:12:134660)
    at e (/Users/ahmedsalem/Desktop/all my projects/uneom.com/node_modules/next/dist/compiled/next-server/app-page.runtime.prod.js:12:137545)
    at ek (/Users/ahmedsalem/Desktop/all my projects/uneom.com/node_modules/next/dist/compiled/next-server/app-page.runtime.prod.js:12:138019)
    at Array.toJSON (/Users/ahmedsalem/Desktop/all my projects/uneom.com/node_modules/next/dist/compiled/next-server/app-page.runtime.prod.js:12:135629)
    at stringify (<anonymous>)
    at eP (/Users/ahmedsalem/Desktop/all my projects/uneom.com/node_modules/next/dist/compiled/next-server/app-page.runtime.prod.js:12:142093)
    at eE (/Users/ahmedsalem/Desktop/all my projects/uneom.com/node_modules/next/dist/compiled/next-server/app-page.runtime.prod.js:12:142572)
    at AsyncLocalStorage.run (node:internal/async_local_storage/async_context_frame:63:14)
    at Timeout._onTimeout (/Users/ahmedsalem/Desktop/all my projects/uneom.com/node_modules/next/dist/compiled/next-server/app-page.runtime.prod.js:12:150373) {
  digest: '785353560'
}
TypeError: Cannot read properties of undefined (reading 'toLowerCase')
    at Module.y (/Users/ahmedsalem/Desktop/all my projects/uneom.com/.next/server/app/locations/[city]/[industry]/page.js:1:2657)
    at /Users/ahmedsalem/Desktop/all my projects/uneom.com/node_modules/next/dist/compiled/next-server/app-page.runtime.prod.js:12:227525
    at /Users/ahmedsalem/Desktop/all my projects/uneom.com/node_modules/next/dist/server/lib/trace/tracer.js:140:36
    at NoopContextManager.with (/Users/ahmedsalem/Desktop/all my projects/uneom.com/node_modules/next/dist/compiled/@opentelemetry/api/index.js:1:7062)
    at ContextAPI.with (/Users/ahmedsalem/Desktop/all my projects/uneom.com/node_modules/next/dist/compiled/@opentelemetry/api/index.js:1:518)
    at NoopTracer.startActiveSpan (/Users/ahmedsalem/Desktop/all my projects/uneom.com/node_modules/next/dist/compiled/@opentelemetry/api/index.js:1:18093)
    at ProxyTracer.startActiveSpan (/Users/ahmedsalem/Desktop/all my projects/uneom.com/node_modules/next/dist/compiled/@opentelemetry/api/index.js:1:18854)
    at /Users/ahmedsalem/Desktop/all my projects/uneom.com/node_modules/next/dist/server/lib/trace/tracer.js:122:103
    at NoopContextManager.with (/Users/ahmedsalem/Desktop/all my projects/uneom.com/node_modules/next/dist/compiled/@opentelemetry/api/index.js:1:7062)
    at ContextAPI.with (/Users/ahmedsalem/Desktop/all my projects/uneom.com/node_modules/next/dist/compiled/@opentelemetry/api/index.js:1:518) {
  digest: '2592674761'
}

Error occurred prerendering page "/locations/al-qatif/hospitality". Read more: https://nextjs.org/docs/messages/prerender-error

TypeError: Cannot read properties of undefined (reading 'toLowerCase')
    at b (/Users/ahmedsalem/Desktop/all my projects/uneom.com/.next/server/app/locations/[city]/[industry]/page.js:1:4337)
    at eh (/Users/ahmedsalem/Desktop/all my projects/uneom.com/node_modules/next/dist/compiled/next-server/app-page.runtime.prod.js:12:134660)
    at e (/Users/ahmedsalem/Desktop/all my projects/uneom.com/node_modules/next/dist/compiled/next-server/app-page.runtime.prod.js:12:137545)
    at ek (/Users/ahmedsalem/Desktop/all my projects/uneom.com/node_modules/next/dist/compiled/next-server/app-page.runtime.prod.js:12:138019)
    at Array.toJSON (/Users/ahmedsalem/Desktop/all my projects/uneom.com/node_modules/next/dist/compiled/next-server/app-page.runtime.prod.js:12:135629)
    at stringify (<anonymous>)
    at eP (/Users/ahmedsalem/Desktop/all my projects/uneom.com/node_modules/next/dist/compiled/next-server/app-page.runtime.prod.js:12:142093)
    at eE (/Users/ahmedsalem/Desktop/all my projects/uneom.com/node_modules/next/dist/compiled/next-server/app-page.runtime.prod.js:12:142572)
    at AsyncLocalStorage.run (node:internal/async_local_storage/async_context_frame:63:14)
    at Timeout._onTimeout (/Users/ahmedsalem/Desktop/all my projects/uneom.com/node_modules/next/dist/compiled/next-server/app-page.runtime.prod.js:12:150373)
TypeError: Cannot read properties of undefined (reading 'toLowerCase')
    at b (/Users/ahmedsalem/Desktop/all my projects/uneom.com/.next/server/app/locations/[city]/[industry]/page.js:1:4337)
    at eh (/Users/ahmedsalem/Desktop/all my projects/uneom.com/node_modules/next/dist/compiled/next-server/app-page.runtime.prod.js:12:134660)
    at e (/Users/ahmedsalem/Desktop/all my projects/uneom.com/node_modules/next/dist/compiled/next-server/app-page.runtime.prod.js:12:137545)
    at ek (/Users/ahmedsalem/Desktop/all my projects/uneom.com/node_modules/next/dist/compiled/next-server/app-page.runtime.prod.js:12:138019)
    at Array.toJSON (/Users/ahmedsalem/Desktop/all my projects/uneom.com/node_modules/next/dist/compiled/next-server/app-page.runtime.prod.js:12:135629)
    at stringify (<anonymous>)
    at eP (/Users/ahmedsalem/Desktop/all my projects/uneom.com/node_modules/next/dist/compiled/next-server/app-page.runtime.prod.js:12:142093)
    at eE (/Users/ahmedsalem/Desktop/all my projects/uneom.com/node_modules/next/dist/compiled/next-server/app-page.runtime.prod.js:12:142572)
    at Timeout._onTimeout (/Users/ahmedsalem/Desktop/all my projects/uneom.com/node_modules/next/dist/compiled/next-server/app-page.runtime.prod.js:12:135349)
    at listOnTimeout (node:internal/timers:605:17) {
  digest: '2151575143'
}
TypeError: Cannot read properties of undefined (reading 'toLowerCase')
    at b (/Users/ahmedsalem/Desktop/all my projects/uneom.com/.next/server/app/locations/[city]/[industry]/page.js:1:4337)
    at eh (/Users/ahmedsalem/Desktop/all my projects/uneom.com/node_modules/next/dist/compiled/next-server/app-page.runtime.prod.js:12:134660)
    at e (/Users/ahmedsalem/Desktop/all my projects/uneom.com/node_modules/next/dist/compiled/next-server/app-page.runtime.prod.js:12:137545)
    at ek (/Users/ahmedsalem/Desktop/all my projects/uneom.com/node_modules/next/dist/compiled/next-server/app-page.runtime.prod.js:12:138019)
    at Array.toJSON (/Users/ahmedsalem/Desktop/all my projects/uneom.com/node_modules/next/dist/compiled/next-server/app-page.runtime.prod.js:12:135629)
    at stringify (<anonymous>)
    at eP (/Users/ahmedsalem/Desktop/all my projects/uneom.com/node_modules/next/dist/compiled/next-server/app-page.runtime.prod.js:12:142093)
    at eE (/Users/ahmedsalem/Desktop/all my projects/uneom.com/node_modules/next/dist/compiled/next-server/app-page.runtime.prod.js:12:142572)
    at AsyncLocalStorage.run (node:internal/async_local_storage/async_context_frame:63:14)
    at Timeout._onTimeout (/Users/ahmedsalem/Desktop/all my projects/uneom.com/node_modules/next/dist/compiled/next-server/app-page.runtime.prod.js:12:150373) {
  digest: '785353560'
}

Error occurred prerendering page "/locations/al-qatif/manufacturing". Read more: https://nextjs.org/docs/messages/prerender-error

TypeError: Cannot read properties of undefined (reading 'toLowerCase')
    at b (/Users/ahmedsalem/Desktop/all my projects/uneom.com/.next/server/app/locations/[city]/[industry]/page.js:1:4337)
    at eh (/Users/ahmedsalem/Desktop/all my projects/uneom.com/node_modules/next/dist/compiled/next-server/app-page.runtime.prod.js:12:134660)
    at e (/Users/ahmedsalem/Desktop/all my projects/uneom.com/node_modules/next/dist/compiled/next-server/app-page.runtime.prod.js:12:137545)
    at ek (/Users/ahmedsalem/Desktop/all my projects/uneom.com/node_modules/next/dist/compiled/next-server/app-page.runtime.prod.js:12:138019)
    at Array.toJSON (/Users/ahmedsalem/Desktop/all my projects/uneom.com/node_modules/next/dist/compiled/next-server/app-page.runtime.prod.js:12:135629)
    at stringify (<anonymous>)
    at eP (/Users/ahmedsalem/Desktop/all my projects/uneom.com/node_modules/next/dist/compiled/next-server/app-page.runtime.prod.js:12:142093)
    at eE (/Users/ahmedsalem/Desktop/all my projects/uneom.com/node_modules/next/dist/compiled/next-server/app-page.runtime.prod.js:12:142572)
    at AsyncLocalStorage.run (node:internal/async_local_storage/async_context_frame:63:14)
    at Timeout._onTimeout (/Users/ahmedsalem/Desktop/all my projects/uneom.com/node_modules/next/dist/compiled/next-server/app-page.runtime.prod.js:12:150373)

Error occurred prerendering page "/locations/al-qatif/education". Read more: https://nextjs.org/docs/messages/prerender-error

TypeError: Cannot read properties of undefined (reading 'toLowerCase')
    at b (/Users/ahmedsalem/Desktop/all my projects/uneom.com/.next/server/app/locations/[city]/[industry]/page.js:1:4337)
    at eh (/Users/ahmedsalem/Desktop/all my projects/uneom.com/node_modules/next/dist/compiled/next-server/app-page.runtime.prod.js:12:134660)
    at e (/Users/ahmedsalem/Desktop/all my projects/uneom.com/node_modules/next/dist/compiled/next-server/app-page.runtime.prod.js:12:137545)
    at ek (/Users/ahmedsalem/Desktop/all my projects/uneom.com/node_modules/next/dist/compiled/next-server/app-page.runtime.prod.js:12:138019)
    at Array.toJSON (/Users/ahmedsalem/Desktop/all my projects/uneom.com/node_modules/next/dist/compiled/next-server/app-page.runtime.prod.js:12:135629)
    at stringify (<anonymous>)
    at eP (/Users/ahmedsalem/Desktop/all my projects/uneom.com/node_modules/next/dist/compiled/next-server/app-page.runtime.prod.js:12:142093)
    at eE (/Users/ahmedsalem/Desktop/all my projects/uneom.com/node_modules/next/dist/compiled/next-server/app-page.runtime.prod.js:12:142572)
    at AsyncLocalStorage.run (node:internal/async_local_storage/async_context_frame:63:14)
    at Timeout._onTimeout (/Users/ahmedsalem/Desktop/all my projects/uneom.com/node_modules/next/dist/compiled/next-server/app-page.runtime.prod.js:12:150373)
TypeError: Cannot read properties of undefined (reading 'toLowerCase')
    at Module.y (/Users/ahmedsalem/Desktop/all my projects/uneom.com/.next/server/app/locations/[city]/[industry]/page.js:1:2657)
    at /Users/ahmedsalem/Desktop/all my projects/uneom.com/node_modules/next/dist/compiled/next-server/app-page.runtime.prod.js:12:227525
    at /Users/ahmedsalem/Desktop/all my projects/uneom.com/node_modules/next/dist/server/lib/trace/tracer.js:140:36
    at NoopContextManager.with (/Users/ahmedsalem/Desktop/all my projects/uneom.com/node_modules/next/dist/compiled/@opentelemetry/api/index.js:1:7062)
    at ContextAPI.with (/Users/ahmedsalem/Desktop/all my projects/uneom.com/node_modules/next/dist/compiled/@opentelemetry/api/index.js:1:518)
    at NoopTracer.startActiveSpan (/Users/ahmedsalem/Desktop/all my projects/uneom.com/node_modules/next/dist/compiled/@opentelemetry/api/index.js:1:18093)
    at ProxyTracer.startActiveSpan (/Users/ahmedsalem/Desktop/all my projects/uneom.com/node_modules/next/dist/compiled/@opentelemetry/api/index.js:1:18854)
    at /Users/ahmedsalem/Desktop/all my projects/uneom.com/node_modules/next/dist/server/lib/trace/tracer.js:122:103
    at NoopContextManager.with (/Users/ahmedsalem/Desktop/all my projects/uneom.com/node_modules/next/dist/compiled/@opentelemetry/api/index.js:1:7062)
    at ContextAPI.with (/Users/ahmedsalem/Desktop/all my projects/uneom.com/node_modules/next/dist/compiled/@opentelemetry/api/index.js:1:518) {
  digest: '2592674761'
}
TypeError: Cannot read properties of undefined (reading 'toLowerCase')
    at b (/Users/ahmedsalem/Desktop/all my projects/uneom.com/.next/server/app/locations/[city]/[industry]/page.js:1:4337)
    at eh (/Users/ahmedsalem/Desktop/all my projects/uneom.com/node_modules/next/dist/compiled/next-server/app-page.runtime.prod.js:12:134660)
    at e (/Users/ahmedsalem/Desktop/all my projects/uneom.com/node_modules/next/dist/compiled/next-server/app-page.runtime.prod.js:12:137545)
    at ek (/Users/ahmedsalem/Desktop/all my projects/uneom.com/node_modules/next/dist/compiled/next-server/app-page.runtime.prod.js:12:138019)
    at Array.toJSON (/Users/ahmedsalem/Desktop/all my projects/uneom.com/node_modules/next/dist/compiled/next-server/app-page.runtime.prod.js:12:135629)
    at stringify (<anonymous>)
    at eP (/Users/ahmedsalem/Desktop/all my projects/uneom.com/node_modules/next/dist/compiled/next-server/app-page.runtime.prod.js:12:142093)
    at eE (/Users/ahmedsalem/Desktop/all my projects/uneom.com/node_modules/next/dist/compiled/next-server/app-page.runtime.prod.js:12:142572)
    at Timeout._onTimeout (/Users/ahmedsalem/Desktop/all my projects/uneom.com/node_modules/next/dist/compiled/next-server/app-page.runtime.prod.js:12:135349)
    at listOnTimeout (node:internal/timers:605:17) {
  digest: '2151575143'
}
TypeError: Cannot read properties of undefined (reading 'toLowerCase')
    at b (/Users/ahmedsalem/Desktop/all my projects/uneom.com/.next/server/app/locations/[city]/[industry]/page.js:1:4337)
    at eh (/Users/ahmedsalem/Desktop/all my projects/uneom.com/node_modules/next/dist/compiled/next-server/app-page.runtime.prod.js:12:134660)
    at e (/Users/ahmedsalem/Desktop/all my projects/uneom.com/node_modules/next/dist/compiled/next-server/app-page.runtime.prod.js:12:137545)
    at ek (/Users/ahmedsalem/Desktop/all my projects/uneom.com/node_modules/next/dist/compiled/next-server/app-page.runtime.prod.js:12:138019)
    at Array.toJSON (/Users/ahmedsalem/Desktop/all my projects/uneom.com/node_modules/next/dist/compiled/next-server/app-page.runtime.prod.js:12:135629)
    at stringify (<anonymous>)
    at eP (/Users/ahmedsalem/Desktop/all my projects/uneom.com/node_modules/next/dist/compiled/next-server/app-page.runtime.prod.js:12:142093)
    at eE (/Users/ahmedsalem/Desktop/all my projects/uneom.com/node_modules/next/dist/compiled/next-server/app-page.runtime.prod.js:12:142572)
    at AsyncLocalStorage.run (node:internal/async_local_storage/async_context_frame:63:14)
    at Timeout._onTimeout (/Users/ahmedsalem/Desktop/all my projects/uneom.com/node_modules/next/dist/compiled/next-server/app-page.runtime.prod.js:12:150373) {
  digest: '785353560'
}
TypeError: Cannot read properties of undefined (reading 'toLowerCase')
    at b (/Users/ahmedsalem/Desktop/all my projects/uneom.com/.next/server/app/locations/[city]/[industry]/page.js:1:4337)
    at eh (/Users/ahmedsalem/Desktop/all my projects/uneom.com/node_modules/next/dist/compiled/next-server/app-page.runtime.prod.js:12:134660)
    at e (/Users/ahmedsalem/Desktop/all my projects/uneom.com/node_modules/next/dist/compiled/next-server/app-page.runtime.prod.js:12:137545)
    at ek (/Users/ahmedsalem/Desktop/all my projects/uneom.com/node_modules/next/dist/compiled/next-server/app-page.runtime.prod.js:12:138019)
    at Array.toJSON (/Users/ahmedsalem/Desktop/all my projects/uneom.com/node_modules/next/dist/compiled/next-server/app-page.runtime.prod.js:12:135629)
    at stringify (<anonymous>)
    at eP (/Users/ahmedsalem/Desktop/all my projects/uneom.com/node_modules/next/dist/compiled/next-server/app-page.runtime.prod.js:12:142093)
    at eE (/Users/ahmedsalem/Desktop/all my projects/uneom.com/node_modules/next/dist/compiled/next-server/app-page.runtime.prod.js:12:142572)
    at AsyncLocalStorage.run (node:internal/async_local_storage/async_context_frame:63:14)
    at Timeout._onTimeout (/Users/ahmedsalem/Desktop/all my projects/uneom.com/node_modules/next/dist/compiled/next-server/app-page.runtime.prod.js:12:150373) {
  digest: '785353560'
}

Error occurred prerendering page "/locations/al-qatif/corporate". Read more: https://nextjs.org/docs/messages/prerender-error

TypeError: Cannot read properties of undefined (reading 'toLowerCase')
    at b (/Users/ahmedsalem/Desktop/all my projects/uneom.com/.next/server/app/locations/[city]/[industry]/page.js:1:4337)
    at eh (/Users/ahmedsalem/Desktop/all my projects/uneom.com/node_modules/next/dist/compiled/next-server/app-page.runtime.prod.js:12:134660)
    at e (/Users/ahmedsalem/Desktop/all my projects/uneom.com/node_modules/next/dist/compiled/next-server/app-page.runtime.prod.js:12:137545)
    at ek (/Users/ahmedsalem/Desktop/all my projects/uneom.com/node_modules/next/dist/compiled/next-server/app-page.runtime.prod.js:12:138019)
    at Array.toJSON (/Users/ahmedsalem/Desktop/all my projects/uneom.com/node_modules/next/dist/compiled/next-server/app-page.runtime.prod.js:12:135629)
    at stringify (<anonymous>)
    at eP (/Users/ahmedsalem/Desktop/all my projects/uneom.com/node_modules/next/dist/compiled/next-server/app-page.runtime.prod.js:12:142093)
    at eE (/Users/ahmedsalem/Desktop/all my projects/uneom.com/node_modules/next/dist/compiled/next-server/app-page.runtime.prod.js:12:142572)
    at AsyncLocalStorage.run (node:internal/async_local_storage/async_context_frame:63:14)
    at Timeout._onTimeout (/Users/ahmedsalem/Desktop/all my projects/uneom.com/node_modules/next/dist/compiled/next-server/app-page.runtime.prod.js:12:150373)
TypeError: Cannot read properties of undefined (reading 'toLowerCase')
    at b (/Users/ahmedsalem/Desktop/all my projects/uneom.com/.next/server/app/locations/[city]/[industry]/page.js:1:4337)
    at eh (/Users/ahmedsalem/Desktop/all my projects/uneom.com/node_modules/next/dist/compiled/next-server/app-page.runtime.prod.js:12:134660)
    at e (/Users/ahmedsalem/Desktop/all my projects/uneom.com/node_modules/next/dist/compiled/next-server/app-page.runtime.prod.js:12:137545)
    at ek (/Users/ahmedsalem/Desktop/all my projects/uneom.com/node_modules/next/dist/compiled/next-server/app-page.runtime.prod.js:12:138019)
    at Array.toJSON (/Users/ahmedsalem/Desktop/all my projects/uneom.com/node_modules/next/dist/compiled/next-server/app-page.runtime.prod.js:12:135629)
    at stringify (<anonymous>)
    at eP (/Users/ahmedsalem/Desktop/all my projects/uneom.com/node_modules/next/dist/compiled/next-server/app-page.runtime.prod.js:12:142093)
    at eE (/Users/ahmedsalem/Desktop/all my projects/uneom.com/node_modules/next/dist/compiled/next-server/app-page.runtime.prod.js:12:142572)
    at Timeout._onTimeout (/Users/ahmedsalem/Desktop/all my projects/uneom.com/node_modules/next/dist/compiled/next-server/app-page.runtime.prod.js:12:135349)
    at listOnTimeout (node:internal/timers:605:17) {
  digest: '2151575143'
}
TypeError: Cannot read properties of undefined (reading 'toLowerCase')
    at b (/Users/ahmedsalem/Desktop/all my projects/uneom.com/.next/server/app/locations/[city]/[industry]/page.js:1:4337)
    at eh (/Users/ahmedsalem/Desktop/all my projects/uneom.com/node_modules/next/dist/compiled/next-server/app-page.runtime.prod.js:12:134660)
    at e (/Users/ahmedsalem/Desktop/all my projects/uneom.com/node_modules/next/dist/compiled/next-server/app-page.runtime.prod.js:12:137545)
    at ek (/Users/ahmedsalem/Desktop/all my projects/uneom.com/node_modules/next/dist/compiled/next-server/app-page.runtime.prod.js:12:138019)
    at Array.toJSON (/Users/ahmedsalem/Desktop/all my projects/uneom.com/node_modules/next/dist/compiled/next-server/app-page.runtime.prod.js:12:135629)
    at stringify (<anonymous>)
    at eP (/Users/ahmedsalem/Desktop/all my projects/uneom.com/node_modules/next/dist/compiled/next-server/app-page.runtime.prod.js:12:142093)
    at eE (/Users/ahmedsalem/Desktop/all my projects/uneom.com/node_modules/next/dist/compiled/next-server/app-page.runtime.prod.js:12:142572)
    at Timeout._onTimeout (/Users/ahmedsalem/Desktop/all my projects/uneom.com/node_modules/next/dist/compiled/next-server/app-page.runtime.prod.js:12:135349)
    at listOnTimeout (node:internal/timers:605:17) {
  digest: '2151575143'
}
TypeError: Cannot read properties of undefined (reading 'toLowerCase')
    at Module.y (/Users/ahmedsalem/Desktop/all my projects/uneom.com/.next/server/app/locations/[city]/[industry]/page.js:1:2657)
    at /Users/ahmedsalem/Desktop/all my projects/uneom.com/node_modules/next/dist/compiled/next-server/app-page.runtime.prod.js:12:227525
    at /Users/ahmedsalem/Desktop/all my projects/uneom.com/node_modules/next/dist/server/lib/trace/tracer.js:140:36
    at NoopContextManager.with (/Users/ahmedsalem/Desktop/all my projects/uneom.com/node_modules/next/dist/compiled/@opentelemetry/api/index.js:1:7062)
    at ContextAPI.with (/Users/ahmedsalem/Desktop/all my projects/uneom.com/node_modules/next/dist/compiled/@opentelemetry/api/index.js:1:518)
    at NoopTracer.startActiveSpan (/Users/ahmedsalem/Desktop/all my projects/uneom.com/node_modules/next/dist/compiled/@opentelemetry/api/index.js:1:18093)
    at ProxyTracer.startActiveSpan (/Users/ahmedsalem/Desktop/all my projects/uneom.com/node_modules/next/dist/compiled/@opentelemetry/api/index.js:1:18854)
    at /Users/ahmedsalem/Desktop/all my projects/uneom.com/node_modules/next/dist/server/lib/trace/tracer.js:122:103
    at NoopContextManager.with (/Users/ahmedsalem/Desktop/all my projects/uneom.com/node_modules/next/dist/compiled/@opentelemetry/api/index.js:1:7062)
    at ContextAPI.with (/Users/ahmedsalem/Desktop/all my projects/uneom.com/node_modules/next/dist/compiled/@opentelemetry/api/index.js:1:518) {
  digest: '2592674761'
}
TypeError: Cannot read properties of undefined (reading 'toLowerCase')
    at Module.y (/Users/ahmedsalem/Desktop/all my projects/uneom.com/.next/server/app/locations/[city]/[industry]/page.js:1:2657)
    at /Users/ahmedsalem/Desktop/all my projects/uneom.com/node_modules/next/dist/compiled/next-server/app-page.runtime.prod.js:12:227525
    at /Users/ahmedsalem/Desktop/all my projects/uneom.com/node_modules/next/dist/server/lib/trace/tracer.js:140:36
    at NoopContextManager.with (/Users/ahmedsalem/Desktop/all my projects/uneom.com/node_modules/next/dist/compiled/@opentelemetry/api/index.js:1:7062)
    at ContextAPI.with (/Users/ahmedsalem/Desktop/all my projects/uneom.com/node_modules/next/dist/compiled/@opentelemetry/api/index.js:1:518)
    at NoopTracer.startActiveSpan (/Users/ahmedsalem/Desktop/all my projects/uneom.com/node_modules/next/dist/compiled/@opentelemetry/api/index.js:1:18093)
    at ProxyTracer.startActiveSpan (/Users/ahmedsalem/Desktop/all my projects/uneom.com/node_modules/next/dist/compiled/@opentelemetry/api/index.js:1:18854)
    at /Users/ahmedsalem/Desktop/all my projects/uneom.com/node_modules/next/dist/server/lib/trace/tracer.js:122:103
    at NoopContextManager.with (/Users/ahmedsalem/Desktop/all my projects/uneom.com/node_modules/next/dist/compiled/@opentelemetry/api/index.js:1:7062)
    at ContextAPI.with (/Users/ahmedsalem/Desktop/all my projects/uneom.com/node_modules/next/dist/compiled/@opentelemetry/api/index.js:1:518) {
  digest: '2592674761'
}
TypeError: Cannot read properties of undefined (reading 'toLowerCase')
    at b (/Users/ahmedsalem/Desktop/all my projects/uneom.com/.next/server/app/locations/[city]/[industry]/page.js:1:4337)
    at eh (/Users/ahmedsalem/Desktop/all my projects/uneom.com/node_modules/next/dist/compiled/next-server/app-page.runtime.prod.js:12:134660)
    at e (/Users/ahmedsalem/Desktop/all my projects/uneom.com/node_modules/next/dist/compiled/next-server/app-page.runtime.prod.js:12:137545)
    at ek (/Users/ahmedsalem/Desktop/all my projects/uneom.com/node_modules/next/dist/compiled/next-server/app-page.runtime.prod.js:12:138019)
    at Array.toJSON (/Users/ahmedsalem/Desktop/all my projects/uneom.com/node_modules/next/dist/compiled/next-server/app-page.runtime.prod.js:12:135629)
    at stringify (<anonymous>)
    at eP (/Users/ahmedsalem/Desktop/all my projects/uneom.com/node_modules/next/dist/compiled/next-server/app-page.runtime.prod.js:12:142093)
    at eE (/Users/ahmedsalem/Desktop/all my projects/uneom.com/node_modules/next/dist/compiled/next-server/app-page.runtime.prod.js:12:142572)
    at AsyncLocalStorage.run (node:internal/async_local_storage/async_context_frame:63:14)
    at Timeout._onTimeout (/Users/ahmedsalem/Desktop/all my projects/uneom.com/node_modules/next/dist/compiled/next-server/app-page.runtime.prod.js:12:150373) {
  digest: '785353560'
}
TypeError: Cannot read properties of undefined (reading 'toLowerCase')
    at Module.y (/Users/ahmedsalem/Desktop/all my projects/uneom.com/.next/server/app/locations/[city]/[industry]/page.js:1:2657)
    at /Users/ahmedsalem/Desktop/all my projects/uneom.com/node_modules/next/dist/compiled/next-server/app-page.runtime.prod.js:12:227525
    at /Users/ahmedsalem/Desktop/all my projects/uneom.com/node_modules/next/dist/server/lib/trace/tracer.js:140:36
    at NoopContextManager.with (/Users/ahmedsalem/Desktop/all my projects/uneom.com/node_modules/next/dist/compiled/@opentelemetry/api/index.js:1:7062)
    at ContextAPI.with (/Users/ahmedsalem/Desktop/all my projects/uneom.com/node_modules/next/dist/compiled/@opentelemetry/api/index.js:1:518)
    at NoopTracer.startActiveSpan (/Users/ahmedsalem/Desktop/all my projects/uneom.com/node_modules/next/dist/compiled/@opentelemetry/api/index.js:1:18093)
    at ProxyTracer.startActiveSpan (/Users/ahmedsalem/Desktop/all my projects/uneom.com/node_modules/next/dist/compiled/@opentelemetry/api/index.js:1:18854)
    at /Users/ahmedsalem/Desktop/all my projects/uneom.com/node_modules/next/dist/server/lib/trace/tracer.js:122:103
    at NoopContextManager.with (/Users/ahmedsalem/Desktop/all my projects/uneom.com/node_modules/next/dist/compiled/@opentelemetry/api/index.js:1:7062)
    at ContextAPI.with (/Users/ahmedsalem/Desktop/all my projects/uneom.com/node_modules/next/dist/compiled/@opentelemetry/api/index.js:1:518) {
  digest: '2592674761'
}
TypeError: Cannot read properties of undefined (reading 'toLowerCase')
    at b (/Users/ahmedsalem/Desktop/all my projects/uneom.com/.next/server/app/locations/[city]/[industry]/page.js:1:4337)
    at eh (/Users/ahmedsalem/Desktop/all my projects/uneom.com/node_modules/next/dist/compiled/next-server/app-page.runtime.prod.js:12:134660)
    at e (/Users/ahmedsalem/Desktop/all my projects/uneom.com/node_modules/next/dist/compiled/next-server/app-page.runtime.prod.js:12:137545)
    at ek (/Users/ahmedsalem/Desktop/all my projects/uneom.com/node_modules/next/dist/compiled/next-server/app-page.runtime.prod.js:12:138019)
    at Array.toJSON (/Users/ahmedsalem/Desktop/all my projects/uneom.com/node_modules/next/dist/compiled/next-server/app-page.runtime.prod.js:12:135629)
    at stringify (<anonymous>)
    at eP (/Users/ahmedsalem/Desktop/all my projects/uneom.com/node_modules/next/dist/compiled/next-server/app-page.runtime.prod.js:12:142093)
    at eE (/Users/ahmedsalem/Desktop/all my projects/uneom.com/node_modules/next/dist/compiled/next-server/app-page.runtime.prod.js:12:142572)
    at AsyncLocalStorage.run (node:internal/async_local_storage/async_context_frame:63:14)
    at Timeout._onTimeout (/Users/ahmedsalem/Desktop/all my projects/uneom.com/node_modules/next/dist/compiled/next-server/app-page.runtime.prod.js:12:150373) {
  digest: '785353560'
}
TypeError: Cannot read properties of undefined (reading 'toLowerCase')
    at Module.y (/Users/ahmedsalem/Desktop/all my projects/uneom.com/.next/server/app/locations/[city]/[industry]/page.js:1:2657)
    at /Users/ahmedsalem/Desktop/all my projects/uneom.com/node_modules/next/dist/compiled/next-server/app-page.runtime.prod.js:12:227525
    at /Users/ahmedsalem/Desktop/all my projects/uneom.com/node_modules/next/dist/server/lib/trace/tracer.js:140:36
    at NoopContextManager.with (/Users/ahmedsalem/Desktop/all my projects/uneom.com/node_modules/next/dist/compiled/@opentelemetry/api/index.js:1:7062)
    at ContextAPI.with (/Users/ahmedsalem/Desktop/all my projects/uneom.com/node_modules/next/dist/compiled/@opentelemetry/api/index.js:1:518)
    at NoopTracer.startActiveSpan (/Users/ahmedsalem/Desktop/all my projects/uneom.com/node_modules/next/dist/compiled/@opentelemetry/api/index.js:1:18093)
    at ProxyTracer.startActiveSpan (/Users/ahmedsalem/Desktop/all my projects/uneom.com/node_modules/next/dist/compiled/@opentelemetry/api/index.js:1:18854)
    at /Users/ahmedsalem/Desktop/all my projects/uneom.com/node_modules/next/dist/server/lib/trace/tracer.js:122:103
    at NoopContextManager.with (/Users/ahmedsalem/Desktop/all my projects/uneom.com/node_modules/next/dist/compiled/@opentelemetry/api/index.js:1:7062)
    at ContextAPI.with (/Users/ahmedsalem/Desktop/all my projects/uneom.com/node_modules/next/dist/compiled/@opentelemetry/api/index.js:1:518) {
  digest: '2592674761'
}
TypeError: Cannot read properties of undefined (reading 'toLowerCase')
    at b (/Users/ahmedsalem/Desktop/all my projects/uneom.com/.next/server/app/locations/[city]/[industry]/page.js:1:4337)
    at eh (/Users/ahmedsalem/Desktop/all my projects/uneom.com/node_modules/next/dist/compiled/next-server/app-page.runtime.prod.js:12:134660)
    at e (/Users/ahmedsalem/Desktop/all my projects/uneom.com/node_modules/next/dist/compiled/next-server/app-page.runtime.prod.js:12:137545)
    at ek (/Users/ahmedsalem/Desktop/all my projects/uneom.com/node_modules/next/dist/compiled/next-server/app-page.runtime.prod.js:12:138019)
    at Array.toJSON (/Users/ahmedsalem/Desktop/all my projects/uneom.com/node_modules/next/dist/compiled/next-server/app-page.runtime.prod.js:12:135629)
    at stringify (<anonymous>)
    at eP (/Users/ahmedsalem/Desktop/all my projects/uneom.com/node_modules/next/dist/compiled/next-server/app-page.runtime.prod.js:12:142093)
    at eE (/Users/ahmedsalem/Desktop/all my projects/uneom.com/node_modules/next/dist/compiled/next-server/app-page.runtime.prod.js:12:142572)
    at Timeout._onTimeout (/Users/ahmedsalem/Desktop/all my projects/uneom.com/node_modules/next/dist/compiled/next-server/app-page.runtime.prod.js:12:135349)
    at listOnTimeout (node:internal/timers:605:17) {
  digest: '2151575143'
}
TypeError: Cannot read properties of undefined (reading 'toLowerCase')
    at Module.y (/Users/ahmedsalem/Desktop/all my projects/uneom.com/.next/server/app/locations/[city]/[industry]/page.js:1:2657)
    at /Users/ahmedsalem/Desktop/all my projects/uneom.com/node_modules/next/dist/compiled/next-server/app-page.runtime.prod.js:12:227525
    at /Users/ahmedsalem/Desktop/all my projects/uneom.com/node_modules/next/dist/server/lib/trace/tracer.js:140:36
    at NoopContextManager.with (/Users/ahmedsalem/Desktop/all my projects/uneom.com/node_modules/next/dist/compiled/@opentelemetry/api/index.js:1:7062)
    at ContextAPI.with (/Users/ahmedsalem/Desktop/all my projects/uneom.com/node_modules/next/dist/compiled/@opentelemetry/api/index.js:1:518)
    at NoopTracer.startActiveSpan (/Users/ahmedsalem/Desktop/all my projects/uneom.com/node_modules/next/dist/compiled/@opentelemetry/api/index.js:1:18093)
    at ProxyTracer.startActiveSpan (/Users/ahmedsalem/Desktop/all my projects/uneom.com/node_modules/next/dist/compiled/@opentelemetry/api/index.js:1:18854)
    at /Users/ahmedsalem/Desktop/all my projects/uneom.com/node_modules/next/dist/server/lib/trace/tracer.js:122:103
    at NoopContextManager.with (/Users/ahmedsalem/Desktop/all my projects/uneom.com/node_modules/next/dist/compiled/@opentelemetry/api/index.js:1:7062)
    at ContextAPI.with (/Users/ahmedsalem/Desktop/all my projects/uneom.com/node_modules/next/dist/compiled/@opentelemetry/api/index.js:1:518) {
  digest: '2592674761'
}
TypeError: Cannot read properties of undefined (reading 'toLowerCase')
    at b (/Users/ahmedsalem/Desktop/all my projects/uneom.com/.next/server/app/locations/[city]/[industry]/page.js:1:4337)
    at eh (/Users/ahmedsalem/Desktop/all my projects/uneom.com/node_modules/next/dist/compiled/next-server/app-page.runtime.prod.js:12:134660)
    at e (/Users/ahmedsalem/Desktop/all my projects/uneom.com/node_modules/next/dist/compiled/next-server/app-page.runtime.prod.js:12:137545)
    at ek (/Users/ahmedsalem/Desktop/all my projects/uneom.com/node_modules/next/dist/compiled/next-server/app-page.runtime.prod.js:12:138019)
    at Array.toJSON (/Users/ahmedsalem/Desktop/all my projects/uneom.com/node_modules/next/dist/compiled/next-server/app-page.runtime.prod.js:12:135629)
    at stringify (<anonymous>)
    at eP (/Users/ahmedsalem/Desktop/all my projects/uneom.com/node_modules/next/dist/compiled/next-server/app-page.runtime.prod.js:12:142093)
    at eE (/Users/ahmedsalem/Desktop/all my projects/uneom.com/node_modules/next/dist/compiled/next-server/app-page.runtime.prod.js:12:142572)
    at Timeout._onTimeout (/Users/ahmedsalem/Desktop/all my projects/uneom.com/node_modules/next/dist/compiled/next-server/app-page.runtime.prod.js:12:135349)
    at listOnTimeout (node:internal/timers:605:17) {
  digest: '2151575143'
}
TypeError: Cannot read properties of undefined (reading 'toLowerCase')
    at Module.y (/Users/ahmedsalem/Desktop/all my projects/uneom.com/.next/server/app/locations/[city]/[industry]/page.js:1:2657)
    at /Users/ahmedsalem/Desktop/all my projects/uneom.com/node_modules/next/dist/compiled/next-server/app-page.runtime.prod.js:12:227525
    at /Users/ahmedsalem/Desktop/all my projects/uneom.com/node_modules/next/dist/server/lib/trace/tracer.js:140:36
    at NoopContextManager.with (/Users/ahmedsalem/Desktop/all my projects/uneom.com/node_modules/next/dist/compiled/@opentelemetry/api/index.js:1:7062)
    at ContextAPI.with (/Users/ahmedsalem/Desktop/all my projects/uneom.com/node_modules/next/dist/compiled/@opentelemetry/api/index.js:1:518)
    at NoopTracer.startActiveSpan (/Users/ahmedsalem/Desktop/all my projects/uneom.com/node_modules/next/dist/compiled/@opentelemetry/api/index.js:1:18093)
    at ProxyTracer.startActiveSpan (/Users/ahmedsalem/Desktop/all my projects/uneom.com/node_modules/next/dist/compiled/@opentelemetry/api/index.js:1:18854)
    at /Users/ahmedsalem/Desktop/all my projects/uneom.com/node_modules/next/dist/server/lib/trace/tracer.js:122:103
    at NoopContextManager.with (/Users/ahmedsalem/Desktop/all my projects/uneom.com/node_modules/next/dist/compiled/@opentelemetry/api/index.js:1:7062)
    at ContextAPI.with (/Users/ahmedsalem/Desktop/all my projects/uneom.com/node_modules/next/dist/compiled/@opentelemetry/api/index.js:1:518) {
  digest: '2592674761'
}
TypeError: Cannot read properties of undefined (reading 'toLowerCase')
    at Module.y (/Users/ahmedsalem/Desktop/all my projects/uneom.com/.next/server/app/locations/[city]/[industry]/page.js:1:2657)
    at /Users/ahmedsalem/Desktop/all my projects/uneom.com/node_modules/next/dist/compiled/next-server/app-page.runtime.prod.js:12:227525
    at /Users/ahmedsalem/Desktop/all my projects/uneom.com/node_modules/next/dist/server/lib/trace/tracer.js:140:36
    at NoopContextManager.with (/Users/ahmedsalem/Desktop/all my projects/uneom.com/node_modules/next/dist/compiled/@opentelemetry/api/index.js:1:7062)
    at ContextAPI.with (/Users/ahmedsalem/Desktop/all my projects/uneom.com/node_modules/next/dist/compiled/@opentelemetry/api/index.js:1:518)
    at NoopTracer.startActiveSpan (/Users/ahmedsalem/Desktop/all my projects/uneom.com/node_modules/next/dist/compiled/@opentelemetry/api/index.js:1:18093)
    at ProxyTracer.startActiveSpan (/Users/ahmedsalem/Desktop/all my projects/uneom.com/node_modules/next/dist/compiled/@opentelemetry/api/index.js:1:18854)
    at /Users/ahmedsalem/Desktop/all my projects/uneom.com/node_modules/next/dist/server/lib/trace/tracer.js:122:103
    at NoopContextManager.with (/Users/ahmedsalem/Desktop/all my projects/uneom.com/node_modules/next/dist/compiled/@opentelemetry/api/index.js:1:7062)
    at ContextAPI.with (/Users/ahmedsalem/Desktop/all my projects/uneom.com/node_modules/next/dist/compiled/@opentelemetry/api/index.js:1:518) {
  digest: '2592674761'
}
TypeError: Cannot read properties of undefined (reading 'toLowerCase')
    at b (/Users/ahmedsalem/Desktop/all my projects/uneom.com/.next/server/app/locations/[city]/[industry]/page.js:1:4337)
    at eh (/Users/ahmedsalem/Desktop/all my projects/uneom.com/node_modules/next/dist/compiled/next-server/app-page.runtime.prod.js:12:134660)
    at e (/Users/ahmedsalem/Desktop/all my projects/uneom.com/node_modules/next/dist/compiled/next-server/app-page.runtime.prod.js:12:137545)
    at ek (/Users/ahmedsalem/Desktop/all my projects/uneom.com/node_modules/next/dist/compiled/next-server/app-page.runtime.prod.js:12:138019)
    at Array.toJSON (/Users/ahmedsalem/Desktop/all my projects/uneom.com/node_modules/next/dist/compiled/next-server/app-page.runtime.prod.js:12:135629)
    at stringify (<anonymous>)
    at eP (/Users/ahmedsalem/Desktop/all my projects/uneom.com/node_modules/next/dist/compiled/next-server/app-page.runtime.prod.js:12:142093)
    at eE (/Users/ahmedsalem/Desktop/all my projects/uneom.com/node_modules/next/dist/compiled/next-server/app-page.runtime.prod.js:12:142572)
    at AsyncLocalStorage.run (node:internal/async_local_storage/async_context_frame:63:14)
    at Timeout._onTimeout (/Users/ahmedsalem/Desktop/all my projects/uneom.com/node_modules/next/dist/compiled/next-server/app-page.runtime.prod.js:12:150373) {
  digest: '785353560'
}
TypeError: Cannot read properties of undefined (reading 'toLowerCase')
    at Module.y (/Users/ahmedsalem/Desktop/all my projects/uneom.com/.next/server/app/locations/[city]/[industry]/page.js:1:2657)
    at /Users/ahmedsalem/Desktop/all my projects/uneom.com/node_modules/next/dist/compiled/next-server/app-page.runtime.prod.js:12:227525
    at /Users/ahmedsalem/Desktop/all my projects/uneom.com/node_modules/next/dist/server/lib/trace/tracer.js:140:36
    at NoopContextManager.with (/Users/ahmedsalem/Desktop/all my projects/uneom.com/node_modules/next/dist/compiled/@opentelemetry/api/index.js:1:7062)
    at ContextAPI.with (/Users/ahmedsalem/Desktop/all my projects/uneom.com/node_modules/next/dist/compiled/@opentelemetry/api/index.js:1:518)
    at NoopTracer.startActiveSpan (/Users/ahmedsalem/Desktop/all my projects/uneom.com/node_modules/next/dist/compiled/@opentelemetry/api/index.js:1:18093)
    at ProxyTracer.startActiveSpan (/Users/ahmedsalem/Desktop/all my projects/uneom.com/node_modules/next/dist/compiled/@opentelemetry/api/index.js:1:18854)
    at /Users/ahmedsalem/Desktop/all my projects/uneom.com/node_modules/next/dist/server/lib/trace/tracer.js:122:103
    at NoopContextManager.with (/Users/ahmedsalem/Desktop/all my projects/uneom.com/node_modules/next/dist/compiled/@opentelemetry/api/index.js:1:7062)
    at ContextAPI.with (/Users/ahmedsalem/Desktop/all my projects/uneom.com/node_modules/next/dist/compiled/@opentelemetry/api/index.js:1:518) {
  digest: '2592674761'
}

Error occurred prerendering page "/locations/al-qatif/security". Read more: https://nextjs.org/docs/messages/prerender-error

TypeError: Cannot read properties of undefined (reading 'toLowerCase')
    at b (/Users/ahmedsalem/Desktop/all my projects/uneom.com/.next/server/app/locations/[city]/[industry]/page.js:1:4337)
    at eh (/Users/ahmedsalem/Desktop/all my projects/uneom.com/node_modules/next/dist/compiled/next-server/app-page.runtime.prod.js:12:134660)
    at e (/Users/ahmedsalem/Desktop/all my projects/uneom.com/node_modules/next/dist/compiled/next-server/app-page.runtime.prod.js:12:137545)
    at ek (/Users/ahmedsalem/Desktop/all my projects/uneom.com/node_modules/next/dist/compiled/next-server/app-page.runtime.prod.js:12:138019)
    at Array.toJSON (/Users/ahmedsalem/Desktop/all my projects/uneom.com/node_modules/next/dist/compiled/next-server/app-page.runtime.prod.js:12:135629)
    at stringify (<anonymous>)
    at eP (/Users/ahmedsalem/Desktop/all my projects/uneom.com/node_modules/next/dist/compiled/next-server/app-page.runtime.prod.js:12:142093)
    at eE (/Users/ahmedsalem/Desktop/all my projects/uneom.com/node_modules/next/dist/compiled/next-server/app-page.runtime.prod.js:12:142572)
    at AsyncLocalStorage.run (node:internal/async_local_storage/async_context_frame:63:14)
    at Timeout._onTimeout (/Users/ahmedsalem/Desktop/all my projects/uneom.com/node_modules/next/dist/compiled/next-server/app-page.runtime.prod.js:12:150373)
TypeError: Cannot read properties of undefined (reading 'toLowerCase')
    at Module.y (/Users/ahmedsalem/Desktop/all my projects/uneom.com/.next/server/app/locations/[city]/[industry]/page.js:1:2657)
    at /Users/ahmedsalem/Desktop/all my projects/uneom.com/node_modules/next/dist/compiled/next-server/app-page.runtime.prod.js:12:227525
    at /Users/ahmedsalem/Desktop/all my projects/uneom.com/node_modules/next/dist/server/lib/trace/tracer.js:140:36
    at NoopContextManager.with (/Users/ahmedsalem/Desktop/all my projects/uneom.com/node_modules/next/dist/compiled/@opentelemetry/api/index.js:1:7062)
    at ContextAPI.with (/Users/ahmedsalem/Desktop/all my projects/uneom.com/node_modules/next/dist/compiled/@opentelemetry/api/index.js:1:518)
    at NoopTracer.startActiveSpan (/Users/ahmedsalem/Desktop/all my projects/uneom.com/node_modules/next/dist/compiled/@opentelemetry/api/index.js:1:18093)
    at ProxyTracer.startActiveSpan (/Users/ahmedsalem/Desktop/all my projects/uneom.com/node_modules/next/dist/compiled/@opentelemetry/api/index.js:1:18854)
    at /Users/ahmedsalem/Desktop/all my projects/uneom.com/node_modules/next/dist/server/lib/trace/tracer.js:122:103
    at NoopContextManager.with (/Users/ahmedsalem/Desktop/all my projects/uneom.com/node_modules/next/dist/compiled/@opentelemetry/api/index.js:1:7062)
    at ContextAPI.with (/Users/ahmedsalem/Desktop/all my projects/uneom.com/node_modules/next/dist/compiled/@opentelemetry/api/index.js:1:518) {
  digest: '2592674761'
}
TypeError: Cannot read properties of undefined (reading 'toLowerCase')
    at Module.y (/Users/ahmedsalem/Desktop/all my projects/uneom.com/.next/server/app/locations/[city]/[industry]/page.js:1:2657)
    at /Users/ahmedsalem/Desktop/all my projects/uneom.com/node_modules/next/dist/compiled/next-server/app-page.runtime.prod.js:12:227525
    at /Users/ahmedsalem/Desktop/all my projects/uneom.com/node_modules/next/dist/server/lib/trace/tracer.js:140:36
    at NoopContextManager.with (/Users/ahmedsalem/Desktop/all my projects/uneom.com/node_modules/next/dist/compiled/@opentelemetry/api/index.js:1:7062)
    at ContextAPI.with (/Users/ahmedsalem/Desktop/all my projects/uneom.com/node_modules/next/dist/compiled/@opentelemetry/api/index.js:1:518)
    at NoopTracer.startActiveSpan (/Users/ahmedsalem/Desktop/all my projects/uneom.com/node_modules/next/dist/compiled/@opentelemetry/api/index.js:1:18093)
    at ProxyTracer.startActiveSpan (/Users/ahmedsalem/Desktop/all my projects/uneom.com/node_modules/next/dist/compiled/@opentelemetry/api/index.js:1:18854)
    at /Users/ahmedsalem/Desktop/all my projects/uneom.com/node_modules/next/dist/server/lib/trace/tracer.js:122:103
    at NoopContextManager.with (/Users/ahmedsalem/Desktop/all my projects/uneom.com/node_modules/next/dist/compiled/@opentelemetry/api/index.js:1:7062)
    at ContextAPI.with (/Users/ahmedsalem/Desktop/all my projects/uneom.com/node_modules/next/dist/compiled/@opentelemetry/api/index.js:1:518) {
  digest: '2592674761'
}

Error occurred prerendering page "/locations/al-qatif/factory-industry". Read more: https://nextjs.org/docs/messages/prerender-error

TypeError: Cannot read properties of undefined (reading 'toLowerCase')
    at b (/Users/ahmedsalem/Desktop/all my projects/uneom.com/.next/server/app/locations/[city]/[industry]/page.js:1:4337)
    at eh (/Users/ahmedsalem/Desktop/all my projects/uneom.com/node_modules/next/dist/compiled/next-server/app-page.runtime.prod.js:12:134660)
    at e (/Users/ahmedsalem/Desktop/all my projects/uneom.com/node_modules/next/dist/compiled/next-server/app-page.runtime.prod.js:12:137545)
    at ek (/Users/ahmedsalem/Desktop/all my projects/uneom.com/node_modules/next/dist/compiled/next-server/app-page.runtime.prod.js:12:138019)
    at Array.toJSON (/Users/ahmedsalem/Desktop/all my projects/uneom.com/node_modules/next/dist/compiled/next-server/app-page.runtime.prod.js:12:135629)
    at stringify (<anonymous>)
    at eP (/Users/ahmedsalem/Desktop/all my projects/uneom.com/node_modules/next/dist/compiled/next-server/app-page.runtime.prod.js:12:142093)
    at eE (/Users/ahmedsalem/Desktop/all my projects/uneom.com/node_modules/next/dist/compiled/next-server/app-page.runtime.prod.js:12:142572)
    at AsyncLocalStorage.run (node:internal/async_local_storage/async_context_frame:63:14)
    at Timeout._onTimeout (/Users/ahmedsalem/Desktop/all my projects/uneom.com/node_modules/next/dist/compiled/next-server/app-page.runtime.prod.js:12:150373)
TypeError: Cannot read properties of undefined (reading 'toLowerCase')
    at Module.y (/Users/ahmedsalem/Desktop/all my projects/uneom.com/.next/server/app/locations/[city]/[industry]/page.js:1:2657)
    at /Users/ahmedsalem/Desktop/all my projects/uneom.com/node_modules/next/dist/compiled/next-server/app-page.runtime.prod.js:12:227525
    at /Users/ahmedsalem/Desktop/all my projects/uneom.com/node_modules/next/dist/server/lib/trace/tracer.js:140:36
    at NoopContextManager.with (/Users/ahmedsalem/Desktop/all my projects/uneom.com/node_modules/next/dist/compiled/@opentelemetry/api/index.js:1:7062)
    at ContextAPI.with (/Users/ahmedsalem/Desktop/all my projects/uneom.com/node_modules/next/dist/compiled/@opentelemetry/api/index.js:1:518)
    at NoopTracer.startActiveSpan (/Users/ahmedsalem/Desktop/all my projects/uneom.com/node_modules/next/dist/compiled/@opentelemetry/api/index.js:1:18093)
    at ProxyTracer.startActiveSpan (/Users/ahmedsalem/Desktop/all my projects/uneom.com/node_modules/next/dist/compiled/@opentelemetry/api/index.js:1:18854)
    at /Users/ahmedsalem/Desktop/all my projects/uneom.com/node_modules/next/dist/server/lib/trace/tracer.js:122:103
    at NoopContextManager.with (/Users/ahmedsalem/Desktop/all my projects/uneom.com/node_modules/next/dist/compiled/@opentelemetry/api/index.js:1:7062)
    at ContextAPI.with (/Users/ahmedsalem/Desktop/all my projects/uneom.com/node_modules/next/dist/compiled/@opentelemetry/api/index.js:1:518) {
  digest: '2592674761'
}
TypeError: Cannot read properties of undefined (reading 'toLowerCase')
    at b (/Users/ahmedsalem/Desktop/all my projects/uneom.com/.next/server/app/locations/[city]/[industry]/page.js:1:4337)
    at eh (/Users/ahmedsalem/Desktop/all my projects/uneom.com/node_modules/next/dist/compiled/next-server/app-page.runtime.prod.js:12:134660)
    at e (/Users/ahmedsalem/Desktop/all my projects/uneom.com/node_modules/next/dist/compiled/next-server/app-page.runtime.prod.js:12:137545)
    at ek (/Users/ahmedsalem/Desktop/all my projects/uneom.com/node_modules/next/dist/compiled/next-server/app-page.runtime.prod.js:12:138019)
    at Array.toJSON (/Users/ahmedsalem/Desktop/all my projects/uneom.com/node_modules/next/dist/compiled/next-server/app-page.runtime.prod.js:12:135629)
    at stringify (<anonymous>)
    at eP (/Users/ahmedsalem/Desktop/all my projects/uneom.com/node_modules/next/dist/compiled/next-server/app-page.runtime.prod.js:12:142093)
    at eE (/Users/ahmedsalem/Desktop/all my projects/uneom.com/node_modules/next/dist/compiled/next-server/app-page.runtime.prod.js:12:142572)
    at Timeout._onTimeout (/Users/ahmedsalem/Desktop/all my projects/uneom.com/node_modules/next/dist/compiled/next-server/app-page.runtime.prod.js:12:135349)
    at listOnTimeout (node:internal/timers:605:17) {
  digest: '2151575143'
}
TypeError: Cannot read properties of undefined (reading 'toLowerCase')
    at Module.y (/Users/ahmedsalem/Desktop/all my projects/uneom.com/.next/server/app/locations/[city]/[industry]/page.js:1:2657)
    at /Users/ahmedsalem/Desktop/all my projects/uneom.com/node_modules/next/dist/compiled/next-server/app-page.runtime.prod.js:12:227525
    at /Users/ahmedsalem/Desktop/all my projects/uneom.com/node_modules/next/dist/server/lib/trace/tracer.js:140:36
    at NoopContextManager.with (/Users/ahmedsalem/Desktop/all my projects/uneom.com/node_modules/next/dist/compiled/@opentelemetry/api/index.js:1:7062)
    at ContextAPI.with (/Users/ahmedsalem/Desktop/all my projects/uneom.com/node_modules/next/dist/compiled/@opentelemetry/api/index.js:1:518)
    at NoopTracer.startActiveSpan (/Users/ahmedsalem/Desktop/all my projects/uneom.com/node_modules/next/dist/compiled/@opentelemetry/api/index.js:1:18093)
    at ProxyTracer.startActiveSpan (/Users/ahmedsalem/Desktop/all my projects/uneom.com/node_modules/next/dist/compiled/@opentelemetry/api/index.js:1:18854)
    at /Users/ahmedsalem/Desktop/all my projects/uneom.com/node_modules/next/dist/server/lib/trace/tracer.js:122:103
    at NoopContextManager.with (/Users/ahmedsalem/Desktop/all my projects/uneom.com/node_modules/next/dist/compiled/@opentelemetry/api/index.js:1:7062)
    at ContextAPI.with (/Users/ahmedsalem/Desktop/all my projects/uneom.com/node_modules/next/dist/compiled/@opentelemetry/api/index.js:1:518) {
  digest: '2592674761'
}
TypeError: Cannot read properties of undefined (reading 'toLowerCase')
    at b (/Users/ahmedsalem/Desktop/all my projects/uneom.com/.next/server/app/locations/[city]/[industry]/page.js:1:4337)
    at eh (/Users/ahmedsalem/Desktop/all my projects/uneom.com/node_modules/next/dist/compiled/next-server/app-page.runtime.prod.js:12:134660)
    at e (/Users/ahmedsalem/Desktop/all my projects/uneom.com/node_modules/next/dist/compiled/next-server/app-page.runtime.prod.js:12:137545)
    at ek (/Users/ahmedsalem/Desktop/all my projects/uneom.com/node_modules/next/dist/compiled/next-server/app-page.runtime.prod.js:12:138019)
    at Array.toJSON (/Users/ahmedsalem/Desktop/all my projects/uneom.com/node_modules/next/dist/compiled/next-server/app-page.runtime.prod.js:12:135629)
    at stringify (<anonymous>)
    at eP (/Users/ahmedsalem/Desktop/all my projects/uneom.com/node_modules/next/dist/compiled/next-server/app-page.runtime.prod.js:12:142093)
    at eE (/Users/ahmedsalem/Desktop/all my projects/uneom.com/node_modules/next/dist/compiled/next-server/app-page.runtime.prod.js:12:142572)
    at AsyncLocalStorage.run (node:internal/async_local_storage/async_context_frame:63:14)
    at Timeout._onTimeout (/Users/ahmedsalem/Desktop/all my projects/uneom.com/node_modules/next/dist/compiled/next-server/app-page.runtime.prod.js:12:150373) {
  digest: '785353560'
}

Error occurred prerendering page "/locations/al-qatif/retail-shops". Read more: https://nextjs.org/docs/messages/prerender-error

TypeError: Cannot read properties of undefined (reading 'toLowerCase')
    at b (/Users/ahmedsalem/Desktop/all my projects/uneom.com/.next/server/app/locations/[city]/[industry]/page.js:1:4337)
    at eh (/Users/ahmedsalem/Desktop/all my projects/uneom.com/node_modules/next/dist/compiled/next-server/app-page.runtime.prod.js:12:134660)
    at e (/Users/ahmedsalem/Desktop/all my projects/uneom.com/node_modules/next/dist/compiled/next-server/app-page.runtime.prod.js:12:137545)
    at ek (/Users/ahmedsalem/Desktop/all my projects/uneom.com/node_modules/next/dist/compiled/next-server/app-page.runtime.prod.js:12:138019)
    at Array.toJSON (/Users/ahmedsalem/Desktop/all my projects/uneom.com/node_modules/next/dist/compiled/next-server/app-page.runtime.prod.js:12:135629)
    at stringify (<anonymous>)
    at eP (/Users/ahmedsalem/Desktop/all my projects/uneom.com/node_modules/next/dist/compiled/next-server/app-page.runtime.prod.js:12:142093)
    at eE (/Users/ahmedsalem/Desktop/all my projects/uneom.com/node_modules/next/dist/compiled/next-server/app-page.runtime.prod.js:12:142572)
    at AsyncLocalStorage.run (node:internal/async_local_storage/async_context_frame:63:14)
    at Timeout._onTimeout (/Users/ahmedsalem/Desktop/all my projects/uneom.com/node_modules/next/dist/compiled/next-server/app-page.runtime.prod.js:12:150373)
TypeError: Cannot read properties of undefined (reading 'toLowerCase')
    at b (/Users/ahmedsalem/Desktop/all my projects/uneom.com/.next/server/app/locations/[city]/[industry]/page.js:1:4337)
    at eh (/Users/ahmedsalem/Desktop/all my projects/uneom.com/node_modules/next/dist/compiled/next-server/app-page.runtime.prod.js:12:134660)
    at e (/Users/ahmedsalem/Desktop/all my projects/uneom.com/node_modules/next/dist/compiled/next-server/app-page.runtime.prod.js:12:137545)
    at ek (/Users/ahmedsalem/Desktop/all my projects/uneom.com/node_modules/next/dist/compiled/next-server/app-page.runtime.prod.js:12:138019)
    at Array.toJSON (/Users/ahmedsalem/Desktop/all my projects/uneom.com/node_modules/next/dist/compiled/next-server/app-page.runtime.prod.js:12:135629)
    at stringify (<anonymous>)
    at eP (/Users/ahmedsalem/Desktop/all my projects/uneom.com/node_modules/next/dist/compiled/next-server/app-page.runtime.prod.js:12:142093)
    at eE (/Users/ahmedsalem/Desktop/all my projects/uneom.com/node_modules/next/dist/compiled/next-server/app-page.runtime.prod.js:12:142572)
    at AsyncLocalStorage.run (node:internal/async_local_storage/async_context_frame:63:14)
    at Timeout._onTimeout (/Users/ahmedsalem/Desktop/all my projects/uneom.com/node_modules/next/dist/compiled/next-server/app-page.runtime.prod.js:12:150373) {
  digest: '785353560'
}

Error occurred prerendering page "/locations/al-kharj/hospitality". Read more: https://nextjs.org/docs/messages/prerender-error

TypeError: Cannot read properties of undefined (reading 'toLowerCase')
    at b (/Users/ahmedsalem/Desktop/all my projects/uneom.com/.next/server/app/locations/[city]/[industry]/page.js:1:4337)
    at eh (/Users/ahmedsalem/Desktop/all my projects/uneom.com/node_modules/next/dist/compiled/next-server/app-page.runtime.prod.js:12:134660)
    at e (/Users/ahmedsalem/Desktop/all my projects/uneom.com/node_modules/next/dist/compiled/next-server/app-page.runtime.prod.js:12:137545)
    at ek (/Users/ahmedsalem/Desktop/all my projects/uneom.com/node_modules/next/dist/compiled/next-server/app-page.runtime.prod.js:12:138019)
    at Array.toJSON (/Users/ahmedsalem/Desktop/all my projects/uneom.com/node_modules/next/dist/compiled/next-server/app-page.runtime.prod.js:12:135629)
    at stringify (<anonymous>)
    at eP (/Users/ahmedsalem/Desktop/all my projects/uneom.com/node_modules/next/dist/compiled/next-server/app-page.runtime.prod.js:12:142093)
    at eE (/Users/ahmedsalem/Desktop/all my projects/uneom.com/node_modules/next/dist/compiled/next-server/app-page.runtime.prod.js:12:142572)
    at AsyncLocalStorage.run (node:internal/async_local_storage/async_context_frame:63:14)
    at Timeout._onTimeout (/Users/ahmedsalem/Desktop/all my projects/uneom.com/node_modules/next/dist/compiled/next-server/app-page.runtime.prod.js:12:150373)

Error occurred prerendering page "/locations/al-qatif/supply-manufacturing". Read more: https://nextjs.org/docs/messages/prerender-error

TypeError: Cannot read properties of undefined (reading 'toLowerCase')
    at b (/Users/ahmedsalem/Desktop/all my projects/uneom.com/.next/server/app/locations/[city]/[industry]/page.js:1:4337)
    at eh (/Users/ahmedsalem/Desktop/all my projects/uneom.com/node_modules/next/dist/compiled/next-server/app-page.runtime.prod.js:12:134660)
    at e (/Users/ahmedsalem/Desktop/all my projects/uneom.com/node_modules/next/dist/compiled/next-server/app-page.runtime.prod.js:12:137545)
    at ek (/Users/ahmedsalem/Desktop/all my projects/uneom.com/node_modules/next/dist/compiled/next-server/app-page.runtime.prod.js:12:138019)
    at Array.toJSON (/Users/ahmedsalem/Desktop/all my projects/uneom.com/node_modules/next/dist/compiled/next-server/app-page.runtime.prod.js:12:135629)
    at stringify (<anonymous>)
    at eP (/Users/ahmedsalem/Desktop/all my projects/uneom.com/node_modules/next/dist/compiled/next-server/app-page.runtime.prod.js:12:142093)
    at eE (/Users/ahmedsalem/Desktop/all my projects/uneom.com/node_modules/next/dist/compiled/next-server/app-page.runtime.prod.js:12:142572)
    at AsyncLocalStorage.run (node:internal/async_local_storage/async_context_frame:63:14)
    at Timeout._onTimeout (/Users/ahmedsalem/Desktop/all my projects/uneom.com/node_modules/next/dist/compiled/next-server/app-page.runtime.prod.js:12:150373)
TypeError: Cannot read properties of undefined (reading 'toLowerCase')
    at Module.y (/Users/ahmedsalem/Desktop/all my projects/uneom.com/.next/server/app/locations/[city]/[industry]/page.js:1:2657)
    at /Users/ahmedsalem/Desktop/all my projects/uneom.com/node_modules/next/dist/compiled/next-server/app-page.runtime.prod.js:12:227525
    at /Users/ahmedsalem/Desktop/all my projects/uneom.com/node_modules/next/dist/server/lib/trace/tracer.js:140:36
    at NoopContextManager.with (/Users/ahmedsalem/Desktop/all my projects/uneom.com/node_modules/next/dist/compiled/@opentelemetry/api/index.js:1:7062)
    at ContextAPI.with (/Users/ahmedsalem/Desktop/all my projects/uneom.com/node_modules/next/dist/compiled/@opentelemetry/api/index.js:1:518)
    at NoopTracer.startActiveSpan (/Users/ahmedsalem/Desktop/all my projects/uneom.com/node_modules/next/dist/compiled/@opentelemetry/api/index.js:1:18093)
    at ProxyTracer.startActiveSpan (/Users/ahmedsalem/Desktop/all my projects/uneom.com/node_modules/next/dist/compiled/@opentelemetry/api/index.js:1:18854)
    at /Users/ahmedsalem/Desktop/all my projects/uneom.com/node_modules/next/dist/server/lib/trace/tracer.js:122:103
    at NoopContextManager.with (/Users/ahmedsalem/Desktop/all my projects/uneom.com/node_modules/next/dist/compiled/@opentelemetry/api/index.js:1:7062)
    at ContextAPI.with (/Users/ahmedsalem/Desktop/all my projects/uneom.com/node_modules/next/dist/compiled/@opentelemetry/api/index.js:1:518) {
  digest: '2592674761'
}
TypeError: Cannot read properties of undefined (reading 'toLowerCase')
    at b (/Users/ahmedsalem/Desktop/all my projects/uneom.com/.next/server/app/locations/[city]/[industry]/page.js:1:4337)
    at eh (/Users/ahmedsalem/Desktop/all my projects/uneom.com/node_modules/next/dist/compiled/next-server/app-page.runtime.prod.js:12:134660)
    at e (/Users/ahmedsalem/Desktop/all my projects/uneom.com/node_modules/next/dist/compiled/next-server/app-page.runtime.prod.js:12:137545)
    at ek (/Users/ahmedsalem/Desktop/all my projects/uneom.com/node_modules/next/dist/compiled/next-server/app-page.runtime.prod.js:12:138019)
    at Array.toJSON (/Users/ahmedsalem/Desktop/all my projects/uneom.com/node_modules/next/dist/compiled/next-server/app-page.runtime.prod.js:12:135629)
    at stringify (<anonymous>)
    at eP (/Users/ahmedsalem/Desktop/all my projects/uneom.com/node_modules/next/dist/compiled/next-server/app-page.runtime.prod.js:12:142093)
    at eE (/Users/ahmedsalem/Desktop/all my projects/uneom.com/node_modules/next/dist/compiled/next-server/app-page.runtime.prod.js:12:142572)
    at Timeout._onTimeout (/Users/ahmedsalem/Desktop/all my projects/uneom.com/node_modules/next/dist/compiled/next-server/app-page.runtime.prod.js:12:135349)
    at listOnTimeout (node:internal/timers:605:17) {
  digest: '2151575143'
}

Error occurred prerendering page "/locations/al-kharj/healthcare". Read more: https://nextjs.org/docs/messages/prerender-error

TypeError: Cannot read properties of undefined (reading 'toLowerCase')
    at b (/Users/ahmedsalem/Desktop/all my projects/uneom.com/.next/server/app/locations/[city]/[industry]/page.js:1:4337)
    at eh (/Users/ahmedsalem/Desktop/all my projects/uneom.com/node_modules/next/dist/compiled/next-server/app-page.runtime.prod.js:12:134660)
    at e (/Users/ahmedsalem/Desktop/all my projects/uneom.com/node_modules/next/dist/compiled/next-server/app-page.runtime.prod.js:12:137545)
    at ek (/Users/ahmedsalem/Desktop/all my projects/uneom.com/node_modules/next/dist/compiled/next-server/app-page.runtime.prod.js:12:138019)
    at Array.toJSON (/Users/ahmedsalem/Desktop/all my projects/uneom.com/node_modules/next/dist/compiled/next-server/app-page.runtime.prod.js:12:135629)
    at stringify (<anonymous>)
    at eP (/Users/ahmedsalem/Desktop/all my projects/uneom.com/node_modules/next/dist/compiled/next-server/app-page.runtime.prod.js:12:142093)
    at eE (/Users/ahmedsalem/Desktop/all my projects/uneom.com/node_modules/next/dist/compiled/next-server/app-page.runtime.prod.js:12:142572)
    at AsyncLocalStorage.run (node:internal/async_local_storage/async_context_frame:63:14)
    at Timeout._onTimeout (/Users/ahmedsalem/Desktop/all my projects/uneom.com/node_modules/next/dist/compiled/next-server/app-page.runtime.prod.js:12:150373)
TypeError: Cannot read properties of undefined (reading 'toLowerCase')
    at b (/Users/ahmedsalem/Desktop/all my projects/uneom.com/.next/server/app/locations/[city]/[industry]/page.js:1:4337)
    at eh (/Users/ahmedsalem/Desktop/all my projects/uneom.com/node_modules/next/dist/compiled/next-server/app-page.runtime.prod.js:12:134660)
    at e (/Users/ahmedsalem/Desktop/all my projects/uneom.com/node_modules/next/dist/compiled/next-server/app-page.runtime.prod.js:12:137545)
    at ek (/Users/ahmedsalem/Desktop/all my projects/uneom.com/node_modules/next/dist/compiled/next-server/app-page.runtime.prod.js:12:138019)
    at Array.toJSON (/Users/ahmedsalem/Desktop/all my projects/uneom.com/node_modules/next/dist/compiled/next-server/app-page.runtime.prod.js:12:135629)
    at stringify (<anonymous>)
    at eP (/Users/ahmedsalem/Desktop/all my projects/uneom.com/node_modules/next/dist/compiled/next-server/app-page.runtime.prod.js:12:142093)
    at eE (/Users/ahmedsalem/Desktop/all my projects/uneom.com/node_modules/next/dist/compiled/next-server/app-page.runtime.prod.js:12:142572)
    at Timeout._onTimeout (/Users/ahmedsalem/Desktop/all my projects/uneom.com/node_modules/next/dist/compiled/next-server/app-page.runtime.prod.js:12:135349)
    at listOnTimeout (node:internal/timers:605:17) {
  digest: '2151575143'
}
TypeError: Cannot read properties of undefined (reading 'toLowerCase')
    at Module.y (/Users/ahmedsalem/Desktop/all my projects/uneom.com/.next/server/app/locations/[city]/[industry]/page.js:1:2657)
    at /Users/ahmedsalem/Desktop/all my projects/uneom.com/node_modules/next/dist/compiled/next-server/app-page.runtime.prod.js:12:227525
    at /Users/ahmedsalem/Desktop/all my projects/uneom.com/node_modules/next/dist/server/lib/trace/tracer.js:140:36
    at NoopContextManager.with (/Users/ahmedsalem/Desktop/all my projects/uneom.com/node_modules/next/dist/compiled/@opentelemetry/api/index.js:1:7062)
    at ContextAPI.with (/Users/ahmedsalem/Desktop/all my projects/uneom.com/node_modules/next/dist/compiled/@opentelemetry/api/index.js:1:518)
    at NoopTracer.startActiveSpan (/Users/ahmedsalem/Desktop/all my projects/uneom.com/node_modules/next/dist/compiled/@opentelemetry/api/index.js:1:18093)
    at ProxyTracer.startActiveSpan (/Users/ahmedsalem/Desktop/all my projects/uneom.com/node_modules/next/dist/compiled/@opentelemetry/api/index.js:1:18854)
    at /Users/ahmedsalem/Desktop/all my projects/uneom.com/node_modules/next/dist/server/lib/trace/tracer.js:122:103
    at NoopContextManager.with (/Users/ahmedsalem/Desktop/all my projects/uneom.com/node_modules/next/dist/compiled/@opentelemetry/api/index.js:1:7062)
    at ContextAPI.with (/Users/ahmedsalem/Desktop/all my projects/uneom.com/node_modules/next/dist/compiled/@opentelemetry/api/index.js:1:518) {
  digest: '2592674761'
}
TypeError: Cannot read properties of undefined (reading 'toLowerCase')
    at Module.y (/Users/ahmedsalem/Desktop/all my projects/uneom.com/.next/server/app/locations/[city]/[industry]/page.js:1:2657)
    at /Users/ahmedsalem/Desktop/all my projects/uneom.com/node_modules/next/dist/compiled/next-server/app-page.runtime.prod.js:12:227525
    at /Users/ahmedsalem/Desktop/all my projects/uneom.com/node_modules/next/dist/server/lib/trace/tracer.js:140:36
    at NoopContextManager.with (/Users/ahmedsalem/Desktop/all my projects/uneom.com/node_modules/next/dist/compiled/@opentelemetry/api/index.js:1:7062)
    at ContextAPI.with (/Users/ahmedsalem/Desktop/all my projects/uneom.com/node_modules/next/dist/compiled/@opentelemetry/api/index.js:1:518)
    at NoopTracer.startActiveSpan (/Users/ahmedsalem/Desktop/all my projects/uneom.com/node_modules/next/dist/compiled/@opentelemetry/api/index.js:1:18093)
    at ProxyTracer.startActiveSpan (/Users/ahmedsalem/Desktop/all my projects/uneom.com/node_modules/next/dist/compiled/@opentelemetry/api/index.js:1:18854)
    at /Users/ahmedsalem/Desktop/all my projects/uneom.com/node_modules/next/dist/server/lib/trace/tracer.js:122:103
    at NoopContextManager.with (/Users/ahmedsalem/Desktop/all my projects/uneom.com/node_modules/next/dist/compiled/@opentelemetry/api/index.js:1:7062)
    at ContextAPI.with (/Users/ahmedsalem/Desktop/all my projects/uneom.com/node_modules/next/dist/compiled/@opentelemetry/api/index.js:1:518) {
  digest: '2592674761'
}

Error occurred prerendering page "/locations/al-kharj/aviation". Read more: https://nextjs.org/docs/messages/prerender-error

TypeError: Cannot read properties of undefined (reading 'toLowerCase')
    at b (/Users/ahmedsalem/Desktop/all my projects/uneom.com/.next/server/app/locations/[city]/[industry]/page.js:1:4337)
    at eh (/Users/ahmedsalem/Desktop/all my projects/uneom.com/node_modules/next/dist/compiled/next-server/app-page.runtime.prod.js:12:134660)
    at e (/Users/ahmedsalem/Desktop/all my projects/uneom.com/node_modules/next/dist/compiled/next-server/app-page.runtime.prod.js:12:137545)
    at ek (/Users/ahmedsalem/Desktop/all my projects/uneom.com/node_modules/next/dist/compiled/next-server/app-page.runtime.prod.js:12:138019)
    at Array.toJSON (/Users/ahmedsalem/Desktop/all my projects/uneom.com/node_modules/next/dist/compiled/next-server/app-page.runtime.prod.js:12:135629)
    at stringify (<anonymous>)
    at eP (/Users/ahmedsalem/Desktop/all my projects/uneom.com/node_modules/next/dist/compiled/next-server/app-page.runtime.prod.js:12:142093)
    at eE (/Users/ahmedsalem/Desktop/all my projects/uneom.com/node_modules/next/dist/compiled/next-server/app-page.runtime.prod.js:12:142572)
    at AsyncLocalStorage.run (node:internal/async_local_storage/async_context_frame:63:14)
    at Timeout._onTimeout (/Users/ahmedsalem/Desktop/all my projects/uneom.com/node_modules/next/dist/compiled/next-server/app-page.runtime.prod.js:12:150373)
TypeError: Cannot read properties of undefined (reading 'toLowerCase')
    at Module.y (/Users/ahmedsalem/Desktop/all my projects/uneom.com/.next/server/app/locations/[city]/[industry]/page.js:1:2657)
    at /Users/ahmedsalem/Desktop/all my projects/uneom.com/node_modules/next/dist/compiled/next-server/app-page.runtime.prod.js:12:227525
    at /Users/ahmedsalem/Desktop/all my projects/uneom.com/node_modules/next/dist/server/lib/trace/tracer.js:140:36
    at NoopContextManager.with (/Users/ahmedsalem/Desktop/all my projects/uneom.com/node_modules/next/dist/compiled/@opentelemetry/api/index.js:1:7062)
    at ContextAPI.with (/Users/ahmedsalem/Desktop/all my projects/uneom.com/node_modules/next/dist/compiled/@opentelemetry/api/index.js:1:518)
    at NoopTracer.startActiveSpan (/Users/ahmedsalem/Desktop/all my projects/uneom.com/node_modules/next/dist/compiled/@opentelemetry/api/index.js:1:18093)
    at ProxyTracer.startActiveSpan (/Users/ahmedsalem/Desktop/all my projects/uneom.com/node_modules/next/dist/compiled/@opentelemetry/api/index.js:1:18854)
    at /Users/ahmedsalem/Desktop/all my projects/uneom.com/node_modules/next/dist/server/lib/trace/tracer.js:122:103
    at NoopContextManager.with (/Users/ahmedsalem/Desktop/all my projects/uneom.com/node_modules/next/dist/compiled/@opentelemetry/api/index.js:1:7062)
    at ContextAPI.with (/Users/ahmedsalem/Desktop/all my projects/uneom.com/node_modules/next/dist/compiled/@opentelemetry/api/index.js:1:518) {
  digest: '2592674761'
}
TypeError: Cannot read properties of undefined (reading 'toLowerCase')
    at b (/Users/ahmedsalem/Desktop/all my projects/uneom.com/.next/server/app/locations/[city]/[industry]/page.js:1:4337)
    at eh (/Users/ahmedsalem/Desktop/all my projects/uneom.com/node_modules/next/dist/compiled/next-server/app-page.runtime.prod.js:12:134660)
    at e (/Users/ahmedsalem/Desktop/all my projects/uneom.com/node_modules/next/dist/compiled/next-server/app-page.runtime.prod.js:12:137545)
    at ek (/Users/ahmedsalem/Desktop/all my projects/uneom.com/node_modules/next/dist/compiled/next-server/app-page.runtime.prod.js:12:138019)
    at Array.toJSON (/Users/ahmedsalem/Desktop/all my projects/uneom.com/node_modules/next/dist/compiled/next-server/app-page.runtime.prod.js:12:135629)
    at stringify (<anonymous>)
    at eP (/Users/ahmedsalem/Desktop/all my projects/uneom.com/node_modules/next/dist/compiled/next-server/app-page.runtime.prod.js:12:142093)
    at eE (/Users/ahmedsalem/Desktop/all my projects/uneom.com/node_modules/next/dist/compiled/next-server/app-page.runtime.prod.js:12:142572)
    at AsyncLocalStorage.run (node:internal/async_local_storage/async_context_frame:63:14)
    at Timeout._onTimeout (/Users/ahmedsalem/Desktop/all my projects/uneom.com/node_modules/next/dist/compiled/next-server/app-page.runtime.prod.js:12:150373) {
  digest: '785353560'
}
TypeError: Cannot read properties of undefined (reading 'toLowerCase')
    at b (/Users/ahmedsalem/Desktop/all my projects/uneom.com/.next/server/app/locations/[city]/[industry]/page.js:1:4337)
    at eh (/Users/ahmedsalem/Desktop/all my projects/uneom.com/node_modules/next/dist/compiled/next-server/app-page.runtime.prod.js:12:134660)
    at e (/Users/ahmedsalem/Desktop/all my projects/uneom.com/node_modules/next/dist/compiled/next-server/app-page.runtime.prod.js:12:137545)
    at ek (/Users/ahmedsalem/Desktop/all my projects/uneom.com/node_modules/next/dist/compiled/next-server/app-page.runtime.prod.js:12:138019)
    at Array.toJSON (/Users/ahmedsalem/Desktop/all my projects/uneom.com/node_modules/next/dist/compiled/next-server/app-page.runtime.prod.js:12:135629)
    at stringify (<anonymous>)
    at eP (/Users/ahmedsalem/Desktop/all my projects/uneom.com/node_modules/next/dist/compiled/next-server/app-page.runtime.prod.js:12:142093)
    at eE (/Users/ahmedsalem/Desktop/all my projects/uneom.com/node_modules/next/dist/compiled/next-server/app-page.runtime.prod.js:12:142572)
    at AsyncLocalStorage.run (node:internal/async_local_storage/async_context_frame:63:14)
    at Timeout._onTimeout (/Users/ahmedsalem/Desktop/all my projects/uneom.com/node_modules/next/dist/compiled/next-server/app-page.runtime.prod.js:12:150373) {
  digest: '785353560'
}
TypeError: Cannot read properties of undefined (reading 'toLowerCase')
    at b (/Users/ahmedsalem/Desktop/all my projects/uneom.com/.next/server/app/locations/[city]/[industry]/page.js:1:4337)
    at eh (/Users/ahmedsalem/Desktop/all my projects/uneom.com/node_modules/next/dist/compiled/next-server/app-page.runtime.prod.js:12:134660)
    at e (/Users/ahmedsalem/Desktop/all my projects/uneom.com/node_modules/next/dist/compiled/next-server/app-page.runtime.prod.js:12:137545)
    at ek (/Users/ahmedsalem/Desktop/all my projects/uneom.com/node_modules/next/dist/compiled/next-server/app-page.runtime.prod.js:12:138019)
    at Array.toJSON (/Users/ahmedsalem/Desktop/all my projects/uneom.com/node_modules/next/dist/compiled/next-server/app-page.runtime.prod.js:12:135629)
    at stringify (<anonymous>)
    at eP (/Users/ahmedsalem/Desktop/all my projects/uneom.com/node_modules/next/dist/compiled/next-server/app-page.runtime.prod.js:12:142093)
    at eE (/Users/ahmedsalem/Desktop/all my projects/uneom.com/node_modules/next/dist/compiled/next-server/app-page.runtime.prod.js:12:142572)
    at AsyncLocalStorage.run (node:internal/async_local_storage/async_context_frame:63:14)
    at Timeout._onTimeout (/Users/ahmedsalem/Desktop/all my projects/uneom.com/node_modules/next/dist/compiled/next-server/app-page.runtime.prod.js:12:150373) {
  digest: '785353560'
}
TypeError: Cannot read properties of undefined (reading 'toLowerCase')
    at b (/Users/ahmedsalem/Desktop/all my projects/uneom.com/.next/server/app/locations/[city]/[industry]/page.js:1:4337)
    at eh (/Users/ahmedsalem/Desktop/all my projects/uneom.com/node_modules/next/dist/compiled/next-server/app-page.runtime.prod.js:12:134660)
    at e (/Users/ahmedsalem/Desktop/all my projects/uneom.com/node_modules/next/dist/compiled/next-server/app-page.runtime.prod.js:12:137545)
    at ek (/Users/ahmedsalem/Desktop/all my projects/uneom.com/node_modules/next/dist/compiled/next-server/app-page.runtime.prod.js:12:138019)
    at Array.toJSON (/Users/ahmedsalem/Desktop/all my projects/uneom.com/node_modules/next/dist/compiled/next-server/app-page.runtime.prod.js:12:135629)
    at stringify (<anonymous>)
    at eP (/Users/ahmedsalem/Desktop/all my projects/uneom.com/node_modules/next/dist/compiled/next-server/app-page.runtime.prod.js:12:142093)
    at eE (/Users/ahmedsalem/Desktop/all my projects/uneom.com/node_modules/next/dist/compiled/next-server/app-page.runtime.prod.js:12:142572)
    at AsyncLocalStorage.run (node:internal/async_local_storage/async_context_frame:63:14)
    at Timeout._onTimeout (/Users/ahmedsalem/Desktop/all my projects/uneom.com/node_modules/next/dist/compiled/next-server/app-page.runtime.prod.js:12:150373) {
  digest: '785353560'
}

Error occurred prerendering page "/locations/al-kharj/corporate". Read more: https://nextjs.org/docs/messages/prerender-error

TypeError: Cannot read properties of undefined (reading 'toLowerCase')
    at b (/Users/ahmedsalem/Desktop/all my projects/uneom.com/.next/server/app/locations/[city]/[industry]/page.js:1:4337)
    at eh (/Users/ahmedsalem/Desktop/all my projects/uneom.com/node_modules/next/dist/compiled/next-server/app-page.runtime.prod.js:12:134660)
    at e (/Users/ahmedsalem/Desktop/all my projects/uneom.com/node_modules/next/dist/compiled/next-server/app-page.runtime.prod.js:12:137545)
    at ek (/Users/ahmedsalem/Desktop/all my projects/uneom.com/node_modules/next/dist/compiled/next-server/app-page.runtime.prod.js:12:138019)
    at Array.toJSON (/Users/ahmedsalem/Desktop/all my projects/uneom.com/node_modules/next/dist/compiled/next-server/app-page.runtime.prod.js:12:135629)
    at stringify (<anonymous>)
    at eP (/Users/ahmedsalem/Desktop/all my projects/uneom.com/node_modules/next/dist/compiled/next-server/app-page.runtime.prod.js:12:142093)
    at eE (/Users/ahmedsalem/Desktop/all my projects/uneom.com/node_modules/next/dist/compiled/next-server/app-page.runtime.prod.js:12:142572)
    at AsyncLocalStorage.run (node:internal/async_local_storage/async_context_frame:63:14)
    at Timeout._onTimeout (/Users/ahmedsalem/Desktop/all my projects/uneom.com/node_modules/next/dist/compiled/next-server/app-page.runtime.prod.js:12:150373)
TypeError: Cannot read properties of undefined (reading 'toLowerCase')
    at b (/Users/ahmedsalem/Desktop/all my projects/uneom.com/.next/server/app/locations/[city]/[industry]/page.js:1:4337)
    at eh (/Users/ahmedsalem/Desktop/all my projects/uneom.com/node_modules/next/dist/compiled/next-server/app-page.runtime.prod.js:12:134660)
    at e (/Users/ahmedsalem/Desktop/all my projects/uneom.com/node_modules/next/dist/compiled/next-server/app-page.runtime.prod.js:12:137545)
    at ek (/Users/ahmedsalem/Desktop/all my projects/uneom.com/node_modules/next/dist/compiled/next-server/app-page.runtime.prod.js:12:138019)
    at Array.toJSON (/Users/ahmedsalem/Desktop/all my projects/uneom.com/node_modules/next/dist/compiled/next-server/app-page.runtime.prod.js:12:135629)
    at stringify (<anonymous>)
    at eP (/Users/ahmedsalem/Desktop/all my projects/uneom.com/node_modules/next/dist/compiled/next-server/app-page.runtime.prod.js:12:142093)
    at eE (/Users/ahmedsalem/Desktop/all my projects/uneom.com/node_modules/next/dist/compiled/next-server/app-page.runtime.prod.js:12:142572)
    at Timeout._onTimeout (/Users/ahmedsalem/Desktop/all my projects/uneom.com/node_modules/next/dist/compiled/next-server/app-page.runtime.prod.js:12:135349)
    at listOnTimeout (node:internal/timers:605:17) {
  digest: '2151575143'
}
TypeError: Cannot read properties of undefined (reading 'toLowerCase')
    at b (/Users/ahmedsalem/Desktop/all my projects/uneom.com/.next/server/app/locations/[city]/[industry]/page.js:1:4337)
    at eh (/Users/ahmedsalem/Desktop/all my projects/uneom.com/node_modules/next/dist/compiled/next-server/app-page.runtime.prod.js:12:134660)
    at e (/Users/ahmedsalem/Desktop/all my projects/uneom.com/node_modules/next/dist/compiled/next-server/app-page.runtime.prod.js:12:137545)
    at ek (/Users/ahmedsalem/Desktop/all my projects/uneom.com/node_modules/next/dist/compiled/next-server/app-page.runtime.prod.js:12:138019)
    at Array.toJSON (/Users/ahmedsalem/Desktop/all my projects/uneom.com/node_modules/next/dist/compiled/next-server/app-page.runtime.prod.js:12:135629)
    at stringify (<anonymous>)
    at eP (/Users/ahmedsalem/Desktop/all my projects/uneom.com/node_modules/next/dist/compiled/next-server/app-page.runtime.prod.js:12:142093)
    at eE (/Users/ahmedsalem/Desktop/all my projects/uneom.com/node_modules/next/dist/compiled/next-server/app-page.runtime.prod.js:12:142572)
    at Timeout._onTimeout (/Users/ahmedsalem/Desktop/all my projects/uneom.com/node_modules/next/dist/compiled/next-server/app-page.runtime.prod.js:12:135349)
    at listOnTimeout (node:internal/timers:605:17) {
  digest: '2151575143'
}
TypeError: Cannot read properties of undefined (reading 'toLowerCase')
    at b (/Users/ahmedsalem/Desktop/all my projects/uneom.com/.next/server/app/locations/[city]/[industry]/page.js:1:4337)
    at eh (/Users/ahmedsalem/Desktop/all my projects/uneom.com/node_modules/next/dist/compiled/next-server/app-page.runtime.prod.js:12:134660)
    at e (/Users/ahmedsalem/Desktop/all my projects/uneom.com/node_modules/next/dist/compiled/next-server/app-page.runtime.prod.js:12:137545)
    at ek (/Users/ahmedsalem/Desktop/all my projects/uneom.com/node_modules/next/dist/compiled/next-server/app-page.runtime.prod.js:12:138019)
    at Array.toJSON (/Users/ahmedsalem/Desktop/all my projects/uneom.com/node_modules/next/dist/compiled/next-server/app-page.runtime.prod.js:12:135629)
    at stringify (<anonymous>)
    at eP (/Users/ahmedsalem/Desktop/all my projects/uneom.com/node_modules/next/dist/compiled/next-server/app-page.runtime.prod.js:12:142093)
    at eE (/Users/ahmedsalem/Desktop/all my projects/uneom.com/node_modules/next/dist/compiled/next-server/app-page.runtime.prod.js:12:142572)
    at AsyncLocalStorage.run (node:internal/async_local_storage/async_context_frame:63:14)
    at Timeout._onTimeout (/Users/ahmedsalem/Desktop/all my projects/uneom.com/node_modules/next/dist/compiled/next-server/app-page.runtime.prod.js:12:150373) {
  digest: '785353560'
}
TypeError: Cannot read properties of undefined (reading 'toLowerCase')
    at Module.y (/Users/ahmedsalem/Desktop/all my projects/uneom.com/.next/server/app/locations/[city]/[industry]/page.js:1:2657)
    at /Users/ahmedsalem/Desktop/all my projects/uneom.com/node_modules/next/dist/compiled/next-server/app-page.runtime.prod.js:12:227525
    at /Users/ahmedsalem/Desktop/all my projects/uneom.com/node_modules/next/dist/server/lib/trace/tracer.js:140:36
    at NoopContextManager.with (/Users/ahmedsalem/Desktop/all my projects/uneom.com/node_modules/next/dist/compiled/@opentelemetry/api/index.js:1:7062)
    at ContextAPI.with (/Users/ahmedsalem/Desktop/all my projects/uneom.com/node_modules/next/dist/compiled/@opentelemetry/api/index.js:1:518)
    at NoopTracer.startActiveSpan (/Users/ahmedsalem/Desktop/all my projects/uneom.com/node_modules/next/dist/compiled/@opentelemetry/api/index.js:1:18093)
    at ProxyTracer.startActiveSpan (/Users/ahmedsalem/Desktop/all my projects/uneom.com/node_modules/next/dist/compiled/@opentelemetry/api/index.js:1:18854)
    at /Users/ahmedsalem/Desktop/all my projects/uneom.com/node_modules/next/dist/server/lib/trace/tracer.js:122:103
    at NoopContextManager.with (/Users/ahmedsalem/Desktop/all my projects/uneom.com/node_modules/next/dist/compiled/@opentelemetry/api/index.js:1:7062)
    at ContextAPI.with (/Users/ahmedsalem/Desktop/all my projects/uneom.com/node_modules/next/dist/compiled/@opentelemetry/api/index.js:1:518) {
  digest: '2592674761'
}
TypeError: Cannot read properties of undefined (reading 'toLowerCase')
    at b (/Users/ahmedsalem/Desktop/all my projects/uneom.com/.next/server/app/locations/[city]/[industry]/page.js:1:4337)
    at eh (/Users/ahmedsalem/Desktop/all my projects/uneom.com/node_modules/next/dist/compiled/next-server/app-page.runtime.prod.js:12:134660)
    at e (/Users/ahmedsalem/Desktop/all my projects/uneom.com/node_modules/next/dist/compiled/next-server/app-page.runtime.prod.js:12:137545)
    at ek (/Users/ahmedsalem/Desktop/all my projects/uneom.com/node_modules/next/dist/compiled/next-server/app-page.runtime.prod.js:12:138019)
    at Array.toJSON (/Users/ahmedsalem/Desktop/all my projects/uneom.com/node_modules/next/dist/compiled/next-server/app-page.runtime.prod.js:12:135629)
    at stringify (<anonymous>)
    at eP (/Users/ahmedsalem/Desktop/all my projects/uneom.com/node_modules/next/dist/compiled/next-server/app-page.runtime.prod.js:12:142093)
    at eE (/Users/ahmedsalem/Desktop/all my projects/uneom.com/node_modules/next/dist/compiled/next-server/app-page.runtime.prod.js:12:142572)
    at Timeout._onTimeout (/Users/ahmedsalem/Desktop/all my projects/uneom.com/node_modules/next/dist/compiled/next-server/app-page.runtime.prod.js:12:135349)
    at listOnTimeout (node:internal/timers:605:17) {
  digest: '2151575143'
}
TypeError: Cannot read properties of undefined (reading 'toLowerCase')
    at b (/Users/ahmedsalem/Desktop/all my projects/uneom.com/.next/server/app/locations/[city]/[industry]/page.js:1:4337)
    at eh (/Users/ahmedsalem/Desktop/all my projects/uneom.com/node_modules/next/dist/compiled/next-server/app-page.runtime.prod.js:12:134660)
    at e (/Users/ahmedsalem/Desktop/all my projects/uneom.com/node_modules/next/dist/compiled/next-server/app-page.runtime.prod.js:12:137545)
    at ek (/Users/ahmedsalem/Desktop/all my projects/uneom.com/node_modules/next/dist/compiled/next-server/app-page.runtime.prod.js:12:138019)
    at Array.toJSON (/Users/ahmedsalem/Desktop/all my projects/uneom.com/node_modules/next/dist/compiled/next-server/app-page.runtime.prod.js:12:135629)
    at stringify (<anonymous>)
    at eP (/Users/ahmedsalem/Desktop/all my projects/uneom.com/node_modules/next/dist/compiled/next-server/app-page.runtime.prod.js:12:142093)
    at eE (/Users/ahmedsalem/Desktop/all my projects/uneom.com/node_modules/next/dist/compiled/next-server/app-page.runtime.prod.js:12:142572)
    at Timeout._onTimeout (/Users/ahmedsalem/Desktop/all my projects/uneom.com/node_modules/next/dist/compiled/next-server/app-page.runtime.prod.js:12:135349)
    at listOnTimeout (node:internal/timers:605:17) {
  digest: '2151575143'
}
TypeError: Cannot read properties of undefined (reading 'toLowerCase')
    at Module.y (/Users/ahmedsalem/Desktop/all my projects/uneom.com/.next/server/app/locations/[city]/[industry]/page.js:1:2657)
    at /Users/ahmedsalem/Desktop/all my projects/uneom.com/node_modules/next/dist/compiled/next-server/app-page.runtime.prod.js:12:227525
    at /Users/ahmedsalem/Desktop/all my projects/uneom.com/node_modules/next/dist/server/lib/trace/tracer.js:140:36
    at NoopContextManager.with (/Users/ahmedsalem/Desktop/all my projects/uneom.com/node_modules/next/dist/compiled/@opentelemetry/api/index.js:1:7062)
    at ContextAPI.with (/Users/ahmedsalem/Desktop/all my projects/uneom.com/node_modules/next/dist/compiled/@opentelemetry/api/index.js:1:518)
    at NoopTracer.startActiveSpan (/Users/ahmedsalem/Desktop/all my projects/uneom.com/node_modules/next/dist/compiled/@opentelemetry/api/index.js:1:18093)
    at ProxyTracer.startActiveSpan (/Users/ahmedsalem/Desktop/all my projects/uneom.com/node_modules/next/dist/compiled/@opentelemetry/api/index.js:1:18854)
    at /Users/ahmedsalem/Desktop/all my projects/uneom.com/node_modules/next/dist/server/lib/trace/tracer.js:122:103
    at NoopContextManager.with (/Users/ahmedsalem/Desktop/all my projects/uneom.com/node_modules/next/dist/compiled/@opentelemetry/api/index.js:1:7062)
    at ContextAPI.with (/Users/ahmedsalem/Desktop/all my projects/uneom.com/node_modules/next/dist/compiled/@opentelemetry/api/index.js:1:518) {
  digest: '2592674761'
}
TypeError: Cannot read properties of undefined (reading 'toLowerCase')
    at b (/Users/ahmedsalem/Desktop/all my projects/uneom.com/.next/server/app/locations/[city]/[industry]/page.js:1:4337)
    at eh (/Users/ahmedsalem/Desktop/all my projects/uneom.com/node_modules/next/dist/compiled/next-server/app-page.runtime.prod.js:12:134660)
    at e (/Users/ahmedsalem/Desktop/all my projects/uneom.com/node_modules/next/dist/compiled/next-server/app-page.runtime.prod.js:12:137545)
    at ek (/Users/ahmedsalem/Desktop/all my projects/uneom.com/node_modules/next/dist/compiled/next-server/app-page.runtime.prod.js:12:138019)
    at Array.toJSON (/Users/ahmedsalem/Desktop/all my projects/uneom.com/node_modules/next/dist/compiled/next-server/app-page.runtime.prod.js:12:135629)
    at stringify (<anonymous>)
    at eP (/Users/ahmedsalem/Desktop/all my projects/uneom.com/node_modules/next/dist/compiled/next-server/app-page.runtime.prod.js:12:142093)
    at eE (/Users/ahmedsalem/Desktop/all my projects/uneom.com/node_modules/next/dist/compiled/next-server/app-page.runtime.prod.js:12:142572)
    at Timeout._onTimeout (/Users/ahmedsalem/Desktop/all my projects/uneom.com/node_modules/next/dist/compiled/next-server/app-page.runtime.prod.js:12:135349)
    at listOnTimeout (node:internal/timers:605:17) {
  digest: '2151575143'
}
TypeError: Cannot read properties of undefined (reading 'toLowerCase')
    at Module.y (/Users/ahmedsalem/Desktop/all my projects/uneom.com/.next/server/app/locations/[city]/[industry]/page.js:1:2657)
    at /Users/ahmedsalem/Desktop/all my projects/uneom.com/node_modules/next/dist/compiled/next-server/app-page.runtime.prod.js:12:227525
    at /Users/ahmedsalem/Desktop/all my projects/uneom.com/node_modules/next/dist/server/lib/trace/tracer.js:140:36
    at NoopContextManager.with (/Users/ahmedsalem/Desktop/all my projects/uneom.com/node_modules/next/dist/compiled/@opentelemetry/api/index.js:1:7062)
    at ContextAPI.with (/Users/ahmedsalem/Desktop/all my projects/uneom.com/node_modules/next/dist/compiled/@opentelemetry/api/index.js:1:518)
    at NoopTracer.startActiveSpan (/Users/ahmedsalem/Desktop/all my projects/uneom.com/node_modules/next/dist/compiled/@opentelemetry/api/index.js:1:18093)
    at ProxyTracer.startActiveSpan (/Users/ahmedsalem/Desktop/all my projects/uneom.com/node_modules/next/dist/compiled/@opentelemetry/api/index.js:1:18854)
    at /Users/ahmedsalem/Desktop/all my projects/uneom.com/node_modules/next/dist/server/lib/trace/tracer.js:122:103
    at NoopContextManager.with (/Users/ahmedsalem/Desktop/all my projects/uneom.com/node_modules/next/dist/compiled/@opentelemetry/api/index.js:1:7062)
    at ContextAPI.with (/Users/ahmedsalem/Desktop/all my projects/uneom.com/node_modules/next/dist/compiled/@opentelemetry/api/index.js:1:518) {
  digest: '2592674761'
}
TypeError: Cannot read properties of undefined (reading 'toLowerCase')
    at Module.y (/Users/ahmedsalem/Desktop/all my projects/uneom.com/.next/server/app/locations/[city]/[industry]/page.js:1:2657)
    at /Users/ahmedsalem/Desktop/all my projects/uneom.com/node_modules/next/dist/compiled/next-server/app-page.runtime.prod.js:12:227525
    at /Users/ahmedsalem/Desktop/all my projects/uneom.com/node_modules/next/dist/server/lib/trace/tracer.js:140:36
    at NoopContextManager.with (/Users/ahmedsalem/Desktop/all my projects/uneom.com/node_modules/next/dist/compiled/@opentelemetry/api/index.js:1:7062)
    at ContextAPI.with (/Users/ahmedsalem/Desktop/all my projects/uneom.com/node_modules/next/dist/compiled/@opentelemetry/api/index.js:1:518)
    at NoopTracer.startActiveSpan (/Users/ahmedsalem/Desktop/all my projects/uneom.com/node_modules/next/dist/compiled/@opentelemetry/api/index.js:1:18093)
    at ProxyTracer.startActiveSpan (/Users/ahmedsalem/Desktop/all my projects/uneom.com/node_modules/next/dist/compiled/@opentelemetry/api/index.js:1:18854)
    at /Users/ahmedsalem/Desktop/all my projects/uneom.com/node_modules/next/dist/server/lib/trace/tracer.js:122:103
    at NoopContextManager.with (/Users/ahmedsalem/Desktop/all my projects/uneom.com/node_modules/next/dist/compiled/@opentelemetry/api/index.js:1:7062)
    at ContextAPI.with (/Users/ahmedsalem/Desktop/all my projects/uneom.com/node_modules/next/dist/compiled/@opentelemetry/api/index.js:1:518) {
  digest: '2592674761'
}
TypeError: Cannot read properties of undefined (reading 'toLowerCase')
    at Module.y (/Users/ahmedsalem/Desktop/all my projects/uneom.com/.next/server/app/locations/[city]/[industry]/page.js:1:2657)
    at /Users/ahmedsalem/Desktop/all my projects/uneom.com/node_modules/next/dist/compiled/next-server/app-page.runtime.prod.js:12:227525
    at /Users/ahmedsalem/Desktop/all my projects/uneom.com/node_modules/next/dist/server/lib/trace/tracer.js:140:36
    at NoopContextManager.with (/Users/ahmedsalem/Desktop/all my projects/uneom.com/node_modules/next/dist/compiled/@opentelemetry/api/index.js:1:7062)
    at ContextAPI.with (/Users/ahmedsalem/Desktop/all my projects/uneom.com/node_modules/next/dist/compiled/@opentelemetry/api/index.js:1:518)
    at NoopTracer.startActiveSpan (/Users/ahmedsalem/Desktop/all my projects/uneom.com/node_modules/next/dist/compiled/@opentelemetry/api/index.js:1:18093)
    at ProxyTracer.startActiveSpan (/Users/ahmedsalem/Desktop/all my projects/uneom.com/node_modules/next/dist/compiled/@opentelemetry/api/index.js:1:18854)
    at /Users/ahmedsalem/Desktop/all my projects/uneom.com/node_modules/next/dist/server/lib/trace/tracer.js:122:103
    at NoopContextManager.with (/Users/ahmedsalem/Desktop/all my projects/uneom.com/node_modules/next/dist/compiled/@opentelemetry/api/index.js:1:7062)
    at ContextAPI.with (/Users/ahmedsalem/Desktop/all my projects/uneom.com/node_modules/next/dist/compiled/@opentelemetry/api/index.js:1:518) {
  digest: '2592674761'
}
TypeError: Cannot read properties of undefined (reading 'toLowerCase')
    at Module.y (/Users/ahmedsalem/Desktop/all my projects/uneom.com/.next/server/app/locations/[city]/[industry]/page.js:1:2657)
    at /Users/ahmedsalem/Desktop/all my projects/uneom.com/node_modules/next/dist/compiled/next-server/app-page.runtime.prod.js:12:227525
    at /Users/ahmedsalem/Desktop/all my projects/uneom.com/node_modules/next/dist/server/lib/trace/tracer.js:140:36
    at NoopContextManager.with (/Users/ahmedsalem/Desktop/all my projects/uneom.com/node_modules/next/dist/compiled/@opentelemetry/api/index.js:1:7062)
    at ContextAPI.with (/Users/ahmedsalem/Desktop/all my projects/uneom.com/node_modules/next/dist/compiled/@opentelemetry/api/index.js:1:518)
    at NoopTracer.startActiveSpan (/Users/ahmedsalem/Desktop/all my projects/uneom.com/node_modules/next/dist/compiled/@opentelemetry/api/index.js:1:18093)
    at ProxyTracer.startActiveSpan (/Users/ahmedsalem/Desktop/all my projects/uneom.com/node_modules/next/dist/compiled/@opentelemetry/api/index.js:1:18854)
    at /Users/ahmedsalem/Desktop/all my projects/uneom.com/node_modules/next/dist/server/lib/trace/tracer.js:122:103
    at NoopContextManager.with (/Users/ahmedsalem/Desktop/all my projects/uneom.com/node_modules/next/dist/compiled/@opentelemetry/api/index.js:1:7062)
    at ContextAPI.with (/Users/ahmedsalem/Desktop/all my projects/uneom.com/node_modules/next/dist/compiled/@opentelemetry/api/index.js:1:518) {
  digest: '2592674761'
}
TypeError: Cannot read properties of undefined (reading 'toLowerCase')
    at Module.y (/Users/ahmedsalem/Desktop/all my projects/uneom.com/.next/server/app/locations/[city]/[industry]/page.js:1:2657)
    at /Users/ahmedsalem/Desktop/all my projects/uneom.com/node_modules/next/dist/compiled/next-server/app-page.runtime.prod.js:12:227525
    at /Users/ahmedsalem/Desktop/all my projects/uneom.com/node_modules/next/dist/server/lib/trace/tracer.js:140:36
    at NoopContextManager.with (/Users/ahmedsalem/Desktop/all my projects/uneom.com/node_modules/next/dist/compiled/@opentelemetry/api/index.js:1:7062)
    at ContextAPI.with (/Users/ahmedsalem/Desktop/all my projects/uneom.com/node_modules/next/dist/compiled/@opentelemetry/api/index.js:1:518)
    at NoopTracer.startActiveSpan (/Users/ahmedsalem/Desktop/all my projects/uneom.com/node_modules/next/dist/compiled/@opentelemetry/api/index.js:1:18093)
    at ProxyTracer.startActiveSpan (/Users/ahmedsalem/Desktop/all my projects/uneom.com/node_modules/next/dist/compiled/@opentelemetry/api/index.js:1:18854)
    at /Users/ahmedsalem/Desktop/all my projects/uneom.com/node_modules/next/dist/server/lib/trace/tracer.js:122:103
    at NoopContextManager.with (/Users/ahmedsalem/Desktop/all my projects/uneom.com/node_modules/next/dist/compiled/@opentelemetry/api/index.js:1:7062)
    at ContextAPI.with (/Users/ahmedsalem/Desktop/all my projects/uneom.com/node_modules/next/dist/compiled/@opentelemetry/api/index.js:1:518) {
  digest: '2592674761'
}

Error occurred prerendering page "/locations/al-kharj/education". Read more: https://nextjs.org/docs/messages/prerender-error

TypeError: Cannot read properties of undefined (reading 'toLowerCase')
    at b (/Users/ahmedsalem/Desktop/all my projects/uneom.com/.next/server/app/locations/[city]/[industry]/page.js:1:4337)
    at eh (/Users/ahmedsalem/Desktop/all my projects/uneom.com/node_modules/next/dist/compiled/next-server/app-page.runtime.prod.js:12:134660)
    at e (/Users/ahmedsalem/Desktop/all my projects/uneom.com/node_modules/next/dist/compiled/next-server/app-page.runtime.prod.js:12:137545)
    at ek (/Users/ahmedsalem/Desktop/all my projects/uneom.com/node_modules/next/dist/compiled/next-server/app-page.runtime.prod.js:12:138019)
    at Array.toJSON (/Users/ahmedsalem/Desktop/all my projects/uneom.com/node_modules/next/dist/compiled/next-server/app-page.runtime.prod.js:12:135629)
    at stringify (<anonymous>)
    at eP (/Users/ahmedsalem/Desktop/all my projects/uneom.com/node_modules/next/dist/compiled/next-server/app-page.runtime.prod.js:12:142093)
    at eE (/Users/ahmedsalem/Desktop/all my projects/uneom.com/node_modules/next/dist/compiled/next-server/app-page.runtime.prod.js:12:142572)
    at AsyncLocalStorage.run (node:internal/async_local_storage/async_context_frame:63:14)
    at Timeout._onTimeout (/Users/ahmedsalem/Desktop/all my projects/uneom.com/node_modules/next/dist/compiled/next-server/app-page.runtime.prod.js:12:150373)
TypeError: Cannot read properties of undefined (reading 'toLowerCase')
    at Module.y (/Users/ahmedsalem/Desktop/all my projects/uneom.com/.next/server/app/locations/[city]/[industry]/page.js:1:2657)
    at /Users/ahmedsalem/Desktop/all my projects/uneom.com/node_modules/next/dist/compiled/next-server/app-page.runtime.prod.js:12:227525
    at /Users/ahmedsalem/Desktop/all my projects/uneom.com/node_modules/next/dist/server/lib/trace/tracer.js:140:36
    at NoopContextManager.with (/Users/ahmedsalem/Desktop/all my projects/uneom.com/node_modules/next/dist/compiled/@opentelemetry/api/index.js:1:7062)
    at ContextAPI.with (/Users/ahmedsalem/Desktop/all my projects/uneom.com/node_modules/next/dist/compiled/@opentelemetry/api/index.js:1:518)
    at NoopTracer.startActiveSpan (/Users/ahmedsalem/Desktop/all my projects/uneom.com/node_modules/next/dist/compiled/@opentelemetry/api/index.js:1:18093)
    at ProxyTracer.startActiveSpan (/Users/ahmedsalem/Desktop/all my projects/uneom.com/node_modules/next/dist/compiled/@opentelemetry/api/index.js:1:18854)
    at /Users/ahmedsalem/Desktop/all my projects/uneom.com/node_modules/next/dist/server/lib/trace/tracer.js:122:103
    at NoopContextManager.with (/Users/ahmedsalem/Desktop/all my projects/uneom.com/node_modules/next/dist/compiled/@opentelemetry/api/index.js:1:7062)
    at ContextAPI.with (/Users/ahmedsalem/Desktop/all my projects/uneom.com/node_modules/next/dist/compiled/@opentelemetry/api/index.js:1:518) {
  digest: '2592674761'
}
TypeError: Cannot read properties of undefined (reading 'toLowerCase')
    at Module.y (/Users/ahmedsalem/Desktop/all my projects/uneom.com/.next/server/app/locations/[city]/[industry]/page.js:1:2657)
    at /Users/ahmedsalem/Desktop/all my projects/uneom.com/node_modules/next/dist/compiled/next-server/app-page.runtime.prod.js:12:227525
    at /Users/ahmedsalem/Desktop/all my projects/uneom.com/node_modules/next/dist/server/lib/trace/tracer.js:140:36
    at NoopContextManager.with (/Users/ahmedsalem/Desktop/all my projects/uneom.com/node_modules/next/dist/compiled/@opentelemetry/api/index.js:1:7062)
    at ContextAPI.with (/Users/ahmedsalem/Desktop/all my projects/uneom.com/node_modules/next/dist/compiled/@opentelemetry/api/index.js:1:518)
    at NoopTracer.startActiveSpan (/Users/ahmedsalem/Desktop/all my projects/uneom.com/node_modules/next/dist/compiled/@opentelemetry/api/index.js:1:18093)
    at ProxyTracer.startActiveSpan (/Users/ahmedsalem/Desktop/all my projects/uneom.com/node_modules/next/dist/compiled/@opentelemetry/api/index.js:1:18854)
    at /Users/ahmedsalem/Desktop/all my projects/uneom.com/node_modules/next/dist/server/lib/trace/tracer.js:122:103
    at NoopContextManager.with (/Users/ahmedsalem/Desktop/all my projects/uneom.com/node_modules/next/dist/compiled/@opentelemetry/api/index.js:1:7062)
    at ContextAPI.with (/Users/ahmedsalem/Desktop/all my projects/uneom.com/node_modules/next/dist/compiled/@opentelemetry/api/index.js:1:518) {
  digest: '2592674761'
}
TypeError: Cannot read properties of undefined (reading 'toLowerCase')
    at b (/Users/ahmedsalem/Desktop/all my projects/uneom.com/.next/server/app/locations/[city]/[industry]/page.js:1:4337)
    at eh (/Users/ahmedsalem/Desktop/all my projects/uneom.com/node_modules/next/dist/compiled/next-server/app-page.runtime.prod.js:12:134660)
    at e (/Users/ahmedsalem/Desktop/all my projects/uneom.com/node_modules/next/dist/compiled/next-server/app-page.runtime.prod.js:12:137545)
    at ek (/Users/ahmedsalem/Desktop/all my projects/uneom.com/node_modules/next/dist/compiled/next-server/app-page.runtime.prod.js:12:138019)
    at Array.toJSON (/Users/ahmedsalem/Desktop/all my projects/uneom.com/node_modules/next/dist/compiled/next-server/app-page.runtime.prod.js:12:135629)
    at stringify (<anonymous>)
    at eP (/Users/ahmedsalem/Desktop/all my projects/uneom.com/node_modules/next/dist/compiled/next-server/app-page.runtime.prod.js:12:142093)
    at eE (/Users/ahmedsalem/Desktop/all my projects/uneom.com/node_modules/next/dist/compiled/next-server/app-page.runtime.prod.js:12:142572)
    at AsyncLocalStorage.run (node:internal/async_local_storage/async_context_frame:63:14)
    at Timeout._onTimeout (/Users/ahmedsalem/Desktop/all my projects/uneom.com/node_modules/next/dist/compiled/next-server/app-page.runtime.prod.js:12:150373) {
  digest: '785353560'
}
TypeError: Cannot read properties of undefined (reading 'toLowerCase')
    at Module.y (/Users/ahmedsalem/Desktop/all my projects/uneom.com/.next/server/app/locations/[city]/[industry]/page.js:1:2657)
    at /Users/ahmedsalem/Desktop/all my projects/uneom.com/node_modules/next/dist/compiled/next-server/app-page.runtime.prod.js:12:227525
    at /Users/ahmedsalem/Desktop/all my projects/uneom.com/node_modules/next/dist/server/lib/trace/tracer.js:140:36
    at NoopContextManager.with (/Users/ahmedsalem/Desktop/all my projects/uneom.com/node_modules/next/dist/compiled/@opentelemetry/api/index.js:1:7062)
    at ContextAPI.with (/Users/ahmedsalem/Desktop/all my projects/uneom.com/node_modules/next/dist/compiled/@opentelemetry/api/index.js:1:518)
    at NoopTracer.startActiveSpan (/Users/ahmedsalem/Desktop/all my projects/uneom.com/node_modules/next/dist/compiled/@opentelemetry/api/index.js:1:18093)
    at ProxyTracer.startActiveSpan (/Users/ahmedsalem/Desktop/all my projects/uneom.com/node_modules/next/dist/compiled/@opentelemetry/api/index.js:1:18854)
    at /Users/ahmedsalem/Desktop/all my projects/uneom.com/node_modules/next/dist/server/lib/trace/tracer.js:122:103
    at NoopContextManager.with (/Users/ahmedsalem/Desktop/all my projects/uneom.com/node_modules/next/dist/compiled/@opentelemetry/api/index.js:1:7062)
    at ContextAPI.with (/Users/ahmedsalem/Desktop/all my projects/uneom.com/node_modules/next/dist/compiled/@opentelemetry/api/index.js:1:518) {
  digest: '2592674761'
}
TypeError: Cannot read properties of undefined (reading 'toLowerCase')
    at b (/Users/ahmedsalem/Desktop/all my projects/uneom.com/.next/server/app/locations/[city]/[industry]/page.js:1:4337)
    at eh (/Users/ahmedsalem/Desktop/all my projects/uneom.com/node_modules/next/dist/compiled/next-server/app-page.runtime.prod.js:12:134660)
    at e (/Users/ahmedsalem/Desktop/all my projects/uneom.com/node_modules/next/dist/compiled/next-server/app-page.runtime.prod.js:12:137545)
    at ek (/Users/ahmedsalem/Desktop/all my projects/uneom.com/node_modules/next/dist/compiled/next-server/app-page.runtime.prod.js:12:138019)
    at Array.toJSON (/Users/ahmedsalem/Desktop/all my projects/uneom.com/node_modules/next/dist/compiled/next-server/app-page.runtime.prod.js:12:135629)
    at stringify (<anonymous>)
    at eP (/Users/ahmedsalem/Desktop/all my projects/uneom.com/node_modules/next/dist/compiled/next-server/app-page.runtime.prod.js:12:142093)
    at eE (/Users/ahmedsalem/Desktop/all my projects/uneom.com/node_modules/next/dist/compiled/next-server/app-page.runtime.prod.js:12:142572)
    at Timeout._onTimeout (/Users/ahmedsalem/Desktop/all my projects/uneom.com/node_modules/next/dist/compiled/next-server/app-page.runtime.prod.js:12:135349)
    at listOnTimeout (node:internal/timers:605:17) {
  digest: '2151575143'
}
TypeError: Cannot read properties of undefined (reading 'toLowerCase')
    at Module.y (/Users/ahmedsalem/Desktop/all my projects/uneom.com/.next/server/app/locations/[city]/[industry]/page.js:1:2657)
    at /Users/ahmedsalem/Desktop/all my projects/uneom.com/node_modules/next/dist/compiled/next-server/app-page.runtime.prod.js:12:227525
    at /Users/ahmedsalem/Desktop/all my projects/uneom.com/node_modules/next/dist/server/lib/trace/tracer.js:140:36
    at NoopContextManager.with (/Users/ahmedsalem/Desktop/all my projects/uneom.com/node_modules/next/dist/compiled/@opentelemetry/api/index.js:1:7062)
    at ContextAPI.with (/Users/ahmedsalem/Desktop/all my projects/uneom.com/node_modules/next/dist/compiled/@opentelemetry/api/index.js:1:518)
    at NoopTracer.startActiveSpan (/Users/ahmedsalem/Desktop/all my projects/uneom.com/node_modules/next/dist/compiled/@opentelemetry/api/index.js:1:18093)
    at ProxyTracer.startActiveSpan (/Users/ahmedsalem/Desktop/all my projects/uneom.com/node_modules/next/dist/compiled/@opentelemetry/api/index.js:1:18854)
    at /Users/ahmedsalem/Desktop/all my projects/uneom.com/node_modules/next/dist/server/lib/trace/tracer.js:122:103
    at NoopContextManager.with (/Users/ahmedsalem/Desktop/all my projects/uneom.com/node_modules/next/dist/compiled/@opentelemetry/api/index.js:1:7062)
    at ContextAPI.with (/Users/ahmedsalem/Desktop/all my projects/uneom.com/node_modules/next/dist/compiled/@opentelemetry/api/index.js:1:518) {
  digest: '2592674761'
}

Error occurred prerendering page "/locations/al-kharj/factory-industry". Read more: https://nextjs.org/docs/messages/prerender-error

TypeError: Cannot read properties of undefined (reading 'toLowerCase')
    at b (/Users/ahmedsalem/Desktop/all my projects/uneom.com/.next/server/app/locations/[city]/[industry]/page.js:1:4337)
    at eh (/Users/ahmedsalem/Desktop/all my projects/uneom.com/node_modules/next/dist/compiled/next-server/app-page.runtime.prod.js:12:134660)
    at e (/Users/ahmedsalem/Desktop/all my projects/uneom.com/node_modules/next/dist/compiled/next-server/app-page.runtime.prod.js:12:137545)
    at ek (/Users/ahmedsalem/Desktop/all my projects/uneom.com/node_modules/next/dist/compiled/next-server/app-page.runtime.prod.js:12:138019)
    at Array.toJSON (/Users/ahmedsalem/Desktop/all my projects/uneom.com/node_modules/next/dist/compiled/next-server/app-page.runtime.prod.js:12:135629)
    at stringify (<anonymous>)
    at eP (/Users/ahmedsalem/Desktop/all my projects/uneom.com/node_modules/next/dist/compiled/next-server/app-page.runtime.prod.js:12:142093)
    at eE (/Users/ahmedsalem/Desktop/all my projects/uneom.com/node_modules/next/dist/compiled/next-server/app-page.runtime.prod.js:12:142572)
    at AsyncLocalStorage.run (node:internal/async_local_storage/async_context_frame:63:14)
    at Timeout._onTimeout (/Users/ahmedsalem/Desktop/all my projects/uneom.com/node_modules/next/dist/compiled/next-server/app-page.runtime.prod.js:12:150373)
TypeError: Cannot read properties of undefined (reading 'toLowerCase')
    at b (/Users/ahmedsalem/Desktop/all my projects/uneom.com/.next/server/app/locations/[city]/[industry]/page.js:1:4337)
    at eh (/Users/ahmedsalem/Desktop/all my projects/uneom.com/node_modules/next/dist/compiled/next-server/app-page.runtime.prod.js:12:134660)
    at e (/Users/ahmedsalem/Desktop/all my projects/uneom.com/node_modules/next/dist/compiled/next-server/app-page.runtime.prod.js:12:137545)
    at ek (/Users/ahmedsalem/Desktop/all my projects/uneom.com/node_modules/next/dist/compiled/next-server/app-page.runtime.prod.js:12:138019)
    at Array.toJSON (/Users/ahmedsalem/Desktop/all my projects/uneom.com/node_modules/next/dist/compiled/next-server/app-page.runtime.prod.js:12:135629)
    at stringify (<anonymous>)
    at eP (/Users/ahmedsalem/Desktop/all my projects/uneom.com/node_modules/next/dist/compiled/next-server/app-page.runtime.prod.js:12:142093)
    at eE (/Users/ahmedsalem/Desktop/all my projects/uneom.com/node_modules/next/dist/compiled/next-server/app-page.runtime.prod.js:12:142572)
    at AsyncLocalStorage.run (node:internal/async_local_storage/async_context_frame:63:14)
    at Timeout._onTimeout (/Users/ahmedsalem/Desktop/all my projects/uneom.com/node_modules/next/dist/compiled/next-server/app-page.runtime.prod.js:12:150373) {
  digest: '785353560'
}
TypeError: Cannot read properties of undefined (reading 'toLowerCase')
    at b (/Users/ahmedsalem/Desktop/all my projects/uneom.com/.next/server/app/locations/[city]/[industry]/page.js:1:4337)
    at eh (/Users/ahmedsalem/Desktop/all my projects/uneom.com/node_modules/next/dist/compiled/next-server/app-page.runtime.prod.js:12:134660)
    at e (/Users/ahmedsalem/Desktop/all my projects/uneom.com/node_modules/next/dist/compiled/next-server/app-page.runtime.prod.js:12:137545)
    at ek (/Users/ahmedsalem/Desktop/all my projects/uneom.com/node_modules/next/dist/compiled/next-server/app-page.runtime.prod.js:12:138019)
    at Array.toJSON (/Users/ahmedsalem/Desktop/all my projects/uneom.com/node_modules/next/dist/compiled/next-server/app-page.runtime.prod.js:12:135629)
    at stringify (<anonymous>)
    at eP (/Users/ahmedsalem/Desktop/all my projects/uneom.com/node_modules/next/dist/compiled/next-server/app-page.runtime.prod.js:12:142093)
    at eE (/Users/ahmedsalem/Desktop/all my projects/uneom.com/node_modules/next/dist/compiled/next-server/app-page.runtime.prod.js:12:142572)
    at Timeout._onTimeout (/Users/ahmedsalem/Desktop/all my projects/uneom.com/node_modules/next/dist/compiled/next-server/app-page.runtime.prod.js:12:135349)
    at listOnTimeout (node:internal/timers:605:17) {
  digest: '2151575143'
}

Error occurred prerendering page "/locations/al-kharj/security". Read more: https://nextjs.org/docs/messages/prerender-error

TypeError: Cannot read properties of undefined (reading 'toLowerCase')
    at b (/Users/ahmedsalem/Desktop/all my projects/uneom.com/.next/server/app/locations/[city]/[industry]/page.js:1:4337)
    at eh (/Users/ahmedsalem/Desktop/all my projects/uneom.com/node_modules/next/dist/compiled/next-server/app-page.runtime.prod.js:12:134660)
    at e (/Users/ahmedsalem/Desktop/all my projects/uneom.com/node_modules/next/dist/compiled/next-server/app-page.runtime.prod.js:12:137545)
    at ek (/Users/ahmedsalem/Desktop/all my projects/uneom.com/node_modules/next/dist/compiled/next-server/app-page.runtime.prod.js:12:138019)
    at Array.toJSON (/Users/ahmedsalem/Desktop/all my projects/uneom.com/node_modules/next/dist/compiled/next-server/app-page.runtime.prod.js:12:135629)
    at stringify (<anonymous>)
    at eP (/Users/ahmedsalem/Desktop/all my projects/uneom.com/node_modules/next/dist/compiled/next-server/app-page.runtime.prod.js:12:142093)
    at eE (/Users/ahmedsalem/Desktop/all my projects/uneom.com/node_modules/next/dist/compiled/next-server/app-page.runtime.prod.js:12:142572)
    at AsyncLocalStorage.run (node:internal/async_local_storage/async_context_frame:63:14)
    at Timeout._onTimeout (/Users/ahmedsalem/Desktop/all my projects/uneom.com/node_modules/next/dist/compiled/next-server/app-page.runtime.prod.js:12:150373)
TypeError: Cannot read properties of undefined (reading 'toLowerCase')
    at Module.y (/Users/ahmedsalem/Desktop/all my projects/uneom.com/.next/server/app/locations/[city]/[industry]/page.js:1:2657)
    at /Users/ahmedsalem/Desktop/all my projects/uneom.com/node_modules/next/dist/compiled/next-server/app-page.runtime.prod.js:12:227525
    at /Users/ahmedsalem/Desktop/all my projects/uneom.com/node_modules/next/dist/server/lib/trace/tracer.js:140:36
    at NoopContextManager.with (/Users/ahmedsalem/Desktop/all my projects/uneom.com/node_modules/next/dist/compiled/@opentelemetry/api/index.js:1:7062)
    at ContextAPI.with (/Users/ahmedsalem/Desktop/all my projects/uneom.com/node_modules/next/dist/compiled/@opentelemetry/api/index.js:1:518)
    at NoopTracer.startActiveSpan (/Users/ahmedsalem/Desktop/all my projects/uneom.com/node_modules/next/dist/compiled/@opentelemetry/api/index.js:1:18093)
    at ProxyTracer.startActiveSpan (/Users/ahmedsalem/Desktop/all my projects/uneom.com/node_modules/next/dist/compiled/@opentelemetry/api/index.js:1:18854)
    at /Users/ahmedsalem/Desktop/all my projects/uneom.com/node_modules/next/dist/server/lib/trace/tracer.js:122:103
    at NoopContextManager.with (/Users/ahmedsalem/Desktop/all my projects/uneom.com/node_modules/next/dist/compiled/@opentelemetry/api/index.js:1:7062)
    at ContextAPI.with (/Users/ahmedsalem/Desktop/all my projects/uneom.com/node_modules/next/dist/compiled/@opentelemetry/api/index.js:1:518) {
  digest: '2592674761'
}
TypeError: Cannot read properties of undefined (reading 'toLowerCase')
    at Module.y (/Users/ahmedsalem/Desktop/all my projects/uneom.com/.next/server/app/locations/[city]/[industry]/page.js:1:2657)
    at /Users/ahmedsalem/Desktop/all my projects/uneom.com/node_modules/next/dist/compiled/next-server/app-page.runtime.prod.js:12:227525
    at /Users/ahmedsalem/Desktop/all my projects/uneom.com/node_modules/next/dist/server/lib/trace/tracer.js:140:36
    at NoopContextManager.with (/Users/ahmedsalem/Desktop/all my projects/uneom.com/node_modules/next/dist/compiled/@opentelemetry/api/index.js:1:7062)
    at ContextAPI.with (/Users/ahmedsalem/Desktop/all my projects/uneom.com/node_modules/next/dist/compiled/@opentelemetry/api/index.js:1:518)
    at NoopTracer.startActiveSpan (/Users/ahmedsalem/Desktop/all my projects/uneom.com/node_modules/next/dist/compiled/@opentelemetry/api/index.js:1:18093)
    at ProxyTracer.startActiveSpan (/Users/ahmedsalem/Desktop/all my projects/uneom.com/node_modules/next/dist/compiled/@opentelemetry/api/index.js:1:18854)
    at /Users/ahmedsalem/Desktop/all my projects/uneom.com/node_modules/next/dist/server/lib/trace/tracer.js:122:103
    at NoopContextManager.with (/Users/ahmedsalem/Desktop/all my projects/uneom.com/node_modules/next/dist/compiled/@opentelemetry/api/index.js:1:7062)
    at ContextAPI.with (/Users/ahmedsalem/Desktop/all my projects/uneom.com/node_modules/next/dist/compiled/@opentelemetry/api/index.js:1:518) {
  digest: '2592674761'
}

Error occurred prerendering page "/locations/al-kharj/manufacturing". Read more: https://nextjs.org/docs/messages/prerender-error

TypeError: Cannot read properties of undefined (reading 'toLowerCase')
    at b (/Users/ahmedsalem/Desktop/all my projects/uneom.com/.next/server/app/locations/[city]/[industry]/page.js:1:4337)
    at eh (/Users/ahmedsalem/Desktop/all my projects/uneom.com/node_modules/next/dist/compiled/next-server/app-page.runtime.prod.js:12:134660)
    at e (/Users/ahmedsalem/Desktop/all my projects/uneom.com/node_modules/next/dist/compiled/next-server/app-page.runtime.prod.js:12:137545)
    at ek (/Users/ahmedsalem/Desktop/all my projects/uneom.com/node_modules/next/dist/compiled/next-server/app-page.runtime.prod.js:12:138019)
    at Array.toJSON (/Users/ahmedsalem/Desktop/all my projects/uneom.com/node_modules/next/dist/compiled/next-server/app-page.runtime.prod.js:12:135629)
    at stringify (<anonymous>)
    at eP (/Users/ahmedsalem/Desktop/all my projects/uneom.com/node_modules/next/dist/compiled/next-server/app-page.runtime.prod.js:12:142093)
    at eE (/Users/ahmedsalem/Desktop/all my projects/uneom.com/node_modules/next/dist/compiled/next-server/app-page.runtime.prod.js:12:142572)
    at AsyncLocalStorage.run (node:internal/async_local_storage/async_context_frame:63:14)
    at Timeout._onTimeout (/Users/ahmedsalem/Desktop/all my projects/uneom.com/node_modules/next/dist/compiled/next-server/app-page.runtime.prod.js:12:150373)
TypeError: Cannot read properties of undefined (reading 'toLowerCase')
    at Module.y (/Users/ahmedsalem/Desktop/all my projects/uneom.com/.next/server/app/locations/[city]/[industry]/page.js:1:2657)
    at /Users/ahmedsalem/Desktop/all my projects/uneom.com/node_modules/next/dist/compiled/next-server/app-page.runtime.prod.js:12:227525
    at /Users/ahmedsalem/Desktop/all my projects/uneom.com/node_modules/next/dist/server/lib/trace/tracer.js:140:36
    at NoopContextManager.with (/Users/ahmedsalem/Desktop/all my projects/uneom.com/node_modules/next/dist/compiled/@opentelemetry/api/index.js:1:7062)
    at ContextAPI.with (/Users/ahmedsalem/Desktop/all my projects/uneom.com/node_modules/next/dist/compiled/@opentelemetry/api/index.js:1:518)
    at NoopTracer.startActiveSpan (/Users/ahmedsalem/Desktop/all my projects/uneom.com/node_modules/next/dist/compiled/@opentelemetry/api/index.js:1:18093)
    at ProxyTracer.startActiveSpan (/Users/ahmedsalem/Desktop/all my projects/uneom.com/node_modules/next/dist/compiled/@opentelemetry/api/index.js:1:18854)
    at /Users/ahmedsalem/Desktop/all my projects/uneom.com/node_modules/next/dist/server/lib/trace/tracer.js:122:103
    at NoopContextManager.with (/Users/ahmedsalem/Desktop/all my projects/uneom.com/node_modules/next/dist/compiled/@opentelemetry/api/index.js:1:7062)
    at ContextAPI.with (/Users/ahmedsalem/Desktop/all my projects/uneom.com/node_modules/next/dist/compiled/@opentelemetry/api/index.js:1:518) {
  digest: '2592674761'
}

Error occurred prerendering page "/locations/al-kharj/supply-manufacturing". Read more: https://nextjs.org/docs/messages/prerender-error

TypeError: Cannot read properties of undefined (reading 'toLowerCase')
    at b (/Users/ahmedsalem/Desktop/all my projects/uneom.com/.next/server/app/locations/[city]/[industry]/page.js:1:4337)
    at eh (/Users/ahmedsalem/Desktop/all my projects/uneom.com/node_modules/next/dist/compiled/next-server/app-page.runtime.prod.js:12:134660)
    at e (/Users/ahmedsalem/Desktop/all my projects/uneom.com/node_modules/next/dist/compiled/next-server/app-page.runtime.prod.js:12:137545)
    at ek (/Users/ahmedsalem/Desktop/all my projects/uneom.com/node_modules/next/dist/compiled/next-server/app-page.runtime.prod.js:12:138019)
    at Array.toJSON (/Users/ahmedsalem/Desktop/all my projects/uneom.com/node_modules/next/dist/compiled/next-server/app-page.runtime.prod.js:12:135629)
    at stringify (<anonymous>)
    at eP (/Users/ahmedsalem/Desktop/all my projects/uneom.com/node_modules/next/dist/compiled/next-server/app-page.runtime.prod.js:12:142093)
    at eE (/Users/ahmedsalem/Desktop/all my projects/uneom.com/node_modules/next/dist/compiled/next-server/app-page.runtime.prod.js:12:142572)
    at AsyncLocalStorage.run (node:internal/async_local_storage/async_context_frame:63:14)
    at Timeout._onTimeout (/Users/ahmedsalem/Desktop/all my projects/uneom.com/node_modules/next/dist/compiled/next-server/app-page.runtime.prod.js:12:150373)

Error occurred prerendering page "/locations/al-kharj/retail-shops". Read more: https://nextjs.org/docs/messages/prerender-error

TypeError: Cannot read properties of undefined (reading 'toLowerCase')
    at b (/Users/ahmedsalem/Desktop/all my projects/uneom.com/.next/server/app/locations/[city]/[industry]/page.js:1:4337)
    at eh (/Users/ahmedsalem/Desktop/all my projects/uneom.com/node_modules/next/dist/compiled/next-server/app-page.runtime.prod.js:12:134660)
    at e (/Users/ahmedsalem/Desktop/all my projects/uneom.com/node_modules/next/dist/compiled/next-server/app-page.runtime.prod.js:12:137545)
    at ek (/Users/ahmedsalem/Desktop/all my projects/uneom.com/node_modules/next/dist/compiled/next-server/app-page.runtime.prod.js:12:138019)
    at Array.toJSON (/Users/ahmedsalem/Desktop/all my projects/uneom.com/node_modules/next/dist/compiled/next-server/app-page.runtime.prod.js:12:135629)
    at stringify (<anonymous>)
    at eP (/Users/ahmedsalem/Desktop/all my projects/uneom.com/node_modules/next/dist/compiled/next-server/app-page.runtime.prod.js:12:142093)
    at eE (/Users/ahmedsalem/Desktop/all my projects/uneom.com/node_modules/next/dist/compiled/next-server/app-page.runtime.prod.js:12:142572)
    at AsyncLocalStorage.run (node:internal/async_local_storage/async_context_frame:63:14)
    at Timeout._onTimeout (/Users/ahmedsalem/Desktop/all my projects/uneom.com/node_modules/next/dist/compiled/next-server/app-page.runtime.prod.js:12:150373)
TypeError: Cannot read properties of undefined (reading 'toLowerCase')
    at Module.y (/Users/ahmedsalem/Desktop/all my projects/uneom.com/.next/server/app/locations/[city]/[industry]/page.js:1:2657)
    at /Users/ahmedsalem/Desktop/all my projects/uneom.com/node_modules/next/dist/compiled/next-server/app-page.runtime.prod.js:12:227525
    at /Users/ahmedsalem/Desktop/all my projects/uneom.com/node_modules/next/dist/server/lib/trace/tracer.js:140:36
    at NoopContextManager.with (/Users/ahmedsalem/Desktop/all my projects/uneom.com/node_modules/next/dist/compiled/@opentelemetry/api/index.js:1:7062)
    at ContextAPI.with (/Users/ahmedsalem/Desktop/all my projects/uneom.com/node_modules/next/dist/compiled/@opentelemetry/api/index.js:1:518)
    at NoopTracer.startActiveSpan (/Users/ahmedsalem/Desktop/all my projects/uneom.com/node_modules/next/dist/compiled/@opentelemetry/api/index.js:1:18093)
    at ProxyTracer.startActiveSpan (/Users/ahmedsalem/Desktop/all my projects/uneom.com/node_modules/next/dist/compiled/@opentelemetry/api/index.js:1:18854)
    at /Users/ahmedsalem/Desktop/all my projects/uneom.com/node_modules/next/dist/server/lib/trace/tracer.js:122:103
    at NoopContextManager.with (/Users/ahmedsalem/Desktop/all my projects/uneom.com/node_modules/next/dist/compiled/@opentelemetry/api/index.js:1:7062)
    at ContextAPI.with (/Users/ahmedsalem/Desktop/all my projects/uneom.com/node_modules/next/dist/compiled/@opentelemetry/api/index.js:1:518) {
  digest: '2592674761'
}
TypeError: Cannot read properties of undefined (reading 'toLowerCase')
    at b (/Users/ahmedsalem/Desktop/all my projects/uneom.com/.next/server/app/locations/[city]/[industry]/page.js:1:4337)
    at eh (/Users/ahmedsalem/Desktop/all my projects/uneom.com/node_modules/next/dist/compiled/next-server/app-page.runtime.prod.js:12:134660)
    at e (/Users/ahmedsalem/Desktop/all my projects/uneom.com/node_modules/next/dist/compiled/next-server/app-page.runtime.prod.js:12:137545)
    at ek (/Users/ahmedsalem/Desktop/all my projects/uneom.com/node_modules/next/dist/compiled/next-server/app-page.runtime.prod.js:12:138019)
    at Array.toJSON (/Users/ahmedsalem/Desktop/all my projects/uneom.com/node_modules/next/dist/compiled/next-server/app-page.runtime.prod.js:12:135629)
    at stringify (<anonymous>)
    at eP (/Users/ahmedsalem/Desktop/all my projects/uneom.com/node_modules/next/dist/compiled/next-server/app-page.runtime.prod.js:12:142093)
    at eE (/Users/ahmedsalem/Desktop/all my projects/uneom.com/node_modules/next/dist/compiled/next-server/app-page.runtime.prod.js:12:142572)
    at AsyncLocalStorage.run (node:internal/async_local_storage/async_context_frame:63:14)
    at Timeout._onTimeout (/Users/ahmedsalem/Desktop/all my projects/uneom.com/node_modules/next/dist/compiled/next-server/app-page.runtime.prod.js:12:150373) {
  digest: '785353560'
}
TypeError: Cannot read properties of undefined (reading 'toLowerCase')
    at b (/Users/ahmedsalem/Desktop/all my projects/uneom.com/.next/server/app/locations/[city]/[industry]/page.js:1:4337)
    at eh (/Users/ahmedsalem/Desktop/all my projects/uneom.com/node_modules/next/dist/compiled/next-server/app-page.runtime.prod.js:12:134660)
    at e (/Users/ahmedsalem/Desktop/all my projects/uneom.com/node_modules/next/dist/compiled/next-server/app-page.runtime.prod.js:12:137545)
    at ek (/Users/ahmedsalem/Desktop/all my projects/uneom.com/node_modules/next/dist/compiled/next-server/app-page.runtime.prod.js:12:138019)
    at Array.toJSON (/Users/ahmedsalem/Desktop/all my projects/uneom.com/node_modules/next/dist/compiled/next-server/app-page.runtime.prod.js:12:135629)
    at stringify (<anonymous>)
    at eP (/Users/ahmedsalem/Desktop/all my projects/uneom.com/node_modules/next/dist/compiled/next-server/app-page.runtime.prod.js:12:142093)
    at eE (/Users/ahmedsalem/Desktop/all my projects/uneom.com/node_modules/next/dist/compiled/next-server/app-page.runtime.prod.js:12:142572)
    at AsyncLocalStorage.run (node:internal/async_local_storage/async_context_frame:63:14)
    at Timeout._onTimeout (/Users/ahmedsalem/Desktop/all my projects/uneom.com/node_modules/next/dist/compiled/next-server/app-page.runtime.prod.js:12:150373) {
  digest: '785353560'
}
TypeError: Cannot read properties of undefined (reading 'toLowerCase')
    at b (/Users/ahmedsalem/Desktop/all my projects/uneom.com/.next/server/app/locations/[city]/[industry]/page.js:1:4337)
    at eh (/Users/ahmedsalem/Desktop/all my projects/uneom.com/node_modules/next/dist/compiled/next-server/app-page.runtime.prod.js:12:134660)
    at e (/Users/ahmedsalem/Desktop/all my projects/uneom.com/node_modules/next/dist/compiled/next-server/app-page.runtime.prod.js:12:137545)
    at ek (/Users/ahmedsalem/Desktop/all my projects/uneom.com/node_modules/next/dist/compiled/next-server/app-page.runtime.prod.js:12:138019)
    at Array.toJSON (/Users/ahmedsalem/Desktop/all my projects/uneom.com/node_modules/next/dist/compiled/next-server/app-page.runtime.prod.js:12:135629)
    at stringify (<anonymous>)
    at eP (/Users/ahmedsalem/Desktop/all my projects/uneom.com/node_modules/next/dist/compiled/next-server/app-page.runtime.prod.js:12:142093)
    at eE (/Users/ahmedsalem/Desktop/all my projects/uneom.com/node_modules/next/dist/compiled/next-server/app-page.runtime.prod.js:12:142572)
    at AsyncLocalStorage.run (node:internal/async_local_storage/async_context_frame:63:14)
    at Timeout._onTimeout (/Users/ahmedsalem/Desktop/all my projects/uneom.com/node_modules/next/dist/compiled/next-server/app-page.runtime.prod.js:12:150373) {
  digest: '785353560'
}
TypeError: Cannot read properties of undefined (reading 'toLowerCase')
    at b (/Users/ahmedsalem/Desktop/all my projects/uneom.com/.next/server/app/locations/[city]/[industry]/page.js:1:4337)
    at eh (/Users/ahmedsalem/Desktop/all my projects/uneom.com/node_modules/next/dist/compiled/next-server/app-page.runtime.prod.js:12:134660)
    at e (/Users/ahmedsalem/Desktop/all my projects/uneom.com/node_modules/next/dist/compiled/next-server/app-page.runtime.prod.js:12:137545)
    at ek (/Users/ahmedsalem/Desktop/all my projects/uneom.com/node_modules/next/dist/compiled/next-server/app-page.runtime.prod.js:12:138019)
    at Array.toJSON (/Users/ahmedsalem/Desktop/all my projects/uneom.com/node_modules/next/dist/compiled/next-server/app-page.runtime.prod.js:12:135629)
    at stringify (<anonymous>)
    at eP (/Users/ahmedsalem/Desktop/all my projects/uneom.com/node_modules/next/dist/compiled/next-server/app-page.runtime.prod.js:12:142093)
    at eE (/Users/ahmedsalem/Desktop/all my projects/uneom.com/node_modules/next/dist/compiled/next-server/app-page.runtime.prod.js:12:142572)
    at Timeout._onTimeout (/Users/ahmedsalem/Desktop/all my projects/uneom.com/node_modules/next/dist/compiled/next-server/app-page.runtime.prod.js:12:135349)
    at listOnTimeout (node:internal/timers:605:17) {
  digest: '2151575143'
}
TypeError: Cannot read properties of undefined (reading 'toLowerCase')
    at b (/Users/ahmedsalem/Desktop/all my projects/uneom.com/.next/server/app/locations/[city]/[industry]/page.js:1:4337)
    at eh (/Users/ahmedsalem/Desktop/all my projects/uneom.com/node_modules/next/dist/compiled/next-server/app-page.runtime.prod.js:12:134660)
    at e (/Users/ahmedsalem/Desktop/all my projects/uneom.com/node_modules/next/dist/compiled/next-server/app-page.runtime.prod.js:12:137545)
    at ek (/Users/ahmedsalem/Desktop/all my projects/uneom.com/node_modules/next/dist/compiled/next-server/app-page.runtime.prod.js:12:138019)
    at Array.toJSON (/Users/ahmedsalem/Desktop/all my projects/uneom.com/node_modules/next/dist/compiled/next-server/app-page.runtime.prod.js:12:135629)
    at stringify (<anonymous>)
    at eP (/Users/ahmedsalem/Desktop/all my projects/uneom.com/node_modules/next/dist/compiled/next-server/app-page.runtime.prod.js:12:142093)
    at eE (/Users/ahmedsalem/Desktop/all my projects/uneom.com/node_modules/next/dist/compiled/next-server/app-page.runtime.prod.js:12:142572)
    at Timeout._onTimeout (/Users/ahmedsalem/Desktop/all my projects/uneom.com/node_modules/next/dist/compiled/next-server/app-page.runtime.prod.js:12:135349)
    at listOnTimeout (node:internal/timers:605:17) {
  digest: '2151575143'
}
TypeError: Cannot read properties of undefined (reading 'toLowerCase')
    at b (/Users/ahmedsalem/Desktop/all my projects/uneom.com/.next/server/app/locations/[city]/[industry]/page.js:1:4337)
    at eh (/Users/ahmedsalem/Desktop/all my projects/uneom.com/node_modules/next/dist/compiled/next-server/app-page.runtime.prod.js:12:134660)
    at e (/Users/ahmedsalem/Desktop/all my projects/uneom.com/node_modules/next/dist/compiled/next-server/app-page.runtime.prod.js:12:137545)
    at ek (/Users/ahmedsalem/Desktop/all my projects/uneom.com/node_modules/next/dist/compiled/next-server/app-page.runtime.prod.js:12:138019)
    at Array.toJSON (/Users/ahmedsalem/Desktop/all my projects/uneom.com/node_modules/next/dist/compiled/next-server/app-page.runtime.prod.js:12:135629)
    at stringify (<anonymous>)
    at eP (/Users/ahmedsalem/Desktop/all my projects/uneom.com/node_modules/next/dist/compiled/next-server/app-page.runtime.prod.js:12:142093)
    at eE (/Users/ahmedsalem/Desktop/all my projects/uneom.com/node_modules/next/dist/compiled/next-server/app-page.runtime.prod.js:12:142572)
    at AsyncLocalStorage.run (node:internal/async_local_storage/async_context_frame:63:14)
    at Timeout._onTimeout (/Users/ahmedsalem/Desktop/all my projects/uneom.com/node_modules/next/dist/compiled/next-server/app-page.runtime.prod.js:12:150373) {
  digest: '785353560'
}

Error occurred prerendering page "/locations/arar/healthcare". Read more: https://nextjs.org/docs/messages/prerender-error

TypeError: Cannot read properties of undefined (reading 'toLowerCase')
    at b (/Users/ahmedsalem/Desktop/all my projects/uneom.com/.next/server/app/locations/[city]/[industry]/page.js:1:4337)
    at eh (/Users/ahmedsalem/Desktop/all my projects/uneom.com/node_modules/next/dist/compiled/next-server/app-page.runtime.prod.js:12:134660)
    at e (/Users/ahmedsalem/Desktop/all my projects/uneom.com/node_modules/next/dist/compiled/next-server/app-page.runtime.prod.js:12:137545)
    at ek (/Users/ahmedsalem/Desktop/all my projects/uneom.com/node_modules/next/dist/compiled/next-server/app-page.runtime.prod.js:12:138019)
    at Array.toJSON (/Users/ahmedsalem/Desktop/all my projects/uneom.com/node_modules/next/dist/compiled/next-server/app-page.runtime.prod.js:12:135629)
    at stringify (<anonymous>)
    at eP (/Users/ahmedsalem/Desktop/all my projects/uneom.com/node_modules/next/dist/compiled/next-server/app-page.runtime.prod.js:12:142093)
    at eE (/Users/ahmedsalem/Desktop/all my projects/uneom.com/node_modules/next/dist/compiled/next-server/app-page.runtime.prod.js:12:142572)
    at AsyncLocalStorage.run (node:internal/async_local_storage/async_context_frame:63:14)
    at Timeout._onTimeout (/Users/ahmedsalem/Desktop/all my projects/uneom.com/node_modules/next/dist/compiled/next-server/app-page.runtime.prod.js:12:150373)
TypeError: Cannot read properties of undefined (reading 'toLowerCase')
    at b (/Users/ahmedsalem/Desktop/all my projects/uneom.com/.next/server/app/locations/[city]/[industry]/page.js:1:4337)
    at eh (/Users/ahmedsalem/Desktop/all my projects/uneom.com/node_modules/next/dist/compiled/next-server/app-page.runtime.prod.js:12:134660)
    at e (/Users/ahmedsalem/Desktop/all my projects/uneom.com/node_modules/next/dist/compiled/next-server/app-page.runtime.prod.js:12:137545)
    at ek (/Users/ahmedsalem/Desktop/all my projects/uneom.com/node_modules/next/dist/compiled/next-server/app-page.runtime.prod.js:12:138019)
    at Array.toJSON (/Users/ahmedsalem/Desktop/all my projects/uneom.com/node_modules/next/dist/compiled/next-server/app-page.runtime.prod.js:12:135629)
    at stringify (<anonymous>)
    at eP (/Users/ahmedsalem/Desktop/all my projects/uneom.com/node_modules/next/dist/compiled/next-server/app-page.runtime.prod.js:12:142093)
    at eE (/Users/ahmedsalem/Desktop/all my projects/uneom.com/node_modules/next/dist/compiled/next-server/app-page.runtime.prod.js:12:142572)
    at AsyncLocalStorage.run (node:internal/async_local_storage/async_context_frame:63:14)
    at Timeout._onTimeout (/Users/ahmedsalem/Desktop/all my projects/uneom.com/node_modules/next/dist/compiled/next-server/app-page.runtime.prod.js:12:150373) {
  digest: '785353560'
}
TypeError: Cannot read properties of undefined (reading 'toLowerCase')
    at Module.y (/Users/ahmedsalem/Desktop/all my projects/uneom.com/.next/server/app/locations/[city]/[industry]/page.js:1:2657)
    at /Users/ahmedsalem/Desktop/all my projects/uneom.com/node_modules/next/dist/compiled/next-server/app-page.runtime.prod.js:12:227525
    at /Users/ahmedsalem/Desktop/all my projects/uneom.com/node_modules/next/dist/server/lib/trace/tracer.js:140:36
    at NoopContextManager.with (/Users/ahmedsalem/Desktop/all my projects/uneom.com/node_modules/next/dist/compiled/@opentelemetry/api/index.js:1:7062)
    at ContextAPI.with (/Users/ahmedsalem/Desktop/all my projects/uneom.com/node_modules/next/dist/compiled/@opentelemetry/api/index.js:1:518)
    at NoopTracer.startActiveSpan (/Users/ahmedsalem/Desktop/all my projects/uneom.com/node_modules/next/dist/compiled/@opentelemetry/api/index.js:1:18093)
    at ProxyTracer.startActiveSpan (/Users/ahmedsalem/Desktop/all my projects/uneom.com/node_modules/next/dist/compiled/@opentelemetry/api/index.js:1:18854)
    at /Users/ahmedsalem/Desktop/all my projects/uneom.com/node_modules/next/dist/server/lib/trace/tracer.js:122:103
    at NoopContextManager.with (/Users/ahmedsalem/Desktop/all my projects/uneom.com/node_modules/next/dist/compiled/@opentelemetry/api/index.js:1:7062)
    at ContextAPI.with (/Users/ahmedsalem/Desktop/all my projects/uneom.com/node_modules/next/dist/compiled/@opentelemetry/api/index.js:1:518) {
  digest: '2592674761'
}
TypeError: Cannot read properties of undefined (reading 'toLowerCase')
    at b (/Users/ahmedsalem/Desktop/all my projects/uneom.com/.next/server/app/locations/[city]/[industry]/page.js:1:4337)
    at eh (/Users/ahmedsalem/Desktop/all my projects/uneom.com/node_modules/next/dist/compiled/next-server/app-page.runtime.prod.js:12:134660)
    at e (/Users/ahmedsalem/Desktop/all my projects/uneom.com/node_modules/next/dist/compiled/next-server/app-page.runtime.prod.js:12:137545)
    at ek (/Users/ahmedsalem/Desktop/all my projects/uneom.com/node_modules/next/dist/compiled/next-server/app-page.runtime.prod.js:12:138019)
    at Array.toJSON (/Users/ahmedsalem/Desktop/all my projects/uneom.com/node_modules/next/dist/compiled/next-server/app-page.runtime.prod.js:12:135629)
    at stringify (<anonymous>)
    at eP (/Users/ahmedsalem/Desktop/all my projects/uneom.com/node_modules/next/dist/compiled/next-server/app-page.runtime.prod.js:12:142093)
    at eE (/Users/ahmedsalem/Desktop/all my projects/uneom.com/node_modules/next/dist/compiled/next-server/app-page.runtime.prod.js:12:142572)
    at Timeout._onTimeout (/Users/ahmedsalem/Desktop/all my projects/uneom.com/node_modules/next/dist/compiled/next-server/app-page.runtime.prod.js:12:135349)
    at listOnTimeout (node:internal/timers:605:17) {
  digest: '2151575143'
}
TypeError: Cannot read properties of undefined (reading 'toLowerCase')
    at b (/Users/ahmedsalem/Desktop/all my projects/uneom.com/.next/server/app/locations/[city]/[industry]/page.js:1:4337)
    at eh (/Users/ahmedsalem/Desktop/all my projects/uneom.com/node_modules/next/dist/compiled/next-server/app-page.runtime.prod.js:12:134660)
    at e (/Users/ahmedsalem/Desktop/all my projects/uneom.com/node_modules/next/dist/compiled/next-server/app-page.runtime.prod.js:12:137545)
    at ek (/Users/ahmedsalem/Desktop/all my projects/uneom.com/node_modules/next/dist/compiled/next-server/app-page.runtime.prod.js:12:138019)
    at Array.toJSON (/Users/ahmedsalem/Desktop/all my projects/uneom.com/node_modules/next/dist/compiled/next-server/app-page.runtime.prod.js:12:135629)
    at stringify (<anonymous>)
    at eP (/Users/ahmedsalem/Desktop/all my projects/uneom.com/node_modules/next/dist/compiled/next-server/app-page.runtime.prod.js:12:142093)
    at eE (/Users/ahmedsalem/Desktop/all my projects/uneom.com/node_modules/next/dist/compiled/next-server/app-page.runtime.prod.js:12:142572)
    at Timeout._onTimeout (/Users/ahmedsalem/Desktop/all my projects/uneom.com/node_modules/next/dist/compiled/next-server/app-page.runtime.prod.js:12:135349)
    at listOnTimeout (node:internal/timers:605:17) {
  digest: '2151575143'
}
TypeError: Cannot read properties of undefined (reading 'toLowerCase')
    at Module.y (/Users/ahmedsalem/Desktop/all my projects/uneom.com/.next/server/app/locations/[city]/[industry]/page.js:1:2657)
    at /Users/ahmedsalem/Desktop/all my projects/uneom.com/node_modules/next/dist/compiled/next-server/app-page.runtime.prod.js:12:227525
    at /Users/ahmedsalem/Desktop/all my projects/uneom.com/node_modules/next/dist/server/lib/trace/tracer.js:140:36
    at NoopContextManager.with (/Users/ahmedsalem/Desktop/all my projects/uneom.com/node_modules/next/dist/compiled/@opentelemetry/api/index.js:1:7062)
    at ContextAPI.with (/Users/ahmedsalem/Desktop/all my projects/uneom.com/node_modules/next/dist/compiled/@opentelemetry/api/index.js:1:518)
    at NoopTracer.startActiveSpan (/Users/ahmedsalem/Desktop/all my projects/uneom.com/node_modules/next/dist/compiled/@opentelemetry/api/index.js:1:18093)
    at ProxyTracer.startActiveSpan (/Users/ahmedsalem/Desktop/all my projects/uneom.com/node_modules/next/dist/compiled/@opentelemetry/api/index.js:1:18854)
    at /Users/ahmedsalem/Desktop/all my projects/uneom.com/node_modules/next/dist/server/lib/trace/tracer.js:122:103
    at NoopContextManager.with (/Users/ahmedsalem/Desktop/all my projects/uneom.com/node_modules/next/dist/compiled/@opentelemetry/api/index.js:1:7062)
    at ContextAPI.with (/Users/ahmedsalem/Desktop/all my projects/uneom.com/node_modules/next/dist/compiled/@opentelemetry/api/index.js:1:518) {
  digest: '2592674761'
}
TypeError: Cannot read properties of undefined (reading 'toLowerCase')
    at Module.y (/Users/ahmedsalem/Desktop/all my projects/uneom.com/.next/server/app/locations/[city]/[industry]/page.js:1:2657)
    at /Users/ahmedsalem/Desktop/all my projects/uneom.com/node_modules/next/dist/compiled/next-server/app-page.runtime.prod.js:12:227525
    at /Users/ahmedsalem/Desktop/all my projects/uneom.com/node_modules/next/dist/server/lib/trace/tracer.js:140:36
    at NoopContextManager.with (/Users/ahmedsalem/Desktop/all my projects/uneom.com/node_modules/next/dist/compiled/@opentelemetry/api/index.js:1:7062)
    at ContextAPI.with (/Users/ahmedsalem/Desktop/all my projects/uneom.com/node_modules/next/dist/compiled/@opentelemetry/api/index.js:1:518)
    at NoopTracer.startActiveSpan (/Users/ahmedsalem/Desktop/all my projects/uneom.com/node_modules/next/dist/compiled/@opentelemetry/api/index.js:1:18093)
    at ProxyTracer.startActiveSpan (/Users/ahmedsalem/Desktop/all my projects/uneom.com/node_modules/next/dist/compiled/@opentelemetry/api/index.js:1:18854)
    at /Users/ahmedsalem/Desktop/all my projects/uneom.com/node_modules/next/dist/server/lib/trace/tracer.js:122:103
    at NoopContextManager.with (/Users/ahmedsalem/Desktop/all my projects/uneom.com/node_modules/next/dist/compiled/@opentelemetry/api/index.js:1:7062)
    at ContextAPI.with (/Users/ahmedsalem/Desktop/all my projects/uneom.com/node_modules/next/dist/compiled/@opentelemetry/api/index.js:1:518) {
  digest: '2592674761'
}
TypeError: Cannot read properties of undefined (reading 'toLowerCase')
    at b (/Users/ahmedsalem/Desktop/all my projects/uneom.com/.next/server/app/locations/[city]/[industry]/page.js:1:4337)
    at eh (/Users/ahmedsalem/Desktop/all my projects/uneom.com/node_modules/next/dist/compiled/next-server/app-page.runtime.prod.js:12:134660)
    at e (/Users/ahmedsalem/Desktop/all my projects/uneom.com/node_modules/next/dist/compiled/next-server/app-page.runtime.prod.js:12:137545)
    at ek (/Users/ahmedsalem/Desktop/all my projects/uneom.com/node_modules/next/dist/compiled/next-server/app-page.runtime.prod.js:12:138019)
    at Array.toJSON (/Users/ahmedsalem/Desktop/all my projects/uneom.com/node_modules/next/dist/compiled/next-server/app-page.runtime.prod.js:12:135629)
    at stringify (<anonymous>)
    at eP (/Users/ahmedsalem/Desktop/all my projects/uneom.com/node_modules/next/dist/compiled/next-server/app-page.runtime.prod.js:12:142093)
    at eE (/Users/ahmedsalem/Desktop/all my projects/uneom.com/node_modules/next/dist/compiled/next-server/app-page.runtime.prod.js:12:142572)
    at Timeout._onTimeout (/Users/ahmedsalem/Desktop/all my projects/uneom.com/node_modules/next/dist/compiled/next-server/app-page.runtime.prod.js:12:135349)
    at listOnTimeout (node:internal/timers:605:17) {
  digest: '2151575143'
}
TypeError: Cannot read properties of undefined (reading 'toLowerCase')
    at Module.y (/Users/ahmedsalem/Desktop/all my projects/uneom.com/.next/server/app/locations/[city]/[industry]/page.js:1:2657)
    at /Users/ahmedsalem/Desktop/all my projects/uneom.com/node_modules/next/dist/compiled/next-server/app-page.runtime.prod.js:12:227525
    at /Users/ahmedsalem/Desktop/all my projects/uneom.com/node_modules/next/dist/server/lib/trace/tracer.js:140:36
    at NoopContextManager.with (/Users/ahmedsalem/Desktop/all my projects/uneom.com/node_modules/next/dist/compiled/@opentelemetry/api/index.js:1:7062)
    at ContextAPI.with (/Users/ahmedsalem/Desktop/all my projects/uneom.com/node_modules/next/dist/compiled/@opentelemetry/api/index.js:1:518)
    at NoopTracer.startActiveSpan (/Users/ahmedsalem/Desktop/all my projects/uneom.com/node_modules/next/dist/compiled/@opentelemetry/api/index.js:1:18093)
    at ProxyTracer.startActiveSpan (/Users/ahmedsalem/Desktop/all my projects/uneom.com/node_modules/next/dist/compiled/@opentelemetry/api/index.js:1:18854)
    at /Users/ahmedsalem/Desktop/all my projects/uneom.com/node_modules/next/dist/server/lib/trace/tracer.js:122:103
    at NoopContextManager.with (/Users/ahmedsalem/Desktop/all my projects/uneom.com/node_modules/next/dist/compiled/@opentelemetry/api/index.js:1:7062)
    at ContextAPI.with (/Users/ahmedsalem/Desktop/all my projects/uneom.com/node_modules/next/dist/compiled/@opentelemetry/api/index.js:1:518) {
  digest: '2592674761'
}
TypeError: Cannot read properties of undefined (reading 'toLowerCase')
    at Module.y (/Users/ahmedsalem/Desktop/all my projects/uneom.com/.next/server/app/locations/[city]/[industry]/page.js:1:2657)
    at /Users/ahmedsalem/Desktop/all my projects/uneom.com/node_modules/next/dist/compiled/next-server/app-page.runtime.prod.js:12:227525
    at /Users/ahmedsalem/Desktop/all my projects/uneom.com/node_modules/next/dist/server/lib/trace/tracer.js:140:36
    at NoopContextManager.with (/Users/ahmedsalem/Desktop/all my projects/uneom.com/node_modules/next/dist/compiled/@opentelemetry/api/index.js:1:7062)
    at ContextAPI.with (/Users/ahmedsalem/Desktop/all my projects/uneom.com/node_modules/next/dist/compiled/@opentelemetry/api/index.js:1:518)
    at NoopTracer.startActiveSpan (/Users/ahmedsalem/Desktop/all my projects/uneom.com/node_modules/next/dist/compiled/@opentelemetry/api/index.js:1:18093)
    at ProxyTracer.startActiveSpan (/Users/ahmedsalem/Desktop/all my projects/uneom.com/node_modules/next/dist/compiled/@opentelemetry/api/index.js:1:18854)
    at /Users/ahmedsalem/Desktop/all my projects/uneom.com/node_modules/next/dist/server/lib/trace/tracer.js:122:103
    at NoopContextManager.with (/Users/ahmedsalem/Desktop/all my projects/uneom.com/node_modules/next/dist/compiled/@opentelemetry/api/index.js:1:7062)
    at ContextAPI.with (/Users/ahmedsalem/Desktop/all my projects/uneom.com/node_modules/next/dist/compiled/@opentelemetry/api/index.js:1:518) {
  digest: '2592674761'
}

Error occurred prerendering page "/locations/arar/hospitality". Read more: https://nextjs.org/docs/messages/prerender-error

TypeError: Cannot read properties of undefined (reading 'toLowerCase')
    at b (/Users/ahmedsalem/Desktop/all my projects/uneom.com/.next/server/app/locations/[city]/[industry]/page.js:1:4337)
    at eh (/Users/ahmedsalem/Desktop/all my projects/uneom.com/node_modules/next/dist/compiled/next-server/app-page.runtime.prod.js:12:134660)
    at e (/Users/ahmedsalem/Desktop/all my projects/uneom.com/node_modules/next/dist/compiled/next-server/app-page.runtime.prod.js:12:137545)
    at ek (/Users/ahmedsalem/Desktop/all my projects/uneom.com/node_modules/next/dist/compiled/next-server/app-page.runtime.prod.js:12:138019)
    at Array.toJSON (/Users/ahmedsalem/Desktop/all my projects/uneom.com/node_modules/next/dist/compiled/next-server/app-page.runtime.prod.js:12:135629)
    at stringify (<anonymous>)
    at eP (/Users/ahmedsalem/Desktop/all my projects/uneom.com/node_modules/next/dist/compiled/next-server/app-page.runtime.prod.js:12:142093)
    at eE (/Users/ahmedsalem/Desktop/all my projects/uneom.com/node_modules/next/dist/compiled/next-server/app-page.runtime.prod.js:12:142572)
    at AsyncLocalStorage.run (node:internal/async_local_storage/async_context_frame:63:14)
    at Timeout._onTimeout (/Users/ahmedsalem/Desktop/all my projects/uneom.com/node_modules/next/dist/compiled/next-server/app-page.runtime.prod.js:12:150373)
TypeError: Cannot read properties of undefined (reading 'toLowerCase')
    at Module.y (/Users/ahmedsalem/Desktop/all my projects/uneom.com/.next/server/app/locations/[city]/[industry]/page.js:1:2657)
    at /Users/ahmedsalem/Desktop/all my projects/uneom.com/node_modules/next/dist/compiled/next-server/app-page.runtime.prod.js:12:227525
    at /Users/ahmedsalem/Desktop/all my projects/uneom.com/node_modules/next/dist/server/lib/trace/tracer.js:140:36
    at NoopContextManager.with (/Users/ahmedsalem/Desktop/all my projects/uneom.com/node_modules/next/dist/compiled/@opentelemetry/api/index.js:1:7062)
    at ContextAPI.with (/Users/ahmedsalem/Desktop/all my projects/uneom.com/node_modules/next/dist/compiled/@opentelemetry/api/index.js:1:518)
    at NoopTracer.startActiveSpan (/Users/ahmedsalem/Desktop/all my projects/uneom.com/node_modules/next/dist/compiled/@opentelemetry/api/index.js:1:18093)
    at ProxyTracer.startActiveSpan (/Users/ahmedsalem/Desktop/all my projects/uneom.com/node_modules/next/dist/compiled/@opentelemetry/api/index.js:1:18854)
    at /Users/ahmedsalem/Desktop/all my projects/uneom.com/node_modules/next/dist/server/lib/trace/tracer.js:122:103
    at NoopContextManager.with (/Users/ahmedsalem/Desktop/all my projects/uneom.com/node_modules/next/dist/compiled/@opentelemetry/api/index.js:1:7062)
    at ContextAPI.with (/Users/ahmedsalem/Desktop/all my projects/uneom.com/node_modules/next/dist/compiled/@opentelemetry/api/index.js:1:518) {
  digest: '2592674761'
}
TypeError: Cannot read properties of undefined (reading 'toLowerCase')
    at Module.y (/Users/ahmedsalem/Desktop/all my projects/uneom.com/.next/server/app/locations/[city]/[industry]/page.js:1:2657)
    at /Users/ahmedsalem/Desktop/all my projects/uneom.com/node_modules/next/dist/compiled/next-server/app-page.runtime.prod.js:12:227525
    at /Users/ahmedsalem/Desktop/all my projects/uneom.com/node_modules/next/dist/server/lib/trace/tracer.js:140:36
    at NoopContextManager.with (/Users/ahmedsalem/Desktop/all my projects/uneom.com/node_modules/next/dist/compiled/@opentelemetry/api/index.js:1:7062)
    at ContextAPI.with (/Users/ahmedsalem/Desktop/all my projects/uneom.com/node_modules/next/dist/compiled/@opentelemetry/api/index.js:1:518)
    at NoopTracer.startActiveSpan (/Users/ahmedsalem/Desktop/all my projects/uneom.com/node_modules/next/dist/compiled/@opentelemetry/api/index.js:1:18093)
    at ProxyTracer.startActiveSpan (/Users/ahmedsalem/Desktop/all my projects/uneom.com/node_modules/next/dist/compiled/@opentelemetry/api/index.js:1:18854)
    at /Users/ahmedsalem/Desktop/all my projects/uneom.com/node_modules/next/dist/server/lib/trace/tracer.js:122:103
    at NoopContextManager.with (/Users/ahmedsalem/Desktop/all my projects/uneom.com/node_modules/next/dist/compiled/@opentelemetry/api/index.js:1:7062)
    at ContextAPI.with (/Users/ahmedsalem/Desktop/all my projects/uneom.com/node_modules/next/dist/compiled/@opentelemetry/api/index.js:1:518) {
  digest: '2592674761'
}
TypeError: Cannot read properties of undefined (reading 'toLowerCase')
    at b (/Users/ahmedsalem/Desktop/all my projects/uneom.com/.next/server/app/locations/[city]/[industry]/page.js:1:4337)
    at eh (/Users/ahmedsalem/Desktop/all my projects/uneom.com/node_modules/next/dist/compiled/next-server/app-page.runtime.prod.js:12:134660)
    at e (/Users/ahmedsalem/Desktop/all my projects/uneom.com/node_modules/next/dist/compiled/next-server/app-page.runtime.prod.js:12:137545)
    at ek (/Users/ahmedsalem/Desktop/all my projects/uneom.com/node_modules/next/dist/compiled/next-server/app-page.runtime.prod.js:12:138019)
    at Array.toJSON (/Users/ahmedsalem/Desktop/all my projects/uneom.com/node_modules/next/dist/compiled/next-server/app-page.runtime.prod.js:12:135629)
    at stringify (<anonymous>)
    at eP (/Users/ahmedsalem/Desktop/all my projects/uneom.com/node_modules/next/dist/compiled/next-server/app-page.runtime.prod.js:12:142093)
    at eE (/Users/ahmedsalem/Desktop/all my projects/uneom.com/node_modules/next/dist/compiled/next-server/app-page.runtime.prod.js:12:142572)
    at AsyncLocalStorage.run (node:internal/async_local_storage/async_context_frame:63:14)
    at Timeout._onTimeout (/Users/ahmedsalem/Desktop/all my projects/uneom.com/node_modules/next/dist/compiled/next-server/app-page.runtime.prod.js:12:150373) {
  digest: '785353560'
}
TypeError: Cannot read properties of undefined (reading 'toLowerCase')
    at Module.y (/Users/ahmedsalem/Desktop/all my projects/uneom.com/.next/server/app/locations/[city]/[industry]/page.js:1:2657)
    at /Users/ahmedsalem/Desktop/all my projects/uneom.com/node_modules/next/dist/compiled/next-server/app-page.runtime.prod.js:12:227525
    at /Users/ahmedsalem/Desktop/all my projects/uneom.com/node_modules/next/dist/server/lib/trace/tracer.js:140:36
    at NoopContextManager.with (/Users/ahmedsalem/Desktop/all my projects/uneom.com/node_modules/next/dist/compiled/@opentelemetry/api/index.js:1:7062)
    at ContextAPI.with (/Users/ahmedsalem/Desktop/all my projects/uneom.com/node_modules/next/dist/compiled/@opentelemetry/api/index.js:1:518)
    at NoopTracer.startActiveSpan (/Users/ahmedsalem/Desktop/all my projects/uneom.com/node_modules/next/dist/compiled/@opentelemetry/api/index.js:1:18093)
    at ProxyTracer.startActiveSpan (/Users/ahmedsalem/Desktop/all my projects/uneom.com/node_modules/next/dist/compiled/@opentelemetry/api/index.js:1:18854)
    at /Users/ahmedsalem/Desktop/all my projects/uneom.com/node_modules/next/dist/server/lib/trace/tracer.js:122:103
    at NoopContextManager.with (/Users/ahmedsalem/Desktop/all my projects/uneom.com/node_modules/next/dist/compiled/@opentelemetry/api/index.js:1:7062)
    at ContextAPI.with (/Users/ahmedsalem/Desktop/all my projects/uneom.com/node_modules/next/dist/compiled/@opentelemetry/api/index.js:1:518) {
  digest: '2592674761'
}
TypeError: Cannot read properties of undefined (reading 'toLowerCase')
    at Module.y (/Users/ahmedsalem/Desktop/all my projects/uneom.com/.next/server/app/locations/[city]/[industry]/page.js:1:2657)
    at /Users/ahmedsalem/Desktop/all my projects/uneom.com/node_modules/next/dist/compiled/next-server/app-page.runtime.prod.js:12:227525
    at /Users/ahmedsalem/Desktop/all my projects/uneom.com/node_modules/next/dist/server/lib/trace/tracer.js:140:36
    at NoopContextManager.with (/Users/ahmedsalem/Desktop/all my projects/uneom.com/node_modules/next/dist/compiled/@opentelemetry/api/index.js:1:7062)
    at ContextAPI.with (/Users/ahmedsalem/Desktop/all my projects/uneom.com/node_modules/next/dist/compiled/@opentelemetry/api/index.js:1:518)
    at NoopTracer.startActiveSpan (/Users/ahmedsalem/Desktop/all my projects/uneom.com/node_modules/next/dist/compiled/@opentelemetry/api/index.js:1:18093)
    at ProxyTracer.startActiveSpan (/Users/ahmedsalem/Desktop/all my projects/uneom.com/node_modules/next/dist/compiled/@opentelemetry/api/index.js:1:18854)
    at /Users/ahmedsalem/Desktop/all my projects/uneom.com/node_modules/next/dist/server/lib/trace/tracer.js:122:103
    at NoopContextManager.with (/Users/ahmedsalem/Desktop/all my projects/uneom.com/node_modules/next/dist/compiled/@opentelemetry/api/index.js:1:7062)
    at ContextAPI.with (/Users/ahmedsalem/Desktop/all my projects/uneom.com/node_modules/next/dist/compiled/@opentelemetry/api/index.js:1:518) {
  digest: '2592674761'
}
TypeError: Cannot read properties of undefined (reading 'toLowerCase')
    at Module.y (/Users/ahmedsalem/Desktop/all my projects/uneom.com/.next/server/app/locations/[city]/[industry]/page.js:1:2657)
    at /Users/ahmedsalem/Desktop/all my projects/uneom.com/node_modules/next/dist/compiled/next-server/app-page.runtime.prod.js:12:227525
    at /Users/ahmedsalem/Desktop/all my projects/uneom.com/node_modules/next/dist/server/lib/trace/tracer.js:140:36
    at NoopContextManager.with (/Users/ahmedsalem/Desktop/all my projects/uneom.com/node_modules/next/dist/compiled/@opentelemetry/api/index.js:1:7062)
    at ContextAPI.with (/Users/ahmedsalem/Desktop/all my projects/uneom.com/node_modules/next/dist/compiled/@opentelemetry/api/index.js:1:518)
    at NoopTracer.startActiveSpan (/Users/ahmedsalem/Desktop/all my projects/uneom.com/node_modules/next/dist/compiled/@opentelemetry/api/index.js:1:18093)
    at ProxyTracer.startActiveSpan (/Users/ahmedsalem/Desktop/all my projects/uneom.com/node_modules/next/dist/compiled/@opentelemetry/api/index.js:1:18854)
    at /Users/ahmedsalem/Desktop/all my projects/uneom.com/node_modules/next/dist/server/lib/trace/tracer.js:122:103
    at NoopContextManager.with (/Users/ahmedsalem/Desktop/all my projects/uneom.com/node_modules/next/dist/compiled/@opentelemetry/api/index.js:1:7062)
    at ContextAPI.with (/Users/ahmedsalem/Desktop/all my projects/uneom.com/node_modules/next/dist/compiled/@opentelemetry/api/index.js:1:518) {
  digest: '2592674761'
}
TypeError: Cannot read properties of undefined (reading 'toLowerCase')
    at b (/Users/ahmedsalem/Desktop/all my projects/uneom.com/.next/server/app/locations/[city]/[industry]/page.js:1:4337)
    at eh (/Users/ahmedsalem/Desktop/all my projects/uneom.com/node_modules/next/dist/compiled/next-server/app-page.runtime.prod.js:12:134660)
    at e (/Users/ahmedsalem/Desktop/all my projects/uneom.com/node_modules/next/dist/compiled/next-server/app-page.runtime.prod.js:12:137545)
    at ek (/Users/ahmedsalem/Desktop/all my projects/uneom.com/node_modules/next/dist/compiled/next-server/app-page.runtime.prod.js:12:138019)
    at Array.toJSON (/Users/ahmedsalem/Desktop/all my projects/uneom.com/node_modules/next/dist/compiled/next-server/app-page.runtime.prod.js:12:135629)
    at stringify (<anonymous>)
    at eP (/Users/ahmedsalem/Desktop/all my projects/uneom.com/node_modules/next/dist/compiled/next-server/app-page.runtime.prod.js:12:142093)
    at eE (/Users/ahmedsalem/Desktop/all my projects/uneom.com/node_modules/next/dist/compiled/next-server/app-page.runtime.prod.js:12:142572)
    at Timeout._onTimeout (/Users/ahmedsalem/Desktop/all my projects/uneom.com/node_modules/next/dist/compiled/next-server/app-page.runtime.prod.js:12:135349)
    at listOnTimeout (node:internal/timers:605:17) {
  digest: '2151575143'
}

Error occurred prerendering page "/locations/arar/aviation". Read more: https://nextjs.org/docs/messages/prerender-error

TypeError: Cannot read properties of undefined (reading 'toLowerCase')
    at b (/Users/ahmedsalem/Desktop/all my projects/uneom.com/.next/server/app/locations/[city]/[industry]/page.js:1:4337)
    at eh (/Users/ahmedsalem/Desktop/all my projects/uneom.com/node_modules/next/dist/compiled/next-server/app-page.runtime.prod.js:12:134660)
    at e (/Users/ahmedsalem/Desktop/all my projects/uneom.com/node_modules/next/dist/compiled/next-server/app-page.runtime.prod.js:12:137545)
    at ek (/Users/ahmedsalem/Desktop/all my projects/uneom.com/node_modules/next/dist/compiled/next-server/app-page.runtime.prod.js:12:138019)
    at Array.toJSON (/Users/ahmedsalem/Desktop/all my projects/uneom.com/node_modules/next/dist/compiled/next-server/app-page.runtime.prod.js:12:135629)
    at stringify (<anonymous>)
    at eP (/Users/ahmedsalem/Desktop/all my projects/uneom.com/node_modules/next/dist/compiled/next-server/app-page.runtime.prod.js:12:142093)
    at eE (/Users/ahmedsalem/Desktop/all my projects/uneom.com/node_modules/next/dist/compiled/next-server/app-page.runtime.prod.js:12:142572)
    at AsyncLocalStorage.run (node:internal/async_local_storage/async_context_frame:63:14)
    at Timeout._onTimeout (/Users/ahmedsalem/Desktop/all my projects/uneom.com/node_modules/next/dist/compiled/next-server/app-page.runtime.prod.js:12:150373)
TypeError: Cannot read properties of undefined (reading 'toLowerCase')
    at b (/Users/ahmedsalem/Desktop/all my projects/uneom.com/.next/server/app/locations/[city]/[industry]/page.js:1:4337)
    at eh (/Users/ahmedsalem/Desktop/all my projects/uneom.com/node_modules/next/dist/compiled/next-server/app-page.runtime.prod.js:12:134660)
    at e (/Users/ahmedsalem/Desktop/all my projects/uneom.com/node_modules/next/dist/compiled/next-server/app-page.runtime.prod.js:12:137545)
    at ek (/Users/ahmedsalem/Desktop/all my projects/uneom.com/node_modules/next/dist/compiled/next-server/app-page.runtime.prod.js:12:138019)
    at Array.toJSON (/Users/ahmedsalem/Desktop/all my projects/uneom.com/node_modules/next/dist/compiled/next-server/app-page.runtime.prod.js:12:135629)
    at stringify (<anonymous>)
    at eP (/Users/ahmedsalem/Desktop/all my projects/uneom.com/node_modules/next/dist/compiled/next-server/app-page.runtime.prod.js:12:142093)
    at eE (/Users/ahmedsalem/Desktop/all my projects/uneom.com/node_modules/next/dist/compiled/next-server/app-page.runtime.prod.js:12:142572)
    at AsyncLocalStorage.run (node:internal/async_local_storage/async_context_frame:63:14)
    at Timeout._onTimeout (/Users/ahmedsalem/Desktop/all my projects/uneom.com/node_modules/next/dist/compiled/next-server/app-page.runtime.prod.js:12:150373) {
  digest: '785353560'
}

Error occurred prerendering page "/locations/arar/corporate". Read more: https://nextjs.org/docs/messages/prerender-error

TypeError: Cannot read properties of undefined (reading 'toLowerCase')
    at b (/Users/ahmedsalem/Desktop/all my projects/uneom.com/.next/server/app/locations/[city]/[industry]/page.js:1:4337)
    at eh (/Users/ahmedsalem/Desktop/all my projects/uneom.com/node_modules/next/dist/compiled/next-server/app-page.runtime.prod.js:12:134660)
    at e (/Users/ahmedsalem/Desktop/all my projects/uneom.com/node_modules/next/dist/compiled/next-server/app-page.runtime.prod.js:12:137545)
    at ek (/Users/ahmedsalem/Desktop/all my projects/uneom.com/node_modules/next/dist/compiled/next-server/app-page.runtime.prod.js:12:138019)
    at Array.toJSON (/Users/ahmedsalem/Desktop/all my projects/uneom.com/node_modules/next/dist/compiled/next-server/app-page.runtime.prod.js:12:135629)
    at stringify (<anonymous>)
    at eP (/Users/ahmedsalem/Desktop/all my projects/uneom.com/node_modules/next/dist/compiled/next-server/app-page.runtime.prod.js:12:142093)
    at eE (/Users/ahmedsalem/Desktop/all my projects/uneom.com/node_modules/next/dist/compiled/next-server/app-page.runtime.prod.js:12:142572)
    at AsyncLocalStorage.run (node:internal/async_local_storage/async_context_frame:63:14)
    at Timeout._onTimeout (/Users/ahmedsalem/Desktop/all my projects/uneom.com/node_modules/next/dist/compiled/next-server/app-page.runtime.prod.js:12:150373)
TypeError: Cannot read properties of undefined (reading 'toLowerCase')
    at Module.y (/Users/ahmedsalem/Desktop/all my projects/uneom.com/.next/server/app/locations/[city]/[industry]/page.js:1:2657)
    at /Users/ahmedsalem/Desktop/all my projects/uneom.com/node_modules/next/dist/compiled/next-server/app-page.runtime.prod.js:12:227525
    at /Users/ahmedsalem/Desktop/all my projects/uneom.com/node_modules/next/dist/server/lib/trace/tracer.js:140:36
    at NoopContextManager.with (/Users/ahmedsalem/Desktop/all my projects/uneom.com/node_modules/next/dist/compiled/@opentelemetry/api/index.js:1:7062)
    at ContextAPI.with (/Users/ahmedsalem/Desktop/all my projects/uneom.com/node_modules/next/dist/compiled/@opentelemetry/api/index.js:1:518)
    at NoopTracer.startActiveSpan (/Users/ahmedsalem/Desktop/all my projects/uneom.com/node_modules/next/dist/compiled/@opentelemetry/api/index.js:1:18093)
    at ProxyTracer.startActiveSpan (/Users/ahmedsalem/Desktop/all my projects/uneom.com/node_modules/next/dist/compiled/@opentelemetry/api/index.js:1:18854)
    at /Users/ahmedsalem/Desktop/all my projects/uneom.com/node_modules/next/dist/server/lib/trace/tracer.js:122:103
    at NoopContextManager.with (/Users/ahmedsalem/Desktop/all my projects/uneom.com/node_modules/next/dist/compiled/@opentelemetry/api/index.js:1:7062)
    at ContextAPI.with (/Users/ahmedsalem/Desktop/all my projects/uneom.com/node_modules/next/dist/compiled/@opentelemetry/api/index.js:1:518) {
  digest: '2592674761'
}
TypeError: Cannot read properties of undefined (reading 'toLowerCase')
    at Module.y (/Users/ahmedsalem/Desktop/all my projects/uneom.com/.next/server/app/locations/[city]/[industry]/page.js:1:2657)
    at /Users/ahmedsalem/Desktop/all my projects/uneom.com/node_modules/next/dist/compiled/next-server/app-page.runtime.prod.js:12:227525
    at /Users/ahmedsalem/Desktop/all my projects/uneom.com/node_modules/next/dist/server/lib/trace/tracer.js:140:36
    at NoopContextManager.with (/Users/ahmedsalem/Desktop/all my projects/uneom.com/node_modules/next/dist/compiled/@opentelemetry/api/index.js:1:7062)
    at ContextAPI.with (/Users/ahmedsalem/Desktop/all my projects/uneom.com/node_modules/next/dist/compiled/@opentelemetry/api/index.js:1:518)
    at NoopTracer.startActiveSpan (/Users/ahmedsalem/Desktop/all my projects/uneom.com/node_modules/next/dist/compiled/@opentelemetry/api/index.js:1:18093)
    at ProxyTracer.startActiveSpan (/Users/ahmedsalem/Desktop/all my projects/uneom.com/node_modules/next/dist/compiled/@opentelemetry/api/index.js:1:18854)
    at /Users/ahmedsalem/Desktop/all my projects/uneom.com/node_modules/next/dist/server/lib/trace/tracer.js:122:103
    at NoopContextManager.with (/Users/ahmedsalem/Desktop/all my projects/uneom.com/node_modules/next/dist/compiled/@opentelemetry/api/index.js:1:7062)
    at ContextAPI.with (/Users/ahmedsalem/Desktop/all my projects/uneom.com/node_modules/next/dist/compiled/@opentelemetry/api/index.js:1:518) {
  digest: '2592674761'
}
TypeError: Cannot read properties of undefined (reading 'toLowerCase')
    at b (/Users/ahmedsalem/Desktop/all my projects/uneom.com/.next/server/app/locations/[city]/[industry]/page.js:1:4337)
    at eh (/Users/ahmedsalem/Desktop/all my projects/uneom.com/node_modules/next/dist/compiled/next-server/app-page.runtime.prod.js:12:134660)
    at e (/Users/ahmedsalem/Desktop/all my projects/uneom.com/node_modules/next/dist/compiled/next-server/app-page.runtime.prod.js:12:137545)
    at ek (/Users/ahmedsalem/Desktop/all my projects/uneom.com/node_modules/next/dist/compiled/next-server/app-page.runtime.prod.js:12:138019)
    at Array.toJSON (/Users/ahmedsalem/Desktop/all my projects/uneom.com/node_modules/next/dist/compiled/next-server/app-page.runtime.prod.js:12:135629)
    at stringify (<anonymous>)
    at eP (/Users/ahmedsalem/Desktop/all my projects/uneom.com/node_modules/next/dist/compiled/next-server/app-page.runtime.prod.js:12:142093)
    at eE (/Users/ahmedsalem/Desktop/all my projects/uneom.com/node_modules/next/dist/compiled/next-server/app-page.runtime.prod.js:12:142572)
    at Timeout._onTimeout (/Users/ahmedsalem/Desktop/all my projects/uneom.com/node_modules/next/dist/compiled/next-server/app-page.runtime.prod.js:12:135349)
    at listOnTimeout (node:internal/timers:605:17) {
  digest: '2151575143'
}
TypeError: Cannot read properties of undefined (reading 'toLowerCase')
    at Module.y (/Users/ahmedsalem/Desktop/all my projects/uneom.com/.next/server/app/locations/[city]/[industry]/page.js:1:2657)
    at /Users/ahmedsalem/Desktop/all my projects/uneom.com/node_modules/next/dist/compiled/next-server/app-page.runtime.prod.js:12:227525
    at /Users/ahmedsalem/Desktop/all my projects/uneom.com/node_modules/next/dist/server/lib/trace/tracer.js:140:36
    at NoopContextManager.with (/Users/ahmedsalem/Desktop/all my projects/uneom.com/node_modules/next/dist/compiled/@opentelemetry/api/index.js:1:7062)
    at ContextAPI.with (/Users/ahmedsalem/Desktop/all my projects/uneom.com/node_modules/next/dist/compiled/@opentelemetry/api/index.js:1:518)
    at NoopTracer.startActiveSpan (/Users/ahmedsalem/Desktop/all my projects/uneom.com/node_modules/next/dist/compiled/@opentelemetry/api/index.js:1:18093)
    at ProxyTracer.startActiveSpan (/Users/ahmedsalem/Desktop/all my projects/uneom.com/node_modules/next/dist/compiled/@opentelemetry/api/index.js:1:18854)
    at /Users/ahmedsalem/Desktop/all my projects/uneom.com/node_modules/next/dist/server/lib/trace/tracer.js:122:103
    at NoopContextManager.with (/Users/ahmedsalem/Desktop/all my projects/uneom.com/node_modules/next/dist/compiled/@opentelemetry/api/index.js:1:7062)
    at ContextAPI.with (/Users/ahmedsalem/Desktop/all my projects/uneom.com/node_modules/next/dist/compiled/@opentelemetry/api/index.js:1:518) {
  digest: '2592674761'
}

Error occurred prerendering page "/locations/arar/education". Read more: https://nextjs.org/docs/messages/prerender-error

TypeError: Cannot read properties of undefined (reading 'toLowerCase')
    at b (/Users/ahmedsalem/Desktop/all my projects/uneom.com/.next/server/app/locations/[city]/[industry]/page.js:1:4337)
    at eh (/Users/ahmedsalem/Desktop/all my projects/uneom.com/node_modules/next/dist/compiled/next-server/app-page.runtime.prod.js:12:134660)
    at e (/Users/ahmedsalem/Desktop/all my projects/uneom.com/node_modules/next/dist/compiled/next-server/app-page.runtime.prod.js:12:137545)
    at ek (/Users/ahmedsalem/Desktop/all my projects/uneom.com/node_modules/next/dist/compiled/next-server/app-page.runtime.prod.js:12:138019)
    at Array.toJSON (/Users/ahmedsalem/Desktop/all my projects/uneom.com/node_modules/next/dist/compiled/next-server/app-page.runtime.prod.js:12:135629)
    at stringify (<anonymous>)
    at eP (/Users/ahmedsalem/Desktop/all my projects/uneom.com/node_modules/next/dist/compiled/next-server/app-page.runtime.prod.js:12:142093)
    at eE (/Users/ahmedsalem/Desktop/all my projects/uneom.com/node_modules/next/dist/compiled/next-server/app-page.runtime.prod.js:12:142572)
    at AsyncLocalStorage.run (node:internal/async_local_storage/async_context_frame:63:14)
    at Timeout._onTimeout (/Users/ahmedsalem/Desktop/all my projects/uneom.com/node_modules/next/dist/compiled/next-server/app-page.runtime.prod.js:12:150373)

Error occurred prerendering page "/locations/arar/security". Read more: https://nextjs.org/docs/messages/prerender-error

TypeError: Cannot read properties of undefined (reading 'toLowerCase')
    at b (/Users/ahmedsalem/Desktop/all my projects/uneom.com/.next/server/app/locations/[city]/[industry]/page.js:1:4337)
    at eh (/Users/ahmedsalem/Desktop/all my projects/uneom.com/node_modules/next/dist/compiled/next-server/app-page.runtime.prod.js:12:134660)
    at e (/Users/ahmedsalem/Desktop/all my projects/uneom.com/node_modules/next/dist/compiled/next-server/app-page.runtime.prod.js:12:137545)
    at ek (/Users/ahmedsalem/Desktop/all my projects/uneom.com/node_modules/next/dist/compiled/next-server/app-page.runtime.prod.js:12:138019)
    at Array.toJSON (/Users/ahmedsalem/Desktop/all my projects/uneom.com/node_modules/next/dist/compiled/next-server/app-page.runtime.prod.js:12:135629)
    at stringify (<anonymous>)
    at eP (/Users/ahmedsalem/Desktop/all my projects/uneom.com/node_modules/next/dist/compiled/next-server/app-page.runtime.prod.js:12:142093)
    at eE (/Users/ahmedsalem/Desktop/all my projects/uneom.com/node_modules/next/dist/compiled/next-server/app-page.runtime.prod.js:12:142572)
    at AsyncLocalStorage.run (node:internal/async_local_storage/async_context_frame:63:14)
    at Timeout._onTimeout (/Users/ahmedsalem/Desktop/all my projects/uneom.com/node_modules/next/dist/compiled/next-server/app-page.runtime.prod.js:12:150373)

Error occurred prerendering page "/locations/arar/manufacturing". Read more: https://nextjs.org/docs/messages/prerender-error

TypeError: Cannot read properties of undefined (reading 'toLowerCase')
    at b (/Users/ahmedsalem/Desktop/all my projects/uneom.com/.next/server/app/locations/[city]/[industry]/page.js:1:4337)
    at eh (/Users/ahmedsalem/Desktop/all my projects/uneom.com/node_modules/next/dist/compiled/next-server/app-page.runtime.prod.js:12:134660)
    at e (/Users/ahmedsalem/Desktop/all my projects/uneom.com/node_modules/next/dist/compiled/next-server/app-page.runtime.prod.js:12:137545)
    at ek (/Users/ahmedsalem/Desktop/all my projects/uneom.com/node_modules/next/dist/compiled/next-server/app-page.runtime.prod.js:12:138019)
    at Array.toJSON (/Users/ahmedsalem/Desktop/all my projects/uneom.com/node_modules/next/dist/compiled/next-server/app-page.runtime.prod.js:12:135629)
    at stringify (<anonymous>)
    at eP (/Users/ahmedsalem/Desktop/all my projects/uneom.com/node_modules/next/dist/compiled/next-server/app-page.runtime.prod.js:12:142093)
    at eE (/Users/ahmedsalem/Desktop/all my projects/uneom.com/node_modules/next/dist/compiled/next-server/app-page.runtime.prod.js:12:142572)
    at AsyncLocalStorage.run (node:internal/async_local_storage/async_context_frame:63:14)
    at Timeout._onTimeout (/Users/ahmedsalem/Desktop/all my projects/uneom.com/node_modules/next/dist/compiled/next-server/app-page.runtime.prod.js:12:150373)
TypeError: Cannot read properties of undefined (reading 'toLowerCase')
    at b (/Users/ahmedsalem/Desktop/all my projects/uneom.com/.next/server/app/locations/[city]/[industry]/page.js:1:4337)
    at eh (/Users/ahmedsalem/Desktop/all my projects/uneom.com/node_modules/next/dist/compiled/next-server/app-page.runtime.prod.js:12:134660)
    at e (/Users/ahmedsalem/Desktop/all my projects/uneom.com/node_modules/next/dist/compiled/next-server/app-page.runtime.prod.js:12:137545)
    at ek (/Users/ahmedsalem/Desktop/all my projects/uneom.com/node_modules/next/dist/compiled/next-server/app-page.runtime.prod.js:12:138019)
    at Array.toJSON (/Users/ahmedsalem/Desktop/all my projects/uneom.com/node_modules/next/dist/compiled/next-server/app-page.runtime.prod.js:12:135629)
    at stringify (<anonymous>)
    at eP (/Users/ahmedsalem/Desktop/all my projects/uneom.com/node_modules/next/dist/compiled/next-server/app-page.runtime.prod.js:12:142093)
    at eE (/Users/ahmedsalem/Desktop/all my projects/uneom.com/node_modules/next/dist/compiled/next-server/app-page.runtime.prod.js:12:142572)
    at AsyncLocalStorage.run (node:internal/async_local_storage/async_context_frame:63:14)
    at Timeout._onTimeout (/Users/ahmedsalem/Desktop/all my projects/uneom.com/node_modules/next/dist/compiled/next-server/app-page.runtime.prod.js:12:150373) {
  digest: '785353560'
}
TypeError: Cannot read properties of undefined (reading 'toLowerCase')
    at b (/Users/ahmedsalem/Desktop/all my projects/uneom.com/.next/server/app/locations/[city]/[industry]/page.js:1:4337)
    at eh (/Users/ahmedsalem/Desktop/all my projects/uneom.com/node_modules/next/dist/compiled/next-server/app-page.runtime.prod.js:12:134660)
    at e (/Users/ahmedsalem/Desktop/all my projects/uneom.com/node_modules/next/dist/compiled/next-server/app-page.runtime.prod.js:12:137545)
    at ek (/Users/ahmedsalem/Desktop/all my projects/uneom.com/node_modules/next/dist/compiled/next-server/app-page.runtime.prod.js:12:138019)
    at Array.toJSON (/Users/ahmedsalem/Desktop/all my projects/uneom.com/node_modules/next/dist/compiled/next-server/app-page.runtime.prod.js:12:135629)
    at stringify (<anonymous>)
    at eP (/Users/ahmedsalem/Desktop/all my projects/uneom.com/node_modules/next/dist/compiled/next-server/app-page.runtime.prod.js:12:142093)
    at eE (/Users/ahmedsalem/Desktop/all my projects/uneom.com/node_modules/next/dist/compiled/next-server/app-page.runtime.prod.js:12:142572)
    at AsyncLocalStorage.run (node:internal/async_local_storage/async_context_frame:63:14)
    at Timeout._onTimeout (/Users/ahmedsalem/Desktop/all my projects/uneom.com/node_modules/next/dist/compiled/next-server/app-page.runtime.prod.js:12:150373) {
  digest: '785353560'
}

Error occurred prerendering page "/locations/arar/factory-industry". Read more: https://nextjs.org/docs/messages/prerender-error

TypeError: Cannot read properties of undefined (reading 'toLowerCase')
    at b (/Users/ahmedsalem/Desktop/all my projects/uneom.com/.next/server/app/locations/[city]/[industry]/page.js:1:4337)
    at eh (/Users/ahmedsalem/Desktop/all my projects/uneom.com/node_modules/next/dist/compiled/next-server/app-page.runtime.prod.js:12:134660)
    at e (/Users/ahmedsalem/Desktop/all my projects/uneom.com/node_modules/next/dist/compiled/next-server/app-page.runtime.prod.js:12:137545)
    at ek (/Users/ahmedsalem/Desktop/all my projects/uneom.com/node_modules/next/dist/compiled/next-server/app-page.runtime.prod.js:12:138019)
    at Array.toJSON (/Users/ahmedsalem/Desktop/all my projects/uneom.com/node_modules/next/dist/compiled/next-server/app-page.runtime.prod.js:12:135629)
    at stringify (<anonymous>)
    at eP (/Users/ahmedsalem/Desktop/all my projects/uneom.com/node_modules/next/dist/compiled/next-server/app-page.runtime.prod.js:12:142093)
    at eE (/Users/ahmedsalem/Desktop/all my projects/uneom.com/node_modules/next/dist/compiled/next-server/app-page.runtime.prod.js:12:142572)
    at AsyncLocalStorage.run (node:internal/async_local_storage/async_context_frame:63:14)
    at Timeout._onTimeout (/Users/ahmedsalem/Desktop/all my projects/uneom.com/node_modules/next/dist/compiled/next-server/app-page.runtime.prod.js:12:150373)
TypeError: Cannot read properties of undefined (reading 'toLowerCase')
    at Module.y (/Users/ahmedsalem/Desktop/all my projects/uneom.com/.next/server/app/locations/[city]/[industry]/page.js:1:2657)
    at /Users/ahmedsalem/Desktop/all my projects/uneom.com/node_modules/next/dist/compiled/next-server/app-page.runtime.prod.js:12:227525
    at /Users/ahmedsalem/Desktop/all my projects/uneom.com/node_modules/next/dist/server/lib/trace/tracer.js:140:36
    at NoopContextManager.with (/Users/ahmedsalem/Desktop/all my projects/uneom.com/node_modules/next/dist/compiled/@opentelemetry/api/index.js:1:7062)
    at ContextAPI.with (/Users/ahmedsalem/Desktop/all my projects/uneom.com/node_modules/next/dist/compiled/@opentelemetry/api/index.js:1:518)
    at NoopTracer.startActiveSpan (/Users/ahmedsalem/Desktop/all my projects/uneom.com/node_modules/next/dist/compiled/@opentelemetry/api/index.js:1:18093)
    at ProxyTracer.startActiveSpan (/Users/ahmedsalem/Desktop/all my projects/uneom.com/node_modules/next/dist/compiled/@opentelemetry/api/index.js:1:18854)
    at /Users/ahmedsalem/Desktop/all my projects/uneom.com/node_modules/next/dist/server/lib/trace/tracer.js:122:103
    at NoopContextManager.with (/Users/ahmedsalem/Desktop/all my projects/uneom.com/node_modules/next/dist/compiled/@opentelemetry/api/index.js:1:7062)
    at ContextAPI.with (/Users/ahmedsalem/Desktop/all my projects/uneom.com/node_modules/next/dist/compiled/@opentelemetry/api/index.js:1:518) {
  digest: '2592674761'
}
TypeError: Cannot read properties of undefined (reading 'toLowerCase')
    at b (/Users/ahmedsalem/Desktop/all my projects/uneom.com/.next/server/app/locations/[city]/[industry]/page.js:1:4337)
    at eh (/Users/ahmedsalem/Desktop/all my projects/uneom.com/node_modules/next/dist/compiled/next-server/app-page.runtime.prod.js:12:134660)
    at e (/Users/ahmedsalem/Desktop/all my projects/uneom.com/node_modules/next/dist/compiled/next-server/app-page.runtime.prod.js:12:137545)
    at ek (/Users/ahmedsalem/Desktop/all my projects/uneom.com/node_modules/next/dist/compiled/next-server/app-page.runtime.prod.js:12:138019)
    at Array.toJSON (/Users/ahmedsalem/Desktop/all my projects/uneom.com/node_modules/next/dist/compiled/next-server/app-page.runtime.prod.js:12:135629)
    at stringify (<anonymous>)
    at eP (/Users/ahmedsalem/Desktop/all my projects/uneom.com/node_modules/next/dist/compiled/next-server/app-page.runtime.prod.js:12:142093)
    at eE (/Users/ahmedsalem/Desktop/all my projects/uneom.com/node_modules/next/dist/compiled/next-server/app-page.runtime.prod.js:12:142572)
    at Timeout._onTimeout (/Users/ahmedsalem/Desktop/all my projects/uneom.com/node_modules/next/dist/compiled/next-server/app-page.runtime.prod.js:12:135349)
    at listOnTimeout (node:internal/timers:605:17) {
  digest: '2151575143'
}
TypeError: Cannot read properties of undefined (reading 'toLowerCase')
    at b (/Users/ahmedsalem/Desktop/all my projects/uneom.com/.next/server/app/locations/[city]/[industry]/page.js:1:4337)
    at eh (/Users/ahmedsalem/Desktop/all my projects/uneom.com/node_modules/next/dist/compiled/next-server/app-page.runtime.prod.js:12:134660)
    at e (/Users/ahmedsalem/Desktop/all my projects/uneom.com/node_modules/next/dist/compiled/next-server/app-page.runtime.prod.js:12:137545)
    at ek (/Users/ahmedsalem/Desktop/all my projects/uneom.com/node_modules/next/dist/compiled/next-server/app-page.runtime.prod.js:12:138019)
    at Array.toJSON (/Users/ahmedsalem/Desktop/all my projects/uneom.com/node_modules/next/dist/compiled/next-server/app-page.runtime.prod.js:12:135629)
    at stringify (<anonymous>)
    at eP (/Users/ahmedsalem/Desktop/all my projects/uneom.com/node_modules/next/dist/compiled/next-server/app-page.runtime.prod.js:12:142093)
    at eE (/Users/ahmedsalem/Desktop/all my projects/uneom.com/node_modules/next/dist/compiled/next-server/app-page.runtime.prod.js:12:142572)
    at Timeout._onTimeout (/Users/ahmedsalem/Desktop/all my projects/uneom.com/node_modules/next/dist/compiled/next-server/app-page.runtime.prod.js:12:135349)
    at listOnTimeout (node:internal/timers:605:17) {
  digest: '2151575143'
}
TypeError: Cannot read properties of undefined (reading 'toLowerCase')
    at b (/Users/ahmedsalem/Desktop/all my projects/uneom.com/.next/server/app/locations/[city]/[industry]/page.js:1:4337)
    at eh (/Users/ahmedsalem/Desktop/all my projects/uneom.com/node_modules/next/dist/compiled/next-server/app-page.runtime.prod.js:12:134660)
    at e (/Users/ahmedsalem/Desktop/all my projects/uneom.com/node_modules/next/dist/compiled/next-server/app-page.runtime.prod.js:12:137545)
    at ek (/Users/ahmedsalem/Desktop/all my projects/uneom.com/node_modules/next/dist/compiled/next-server/app-page.runtime.prod.js:12:138019)
    at Array.toJSON (/Users/ahmedsalem/Desktop/all my projects/uneom.com/node_modules/next/dist/compiled/next-server/app-page.runtime.prod.js:12:135629)
    at stringify (<anonymous>)
    at eP (/Users/ahmedsalem/Desktop/all my projects/uneom.com/node_modules/next/dist/compiled/next-server/app-page.runtime.prod.js:12:142093)
    at eE (/Users/ahmedsalem/Desktop/all my projects/uneom.com/node_modules/next/dist/compiled/next-server/app-page.runtime.prod.js:12:142572)
    at AsyncLocalStorage.run (node:internal/async_local_storage/async_context_frame:63:14)
    at Timeout._onTimeout (/Users/ahmedsalem/Desktop/all my projects/uneom.com/node_modules/next/dist/compiled/next-server/app-page.runtime.prod.js:12:150373) {
  digest: '785353560'
}
TypeError: Cannot read properties of undefined (reading 'toLowerCase')
    at b (/Users/ahmedsalem/Desktop/all my projects/uneom.com/.next/server/app/locations/[city]/[industry]/page.js:1:4337)
    at eh (/Users/ahmedsalem/Desktop/all my projects/uneom.com/node_modules/next/dist/compiled/next-server/app-page.runtime.prod.js:12:134660)
    at e (/Users/ahmedsalem/Desktop/all my projects/uneom.com/node_modules/next/dist/compiled/next-server/app-page.runtime.prod.js:12:137545)
    at ek (/Users/ahmedsalem/Desktop/all my projects/uneom.com/node_modules/next/dist/compiled/next-server/app-page.runtime.prod.js:12:138019)
    at Array.toJSON (/Users/ahmedsalem/Desktop/all my projects/uneom.com/node_modules/next/dist/compiled/next-server/app-page.runtime.prod.js:12:135629)
    at stringify (<anonymous>)
    at eP (/Users/ahmedsalem/Desktop/all my projects/uneom.com/node_modules/next/dist/compiled/next-server/app-page.runtime.prod.js:12:142093)
    at eE (/Users/ahmedsalem/Desktop/all my projects/uneom.com/node_modules/next/dist/compiled/next-server/app-page.runtime.prod.js:12:142572)
    at AsyncLocalStorage.run (node:internal/async_local_storage/async_context_frame:63:14)
    at Timeout._onTimeout (/Users/ahmedsalem/Desktop/all my projects/uneom.com/node_modules/next/dist/compiled/next-server/app-page.runtime.prod.js:12:150373) {
  digest: '785353560'
}
TypeError: Cannot read properties of undefined (reading 'toLowerCase')
    at b (/Users/ahmedsalem/Desktop/all my projects/uneom.com/.next/server/app/locations/[city]/[industry]/page.js:1:4337)
    at eh (/Users/ahmedsalem/Desktop/all my projects/uneom.com/node_modules/next/dist/compiled/next-server/app-page.runtime.prod.js:12:134660)
    at e (/Users/ahmedsalem/Desktop/all my projects/uneom.com/node_modules/next/dist/compiled/next-server/app-page.runtime.prod.js:12:137545)
    at ek (/Users/ahmedsalem/Desktop/all my projects/uneom.com/node_modules/next/dist/compiled/next-server/app-page.runtime.prod.js:12:138019)
    at Array.toJSON (/Users/ahmedsalem/Desktop/all my projects/uneom.com/node_modules/next/dist/compiled/next-server/app-page.runtime.prod.js:12:135629)
    at stringify (<anonymous>)
    at eP (/Users/ahmedsalem/Desktop/all my projects/uneom.com/node_modules/next/dist/compiled/next-server/app-page.runtime.prod.js:12:142093)
    at eE (/Users/ahmedsalem/Desktop/all my projects/uneom.com/node_modules/next/dist/compiled/next-server/app-page.runtime.prod.js:12:142572)
    at AsyncLocalStorage.run (node:internal/async_local_storage/async_context_frame:63:14)
    at Timeout._onTimeout (/Users/ahmedsalem/Desktop/all my projects/uneom.com/node_modules/next/dist/compiled/next-server/app-page.runtime.prod.js:12:150373) {
  digest: '785353560'
}
TypeError: Cannot read properties of undefined (reading 'toLowerCase')
    at b (/Users/ahmedsalem/Desktop/all my projects/uneom.com/.next/server/app/locations/[city]/[industry]/page.js:1:4337)
    at eh (/Users/ahmedsalem/Desktop/all my projects/uneom.com/node_modules/next/dist/compiled/next-server/app-page.runtime.prod.js:12:134660)
    at e (/Users/ahmedsalem/Desktop/all my projects/uneom.com/node_modules/next/dist/compiled/next-server/app-page.runtime.prod.js:12:137545)
    at ek (/Users/ahmedsalem/Desktop/all my projects/uneom.com/node_modules/next/dist/compiled/next-server/app-page.runtime.prod.js:12:138019)
    at Array.toJSON (/Users/ahmedsalem/Desktop/all my projects/uneom.com/node_modules/next/dist/compiled/next-server/app-page.runtime.prod.js:12:135629)
    at stringify (<anonymous>)
    at eP (/Users/ahmedsalem/Desktop/all my projects/uneom.com/node_modules/next/dist/compiled/next-server/app-page.runtime.prod.js:12:142093)
    at eE (/Users/ahmedsalem/Desktop/all my projects/uneom.com/node_modules/next/dist/compiled/next-server/app-page.runtime.prod.js:12:142572)
    at Timeout._onTimeout (/Users/ahmedsalem/Desktop/all my projects/uneom.com/node_modules/next/dist/compiled/next-server/app-page.runtime.prod.js:12:135349)
    at listOnTimeout (node:internal/timers:605:17) {
  digest: '2151575143'
}
TypeError: Cannot read properties of undefined (reading 'toLowerCase')
    at b (/Users/ahmedsalem/Desktop/all my projects/uneom.com/.next/server/app/locations/[city]/[industry]/page.js:1:4337)
    at eh (/Users/ahmedsalem/Desktop/all my projects/uneom.com/node_modules/next/dist/compiled/next-server/app-page.runtime.prod.js:12:134660)
    at e (/Users/ahmedsalem/Desktop/all my projects/uneom.com/node_modules/next/dist/compiled/next-server/app-page.runtime.prod.js:12:137545)
    at ek (/Users/ahmedsalem/Desktop/all my projects/uneom.com/node_modules/next/dist/compiled/next-server/app-page.runtime.prod.js:12:138019)
    at Array.toJSON (/Users/ahmedsalem/Desktop/all my projects/uneom.com/node_modules/next/dist/compiled/next-server/app-page.runtime.prod.js:12:135629)
    at stringify (<anonymous>)
    at eP (/Users/ahmedsalem/Desktop/all my projects/uneom.com/node_modules/next/dist/compiled/next-server/app-page.runtime.prod.js:12:142093)
    at eE (/Users/ahmedsalem/Desktop/all my projects/uneom.com/node_modules/next/dist/compiled/next-server/app-page.runtime.prod.js:12:142572)
    at Timeout._onTimeout (/Users/ahmedsalem/Desktop/all my projects/uneom.com/node_modules/next/dist/compiled/next-server/app-page.runtime.prod.js:12:135349)
    at listOnTimeout (node:internal/timers:605:17) {
  digest: '2151575143'
}
TypeError: Cannot read properties of undefined (reading 'toLowerCase')
    at Module.y (/Users/ahmedsalem/Desktop/all my projects/uneom.com/.next/server/app/locations/[city]/[industry]/page.js:1:2657)
    at /Users/ahmedsalem/Desktop/all my projects/uneom.com/node_modules/next/dist/compiled/next-server/app-page.runtime.prod.js:12:227525
    at /Users/ahmedsalem/Desktop/all my projects/uneom.com/node_modules/next/dist/server/lib/trace/tracer.js:140:36
    at NoopContextManager.with (/Users/ahmedsalem/Desktop/all my projects/uneom.com/node_modules/next/dist/compiled/@opentelemetry/api/index.js:1:7062)
    at ContextAPI.with (/Users/ahmedsalem/Desktop/all my projects/uneom.com/node_modules/next/dist/compiled/@opentelemetry/api/index.js:1:518)
    at NoopTracer.startActiveSpan (/Users/ahmedsalem/Desktop/all my projects/uneom.com/node_modules/next/dist/compiled/@opentelemetry/api/index.js:1:18093)
    at ProxyTracer.startActiveSpan (/Users/ahmedsalem/Desktop/all my projects/uneom.com/node_modules/next/dist/compiled/@opentelemetry/api/index.js:1:18854)
    at /Users/ahmedsalem/Desktop/all my projects/uneom.com/node_modules/next/dist/server/lib/trace/tracer.js:122:103
    at NoopContextManager.with (/Users/ahmedsalem/Desktop/all my projects/uneom.com/node_modules/next/dist/compiled/@opentelemetry/api/index.js:1:7062)
    at ContextAPI.with (/Users/ahmedsalem/Desktop/all my projects/uneom.com/node_modules/next/dist/compiled/@opentelemetry/api/index.js:1:518) {
  digest: '2592674761'
}
TypeError: Cannot read properties of undefined (reading 'toLowerCase')
    at b (/Users/ahmedsalem/Desktop/all my projects/uneom.com/.next/server/app/locations/[city]/[industry]/page.js:1:4337)
    at eh (/Users/ahmedsalem/Desktop/all my projects/uneom.com/node_modules/next/dist/compiled/next-server/app-page.runtime.prod.js:12:134660)
    at e (/Users/ahmedsalem/Desktop/all my projects/uneom.com/node_modules/next/dist/compiled/next-server/app-page.runtime.prod.js:12:137545)
    at ek (/Users/ahmedsalem/Desktop/all my projects/uneom.com/node_modules/next/dist/compiled/next-server/app-page.runtime.prod.js:12:138019)
    at Array.toJSON (/Users/ahmedsalem/Desktop/all my projects/uneom.com/node_modules/next/dist/compiled/next-server/app-page.runtime.prod.js:12:135629)
    at stringify (<anonymous>)
    at eP (/Users/ahmedsalem/Desktop/all my projects/uneom.com/node_modules/next/dist/compiled/next-server/app-page.runtime.prod.js:12:142093)
    at eE (/Users/ahmedsalem/Desktop/all my projects/uneom.com/node_modules/next/dist/compiled/next-server/app-page.runtime.prod.js:12:142572)
    at Timeout._onTimeout (/Users/ahmedsalem/Desktop/all my projects/uneom.com/node_modules/next/dist/compiled/next-server/app-page.runtime.prod.js:12:135349)
    at listOnTimeout (node:internal/timers:605:17) {
  digest: '2151575143'
}
TypeError: Cannot read properties of undefined (reading 'toLowerCase')
    at Module.y (/Users/ahmedsalem/Desktop/all my projects/uneom.com/.next/server/app/locations/[city]/[industry]/page.js:1:2657)
    at /Users/ahmedsalem/Desktop/all my projects/uneom.com/node_modules/next/dist/compiled/next-server/app-page.runtime.prod.js:12:227525
    at /Users/ahmedsalem/Desktop/all my projects/uneom.com/node_modules/next/dist/server/lib/trace/tracer.js:140:36
    at NoopContextManager.with (/Users/ahmedsalem/Desktop/all my projects/uneom.com/node_modules/next/dist/compiled/@opentelemetry/api/index.js:1:7062)
    at ContextAPI.with (/Users/ahmedsalem/Desktop/all my projects/uneom.com/node_modules/next/dist/compiled/@opentelemetry/api/index.js:1:518)
    at NoopTracer.startActiveSpan (/Users/ahmedsalem/Desktop/all my projects/uneom.com/node_modules/next/dist/compiled/@opentelemetry/api/index.js:1:18093)
    at ProxyTracer.startActiveSpan (/Users/ahmedsalem/Desktop/all my projects/uneom.com/node_modules/next/dist/compiled/@opentelemetry/api/index.js:1:18854)
    at /Users/ahmedsalem/Desktop/all my projects/uneom.com/node_modules/next/dist/server/lib/trace/tracer.js:122:103
    at NoopContextManager.with (/Users/ahmedsalem/Desktop/all my projects/uneom.com/node_modules/next/dist/compiled/@opentelemetry/api/index.js:1:7062)
    at ContextAPI.with (/Users/ahmedsalem/Desktop/all my projects/uneom.com/node_modules/next/dist/compiled/@opentelemetry/api/index.js:1:518) {
  digest: '2592674761'
}
TypeError: Cannot read properties of undefined (reading 'toLowerCase')
    at Module.y (/Users/ahmedsalem/Desktop/all my projects/uneom.com/.next/server/app/locations/[city]/[industry]/page.js:1:2657)
    at /Users/ahmedsalem/Desktop/all my projects/uneom.com/node_modules/next/dist/compiled/next-server/app-page.runtime.prod.js:12:227525
    at /Users/ahmedsalem/Desktop/all my projects/uneom.com/node_modules/next/dist/server/lib/trace/tracer.js:140:36
    at NoopContextManager.with (/Users/ahmedsalem/Desktop/all my projects/uneom.com/node_modules/next/dist/compiled/@opentelemetry/api/index.js:1:7062)
    at ContextAPI.with (/Users/ahmedsalem/Desktop/all my projects/uneom.com/node_modules/next/dist/compiled/@opentelemetry/api/index.js:1:518)
    at NoopTracer.startActiveSpan (/Users/ahmedsalem/Desktop/all my projects/uneom.com/node_modules/next/dist/compiled/@opentelemetry/api/index.js:1:18093)
    at ProxyTracer.startActiveSpan (/Users/ahmedsalem/Desktop/all my projects/uneom.com/node_modules/next/dist/compiled/@opentelemetry/api/index.js:1:18854)
    at /Users/ahmedsalem/Desktop/all my projects/uneom.com/node_modules/next/dist/server/lib/trace/tracer.js:122:103
    at NoopContextManager.with (/Users/ahmedsalem/Desktop/all my projects/uneom.com/node_modules/next/dist/compiled/@opentelemetry/api/index.js:1:7062)
    at ContextAPI.with (/Users/ahmedsalem/Desktop/all my projects/uneom.com/node_modules/next/dist/compiled/@opentelemetry/api/index.js:1:518) {
  digest: '2592674761'
}
TypeError: Cannot read properties of undefined (reading 'toLowerCase')
    at Module.y (/Users/ahmedsalem/Desktop/all my projects/uneom.com/.next/server/app/locations/[city]/[industry]/page.js:1:2657)
    at /Users/ahmedsalem/Desktop/all my projects/uneom.com/node_modules/next/dist/compiled/next-server/app-page.runtime.prod.js:12:227525
    at /Users/ahmedsalem/Desktop/all my projects/uneom.com/node_modules/next/dist/server/lib/trace/tracer.js:140:36
    at NoopContextManager.with (/Users/ahmedsalem/Desktop/all my projects/uneom.com/node_modules/next/dist/compiled/@opentelemetry/api/index.js:1:7062)
    at ContextAPI.with (/Users/ahmedsalem/Desktop/all my projects/uneom.com/node_modules/next/dist/compiled/@opentelemetry/api/index.js:1:518)
    at NoopTracer.startActiveSpan (/Users/ahmedsalem/Desktop/all my projects/uneom.com/node_modules/next/dist/compiled/@opentelemetry/api/index.js:1:18093)
    at ProxyTracer.startActiveSpan (/Users/ahmedsalem/Desktop/all my projects/uneom.com/node_modules/next/dist/compiled/@opentelemetry/api/index.js:1:18854)
    at /Users/ahmedsalem/Desktop/all my projects/uneom.com/node_modules/next/dist/server/lib/trace/tracer.js:122:103
    at NoopContextManager.with (/Users/ahmedsalem/Desktop/all my projects/uneom.com/node_modules/next/dist/compiled/@opentelemetry/api/index.js:1:7062)
    at ContextAPI.with (/Users/ahmedsalem/Desktop/all my projects/uneom.com/node_modules/next/dist/compiled/@opentelemetry/api/index.js:1:518) {
  digest: '2592674761'
}
TypeError: Cannot read properties of undefined (reading 'toLowerCase')
    at Module.y (/Users/ahmedsalem/Desktop/all my projects/uneom.com/.next/server/app/locations/[city]/[industry]/page.js:1:2657)
    at /Users/ahmedsalem/Desktop/all my projects/uneom.com/node_modules/next/dist/compiled/next-server/app-page.runtime.prod.js:12:227525
    at /Users/ahmedsalem/Desktop/all my projects/uneom.com/node_modules/next/dist/server/lib/trace/tracer.js:140:36
    at NoopContextManager.with (/Users/ahmedsalem/Desktop/all my projects/uneom.com/node_modules/next/dist/compiled/@opentelemetry/api/index.js:1:7062)
    at ContextAPI.with (/Users/ahmedsalem/Desktop/all my projects/uneom.com/node_modules/next/dist/compiled/@opentelemetry/api/index.js:1:518)
    at NoopTracer.startActiveSpan (/Users/ahmedsalem/Desktop/all my projects/uneom.com/node_modules/next/dist/compiled/@opentelemetry/api/index.js:1:18093)
    at ProxyTracer.startActiveSpan (/Users/ahmedsalem/Desktop/all my projects/uneom.com/node_modules/next/dist/compiled/@opentelemetry/api/index.js:1:18854)
    at /Users/ahmedsalem/Desktop/all my projects/uneom.com/node_modules/next/dist/server/lib/trace/tracer.js:122:103
    at NoopContextManager.with (/Users/ahmedsalem/Desktop/all my projects/uneom.com/node_modules/next/dist/compiled/@opentelemetry/api/index.js:1:7062)
    at ContextAPI.with (/Users/ahmedsalem/Desktop/all my projects/uneom.com/node_modules/next/dist/compiled/@opentelemetry/api/index.js:1:518) {
  digest: '2592674761'
}
TypeError: Cannot read properties of undefined (reading 'toLowerCase')
    at Module.y (/Users/ahmedsalem/Desktop/all my projects/uneom.com/.next/server/app/locations/[city]/[industry]/page.js:1:2657)
    at /Users/ahmedsalem/Desktop/all my projects/uneom.com/node_modules/next/dist/compiled/next-server/app-page.runtime.prod.js:12:227525
    at /Users/ahmedsalem/Desktop/all my projects/uneom.com/node_modules/next/dist/server/lib/trace/tracer.js:140:36
    at NoopContextManager.with (/Users/ahmedsalem/Desktop/all my projects/uneom.com/node_modules/next/dist/compiled/@opentelemetry/api/index.js:1:7062)
    at ContextAPI.with (/Users/ahmedsalem/Desktop/all my projects/uneom.com/node_modules/next/dist/compiled/@opentelemetry/api/index.js:1:518)
    at NoopTracer.startActiveSpan (/Users/ahmedsalem/Desktop/all my projects/uneom.com/node_modules/next/dist/compiled/@opentelemetry/api/index.js:1:18093)
    at ProxyTracer.startActiveSpan (/Users/ahmedsalem/Desktop/all my projects/uneom.com/node_modules/next/dist/compiled/@opentelemetry/api/index.js:1:18854)
    at /Users/ahmedsalem/Desktop/all my projects/uneom.com/node_modules/next/dist/server/lib/trace/tracer.js:122:103
    at NoopContextManager.with (/Users/ahmedsalem/Desktop/all my projects/uneom.com/node_modules/next/dist/compiled/@opentelemetry/api/index.js:1:7062)
    at ContextAPI.with (/Users/ahmedsalem/Desktop/all my projects/uneom.com/node_modules/next/dist/compiled/@opentelemetry/api/index.js:1:518) {
  digest: '2592674761'
}
TypeError: Cannot read properties of undefined (reading 'toLowerCase')
    at Module.y (/Users/ahmedsalem/Desktop/all my projects/uneom.com/.next/server/app/locations/[city]/[industry]/page.js:1:2657)
    at /Users/ahmedsalem/Desktop/all my projects/uneom.com/node_modules/next/dist/compiled/next-server/app-page.runtime.prod.js:12:227525
    at /Users/ahmedsalem/Desktop/all my projects/uneom.com/node_modules/next/dist/server/lib/trace/tracer.js:140:36
    at NoopContextManager.with (/Users/ahmedsalem/Desktop/all my projects/uneom.com/node_modules/next/dist/compiled/@opentelemetry/api/index.js:1:7062)
    at ContextAPI.with (/Users/ahmedsalem/Desktop/all my projects/uneom.com/node_modules/next/dist/compiled/@opentelemetry/api/index.js:1:518)
    at NoopTracer.startActiveSpan (/Users/ahmedsalem/Desktop/all my projects/uneom.com/node_modules/next/dist/compiled/@opentelemetry/api/index.js:1:18093)
    at ProxyTracer.startActiveSpan (/Users/ahmedsalem/Desktop/all my projects/uneom.com/node_modules/next/dist/compiled/@opentelemetry/api/index.js:1:18854)
    at /Users/ahmedsalem/Desktop/all my projects/uneom.com/node_modules/next/dist/server/lib/trace/tracer.js:122:103
    at NoopContextManager.with (/Users/ahmedsalem/Desktop/all my projects/uneom.com/node_modules/next/dist/compiled/@opentelemetry/api/index.js:1:7062)
    at ContextAPI.with (/Users/ahmedsalem/Desktop/all my projects/uneom.com/node_modules/next/dist/compiled/@opentelemetry/api/index.js:1:518) {
  digest: '2592674761'
}
TypeError: Cannot read properties of undefined (reading 'toLowerCase')
    at Module.y (/Users/ahmedsalem/Desktop/all my projects/uneom.com/.next/server/app/locations/[city]/[industry]/page.js:1:2657)
    at /Users/ahmedsalem/Desktop/all my projects/uneom.com/node_modules/next/dist/compiled/next-server/app-page.runtime.prod.js:12:227525
    at /Users/ahmedsalem/Desktop/all my projects/uneom.com/node_modules/next/dist/server/lib/trace/tracer.js:140:36
    at NoopContextManager.with (/Users/ahmedsalem/Desktop/all my projects/uneom.com/node_modules/next/dist/compiled/@opentelemetry/api/index.js:1:7062)
    at ContextAPI.with (/Users/ahmedsalem/Desktop/all my projects/uneom.com/node_modules/next/dist/compiled/@opentelemetry/api/index.js:1:518)
    at NoopTracer.startActiveSpan (/Users/ahmedsalem/Desktop/all my projects/uneom.com/node_modules/next/dist/compiled/@opentelemetry/api/index.js:1:18093)
    at ProxyTracer.startActiveSpan (/Users/ahmedsalem/Desktop/all my projects/uneom.com/node_modules/next/dist/compiled/@opentelemetry/api/index.js:1:18854)
    at /Users/ahmedsalem/Desktop/all my projects/uneom.com/node_modules/next/dist/server/lib/trace/tracer.js:122:103
    at NoopContextManager.with (/Users/ahmedsalem/Desktop/all my projects/uneom.com/node_modules/next/dist/compiled/@opentelemetry/api/index.js:1:7062)
    at ContextAPI.with (/Users/ahmedsalem/Desktop/all my projects/uneom.com/node_modules/next/dist/compiled/@opentelemetry/api/index.js:1:518) {
  digest: '2592674761'
}
TypeError: Cannot read properties of undefined (reading 'toLowerCase')
    at Module.y (/Users/ahmedsalem/Desktop/all my projects/uneom.com/.next/server/app/locations/[city]/[industry]/page.js:1:2657)
    at /Users/ahmedsalem/Desktop/all my projects/uneom.com/node_modules/next/dist/compiled/next-server/app-page.runtime.prod.js:12:227525
    at /Users/ahmedsalem/Desktop/all my projects/uneom.com/node_modules/next/dist/server/lib/trace/tracer.js:140:36
    at NoopContextManager.with (/Users/ahmedsalem/Desktop/all my projects/uneom.com/node_modules/next/dist/compiled/@opentelemetry/api/index.js:1:7062)
    at ContextAPI.with (/Users/ahmedsalem/Desktop/all my projects/uneom.com/node_modules/next/dist/compiled/@opentelemetry/api/index.js:1:518)
    at NoopTracer.startActiveSpan (/Users/ahmedsalem/Desktop/all my projects/uneom.com/node_modules/next/dist/compiled/@opentelemetry/api/index.js:1:18093)
    at ProxyTracer.startActiveSpan (/Users/ahmedsalem/Desktop/all my projects/uneom.com/node_modules/next/dist/compiled/@opentelemetry/api/index.js:1:18854)
    at /Users/ahmedsalem/Desktop/all my projects/uneom.com/node_modules/next/dist/server/lib/trace/tracer.js:122:103
    at NoopContextManager.with (/Users/ahmedsalem/Desktop/all my projects/uneom.com/node_modules/next/dist/compiled/@opentelemetry/api/index.js:1:7062)
    at ContextAPI.with (/Users/ahmedsalem/Desktop/all my projects/uneom.com/node_modules/next/dist/compiled/@opentelemetry/api/index.js:1:518) {
  digest: '2592674761'
}

Error occurred prerendering page "/locations/arar/retail-shops". Read more: https://nextjs.org/docs/messages/prerender-error

TypeError: Cannot read properties of undefined (reading 'toLowerCase')
    at b (/Users/ahmedsalem/Desktop/all my projects/uneom.com/.next/server/app/locations/[city]/[industry]/page.js:1:4337)
    at eh (/Users/ahmedsalem/Desktop/all my projects/uneom.com/node_modules/next/dist/compiled/next-server/app-page.runtime.prod.js:12:134660)
    at e (/Users/ahmedsalem/Desktop/all my projects/uneom.com/node_modules/next/dist/compiled/next-server/app-page.runtime.prod.js:12:137545)
    at ek (/Users/ahmedsalem/Desktop/all my projects/uneom.com/node_modules/next/dist/compiled/next-server/app-page.runtime.prod.js:12:138019)
    at Array.toJSON (/Users/ahmedsalem/Desktop/all my projects/uneom.com/node_modules/next/dist/compiled/next-server/app-page.runtime.prod.js:12:135629)
    at stringify (<anonymous>)
    at eP (/Users/ahmedsalem/Desktop/all my projects/uneom.com/node_modules/next/dist/compiled/next-server/app-page.runtime.prod.js:12:142093)
    at eE (/Users/ahmedsalem/Desktop/all my projects/uneom.com/node_modules/next/dist/compiled/next-server/app-page.runtime.prod.js:12:142572)
    at AsyncLocalStorage.run (node:internal/async_local_storage/async_context_frame:63:14)
    at Timeout._onTimeout (/Users/ahmedsalem/Desktop/all my projects/uneom.com/node_modules/next/dist/compiled/next-server/app-page.runtime.prod.js:12:150373)
TypeError: Cannot read properties of undefined (reading 'toLowerCase')
    at Module.y (/Users/ahmedsalem/Desktop/all my projects/uneom.com/.next/server/app/locations/[city]/[industry]/page.js:1:2657)
    at /Users/ahmedsalem/Desktop/all my projects/uneom.com/node_modules/next/dist/compiled/next-server/app-page.runtime.prod.js:12:227525
    at /Users/ahmedsalem/Desktop/all my projects/uneom.com/node_modules/next/dist/server/lib/trace/tracer.js:140:36
    at NoopContextManager.with (/Users/ahmedsalem/Desktop/all my projects/uneom.com/node_modules/next/dist/compiled/@opentelemetry/api/index.js:1:7062)
    at ContextAPI.with (/Users/ahmedsalem/Desktop/all my projects/uneom.com/node_modules/next/dist/compiled/@opentelemetry/api/index.js:1:518)
    at NoopTracer.startActiveSpan (/Users/ahmedsalem/Desktop/all my projects/uneom.com/node_modules/next/dist/compiled/@opentelemetry/api/index.js:1:18093)
    at ProxyTracer.startActiveSpan (/Users/ahmedsalem/Desktop/all my projects/uneom.com/node_modules/next/dist/compiled/@opentelemetry/api/index.js:1:18854)
    at /Users/ahmedsalem/Desktop/all my projects/uneom.com/node_modules/next/dist/server/lib/trace/tracer.js:122:103
    at NoopContextManager.with (/Users/ahmedsalem/Desktop/all my projects/uneom.com/node_modules/next/dist/compiled/@opentelemetry/api/index.js:1:7062)
    at ContextAPI.with (/Users/ahmedsalem/Desktop/all my projects/uneom.com/node_modules/next/dist/compiled/@opentelemetry/api/index.js:1:518) {
  digest: '2592674761'
}
TypeError: Cannot read properties of undefined (reading 'toLowerCase')
    at b (/Users/ahmedsalem/Desktop/all my projects/uneom.com/.next/server/app/locations/[city]/[industry]/page.js:1:4337)
    at eh (/Users/ahmedsalem/Desktop/all my projects/uneom.com/node_modules/next/dist/compiled/next-server/app-page.runtime.prod.js:12:134660)
    at e (/Users/ahmedsalem/Desktop/all my projects/uneom.com/node_modules/next/dist/compiled/next-server/app-page.runtime.prod.js:12:137545)
    at ek (/Users/ahmedsalem/Desktop/all my projects/uneom.com/node_modules/next/dist/compiled/next-server/app-page.runtime.prod.js:12:138019)
    at Array.toJSON (/Users/ahmedsalem/Desktop/all my projects/uneom.com/node_modules/next/dist/compiled/next-server/app-page.runtime.prod.js:12:135629)
    at stringify (<anonymous>)
    at eP (/Users/ahmedsalem/Desktop/all my projects/uneom.com/node_modules/next/dist/compiled/next-server/app-page.runtime.prod.js:12:142093)
    at eE (/Users/ahmedsalem/Desktop/all my projects/uneom.com/node_modules/next/dist/compiled/next-server/app-page.runtime.prod.js:12:142572)
    at AsyncLocalStorage.run (node:internal/async_local_storage/async_context_frame:63:14)
    at Timeout._onTimeout (/Users/ahmedsalem/Desktop/all my projects/uneom.com/node_modules/next/dist/compiled/next-server/app-page.runtime.prod.js:12:150373) {
  digest: '785353560'
}
TypeError: Cannot read properties of undefined (reading 'toLowerCase')
    at b (/Users/ahmedsalem/Desktop/all my projects/uneom.com/.next/server/app/locations/[city]/[industry]/page.js:1:4337)
    at eh (/Users/ahmedsalem/Desktop/all my projects/uneom.com/node_modules/next/dist/compiled/next-server/app-page.runtime.prod.js:12:134660)
    at e (/Users/ahmedsalem/Desktop/all my projects/uneom.com/node_modules/next/dist/compiled/next-server/app-page.runtime.prod.js:12:137545)
    at ek (/Users/ahmedsalem/Desktop/all my projects/uneom.com/node_modules/next/dist/compiled/next-server/app-page.runtime.prod.js:12:138019)
    at Array.toJSON (/Users/ahmedsalem/Desktop/all my projects/uneom.com/node_modules/next/dist/compiled/next-server/app-page.runtime.prod.js:12:135629)
    at stringify (<anonymous>)
    at eP (/Users/ahmedsalem/Desktop/all my projects/uneom.com/node_modules/next/dist/compiled/next-server/app-page.runtime.prod.js:12:142093)
    at eE (/Users/ahmedsalem/Desktop/all my projects/uneom.com/node_modules/next/dist/compiled/next-server/app-page.runtime.prod.js:12:142572)
    at Timeout._onTimeout (/Users/ahmedsalem/Desktop/all my projects/uneom.com/node_modules/next/dist/compiled/next-server/app-page.runtime.prod.js:12:135349)
    at listOnTimeout (node:internal/timers:605:17) {
  digest: '2151575143'
}

Error occurred prerendering page "/locations/sakaka/hospitality". Read more: https://nextjs.org/docs/messages/prerender-error

TypeError: Cannot read properties of undefined (reading 'toLowerCase')
    at b (/Users/ahmedsalem/Desktop/all my projects/uneom.com/.next/server/app/locations/[city]/[industry]/page.js:1:4337)
    at eh (/Users/ahmedsalem/Desktop/all my projects/uneom.com/node_modules/next/dist/compiled/next-server/app-page.runtime.prod.js:12:134660)
    at e (/Users/ahmedsalem/Desktop/all my projects/uneom.com/node_modules/next/dist/compiled/next-server/app-page.runtime.prod.js:12:137545)
    at ek (/Users/ahmedsalem/Desktop/all my projects/uneom.com/node_modules/next/dist/compiled/next-server/app-page.runtime.prod.js:12:138019)
    at Array.toJSON (/Users/ahmedsalem/Desktop/all my projects/uneom.com/node_modules/next/dist/compiled/next-server/app-page.runtime.prod.js:12:135629)
    at stringify (<anonymous>)
    at eP (/Users/ahmedsalem/Desktop/all my projects/uneom.com/node_modules/next/dist/compiled/next-server/app-page.runtime.prod.js:12:142093)
    at eE (/Users/ahmedsalem/Desktop/all my projects/uneom.com/node_modules/next/dist/compiled/next-server/app-page.runtime.prod.js:12:142572)
    at AsyncLocalStorage.run (node:internal/async_local_storage/async_context_frame:63:14)
    at Timeout._onTimeout (/Users/ahmedsalem/Desktop/all my projects/uneom.com/node_modules/next/dist/compiled/next-server/app-page.runtime.prod.js:12:150373)
TypeError: Cannot read properties of undefined (reading 'toLowerCase')
    at b (/Users/ahmedsalem/Desktop/all my projects/uneom.com/.next/server/app/locations/[city]/[industry]/page.js:1:4337)
    at eh (/Users/ahmedsalem/Desktop/all my projects/uneom.com/node_modules/next/dist/compiled/next-server/app-page.runtime.prod.js:12:134660)
    at e (/Users/ahmedsalem/Desktop/all my projects/uneom.com/node_modules/next/dist/compiled/next-server/app-page.runtime.prod.js:12:137545)
    at ek (/Users/ahmedsalem/Desktop/all my projects/uneom.com/node_modules/next/dist/compiled/next-server/app-page.runtime.prod.js:12:138019)
    at Array.toJSON (/Users/ahmedsalem/Desktop/all my projects/uneom.com/node_modules/next/dist/compiled/next-server/app-page.runtime.prod.js:12:135629)
    at stringify (<anonymous>)
    at eP (/Users/ahmedsalem/Desktop/all my projects/uneom.com/node_modules/next/dist/compiled/next-server/app-page.runtime.prod.js:12:142093)
    at eE (/Users/ahmedsalem/Desktop/all my projects/uneom.com/node_modules/next/dist/compiled/next-server/app-page.runtime.prod.js:12:142572)
    at AsyncLocalStorage.run (node:internal/async_local_storage/async_context_frame:63:14)
    at Timeout._onTimeout (/Users/ahmedsalem/Desktop/all my projects/uneom.com/node_modules/next/dist/compiled/next-server/app-page.runtime.prod.js:12:150373) {
  digest: '785353560'
}
TypeError: Cannot read properties of undefined (reading 'toLowerCase')
    at Module.y (/Users/ahmedsalem/Desktop/all my projects/uneom.com/.next/server/app/locations/[city]/[industry]/page.js:1:2657)
    at /Users/ahmedsalem/Desktop/all my projects/uneom.com/node_modules/next/dist/compiled/next-server/app-page.runtime.prod.js:12:227525
    at /Users/ahmedsalem/Desktop/all my projects/uneom.com/node_modules/next/dist/server/lib/trace/tracer.js:140:36
    at NoopContextManager.with (/Users/ahmedsalem/Desktop/all my projects/uneom.com/node_modules/next/dist/compiled/@opentelemetry/api/index.js:1:7062)
    at ContextAPI.with (/Users/ahmedsalem/Desktop/all my projects/uneom.com/node_modules/next/dist/compiled/@opentelemetry/api/index.js:1:518)
    at NoopTracer.startActiveSpan (/Users/ahmedsalem/Desktop/all my projects/uneom.com/node_modules/next/dist/compiled/@opentelemetry/api/index.js:1:18093)
    at ProxyTracer.startActiveSpan (/Users/ahmedsalem/Desktop/all my projects/uneom.com/node_modules/next/dist/compiled/@opentelemetry/api/index.js:1:18854)
    at /Users/ahmedsalem/Desktop/all my projects/uneom.com/node_modules/next/dist/server/lib/trace/tracer.js:122:103
    at NoopContextManager.with (/Users/ahmedsalem/Desktop/all my projects/uneom.com/node_modules/next/dist/compiled/@opentelemetry/api/index.js:1:7062)
    at ContextAPI.with (/Users/ahmedsalem/Desktop/all my projects/uneom.com/node_modules/next/dist/compiled/@opentelemetry/api/index.js:1:518) {
  digest: '2592674761'
}

Error occurred prerendering page "/locations/arar/supply-manufacturing". Read more: https://nextjs.org/docs/messages/prerender-error

TypeError: Cannot read properties of undefined (reading 'toLowerCase')
    at b (/Users/ahmedsalem/Desktop/all my projects/uneom.com/.next/server/app/locations/[city]/[industry]/page.js:1:4337)
    at eh (/Users/ahmedsalem/Desktop/all my projects/uneom.com/node_modules/next/dist/compiled/next-server/app-page.runtime.prod.js:12:134660)
    at e (/Users/ahmedsalem/Desktop/all my projects/uneom.com/node_modules/next/dist/compiled/next-server/app-page.runtime.prod.js:12:137545)
    at ek (/Users/ahmedsalem/Desktop/all my projects/uneom.com/node_modules/next/dist/compiled/next-server/app-page.runtime.prod.js:12:138019)
    at Array.toJSON (/Users/ahmedsalem/Desktop/all my projects/uneom.com/node_modules/next/dist/compiled/next-server/app-page.runtime.prod.js:12:135629)
    at stringify (<anonymous>)
    at eP (/Users/ahmedsalem/Desktop/all my projects/uneom.com/node_modules/next/dist/compiled/next-server/app-page.runtime.prod.js:12:142093)
    at eE (/Users/ahmedsalem/Desktop/all my projects/uneom.com/node_modules/next/dist/compiled/next-server/app-page.runtime.prod.js:12:142572)
    at AsyncLocalStorage.run (node:internal/async_local_storage/async_context_frame:63:14)
    at Timeout._onTimeout (/Users/ahmedsalem/Desktop/all my projects/uneom.com/node_modules/next/dist/compiled/next-server/app-page.runtime.prod.js:12:150373)

Error occurred prerendering page "/locations/sakaka/corporate". Read more: https://nextjs.org/docs/messages/prerender-error

TypeError: Cannot read properties of undefined (reading 'toLowerCase')
    at b (/Users/ahmedsalem/Desktop/all my projects/uneom.com/.next/server/app/locations/[city]/[industry]/page.js:1:4337)
    at eh (/Users/ahmedsalem/Desktop/all my projects/uneom.com/node_modules/next/dist/compiled/next-server/app-page.runtime.prod.js:12:134660)
    at e (/Users/ahmedsalem/Desktop/all my projects/uneom.com/node_modules/next/dist/compiled/next-server/app-page.runtime.prod.js:12:137545)
    at ek (/Users/ahmedsalem/Desktop/all my projects/uneom.com/node_modules/next/dist/compiled/next-server/app-page.runtime.prod.js:12:138019)
    at Array.toJSON (/Users/ahmedsalem/Desktop/all my projects/uneom.com/node_modules/next/dist/compiled/next-server/app-page.runtime.prod.js:12:135629)
    at stringify (<anonymous>)
    at eP (/Users/ahmedsalem/Desktop/all my projects/uneom.com/node_modules/next/dist/compiled/next-server/app-page.runtime.prod.js:12:142093)
    at eE (/Users/ahmedsalem/Desktop/all my projects/uneom.com/node_modules/next/dist/compiled/next-server/app-page.runtime.prod.js:12:142572)
    at AsyncLocalStorage.run (node:internal/async_local_storage/async_context_frame:63:14)
    at Timeout._onTimeout (/Users/ahmedsalem/Desktop/all my projects/uneom.com/node_modules/next/dist/compiled/next-server/app-page.runtime.prod.js:12:150373)

Error occurred prerendering page "/locations/sakaka/healthcare". Read more: https://nextjs.org/docs/messages/prerender-error

TypeError: Cannot read properties of undefined (reading 'toLowerCase')
    at b (/Users/ahmedsalem/Desktop/all my projects/uneom.com/.next/server/app/locations/[city]/[industry]/page.js:1:4337)
    at eh (/Users/ahmedsalem/Desktop/all my projects/uneom.com/node_modules/next/dist/compiled/next-server/app-page.runtime.prod.js:12:134660)
    at e (/Users/ahmedsalem/Desktop/all my projects/uneom.com/node_modules/next/dist/compiled/next-server/app-page.runtime.prod.js:12:137545)
    at ek (/Users/ahmedsalem/Desktop/all my projects/uneom.com/node_modules/next/dist/compiled/next-server/app-page.runtime.prod.js:12:138019)
    at Array.toJSON (/Users/ahmedsalem/Desktop/all my projects/uneom.com/node_modules/next/dist/compiled/next-server/app-page.runtime.prod.js:12:135629)
    at stringify (<anonymous>)
    at eP (/Users/ahmedsalem/Desktop/all my projects/uneom.com/node_modules/next/dist/compiled/next-server/app-page.runtime.prod.js:12:142093)
    at eE (/Users/ahmedsalem/Desktop/all my projects/uneom.com/node_modules/next/dist/compiled/next-server/app-page.runtime.prod.js:12:142572)
    at AsyncLocalStorage.run (node:internal/async_local_storage/async_context_frame:63:14)
    at Timeout._onTimeout (/Users/ahmedsalem/Desktop/all my projects/uneom.com/node_modules/next/dist/compiled/next-server/app-page.runtime.prod.js:12:150373)

Error occurred prerendering page "/locations/sakaka/aviation". Read more: https://nextjs.org/docs/messages/prerender-error

TypeError: Cannot read properties of undefined (reading 'toLowerCase')
    at b (/Users/ahmedsalem/Desktop/all my projects/uneom.com/.next/server/app/locations/[city]/[industry]/page.js:1:4337)
    at eh (/Users/ahmedsalem/Desktop/all my projects/uneom.com/node_modules/next/dist/compiled/next-server/app-page.runtime.prod.js:12:134660)
    at e (/Users/ahmedsalem/Desktop/all my projects/uneom.com/node_modules/next/dist/compiled/next-server/app-page.runtime.prod.js:12:137545)
    at ek (/Users/ahmedsalem/Desktop/all my projects/uneom.com/node_modules/next/dist/compiled/next-server/app-page.runtime.prod.js:12:138019)
    at Array.toJSON (/Users/ahmedsalem/Desktop/all my projects/uneom.com/node_modules/next/dist/compiled/next-server/app-page.runtime.prod.js:12:135629)
    at stringify (<anonymous>)
    at eP (/Users/ahmedsalem/Desktop/all my projects/uneom.com/node_modules/next/dist/compiled/next-server/app-page.runtime.prod.js:12:142093)
    at eE (/Users/ahmedsalem/Desktop/all my projects/uneom.com/node_modules/next/dist/compiled/next-server/app-page.runtime.prod.js:12:142572)
    at AsyncLocalStorage.run (node:internal/async_local_storage/async_context_frame:63:14)
    at Timeout._onTimeout (/Users/ahmedsalem/Desktop/all my projects/uneom.com/node_modules/next/dist/compiled/next-server/app-page.runtime.prod.js:12:150373)
TypeError: Cannot read properties of undefined (reading 'toLowerCase')
    at b (/Users/ahmedsalem/Desktop/all my projects/uneom.com/.next/server/app/locations/[city]/[industry]/page.js:1:4337)
    at eh (/Users/ahmedsalem/Desktop/all my projects/uneom.com/node_modules/next/dist/compiled/next-server/app-page.runtime.prod.js:12:134660)
    at e (/Users/ahmedsalem/Desktop/all my projects/uneom.com/node_modules/next/dist/compiled/next-server/app-page.runtime.prod.js:12:137545)
    at ek (/Users/ahmedsalem/Desktop/all my projects/uneom.com/node_modules/next/dist/compiled/next-server/app-page.runtime.prod.js:12:138019)
    at Array.toJSON (/Users/ahmedsalem/Desktop/all my projects/uneom.com/node_modules/next/dist/compiled/next-server/app-page.runtime.prod.js:12:135629)
    at stringify (<anonymous>)
    at eP (/Users/ahmedsalem/Desktop/all my projects/uneom.com/node_modules/next/dist/compiled/next-server/app-page.runtime.prod.js:12:142093)
    at eE (/Users/ahmedsalem/Desktop/all my projects/uneom.com/node_modules/next/dist/compiled/next-server/app-page.runtime.prod.js:12:142572)
    at Timeout._onTimeout (/Users/ahmedsalem/Desktop/all my projects/uneom.com/node_modules/next/dist/compiled/next-server/app-page.runtime.prod.js:12:135349)
    at listOnTimeout (node:internal/timers:605:17) {
  digest: '2151575143'
}
TypeError: Cannot read properties of undefined (reading 'toLowerCase')
    at Module.y (/Users/ahmedsalem/Desktop/all my projects/uneom.com/.next/server/app/locations/[city]/[industry]/page.js:1:2657)
    at /Users/ahmedsalem/Desktop/all my projects/uneom.com/node_modules/next/dist/compiled/next-server/app-page.runtime.prod.js:12:227525
    at /Users/ahmedsalem/Desktop/all my projects/uneom.com/node_modules/next/dist/server/lib/trace/tracer.js:140:36
    at NoopContextManager.with (/Users/ahmedsalem/Desktop/all my projects/uneom.com/node_modules/next/dist/compiled/@opentelemetry/api/index.js:1:7062)
    at ContextAPI.with (/Users/ahmedsalem/Desktop/all my projects/uneom.com/node_modules/next/dist/compiled/@opentelemetry/api/index.js:1:518)
    at NoopTracer.startActiveSpan (/Users/ahmedsalem/Desktop/all my projects/uneom.com/node_modules/next/dist/compiled/@opentelemetry/api/index.js:1:18093)
    at ProxyTracer.startActiveSpan (/Users/ahmedsalem/Desktop/all my projects/uneom.com/node_modules/next/dist/compiled/@opentelemetry/api/index.js:1:18854)
    at /Users/ahmedsalem/Desktop/all my projects/uneom.com/node_modules/next/dist/server/lib/trace/tracer.js:122:103
    at NoopContextManager.with (/Users/ahmedsalem/Desktop/all my projects/uneom.com/node_modules/next/dist/compiled/@opentelemetry/api/index.js:1:7062)
    at ContextAPI.with (/Users/ahmedsalem/Desktop/all my projects/uneom.com/node_modules/next/dist/compiled/@opentelemetry/api/index.js:1:518) {
  digest: '2592674761'
}
TypeError: Cannot read properties of undefined (reading 'toLowerCase')
    at Module.y (/Users/ahmedsalem/Desktop/all my projects/uneom.com/.next/server/app/locations/[city]/[industry]/page.js:1:2657)
    at /Users/ahmedsalem/Desktop/all my projects/uneom.com/node_modules/next/dist/compiled/next-server/app-page.runtime.prod.js:12:227525
    at /Users/ahmedsalem/Desktop/all my projects/uneom.com/node_modules/next/dist/server/lib/trace/tracer.js:140:36
    at NoopContextManager.with (/Users/ahmedsalem/Desktop/all my projects/uneom.com/node_modules/next/dist/compiled/@opentelemetry/api/index.js:1:7062)
    at ContextAPI.with (/Users/ahmedsalem/Desktop/all my projects/uneom.com/node_modules/next/dist/compiled/@opentelemetry/api/index.js:1:518)
    at NoopTracer.startActiveSpan (/Users/ahmedsalem/Desktop/all my projects/uneom.com/node_modules/next/dist/compiled/@opentelemetry/api/index.js:1:18093)
    at ProxyTracer.startActiveSpan (/Users/ahmedsalem/Desktop/all my projects/uneom.com/node_modules/next/dist/compiled/@opentelemetry/api/index.js:1:18854)
    at /Users/ahmedsalem/Desktop/all my projects/uneom.com/node_modules/next/dist/server/lib/trace/tracer.js:122:103
    at NoopContextManager.with (/Users/ahmedsalem/Desktop/all my projects/uneom.com/node_modules/next/dist/compiled/@opentelemetry/api/index.js:1:7062)
    at ContextAPI.with (/Users/ahmedsalem/Desktop/all my projects/uneom.com/node_modules/next/dist/compiled/@opentelemetry/api/index.js:1:518) {
  digest: '2592674761'
}
TypeError: Cannot read properties of undefined (reading 'toLowerCase')
    at b (/Users/ahmedsalem/Desktop/all my projects/uneom.com/.next/server/app/locations/[city]/[industry]/page.js:1:4337)
    at eh (/Users/ahmedsalem/Desktop/all my projects/uneom.com/node_modules/next/dist/compiled/next-server/app-page.runtime.prod.js:12:134660)
    at e (/Users/ahmedsalem/Desktop/all my projects/uneom.com/node_modules/next/dist/compiled/next-server/app-page.runtime.prod.js:12:137545)
    at ek (/Users/ahmedsalem/Desktop/all my projects/uneom.com/node_modules/next/dist/compiled/next-server/app-page.runtime.prod.js:12:138019)
    at Array.toJSON (/Users/ahmedsalem/Desktop/all my projects/uneom.com/node_modules/next/dist/compiled/next-server/app-page.runtime.prod.js:12:135629)
    at stringify (<anonymous>)
    at eP (/Users/ahmedsalem/Desktop/all my projects/uneom.com/node_modules/next/dist/compiled/next-server/app-page.runtime.prod.js:12:142093)
    at eE (/Users/ahmedsalem/Desktop/all my projects/uneom.com/node_modules/next/dist/compiled/next-server/app-page.runtime.prod.js:12:142572)
    at AsyncLocalStorage.run (node:internal/async_local_storage/async_context_frame:63:14)
    at Timeout._onTimeout (/Users/ahmedsalem/Desktop/all my projects/uneom.com/node_modules/next/dist/compiled/next-server/app-page.runtime.prod.js:12:150373) {
  digest: '785353560'
}
TypeError: Cannot read properties of undefined (reading 'toLowerCase')
    at b (/Users/ahmedsalem/Desktop/all my projects/uneom.com/.next/server/app/locations/[city]/[industry]/page.js:1:4337)
    at eh (/Users/ahmedsalem/Desktop/all my projects/uneom.com/node_modules/next/dist/compiled/next-server/app-page.runtime.prod.js:12:134660)
    at e (/Users/ahmedsalem/Desktop/all my projects/uneom.com/node_modules/next/dist/compiled/next-server/app-page.runtime.prod.js:12:137545)
    at ek (/Users/ahmedsalem/Desktop/all my projects/uneom.com/node_modules/next/dist/compiled/next-server/app-page.runtime.prod.js:12:138019)
    at Array.toJSON (/Users/ahmedsalem/Desktop/all my projects/uneom.com/node_modules/next/dist/compiled/next-server/app-page.runtime.prod.js:12:135629)
    at stringify (<anonymous>)
    at eP (/Users/ahmedsalem/Desktop/all my projects/uneom.com/node_modules/next/dist/compiled/next-server/app-page.runtime.prod.js:12:142093)
    at eE (/Users/ahmedsalem/Desktop/all my projects/uneom.com/node_modules/next/dist/compiled/next-server/app-page.runtime.prod.js:12:142572)
    at AsyncLocalStorage.run (node:internal/async_local_storage/async_context_frame:63:14)
    at Timeout._onTimeout (/Users/ahmedsalem/Desktop/all my projects/uneom.com/node_modules/next/dist/compiled/next-server/app-page.runtime.prod.js:12:150373) {
  digest: '785353560'
}
TypeError: Cannot read properties of undefined (reading 'toLowerCase')
    at b (/Users/ahmedsalem/Desktop/all my projects/uneom.com/.next/server/app/locations/[city]/[industry]/page.js:1:4337)
    at eh (/Users/ahmedsalem/Desktop/all my projects/uneom.com/node_modules/next/dist/compiled/next-server/app-page.runtime.prod.js:12:134660)
    at e (/Users/ahmedsalem/Desktop/all my projects/uneom.com/node_modules/next/dist/compiled/next-server/app-page.runtime.prod.js:12:137545)
    at ek (/Users/ahmedsalem/Desktop/all my projects/uneom.com/node_modules/next/dist/compiled/next-server/app-page.runtime.prod.js:12:138019)
    at Array.toJSON (/Users/ahmedsalem/Desktop/all my projects/uneom.com/node_modules/next/dist/compiled/next-server/app-page.runtime.prod.js:12:135629)
    at stringify (<anonymous>)
    at eP (/Users/ahmedsalem/Desktop/all my projects/uneom.com/node_modules/next/dist/compiled/next-server/app-page.runtime.prod.js:12:142093)
    at eE (/Users/ahmedsalem/Desktop/all my projects/uneom.com/node_modules/next/dist/compiled/next-server/app-page.runtime.prod.js:12:142572)
    at AsyncLocalStorage.run (node:internal/async_local_storage/async_context_frame:63:14)
    at Timeout._onTimeout (/Users/ahmedsalem/Desktop/all my projects/uneom.com/node_modules/next/dist/compiled/next-server/app-page.runtime.prod.js:12:150373) {
  digest: '785353560'
}
TypeError: Cannot read properties of undefined (reading 'toLowerCase')
    at b (/Users/ahmedsalem/Desktop/all my projects/uneom.com/.next/server/app/locations/[city]/[industry]/page.js:1:4337)
    at eh (/Users/ahmedsalem/Desktop/all my projects/uneom.com/node_modules/next/dist/compiled/next-server/app-page.runtime.prod.js:12:134660)
    at e (/Users/ahmedsalem/Desktop/all my projects/uneom.com/node_modules/next/dist/compiled/next-server/app-page.runtime.prod.js:12:137545)
    at ek (/Users/ahmedsalem/Desktop/all my projects/uneom.com/node_modules/next/dist/compiled/next-server/app-page.runtime.prod.js:12:138019)
    at Array.toJSON (/Users/ahmedsalem/Desktop/all my projects/uneom.com/node_modules/next/dist/compiled/next-server/app-page.runtime.prod.js:12:135629)
    at stringify (<anonymous>)
    at eP (/Users/ahmedsalem/Desktop/all my projects/uneom.com/node_modules/next/dist/compiled/next-server/app-page.runtime.prod.js:12:142093)
    at eE (/Users/ahmedsalem/Desktop/all my projects/uneom.com/node_modules/next/dist/compiled/next-server/app-page.runtime.prod.js:12:142572)
    at AsyncLocalStorage.run (node:internal/async_local_storage/async_context_frame:63:14)
    at Timeout._onTimeout (/Users/ahmedsalem/Desktop/all my projects/uneom.com/node_modules/next/dist/compiled/next-server/app-page.runtime.prod.js:12:150373) {
  digest: '785353560'
}
TypeError: Cannot read properties of undefined (reading 'toLowerCase')
    at b (/Users/ahmedsalem/Desktop/all my projects/uneom.com/.next/server/app/locations/[city]/[industry]/page.js:1:4337)
    at eh (/Users/ahmedsalem/Desktop/all my projects/uneom.com/node_modules/next/dist/compiled/next-server/app-page.runtime.prod.js:12:134660)
    at e (/Users/ahmedsalem/Desktop/all my projects/uneom.com/node_modules/next/dist/compiled/next-server/app-page.runtime.prod.js:12:137545)
    at ek (/Users/ahmedsalem/Desktop/all my projects/uneom.com/node_modules/next/dist/compiled/next-server/app-page.runtime.prod.js:12:138019)
    at Array.toJSON (/Users/ahmedsalem/Desktop/all my projects/uneom.com/node_modules/next/dist/compiled/next-server/app-page.runtime.prod.js:12:135629)
    at stringify (<anonymous>)
    at eP (/Users/ahmedsalem/Desktop/all my projects/uneom.com/node_modules/next/dist/compiled/next-server/app-page.runtime.prod.js:12:142093)
    at eE (/Users/ahmedsalem/Desktop/all my projects/uneom.com/node_modules/next/dist/compiled/next-server/app-page.runtime.prod.js:12:142572)
    at Timeout._onTimeout (/Users/ahmedsalem/Desktop/all my projects/uneom.com/node_modules/next/dist/compiled/next-server/app-page.runtime.prod.js:12:135349)
    at listOnTimeout (node:internal/timers:605:17) {
  digest: '2151575143'
}
TypeError: Cannot read properties of undefined (reading 'toLowerCase')
    at b (/Users/ahmedsalem/Desktop/all my projects/uneom.com/.next/server/app/locations/[city]/[industry]/page.js:1:4337)
    at eh (/Users/ahmedsalem/Desktop/all my projects/uneom.com/node_modules/next/dist/compiled/next-server/app-page.runtime.prod.js:12:134660)
    at e (/Users/ahmedsalem/Desktop/all my projects/uneom.com/node_modules/next/dist/compiled/next-server/app-page.runtime.prod.js:12:137545)
    at ek (/Users/ahmedsalem/Desktop/all my projects/uneom.com/node_modules/next/dist/compiled/next-server/app-page.runtime.prod.js:12:138019)
    at Array.toJSON (/Users/ahmedsalem/Desktop/all my projects/uneom.com/node_modules/next/dist/compiled/next-server/app-page.runtime.prod.js:12:135629)
    at stringify (<anonymous>)
    at eP (/Users/ahmedsalem/Desktop/all my projects/uneom.com/node_modules/next/dist/compiled/next-server/app-page.runtime.prod.js:12:142093)
    at eE (/Users/ahmedsalem/Desktop/all my projects/uneom.com/node_modules/next/dist/compiled/next-server/app-page.runtime.prod.js:12:142572)
    at Timeout._onTimeout (/Users/ahmedsalem/Desktop/all my projects/uneom.com/node_modules/next/dist/compiled/next-server/app-page.runtime.prod.js:12:135349)
    at listOnTimeout (node:internal/timers:605:17) {
  digest: '2151575143'
}
TypeError: Cannot read properties of undefined (reading 'toLowerCase')
    at b (/Users/ahmedsalem/Desktop/all my projects/uneom.com/.next/server/app/locations/[city]/[industry]/page.js:1:4337)
    at eh (/Users/ahmedsalem/Desktop/all my projects/uneom.com/node_modules/next/dist/compiled/next-server/app-page.runtime.prod.js:12:134660)
    at e (/Users/ahmedsalem/Desktop/all my projects/uneom.com/node_modules/next/dist/compiled/next-server/app-page.runtime.prod.js:12:137545)
    at ek (/Users/ahmedsalem/Desktop/all my projects/uneom.com/node_modules/next/dist/compiled/next-server/app-page.runtime.prod.js:12:138019)
    at Array.toJSON (/Users/ahmedsalem/Desktop/all my projects/uneom.com/node_modules/next/dist/compiled/next-server/app-page.runtime.prod.js:12:135629)
    at stringify (<anonymous>)
    at eP (/Users/ahmedsalem/Desktop/all my projects/uneom.com/node_modules/next/dist/compiled/next-server/app-page.runtime.prod.js:12:142093)
    at eE (/Users/ahmedsalem/Desktop/all my projects/uneom.com/node_modules/next/dist/compiled/next-server/app-page.runtime.prod.js:12:142572)
    at Timeout._onTimeout (/Users/ahmedsalem/Desktop/all my projects/uneom.com/node_modules/next/dist/compiled/next-server/app-page.runtime.prod.js:12:135349)
    at listOnTimeout (node:internal/timers:605:17) {
  digest: '2151575143'
}
TypeError: Cannot read properties of undefined (reading 'toLowerCase')
    at b (/Users/ahmedsalem/Desktop/all my projects/uneom.com/.next/server/app/locations/[city]/[industry]/page.js:1:4337)
    at eh (/Users/ahmedsalem/Desktop/all my projects/uneom.com/node_modules/next/dist/compiled/next-server/app-page.runtime.prod.js:12:134660)
    at e (/Users/ahmedsalem/Desktop/all my projects/uneom.com/node_modules/next/dist/compiled/next-server/app-page.runtime.prod.js:12:137545)
    at ek (/Users/ahmedsalem/Desktop/all my projects/uneom.com/node_modules/next/dist/compiled/next-server/app-page.runtime.prod.js:12:138019)
    at Array.toJSON (/Users/ahmedsalem/Desktop/all my projects/uneom.com/node_modules/next/dist/compiled/next-server/app-page.runtime.prod.js:12:135629)
    at stringify (<anonymous>)
    at eP (/Users/ahmedsalem/Desktop/all my projects/uneom.com/node_modules/next/dist/compiled/next-server/app-page.runtime.prod.js:12:142093)
    at eE (/Users/ahmedsalem/Desktop/all my projects/uneom.com/node_modules/next/dist/compiled/next-server/app-page.runtime.prod.js:12:142572)
    at AsyncLocalStorage.run (node:internal/async_local_storage/async_context_frame:63:14)
    at Timeout._onTimeout (/Users/ahmedsalem/Desktop/all my projects/uneom.com/node_modules/next/dist/compiled/next-server/app-page.runtime.prod.js:12:150373) {
  digest: '785353560'
}
TypeError: Cannot read properties of undefined (reading 'toLowerCase')
    at Module.y (/Users/ahmedsalem/Desktop/all my projects/uneom.com/.next/server/app/locations/[city]/[industry]/page.js:1:2657)
    at /Users/ahmedsalem/Desktop/all my projects/uneom.com/node_modules/next/dist/compiled/next-server/app-page.runtime.prod.js:12:227525
    at /Users/ahmedsalem/Desktop/all my projects/uneom.com/node_modules/next/dist/server/lib/trace/tracer.js:140:36
    at NoopContextManager.with (/Users/ahmedsalem/Desktop/all my projects/uneom.com/node_modules/next/dist/compiled/@opentelemetry/api/index.js:1:7062)
    at ContextAPI.with (/Users/ahmedsalem/Desktop/all my projects/uneom.com/node_modules/next/dist/compiled/@opentelemetry/api/index.js:1:518)
    at NoopTracer.startActiveSpan (/Users/ahmedsalem/Desktop/all my projects/uneom.com/node_modules/next/dist/compiled/@opentelemetry/api/index.js:1:18093)
    at ProxyTracer.startActiveSpan (/Users/ahmedsalem/Desktop/all my projects/uneom.com/node_modules/next/dist/compiled/@opentelemetry/api/index.js:1:18854)
    at /Users/ahmedsalem/Desktop/all my projects/uneom.com/node_modules/next/dist/server/lib/trace/tracer.js:122:103
    at NoopContextManager.with (/Users/ahmedsalem/Desktop/all my projects/uneom.com/node_modules/next/dist/compiled/@opentelemetry/api/index.js:1:7062)
    at ContextAPI.with (/Users/ahmedsalem/Desktop/all my projects/uneom.com/node_modules/next/dist/compiled/@opentelemetry/api/index.js:1:518) {
  digest: '2592674761'
}
TypeError: Cannot read properties of undefined (reading 'toLowerCase')
    at b (/Users/ahmedsalem/Desktop/all my projects/uneom.com/.next/server/app/locations/[city]/[industry]/page.js:1:4337)
    at eh (/Users/ahmedsalem/Desktop/all my projects/uneom.com/node_modules/next/dist/compiled/next-server/app-page.runtime.prod.js:12:134660)
    at e (/Users/ahmedsalem/Desktop/all my projects/uneom.com/node_modules/next/dist/compiled/next-server/app-page.runtime.prod.js:12:137545)
    at ek (/Users/ahmedsalem/Desktop/all my projects/uneom.com/node_modules/next/dist/compiled/next-server/app-page.runtime.prod.js:12:138019)
    at Array.toJSON (/Users/ahmedsalem/Desktop/all my projects/uneom.com/node_modules/next/dist/compiled/next-server/app-page.runtime.prod.js:12:135629)
    at stringify (<anonymous>)
    at eP (/Users/ahmedsalem/Desktop/all my projects/uneom.com/node_modules/next/dist/compiled/next-server/app-page.runtime.prod.js:12:142093)
    at eE (/Users/ahmedsalem/Desktop/all my projects/uneom.com/node_modules/next/dist/compiled/next-server/app-page.runtime.prod.js:12:142572)
    at Timeout._onTimeout (/Users/ahmedsalem/Desktop/all my projects/uneom.com/node_modules/next/dist/compiled/next-server/app-page.runtime.prod.js:12:135349)
    at listOnTimeout (node:internal/timers:605:17) {
  digest: '2151575143'
}
TypeError: Cannot read properties of undefined (reading 'toLowerCase')
    at Module.y (/Users/ahmedsalem/Desktop/all my projects/uneom.com/.next/server/app/locations/[city]/[industry]/page.js:1:2657)
    at /Users/ahmedsalem/Desktop/all my projects/uneom.com/node_modules/next/dist/compiled/next-server/app-page.runtime.prod.js:12:227525
    at /Users/ahmedsalem/Desktop/all my projects/uneom.com/node_modules/next/dist/server/lib/trace/tracer.js:140:36
    at NoopContextManager.with (/Users/ahmedsalem/Desktop/all my projects/uneom.com/node_modules/next/dist/compiled/@opentelemetry/api/index.js:1:7062)
    at ContextAPI.with (/Users/ahmedsalem/Desktop/all my projects/uneom.com/node_modules/next/dist/compiled/@opentelemetry/api/index.js:1:518)
    at NoopTracer.startActiveSpan (/Users/ahmedsalem/Desktop/all my projects/uneom.com/node_modules/next/dist/compiled/@opentelemetry/api/index.js:1:18093)
    at ProxyTracer.startActiveSpan (/Users/ahmedsalem/Desktop/all my projects/uneom.com/node_modules/next/dist/compiled/@opentelemetry/api/index.js:1:18854)
    at /Users/ahmedsalem/Desktop/all my projects/uneom.com/node_modules/next/dist/server/lib/trace/tracer.js:122:103
    at NoopContextManager.with (/Users/ahmedsalem/Desktop/all my projects/uneom.com/node_modules/next/dist/compiled/@opentelemetry/api/index.js:1:7062)
    at ContextAPI.with (/Users/ahmedsalem/Desktop/all my projects/uneom.com/node_modules/next/dist/compiled/@opentelemetry/api/index.js:1:518) {
  digest: '2592674761'
}
TypeError: Cannot read properties of undefined (reading 'toLowerCase')
    at Module.y (/Users/ahmedsalem/Desktop/all my projects/uneom.com/.next/server/app/locations/[city]/[industry]/page.js:1:2657)
    at /Users/ahmedsalem/Desktop/all my projects/uneom.com/node_modules/next/dist/compiled/next-server/app-page.runtime.prod.js:12:227525
    at /Users/ahmedsalem/Desktop/all my projects/uneom.com/node_modules/next/dist/server/lib/trace/tracer.js:140:36
    at NoopContextManager.with (/Users/ahmedsalem/Desktop/all my projects/uneom.com/node_modules/next/dist/compiled/@opentelemetry/api/index.js:1:7062)
    at ContextAPI.with (/Users/ahmedsalem/Desktop/all my projects/uneom.com/node_modules/next/dist/compiled/@opentelemetry/api/index.js:1:518)
    at NoopTracer.startActiveSpan (/Users/ahmedsalem/Desktop/all my projects/uneom.com/node_modules/next/dist/compiled/@opentelemetry/api/index.js:1:18093)
    at ProxyTracer.startActiveSpan (/Users/ahmedsalem/Desktop/all my projects/uneom.com/node_modules/next/dist/compiled/@opentelemetry/api/index.js:1:18854)
    at /Users/ahmedsalem/Desktop/all my projects/uneom.com/node_modules/next/dist/server/lib/trace/tracer.js:122:103
    at NoopContextManager.with (/Users/ahmedsalem/Desktop/all my projects/uneom.com/node_modules/next/dist/compiled/@opentelemetry/api/index.js:1:7062)
    at ContextAPI.with (/Users/ahmedsalem/Desktop/all my projects/uneom.com/node_modules/next/dist/compiled/@opentelemetry/api/index.js:1:518) {
  digest: '2592674761'
}
TypeError: Cannot read properties of undefined (reading 'toLowerCase')
    at b (/Users/ahmedsalem/Desktop/all my projects/uneom.com/.next/server/app/locations/[city]/[industry]/page.js:1:4337)
    at eh (/Users/ahmedsalem/Desktop/all my projects/uneom.com/node_modules/next/dist/compiled/next-server/app-page.runtime.prod.js:12:134660)
    at e (/Users/ahmedsalem/Desktop/all my projects/uneom.com/node_modules/next/dist/compiled/next-server/app-page.runtime.prod.js:12:137545)
    at ek (/Users/ahmedsalem/Desktop/all my projects/uneom.com/node_modules/next/dist/compiled/next-server/app-page.runtime.prod.js:12:138019)
    at Array.toJSON (/Users/ahmedsalem/Desktop/all my projects/uneom.com/node_modules/next/dist/compiled/next-server/app-page.runtime.prod.js:12:135629)
    at stringify (<anonymous>)
    at eP (/Users/ahmedsalem/Desktop/all my projects/uneom.com/node_modules/next/dist/compiled/next-server/app-page.runtime.prod.js:12:142093)
    at eE (/Users/ahmedsalem/Desktop/all my projects/uneom.com/node_modules/next/dist/compiled/next-server/app-page.runtime.prod.js:12:142572)
    at Timeout._onTimeout (/Users/ahmedsalem/Desktop/all my projects/uneom.com/node_modules/next/dist/compiled/next-server/app-page.runtime.prod.js:12:135349)
    at listOnTimeout (node:internal/timers:605:17) {
  digest: '2151575143'
}
TypeError: Cannot read properties of undefined (reading 'toLowerCase')
    at Module.y (/Users/ahmedsalem/Desktop/all my projects/uneom.com/.next/server/app/locations/[city]/[industry]/page.js:1:2657)
    at /Users/ahmedsalem/Desktop/all my projects/uneom.com/node_modules/next/dist/compiled/next-server/app-page.runtime.prod.js:12:227525
    at /Users/ahmedsalem/Desktop/all my projects/uneom.com/node_modules/next/dist/server/lib/trace/tracer.js:140:36
    at NoopContextManager.with (/Users/ahmedsalem/Desktop/all my projects/uneom.com/node_modules/next/dist/compiled/@opentelemetry/api/index.js:1:7062)
    at ContextAPI.with (/Users/ahmedsalem/Desktop/all my projects/uneom.com/node_modules/next/dist/compiled/@opentelemetry/api/index.js:1:518)
    at NoopTracer.startActiveSpan (/Users/ahmedsalem/Desktop/all my projects/uneom.com/node_modules/next/dist/compiled/@opentelemetry/api/index.js:1:18093)
    at ProxyTracer.startActiveSpan (/Users/ahmedsalem/Desktop/all my projects/uneom.com/node_modules/next/dist/compiled/@opentelemetry/api/index.js:1:18854)
    at /Users/ahmedsalem/Desktop/all my projects/uneom.com/node_modules/next/dist/server/lib/trace/tracer.js:122:103
    at NoopContextManager.with (/Users/ahmedsalem/Desktop/all my projects/uneom.com/node_modules/next/dist/compiled/@opentelemetry/api/index.js:1:7062)
    at ContextAPI.with (/Users/ahmedsalem/Desktop/all my projects/uneom.com/node_modules/next/dist/compiled/@opentelemetry/api/index.js:1:518) {
  digest: '2592674761'
}
TypeError: Cannot read properties of undefined (reading 'toLowerCase')
    at Module.y (/Users/ahmedsalem/Desktop/all my projects/uneom.com/.next/server/app/locations/[city]/[industry]/page.js:1:2657)
    at /Users/ahmedsalem/Desktop/all my projects/uneom.com/node_modules/next/dist/compiled/next-server/app-page.runtime.prod.js:12:227525
    at /Users/ahmedsalem/Desktop/all my projects/uneom.com/node_modules/next/dist/server/lib/trace/tracer.js:140:36
    at NoopContextManager.with (/Users/ahmedsalem/Desktop/all my projects/uneom.com/node_modules/next/dist/compiled/@opentelemetry/api/index.js:1:7062)
    at ContextAPI.with (/Users/ahmedsalem/Desktop/all my projects/uneom.com/node_modules/next/dist/compiled/@opentelemetry/api/index.js:1:518)
    at NoopTracer.startActiveSpan (/Users/ahmedsalem/Desktop/all my projects/uneom.com/node_modules/next/dist/compiled/@opentelemetry/api/index.js:1:18093)
    at ProxyTracer.startActiveSpan (/Users/ahmedsalem/Desktop/all my projects/uneom.com/node_modules/next/dist/compiled/@opentelemetry/api/index.js:1:18854)
    at /Users/ahmedsalem/Desktop/all my projects/uneom.com/node_modules/next/dist/server/lib/trace/tracer.js:122:103
    at NoopContextManager.with (/Users/ahmedsalem/Desktop/all my projects/uneom.com/node_modules/next/dist/compiled/@opentelemetry/api/index.js:1:7062)
    at ContextAPI.with (/Users/ahmedsalem/Desktop/all my projects/uneom.com/node_modules/next/dist/compiled/@opentelemetry/api/index.js:1:518) {
  digest: '2592674761'
}

Error occurred prerendering page "/locations/sakaka/education". Read more: https://nextjs.org/docs/messages/prerender-error

TypeError: Cannot read properties of undefined (reading 'toLowerCase')
    at b (/Users/ahmedsalem/Desktop/all my projects/uneom.com/.next/server/app/locations/[city]/[industry]/page.js:1:4337)
    at eh (/Users/ahmedsalem/Desktop/all my projects/uneom.com/node_modules/next/dist/compiled/next-server/app-page.runtime.prod.js:12:134660)
    at e (/Users/ahmedsalem/Desktop/all my projects/uneom.com/node_modules/next/dist/compiled/next-server/app-page.runtime.prod.js:12:137545)
    at ek (/Users/ahmedsalem/Desktop/all my projects/uneom.com/node_modules/next/dist/compiled/next-server/app-page.runtime.prod.js:12:138019)
    at Array.toJSON (/Users/ahmedsalem/Desktop/all my projects/uneom.com/node_modules/next/dist/compiled/next-server/app-page.runtime.prod.js:12:135629)
    at stringify (<anonymous>)
    at eP (/Users/ahmedsalem/Desktop/all my projects/uneom.com/node_modules/next/dist/compiled/next-server/app-page.runtime.prod.js:12:142093)
    at eE (/Users/ahmedsalem/Desktop/all my projects/uneom.com/node_modules/next/dist/compiled/next-server/app-page.runtime.prod.js:12:142572)
    at AsyncLocalStorage.run (node:internal/async_local_storage/async_context_frame:63:14)
    at Timeout._onTimeout (/Users/ahmedsalem/Desktop/all my projects/uneom.com/node_modules/next/dist/compiled/next-server/app-page.runtime.prod.js:12:150373)
TypeError: Cannot read properties of undefined (reading 'toLowerCase')
    at Module.y (/Users/ahmedsalem/Desktop/all my projects/uneom.com/.next/server/app/locations/[city]/[industry]/page.js:1:2657)
    at /Users/ahmedsalem/Desktop/all my projects/uneom.com/node_modules/next/dist/compiled/next-server/app-page.runtime.prod.js:12:227525
    at /Users/ahmedsalem/Desktop/all my projects/uneom.com/node_modules/next/dist/server/lib/trace/tracer.js:140:36
    at NoopContextManager.with (/Users/ahmedsalem/Desktop/all my projects/uneom.com/node_modules/next/dist/compiled/@opentelemetry/api/index.js:1:7062)
    at ContextAPI.with (/Users/ahmedsalem/Desktop/all my projects/uneom.com/node_modules/next/dist/compiled/@opentelemetry/api/index.js:1:518)
    at NoopTracer.startActiveSpan (/Users/ahmedsalem/Desktop/all my projects/uneom.com/node_modules/next/dist/compiled/@opentelemetry/api/index.js:1:18093)
    at ProxyTracer.startActiveSpan (/Users/ahmedsalem/Desktop/all my projects/uneom.com/node_modules/next/dist/compiled/@opentelemetry/api/index.js:1:18854)
    at /Users/ahmedsalem/Desktop/all my projects/uneom.com/node_modules/next/dist/server/lib/trace/tracer.js:122:103
    at NoopContextManager.with (/Users/ahmedsalem/Desktop/all my projects/uneom.com/node_modules/next/dist/compiled/@opentelemetry/api/index.js:1:7062)
    at ContextAPI.with (/Users/ahmedsalem/Desktop/all my projects/uneom.com/node_modules/next/dist/compiled/@opentelemetry/api/index.js:1:518) {
  digest: '2592674761'
}

Error occurred prerendering page "/locations/sakaka/manufacturing". Read more: https://nextjs.org/docs/messages/prerender-error

TypeError: Cannot read properties of undefined (reading 'toLowerCase')
    at b (/Users/ahmedsalem/Desktop/all my projects/uneom.com/.next/server/app/locations/[city]/[industry]/page.js:1:4337)
    at eh (/Users/ahmedsalem/Desktop/all my projects/uneom.com/node_modules/next/dist/compiled/next-server/app-page.runtime.prod.js:12:134660)
    at e (/Users/ahmedsalem/Desktop/all my projects/uneom.com/node_modules/next/dist/compiled/next-server/app-page.runtime.prod.js:12:137545)
    at ek (/Users/ahmedsalem/Desktop/all my projects/uneom.com/node_modules/next/dist/compiled/next-server/app-page.runtime.prod.js:12:138019)
    at Array.toJSON (/Users/ahmedsalem/Desktop/all my projects/uneom.com/node_modules/next/dist/compiled/next-server/app-page.runtime.prod.js:12:135629)
    at stringify (<anonymous>)
    at eP (/Users/ahmedsalem/Desktop/all my projects/uneom.com/node_modules/next/dist/compiled/next-server/app-page.runtime.prod.js:12:142093)
    at eE (/Users/ahmedsalem/Desktop/all my projects/uneom.com/node_modules/next/dist/compiled/next-server/app-page.runtime.prod.js:12:142572)
    at AsyncLocalStorage.run (node:internal/async_local_storage/async_context_frame:63:14)
    at Timeout._onTimeout (/Users/ahmedsalem/Desktop/all my projects/uneom.com/node_modules/next/dist/compiled/next-server/app-page.runtime.prod.js:12:150373)
TypeError: Cannot read properties of undefined (reading 'toLowerCase')
    at Module.y (/Users/ahmedsalem/Desktop/all my projects/uneom.com/.next/server/app/locations/[city]/[industry]/page.js:1:2657)
    at /Users/ahmedsalem/Desktop/all my projects/uneom.com/node_modules/next/dist/compiled/next-server/app-page.runtime.prod.js:12:227525
    at /Users/ahmedsalem/Desktop/all my projects/uneom.com/node_modules/next/dist/server/lib/trace/tracer.js:140:36
    at NoopContextManager.with (/Users/ahmedsalem/Desktop/all my projects/uneom.com/node_modules/next/dist/compiled/@opentelemetry/api/index.js:1:7062)
    at ContextAPI.with (/Users/ahmedsalem/Desktop/all my projects/uneom.com/node_modules/next/dist/compiled/@opentelemetry/api/index.js:1:518)
    at NoopTracer.startActiveSpan (/Users/ahmedsalem/Desktop/all my projects/uneom.com/node_modules/next/dist/compiled/@opentelemetry/api/index.js:1:18093)
    at ProxyTracer.startActiveSpan (/Users/ahmedsalem/Desktop/all my projects/uneom.com/node_modules/next/dist/compiled/@opentelemetry/api/index.js:1:18854)
    at /Users/ahmedsalem/Desktop/all my projects/uneom.com/node_modules/next/dist/server/lib/trace/tracer.js:122:103
    at NoopContextManager.with (/Users/ahmedsalem/Desktop/all my projects/uneom.com/node_modules/next/dist/compiled/@opentelemetry/api/index.js:1:7062)
    at ContextAPI.with (/Users/ahmedsalem/Desktop/all my projects/uneom.com/node_modules/next/dist/compiled/@opentelemetry/api/index.js:1:518) {
  digest: '2592674761'
}
TypeError: Cannot read properties of undefined (reading 'toLowerCase')
    at Module.y (/Users/ahmedsalem/Desktop/all my projects/uneom.com/.next/server/app/locations/[city]/[industry]/page.js:1:2657)
    at /Users/ahmedsalem/Desktop/all my projects/uneom.com/node_modules/next/dist/compiled/next-server/app-page.runtime.prod.js:12:227525
    at /Users/ahmedsalem/Desktop/all my projects/uneom.com/node_modules/next/dist/server/lib/trace/tracer.js:140:36
    at NoopContextManager.with (/Users/ahmedsalem/Desktop/all my projects/uneom.com/node_modules/next/dist/compiled/@opentelemetry/api/index.js:1:7062)
    at ContextAPI.with (/Users/ahmedsalem/Desktop/all my projects/uneom.com/node_modules/next/dist/compiled/@opentelemetry/api/index.js:1:518)
    at NoopTracer.startActiveSpan (/Users/ahmedsalem/Desktop/all my projects/uneom.com/node_modules/next/dist/compiled/@opentelemetry/api/index.js:1:18093)
    at ProxyTracer.startActiveSpan (/Users/ahmedsalem/Desktop/all my projects/uneom.com/node_modules/next/dist/compiled/@opentelemetry/api/index.js:1:18854)
    at /Users/ahmedsalem/Desktop/all my projects/uneom.com/node_modules/next/dist/server/lib/trace/tracer.js:122:103
    at NoopContextManager.with (/Users/ahmedsalem/Desktop/all my projects/uneom.com/node_modules/next/dist/compiled/@opentelemetry/api/index.js:1:7062)
    at ContextAPI.with (/Users/ahmedsalem/Desktop/all my projects/uneom.com/node_modules/next/dist/compiled/@opentelemetry/api/index.js:1:518) {
  digest: '2592674761'
}
TypeError: Cannot read properties of undefined (reading 'toLowerCase')
    at Module.y (/Users/ahmedsalem/Desktop/all my projects/uneom.com/.next/server/app/locations/[city]/[industry]/page.js:1:2657)
    at /Users/ahmedsalem/Desktop/all my projects/uneom.com/node_modules/next/dist/compiled/next-server/app-page.runtime.prod.js:12:227525
    at /Users/ahmedsalem/Desktop/all my projects/uneom.com/node_modules/next/dist/server/lib/trace/tracer.js:140:36
    at NoopContextManager.with (/Users/ahmedsalem/Desktop/all my projects/uneom.com/node_modules/next/dist/compiled/@opentelemetry/api/index.js:1:7062)
    at ContextAPI.with (/Users/ahmedsalem/Desktop/all my projects/uneom.com/node_modules/next/dist/compiled/@opentelemetry/api/index.js:1:518)
    at NoopTracer.startActiveSpan (/Users/ahmedsalem/Desktop/all my projects/uneom.com/node_modules/next/dist/compiled/@opentelemetry/api/index.js:1:18093)
    at ProxyTracer.startActiveSpan (/Users/ahmedsalem/Desktop/all my projects/uneom.com/node_modules/next/dist/compiled/@opentelemetry/api/index.js:1:18854)
    at /Users/ahmedsalem/Desktop/all my projects/uneom.com/node_modules/next/dist/server/lib/trace/tracer.js:122:103
    at NoopContextManager.with (/Users/ahmedsalem/Desktop/all my projects/uneom.com/node_modules/next/dist/compiled/@opentelemetry/api/index.js:1:7062)
    at ContextAPI.with (/Users/ahmedsalem/Desktop/all my projects/uneom.com/node_modules/next/dist/compiled/@opentelemetry/api/index.js:1:518) {
  digest: '2592674761'
}
TypeError: Cannot read properties of undefined (reading 'toLowerCase')
    at Module.y (/Users/ahmedsalem/Desktop/all my projects/uneom.com/.next/server/app/locations/[city]/[industry]/page.js:1:2657)
    at /Users/ahmedsalem/Desktop/all my projects/uneom.com/node_modules/next/dist/compiled/next-server/app-page.runtime.prod.js:12:227525
    at /Users/ahmedsalem/Desktop/all my projects/uneom.com/node_modules/next/dist/server/lib/trace/tracer.js:140:36
    at NoopContextManager.with (/Users/ahmedsalem/Desktop/all my projects/uneom.com/node_modules/next/dist/compiled/@opentelemetry/api/index.js:1:7062)
    at ContextAPI.with (/Users/ahmedsalem/Desktop/all my projects/uneom.com/node_modules/next/dist/compiled/@opentelemetry/api/index.js:1:518)
    at NoopTracer.startActiveSpan (/Users/ahmedsalem/Desktop/all my projects/uneom.com/node_modules/next/dist/compiled/@opentelemetry/api/index.js:1:18093)
    at ProxyTracer.startActiveSpan (/Users/ahmedsalem/Desktop/all my projects/uneom.com/node_modules/next/dist/compiled/@opentelemetry/api/index.js:1:18854)
    at /Users/ahmedsalem/Desktop/all my projects/uneom.com/node_modules/next/dist/server/lib/trace/tracer.js:122:103
    at NoopContextManager.with (/Users/ahmedsalem/Desktop/all my projects/uneom.com/node_modules/next/dist/compiled/@opentelemetry/api/index.js:1:7062)
    at ContextAPI.with (/Users/ahmedsalem/Desktop/all my projects/uneom.com/node_modules/next/dist/compiled/@opentelemetry/api/index.js:1:518) {
  digest: '2592674761'
}
TypeError: Cannot read properties of undefined (reading 'toLowerCase')
    at Module.y (/Users/ahmedsalem/Desktop/all my projects/uneom.com/.next/server/app/locations/[city]/[industry]/page.js:1:2657)
    at /Users/ahmedsalem/Desktop/all my projects/uneom.com/node_modules/next/dist/compiled/next-server/app-page.runtime.prod.js:12:227525
    at /Users/ahmedsalem/Desktop/all my projects/uneom.com/node_modules/next/dist/server/lib/trace/tracer.js:140:36
    at NoopContextManager.with (/Users/ahmedsalem/Desktop/all my projects/uneom.com/node_modules/next/dist/compiled/@opentelemetry/api/index.js:1:7062)
    at ContextAPI.with (/Users/ahmedsalem/Desktop/all my projects/uneom.com/node_modules/next/dist/compiled/@opentelemetry/api/index.js:1:518)
    at NoopTracer.startActiveSpan (/Users/ahmedsalem/Desktop/all my projects/uneom.com/node_modules/next/dist/compiled/@opentelemetry/api/index.js:1:18093)
    at ProxyTracer.startActiveSpan (/Users/ahmedsalem/Desktop/all my projects/uneom.com/node_modules/next/dist/compiled/@opentelemetry/api/index.js:1:18854)
    at /Users/ahmedsalem/Desktop/all my projects/uneom.com/node_modules/next/dist/server/lib/trace/tracer.js:122:103
    at NoopContextManager.with (/Users/ahmedsalem/Desktop/all my projects/uneom.com/node_modules/next/dist/compiled/@opentelemetry/api/index.js:1:7062)
    at ContextAPI.with (/Users/ahmedsalem/Desktop/all my projects/uneom.com/node_modules/next/dist/compiled/@opentelemetry/api/index.js:1:518) {
  digest: '2592674761'
}

Error occurred prerendering page "/locations/sakaka/security". Read more: https://nextjs.org/docs/messages/prerender-error

TypeError: Cannot read properties of undefined (reading 'toLowerCase')
    at b (/Users/ahmedsalem/Desktop/all my projects/uneom.com/.next/server/app/locations/[city]/[industry]/page.js:1:4337)
    at eh (/Users/ahmedsalem/Desktop/all my projects/uneom.com/node_modules/next/dist/compiled/next-server/app-page.runtime.prod.js:12:134660)
    at e (/Users/ahmedsalem/Desktop/all my projects/uneom.com/node_modules/next/dist/compiled/next-server/app-page.runtime.prod.js:12:137545)
    at ek (/Users/ahmedsalem/Desktop/all my projects/uneom.com/node_modules/next/dist/compiled/next-server/app-page.runtime.prod.js:12:138019)
    at Array.toJSON (/Users/ahmedsalem/Desktop/all my projects/uneom.com/node_modules/next/dist/compiled/next-server/app-page.runtime.prod.js:12:135629)
    at stringify (<anonymous>)
    at eP (/Users/ahmedsalem/Desktop/all my projects/uneom.com/node_modules/next/dist/compiled/next-server/app-page.runtime.prod.js:12:142093)
    at eE (/Users/ahmedsalem/Desktop/all my projects/uneom.com/node_modules/next/dist/compiled/next-server/app-page.runtime.prod.js:12:142572)
    at AsyncLocalStorage.run (node:internal/async_local_storage/async_context_frame:63:14)
    at Timeout._onTimeout (/Users/ahmedsalem/Desktop/all my projects/uneom.com/node_modules/next/dist/compiled/next-server/app-page.runtime.prod.js:12:150373)
TypeError: Cannot read properties of undefined (reading 'toLowerCase')
    at b (/Users/ahmedsalem/Desktop/all my projects/uneom.com/.next/server/app/locations/[city]/[industry]/page.js:1:4337)
    at eh (/Users/ahmedsalem/Desktop/all my projects/uneom.com/node_modules/next/dist/compiled/next-server/app-page.runtime.prod.js:12:134660)
    at e (/Users/ahmedsalem/Desktop/all my projects/uneom.com/node_modules/next/dist/compiled/next-server/app-page.runtime.prod.js:12:137545)
    at ek (/Users/ahmedsalem/Desktop/all my projects/uneom.com/node_modules/next/dist/compiled/next-server/app-page.runtime.prod.js:12:138019)
    at Array.toJSON (/Users/ahmedsalem/Desktop/all my projects/uneom.com/node_modules/next/dist/compiled/next-server/app-page.runtime.prod.js:12:135629)
    at stringify (<anonymous>)
    at eP (/Users/ahmedsalem/Desktop/all my projects/uneom.com/node_modules/next/dist/compiled/next-server/app-page.runtime.prod.js:12:142093)
    at eE (/Users/ahmedsalem/Desktop/all my projects/uneom.com/node_modules/next/dist/compiled/next-server/app-page.runtime.prod.js:12:142572)
    at AsyncLocalStorage.run (node:internal/async_local_storage/async_context_frame:63:14)
    at Timeout._onTimeout (/Users/ahmedsalem/Desktop/all my projects/uneom.com/node_modules/next/dist/compiled/next-server/app-page.runtime.prod.js:12:150373) {
  digest: '785353560'
}
TypeError: Cannot read properties of undefined (reading 'toLowerCase')
    at b (/Users/ahmedsalem/Desktop/all my projects/uneom.com/.next/server/app/locations/[city]/[industry]/page.js:1:4337)
    at eh (/Users/ahmedsalem/Desktop/all my projects/uneom.com/node_modules/next/dist/compiled/next-server/app-page.runtime.prod.js:12:134660)
    at e (/Users/ahmedsalem/Desktop/all my projects/uneom.com/node_modules/next/dist/compiled/next-server/app-page.runtime.prod.js:12:137545)
    at ek (/Users/ahmedsalem/Desktop/all my projects/uneom.com/node_modules/next/dist/compiled/next-server/app-page.runtime.prod.js:12:138019)
    at Array.toJSON (/Users/ahmedsalem/Desktop/all my projects/uneom.com/node_modules/next/dist/compiled/next-server/app-page.runtime.prod.js:12:135629)
    at stringify (<anonymous>)
    at eP (/Users/ahmedsalem/Desktop/all my projects/uneom.com/node_modules/next/dist/compiled/next-server/app-page.runtime.prod.js:12:142093)
    at eE (/Users/ahmedsalem/Desktop/all my projects/uneom.com/node_modules/next/dist/compiled/next-server/app-page.runtime.prod.js:12:142572)
    at AsyncLocalStorage.run (node:internal/async_local_storage/async_context_frame:63:14)
    at Timeout._onTimeout (/Users/ahmedsalem/Desktop/all my projects/uneom.com/node_modules/next/dist/compiled/next-server/app-page.runtime.prod.js:12:150373) {
  digest: '785353560'
}

Error occurred prerendering page "/locations/sakaka/retail-shops". Read more: https://nextjs.org/docs/messages/prerender-error

TypeError: Cannot read properties of undefined (reading 'toLowerCase')
    at b (/Users/ahmedsalem/Desktop/all my projects/uneom.com/.next/server/app/locations/[city]/[industry]/page.js:1:4337)
    at eh (/Users/ahmedsalem/Desktop/all my projects/uneom.com/node_modules/next/dist/compiled/next-server/app-page.runtime.prod.js:12:134660)
    at e (/Users/ahmedsalem/Desktop/all my projects/uneom.com/node_modules/next/dist/compiled/next-server/app-page.runtime.prod.js:12:137545)
    at ek (/Users/ahmedsalem/Desktop/all my projects/uneom.com/node_modules/next/dist/compiled/next-server/app-page.runtime.prod.js:12:138019)
    at Array.toJSON (/Users/ahmedsalem/Desktop/all my projects/uneom.com/node_modules/next/dist/compiled/next-server/app-page.runtime.prod.js:12:135629)
    at stringify (<anonymous>)
    at eP (/Users/ahmedsalem/Desktop/all my projects/uneom.com/node_modules/next/dist/compiled/next-server/app-page.runtime.prod.js:12:142093)
    at eE (/Users/ahmedsalem/Desktop/all my projects/uneom.com/node_modules/next/dist/compiled/next-server/app-page.runtime.prod.js:12:142572)
    at AsyncLocalStorage.run (node:internal/async_local_storage/async_context_frame:63:14)
    at Timeout._onTimeout (/Users/ahmedsalem/Desktop/all my projects/uneom.com/node_modules/next/dist/compiled/next-server/app-page.runtime.prod.js:12:150373)
TypeError: Cannot read properties of undefined (reading 'toLowerCase')
    at b (/Users/ahmedsalem/Desktop/all my projects/uneom.com/.next/server/app/locations/[city]/[industry]/page.js:1:4337)
    at eh (/Users/ahmedsalem/Desktop/all my projects/uneom.com/node_modules/next/dist/compiled/next-server/app-page.runtime.prod.js:12:134660)
    at e (/Users/ahmedsalem/Desktop/all my projects/uneom.com/node_modules/next/dist/compiled/next-server/app-page.runtime.prod.js:12:137545)
    at ek (/Users/ahmedsalem/Desktop/all my projects/uneom.com/node_modules/next/dist/compiled/next-server/app-page.runtime.prod.js:12:138019)
    at Array.toJSON (/Users/ahmedsalem/Desktop/all my projects/uneom.com/node_modules/next/dist/compiled/next-server/app-page.runtime.prod.js:12:135629)
    at stringify (<anonymous>)
    at eP (/Users/ahmedsalem/Desktop/all my projects/uneom.com/node_modules/next/dist/compiled/next-server/app-page.runtime.prod.js:12:142093)
    at eE (/Users/ahmedsalem/Desktop/all my projects/uneom.com/node_modules/next/dist/compiled/next-server/app-page.runtime.prod.js:12:142572)
    at Timeout._onTimeout (/Users/ahmedsalem/Desktop/all my projects/uneom.com/node_modules/next/dist/compiled/next-server/app-page.runtime.prod.js:12:135349)
    at listOnTimeout (node:internal/timers:605:17) {
  digest: '2151575143'
}
TypeError: Cannot read properties of undefined (reading 'toLowerCase')
    at b (/Users/ahmedsalem/Desktop/all my projects/uneom.com/.next/server/app/locations/[city]/[industry]/page.js:1:4337)
    at eh (/Users/ahmedsalem/Desktop/all my projects/uneom.com/node_modules/next/dist/compiled/next-server/app-page.runtime.prod.js:12:134660)
    at e (/Users/ahmedsalem/Desktop/all my projects/uneom.com/node_modules/next/dist/compiled/next-server/app-page.runtime.prod.js:12:137545)
    at ek (/Users/ahmedsalem/Desktop/all my projects/uneom.com/node_modules/next/dist/compiled/next-server/app-page.runtime.prod.js:12:138019)
    at Array.toJSON (/Users/ahmedsalem/Desktop/all my projects/uneom.com/node_modules/next/dist/compiled/next-server/app-page.runtime.prod.js:12:135629)
    at stringify (<anonymous>)
    at eP (/Users/ahmedsalem/Desktop/all my projects/uneom.com/node_modules/next/dist/compiled/next-server/app-page.runtime.prod.js:12:142093)
    at eE (/Users/ahmedsalem/Desktop/all my projects/uneom.com/node_modules/next/dist/compiled/next-server/app-page.runtime.prod.js:12:142572)
    at Timeout._onTimeout (/Users/ahmedsalem/Desktop/all my projects/uneom.com/node_modules/next/dist/compiled/next-server/app-page.runtime.prod.js:12:135349)
    at listOnTimeout (node:internal/timers:605:17) {
  digest: '2151575143'
}

Error occurred prerendering page "/locations/al-baha/healthcare". Read more: https://nextjs.org/docs/messages/prerender-error

TypeError: Cannot read properties of undefined (reading 'toLowerCase')
    at b (/Users/ahmedsalem/Desktop/all my projects/uneom.com/.next/server/app/locations/[city]/[industry]/page.js:1:4337)
    at eh (/Users/ahmedsalem/Desktop/all my projects/uneom.com/node_modules/next/dist/compiled/next-server/app-page.runtime.prod.js:12:134660)
    at e (/Users/ahmedsalem/Desktop/all my projects/uneom.com/node_modules/next/dist/compiled/next-server/app-page.runtime.prod.js:12:137545)
    at ek (/Users/ahmedsalem/Desktop/all my projects/uneom.com/node_modules/next/dist/compiled/next-server/app-page.runtime.prod.js:12:138019)
    at Array.toJSON (/Users/ahmedsalem/Desktop/all my projects/uneom.com/node_modules/next/dist/compiled/next-server/app-page.runtime.prod.js:12:135629)
    at stringify (<anonymous>)
    at eP (/Users/ahmedsalem/Desktop/all my projects/uneom.com/node_modules/next/dist/compiled/next-server/app-page.runtime.prod.js:12:142093)
    at eE (/Users/ahmedsalem/Desktop/all my projects/uneom.com/node_modules/next/dist/compiled/next-server/app-page.runtime.prod.js:12:142572)
    at AsyncLocalStorage.run (node:internal/async_local_storage/async_context_frame:63:14)
    at Timeout._onTimeout (/Users/ahmedsalem/Desktop/all my projects/uneom.com/node_modules/next/dist/compiled/next-server/app-page.runtime.prod.js:12:150373)
TypeError: Cannot read properties of undefined (reading 'toLowerCase')
    at Module.y (/Users/ahmedsalem/Desktop/all my projects/uneom.com/.next/server/app/locations/[city]/[industry]/page.js:1:2657)
    at /Users/ahmedsalem/Desktop/all my projects/uneom.com/node_modules/next/dist/compiled/next-server/app-page.runtime.prod.js:12:227525
    at /Users/ahmedsalem/Desktop/all my projects/uneom.com/node_modules/next/dist/server/lib/trace/tracer.js:140:36
    at NoopContextManager.with (/Users/ahmedsalem/Desktop/all my projects/uneom.com/node_modules/next/dist/compiled/@opentelemetry/api/index.js:1:7062)
    at ContextAPI.with (/Users/ahmedsalem/Desktop/all my projects/uneom.com/node_modules/next/dist/compiled/@opentelemetry/api/index.js:1:518)
    at NoopTracer.startActiveSpan (/Users/ahmedsalem/Desktop/all my projects/uneom.com/node_modules/next/dist/compiled/@opentelemetry/api/index.js:1:18093)
    at ProxyTracer.startActiveSpan (/Users/ahmedsalem/Desktop/all my projects/uneom.com/node_modules/next/dist/compiled/@opentelemetry/api/index.js:1:18854)
    at /Users/ahmedsalem/Desktop/all my projects/uneom.com/node_modules/next/dist/server/lib/trace/tracer.js:122:103
    at NoopContextManager.with (/Users/ahmedsalem/Desktop/all my projects/uneom.com/node_modules/next/dist/compiled/@opentelemetry/api/index.js:1:7062)
    at ContextAPI.with (/Users/ahmedsalem/Desktop/all my projects/uneom.com/node_modules/next/dist/compiled/@opentelemetry/api/index.js:1:518) {
  digest: '2592674761'
}

Error occurred prerendering page "/locations/sakaka/supply-manufacturing". Read more: https://nextjs.org/docs/messages/prerender-error

TypeError: Cannot read properties of undefined (reading 'toLowerCase')
    at b (/Users/ahmedsalem/Desktop/all my projects/uneom.com/.next/server/app/locations/[city]/[industry]/page.js:1:4337)
    at eh (/Users/ahmedsalem/Desktop/all my projects/uneom.com/node_modules/next/dist/compiled/next-server/app-page.runtime.prod.js:12:134660)
    at e (/Users/ahmedsalem/Desktop/all my projects/uneom.com/node_modules/next/dist/compiled/next-server/app-page.runtime.prod.js:12:137545)
    at ek (/Users/ahmedsalem/Desktop/all my projects/uneom.com/node_modules/next/dist/compiled/next-server/app-page.runtime.prod.js:12:138019)
    at Array.toJSON (/Users/ahmedsalem/Desktop/all my projects/uneom.com/node_modules/next/dist/compiled/next-server/app-page.runtime.prod.js:12:135629)
    at stringify (<anonymous>)
    at eP (/Users/ahmedsalem/Desktop/all my projects/uneom.com/node_modules/next/dist/compiled/next-server/app-page.runtime.prod.js:12:142093)
    at eE (/Users/ahmedsalem/Desktop/all my projects/uneom.com/node_modules/next/dist/compiled/next-server/app-page.runtime.prod.js:12:142572)
    at AsyncLocalStorage.run (node:internal/async_local_storage/async_context_frame:63:14)
    at Timeout._onTimeout (/Users/ahmedsalem/Desktop/all my projects/uneom.com/node_modules/next/dist/compiled/next-server/app-page.runtime.prod.js:12:150373)
TypeError: Cannot read properties of undefined (reading 'toLowerCase')
    at Module.y (/Users/ahmedsalem/Desktop/all my projects/uneom.com/.next/server/app/locations/[city]/[industry]/page.js:1:2657)
    at /Users/ahmedsalem/Desktop/all my projects/uneom.com/node_modules/next/dist/compiled/next-server/app-page.runtime.prod.js:12:227525
    at /Users/ahmedsalem/Desktop/all my projects/uneom.com/node_modules/next/dist/server/lib/trace/tracer.js:140:36
    at NoopContextManager.with (/Users/ahmedsalem/Desktop/all my projects/uneom.com/node_modules/next/dist/compiled/@opentelemetry/api/index.js:1:7062)
    at ContextAPI.with (/Users/ahmedsalem/Desktop/all my projects/uneom.com/node_modules/next/dist/compiled/@opentelemetry/api/index.js:1:518)
    at NoopTracer.startActiveSpan (/Users/ahmedsalem/Desktop/all my projects/uneom.com/node_modules/next/dist/compiled/@opentelemetry/api/index.js:1:18093)
    at ProxyTracer.startActiveSpan (/Users/ahmedsalem/Desktop/all my projects/uneom.com/node_modules/next/dist/compiled/@opentelemetry/api/index.js:1:18854)
    at /Users/ahmedsalem/Desktop/all my projects/uneom.com/node_modules/next/dist/server/lib/trace/tracer.js:122:103
    at NoopContextManager.with (/Users/ahmedsalem/Desktop/all my projects/uneom.com/node_modules/next/dist/compiled/@opentelemetry/api/index.js:1:7062)
    at ContextAPI.with (/Users/ahmedsalem/Desktop/all my projects/uneom.com/node_modules/next/dist/compiled/@opentelemetry/api/index.js:1:518) {
  digest: '2592674761'
}
TypeError: Cannot read properties of undefined (reading 'toLowerCase')
    at b (/Users/ahmedsalem/Desktop/all my projects/uneom.com/.next/server/app/locations/[city]/[industry]/page.js:1:4337)
    at eh (/Users/ahmedsalem/Desktop/all my projects/uneom.com/node_modules/next/dist/compiled/next-server/app-page.runtime.prod.js:12:134660)
    at e (/Users/ahmedsalem/Desktop/all my projects/uneom.com/node_modules/next/dist/compiled/next-server/app-page.runtime.prod.js:12:137545)
    at ek (/Users/ahmedsalem/Desktop/all my projects/uneom.com/node_modules/next/dist/compiled/next-server/app-page.runtime.prod.js:12:138019)
    at Array.toJSON (/Users/ahmedsalem/Desktop/all my projects/uneom.com/node_modules/next/dist/compiled/next-server/app-page.runtime.prod.js:12:135629)
    at stringify (<anonymous>)
    at eP (/Users/ahmedsalem/Desktop/all my projects/uneom.com/node_modules/next/dist/compiled/next-server/app-page.runtime.prod.js:12:142093)
    at eE (/Users/ahmedsalem/Desktop/all my projects/uneom.com/node_modules/next/dist/compiled/next-server/app-page.runtime.prod.js:12:142572)
    at AsyncLocalStorage.run (node:internal/async_local_storage/async_context_frame:63:14)
    at Timeout._onTimeout (/Users/ahmedsalem/Desktop/all my projects/uneom.com/node_modules/next/dist/compiled/next-server/app-page.runtime.prod.js:12:150373) {
  digest: '785353560'
}

Error occurred prerendering page "/locations/sakaka/factory-industry". Read more: https://nextjs.org/docs/messages/prerender-error

TypeError: Cannot read properties of undefined (reading 'toLowerCase')
    at b (/Users/ahmedsalem/Desktop/all my projects/uneom.com/.next/server/app/locations/[city]/[industry]/page.js:1:4337)
    at eh (/Users/ahmedsalem/Desktop/all my projects/uneom.com/node_modules/next/dist/compiled/next-server/app-page.runtime.prod.js:12:134660)
    at e (/Users/ahmedsalem/Desktop/all my projects/uneom.com/node_modules/next/dist/compiled/next-server/app-page.runtime.prod.js:12:137545)
    at ek (/Users/ahmedsalem/Desktop/all my projects/uneom.com/node_modules/next/dist/compiled/next-server/app-page.runtime.prod.js:12:138019)
    at Array.toJSON (/Users/ahmedsalem/Desktop/all my projects/uneom.com/node_modules/next/dist/compiled/next-server/app-page.runtime.prod.js:12:135629)
    at stringify (<anonymous>)
    at eP (/Users/ahmedsalem/Desktop/all my projects/uneom.com/node_modules/next/dist/compiled/next-server/app-page.runtime.prod.js:12:142093)
    at eE (/Users/ahmedsalem/Desktop/all my projects/uneom.com/node_modules/next/dist/compiled/next-server/app-page.runtime.prod.js:12:142572)
    at AsyncLocalStorage.run (node:internal/async_local_storage/async_context_frame:63:14)
    at Timeout._onTimeout (/Users/ahmedsalem/Desktop/all my projects/uneom.com/node_modules/next/dist/compiled/next-server/app-page.runtime.prod.js:12:150373)
TypeError: Cannot read properties of undefined (reading 'toLowerCase')
    at b (/Users/ahmedsalem/Desktop/all my projects/uneom.com/.next/server/app/locations/[city]/[industry]/page.js:1:4337)
    at eh (/Users/ahmedsalem/Desktop/all my projects/uneom.com/node_modules/next/dist/compiled/next-server/app-page.runtime.prod.js:12:134660)
    at e (/Users/ahmedsalem/Desktop/all my projects/uneom.com/node_modules/next/dist/compiled/next-server/app-page.runtime.prod.js:12:137545)
    at ek (/Users/ahmedsalem/Desktop/all my projects/uneom.com/node_modules/next/dist/compiled/next-server/app-page.runtime.prod.js:12:138019)
    at Array.toJSON (/Users/ahmedsalem/Desktop/all my projects/uneom.com/node_modules/next/dist/compiled/next-server/app-page.runtime.prod.js:12:135629)
    at stringify (<anonymous>)
    at eP (/Users/ahmedsalem/Desktop/all my projects/uneom.com/node_modules/next/dist/compiled/next-server/app-page.runtime.prod.js:12:142093)
    at eE (/Users/ahmedsalem/Desktop/all my projects/uneom.com/node_modules/next/dist/compiled/next-server/app-page.runtime.prod.js:12:142572)
    at AsyncLocalStorage.run (node:internal/async_local_storage/async_context_frame:63:14)
    at Timeout._onTimeout (/Users/ahmedsalem/Desktop/all my projects/uneom.com/node_modules/next/dist/compiled/next-server/app-page.runtime.prod.js:12:150373) {
  digest: '785353560'
}
TypeError: Cannot read properties of undefined (reading 'toLowerCase')
    at Module.y (/Users/ahmedsalem/Desktop/all my projects/uneom.com/.next/server/app/locations/[city]/[industry]/page.js:1:2657)
    at /Users/ahmedsalem/Desktop/all my projects/uneom.com/node_modules/next/dist/compiled/next-server/app-page.runtime.prod.js:12:227525
    at /Users/ahmedsalem/Desktop/all my projects/uneom.com/node_modules/next/dist/server/lib/trace/tracer.js:140:36
    at NoopContextManager.with (/Users/ahmedsalem/Desktop/all my projects/uneom.com/node_modules/next/dist/compiled/@opentelemetry/api/index.js:1:7062)
    at ContextAPI.with (/Users/ahmedsalem/Desktop/all my projects/uneom.com/node_modules/next/dist/compiled/@opentelemetry/api/index.js:1:518)
    at NoopTracer.startActiveSpan (/Users/ahmedsalem/Desktop/all my projects/uneom.com/node_modules/next/dist/compiled/@opentelemetry/api/index.js:1:18093)
    at ProxyTracer.startActiveSpan (/Users/ahmedsalem/Desktop/all my projects/uneom.com/node_modules/next/dist/compiled/@opentelemetry/api/index.js:1:18854)
    at /Users/ahmedsalem/Desktop/all my projects/uneom.com/node_modules/next/dist/server/lib/trace/tracer.js:122:103
    at NoopContextManager.with (/Users/ahmedsalem/Desktop/all my projects/uneom.com/node_modules/next/dist/compiled/@opentelemetry/api/index.js:1:7062)
    at ContextAPI.with (/Users/ahmedsalem/Desktop/all my projects/uneom.com/node_modules/next/dist/compiled/@opentelemetry/api/index.js:1:518) {
  digest: '2592674761'
}
TypeError: Cannot read properties of undefined (reading 'toLowerCase')
    at Module.y (/Users/ahmedsalem/Desktop/all my projects/uneom.com/.next/server/app/locations/[city]/[industry]/page.js:1:2657)
    at /Users/ahmedsalem/Desktop/all my projects/uneom.com/node_modules/next/dist/compiled/next-server/app-page.runtime.prod.js:12:227525
    at /Users/ahmedsalem/Desktop/all my projects/uneom.com/node_modules/next/dist/server/lib/trace/tracer.js:140:36
    at NoopContextManager.with (/Users/ahmedsalem/Desktop/all my projects/uneom.com/node_modules/next/dist/compiled/@opentelemetry/api/index.js:1:7062)
    at ContextAPI.with (/Users/ahmedsalem/Desktop/all my projects/uneom.com/node_modules/next/dist/compiled/@opentelemetry/api/index.js:1:518)
    at NoopTracer.startActiveSpan (/Users/ahmedsalem/Desktop/all my projects/uneom.com/node_modules/next/dist/compiled/@opentelemetry/api/index.js:1:18093)
    at ProxyTracer.startActiveSpan (/Users/ahmedsalem/Desktop/all my projects/uneom.com/node_modules/next/dist/compiled/@opentelemetry/api/index.js:1:18854)
    at /Users/ahmedsalem/Desktop/all my projects/uneom.com/node_modules/next/dist/server/lib/trace/tracer.js:122:103
    at NoopContextManager.with (/Users/ahmedsalem/Desktop/all my projects/uneom.com/node_modules/next/dist/compiled/@opentelemetry/api/index.js:1:7062)
    at ContextAPI.with (/Users/ahmedsalem/Desktop/all my projects/uneom.com/node_modules/next/dist/compiled/@opentelemetry/api/index.js:1:518) {
  digest: '2592674761'
}
TypeError: Cannot read properties of undefined (reading 'toLowerCase')
    at b (/Users/ahmedsalem/Desktop/all my projects/uneom.com/.next/server/app/locations/[city]/[industry]/page.js:1:4337)
    at eh (/Users/ahmedsalem/Desktop/all my projects/uneom.com/node_modules/next/dist/compiled/next-server/app-page.runtime.prod.js:12:134660)
    at e (/Users/ahmedsalem/Desktop/all my projects/uneom.com/node_modules/next/dist/compiled/next-server/app-page.runtime.prod.js:12:137545)
    at ek (/Users/ahmedsalem/Desktop/all my projects/uneom.com/node_modules/next/dist/compiled/next-server/app-page.runtime.prod.js:12:138019)
    at Array.toJSON (/Users/ahmedsalem/Desktop/all my projects/uneom.com/node_modules/next/dist/compiled/next-server/app-page.runtime.prod.js:12:135629)
    at stringify (<anonymous>)
    at eP (/Users/ahmedsalem/Desktop/all my projects/uneom.com/node_modules/next/dist/compiled/next-server/app-page.runtime.prod.js:12:142093)
    at eE (/Users/ahmedsalem/Desktop/all my projects/uneom.com/node_modules/next/dist/compiled/next-server/app-page.runtime.prod.js:12:142572)
    at Timeout._onTimeout (/Users/ahmedsalem/Desktop/all my projects/uneom.com/node_modules/next/dist/compiled/next-server/app-page.runtime.prod.js:12:135349)
    at listOnTimeout (node:internal/timers:605:17) {
  digest: '2151575143'
}
TypeError: Cannot read properties of undefined (reading 'toLowerCase')
    at b (/Users/ahmedsalem/Desktop/all my projects/uneom.com/.next/server/app/locations/[city]/[industry]/page.js:1:4337)
    at eh (/Users/ahmedsalem/Desktop/all my projects/uneom.com/node_modules/next/dist/compiled/next-server/app-page.runtime.prod.js:12:134660)
    at e (/Users/ahmedsalem/Desktop/all my projects/uneom.com/node_modules/next/dist/compiled/next-server/app-page.runtime.prod.js:12:137545)
    at ek (/Users/ahmedsalem/Desktop/all my projects/uneom.com/node_modules/next/dist/compiled/next-server/app-page.runtime.prod.js:12:138019)
    at Array.toJSON (/Users/ahmedsalem/Desktop/all my projects/uneom.com/node_modules/next/dist/compiled/next-server/app-page.runtime.prod.js:12:135629)
    at stringify (<anonymous>)
    at eP (/Users/ahmedsalem/Desktop/all my projects/uneom.com/node_modules/next/dist/compiled/next-server/app-page.runtime.prod.js:12:142093)
    at eE (/Users/ahmedsalem/Desktop/all my projects/uneom.com/node_modules/next/dist/compiled/next-server/app-page.runtime.prod.js:12:142572)
    at AsyncLocalStorage.run (node:internal/async_local_storage/async_context_frame:63:14)
    at Timeout._onTimeout (/Users/ahmedsalem/Desktop/all my projects/uneom.com/node_modules/next/dist/compiled/next-server/app-page.runtime.prod.js:12:150373) {
  digest: '785353560'
}
TypeError: Cannot read properties of undefined (reading 'toLowerCase')
    at b (/Users/ahmedsalem/Desktop/all my projects/uneom.com/.next/server/app/locations/[city]/[industry]/page.js:1:4337)
    at eh (/Users/ahmedsalem/Desktop/all my projects/uneom.com/node_modules/next/dist/compiled/next-server/app-page.runtime.prod.js:12:134660)
    at e (/Users/ahmedsalem/Desktop/all my projects/uneom.com/node_modules/next/dist/compiled/next-server/app-page.runtime.prod.js:12:137545)
    at ek (/Users/ahmedsalem/Desktop/all my projects/uneom.com/node_modules/next/dist/compiled/next-server/app-page.runtime.prod.js:12:138019)
    at Array.toJSON (/Users/ahmedsalem/Desktop/all my projects/uneom.com/node_modules/next/dist/compiled/next-server/app-page.runtime.prod.js:12:135629)
    at stringify (<anonymous>)
    at eP (/Users/ahmedsalem/Desktop/all my projects/uneom.com/node_modules/next/dist/compiled/next-server/app-page.runtime.prod.js:12:142093)
    at eE (/Users/ahmedsalem/Desktop/all my projects/uneom.com/node_modules/next/dist/compiled/next-server/app-page.runtime.prod.js:12:142572)
    at Timeout._onTimeout (/Users/ahmedsalem/Desktop/all my projects/uneom.com/node_modules/next/dist/compiled/next-server/app-page.runtime.prod.js:12:135349)
    at listOnTimeout (node:internal/timers:605:17) {
  digest: '2151575143'
}
TypeError: Cannot read properties of undefined (reading 'toLowerCase')
    at b (/Users/ahmedsalem/Desktop/all my projects/uneom.com/.next/server/app/locations/[city]/[industry]/page.js:1:4337)
    at eh (/Users/ahmedsalem/Desktop/all my projects/uneom.com/node_modules/next/dist/compiled/next-server/app-page.runtime.prod.js:12:134660)
    at e (/Users/ahmedsalem/Desktop/all my projects/uneom.com/node_modules/next/dist/compiled/next-server/app-page.runtime.prod.js:12:137545)
    at ek (/Users/ahmedsalem/Desktop/all my projects/uneom.com/node_modules/next/dist/compiled/next-server/app-page.runtime.prod.js:12:138019)
    at Array.toJSON (/Users/ahmedsalem/Desktop/all my projects/uneom.com/node_modules/next/dist/compiled/next-server/app-page.runtime.prod.js:12:135629)
    at stringify (<anonymous>)
    at eP (/Users/ahmedsalem/Desktop/all my projects/uneom.com/node_modules/next/dist/compiled/next-server/app-page.runtime.prod.js:12:142093)
    at eE (/Users/ahmedsalem/Desktop/all my projects/uneom.com/node_modules/next/dist/compiled/next-server/app-page.runtime.prod.js:12:142572)
    at Timeout._onTimeout (/Users/ahmedsalem/Desktop/all my projects/uneom.com/node_modules/next/dist/compiled/next-server/app-page.runtime.prod.js:12:135349)
    at listOnTimeout (node:internal/timers:605:17) {
  digest: '2151575143'
}
TypeError: Cannot read properties of undefined (reading 'toLowerCase')
    at b (/Users/ahmedsalem/Desktop/all my projects/uneom.com/.next/server/app/locations/[city]/[industry]/page.js:1:4337)
    at eh (/Users/ahmedsalem/Desktop/all my projects/uneom.com/node_modules/next/dist/compiled/next-server/app-page.runtime.prod.js:12:134660)
    at e (/Users/ahmedsalem/Desktop/all my projects/uneom.com/node_modules/next/dist/compiled/next-server/app-page.runtime.prod.js:12:137545)
    at ek (/Users/ahmedsalem/Desktop/all my projects/uneom.com/node_modules/next/dist/compiled/next-server/app-page.runtime.prod.js:12:138019)
    at Array.toJSON (/Users/ahmedsalem/Desktop/all my projects/uneom.com/node_modules/next/dist/compiled/next-server/app-page.runtime.prod.js:12:135629)
    at stringify (<anonymous>)
    at eP (/Users/ahmedsalem/Desktop/all my projects/uneom.com/node_modules/next/dist/compiled/next-server/app-page.runtime.prod.js:12:142093)
    at eE (/Users/ahmedsalem/Desktop/all my projects/uneom.com/node_modules/next/dist/compiled/next-server/app-page.runtime.prod.js:12:142572)
    at AsyncLocalStorage.run (node:internal/async_local_storage/async_context_frame:63:14)
    at Timeout._onTimeout (/Users/ahmedsalem/Desktop/all my projects/uneom.com/node_modules/next/dist/compiled/next-server/app-page.runtime.prod.js:12:150373) {
  digest: '785353560'
}
TypeError: Cannot read properties of undefined (reading 'toLowerCase')
    at Module.y (/Users/ahmedsalem/Desktop/all my projects/uneom.com/.next/server/app/locations/[city]/[industry]/page.js:1:2657)
    at /Users/ahmedsalem/Desktop/all my projects/uneom.com/node_modules/next/dist/compiled/next-server/app-page.runtime.prod.js:12:227525
    at /Users/ahmedsalem/Desktop/all my projects/uneom.com/node_modules/next/dist/server/lib/trace/tracer.js:140:36
    at NoopContextManager.with (/Users/ahmedsalem/Desktop/all my projects/uneom.com/node_modules/next/dist/compiled/@opentelemetry/api/index.js:1:7062)
    at ContextAPI.with (/Users/ahmedsalem/Desktop/all my projects/uneom.com/node_modules/next/dist/compiled/@opentelemetry/api/index.js:1:518)
    at NoopTracer.startActiveSpan (/Users/ahmedsalem/Desktop/all my projects/uneom.com/node_modules/next/dist/compiled/@opentelemetry/api/index.js:1:18093)
    at ProxyTracer.startActiveSpan (/Users/ahmedsalem/Desktop/all my projects/uneom.com/node_modules/next/dist/compiled/@opentelemetry/api/index.js:1:18854)
    at /Users/ahmedsalem/Desktop/all my projects/uneom.com/node_modules/next/dist/server/lib/trace/tracer.js:122:103
    at NoopContextManager.with (/Users/ahmedsalem/Desktop/all my projects/uneom.com/node_modules/next/dist/compiled/@opentelemetry/api/index.js:1:7062)
    at ContextAPI.with (/Users/ahmedsalem/Desktop/all my projects/uneom.com/node_modules/next/dist/compiled/@opentelemetry/api/index.js:1:518) {
  digest: '2592674761'
}
TypeError: Cannot read properties of undefined (reading 'toLowerCase')
    at Module.y (/Users/ahmedsalem/Desktop/all my projects/uneom.com/.next/server/app/locations/[city]/[industry]/page.js:1:2657)
    at /Users/ahmedsalem/Desktop/all my projects/uneom.com/node_modules/next/dist/compiled/next-server/app-page.runtime.prod.js:12:227525
    at /Users/ahmedsalem/Desktop/all my projects/uneom.com/node_modules/next/dist/server/lib/trace/tracer.js:140:36
    at NoopContextManager.with (/Users/ahmedsalem/Desktop/all my projects/uneom.com/node_modules/next/dist/compiled/@opentelemetry/api/index.js:1:7062)
    at ContextAPI.with (/Users/ahmedsalem/Desktop/all my projects/uneom.com/node_modules/next/dist/compiled/@opentelemetry/api/index.js:1:518)
    at NoopTracer.startActiveSpan (/Users/ahmedsalem/Desktop/all my projects/uneom.com/node_modules/next/dist/compiled/@opentelemetry/api/index.js:1:18093)
    at ProxyTracer.startActiveSpan (/Users/ahmedsalem/Desktop/all my projects/uneom.com/node_modules/next/dist/compiled/@opentelemetry/api/index.js:1:18854)
    at /Users/ahmedsalem/Desktop/all my projects/uneom.com/node_modules/next/dist/server/lib/trace/tracer.js:122:103
    at NoopContextManager.with (/Users/ahmedsalem/Desktop/all my projects/uneom.com/node_modules/next/dist/compiled/@opentelemetry/api/index.js:1:7062)
    at ContextAPI.with (/Users/ahmedsalem/Desktop/all my projects/uneom.com/node_modules/next/dist/compiled/@opentelemetry/api/index.js:1:518) {
  digest: '2592674761'
}
TypeError: Cannot read properties of undefined (reading 'toLowerCase')
    at Module.y (/Users/ahmedsalem/Desktop/all my projects/uneom.com/.next/server/app/locations/[city]/[industry]/page.js:1:2657)
    at /Users/ahmedsalem/Desktop/all my projects/uneom.com/node_modules/next/dist/compiled/next-server/app-page.runtime.prod.js:12:227525
    at /Users/ahmedsalem/Desktop/all my projects/uneom.com/node_modules/next/dist/server/lib/trace/tracer.js:140:36
    at NoopContextManager.with (/Users/ahmedsalem/Desktop/all my projects/uneom.com/node_modules/next/dist/compiled/@opentelemetry/api/index.js:1:7062)
    at ContextAPI.with (/Users/ahmedsalem/Desktop/all my projects/uneom.com/node_modules/next/dist/compiled/@opentelemetry/api/index.js:1:518)
    at NoopTracer.startActiveSpan (/Users/ahmedsalem/Desktop/all my projects/uneom.com/node_modules/next/dist/compiled/@opentelemetry/api/index.js:1:18093)
    at ProxyTracer.startActiveSpan (/Users/ahmedsalem/Desktop/all my projects/uneom.com/node_modules/next/dist/compiled/@opentelemetry/api/index.js:1:18854)
    at /Users/ahmedsalem/Desktop/all my projects/uneom.com/node_modules/next/dist/server/lib/trace/tracer.js:122:103
    at NoopContextManager.with (/Users/ahmedsalem/Desktop/all my projects/uneom.com/node_modules/next/dist/compiled/@opentelemetry/api/index.js:1:7062)
    at ContextAPI.with (/Users/ahmedsalem/Desktop/all my projects/uneom.com/node_modules/next/dist/compiled/@opentelemetry/api/index.js:1:518) {
  digest: '2592674761'
}
TypeError: Cannot read properties of undefined (reading 'toLowerCase')
    at Module.y (/Users/ahmedsalem/Desktop/all my projects/uneom.com/.next/server/app/locations/[city]/[industry]/page.js:1:2657)
    at /Users/ahmedsalem/Desktop/all my projects/uneom.com/node_modules/next/dist/compiled/next-server/app-page.runtime.prod.js:12:227525
    at /Users/ahmedsalem/Desktop/all my projects/uneom.com/node_modules/next/dist/server/lib/trace/tracer.js:140:36
    at NoopContextManager.with (/Users/ahmedsalem/Desktop/all my projects/uneom.com/node_modules/next/dist/compiled/@opentelemetry/api/index.js:1:7062)
    at ContextAPI.with (/Users/ahmedsalem/Desktop/all my projects/uneom.com/node_modules/next/dist/compiled/@opentelemetry/api/index.js:1:518)
    at NoopTracer.startActiveSpan (/Users/ahmedsalem/Desktop/all my projects/uneom.com/node_modules/next/dist/compiled/@opentelemetry/api/index.js:1:18093)
    at ProxyTracer.startActiveSpan (/Users/ahmedsalem/Desktop/all my projects/uneom.com/node_modules/next/dist/compiled/@opentelemetry/api/index.js:1:18854)
    at /Users/ahmedsalem/Desktop/all my projects/uneom.com/node_modules/next/dist/server/lib/trace/tracer.js:122:103
    at NoopContextManager.with (/Users/ahmedsalem/Desktop/all my projects/uneom.com/node_modules/next/dist/compiled/@opentelemetry/api/index.js:1:7062)
    at ContextAPI.with (/Users/ahmedsalem/Desktop/all my projects/uneom.com/node_modules/next/dist/compiled/@opentelemetry/api/index.js:1:518) {
  digest: '2592674761'
}
TypeError: Cannot read properties of undefined (reading 'toLowerCase')
    at b (/Users/ahmedsalem/Desktop/all my projects/uneom.com/.next/server/app/locations/[city]/[industry]/page.js:1:4337)
    at eh (/Users/ahmedsalem/Desktop/all my projects/uneom.com/node_modules/next/dist/compiled/next-server/app-page.runtime.prod.js:12:134660)
    at e (/Users/ahmedsalem/Desktop/all my projects/uneom.com/node_modules/next/dist/compiled/next-server/app-page.runtime.prod.js:12:137545)
    at ek (/Users/ahmedsalem/Desktop/all my projects/uneom.com/node_modules/next/dist/compiled/next-server/app-page.runtime.prod.js:12:138019)
    at Array.toJSON (/Users/ahmedsalem/Desktop/all my projects/uneom.com/node_modules/next/dist/compiled/next-server/app-page.runtime.prod.js:12:135629)
    at stringify (<anonymous>)
    at eP (/Users/ahmedsalem/Desktop/all my projects/uneom.com/node_modules/next/dist/compiled/next-server/app-page.runtime.prod.js:12:142093)
    at eE (/Users/ahmedsalem/Desktop/all my projects/uneom.com/node_modules/next/dist/compiled/next-server/app-page.runtime.prod.js:12:142572)
    at Timeout._onTimeout (/Users/ahmedsalem/Desktop/all my projects/uneom.com/node_modules/next/dist/compiled/next-server/app-page.runtime.prod.js:12:135349)
    at listOnTimeout (node:internal/timers:605:17) {
  digest: '2151575143'
}
TypeError: Cannot read properties of undefined (reading 'toLowerCase')
    at b (/Users/ahmedsalem/Desktop/all my projects/uneom.com/.next/server/app/locations/[city]/[industry]/page.js:1:4337)
    at eh (/Users/ahmedsalem/Desktop/all my projects/uneom.com/node_modules/next/dist/compiled/next-server/app-page.runtime.prod.js:12:134660)
    at e (/Users/ahmedsalem/Desktop/all my projects/uneom.com/node_modules/next/dist/compiled/next-server/app-page.runtime.prod.js:12:137545)
    at ek (/Users/ahmedsalem/Desktop/all my projects/uneom.com/node_modules/next/dist/compiled/next-server/app-page.runtime.prod.js:12:138019)
    at Array.toJSON (/Users/ahmedsalem/Desktop/all my projects/uneom.com/node_modules/next/dist/compiled/next-server/app-page.runtime.prod.js:12:135629)
    at stringify (<anonymous>)
    at eP (/Users/ahmedsalem/Desktop/all my projects/uneom.com/node_modules/next/dist/compiled/next-server/app-page.runtime.prod.js:12:142093)
    at eE (/Users/ahmedsalem/Desktop/all my projects/uneom.com/node_modules/next/dist/compiled/next-server/app-page.runtime.prod.js:12:142572)
    at AsyncLocalStorage.run (node:internal/async_local_storage/async_context_frame:63:14)
    at Timeout._onTimeout (/Users/ahmedsalem/Desktop/all my projects/uneom.com/node_modules/next/dist/compiled/next-server/app-page.runtime.prod.js:12:150373) {
  digest: '785353560'
}
TypeError: Cannot read properties of undefined (reading 'toLowerCase')
    at Module.y (/Users/ahmedsalem/Desktop/all my projects/uneom.com/.next/server/app/locations/[city]/[industry]/page.js:1:2657)
    at /Users/ahmedsalem/Desktop/all my projects/uneom.com/node_modules/next/dist/compiled/next-server/app-page.runtime.prod.js:12:227525
    at /Users/ahmedsalem/Desktop/all my projects/uneom.com/node_modules/next/dist/server/lib/trace/tracer.js:140:36
    at NoopContextManager.with (/Users/ahmedsalem/Desktop/all my projects/uneom.com/node_modules/next/dist/compiled/@opentelemetry/api/index.js:1:7062)
    at ContextAPI.with (/Users/ahmedsalem/Desktop/all my projects/uneom.com/node_modules/next/dist/compiled/@opentelemetry/api/index.js:1:518)
    at NoopTracer.startActiveSpan (/Users/ahmedsalem/Desktop/all my projects/uneom.com/node_modules/next/dist/compiled/@opentelemetry/api/index.js:1:18093)
    at ProxyTracer.startActiveSpan (/Users/ahmedsalem/Desktop/all my projects/uneom.com/node_modules/next/dist/compiled/@opentelemetry/api/index.js:1:18854)
    at /Users/ahmedsalem/Desktop/all my projects/uneom.com/node_modules/next/dist/server/lib/trace/tracer.js:122:103
    at NoopContextManager.with (/Users/ahmedsalem/Desktop/all my projects/uneom.com/node_modules/next/dist/compiled/@opentelemetry/api/index.js:1:7062)
    at ContextAPI.with (/Users/ahmedsalem/Desktop/all my projects/uneom.com/node_modules/next/dist/compiled/@opentelemetry/api/index.js:1:518) {
  digest: '2592674761'
}

Error occurred prerendering page "/locations/al-baha/hospitality". Read more: https://nextjs.org/docs/messages/prerender-error

TypeError: Cannot read properties of undefined (reading 'toLowerCase')
    at b (/Users/ahmedsalem/Desktop/all my projects/uneom.com/.next/server/app/locations/[city]/[industry]/page.js:1:4337)
    at eh (/Users/ahmedsalem/Desktop/all my projects/uneom.com/node_modules/next/dist/compiled/next-server/app-page.runtime.prod.js:12:134660)
    at e (/Users/ahmedsalem/Desktop/all my projects/uneom.com/node_modules/next/dist/compiled/next-server/app-page.runtime.prod.js:12:137545)
    at ek (/Users/ahmedsalem/Desktop/all my projects/uneom.com/node_modules/next/dist/compiled/next-server/app-page.runtime.prod.js:12:138019)
    at Array.toJSON (/Users/ahmedsalem/Desktop/all my projects/uneom.com/node_modules/next/dist/compiled/next-server/app-page.runtime.prod.js:12:135629)
    at stringify (<anonymous>)
    at eP (/Users/ahmedsalem/Desktop/all my projects/uneom.com/node_modules/next/dist/compiled/next-server/app-page.runtime.prod.js:12:142093)
    at eE (/Users/ahmedsalem/Desktop/all my projects/uneom.com/node_modules/next/dist/compiled/next-server/app-page.runtime.prod.js:12:142572)
    at AsyncLocalStorage.run (node:internal/async_local_storage/async_context_frame:63:14)
    at Timeout._onTimeout (/Users/ahmedsalem/Desktop/all my projects/uneom.com/node_modules/next/dist/compiled/next-server/app-page.runtime.prod.js:12:150373)
TypeError: Cannot read properties of undefined (reading 'toLowerCase')
    at Module.y (/Users/ahmedsalem/Desktop/all my projects/uneom.com/.next/server/app/locations/[city]/[industry]/page.js:1:2657)
    at /Users/ahmedsalem/Desktop/all my projects/uneom.com/node_modules/next/dist/compiled/next-server/app-page.runtime.prod.js:12:227525
    at /Users/ahmedsalem/Desktop/all my projects/uneom.com/node_modules/next/dist/server/lib/trace/tracer.js:140:36
    at NoopContextManager.with (/Users/ahmedsalem/Desktop/all my projects/uneom.com/node_modules/next/dist/compiled/@opentelemetry/api/index.js:1:7062)
    at ContextAPI.with (/Users/ahmedsalem/Desktop/all my projects/uneom.com/node_modules/next/dist/compiled/@opentelemetry/api/index.js:1:518)
    at NoopTracer.startActiveSpan (/Users/ahmedsalem/Desktop/all my projects/uneom.com/node_modules/next/dist/compiled/@opentelemetry/api/index.js:1:18093)
    at ProxyTracer.startActiveSpan (/Users/ahmedsalem/Desktop/all my projects/uneom.com/node_modules/next/dist/compiled/@opentelemetry/api/index.js:1:18854)
    at /Users/ahmedsalem/Desktop/all my projects/uneom.com/node_modules/next/dist/server/lib/trace/tracer.js:122:103
    at NoopContextManager.with (/Users/ahmedsalem/Desktop/all my projects/uneom.com/node_modules/next/dist/compiled/@opentelemetry/api/index.js:1:7062)
    at ContextAPI.with (/Users/ahmedsalem/Desktop/all my projects/uneom.com/node_modules/next/dist/compiled/@opentelemetry/api/index.js:1:518) {
  digest: '2592674761'
}
TypeError: Cannot read properties of undefined (reading 'toLowerCase')
    at b (/Users/ahmedsalem/Desktop/all my projects/uneom.com/.next/server/app/locations/[city]/[industry]/page.js:1:4337)
    at eh (/Users/ahmedsalem/Desktop/all my projects/uneom.com/node_modules/next/dist/compiled/next-server/app-page.runtime.prod.js:12:134660)
    at e (/Users/ahmedsalem/Desktop/all my projects/uneom.com/node_modules/next/dist/compiled/next-server/app-page.runtime.prod.js:12:137545)
    at ek (/Users/ahmedsalem/Desktop/all my projects/uneom.com/node_modules/next/dist/compiled/next-server/app-page.runtime.prod.js:12:138019)
    at Array.toJSON (/Users/ahmedsalem/Desktop/all my projects/uneom.com/node_modules/next/dist/compiled/next-server/app-page.runtime.prod.js:12:135629)
    at stringify (<anonymous>)
    at eP (/Users/ahmedsalem/Desktop/all my projects/uneom.com/node_modules/next/dist/compiled/next-server/app-page.runtime.prod.js:12:142093)
    at eE (/Users/ahmedsalem/Desktop/all my projects/uneom.com/node_modules/next/dist/compiled/next-server/app-page.runtime.prod.js:12:142572)
    at Timeout._onTimeout (/Users/ahmedsalem/Desktop/all my projects/uneom.com/node_modules/next/dist/compiled/next-server/app-page.runtime.prod.js:12:135349)
    at listOnTimeout (node:internal/timers:605:17) {
  digest: '2151575143'
}
TypeError: Cannot read properties of undefined (reading 'toLowerCase')
    at Module.y (/Users/ahmedsalem/Desktop/all my projects/uneom.com/.next/server/app/locations/[city]/[industry]/page.js:1:2657)
    at /Users/ahmedsalem/Desktop/all my projects/uneom.com/node_modules/next/dist/compiled/next-server/app-page.runtime.prod.js:12:227525
    at /Users/ahmedsalem/Desktop/all my projects/uneom.com/node_modules/next/dist/server/lib/trace/tracer.js:140:36
    at NoopContextManager.with (/Users/ahmedsalem/Desktop/all my projects/uneom.com/node_modules/next/dist/compiled/@opentelemetry/api/index.js:1:7062)
    at ContextAPI.with (/Users/ahmedsalem/Desktop/all my projects/uneom.com/node_modules/next/dist/compiled/@opentelemetry/api/index.js:1:518)
    at NoopTracer.startActiveSpan (/Users/ahmedsalem/Desktop/all my projects/uneom.com/node_modules/next/dist/compiled/@opentelemetry/api/index.js:1:18093)
    at ProxyTracer.startActiveSpan (/Users/ahmedsalem/Desktop/all my projects/uneom.com/node_modules/next/dist/compiled/@opentelemetry/api/index.js:1:18854)
    at /Users/ahmedsalem/Desktop/all my projects/uneom.com/node_modules/next/dist/server/lib/trace/tracer.js:122:103
    at NoopContextManager.with (/Users/ahmedsalem/Desktop/all my projects/uneom.com/node_modules/next/dist/compiled/@opentelemetry/api/index.js:1:7062)
    at ContextAPI.with (/Users/ahmedsalem/Desktop/all my projects/uneom.com/node_modules/next/dist/compiled/@opentelemetry/api/index.js:1:518) {
  digest: '2592674761'
}

Error occurred prerendering page "/locations/al-baha/aviation". Read more: https://nextjs.org/docs/messages/prerender-error

TypeError: Cannot read properties of undefined (reading 'toLowerCase')
    at b (/Users/ahmedsalem/Desktop/all my projects/uneom.com/.next/server/app/locations/[city]/[industry]/page.js:1:4337)
    at eh (/Users/ahmedsalem/Desktop/all my projects/uneom.com/node_modules/next/dist/compiled/next-server/app-page.runtime.prod.js:12:134660)
    at e (/Users/ahmedsalem/Desktop/all my projects/uneom.com/node_modules/next/dist/compiled/next-server/app-page.runtime.prod.js:12:137545)
    at ek (/Users/ahmedsalem/Desktop/all my projects/uneom.com/node_modules/next/dist/compiled/next-server/app-page.runtime.prod.js:12:138019)
    at Array.toJSON (/Users/ahmedsalem/Desktop/all my projects/uneom.com/node_modules/next/dist/compiled/next-server/app-page.runtime.prod.js:12:135629)
    at stringify (<anonymous>)
    at eP (/Users/ahmedsalem/Desktop/all my projects/uneom.com/node_modules/next/dist/compiled/next-server/app-page.runtime.prod.js:12:142093)
    at eE (/Users/ahmedsalem/Desktop/all my projects/uneom.com/node_modules/next/dist/compiled/next-server/app-page.runtime.prod.js:12:142572)
    at AsyncLocalStorage.run (node:internal/async_local_storage/async_context_frame:63:14)
    at Timeout._onTimeout (/Users/ahmedsalem/Desktop/all my projects/uneom.com/node_modules/next/dist/compiled/next-server/app-page.runtime.prod.js:12:150373)
TypeError: Cannot read properties of undefined (reading 'toLowerCase')
    at Module.y (/Users/ahmedsalem/Desktop/all my projects/uneom.com/.next/server/app/locations/[city]/[industry]/page.js:1:2657)
    at /Users/ahmedsalem/Desktop/all my projects/uneom.com/node_modules/next/dist/compiled/next-server/app-page.runtime.prod.js:12:227525
    at /Users/ahmedsalem/Desktop/all my projects/uneom.com/node_modules/next/dist/server/lib/trace/tracer.js:140:36
    at NoopContextManager.with (/Users/ahmedsalem/Desktop/all my projects/uneom.com/node_modules/next/dist/compiled/@opentelemetry/api/index.js:1:7062)
    at ContextAPI.with (/Users/ahmedsalem/Desktop/all my projects/uneom.com/node_modules/next/dist/compiled/@opentelemetry/api/index.js:1:518)
    at NoopTracer.startActiveSpan (/Users/ahmedsalem/Desktop/all my projects/uneom.com/node_modules/next/dist/compiled/@opentelemetry/api/index.js:1:18093)
    at ProxyTracer.startActiveSpan (/Users/ahmedsalem/Desktop/all my projects/uneom.com/node_modules/next/dist/compiled/@opentelemetry/api/index.js:1:18854)
    at /Users/ahmedsalem/Desktop/all my projects/uneom.com/node_modules/next/dist/server/lib/trace/tracer.js:122:103
    at NoopContextManager.with (/Users/ahmedsalem/Desktop/all my projects/uneom.com/node_modules/next/dist/compiled/@opentelemetry/api/index.js:1:7062)
    at ContextAPI.with (/Users/ahmedsalem/Desktop/all my projects/uneom.com/node_modules/next/dist/compiled/@opentelemetry/api/index.js:1:518) {
  digest: '2592674761'
}
TypeError: Cannot read properties of undefined (reading 'toLowerCase')
    at Module.y (/Users/ahmedsalem/Desktop/all my projects/uneom.com/.next/server/app/locations/[city]/[industry]/page.js:1:2657)
    at /Users/ahmedsalem/Desktop/all my projects/uneom.com/node_modules/next/dist/compiled/next-server/app-page.runtime.prod.js:12:227525
    at /Users/ahmedsalem/Desktop/all my projects/uneom.com/node_modules/next/dist/server/lib/trace/tracer.js:140:36
    at NoopContextManager.with (/Users/ahmedsalem/Desktop/all my projects/uneom.com/node_modules/next/dist/compiled/@opentelemetry/api/index.js:1:7062)
    at ContextAPI.with (/Users/ahmedsalem/Desktop/all my projects/uneom.com/node_modules/next/dist/compiled/@opentelemetry/api/index.js:1:518)
    at NoopTracer.startActiveSpan (/Users/ahmedsalem/Desktop/all my projects/uneom.com/node_modules/next/dist/compiled/@opentelemetry/api/index.js:1:18093)
    at ProxyTracer.startActiveSpan (/Users/ahmedsalem/Desktop/all my projects/uneom.com/node_modules/next/dist/compiled/@opentelemetry/api/index.js:1:18854)
    at /Users/ahmedsalem/Desktop/all my projects/uneom.com/node_modules/next/dist/server/lib/trace/tracer.js:122:103
    at NoopContextManager.with (/Users/ahmedsalem/Desktop/all my projects/uneom.com/node_modules/next/dist/compiled/@opentelemetry/api/index.js:1:7062)
    at ContextAPI.with (/Users/ahmedsalem/Desktop/all my projects/uneom.com/node_modules/next/dist/compiled/@opentelemetry/api/index.js:1:518) {
  digest: '2592674761'
}
TypeError: Cannot read properties of undefined (reading 'toLowerCase')
    at Module.y (/Users/ahmedsalem/Desktop/all my projects/uneom.com/.next/server/app/locations/[city]/[industry]/page.js:1:2657)
    at /Users/ahmedsalem/Desktop/all my projects/uneom.com/node_modules/next/dist/compiled/next-server/app-page.runtime.prod.js:12:227525
    at /Users/ahmedsalem/Desktop/all my projects/uneom.com/node_modules/next/dist/server/lib/trace/tracer.js:140:36
    at NoopContextManager.with (/Users/ahmedsalem/Desktop/all my projects/uneom.com/node_modules/next/dist/compiled/@opentelemetry/api/index.js:1:7062)
    at ContextAPI.with (/Users/ahmedsalem/Desktop/all my projects/uneom.com/node_modules/next/dist/compiled/@opentelemetry/api/index.js:1:518)
    at NoopTracer.startActiveSpan (/Users/ahmedsalem/Desktop/all my projects/uneom.com/node_modules/next/dist/compiled/@opentelemetry/api/index.js:1:18093)
    at ProxyTracer.startActiveSpan (/Users/ahmedsalem/Desktop/all my projects/uneom.com/node_modules/next/dist/compiled/@opentelemetry/api/index.js:1:18854)
    at /Users/ahmedsalem/Desktop/all my projects/uneom.com/node_modules/next/dist/server/lib/trace/tracer.js:122:103
    at NoopContextManager.with (/Users/ahmedsalem/Desktop/all my projects/uneom.com/node_modules/next/dist/compiled/@opentelemetry/api/index.js:1:7062)
    at ContextAPI.with (/Users/ahmedsalem/Desktop/all my projects/uneom.com/node_modules/next/dist/compiled/@opentelemetry/api/index.js:1:518) {
  digest: '2592674761'
}

Error occurred prerendering page "/locations/al-baha/manufacturing". Read more: https://nextjs.org/docs/messages/prerender-error

TypeError: Cannot read properties of undefined (reading 'toLowerCase')
    at b (/Users/ahmedsalem/Desktop/all my projects/uneom.com/.next/server/app/locations/[city]/[industry]/page.js:1:4337)
    at eh (/Users/ahmedsalem/Desktop/all my projects/uneom.com/node_modules/next/dist/compiled/next-server/app-page.runtime.prod.js:12:134660)
    at e (/Users/ahmedsalem/Desktop/all my projects/uneom.com/node_modules/next/dist/compiled/next-server/app-page.runtime.prod.js:12:137545)
    at ek (/Users/ahmedsalem/Desktop/all my projects/uneom.com/node_modules/next/dist/compiled/next-server/app-page.runtime.prod.js:12:138019)
    at Array.toJSON (/Users/ahmedsalem/Desktop/all my projects/uneom.com/node_modules/next/dist/compiled/next-server/app-page.runtime.prod.js:12:135629)
    at stringify (<anonymous>)
    at eP (/Users/ahmedsalem/Desktop/all my projects/uneom.com/node_modules/next/dist/compiled/next-server/app-page.runtime.prod.js:12:142093)
    at eE (/Users/ahmedsalem/Desktop/all my projects/uneom.com/node_modules/next/dist/compiled/next-server/app-page.runtime.prod.js:12:142572)
    at AsyncLocalStorage.run (node:internal/async_local_storage/async_context_frame:63:14)
    at Timeout._onTimeout (/Users/ahmedsalem/Desktop/all my projects/uneom.com/node_modules/next/dist/compiled/next-server/app-page.runtime.prod.js:12:150373)

Error occurred prerendering page "/locations/al-baha/education". Read more: https://nextjs.org/docs/messages/prerender-error

TypeError: Cannot read properties of undefined (reading 'toLowerCase')
    at b (/Users/ahmedsalem/Desktop/all my projects/uneom.com/.next/server/app/locations/[city]/[industry]/page.js:1:4337)
    at eh (/Users/ahmedsalem/Desktop/all my projects/uneom.com/node_modules/next/dist/compiled/next-server/app-page.runtime.prod.js:12:134660)
    at e (/Users/ahmedsalem/Desktop/all my projects/uneom.com/node_modules/next/dist/compiled/next-server/app-page.runtime.prod.js:12:137545)
    at ek (/Users/ahmedsalem/Desktop/all my projects/uneom.com/node_modules/next/dist/compiled/next-server/app-page.runtime.prod.js:12:138019)
    at Array.toJSON (/Users/ahmedsalem/Desktop/all my projects/uneom.com/node_modules/next/dist/compiled/next-server/app-page.runtime.prod.js:12:135629)
    at stringify (<anonymous>)
    at eP (/Users/ahmedsalem/Desktop/all my projects/uneom.com/node_modules/next/dist/compiled/next-server/app-page.runtime.prod.js:12:142093)
    at eE (/Users/ahmedsalem/Desktop/all my projects/uneom.com/node_modules/next/dist/compiled/next-server/app-page.runtime.prod.js:12:142572)
    at AsyncLocalStorage.run (node:internal/async_local_storage/async_context_frame:63:14)
    at Timeout._onTimeout (/Users/ahmedsalem/Desktop/all my projects/uneom.com/node_modules/next/dist/compiled/next-server/app-page.runtime.prod.js:12:150373)

Error occurred prerendering page "/locations/al-baha/corporate". Read more: https://nextjs.org/docs/messages/prerender-error

TypeError: Cannot read properties of undefined (reading 'toLowerCase')
    at b (/Users/ahmedsalem/Desktop/all my projects/uneom.com/.next/server/app/locations/[city]/[industry]/page.js:1:4337)
    at eh (/Users/ahmedsalem/Desktop/all my projects/uneom.com/node_modules/next/dist/compiled/next-server/app-page.runtime.prod.js:12:134660)
    at e (/Users/ahmedsalem/Desktop/all my projects/uneom.com/node_modules/next/dist/compiled/next-server/app-page.runtime.prod.js:12:137545)
    at ek (/Users/ahmedsalem/Desktop/all my projects/uneom.com/node_modules/next/dist/compiled/next-server/app-page.runtime.prod.js:12:138019)
    at Array.toJSON (/Users/ahmedsalem/Desktop/all my projects/uneom.com/node_modules/next/dist/compiled/next-server/app-page.runtime.prod.js:12:135629)
    at stringify (<anonymous>)
    at eP (/Users/ahmedsalem/Desktop/all my projects/uneom.com/node_modules/next/dist/compiled/next-server/app-page.runtime.prod.js:12:142093)
    at eE (/Users/ahmedsalem/Desktop/all my projects/uneom.com/node_modules/next/dist/compiled/next-server/app-page.runtime.prod.js:12:142572)
    at AsyncLocalStorage.run (node:internal/async_local_storage/async_context_frame:63:14)
    at Timeout._onTimeout (/Users/ahmedsalem/Desktop/all my projects/uneom.com/node_modules/next/dist/compiled/next-server/app-page.runtime.prod.js:12:150373)
TypeError: Cannot read properties of undefined (reading 'toLowerCase')
    at b (/Users/ahmedsalem/Desktop/all my projects/uneom.com/.next/server/app/locations/[city]/[industry]/page.js:1:4337)
    at eh (/Users/ahmedsalem/Desktop/all my projects/uneom.com/node_modules/next/dist/compiled/next-server/app-page.runtime.prod.js:12:134660)
    at e (/Users/ahmedsalem/Desktop/all my projects/uneom.com/node_modules/next/dist/compiled/next-server/app-page.runtime.prod.js:12:137545)
    at ek (/Users/ahmedsalem/Desktop/all my projects/uneom.com/node_modules/next/dist/compiled/next-server/app-page.runtime.prod.js:12:138019)
    at Array.toJSON (/Users/ahmedsalem/Desktop/all my projects/uneom.com/node_modules/next/dist/compiled/next-server/app-page.runtime.prod.js:12:135629)
    at stringify (<anonymous>)
    at eP (/Users/ahmedsalem/Desktop/all my projects/uneom.com/node_modules/next/dist/compiled/next-server/app-page.runtime.prod.js:12:142093)
    at eE (/Users/ahmedsalem/Desktop/all my projects/uneom.com/node_modules/next/dist/compiled/next-server/app-page.runtime.prod.js:12:142572)
    at AsyncLocalStorage.run (node:internal/async_local_storage/async_context_frame:63:14)
    at Timeout._onTimeout (/Users/ahmedsalem/Desktop/all my projects/uneom.com/node_modules/next/dist/compiled/next-server/app-page.runtime.prod.js:12:150373) {
  digest: '785353560'
}
TypeError: Cannot read properties of undefined (reading 'toLowerCase')
    at b (/Users/ahmedsalem/Desktop/all my projects/uneom.com/.next/server/app/locations/[city]/[industry]/page.js:1:4337)
    at eh (/Users/ahmedsalem/Desktop/all my projects/uneom.com/node_modules/next/dist/compiled/next-server/app-page.runtime.prod.js:12:134660)
    at e (/Users/ahmedsalem/Desktop/all my projects/uneom.com/node_modules/next/dist/compiled/next-server/app-page.runtime.prod.js:12:137545)
    at ek (/Users/ahmedsalem/Desktop/all my projects/uneom.com/node_modules/next/dist/compiled/next-server/app-page.runtime.prod.js:12:138019)
    at Array.toJSON (/Users/ahmedsalem/Desktop/all my projects/uneom.com/node_modules/next/dist/compiled/next-server/app-page.runtime.prod.js:12:135629)
    at stringify (<anonymous>)
    at eP (/Users/ahmedsalem/Desktop/all my projects/uneom.com/node_modules/next/dist/compiled/next-server/app-page.runtime.prod.js:12:142093)
    at eE (/Users/ahmedsalem/Desktop/all my projects/uneom.com/node_modules/next/dist/compiled/next-server/app-page.runtime.prod.js:12:142572)
    at Timeout._onTimeout (/Users/ahmedsalem/Desktop/all my projects/uneom.com/node_modules/next/dist/compiled/next-server/app-page.runtime.prod.js:12:135349)
    at listOnTimeout (node:internal/timers:605:17) {
  digest: '2151575143'
}
TypeError: Cannot read properties of undefined (reading 'toLowerCase')
    at b (/Users/ahmedsalem/Desktop/all my projects/uneom.com/.next/server/app/locations/[city]/[industry]/page.js:1:4337)
    at eh (/Users/ahmedsalem/Desktop/all my projects/uneom.com/node_modules/next/dist/compiled/next-server/app-page.runtime.prod.js:12:134660)
    at e (/Users/ahmedsalem/Desktop/all my projects/uneom.com/node_modules/next/dist/compiled/next-server/app-page.runtime.prod.js:12:137545)
    at ek (/Users/ahmedsalem/Desktop/all my projects/uneom.com/node_modules/next/dist/compiled/next-server/app-page.runtime.prod.js:12:138019)
    at Array.toJSON (/Users/ahmedsalem/Desktop/all my projects/uneom.com/node_modules/next/dist/compiled/next-server/app-page.runtime.prod.js:12:135629)
    at stringify (<anonymous>)
    at eP (/Users/ahmedsalem/Desktop/all my projects/uneom.com/node_modules/next/dist/compiled/next-server/app-page.runtime.prod.js:12:142093)
    at eE (/Users/ahmedsalem/Desktop/all my projects/uneom.com/node_modules/next/dist/compiled/next-server/app-page.runtime.prod.js:12:142572)
    at AsyncLocalStorage.run (node:internal/async_local_storage/async_context_frame:63:14)
    at Timeout._onTimeout (/Users/ahmedsalem/Desktop/all my projects/uneom.com/node_modules/next/dist/compiled/next-server/app-page.runtime.prod.js:12:150373) {
  digest: '785353560'
}
TypeError: Cannot read properties of undefined (reading 'toLowerCase')
    at b (/Users/ahmedsalem/Desktop/all my projects/uneom.com/.next/server/app/locations/[city]/[industry]/page.js:1:4337)
    at eh (/Users/ahmedsalem/Desktop/all my projects/uneom.com/node_modules/next/dist/compiled/next-server/app-page.runtime.prod.js:12:134660)
    at e (/Users/ahmedsalem/Desktop/all my projects/uneom.com/node_modules/next/dist/compiled/next-server/app-page.runtime.prod.js:12:137545)
    at ek (/Users/ahmedsalem/Desktop/all my projects/uneom.com/node_modules/next/dist/compiled/next-server/app-page.runtime.prod.js:12:138019)
    at Array.toJSON (/Users/ahmedsalem/Desktop/all my projects/uneom.com/node_modules/next/dist/compiled/next-server/app-page.runtime.prod.js:12:135629)
    at stringify (<anonymous>)
    at eP (/Users/ahmedsalem/Desktop/all my projects/uneom.com/node_modules/next/dist/compiled/next-server/app-page.runtime.prod.js:12:142093)
    at eE (/Users/ahmedsalem/Desktop/all my projects/uneom.com/node_modules/next/dist/compiled/next-server/app-page.runtime.prod.js:12:142572)
    at Timeout._onTimeout (/Users/ahmedsalem/Desktop/all my projects/uneom.com/node_modules/next/dist/compiled/next-server/app-page.runtime.prod.js:12:135349)
    at listOnTimeout (node:internal/timers:605:17) {
  digest: '2151575143'
}

Error occurred prerendering page "/locations/al-baha/security". Read more: https://nextjs.org/docs/messages/prerender-error

TypeError: Cannot read properties of undefined (reading 'toLowerCase')
    at b (/Users/ahmedsalem/Desktop/all my projects/uneom.com/.next/server/app/locations/[city]/[industry]/page.js:1:4337)
    at eh (/Users/ahmedsalem/Desktop/all my projects/uneom.com/node_modules/next/dist/compiled/next-server/app-page.runtime.prod.js:12:134660)
    at e (/Users/ahmedsalem/Desktop/all my projects/uneom.com/node_modules/next/dist/compiled/next-server/app-page.runtime.prod.js:12:137545)
    at ek (/Users/ahmedsalem/Desktop/all my projects/uneom.com/node_modules/next/dist/compiled/next-server/app-page.runtime.prod.js:12:138019)
    at Array.toJSON (/Users/ahmedsalem/Desktop/all my projects/uneom.com/node_modules/next/dist/compiled/next-server/app-page.runtime.prod.js:12:135629)
    at stringify (<anonymous>)
    at eP (/Users/ahmedsalem/Desktop/all my projects/uneom.com/node_modules/next/dist/compiled/next-server/app-page.runtime.prod.js:12:142093)
    at eE (/Users/ahmedsalem/Desktop/all my projects/uneom.com/node_modules/next/dist/compiled/next-server/app-page.runtime.prod.js:12:142572)
    at AsyncLocalStorage.run (node:internal/async_local_storage/async_context_frame:63:14)
    at Timeout._onTimeout (/Users/ahmedsalem/Desktop/all my projects/uneom.com/node_modules/next/dist/compiled/next-server/app-page.runtime.prod.js:12:150373)
TypeError: Cannot read properties of undefined (reading 'toLowerCase')
    at Module.y (/Users/ahmedsalem/Desktop/all my projects/uneom.com/.next/server/app/locations/[city]/[industry]/page.js:1:2657)
    at /Users/ahmedsalem/Desktop/all my projects/uneom.com/node_modules/next/dist/compiled/next-server/app-page.runtime.prod.js:12:227525
    at /Users/ahmedsalem/Desktop/all my projects/uneom.com/node_modules/next/dist/server/lib/trace/tracer.js:140:36
    at NoopContextManager.with (/Users/ahmedsalem/Desktop/all my projects/uneom.com/node_modules/next/dist/compiled/@opentelemetry/api/index.js:1:7062)
    at ContextAPI.with (/Users/ahmedsalem/Desktop/all my projects/uneom.com/node_modules/next/dist/compiled/@opentelemetry/api/index.js:1:518)
    at NoopTracer.startActiveSpan (/Users/ahmedsalem/Desktop/all my projects/uneom.com/node_modules/next/dist/compiled/@opentelemetry/api/index.js:1:18093)
    at ProxyTracer.startActiveSpan (/Users/ahmedsalem/Desktop/all my projects/uneom.com/node_modules/next/dist/compiled/@opentelemetry/api/index.js:1:18854)
    at /Users/ahmedsalem/Desktop/all my projects/uneom.com/node_modules/next/dist/server/lib/trace/tracer.js:122:103
    at NoopContextManager.with (/Users/ahmedsalem/Desktop/all my projects/uneom.com/node_modules/next/dist/compiled/@opentelemetry/api/index.js:1:7062)
    at ContextAPI.with (/Users/ahmedsalem/Desktop/all my projects/uneom.com/node_modules/next/dist/compiled/@opentelemetry/api/index.js:1:518) {
  digest: '2592674761'
}
TypeError: Cannot read properties of undefined (reading 'toLowerCase')
    at b (/Users/ahmedsalem/Desktop/all my projects/uneom.com/.next/server/app/locations/[city]/[industry]/page.js:1:4337)
    at eh (/Users/ahmedsalem/Desktop/all my projects/uneom.com/node_modules/next/dist/compiled/next-server/app-page.runtime.prod.js:12:134660)
    at e (/Users/ahmedsalem/Desktop/all my projects/uneom.com/node_modules/next/dist/compiled/next-server/app-page.runtime.prod.js:12:137545)
    at ek (/Users/ahmedsalem/Desktop/all my projects/uneom.com/node_modules/next/dist/compiled/next-server/app-page.runtime.prod.js:12:138019)
    at Array.toJSON (/Users/ahmedsalem/Desktop/all my projects/uneom.com/node_modules/next/dist/compiled/next-server/app-page.runtime.prod.js:12:135629)
    at stringify (<anonymous>)
    at eP (/Users/ahmedsalem/Desktop/all my projects/uneom.com/node_modules/next/dist/compiled/next-server/app-page.runtime.prod.js:12:142093)
    at eE (/Users/ahmedsalem/Desktop/all my projects/uneom.com/node_modules/next/dist/compiled/next-server/app-page.runtime.prod.js:12:142572)
    at AsyncLocalStorage.run (node:internal/async_local_storage/async_context_frame:63:14)
    at Timeout._onTimeout (/Users/ahmedsalem/Desktop/all my projects/uneom.com/node_modules/next/dist/compiled/next-server/app-page.runtime.prod.js:12:150373) {
  digest: '785353560'
}
TypeError: Cannot read properties of undefined (reading 'toLowerCase')
    at b (/Users/ahmedsalem/Desktop/all my projects/uneom.com/.next/server/app/locations/[city]/[industry]/page.js:1:4337)
    at eh (/Users/ahmedsalem/Desktop/all my projects/uneom.com/node_modules/next/dist/compiled/next-server/app-page.runtime.prod.js:12:134660)
    at e (/Users/ahmedsalem/Desktop/all my projects/uneom.com/node_modules/next/dist/compiled/next-server/app-page.runtime.prod.js:12:137545)
    at ek (/Users/ahmedsalem/Desktop/all my projects/uneom.com/node_modules/next/dist/compiled/next-server/app-page.runtime.prod.js:12:138019)
    at Array.toJSON (/Users/ahmedsalem/Desktop/all my projects/uneom.com/node_modules/next/dist/compiled/next-server/app-page.runtime.prod.js:12:135629)
    at stringify (<anonymous>)
    at eP (/Users/ahmedsalem/Desktop/all my projects/uneom.com/node_modules/next/dist/compiled/next-server/app-page.runtime.prod.js:12:142093)
    at eE (/Users/ahmedsalem/Desktop/all my projects/uneom.com/node_modules/next/dist/compiled/next-server/app-page.runtime.prod.js:12:142572)
    at AsyncLocalStorage.run (node:internal/async_local_storage/async_context_frame:63:14)
    at Timeout._onTimeout (/Users/ahmedsalem/Desktop/all my projects/uneom.com/node_modules/next/dist/compiled/next-server/app-page.runtime.prod.js:12:150373) {
  digest: '785353560'
}
TypeError: Cannot read properties of undefined (reading 'toLowerCase')
    at b (/Users/ahmedsalem/Desktop/all my projects/uneom.com/.next/server/app/locations/[city]/[industry]/page.js:1:4337)
    at eh (/Users/ahmedsalem/Desktop/all my projects/uneom.com/node_modules/next/dist/compiled/next-server/app-page.runtime.prod.js:12:134660)
    at e (/Users/ahmedsalem/Desktop/all my projects/uneom.com/node_modules/next/dist/compiled/next-server/app-page.runtime.prod.js:12:137545)
    at ek (/Users/ahmedsalem/Desktop/all my projects/uneom.com/node_modules/next/dist/compiled/next-server/app-page.runtime.prod.js:12:138019)
    at Array.toJSON (/Users/ahmedsalem/Desktop/all my projects/uneom.com/node_modules/next/dist/compiled/next-server/app-page.runtime.prod.js:12:135629)
    at stringify (<anonymous>)
    at eP (/Users/ahmedsalem/Desktop/all my projects/uneom.com/node_modules/next/dist/compiled/next-server/app-page.runtime.prod.js:12:142093)
    at eE (/Users/ahmedsalem/Desktop/all my projects/uneom.com/node_modules/next/dist/compiled/next-server/app-page.runtime.prod.js:12:142572)
    at AsyncLocalStorage.run (node:internal/async_local_storage/async_context_frame:63:14)
    at Timeout._onTimeout (/Users/ahmedsalem/Desktop/all my projects/uneom.com/node_modules/next/dist/compiled/next-server/app-page.runtime.prod.js:12:150373) {
  digest: '785353560'
}

Error occurred prerendering page "/locations/al-baha/factory-industry". Read more: https://nextjs.org/docs/messages/prerender-error

TypeError: Cannot read properties of undefined (reading 'toLowerCase')
    at b (/Users/ahmedsalem/Desktop/all my projects/uneom.com/.next/server/app/locations/[city]/[industry]/page.js:1:4337)
    at eh (/Users/ahmedsalem/Desktop/all my projects/uneom.com/node_modules/next/dist/compiled/next-server/app-page.runtime.prod.js:12:134660)
    at e (/Users/ahmedsalem/Desktop/all my projects/uneom.com/node_modules/next/dist/compiled/next-server/app-page.runtime.prod.js:12:137545)
    at ek (/Users/ahmedsalem/Desktop/all my projects/uneom.com/node_modules/next/dist/compiled/next-server/app-page.runtime.prod.js:12:138019)
    at Array.toJSON (/Users/ahmedsalem/Desktop/all my projects/uneom.com/node_modules/next/dist/compiled/next-server/app-page.runtime.prod.js:12:135629)
    at stringify (<anonymous>)
    at eP (/Users/ahmedsalem/Desktop/all my projects/uneom.com/node_modules/next/dist/compiled/next-server/app-page.runtime.prod.js:12:142093)
    at eE (/Users/ahmedsalem/Desktop/all my projects/uneom.com/node_modules/next/dist/compiled/next-server/app-page.runtime.prod.js:12:142572)
    at AsyncLocalStorage.run (node:internal/async_local_storage/async_context_frame:63:14)
    at Timeout._onTimeout (/Users/ahmedsalem/Desktop/all my projects/uneom.com/node_modules/next/dist/compiled/next-server/app-page.runtime.prod.js:12:150373)
TypeError: Cannot read properties of undefined (reading 'toLowerCase')
    at Module.y (/Users/ahmedsalem/Desktop/all my projects/uneom.com/.next/server/app/locations/[city]/[industry]/page.js:1:2657)
    at /Users/ahmedsalem/Desktop/all my projects/uneom.com/node_modules/next/dist/compiled/next-server/app-page.runtime.prod.js:12:227525
    at /Users/ahmedsalem/Desktop/all my projects/uneom.com/node_modules/next/dist/server/lib/trace/tracer.js:140:36
    at NoopContextManager.with (/Users/ahmedsalem/Desktop/all my projects/uneom.com/node_modules/next/dist/compiled/@opentelemetry/api/index.js:1:7062)
    at ContextAPI.with (/Users/ahmedsalem/Desktop/all my projects/uneom.com/node_modules/next/dist/compiled/@opentelemetry/api/index.js:1:518)
    at NoopTracer.startActiveSpan (/Users/ahmedsalem/Desktop/all my projects/uneom.com/node_modules/next/dist/compiled/@opentelemetry/api/index.js:1:18093)
    at ProxyTracer.startActiveSpan (/Users/ahmedsalem/Desktop/all my projects/uneom.com/node_modules/next/dist/compiled/@opentelemetry/api/index.js:1:18854)
    at /Users/ahmedsalem/Desktop/all my projects/uneom.com/node_modules/next/dist/server/lib/trace/tracer.js:122:103
    at NoopContextManager.with (/Users/ahmedsalem/Desktop/all my projects/uneom.com/node_modules/next/dist/compiled/@opentelemetry/api/index.js:1:7062)
    at ContextAPI.with (/Users/ahmedsalem/Desktop/all my projects/uneom.com/node_modules/next/dist/compiled/@opentelemetry/api/index.js:1:518) {
  digest: '2592674761'
}
TypeError: Cannot read properties of undefined (reading 'toLowerCase')
    at b (/Users/ahmedsalem/Desktop/all my projects/uneom.com/.next/server/app/locations/[city]/[industry]/page.js:1:4337)
    at eh (/Users/ahmedsalem/Desktop/all my projects/uneom.com/node_modules/next/dist/compiled/next-server/app-page.runtime.prod.js:12:134660)
    at e (/Users/ahmedsalem/Desktop/all my projects/uneom.com/node_modules/next/dist/compiled/next-server/app-page.runtime.prod.js:12:137545)
    at ek (/Users/ahmedsalem/Desktop/all my projects/uneom.com/node_modules/next/dist/compiled/next-server/app-page.runtime.prod.js:12:138019)
    at Array.toJSON (/Users/ahmedsalem/Desktop/all my projects/uneom.com/node_modules/next/dist/compiled/next-server/app-page.runtime.prod.js:12:135629)
    at stringify (<anonymous>)
    at eP (/Users/ahmedsalem/Desktop/all my projects/uneom.com/node_modules/next/dist/compiled/next-server/app-page.runtime.prod.js:12:142093)
    at eE (/Users/ahmedsalem/Desktop/all my projects/uneom.com/node_modules/next/dist/compiled/next-server/app-page.runtime.prod.js:12:142572)
    at Timeout._onTimeout (/Users/ahmedsalem/Desktop/all my projects/uneom.com/node_modules/next/dist/compiled/next-server/app-page.runtime.prod.js:12:135349)
    at listOnTimeout (node:internal/timers:605:17) {
  digest: '2151575143'
}
TypeError: Cannot read properties of undefined (reading 'toLowerCase')
    at b (/Users/ahmedsalem/Desktop/all my projects/uneom.com/.next/server/app/locations/[city]/[industry]/page.js:1:4337)
    at eh (/Users/ahmedsalem/Desktop/all my projects/uneom.com/node_modules/next/dist/compiled/next-server/app-page.runtime.prod.js:12:134660)
    at e (/Users/ahmedsalem/Desktop/all my projects/uneom.com/node_modules/next/dist/compiled/next-server/app-page.runtime.prod.js:12:137545)
    at ek (/Users/ahmedsalem/Desktop/all my projects/uneom.com/node_modules/next/dist/compiled/next-server/app-page.runtime.prod.js:12:138019)
    at Array.toJSON (/Users/ahmedsalem/Desktop/all my projects/uneom.com/node_modules/next/dist/compiled/next-server/app-page.runtime.prod.js:12:135629)
    at stringify (<anonymous>)
    at eP (/Users/ahmedsalem/Desktop/all my projects/uneom.com/node_modules/next/dist/compiled/next-server/app-page.runtime.prod.js:12:142093)
    at eE (/Users/ahmedsalem/Desktop/all my projects/uneom.com/node_modules/next/dist/compiled/next-server/app-page.runtime.prod.js:12:142572)
    at Timeout._onTimeout (/Users/ahmedsalem/Desktop/all my projects/uneom.com/node_modules/next/dist/compiled/next-server/app-page.runtime.prod.js:12:135349)
    at listOnTimeout (node:internal/timers:605:17) {
  digest: '2151575143'
}
TypeError: Cannot read properties of undefined (reading 'toLowerCase')
    at b (/Users/ahmedsalem/Desktop/all my projects/uneom.com/.next/server/app/locations/[city]/[industry]/page.js:1:4337)
    at eh (/Users/ahmedsalem/Desktop/all my projects/uneom.com/node_modules/next/dist/compiled/next-server/app-page.runtime.prod.js:12:134660)
    at e (/Users/ahmedsalem/Desktop/all my projects/uneom.com/node_modules/next/dist/compiled/next-server/app-page.runtime.prod.js:12:137545)
    at ek (/Users/ahmedsalem/Desktop/all my projects/uneom.com/node_modules/next/dist/compiled/next-server/app-page.runtime.prod.js:12:138019)
    at Array.toJSON (/Users/ahmedsalem/Desktop/all my projects/uneom.com/node_modules/next/dist/compiled/next-server/app-page.runtime.prod.js:12:135629)
    at stringify (<anonymous>)
    at eP (/Users/ahmedsalem/Desktop/all my projects/uneom.com/node_modules/next/dist/compiled/next-server/app-page.runtime.prod.js:12:142093)
    at eE (/Users/ahmedsalem/Desktop/all my projects/uneom.com/node_modules/next/dist/compiled/next-server/app-page.runtime.prod.js:12:142572)
    at Timeout._onTimeout (/Users/ahmedsalem/Desktop/all my projects/uneom.com/node_modules/next/dist/compiled/next-server/app-page.runtime.prod.js:12:135349)
    at listOnTimeout (node:internal/timers:605:17) {
  digest: '2151575143'
}
TypeError: Cannot read properties of undefined (reading 'toLowerCase')
    at Module.y (/Users/ahmedsalem/Desktop/all my projects/uneom.com/.next/server/app/locations/[city]/[industry]/page.js:1:2657)
    at /Users/ahmedsalem/Desktop/all my projects/uneom.com/node_modules/next/dist/compiled/next-server/app-page.runtime.prod.js:12:227525
    at /Users/ahmedsalem/Desktop/all my projects/uneom.com/node_modules/next/dist/server/lib/trace/tracer.js:140:36
    at NoopContextManager.with (/Users/ahmedsalem/Desktop/all my projects/uneom.com/node_modules/next/dist/compiled/@opentelemetry/api/index.js:1:7062)
    at ContextAPI.with (/Users/ahmedsalem/Desktop/all my projects/uneom.com/node_modules/next/dist/compiled/@opentelemetry/api/index.js:1:518)
    at NoopTracer.startActiveSpan (/Users/ahmedsalem/Desktop/all my projects/uneom.com/node_modules/next/dist/compiled/@opentelemetry/api/index.js:1:18093)
    at ProxyTracer.startActiveSpan (/Users/ahmedsalem/Desktop/all my projects/uneom.com/node_modules/next/dist/compiled/@opentelemetry/api/index.js:1:18854)
    at /Users/ahmedsalem/Desktop/all my projects/uneom.com/node_modules/next/dist/server/lib/trace/tracer.js:122:103
    at NoopContextManager.with (/Users/ahmedsalem/Desktop/all my projects/uneom.com/node_modules/next/dist/compiled/@opentelemetry/api/index.js:1:7062)
    at ContextAPI.with (/Users/ahmedsalem/Desktop/all my projects/uneom.com/node_modules/next/dist/compiled/@opentelemetry/api/index.js:1:518) {
  digest: '2592674761'
}
TypeError: Cannot read properties of undefined (reading 'toLowerCase')
    at Module.y (/Users/ahmedsalem/Desktop/all my projects/uneom.com/.next/server/app/locations/[city]/[industry]/page.js:1:2657)
    at /Users/ahmedsalem/Desktop/all my projects/uneom.com/node_modules/next/dist/compiled/next-server/app-page.runtime.prod.js:12:227525
    at /Users/ahmedsalem/Desktop/all my projects/uneom.com/node_modules/next/dist/server/lib/trace/tracer.js:140:36
    at NoopContextManager.with (/Users/ahmedsalem/Desktop/all my projects/uneom.com/node_modules/next/dist/compiled/@opentelemetry/api/index.js:1:7062)
    at ContextAPI.with (/Users/ahmedsalem/Desktop/all my projects/uneom.com/node_modules/next/dist/compiled/@opentelemetry/api/index.js:1:518)
    at NoopTracer.startActiveSpan (/Users/ahmedsalem/Desktop/all my projects/uneom.com/node_modules/next/dist/compiled/@opentelemetry/api/index.js:1:18093)
    at ProxyTracer.startActiveSpan (/Users/ahmedsalem/Desktop/all my projects/uneom.com/node_modules/next/dist/compiled/@opentelemetry/api/index.js:1:18854)
    at /Users/ahmedsalem/Desktop/all my projects/uneom.com/node_modules/next/dist/server/lib/trace/tracer.js:122:103
    at NoopContextManager.with (/Users/ahmedsalem/Desktop/all my projects/uneom.com/node_modules/next/dist/compiled/@opentelemetry/api/index.js:1:7062)
    at ContextAPI.with (/Users/ahmedsalem/Desktop/all my projects/uneom.com/node_modules/next/dist/compiled/@opentelemetry/api/index.js:1:518) {
  digest: '2592674761'
}
TypeError: Cannot read properties of undefined (reading 'toLowerCase')
    at Module.y (/Users/ahmedsalem/Desktop/all my projects/uneom.com/.next/server/app/locations/[city]/[industry]/page.js:1:2657)
    at /Users/ahmedsalem/Desktop/all my projects/uneom.com/node_modules/next/dist/compiled/next-server/app-page.runtime.prod.js:12:227525
    at /Users/ahmedsalem/Desktop/all my projects/uneom.com/node_modules/next/dist/server/lib/trace/tracer.js:140:36
    at NoopContextManager.with (/Users/ahmedsalem/Desktop/all my projects/uneom.com/node_modules/next/dist/compiled/@opentelemetry/api/index.js:1:7062)
    at ContextAPI.with (/Users/ahmedsalem/Desktop/all my projects/uneom.com/node_modules/next/dist/compiled/@opentelemetry/api/index.js:1:518)
    at NoopTracer.startActiveSpan (/Users/ahmedsalem/Desktop/all my projects/uneom.com/node_modules/next/dist/compiled/@opentelemetry/api/index.js:1:18093)
    at ProxyTracer.startActiveSpan (/Users/ahmedsalem/Desktop/all my projects/uneom.com/node_modules/next/dist/compiled/@opentelemetry/api/index.js:1:18854)
    at /Users/ahmedsalem/Desktop/all my projects/uneom.com/node_modules/next/dist/server/lib/trace/tracer.js:122:103
    at NoopContextManager.with (/Users/ahmedsalem/Desktop/all my projects/uneom.com/node_modules/next/dist/compiled/@opentelemetry/api/index.js:1:7062)
    at ContextAPI.with (/Users/ahmedsalem/Desktop/all my projects/uneom.com/node_modules/next/dist/compiled/@opentelemetry/api/index.js:1:518) {
  digest: '2592674761'
}
TypeError: Cannot read properties of undefined (reading 'toLowerCase')
    at b (/Users/ahmedsalem/Desktop/all my projects/uneom.com/.next/server/app/locations/[city]/[industry]/page.js:1:4337)
    at eh (/Users/ahmedsalem/Desktop/all my projects/uneom.com/node_modules/next/dist/compiled/next-server/app-page.runtime.prod.js:12:134660)
    at e (/Users/ahmedsalem/Desktop/all my projects/uneom.com/node_modules/next/dist/compiled/next-server/app-page.runtime.prod.js:12:137545)
    at ek (/Users/ahmedsalem/Desktop/all my projects/uneom.com/node_modules/next/dist/compiled/next-server/app-page.runtime.prod.js:12:138019)
    at Array.toJSON (/Users/ahmedsalem/Desktop/all my projects/uneom.com/node_modules/next/dist/compiled/next-server/app-page.runtime.prod.js:12:135629)
    at stringify (<anonymous>)
    at eP (/Users/ahmedsalem/Desktop/all my projects/uneom.com/node_modules/next/dist/compiled/next-server/app-page.runtime.prod.js:12:142093)
    at eE (/Users/ahmedsalem/Desktop/all my projects/uneom.com/node_modules/next/dist/compiled/next-server/app-page.runtime.prod.js:12:142572)
    at AsyncLocalStorage.run (node:internal/async_local_storage/async_context_frame:63:14)
    at Timeout._onTimeout (/Users/ahmedsalem/Desktop/all my projects/uneom.com/node_modules/next/dist/compiled/next-server/app-page.runtime.prod.js:12:150373) {
  digest: '785353560'
}
TypeError: Cannot read properties of undefined (reading 'toLowerCase')
    at Module.y (/Users/ahmedsalem/Desktop/all my projects/uneom.com/.next/server/app/locations/[city]/[industry]/page.js:1:2657)
    at /Users/ahmedsalem/Desktop/all my projects/uneom.com/node_modules/next/dist/compiled/next-server/app-page.runtime.prod.js:12:227525
    at /Users/ahmedsalem/Desktop/all my projects/uneom.com/node_modules/next/dist/server/lib/trace/tracer.js:140:36
    at NoopContextManager.with (/Users/ahmedsalem/Desktop/all my projects/uneom.com/node_modules/next/dist/compiled/@opentelemetry/api/index.js:1:7062)
    at ContextAPI.with (/Users/ahmedsalem/Desktop/all my projects/uneom.com/node_modules/next/dist/compiled/@opentelemetry/api/index.js:1:518)
    at NoopTracer.startActiveSpan (/Users/ahmedsalem/Desktop/all my projects/uneom.com/node_modules/next/dist/compiled/@opentelemetry/api/index.js:1:18093)
    at ProxyTracer.startActiveSpan (/Users/ahmedsalem/Desktop/all my projects/uneom.com/node_modules/next/dist/compiled/@opentelemetry/api/index.js:1:18854)
    at /Users/ahmedsalem/Desktop/all my projects/uneom.com/node_modules/next/dist/server/lib/trace/tracer.js:122:103
    at NoopContextManager.with (/Users/ahmedsalem/Desktop/all my projects/uneom.com/node_modules/next/dist/compiled/@opentelemetry/api/index.js:1:7062)
    at ContextAPI.with (/Users/ahmedsalem/Desktop/all my projects/uneom.com/node_modules/next/dist/compiled/@opentelemetry/api/index.js:1:518) {
  digest: '2592674761'
}
TypeError: Cannot read properties of undefined (reading 'toLowerCase')
    at Module.y (/Users/ahmedsalem/Desktop/all my projects/uneom.com/.next/server/app/locations/[city]/[industry]/page.js:1:2657)
    at /Users/ahmedsalem/Desktop/all my projects/uneom.com/node_modules/next/dist/compiled/next-server/app-page.runtime.prod.js:12:227525
    at /Users/ahmedsalem/Desktop/all my projects/uneom.com/node_modules/next/dist/server/lib/trace/tracer.js:140:36
    at NoopContextManager.with (/Users/ahmedsalem/Desktop/all my projects/uneom.com/node_modules/next/dist/compiled/@opentelemetry/api/index.js:1:7062)
    at ContextAPI.with (/Users/ahmedsalem/Desktop/all my projects/uneom.com/node_modules/next/dist/compiled/@opentelemetry/api/index.js:1:518)
    at NoopTracer.startActiveSpan (/Users/ahmedsalem/Desktop/all my projects/uneom.com/node_modules/next/dist/compiled/@opentelemetry/api/index.js:1:18093)
    at ProxyTracer.startActiveSpan (/Users/ahmedsalem/Desktop/all my projects/uneom.com/node_modules/next/dist/compiled/@opentelemetry/api/index.js:1:18854)
    at /Users/ahmedsalem/Desktop/all my projects/uneom.com/node_modules/next/dist/server/lib/trace/tracer.js:122:103
    at NoopContextManager.with (/Users/ahmedsalem/Desktop/all my projects/uneom.com/node_modules/next/dist/compiled/@opentelemetry/api/index.js:1:7062)
    at ContextAPI.with (/Users/ahmedsalem/Desktop/all my projects/uneom.com/node_modules/next/dist/compiled/@opentelemetry/api/index.js:1:518) {
  digest: '2592674761'
}
TypeError: Cannot read properties of undefined (reading 'toLowerCase')
    at Module.y (/Users/ahmedsalem/Desktop/all my projects/uneom.com/.next/server/app/locations/[city]/[industry]/page.js:1:2657)
    at /Users/ahmedsalem/Desktop/all my projects/uneom.com/node_modules/next/dist/compiled/next-server/app-page.runtime.prod.js:12:227525
    at /Users/ahmedsalem/Desktop/all my projects/uneom.com/node_modules/next/dist/server/lib/trace/tracer.js:140:36
    at NoopContextManager.with (/Users/ahmedsalem/Desktop/all my projects/uneom.com/node_modules/next/dist/compiled/@opentelemetry/api/index.js:1:7062)
    at ContextAPI.with (/Users/ahmedsalem/Desktop/all my projects/uneom.com/node_modules/next/dist/compiled/@opentelemetry/api/index.js:1:518)
    at NoopTracer.startActiveSpan (/Users/ahmedsalem/Desktop/all my projects/uneom.com/node_modules/next/dist/compiled/@opentelemetry/api/index.js:1:18093)
    at ProxyTracer.startActiveSpan (/Users/ahmedsalem/Desktop/all my projects/uneom.com/node_modules/next/dist/compiled/@opentelemetry/api/index.js:1:18854)
    at /Users/ahmedsalem/Desktop/all my projects/uneom.com/node_modules/next/dist/server/lib/trace/tracer.js:122:103
    at NoopContextManager.with (/Users/ahmedsalem/Desktop/all my projects/uneom.com/node_modules/next/dist/compiled/@opentelemetry/api/index.js:1:7062)
    at ContextAPI.with (/Users/ahmedsalem/Desktop/all my projects/uneom.com/node_modules/next/dist/compiled/@opentelemetry/api/index.js:1:518) {
  digest: '2592674761'
}
TypeError: Cannot read properties of undefined (reading 'toLowerCase')
    at b (/Users/ahmedsalem/Desktop/all my projects/uneom.com/.next/server/app/locations/[city]/[industry]/page.js:1:4337)
    at eh (/Users/ahmedsalem/Desktop/all my projects/uneom.com/node_modules/next/dist/compiled/next-server/app-page.runtime.prod.js:12:134660)
    at e (/Users/ahmedsalem/Desktop/all my projects/uneom.com/node_modules/next/dist/compiled/next-server/app-page.runtime.prod.js:12:137545)
    at ek (/Users/ahmedsalem/Desktop/all my projects/uneom.com/node_modules/next/dist/compiled/next-server/app-page.runtime.prod.js:12:138019)
    at Array.toJSON (/Users/ahmedsalem/Desktop/all my projects/uneom.com/node_modules/next/dist/compiled/next-server/app-page.runtime.prod.js:12:135629)
    at stringify (<anonymous>)
    at eP (/Users/ahmedsalem/Desktop/all my projects/uneom.com/node_modules/next/dist/compiled/next-server/app-page.runtime.prod.js:12:142093)
    at eE (/Users/ahmedsalem/Desktop/all my projects/uneom.com/node_modules/next/dist/compiled/next-server/app-page.runtime.prod.js:12:142572)
    at AsyncLocalStorage.run (node:internal/async_local_storage/async_context_frame:63:14)
    at Timeout._onTimeout (/Users/ahmedsalem/Desktop/all my projects/uneom.com/node_modules/next/dist/compiled/next-server/app-page.runtime.prod.js:12:150373) {
  digest: '785353560'
}
TypeError: Cannot read properties of undefined (reading 'toLowerCase')
    at b (/Users/ahmedsalem/Desktop/all my projects/uneom.com/.next/server/app/locations/[city]/[industry]/page.js:1:4337)
    at eh (/Users/ahmedsalem/Desktop/all my projects/uneom.com/node_modules/next/dist/compiled/next-server/app-page.runtime.prod.js:12:134660)
    at e (/Users/ahmedsalem/Desktop/all my projects/uneom.com/node_modules/next/dist/compiled/next-server/app-page.runtime.prod.js:12:137545)
    at ek (/Users/ahmedsalem/Desktop/all my projects/uneom.com/node_modules/next/dist/compiled/next-server/app-page.runtime.prod.js:12:138019)
    at Array.toJSON (/Users/ahmedsalem/Desktop/all my projects/uneom.com/node_modules/next/dist/compiled/next-server/app-page.runtime.prod.js:12:135629)
    at stringify (<anonymous>)
    at eP (/Users/ahmedsalem/Desktop/all my projects/uneom.com/node_modules/next/dist/compiled/next-server/app-page.runtime.prod.js:12:142093)
    at eE (/Users/ahmedsalem/Desktop/all my projects/uneom.com/node_modules/next/dist/compiled/next-server/app-page.runtime.prod.js:12:142572)
    at Timeout._onTimeout (/Users/ahmedsalem/Desktop/all my projects/uneom.com/node_modules/next/dist/compiled/next-server/app-page.runtime.prod.js:12:135349)
    at listOnTimeout (node:internal/timers:605:17) {
  digest: '2151575143'
}

Error occurred prerendering page "/locations/al-baha/retail-shops". Read more: https://nextjs.org/docs/messages/prerender-error

TypeError: Cannot read properties of undefined (reading 'toLowerCase')
    at b (/Users/ahmedsalem/Desktop/all my projects/uneom.com/.next/server/app/locations/[city]/[industry]/page.js:1:4337)
    at eh (/Users/ahmedsalem/Desktop/all my projects/uneom.com/node_modules/next/dist/compiled/next-server/app-page.runtime.prod.js:12:134660)
    at e (/Users/ahmedsalem/Desktop/all my projects/uneom.com/node_modules/next/dist/compiled/next-server/app-page.runtime.prod.js:12:137545)
    at ek (/Users/ahmedsalem/Desktop/all my projects/uneom.com/node_modules/next/dist/compiled/next-server/app-page.runtime.prod.js:12:138019)
    at Array.toJSON (/Users/ahmedsalem/Desktop/all my projects/uneom.com/node_modules/next/dist/compiled/next-server/app-page.runtime.prod.js:12:135629)
    at stringify (<anonymous>)
    at eP (/Users/ahmedsalem/Desktop/all my projects/uneom.com/node_modules/next/dist/compiled/next-server/app-page.runtime.prod.js:12:142093)
    at eE (/Users/ahmedsalem/Desktop/all my projects/uneom.com/node_modules/next/dist/compiled/next-server/app-page.runtime.prod.js:12:142572)
    at AsyncLocalStorage.run (node:internal/async_local_storage/async_context_frame:63:14)
    at Timeout._onTimeout (/Users/ahmedsalem/Desktop/all my projects/uneom.com/node_modules/next/dist/compiled/next-server/app-page.runtime.prod.js:12:150373)
TypeError: Cannot read properties of undefined (reading 'toLowerCase')
    at b (/Users/ahmedsalem/Desktop/all my projects/uneom.com/.next/server/app/locations/[city]/[industry]/page.js:1:4337)
    at eh (/Users/ahmedsalem/Desktop/all my projects/uneom.com/node_modules/next/dist/compiled/next-server/app-page.runtime.prod.js:12:134660)
    at e (/Users/ahmedsalem/Desktop/all my projects/uneom.com/node_modules/next/dist/compiled/next-server/app-page.runtime.prod.js:12:137545)
    at ek (/Users/ahmedsalem/Desktop/all my projects/uneom.com/node_modules/next/dist/compiled/next-server/app-page.runtime.prod.js:12:138019)
    at Array.toJSON (/Users/ahmedsalem/Desktop/all my projects/uneom.com/node_modules/next/dist/compiled/next-server/app-page.runtime.prod.js:12:135629)
    at stringify (<anonymous>)
    at eP (/Users/ahmedsalem/Desktop/all my projects/uneom.com/node_modules/next/dist/compiled/next-server/app-page.runtime.prod.js:12:142093)
    at eE (/Users/ahmedsalem/Desktop/all my projects/uneom.com/node_modules/next/dist/compiled/next-server/app-page.runtime.prod.js:12:142572)
    at Timeout._onTimeout (/Users/ahmedsalem/Desktop/all my projects/uneom.com/node_modules/next/dist/compiled/next-server/app-page.runtime.prod.js:12:135349)
    at listOnTimeout (node:internal/timers:605:17) {
  digest: '2151575143'
}
TypeError: Cannot read properties of undefined (reading 'toLowerCase')
    at Module.y (/Users/ahmedsalem/Desktop/all my projects/uneom.com/.next/server/app/locations/[city]/[industry]/page.js:1:2657)
    at /Users/ahmedsalem/Desktop/all my projects/uneom.com/node_modules/next/dist/compiled/next-server/app-page.runtime.prod.js:12:227525
    at /Users/ahmedsalem/Desktop/all my projects/uneom.com/node_modules/next/dist/server/lib/trace/tracer.js:140:36
    at NoopContextManager.with (/Users/ahmedsalem/Desktop/all my projects/uneom.com/node_modules/next/dist/compiled/@opentelemetry/api/index.js:1:7062)
    at ContextAPI.with (/Users/ahmedsalem/Desktop/all my projects/uneom.com/node_modules/next/dist/compiled/@opentelemetry/api/index.js:1:518)
    at NoopTracer.startActiveSpan (/Users/ahmedsalem/Desktop/all my projects/uneom.com/node_modules/next/dist/compiled/@opentelemetry/api/index.js:1:18093)
    at ProxyTracer.startActiveSpan (/Users/ahmedsalem/Desktop/all my projects/uneom.com/node_modules/next/dist/compiled/@opentelemetry/api/index.js:1:18854)
    at /Users/ahmedsalem/Desktop/all my projects/uneom.com/node_modules/next/dist/server/lib/trace/tracer.js:122:103
    at NoopContextManager.with (/Users/ahmedsalem/Desktop/all my projects/uneom.com/node_modules/next/dist/compiled/@opentelemetry/api/index.js:1:7062)
    at ContextAPI.with (/Users/ahmedsalem/Desktop/all my projects/uneom.com/node_modules/next/dist/compiled/@opentelemetry/api/index.js:1:518) {
  digest: '2592674761'
}
TypeError: Cannot read properties of undefined (reading 'toLowerCase')
    at Module.y (/Users/ahmedsalem/Desktop/all my projects/uneom.com/.next/server/app/locations/[city]/[industry]/page.js:1:2657)
    at /Users/ahmedsalem/Desktop/all my projects/uneom.com/node_modules/next/dist/compiled/next-server/app-page.runtime.prod.js:12:227525
    at /Users/ahmedsalem/Desktop/all my projects/uneom.com/node_modules/next/dist/server/lib/trace/tracer.js:140:36
    at NoopContextManager.with (/Users/ahmedsalem/Desktop/all my projects/uneom.com/node_modules/next/dist/compiled/@opentelemetry/api/index.js:1:7062)
    at ContextAPI.with (/Users/ahmedsalem/Desktop/all my projects/uneom.com/node_modules/next/dist/compiled/@opentelemetry/api/index.js:1:518)
    at NoopTracer.startActiveSpan (/Users/ahmedsalem/Desktop/all my projects/uneom.com/node_modules/next/dist/compiled/@opentelemetry/api/index.js:1:18093)
    at ProxyTracer.startActiveSpan (/Users/ahmedsalem/Desktop/all my projects/uneom.com/node_modules/next/dist/compiled/@opentelemetry/api/index.js:1:18854)
    at /Users/ahmedsalem/Desktop/all my projects/uneom.com/node_modules/next/dist/server/lib/trace/tracer.js:122:103
    at NoopContextManager.with (/Users/ahmedsalem/Desktop/all my projects/uneom.com/node_modules/next/dist/compiled/@opentelemetry/api/index.js:1:7062)
    at ContextAPI.with (/Users/ahmedsalem/Desktop/all my projects/uneom.com/node_modules/next/dist/compiled/@opentelemetry/api/index.js:1:518) {
  digest: '2592674761'
}
TypeError: Cannot read properties of undefined (reading 'toLowerCase')
    at Module.y (/Users/ahmedsalem/Desktop/all my projects/uneom.com/.next/server/app/locations/[city]/[industry]/page.js:1:2657)
    at /Users/ahmedsalem/Desktop/all my projects/uneom.com/node_modules/next/dist/compiled/next-server/app-page.runtime.prod.js:12:227525
    at /Users/ahmedsalem/Desktop/all my projects/uneom.com/node_modules/next/dist/server/lib/trace/tracer.js:140:36
    at NoopContextManager.with (/Users/ahmedsalem/Desktop/all my projects/uneom.com/node_modules/next/dist/compiled/@opentelemetry/api/index.js:1:7062)
    at ContextAPI.with (/Users/ahmedsalem/Desktop/all my projects/uneom.com/node_modules/next/dist/compiled/@opentelemetry/api/index.js:1:518)
    at NoopTracer.startActiveSpan (/Users/ahmedsalem/Desktop/all my projects/uneom.com/node_modules/next/dist/compiled/@opentelemetry/api/index.js:1:18093)
    at ProxyTracer.startActiveSpan (/Users/ahmedsalem/Desktop/all my projects/uneom.com/node_modules/next/dist/compiled/@opentelemetry/api/index.js:1:18854)
    at /Users/ahmedsalem/Desktop/all my projects/uneom.com/node_modules/next/dist/server/lib/trace/tracer.js:122:103
    at NoopContextManager.with (/Users/ahmedsalem/Desktop/all my projects/uneom.com/node_modules/next/dist/compiled/@opentelemetry/api/index.js:1:7062)
    at ContextAPI.with (/Users/ahmedsalem/Desktop/all my projects/uneom.com/node_modules/next/dist/compiled/@opentelemetry/api/index.js:1:518) {
  digest: '2592674761'
}
TypeError: Cannot read properties of undefined (reading 'toLowerCase')
    at Module.y (/Users/ahmedsalem/Desktop/all my projects/uneom.com/.next/server/app/locations/[city]/[industry]/page.js:1:2657)
    at /Users/ahmedsalem/Desktop/all my projects/uneom.com/node_modules/next/dist/compiled/next-server/app-page.runtime.prod.js:12:227525
    at /Users/ahmedsalem/Desktop/all my projects/uneom.com/node_modules/next/dist/server/lib/trace/tracer.js:140:36
    at NoopContextManager.with (/Users/ahmedsalem/Desktop/all my projects/uneom.com/node_modules/next/dist/compiled/@opentelemetry/api/index.js:1:7062)
    at ContextAPI.with (/Users/ahmedsalem/Desktop/all my projects/uneom.com/node_modules/next/dist/compiled/@opentelemetry/api/index.js:1:518)
    at NoopTracer.startActiveSpan (/Users/ahmedsalem/Desktop/all my projects/uneom.com/node_modules/next/dist/compiled/@opentelemetry/api/index.js:1:18093)
    at ProxyTracer.startActiveSpan (/Users/ahmedsalem/Desktop/all my projects/uneom.com/node_modules/next/dist/compiled/@opentelemetry/api/index.js:1:18854)
    at /Users/ahmedsalem/Desktop/all my projects/uneom.com/node_modules/next/dist/server/lib/trace/tracer.js:122:103
    at NoopContextManager.with (/Users/ahmedsalem/Desktop/all my projects/uneom.com/node_modules/next/dist/compiled/@opentelemetry/api/index.js:1:7062)
    at ContextAPI.with (/Users/ahmedsalem/Desktop/all my projects/uneom.com/node_modules/next/dist/compiled/@opentelemetry/api/index.js:1:518) {
  digest: '2592674761'
}

Error occurred prerendering page "/locations/al-baha/supply-manufacturing". Read more: https://nextjs.org/docs/messages/prerender-error

TypeError: Cannot read properties of undefined (reading 'toLowerCase')
    at b (/Users/ahmedsalem/Desktop/all my projects/uneom.com/.next/server/app/locations/[city]/[industry]/page.js:1:4337)
    at eh (/Users/ahmedsalem/Desktop/all my projects/uneom.com/node_modules/next/dist/compiled/next-server/app-page.runtime.prod.js:12:134660)
    at e (/Users/ahmedsalem/Desktop/all my projects/uneom.com/node_modules/next/dist/compiled/next-server/app-page.runtime.prod.js:12:137545)
    at ek (/Users/ahmedsalem/Desktop/all my projects/uneom.com/node_modules/next/dist/compiled/next-server/app-page.runtime.prod.js:12:138019)
    at Array.toJSON (/Users/ahmedsalem/Desktop/all my projects/uneom.com/node_modules/next/dist/compiled/next-server/app-page.runtime.prod.js:12:135629)
    at stringify (<anonymous>)
    at eP (/Users/ahmedsalem/Desktop/all my projects/uneom.com/node_modules/next/dist/compiled/next-server/app-page.runtime.prod.js:12:142093)
    at eE (/Users/ahmedsalem/Desktop/all my projects/uneom.com/node_modules/next/dist/compiled/next-server/app-page.runtime.prod.js:12:142572)
    at AsyncLocalStorage.run (node:internal/async_local_storage/async_context_frame:63:14)
    at Timeout._onTimeout (/Users/ahmedsalem/Desktop/all my projects/uneom.com/node_modules/next/dist/compiled/next-server/app-page.runtime.prod.js:12:150373)

Error occurred prerendering page "/locations/wadi-al-dawasir/healthcare". Read more: https://nextjs.org/docs/messages/prerender-error

TypeError: Cannot read properties of undefined (reading 'toLowerCase')
    at b (/Users/ahmedsalem/Desktop/all my projects/uneom.com/.next/server/app/locations/[city]/[industry]/page.js:1:4337)
    at eh (/Users/ahmedsalem/Desktop/all my projects/uneom.com/node_modules/next/dist/compiled/next-server/app-page.runtime.prod.js:12:134660)
    at e (/Users/ahmedsalem/Desktop/all my projects/uneom.com/node_modules/next/dist/compiled/next-server/app-page.runtime.prod.js:12:137545)
    at ek (/Users/ahmedsalem/Desktop/all my projects/uneom.com/node_modules/next/dist/compiled/next-server/app-page.runtime.prod.js:12:138019)
    at Array.toJSON (/Users/ahmedsalem/Desktop/all my projects/uneom.com/node_modules/next/dist/compiled/next-server/app-page.runtime.prod.js:12:135629)
    at stringify (<anonymous>)
    at eP (/Users/ahmedsalem/Desktop/all my projects/uneom.com/node_modules/next/dist/compiled/next-server/app-page.runtime.prod.js:12:142093)
    at eE (/Users/ahmedsalem/Desktop/all my projects/uneom.com/node_modules/next/dist/compiled/next-server/app-page.runtime.prod.js:12:142572)
    at AsyncLocalStorage.run (node:internal/async_local_storage/async_context_frame:63:14)
    at Timeout._onTimeout (/Users/ahmedsalem/Desktop/all my projects/uneom.com/node_modules/next/dist/compiled/next-server/app-page.runtime.prod.js:12:150373)
TypeError: Cannot read properties of undefined (reading 'toLowerCase')
    at Module.y (/Users/ahmedsalem/Desktop/all my projects/uneom.com/.next/server/app/locations/[city]/[industry]/page.js:1:2657)
    at /Users/ahmedsalem/Desktop/all my projects/uneom.com/node_modules/next/dist/compiled/next-server/app-page.runtime.prod.js:12:227525
    at /Users/ahmedsalem/Desktop/all my projects/uneom.com/node_modules/next/dist/server/lib/trace/tracer.js:140:36
    at NoopContextManager.with (/Users/ahmedsalem/Desktop/all my projects/uneom.com/node_modules/next/dist/compiled/@opentelemetry/api/index.js:1:7062)
    at ContextAPI.with (/Users/ahmedsalem/Desktop/all my projects/uneom.com/node_modules/next/dist/compiled/@opentelemetry/api/index.js:1:518)
    at NoopTracer.startActiveSpan (/Users/ahmedsalem/Desktop/all my projects/uneom.com/node_modules/next/dist/compiled/@opentelemetry/api/index.js:1:18093)
    at ProxyTracer.startActiveSpan (/Users/ahmedsalem/Desktop/all my projects/uneom.com/node_modules/next/dist/compiled/@opentelemetry/api/index.js:1:18854)
    at /Users/ahmedsalem/Desktop/all my projects/uneom.com/node_modules/next/dist/server/lib/trace/tracer.js:122:103
    at NoopContextManager.with (/Users/ahmedsalem/Desktop/all my projects/uneom.com/node_modules/next/dist/compiled/@opentelemetry/api/index.js:1:7062)
    at ContextAPI.with (/Users/ahmedsalem/Desktop/all my projects/uneom.com/node_modules/next/dist/compiled/@opentelemetry/api/index.js:1:518) {
  digest: '2592674761'
}
TypeError: Cannot read properties of undefined (reading 'toLowerCase')
    at Module.y (/Users/ahmedsalem/Desktop/all my projects/uneom.com/.next/server/app/locations/[city]/[industry]/page.js:1:2657)
    at /Users/ahmedsalem/Desktop/all my projects/uneom.com/node_modules/next/dist/compiled/next-server/app-page.runtime.prod.js:12:227525
    at /Users/ahmedsalem/Desktop/all my projects/uneom.com/node_modules/next/dist/server/lib/trace/tracer.js:140:36
    at NoopContextManager.with (/Users/ahmedsalem/Desktop/all my projects/uneom.com/node_modules/next/dist/compiled/@opentelemetry/api/index.js:1:7062)
    at ContextAPI.with (/Users/ahmedsalem/Desktop/all my projects/uneom.com/node_modules/next/dist/compiled/@opentelemetry/api/index.js:1:518)
    at NoopTracer.startActiveSpan (/Users/ahmedsalem/Desktop/all my projects/uneom.com/node_modules/next/dist/compiled/@opentelemetry/api/index.js:1:18093)
    at ProxyTracer.startActiveSpan (/Users/ahmedsalem/Desktop/all my projects/uneom.com/node_modules/next/dist/compiled/@opentelemetry/api/index.js:1:18854)
    at /Users/ahmedsalem/Desktop/all my projects/uneom.com/node_modules/next/dist/server/lib/trace/tracer.js:122:103
    at NoopContextManager.with (/Users/ahmedsalem/Desktop/all my projects/uneom.com/node_modules/next/dist/compiled/@opentelemetry/api/index.js:1:7062)
    at ContextAPI.with (/Users/ahmedsalem/Desktop/all my projects/uneom.com/node_modules/next/dist/compiled/@opentelemetry/api/index.js:1:518) {
  digest: '2592674761'
}
TypeError: Cannot read properties of undefined (reading 'toLowerCase')
    at b (/Users/ahmedsalem/Desktop/all my projects/uneom.com/.next/server/app/locations/[city]/[industry]/page.js:1:4337)
    at eh (/Users/ahmedsalem/Desktop/all my projects/uneom.com/node_modules/next/dist/compiled/next-server/app-page.runtime.prod.js:12:134660)
    at e (/Users/ahmedsalem/Desktop/all my projects/uneom.com/node_modules/next/dist/compiled/next-server/app-page.runtime.prod.js:12:137545)
    at ek (/Users/ahmedsalem/Desktop/all my projects/uneom.com/node_modules/next/dist/compiled/next-server/app-page.runtime.prod.js:12:138019)
    at Array.toJSON (/Users/ahmedsalem/Desktop/all my projects/uneom.com/node_modules/next/dist/compiled/next-server/app-page.runtime.prod.js:12:135629)
    at stringify (<anonymous>)
    at eP (/Users/ahmedsalem/Desktop/all my projects/uneom.com/node_modules/next/dist/compiled/next-server/app-page.runtime.prod.js:12:142093)
    at eE (/Users/ahmedsalem/Desktop/all my projects/uneom.com/node_modules/next/dist/compiled/next-server/app-page.runtime.prod.js:12:142572)
    at AsyncLocalStorage.run (node:internal/async_local_storage/async_context_frame:63:14)
    at Timeout._onTimeout (/Users/ahmedsalem/Desktop/all my projects/uneom.com/node_modules/next/dist/compiled/next-server/app-page.runtime.prod.js:12:150373) {
  digest: '785353560'
}

Error occurred prerendering page "/locations/wadi-al-dawasir/aviation". Read more: https://nextjs.org/docs/messages/prerender-error

TypeError: Cannot read properties of undefined (reading 'toLowerCase')
    at b (/Users/ahmedsalem/Desktop/all my projects/uneom.com/.next/server/app/locations/[city]/[industry]/page.js:1:4337)
    at eh (/Users/ahmedsalem/Desktop/all my projects/uneom.com/node_modules/next/dist/compiled/next-server/app-page.runtime.prod.js:12:134660)
    at e (/Users/ahmedsalem/Desktop/all my projects/uneom.com/node_modules/next/dist/compiled/next-server/app-page.runtime.prod.js:12:137545)
    at ek (/Users/ahmedsalem/Desktop/all my projects/uneom.com/node_modules/next/dist/compiled/next-server/app-page.runtime.prod.js:12:138019)
    at Array.toJSON (/Users/ahmedsalem/Desktop/all my projects/uneom.com/node_modules/next/dist/compiled/next-server/app-page.runtime.prod.js:12:135629)
    at stringify (<anonymous>)
    at eP (/Users/ahmedsalem/Desktop/all my projects/uneom.com/node_modules/next/dist/compiled/next-server/app-page.runtime.prod.js:12:142093)
    at eE (/Users/ahmedsalem/Desktop/all my projects/uneom.com/node_modules/next/dist/compiled/next-server/app-page.runtime.prod.js:12:142572)
    at AsyncLocalStorage.run (node:internal/async_local_storage/async_context_frame:63:14)
    at Timeout._onTimeout (/Users/ahmedsalem/Desktop/all my projects/uneom.com/node_modules/next/dist/compiled/next-server/app-page.runtime.prod.js:12:150373)

Error occurred prerendering page "/locations/wadi-al-dawasir/hospitality". Read more: https://nextjs.org/docs/messages/prerender-error

TypeError: Cannot read properties of undefined (reading 'toLowerCase')
    at b (/Users/ahmedsalem/Desktop/all my projects/uneom.com/.next/server/app/locations/[city]/[industry]/page.js:1:4337)
    at eh (/Users/ahmedsalem/Desktop/all my projects/uneom.com/node_modules/next/dist/compiled/next-server/app-page.runtime.prod.js:12:134660)
    at e (/Users/ahmedsalem/Desktop/all my projects/uneom.com/node_modules/next/dist/compiled/next-server/app-page.runtime.prod.js:12:137545)
    at ek (/Users/ahmedsalem/Desktop/all my projects/uneom.com/node_modules/next/dist/compiled/next-server/app-page.runtime.prod.js:12:138019)
    at Array.toJSON (/Users/ahmedsalem/Desktop/all my projects/uneom.com/node_modules/next/dist/compiled/next-server/app-page.runtime.prod.js:12:135629)
    at stringify (<anonymous>)
    at eP (/Users/ahmedsalem/Desktop/all my projects/uneom.com/node_modules/next/dist/compiled/next-server/app-page.runtime.prod.js:12:142093)
    at eE (/Users/ahmedsalem/Desktop/all my projects/uneom.com/node_modules/next/dist/compiled/next-server/app-page.runtime.prod.js:12:142572)
    at AsyncLocalStorage.run (node:internal/async_local_storage/async_context_frame:63:14)
    at Timeout._onTimeout (/Users/ahmedsalem/Desktop/all my projects/uneom.com/node_modules/next/dist/compiled/next-server/app-page.runtime.prod.js:12:150373)
TypeError: Cannot read properties of undefined (reading 'toLowerCase')
    at b (/Users/ahmedsalem/Desktop/all my projects/uneom.com/.next/server/app/locations/[city]/[industry]/page.js:1:4337)
    at eh (/Users/ahmedsalem/Desktop/all my projects/uneom.com/node_modules/next/dist/compiled/next-server/app-page.runtime.prod.js:12:134660)
    at e (/Users/ahmedsalem/Desktop/all my projects/uneom.com/node_modules/next/dist/compiled/next-server/app-page.runtime.prod.js:12:137545)
    at ek (/Users/ahmedsalem/Desktop/all my projects/uneom.com/node_modules/next/dist/compiled/next-server/app-page.runtime.prod.js:12:138019)
    at Array.toJSON (/Users/ahmedsalem/Desktop/all my projects/uneom.com/node_modules/next/dist/compiled/next-server/app-page.runtime.prod.js:12:135629)
    at stringify (<anonymous>)
    at eP (/Users/ahmedsalem/Desktop/all my projects/uneom.com/node_modules/next/dist/compiled/next-server/app-page.runtime.prod.js:12:142093)
    at eE (/Users/ahmedsalem/Desktop/all my projects/uneom.com/node_modules/next/dist/compiled/next-server/app-page.runtime.prod.js:12:142572)
    at Timeout._onTimeout (/Users/ahmedsalem/Desktop/all my projects/uneom.com/node_modules/next/dist/compiled/next-server/app-page.runtime.prod.js:12:135349)
    at listOnTimeout (node:internal/timers:605:17) {
  digest: '2151575143'
}
TypeError: Cannot read properties of undefined (reading 'toLowerCase')
    at b (/Users/ahmedsalem/Desktop/all my projects/uneom.com/.next/server/app/locations/[city]/[industry]/page.js:1:4337)
    at eh (/Users/ahmedsalem/Desktop/all my projects/uneom.com/node_modules/next/dist/compiled/next-server/app-page.runtime.prod.js:12:134660)
    at e (/Users/ahmedsalem/Desktop/all my projects/uneom.com/node_modules/next/dist/compiled/next-server/app-page.runtime.prod.js:12:137545)
    at ek (/Users/ahmedsalem/Desktop/all my projects/uneom.com/node_modules/next/dist/compiled/next-server/app-page.runtime.prod.js:12:138019)
    at Array.toJSON (/Users/ahmedsalem/Desktop/all my projects/uneom.com/node_modules/next/dist/compiled/next-server/app-page.runtime.prod.js:12:135629)
    at stringify (<anonymous>)
    at eP (/Users/ahmedsalem/Desktop/all my projects/uneom.com/node_modules/next/dist/compiled/next-server/app-page.runtime.prod.js:12:142093)
    at eE (/Users/ahmedsalem/Desktop/all my projects/uneom.com/node_modules/next/dist/compiled/next-server/app-page.runtime.prod.js:12:142572)
    at AsyncLocalStorage.run (node:internal/async_local_storage/async_context_frame:63:14)
    at Timeout._onTimeout (/Users/ahmedsalem/Desktop/all my projects/uneom.com/node_modules/next/dist/compiled/next-server/app-page.runtime.prod.js:12:150373) {
  digest: '785353560'
}
TypeError: Cannot read properties of undefined (reading 'toLowerCase')
    at b (/Users/ahmedsalem/Desktop/all my projects/uneom.com/.next/server/app/locations/[city]/[industry]/page.js:1:4337)
    at eh (/Users/ahmedsalem/Desktop/all my projects/uneom.com/node_modules/next/dist/compiled/next-server/app-page.runtime.prod.js:12:134660)
    at e (/Users/ahmedsalem/Desktop/all my projects/uneom.com/node_modules/next/dist/compiled/next-server/app-page.runtime.prod.js:12:137545)
    at ek (/Users/ahmedsalem/Desktop/all my projects/uneom.com/node_modules/next/dist/compiled/next-server/app-page.runtime.prod.js:12:138019)
    at Array.toJSON (/Users/ahmedsalem/Desktop/all my projects/uneom.com/node_modules/next/dist/compiled/next-server/app-page.runtime.prod.js:12:135629)
    at stringify (<anonymous>)
    at eP (/Users/ahmedsalem/Desktop/all my projects/uneom.com/node_modules/next/dist/compiled/next-server/app-page.runtime.prod.js:12:142093)
    at eE (/Users/ahmedsalem/Desktop/all my projects/uneom.com/node_modules/next/dist/compiled/next-server/app-page.runtime.prod.js:12:142572)
    at AsyncLocalStorage.run (node:internal/async_local_storage/async_context_frame:63:14)
    at Timeout._onTimeout (/Users/ahmedsalem/Desktop/all my projects/uneom.com/node_modules/next/dist/compiled/next-server/app-page.runtime.prod.js:12:150373) {
  digest: '785353560'
}

Error occurred prerendering page "/locations/wadi-al-dawasir/education". Read more: https://nextjs.org/docs/messages/prerender-error

TypeError: Cannot read properties of undefined (reading 'toLowerCase')
    at b (/Users/ahmedsalem/Desktop/all my projects/uneom.com/.next/server/app/locations/[city]/[industry]/page.js:1:4337)
    at eh (/Users/ahmedsalem/Desktop/all my projects/uneom.com/node_modules/next/dist/compiled/next-server/app-page.runtime.prod.js:12:134660)
    at e (/Users/ahmedsalem/Desktop/all my projects/uneom.com/node_modules/next/dist/compiled/next-server/app-page.runtime.prod.js:12:137545)
    at ek (/Users/ahmedsalem/Desktop/all my projects/uneom.com/node_modules/next/dist/compiled/next-server/app-page.runtime.prod.js:12:138019)
    at Array.toJSON (/Users/ahmedsalem/Desktop/all my projects/uneom.com/node_modules/next/dist/compiled/next-server/app-page.runtime.prod.js:12:135629)
    at stringify (<anonymous>)
    at eP (/Users/ahmedsalem/Desktop/all my projects/uneom.com/node_modules/next/dist/compiled/next-server/app-page.runtime.prod.js:12:142093)
    at eE (/Users/ahmedsalem/Desktop/all my projects/uneom.com/node_modules/next/dist/compiled/next-server/app-page.runtime.prod.js:12:142572)
    at AsyncLocalStorage.run (node:internal/async_local_storage/async_context_frame:63:14)
    at Timeout._onTimeout (/Users/ahmedsalem/Desktop/all my projects/uneom.com/node_modules/next/dist/compiled/next-server/app-page.runtime.prod.js:12:150373)

Error occurred prerendering page "/locations/wadi-al-dawasir/corporate". Read more: https://nextjs.org/docs/messages/prerender-error

TypeError: Cannot read properties of undefined (reading 'toLowerCase')
    at b (/Users/ahmedsalem/Desktop/all my projects/uneom.com/.next/server/app/locations/[city]/[industry]/page.js:1:4337)
    at eh (/Users/ahmedsalem/Desktop/all my projects/uneom.com/node_modules/next/dist/compiled/next-server/app-page.runtime.prod.js:12:134660)
    at e (/Users/ahmedsalem/Desktop/all my projects/uneom.com/node_modules/next/dist/compiled/next-server/app-page.runtime.prod.js:12:137545)
    at ek (/Users/ahmedsalem/Desktop/all my projects/uneom.com/node_modules/next/dist/compiled/next-server/app-page.runtime.prod.js:12:138019)
    at Array.toJSON (/Users/ahmedsalem/Desktop/all my projects/uneom.com/node_modules/next/dist/compiled/next-server/app-page.runtime.prod.js:12:135629)
    at stringify (<anonymous>)
    at eP (/Users/ahmedsalem/Desktop/all my projects/uneom.com/node_modules/next/dist/compiled/next-server/app-page.runtime.prod.js:12:142093)
    at eE (/Users/ahmedsalem/Desktop/all my projects/uneom.com/node_modules/next/dist/compiled/next-server/app-page.runtime.prod.js:12:142572)
    at AsyncLocalStorage.run (node:internal/async_local_storage/async_context_frame:63:14)
    at Timeout._onTimeout (/Users/ahmedsalem/Desktop/all my projects/uneom.com/node_modules/next/dist/compiled/next-server/app-page.runtime.prod.js:12:150373)
TypeError: Cannot read properties of undefined (reading 'toLowerCase')
    at Module.y (/Users/ahmedsalem/Desktop/all my projects/uneom.com/.next/server/app/locations/[city]/[industry]/page.js:1:2657)
    at /Users/ahmedsalem/Desktop/all my projects/uneom.com/node_modules/next/dist/compiled/next-server/app-page.runtime.prod.js:12:227525
    at /Users/ahmedsalem/Desktop/all my projects/uneom.com/node_modules/next/dist/server/lib/trace/tracer.js:140:36
    at NoopContextManager.with (/Users/ahmedsalem/Desktop/all my projects/uneom.com/node_modules/next/dist/compiled/@opentelemetry/api/index.js:1:7062)
    at ContextAPI.with (/Users/ahmedsalem/Desktop/all my projects/uneom.com/node_modules/next/dist/compiled/@opentelemetry/api/index.js:1:518)
    at NoopTracer.startActiveSpan (/Users/ahmedsalem/Desktop/all my projects/uneom.com/node_modules/next/dist/compiled/@opentelemetry/api/index.js:1:18093)
    at ProxyTracer.startActiveSpan (/Users/ahmedsalem/Desktop/all my projects/uneom.com/node_modules/next/dist/compiled/@opentelemetry/api/index.js:1:18854)
    at /Users/ahmedsalem/Desktop/all my projects/uneom.com/node_modules/next/dist/server/lib/trace/tracer.js:122:103
    at NoopContextManager.with (/Users/ahmedsalem/Desktop/all my projects/uneom.com/node_modules/next/dist/compiled/@opentelemetry/api/index.js:1:7062)
    at ContextAPI.with (/Users/ahmedsalem/Desktop/all my projects/uneom.com/node_modules/next/dist/compiled/@opentelemetry/api/index.js:1:518) {
  digest: '2592674761'
}
TypeError: Cannot read properties of undefined (reading 'toLowerCase')
    at b (/Users/ahmedsalem/Desktop/all my projects/uneom.com/.next/server/app/locations/[city]/[industry]/page.js:1:4337)
    at eh (/Users/ahmedsalem/Desktop/all my projects/uneom.com/node_modules/next/dist/compiled/next-server/app-page.runtime.prod.js:12:134660)
    at e (/Users/ahmedsalem/Desktop/all my projects/uneom.com/node_modules/next/dist/compiled/next-server/app-page.runtime.prod.js:12:137545)
    at ek (/Users/ahmedsalem/Desktop/all my projects/uneom.com/node_modules/next/dist/compiled/next-server/app-page.runtime.prod.js:12:138019)
    at Array.toJSON (/Users/ahmedsalem/Desktop/all my projects/uneom.com/node_modules/next/dist/compiled/next-server/app-page.runtime.prod.js:12:135629)
    at stringify (<anonymous>)
    at eP (/Users/ahmedsalem/Desktop/all my projects/uneom.com/node_modules/next/dist/compiled/next-server/app-page.runtime.prod.js:12:142093)
    at eE (/Users/ahmedsalem/Desktop/all my projects/uneom.com/node_modules/next/dist/compiled/next-server/app-page.runtime.prod.js:12:142572)
    at Timeout._onTimeout (/Users/ahmedsalem/Desktop/all my projects/uneom.com/node_modules/next/dist/compiled/next-server/app-page.runtime.prod.js:12:135349)
    at listOnTimeout (node:internal/timers:605:17) {
  digest: '2151575143'
}
TypeError: Cannot read properties of undefined (reading 'toLowerCase')
    at b (/Users/ahmedsalem/Desktop/all my projects/uneom.com/.next/server/app/locations/[city]/[industry]/page.js:1:4337)
    at eh (/Users/ahmedsalem/Desktop/all my projects/uneom.com/node_modules/next/dist/compiled/next-server/app-page.runtime.prod.js:12:134660)
    at e (/Users/ahmedsalem/Desktop/all my projects/uneom.com/node_modules/next/dist/compiled/next-server/app-page.runtime.prod.js:12:137545)
    at ek (/Users/ahmedsalem/Desktop/all my projects/uneom.com/node_modules/next/dist/compiled/next-server/app-page.runtime.prod.js:12:138019)
    at Array.toJSON (/Users/ahmedsalem/Desktop/all my projects/uneom.com/node_modules/next/dist/compiled/next-server/app-page.runtime.prod.js:12:135629)
    at stringify (<anonymous>)
    at eP (/Users/ahmedsalem/Desktop/all my projects/uneom.com/node_modules/next/dist/compiled/next-server/app-page.runtime.prod.js:12:142093)
    at eE (/Users/ahmedsalem/Desktop/all my projects/uneom.com/node_modules/next/dist/compiled/next-server/app-page.runtime.prod.js:12:142572)
    at Timeout._onTimeout (/Users/ahmedsalem/Desktop/all my projects/uneom.com/node_modules/next/dist/compiled/next-server/app-page.runtime.prod.js:12:135349)
    at listOnTimeout (node:internal/timers:605:17) {
  digest: '2151575143'
}
TypeError: Cannot read properties of undefined (reading 'toLowerCase')
    at Module.y (/Users/ahmedsalem/Desktop/all my projects/uneom.com/.next/server/app/locations/[city]/[industry]/page.js:1:2657)
    at /Users/ahmedsalem/Desktop/all my projects/uneom.com/node_modules/next/dist/compiled/next-server/app-page.runtime.prod.js:12:227525
    at /Users/ahmedsalem/Desktop/all my projects/uneom.com/node_modules/next/dist/server/lib/trace/tracer.js:140:36
    at NoopContextManager.with (/Users/ahmedsalem/Desktop/all my projects/uneom.com/node_modules/next/dist/compiled/@opentelemetry/api/index.js:1:7062)
    at ContextAPI.with (/Users/ahmedsalem/Desktop/all my projects/uneom.com/node_modules/next/dist/compiled/@opentelemetry/api/index.js:1:518)
    at NoopTracer.startActiveSpan (/Users/ahmedsalem/Desktop/all my projects/uneom.com/node_modules/next/dist/compiled/@opentelemetry/api/index.js:1:18093)
    at ProxyTracer.startActiveSpan (/Users/ahmedsalem/Desktop/all my projects/uneom.com/node_modules/next/dist/compiled/@opentelemetry/api/index.js:1:18854)
    at /Users/ahmedsalem/Desktop/all my projects/uneom.com/node_modules/next/dist/server/lib/trace/tracer.js:122:103
    at NoopContextManager.with (/Users/ahmedsalem/Desktop/all my projects/uneom.com/node_modules/next/dist/compiled/@opentelemetry/api/index.js:1:7062)
    at ContextAPI.with (/Users/ahmedsalem/Desktop/all my projects/uneom.com/node_modules/next/dist/compiled/@opentelemetry/api/index.js:1:518) {
  digest: '2592674761'
}
TypeError: Cannot read properties of undefined (reading 'toLowerCase')
    at Module.y (/Users/ahmedsalem/Desktop/all my projects/uneom.com/.next/server/app/locations/[city]/[industry]/page.js:1:2657)
    at /Users/ahmedsalem/Desktop/all my projects/uneom.com/node_modules/next/dist/compiled/next-server/app-page.runtime.prod.js:12:227525
    at /Users/ahmedsalem/Desktop/all my projects/uneom.com/node_modules/next/dist/server/lib/trace/tracer.js:140:36
    at NoopContextManager.with (/Users/ahmedsalem/Desktop/all my projects/uneom.com/node_modules/next/dist/compiled/@opentelemetry/api/index.js:1:7062)
    at ContextAPI.with (/Users/ahmedsalem/Desktop/all my projects/uneom.com/node_modules/next/dist/compiled/@opentelemetry/api/index.js:1:518)
    at NoopTracer.startActiveSpan (/Users/ahmedsalem/Desktop/all my projects/uneom.com/node_modules/next/dist/compiled/@opentelemetry/api/index.js:1:18093)
    at ProxyTracer.startActiveSpan (/Users/ahmedsalem/Desktop/all my projects/uneom.com/node_modules/next/dist/compiled/@opentelemetry/api/index.js:1:18854)
    at /Users/ahmedsalem/Desktop/all my projects/uneom.com/node_modules/next/dist/server/lib/trace/tracer.js:122:103
    at NoopContextManager.with (/Users/ahmedsalem/Desktop/all my projects/uneom.com/node_modules/next/dist/compiled/@opentelemetry/api/index.js:1:7062)
    at ContextAPI.with (/Users/ahmedsalem/Desktop/all my projects/uneom.com/node_modules/next/dist/compiled/@opentelemetry/api/index.js:1:518) {
  digest: '2592674761'
}
TypeError: Cannot read properties of undefined (reading 'toLowerCase')
    at Module.y (/Users/ahmedsalem/Desktop/all my projects/uneom.com/.next/server/app/locations/[city]/[industry]/page.js:1:2657)
    at /Users/ahmedsalem/Desktop/all my projects/uneom.com/node_modules/next/dist/compiled/next-server/app-page.runtime.prod.js:12:227525
    at /Users/ahmedsalem/Desktop/all my projects/uneom.com/node_modules/next/dist/server/lib/trace/tracer.js:140:36
    at NoopContextManager.with (/Users/ahmedsalem/Desktop/all my projects/uneom.com/node_modules/next/dist/compiled/@opentelemetry/api/index.js:1:7062)
    at ContextAPI.with (/Users/ahmedsalem/Desktop/all my projects/uneom.com/node_modules/next/dist/compiled/@opentelemetry/api/index.js:1:518)
    at NoopTracer.startActiveSpan (/Users/ahmedsalem/Desktop/all my projects/uneom.com/node_modules/next/dist/compiled/@opentelemetry/api/index.js:1:18093)
    at ProxyTracer.startActiveSpan (/Users/ahmedsalem/Desktop/all my projects/uneom.com/node_modules/next/dist/compiled/@opentelemetry/api/index.js:1:18854)
    at /Users/ahmedsalem/Desktop/all my projects/uneom.com/node_modules/next/dist/server/lib/trace/tracer.js:122:103
    at NoopContextManager.with (/Users/ahmedsalem/Desktop/all my projects/uneom.com/node_modules/next/dist/compiled/@opentelemetry/api/index.js:1:7062)
    at ContextAPI.with (/Users/ahmedsalem/Desktop/all my projects/uneom.com/node_modules/next/dist/compiled/@opentelemetry/api/index.js:1:518) {
  digest: '2592674761'
}
TypeError: Cannot read properties of undefined (reading 'toLowerCase')
    at Module.y (/Users/ahmedsalem/Desktop/all my projects/uneom.com/.next/server/app/locations/[city]/[industry]/page.js:1:2657)
    at /Users/ahmedsalem/Desktop/all my projects/uneom.com/node_modules/next/dist/compiled/next-server/app-page.runtime.prod.js:12:227525
    at /Users/ahmedsalem/Desktop/all my projects/uneom.com/node_modules/next/dist/server/lib/trace/tracer.js:140:36
    at NoopContextManager.with (/Users/ahmedsalem/Desktop/all my projects/uneom.com/node_modules/next/dist/compiled/@opentelemetry/api/index.js:1:7062)
    at ContextAPI.with (/Users/ahmedsalem/Desktop/all my projects/uneom.com/node_modules/next/dist/compiled/@opentelemetry/api/index.js:1:518)
    at NoopTracer.startActiveSpan (/Users/ahmedsalem/Desktop/all my projects/uneom.com/node_modules/next/dist/compiled/@opentelemetry/api/index.js:1:18093)
    at ProxyTracer.startActiveSpan (/Users/ahmedsalem/Desktop/all my projects/uneom.com/node_modules/next/dist/compiled/@opentelemetry/api/index.js:1:18854)
    at /Users/ahmedsalem/Desktop/all my projects/uneom.com/node_modules/next/dist/server/lib/trace/tracer.js:122:103
    at NoopContextManager.with (/Users/ahmedsalem/Desktop/all my projects/uneom.com/node_modules/next/dist/compiled/@opentelemetry/api/index.js:1:7062)
    at ContextAPI.with (/Users/ahmedsalem/Desktop/all my projects/uneom.com/node_modules/next/dist/compiled/@opentelemetry/api/index.js:1:518) {
  digest: '2592674761'
}
TypeError: Cannot read properties of undefined (reading 'toLowerCase')
    at b (/Users/ahmedsalem/Desktop/all my projects/uneom.com/.next/server/app/locations/[city]/[industry]/page.js:1:4337)
    at eh (/Users/ahmedsalem/Desktop/all my projects/uneom.com/node_modules/next/dist/compiled/next-server/app-page.runtime.prod.js:12:134660)
    at e (/Users/ahmedsalem/Desktop/all my projects/uneom.com/node_modules/next/dist/compiled/next-server/app-page.runtime.prod.js:12:137545)
    at ek (/Users/ahmedsalem/Desktop/all my projects/uneom.com/node_modules/next/dist/compiled/next-server/app-page.runtime.prod.js:12:138019)
    at Array.toJSON (/Users/ahmedsalem/Desktop/all my projects/uneom.com/node_modules/next/dist/compiled/next-server/app-page.runtime.prod.js:12:135629)
    at stringify (<anonymous>)
    at eP (/Users/ahmedsalem/Desktop/all my projects/uneom.com/node_modules/next/dist/compiled/next-server/app-page.runtime.prod.js:12:142093)
    at eE (/Users/ahmedsalem/Desktop/all my projects/uneom.com/node_modules/next/dist/compiled/next-server/app-page.runtime.prod.js:12:142572)
    at AsyncLocalStorage.run (node:internal/async_local_storage/async_context_frame:63:14)
    at Timeout._onTimeout (/Users/ahmedsalem/Desktop/all my projects/uneom.com/node_modules/next/dist/compiled/next-server/app-page.runtime.prod.js:12:150373) {
  digest: '785353560'
}
TypeError: Cannot read properties of undefined (reading 'toLowerCase')
    at b (/Users/ahmedsalem/Desktop/all my projects/uneom.com/.next/server/app/locations/[city]/[industry]/page.js:1:4337)
    at eh (/Users/ahmedsalem/Desktop/all my projects/uneom.com/node_modules/next/dist/compiled/next-server/app-page.runtime.prod.js:12:134660)
    at e (/Users/ahmedsalem/Desktop/all my projects/uneom.com/node_modules/next/dist/compiled/next-server/app-page.runtime.prod.js:12:137545)
    at ek (/Users/ahmedsalem/Desktop/all my projects/uneom.com/node_modules/next/dist/compiled/next-server/app-page.runtime.prod.js:12:138019)
    at Array.toJSON (/Users/ahmedsalem/Desktop/all my projects/uneom.com/node_modules/next/dist/compiled/next-server/app-page.runtime.prod.js:12:135629)
    at stringify (<anonymous>)
    at eP (/Users/ahmedsalem/Desktop/all my projects/uneom.com/node_modules/next/dist/compiled/next-server/app-page.runtime.prod.js:12:142093)
    at eE (/Users/ahmedsalem/Desktop/all my projects/uneom.com/node_modules/next/dist/compiled/next-server/app-page.runtime.prod.js:12:142572)
    at Timeout._onTimeout (/Users/ahmedsalem/Desktop/all my projects/uneom.com/node_modules/next/dist/compiled/next-server/app-page.runtime.prod.js:12:135349)
    at listOnTimeout (node:internal/timers:605:17) {
  digest: '2151575143'
}
TypeError: Cannot read properties of undefined (reading 'toLowerCase')
    at b (/Users/ahmedsalem/Desktop/all my projects/uneom.com/.next/server/app/locations/[city]/[industry]/page.js:1:4337)
    at eh (/Users/ahmedsalem/Desktop/all my projects/uneom.com/node_modules/next/dist/compiled/next-server/app-page.runtime.prod.js:12:134660)
    at e (/Users/ahmedsalem/Desktop/all my projects/uneom.com/node_modules/next/dist/compiled/next-server/app-page.runtime.prod.js:12:137545)
    at ek (/Users/ahmedsalem/Desktop/all my projects/uneom.com/node_modules/next/dist/compiled/next-server/app-page.runtime.prod.js:12:138019)
    at Array.toJSON (/Users/ahmedsalem/Desktop/all my projects/uneom.com/node_modules/next/dist/compiled/next-server/app-page.runtime.prod.js:12:135629)
    at stringify (<anonymous>)
    at eP (/Users/ahmedsalem/Desktop/all my projects/uneom.com/node_modules/next/dist/compiled/next-server/app-page.runtime.prod.js:12:142093)
    at eE (/Users/ahmedsalem/Desktop/all my projects/uneom.com/node_modules/next/dist/compiled/next-server/app-page.runtime.prod.js:12:142572)
    at AsyncLocalStorage.run (node:internal/async_local_storage/async_context_frame:63:14)
    at Timeout._onTimeout (/Users/ahmedsalem/Desktop/all my projects/uneom.com/node_modules/next/dist/compiled/next-server/app-page.runtime.prod.js:12:150373) {
  digest: '785353560'
}
TypeError: Cannot read properties of undefined (reading 'toLowerCase')
    at Module.y (/Users/ahmedsalem/Desktop/all my projects/uneom.com/.next/server/app/locations/[city]/[industry]/page.js:1:2657)
    at /Users/ahmedsalem/Desktop/all my projects/uneom.com/node_modules/next/dist/compiled/next-server/app-page.runtime.prod.js:12:227525
    at /Users/ahmedsalem/Desktop/all my projects/uneom.com/node_modules/next/dist/server/lib/trace/tracer.js:140:36
    at NoopContextManager.with (/Users/ahmedsalem/Desktop/all my projects/uneom.com/node_modules/next/dist/compiled/@opentelemetry/api/index.js:1:7062)
    at ContextAPI.with (/Users/ahmedsalem/Desktop/all my projects/uneom.com/node_modules/next/dist/compiled/@opentelemetry/api/index.js:1:518)
    at NoopTracer.startActiveSpan (/Users/ahmedsalem/Desktop/all my projects/uneom.com/node_modules/next/dist/compiled/@opentelemetry/api/index.js:1:18093)
    at ProxyTracer.startActiveSpan (/Users/ahmedsalem/Desktop/all my projects/uneom.com/node_modules/next/dist/compiled/@opentelemetry/api/index.js:1:18854)
    at /Users/ahmedsalem/Desktop/all my projects/uneom.com/node_modules/next/dist/server/lib/trace/tracer.js:122:103
    at NoopContextManager.with (/Users/ahmedsalem/Desktop/all my projects/uneom.com/node_modules/next/dist/compiled/@opentelemetry/api/index.js:1:7062)
    at ContextAPI.with (/Users/ahmedsalem/Desktop/all my projects/uneom.com/node_modules/next/dist/compiled/@opentelemetry/api/index.js:1:518) {
  digest: '2592674761'
}
TypeError: Cannot read properties of undefined (reading 'toLowerCase')
    at b (/Users/ahmedsalem/Desktop/all my projects/uneom.com/.next/server/app/locations/[city]/[industry]/page.js:1:4337)
    at eh (/Users/ahmedsalem/Desktop/all my projects/uneom.com/node_modules/next/dist/compiled/next-server/app-page.runtime.prod.js:12:134660)
    at e (/Users/ahmedsalem/Desktop/all my projects/uneom.com/node_modules/next/dist/compiled/next-server/app-page.runtime.prod.js:12:137545)
    at ek (/Users/ahmedsalem/Desktop/all my projects/uneom.com/node_modules/next/dist/compiled/next-server/app-page.runtime.prod.js:12:138019)
    at Array.toJSON (/Users/ahmedsalem/Desktop/all my projects/uneom.com/node_modules/next/dist/compiled/next-server/app-page.runtime.prod.js:12:135629)
    at stringify (<anonymous>)
    at eP (/Users/ahmedsalem/Desktop/all my projects/uneom.com/node_modules/next/dist/compiled/next-server/app-page.runtime.prod.js:12:142093)
    at eE (/Users/ahmedsalem/Desktop/all my projects/uneom.com/node_modules/next/dist/compiled/next-server/app-page.runtime.prod.js:12:142572)
    at Timeout._onTimeout (/Users/ahmedsalem/Desktop/all my projects/uneom.com/node_modules/next/dist/compiled/next-server/app-page.runtime.prod.js:12:135349)
    at listOnTimeout (node:internal/timers:605:17) {
  digest: '2151575143'
}
TypeError: Cannot read properties of undefined (reading 'toLowerCase')
    at Module.y (/Users/ahmedsalem/Desktop/all my projects/uneom.com/.next/server/app/locations/[city]/[industry]/page.js:1:2657)
    at /Users/ahmedsalem/Desktop/all my projects/uneom.com/node_modules/next/dist/compiled/next-server/app-page.runtime.prod.js:12:227525
    at /Users/ahmedsalem/Desktop/all my projects/uneom.com/node_modules/next/dist/server/lib/trace/tracer.js:140:36
    at NoopContextManager.with (/Users/ahmedsalem/Desktop/all my projects/uneom.com/node_modules/next/dist/compiled/@opentelemetry/api/index.js:1:7062)
    at ContextAPI.with (/Users/ahmedsalem/Desktop/all my projects/uneom.com/node_modules/next/dist/compiled/@opentelemetry/api/index.js:1:518)
    at NoopTracer.startActiveSpan (/Users/ahmedsalem/Desktop/all my projects/uneom.com/node_modules/next/dist/compiled/@opentelemetry/api/index.js:1:18093)
    at ProxyTracer.startActiveSpan (/Users/ahmedsalem/Desktop/all my projects/uneom.com/node_modules/next/dist/compiled/@opentelemetry/api/index.js:1:18854)
    at /Users/ahmedsalem/Desktop/all my projects/uneom.com/node_modules/next/dist/server/lib/trace/tracer.js:122:103
    at NoopContextManager.with (/Users/ahmedsalem/Desktop/all my projects/uneom.com/node_modules/next/dist/compiled/@opentelemetry/api/index.js:1:7062)
    at ContextAPI.with (/Users/ahmedsalem/Desktop/all my projects/uneom.com/node_modules/next/dist/compiled/@opentelemetry/api/index.js:1:518) {
  digest: '2592674761'
}

Error occurred prerendering page "/locations/wadi-al-dawasir/manufacturing". Read more: https://nextjs.org/docs/messages/prerender-error

TypeError: Cannot read properties of undefined (reading 'toLowerCase')
    at b (/Users/ahmedsalem/Desktop/all my projects/uneom.com/.next/server/app/locations/[city]/[industry]/page.js:1:4337)
    at eh (/Users/ahmedsalem/Desktop/all my projects/uneom.com/node_modules/next/dist/compiled/next-server/app-page.runtime.prod.js:12:134660)
    at e (/Users/ahmedsalem/Desktop/all my projects/uneom.com/node_modules/next/dist/compiled/next-server/app-page.runtime.prod.js:12:137545)
    at ek (/Users/ahmedsalem/Desktop/all my projects/uneom.com/node_modules/next/dist/compiled/next-server/app-page.runtime.prod.js:12:138019)
    at Array.toJSON (/Users/ahmedsalem/Desktop/all my projects/uneom.com/node_modules/next/dist/compiled/next-server/app-page.runtime.prod.js:12:135629)
    at stringify (<anonymous>)
    at eP (/Users/ahmedsalem/Desktop/all my projects/uneom.com/node_modules/next/dist/compiled/next-server/app-page.runtime.prod.js:12:142093)
    at eE (/Users/ahmedsalem/Desktop/all my projects/uneom.com/node_modules/next/dist/compiled/next-server/app-page.runtime.prod.js:12:142572)
    at AsyncLocalStorage.run (node:internal/async_local_storage/async_context_frame:63:14)
    at Timeout._onTimeout (/Users/ahmedsalem/Desktop/all my projects/uneom.com/node_modules/next/dist/compiled/next-server/app-page.runtime.prod.js:12:150373)

Error occurred prerendering page "/locations/wadi-al-dawasir/security". Read more: https://nextjs.org/docs/messages/prerender-error

TypeError: Cannot read properties of undefined (reading 'toLowerCase')
    at b (/Users/ahmedsalem/Desktop/all my projects/uneom.com/.next/server/app/locations/[city]/[industry]/page.js:1:4337)
    at eh (/Users/ahmedsalem/Desktop/all my projects/uneom.com/node_modules/next/dist/compiled/next-server/app-page.runtime.prod.js:12:134660)
    at e (/Users/ahmedsalem/Desktop/all my projects/uneom.com/node_modules/next/dist/compiled/next-server/app-page.runtime.prod.js:12:137545)
    at ek (/Users/ahmedsalem/Desktop/all my projects/uneom.com/node_modules/next/dist/compiled/next-server/app-page.runtime.prod.js:12:138019)
    at Array.toJSON (/Users/ahmedsalem/Desktop/all my projects/uneom.com/node_modules/next/dist/compiled/next-server/app-page.runtime.prod.js:12:135629)
    at stringify (<anonymous>)
    at eP (/Users/ahmedsalem/Desktop/all my projects/uneom.com/node_modules/next/dist/compiled/next-server/app-page.runtime.prod.js:12:142093)
    at eE (/Users/ahmedsalem/Desktop/all my projects/uneom.com/node_modules/next/dist/compiled/next-server/app-page.runtime.prod.js:12:142572)
    at AsyncLocalStorage.run (node:internal/async_local_storage/async_context_frame:63:14)
    at Timeout._onTimeout (/Users/ahmedsalem/Desktop/all my projects/uneom.com/node_modules/next/dist/compiled/next-server/app-page.runtime.prod.js:12:150373)
TypeError: Cannot read properties of undefined (reading 'toLowerCase')
    at Module.y (/Users/ahmedsalem/Desktop/all my projects/uneom.com/.next/server/app/locations/[city]/[industry]/page.js:1:2657)
    at /Users/ahmedsalem/Desktop/all my projects/uneom.com/node_modules/next/dist/compiled/next-server/app-page.runtime.prod.js:12:227525
    at /Users/ahmedsalem/Desktop/all my projects/uneom.com/node_modules/next/dist/server/lib/trace/tracer.js:140:36
    at NoopContextManager.with (/Users/ahmedsalem/Desktop/all my projects/uneom.com/node_modules/next/dist/compiled/@opentelemetry/api/index.js:1:7062)
    at ContextAPI.with (/Users/ahmedsalem/Desktop/all my projects/uneom.com/node_modules/next/dist/compiled/@opentelemetry/api/index.js:1:518)
    at NoopTracer.startActiveSpan (/Users/ahmedsalem/Desktop/all my projects/uneom.com/node_modules/next/dist/compiled/@opentelemetry/api/index.js:1:18093)
    at ProxyTracer.startActiveSpan (/Users/ahmedsalem/Desktop/all my projects/uneom.com/node_modules/next/dist/compiled/@opentelemetry/api/index.js:1:18854)
    at /Users/ahmedsalem/Desktop/all my projects/uneom.com/node_modules/next/dist/server/lib/trace/tracer.js:122:103
    at NoopContextManager.with (/Users/ahmedsalem/Desktop/all my projects/uneom.com/node_modules/next/dist/compiled/@opentelemetry/api/index.js:1:7062)
    at ContextAPI.with (/Users/ahmedsalem/Desktop/all my projects/uneom.com/node_modules/next/dist/compiled/@opentelemetry/api/index.js:1:518) {
  digest: '2592674761'
}
TypeError: Cannot read properties of undefined (reading 'toLowerCase')
    at Module.y (/Users/ahmedsalem/Desktop/all my projects/uneom.com/.next/server/app/locations/[city]/[industry]/page.js:1:2657)
    at /Users/ahmedsalem/Desktop/all my projects/uneom.com/node_modules/next/dist/compiled/next-server/app-page.runtime.prod.js:12:227525
    at /Users/ahmedsalem/Desktop/all my projects/uneom.com/node_modules/next/dist/server/lib/trace/tracer.js:140:36
    at NoopContextManager.with (/Users/ahmedsalem/Desktop/all my projects/uneom.com/node_modules/next/dist/compiled/@opentelemetry/api/index.js:1:7062)
    at ContextAPI.with (/Users/ahmedsalem/Desktop/all my projects/uneom.com/node_modules/next/dist/compiled/@opentelemetry/api/index.js:1:518)
    at NoopTracer.startActiveSpan (/Users/ahmedsalem/Desktop/all my projects/uneom.com/node_modules/next/dist/compiled/@opentelemetry/api/index.js:1:18093)
    at ProxyTracer.startActiveSpan (/Users/ahmedsalem/Desktop/all my projects/uneom.com/node_modules/next/dist/compiled/@opentelemetry/api/index.js:1:18854)
    at /Users/ahmedsalem/Desktop/all my projects/uneom.com/node_modules/next/dist/server/lib/trace/tracer.js:122:103
    at NoopContextManager.with (/Users/ahmedsalem/Desktop/all my projects/uneom.com/node_modules/next/dist/compiled/@opentelemetry/api/index.js:1:7062)
    at ContextAPI.with (/Users/ahmedsalem/Desktop/all my projects/uneom.com/node_modules/next/dist/compiled/@opentelemetry/api/index.js:1:518) {
  digest: '2592674761'
}
TypeError: Cannot read properties of undefined (reading 'toLowerCase')
    at Module.y (/Users/ahmedsalem/Desktop/all my projects/uneom.com/.next/server/app/locations/[city]/[industry]/page.js:1:2657)
    at /Users/ahmedsalem/Desktop/all my projects/uneom.com/node_modules/next/dist/compiled/next-server/app-page.runtime.prod.js:12:227525
    at /Users/ahmedsalem/Desktop/all my projects/uneom.com/node_modules/next/dist/server/lib/trace/tracer.js:140:36
    at NoopContextManager.with (/Users/ahmedsalem/Desktop/all my projects/uneom.com/node_modules/next/dist/compiled/@opentelemetry/api/index.js:1:7062)
    at ContextAPI.with (/Users/ahmedsalem/Desktop/all my projects/uneom.com/node_modules/next/dist/compiled/@opentelemetry/api/index.js:1:518)
    at NoopTracer.startActiveSpan (/Users/ahmedsalem/Desktop/all my projects/uneom.com/node_modules/next/dist/compiled/@opentelemetry/api/index.js:1:18093)
    at ProxyTracer.startActiveSpan (/Users/ahmedsalem/Desktop/all my projects/uneom.com/node_modules/next/dist/compiled/@opentelemetry/api/index.js:1:18854)
    at /Users/ahmedsalem/Desktop/all my projects/uneom.com/node_modules/next/dist/server/lib/trace/tracer.js:122:103
    at NoopContextManager.with (/Users/ahmedsalem/Desktop/all my projects/uneom.com/node_modules/next/dist/compiled/@opentelemetry/api/index.js:1:7062)
    at ContextAPI.with (/Users/ahmedsalem/Desktop/all my projects/uneom.com/node_modules/next/dist/compiled/@opentelemetry/api/index.js:1:518) {
  digest: '2592674761'
}

Error occurred prerendering page "/locations/wadi-al-dawasir/factory-industry". Read more: https://nextjs.org/docs/messages/prerender-error

TypeError: Cannot read properties of undefined (reading 'toLowerCase')
    at b (/Users/ahmedsalem/Desktop/all my projects/uneom.com/.next/server/app/locations/[city]/[industry]/page.js:1:4337)
    at eh (/Users/ahmedsalem/Desktop/all my projects/uneom.com/node_modules/next/dist/compiled/next-server/app-page.runtime.prod.js:12:134660)
    at e (/Users/ahmedsalem/Desktop/all my projects/uneom.com/node_modules/next/dist/compiled/next-server/app-page.runtime.prod.js:12:137545)
    at ek (/Users/ahmedsalem/Desktop/all my projects/uneom.com/node_modules/next/dist/compiled/next-server/app-page.runtime.prod.js:12:138019)
    at Array.toJSON (/Users/ahmedsalem/Desktop/all my projects/uneom.com/node_modules/next/dist/compiled/next-server/app-page.runtime.prod.js:12:135629)
    at stringify (<anonymous>)
    at eP (/Users/ahmedsalem/Desktop/all my projects/uneom.com/node_modules/next/dist/compiled/next-server/app-page.runtime.prod.js:12:142093)
    at eE (/Users/ahmedsalem/Desktop/all my projects/uneom.com/node_modules/next/dist/compiled/next-server/app-page.runtime.prod.js:12:142572)
    at AsyncLocalStorage.run (node:internal/async_local_storage/async_context_frame:63:14)
    at Timeout._onTimeout (/Users/ahmedsalem/Desktop/all my projects/uneom.com/node_modules/next/dist/compiled/next-server/app-page.runtime.prod.js:12:150373)

Error occurred prerendering page "/locations/wadi-al-dawasir/supply-manufacturing". Read more: https://nextjs.org/docs/messages/prerender-error

TypeError: Cannot read properties of undefined (reading 'toLowerCase')
    at b (/Users/ahmedsalem/Desktop/all my projects/uneom.com/.next/server/app/locations/[city]/[industry]/page.js:1:4337)
    at eh (/Users/ahmedsalem/Desktop/all my projects/uneom.com/node_modules/next/dist/compiled/next-server/app-page.runtime.prod.js:12:134660)
    at e (/Users/ahmedsalem/Desktop/all my projects/uneom.com/node_modules/next/dist/compiled/next-server/app-page.runtime.prod.js:12:137545)
    at ek (/Users/ahmedsalem/Desktop/all my projects/uneom.com/node_modules/next/dist/compiled/next-server/app-page.runtime.prod.js:12:138019)
    at Array.toJSON (/Users/ahmedsalem/Desktop/all my projects/uneom.com/node_modules/next/dist/compiled/next-server/app-page.runtime.prod.js:12:135629)
    at stringify (<anonymous>)
    at eP (/Users/ahmedsalem/Desktop/all my projects/uneom.com/node_modules/next/dist/compiled/next-server/app-page.runtime.prod.js:12:142093)
    at eE (/Users/ahmedsalem/Desktop/all my projects/uneom.com/node_modules/next/dist/compiled/next-server/app-page.runtime.prod.js:12:142572)
    at AsyncLocalStorage.run (node:internal/async_local_storage/async_context_frame:63:14)
    at Timeout._onTimeout (/Users/ahmedsalem/Desktop/all my projects/uneom.com/node_modules/next/dist/compiled/next-server/app-page.runtime.prod.js:12:150373)

Error occurred prerendering page "/locations/wadi-al-dawasir/retail-shops". Read more: https://nextjs.org/docs/messages/prerender-error

TypeError: Cannot read properties of undefined (reading 'toLowerCase')
    at b (/Users/ahmedsalem/Desktop/all my projects/uneom.com/.next/server/app/locations/[city]/[industry]/page.js:1:4337)
    at eh (/Users/ahmedsalem/Desktop/all my projects/uneom.com/node_modules/next/dist/compiled/next-server/app-page.runtime.prod.js:12:134660)
    at e (/Users/ahmedsalem/Desktop/all my projects/uneom.com/node_modules/next/dist/compiled/next-server/app-page.runtime.prod.js:12:137545)
    at ek (/Users/ahmedsalem/Desktop/all my projects/uneom.com/node_modules/next/dist/compiled/next-server/app-page.runtime.prod.js:12:138019)
    at Array.toJSON (/Users/ahmedsalem/Desktop/all my projects/uneom.com/node_modules/next/dist/compiled/next-server/app-page.runtime.prod.js:12:135629)
    at stringify (<anonymous>)
    at eP (/Users/ahmedsalem/Desktop/all my projects/uneom.com/node_modules/next/dist/compiled/next-server/app-page.runtime.prod.js:12:142093)
    at eE (/Users/ahmedsalem/Desktop/all my projects/uneom.com/node_modules/next/dist/compiled/next-server/app-page.runtime.prod.js:12:142572)
    at AsyncLocalStorage.run (node:internal/async_local_storage/async_context_frame:63:14)
    at Timeout._onTimeout (/Users/ahmedsalem/Desktop/all my projects/uneom.com/node_modules/next/dist/compiled/next-server/app-page.runtime.prod.js:12:150373)
 ✓ Generating static pages (876/876)

> Export encountered errors on following paths:
	/ar/locations/[city]/[industry]/page: /ar/locations/abha/aviation
	/ar/locations/[city]/[industry]/page: /ar/locations/abha/corporate
	/ar/locations/[city]/[industry]/page: /ar/locations/abha/education
	/ar/locations/[city]/[industry]/page: /ar/locations/abha/factory-industry
	/ar/locations/[city]/[industry]/page: /ar/locations/abha/healthcare
	/ar/locations/[city]/[industry]/page: /ar/locations/abha/hospitality
	/ar/locations/[city]/[industry]/page: /ar/locations/abha/manufacturing
	/ar/locations/[city]/[industry]/page: /ar/locations/abha/retail-shops
	/ar/locations/[city]/[industry]/page: /ar/locations/abha/security
	/ar/locations/[city]/[industry]/page: /ar/locations/abha/supply-manufacturing
	/ar/locations/[city]/[industry]/page: /ar/locations/al-ahsa/aviation
	/ar/locations/[city]/[industry]/page: /ar/locations/al-ahsa/corporate
	/ar/locations/[city]/[industry]/page: /ar/locations/al-ahsa/education
	/ar/locations/[city]/[industry]/page: /ar/locations/al-ahsa/factory-industry
	/ar/locations/[city]/[industry]/page: /ar/locations/al-ahsa/healthcare
	/ar/locations/[city]/[industry]/page: /ar/locations/al-ahsa/hospitality
	/ar/locations/[city]/[industry]/page: /ar/locations/al-ahsa/manufacturing
	/ar/locations/[city]/[industry]/page: /ar/locations/al-ahsa/retail-shops
	/ar/locations/[city]/[industry]/page: /ar/locations/al-ahsa/security
	/ar/locations/[city]/[industry]/page: /ar/locations/al-ahsa/supply-manufacturing
	/ar/locations/[city]/[industry]/page: /ar/locations/al-baha/aviation
	/ar/locations/[city]/[industry]/page: /ar/locations/al-baha/corporate
	/ar/locations/[city]/[industry]/page: /ar/locations/al-baha/education
	/ar/locations/[city]/[industry]/page: /ar/locations/al-baha/factory-industry
	/ar/locations/[city]/[industry]/page: /ar/locations/al-baha/healthcare
	/ar/locations/[city]/[industry]/page: /ar/locations/al-baha/hospitality
	/ar/locations/[city]/[industry]/page: /ar/locations/al-baha/manufacturing
	/ar/locations/[city]/[industry]/page: /ar/locations/al-baha/retail-shops
	/ar/locations/[city]/[industry]/page: /ar/locations/al-baha/security
	/ar/locations/[city]/[industry]/page: /ar/locations/al-baha/supply-manufacturing
	/ar/locations/[city]/[industry]/page: /ar/locations/al-jubail/aviation
	/ar/locations/[city]/[industry]/page: /ar/locations/al-jubail/corporate
	/ar/locations/[city]/[industry]/page: /ar/locations/al-jubail/education
	/ar/locations/[city]/[industry]/page: /ar/locations/al-jubail/factory-industry
	/ar/locations/[city]/[industry]/page: /ar/locations/al-jubail/healthcare
	/ar/locations/[city]/[industry]/page: /ar/locations/al-jubail/hospitality
	/ar/locations/[city]/[industry]/page: /ar/locations/al-jubail/manufacturing
	/ar/locations/[city]/[industry]/page: /ar/locations/al-jubail/retail-shops
	/ar/locations/[city]/[industry]/page: /ar/locations/al-jubail/security
	/ar/locations/[city]/[industry]/page: /ar/locations/al-jubail/supply-manufacturing
	/ar/locations/[city]/[industry]/page: /ar/locations/al-kharj/aviation
	/ar/locations/[city]/[industry]/page: /ar/locations/al-kharj/corporate
	/ar/locations/[city]/[industry]/page: /ar/locations/al-kharj/education
	/ar/locations/[city]/[industry]/page: /ar/locations/al-kharj/factory-industry
	/ar/locations/[city]/[industry]/page: /ar/locations/al-kharj/healthcare
	/ar/locations/[city]/[industry]/page: /ar/locations/al-kharj/hospitality
	/ar/locations/[city]/[industry]/page: /ar/locations/al-kharj/manufacturing
	/ar/locations/[city]/[industry]/page: /ar/locations/al-kharj/retail-shops
	/ar/locations/[city]/[industry]/page: /ar/locations/al-kharj/security
	/ar/locations/[city]/[industry]/page: /ar/locations/al-kharj/supply-manufacturing
	/ar/locations/[city]/[industry]/page: /ar/locations/al-qatif/aviation
	/ar/locations/[city]/[industry]/page: /ar/locations/al-qatif/corporate
	/ar/locations/[city]/[industry]/page: /ar/locations/al-qatif/education
	/ar/locations/[city]/[industry]/page: /ar/locations/al-qatif/factory-industry
	/ar/locations/[city]/[industry]/page: /ar/locations/al-qatif/healthcare
	/ar/locations/[city]/[industry]/page: /ar/locations/al-qatif/hospitality
	/ar/locations/[city]/[industry]/page: /ar/locations/al-qatif/manufacturing
	/ar/locations/[city]/[industry]/page: /ar/locations/al-qatif/retail-shops
	/ar/locations/[city]/[industry]/page: /ar/locations/al-qatif/security
	/ar/locations/[city]/[industry]/page: /ar/locations/al-qatif/supply-manufacturing
	/ar/locations/[city]/[industry]/page: /ar/locations/arar/aviation
	/ar/locations/[city]/[industry]/page: /ar/locations/arar/corporate
	/ar/locations/[city]/[industry]/page: /ar/locations/arar/education
	/ar/locations/[city]/[industry]/page: /ar/locations/arar/factory-industry
	/ar/locations/[city]/[industry]/page: /ar/locations/arar/healthcare
	/ar/locations/[city]/[industry]/page: /ar/locations/arar/hospitality
	/ar/locations/[city]/[industry]/page: /ar/locations/arar/manufacturing
	/ar/locations/[city]/[industry]/page: /ar/locations/arar/retail-shops
	/ar/locations/[city]/[industry]/page: /ar/locations/arar/security
	/ar/locations/[city]/[industry]/page: /ar/locations/arar/supply-manufacturing
	/ar/locations/[city]/[industry]/page: /ar/locations/buraidah/aviation
	/ar/locations/[city]/[industry]/page: /ar/locations/buraidah/corporate
	/ar/locations/[city]/[industry]/page: /ar/locations/buraidah/education
	/ar/locations/[city]/[industry]/page: /ar/locations/buraidah/factory-industry
	/ar/locations/[city]/[industry]/page: /ar/locations/buraidah/healthcare
	/ar/locations/[city]/[industry]/page: /ar/locations/buraidah/hospitality
	/ar/locations/[city]/[industry]/page: /ar/locations/buraidah/manufacturing
	/ar/locations/[city]/[industry]/page: /ar/locations/buraidah/retail-shops
	/ar/locations/[city]/[industry]/page: /ar/locations/buraidah/security
	/ar/locations/[city]/[industry]/page: /ar/locations/buraidah/supply-manufacturing
	/ar/locations/[city]/[industry]/page: /ar/locations/dammam/aviation
	/ar/locations/[city]/[industry]/page: /ar/locations/dammam/corporate
	/ar/locations/[city]/[industry]/page: /ar/locations/dammam/education
	/ar/locations/[city]/[industry]/page: /ar/locations/dammam/factory-industry
	/ar/locations/[city]/[industry]/page: /ar/locations/dammam/healthcare
	/ar/locations/[city]/[industry]/page: /ar/locations/dammam/hospitality
	/ar/locations/[city]/[industry]/page: /ar/locations/dammam/manufacturing
	/ar/locations/[city]/[industry]/page: /ar/locations/dammam/retail-shops
	/ar/locations/[city]/[industry]/page: /ar/locations/dammam/security
	/ar/locations/[city]/[industry]/page: /ar/locations/dammam/supply-manufacturing
	/ar/locations/[city]/[industry]/page: /ar/locations/dhahran/aviation
	/ar/locations/[city]/[industry]/page: /ar/locations/dhahran/corporate
	/ar/locations/[city]/[industry]/page: /ar/locations/dhahran/education
	/ar/locations/[city]/[industry]/page: /ar/locations/dhahran/factory-industry
	/ar/locations/[city]/[industry]/page: /ar/locations/dhahran/healthcare
	/ar/locations/[city]/[industry]/page: /ar/locations/dhahran/hospitality
	/ar/locations/[city]/[industry]/page: /ar/locations/dhahran/manufacturing
	/ar/locations/[city]/[industry]/page: /ar/locations/dhahran/retail-shops
	/ar/locations/[city]/[industry]/page: /ar/locations/dhahran/security
	/ar/locations/[city]/[industry]/page: /ar/locations/dhahran/supply-manufacturing
	/ar/locations/[city]/[industry]/page: /ar/locations/hail/aviation
	/ar/locations/[city]/[industry]/page: /ar/locations/hail/corporate
	/ar/locations/[city]/[industry]/page: /ar/locations/hail/education
	/ar/locations/[city]/[industry]/page: /ar/locations/hail/factory-industry
	/ar/locations/[city]/[industry]/page: /ar/locations/hail/healthcare
	/ar/locations/[city]/[industry]/page: /ar/locations/hail/hospitality
	/ar/locations/[city]/[industry]/page: /ar/locations/hail/manufacturing
	/ar/locations/[city]/[industry]/page: /ar/locations/hail/retail-shops
	/ar/locations/[city]/[industry]/page: /ar/locations/hail/security
	/ar/locations/[city]/[industry]/page: /ar/locations/hail/supply-manufacturing
	/ar/locations/[city]/[industry]/page: /ar/locations/jazan/aviation
	/ar/locations/[city]/[industry]/page: /ar/locations/jazan/corporate
	/ar/locations/[city]/[industry]/page: /ar/locations/jazan/education
	/ar/locations/[city]/[industry]/page: /ar/locations/jazan/factory-industry
	/ar/locations/[city]/[industry]/page: /ar/locations/jazan/healthcare
	/ar/locations/[city]/[industry]/page: /ar/locations/jazan/hospitality
	/ar/locations/[city]/[industry]/page: /ar/locations/jazan/manufacturing
	/ar/locations/[city]/[industry]/page: /ar/locations/jazan/retail-shops
	/ar/locations/[city]/[industry]/page: /ar/locations/jazan/security
	/ar/locations/[city]/[industry]/page: /ar/locations/jazan/supply-manufacturing
	/ar/locations/[city]/[industry]/page: /ar/locations/jeddah/aviation
	/ar/locations/[city]/[industry]/page: /ar/locations/jeddah/corporate
	/ar/locations/[city]/[industry]/page: /ar/locations/jeddah/education
	/ar/locations/[city]/[industry]/page: /ar/locations/jeddah/factory-industry
	/ar/locations/[city]/[industry]/page: /ar/locations/jeddah/healthcare
	/ar/locations/[city]/[industry]/page: /ar/locations/jeddah/hospitality
	/ar/locations/[city]/[industry]/page: /ar/locations/jeddah/manufacturing
	/ar/locations/[city]/[industry]/page: /ar/locations/jeddah/retail-shops
	/ar/locations/[city]/[industry]/page: /ar/locations/jeddah/security
	/ar/locations/[city]/[industry]/page: /ar/locations/jeddah/supply-manufacturing
	/ar/locations/[city]/[industry]/page: /ar/locations/khamis-mushait/aviation
	/ar/locations/[city]/[industry]/page: /ar/locations/khamis-mushait/corporate
	/ar/locations/[city]/[industry]/page: /ar/locations/khamis-mushait/education
	/ar/locations/[city]/[industry]/page: /ar/locations/khamis-mushait/factory-industry
	/ar/locations/[city]/[industry]/page: /ar/locations/khamis-mushait/healthcare
	/ar/locations/[city]/[industry]/page: /ar/locations/khamis-mushait/hospitality
	/ar/locations/[city]/[industry]/page: /ar/locations/khamis-mushait/manufacturing
	/ar/locations/[city]/[industry]/page: /ar/locations/khamis-mushait/retail-shops
	/ar/locations/[city]/[industry]/page: /ar/locations/khamis-mushait/security
	/ar/locations/[city]/[industry]/page: /ar/locations/khamis-mushait/supply-manufacturing
	/ar/locations/[city]/[industry]/page: /ar/locations/khobar/aviation
	/ar/locations/[city]/[industry]/page: /ar/locations/khobar/corporate
	/ar/locations/[city]/[industry]/page: /ar/locations/khobar/education
	/ar/locations/[city]/[industry]/page: /ar/locations/khobar/factory-industry
	/ar/locations/[city]/[industry]/page: /ar/locations/khobar/healthcare
	/ar/locations/[city]/[industry]/page: /ar/locations/khobar/hospitality
	/ar/locations/[city]/[industry]/page: /ar/locations/khobar/manufacturing
	/ar/locations/[city]/[industry]/page: /ar/locations/khobar/retail-shops
	/ar/locations/[city]/[industry]/page: /ar/locations/khobar/security
	/ar/locations/[city]/[industry]/page: /ar/locations/khobar/supply-manufacturing
	/ar/locations/[city]/[industry]/page: /ar/locations/mecca/aviation
	/ar/locations/[city]/[industry]/page: /ar/locations/mecca/corporate
	/ar/locations/[city]/[industry]/page: /ar/locations/mecca/education
	/ar/locations/[city]/[industry]/page: /ar/locations/mecca/factory-industry
	/ar/locations/[city]/[industry]/page: /ar/locations/mecca/healthcare
	/ar/locations/[city]/[industry]/page: /ar/locations/mecca/hospitality
	/ar/locations/[city]/[industry]/page: /ar/locations/mecca/manufacturing
	/ar/locations/[city]/[industry]/page: /ar/locations/mecca/retail-shops
	/ar/locations/[city]/[industry]/page: /ar/locations/mecca/security
	/ar/locations/[city]/[industry]/page: /ar/locations/mecca/supply-manufacturing
	/ar/locations/[city]/[industry]/page: /ar/locations/medina/aviation
	/ar/locations/[city]/[industry]/page: /ar/locations/medina/corporate
	/ar/locations/[city]/[industry]/page: /ar/locations/medina/education
	/ar/locations/[city]/[industry]/page: /ar/locations/medina/factory-industry
	/ar/locations/[city]/[industry]/page: /ar/locations/medina/healthcare
	/ar/locations/[city]/[industry]/page: /ar/locations/medina/hospitality
	/ar/locations/[city]/[industry]/page: /ar/locations/medina/manufacturing
	/ar/locations/[city]/[industry]/page: /ar/locations/medina/retail-shops
	/ar/locations/[city]/[industry]/page: /ar/locations/medina/security
	/ar/locations/[city]/[industry]/page: /ar/locations/medina/supply-manufacturing
	/ar/locations/[city]/[industry]/page: /ar/locations/najran/aviation
	/ar/locations/[city]/[industry]/page: /ar/locations/najran/corporate
	/ar/locations/[city]/[industry]/page: /ar/locations/najran/education
	/ar/locations/[city]/[industry]/page: /ar/locations/najran/factory-industry
	/ar/locations/[city]/[industry]/page: /ar/locations/najran/healthcare
	/ar/locations/[city]/[industry]/page: /ar/locations/najran/hospitality
	/ar/locations/[city]/[industry]/page: /ar/locations/najran/manufacturing
	/ar/locations/[city]/[industry]/page: /ar/locations/najran/retail-shops
	/ar/locations/[city]/[industry]/page: /ar/locations/najran/security
	/ar/locations/[city]/[industry]/page: /ar/locations/najran/supply-manufacturing
	/ar/locations/[city]/[industry]/page: /ar/locations/riyadh/aviation
	/ar/locations/[city]/[industry]/page: /ar/locations/riyadh/corporate
	/ar/locations/[city]/[industry]/page: /ar/locations/riyadh/education
	/ar/locations/[city]/[industry]/page: /ar/locations/riyadh/factory-industry
	/ar/locations/[city]/[industry]/page: /ar/locations/riyadh/healthcare
	/ar/locations/[city]/[industry]/page: /ar/locations/riyadh/hospitality
	/ar/locations/[city]/[industry]/page: /ar/locations/riyadh/manufacturing
	/ar/locations/[city]/[industry]/page: /ar/locations/riyadh/retail-shops
	/ar/locations/[city]/[industry]/page: /ar/locations/riyadh/security
	/ar/locations/[city]/[industry]/page: /ar/locations/riyadh/supply-manufacturing
	/ar/locations/[city]/[industry]/page: /ar/locations/sakaka/aviation
	/ar/locations/[city]/[industry]/page: /ar/locations/sakaka/corporate
	/ar/locations/[city]/[industry]/page: /ar/locations/sakaka/education
	/ar/locations/[city]/[industry]/page: /ar/locations/sakaka/factory-industry
	/ar/locations/[city]/[industry]/page: /ar/locations/sakaka/healthcare
	/ar/locations/[city]/[industry]/page: /ar/locations/sakaka/hospitality
	/ar/locations/[city]/[industry]/page: /ar/locations/sakaka/manufacturing
	/ar/locations/[city]/[industry]/page: /ar/locations/sakaka/retail-shops
	/ar/locations/[city]/[industry]/page: /ar/locations/sakaka/security
	/ar/locations/[city]/[industry]/page: /ar/locations/sakaka/supply-manufacturing
	/ar/locations/[city]/[industry]/page: /ar/locations/tabuk/aviation
	/ar/locations/[city]/[industry]/page: /ar/locations/tabuk/corporate
	/ar/locations/[city]/[industry]/page: /ar/locations/tabuk/education
	/ar/locations/[city]/[industry]/page: /ar/locations/tabuk/factory-industry
	/ar/locations/[city]/[industry]/page: /ar/locations/tabuk/healthcare
	/ar/locations/[city]/[industry]/page: /ar/locations/tabuk/hospitality
	/ar/locations/[city]/[industry]/page: /ar/locations/tabuk/manufacturing
	/ar/locations/[city]/[industry]/page: /ar/locations/tabuk/retail-shops
	/ar/locations/[city]/[industry]/page: /ar/locations/tabuk/security
	/ar/locations/[city]/[industry]/page: /ar/locations/tabuk/supply-manufacturing
	/ar/locations/[city]/[industry]/page: /ar/locations/taif/aviation
	/ar/locations/[city]/[industry]/page: /ar/locations/taif/corporate
	/ar/locations/[city]/[industry]/page: /ar/locations/taif/education
	/ar/locations/[city]/[industry]/page: /ar/locations/taif/factory-industry
	/ar/locations/[city]/[industry]/page: /ar/locations/taif/healthcare
	/ar/locations/[city]/[industry]/page: /ar/locations/taif/hospitality
	/ar/locations/[city]/[industry]/page: /ar/locations/taif/manufacturing
	/ar/locations/[city]/[industry]/page: /ar/locations/taif/retail-shops
	/ar/locations/[city]/[industry]/page: /ar/locations/taif/security
	/ar/locations/[city]/[industry]/page: /ar/locations/taif/supply-manufacturing
	/ar/locations/[city]/[industry]/page: /ar/locations/wadi-al-dawasir/aviation
	/ar/locations/[city]/[industry]/page: /ar/locations/wadi-al-dawasir/corporate
	/ar/locations/[city]/[industry]/page: /ar/locations/wadi-al-dawasir/education
	/ar/locations/[city]/[industry]/page: /ar/locations/wadi-al-dawasir/factory-industry
	/ar/locations/[city]/[industry]/page: /ar/locations/wadi-al-dawasir/healthcare
	/ar/locations/[city]/[industry]/page: /ar/locations/wadi-al-dawasir/hospitality
	/ar/locations/[city]/[industry]/page: /ar/locations/wadi-al-dawasir/manufacturing
	/ar/locations/[city]/[industry]/page: /ar/locations/wadi-al-dawasir/retail-shops
	/ar/locations/[city]/[industry]/page: /ar/locations/wadi-al-dawasir/security
	/ar/locations/[city]/[industry]/page: /ar/locations/wadi-al-dawasir/supply-manufacturing
	/ar/locations/[city]/[industry]/page: /ar/locations/yanbu/aviation
	/ar/locations/[city]/[industry]/page: /ar/locations/yanbu/corporate
	/ar/locations/[city]/[industry]/page: /ar/locations/yanbu/education
	/ar/locations/[city]/[industry]/page: /ar/locations/yanbu/factory-industry
	/ar/locations/[city]/[industry]/page: /ar/locations/yanbu/healthcare
	/ar/locations/[city]/[industry]/page: /ar/locations/yanbu/hospitality
	/ar/locations/[city]/[industry]/page: /ar/locations/yanbu/manufacturing
	/ar/locations/[city]/[industry]/page: /ar/locations/yanbu/retail-shops
	/ar/locations/[city]/[industry]/page: /ar/locations/yanbu/security
	/ar/locations/[city]/[industry]/page: /ar/locations/yanbu/supply-manufacturing
	/locations/[city]/[industry]/page: /locations/abha/aviation
	/locations/[city]/[industry]/page: /locations/abha/corporate
	/locations/[city]/[industry]/page: /locations/abha/education
	/locations/[city]/[industry]/page: /locations/abha/factory-industry
	/locations/[city]/[industry]/page: /locations/abha/healthcare
	/locations/[city]/[industry]/page: /locations/abha/hospitality
	/locations/[city]/[industry]/page: /locations/abha/manufacturing
	/locations/[city]/[industry]/page: /locations/abha/retail-shops
	/locations/[city]/[industry]/page: /locations/abha/security
	/locations/[city]/[industry]/page: /locations/abha/supply-manufacturing
	/locations/[city]/[industry]/page: /locations/al-ahsa/aviation
	/locations/[city]/[industry]/page: /locations/al-ahsa/corporate
	/locations/[city]/[industry]/page: /locations/al-ahsa/education
	/locations/[city]/[industry]/page: /locations/al-ahsa/factory-industry
	/locations/[city]/[industry]/page: /locations/al-ahsa/healthcare
	/locations/[city]/[industry]/page: /locations/al-ahsa/hospitality
	/locations/[city]/[industry]/page: /locations/al-ahsa/manufacturing
	/locations/[city]/[industry]/page: /locations/al-ahsa/retail-shops
	/locations/[city]/[industry]/page: /locations/al-ahsa/security
	/locations/[city]/[industry]/page: /locations/al-ahsa/supply-manufacturing
	/locations/[city]/[industry]/page: /locations/al-baha/aviation
	/locations/[city]/[industry]/page: /locations/al-baha/corporate
	/locations/[city]/[industry]/page: /locations/al-baha/education
	/locations/[city]/[industry]/page: /locations/al-baha/factory-industry
	/locations/[city]/[industry]/page: /locations/al-baha/healthcare
	/locations/[city]/[industry]/page: /locations/al-baha/hospitality
	/locations/[city]/[industry]/page: /locations/al-baha/manufacturing
	/locations/[city]/[industry]/page: /locations/al-baha/retail-shops
	/locations/[city]/[industry]/page: /locations/al-baha/security
	/locations/[city]/[industry]/page: /locations/al-baha/supply-manufacturing
	/locations/[city]/[industry]/page: /locations/al-jubail/aviation
	/locations/[city]/[industry]/page: /locations/al-jubail/corporate
	/locations/[city]/[industry]/page: /locations/al-jubail/education
	/locations/[city]/[industry]/page: /locations/al-jubail/factory-industry
	/locations/[city]/[industry]/page: /locations/al-jubail/healthcare
	/locations/[city]/[industry]/page: /locations/al-jubail/hospitality
	/locations/[city]/[industry]/page: /locations/al-jubail/manufacturing
	/locations/[city]/[industry]/page: /locations/al-jubail/retail-shops
	/locations/[city]/[industry]/page: /locations/al-jubail/security
	/locations/[city]/[industry]/page: /locations/al-jubail/supply-manufacturing
	/locations/[city]/[industry]/page: /locations/al-kharj/aviation
	/locations/[city]/[industry]/page: /locations/al-kharj/corporate
	/locations/[city]/[industry]/page: /locations/al-kharj/education
	/locations/[city]/[industry]/page: /locations/al-kharj/factory-industry
	/locations/[city]/[industry]/page: /locations/al-kharj/healthcare
	/locations/[city]/[industry]/page: /locations/al-kharj/hospitality
	/locations/[city]/[industry]/page: /locations/al-kharj/manufacturing
	/locations/[city]/[industry]/page: /locations/al-kharj/retail-shops
	/locations/[city]/[industry]/page: /locations/al-kharj/security
	/locations/[city]/[industry]/page: /locations/al-kharj/supply-manufacturing
	/locations/[city]/[industry]/page: /locations/al-qatif/aviation
	/locations/[city]/[industry]/page: /locations/al-qatif/corporate
	/locations/[city]/[industry]/page: /locations/al-qatif/education
	/locations/[city]/[industry]/page: /locations/al-qatif/factory-industry
	/locations/[city]/[industry]/page: /locations/al-qatif/healthcare
	/locations/[city]/[industry]/page: /locations/al-qatif/hospitality
	/locations/[city]/[industry]/page: /locations/al-qatif/manufacturing
	/locations/[city]/[industry]/page: /locations/al-qatif/retail-shops
	/locations/[city]/[industry]/page: /locations/al-qatif/security
	/locations/[city]/[industry]/page: /locations/al-qatif/supply-manufacturing
	/locations/[city]/[industry]/page: /locations/arar/aviation
	/locations/[city]/[industry]/page: /locations/arar/corporate
	/locations/[city]/[industry]/page: /locations/arar/education
	/locations/[city]/[industry]/page: /locations/arar/factory-industry
	/locations/[city]/[industry]/page: /locations/arar/healthcare
	/locations/[city]/[industry]/page: /locations/arar/hospitality
	/locations/[city]/[industry]/page: /locations/arar/manufacturing
	/locations/[city]/[industry]/page: /locations/arar/retail-shops
	/locations/[city]/[industry]/page: /locations/arar/security
	/locations/[city]/[industry]/page: /locations/arar/supply-manufacturing
	/locations/[city]/[industry]/page: /locations/buraidah/aviation
	/locations/[city]/[industry]/page: /locations/buraidah/corporate
	/locations/[city]/[industry]/page: /locations/buraidah/education
	/locations/[city]/[industry]/page: /locations/buraidah/factory-industry
	/locations/[city]/[industry]/page: /locations/buraidah/healthcare
	/locations/[city]/[industry]/page: /locations/buraidah/hospitality
	/locations/[city]/[industry]/page: /locations/buraidah/manufacturing
	/locations/[city]/[industry]/page: /locations/buraidah/retail-shops
	/locations/[city]/[industry]/page: /locations/buraidah/security
	/locations/[city]/[industry]/page: /locations/buraidah/supply-manufacturing
	/locations/[city]/[industry]/page: /locations/dammam/aviation
	/locations/[city]/[industry]/page: /locations/dammam/corporate
	/locations/[city]/[industry]/page: /locations/dammam/education
	/locations/[city]/[industry]/page: /locations/dammam/factory-industry
	/locations/[city]/[industry]/page: /locations/dammam/healthcare
	/locations/[city]/[industry]/page: /locations/dammam/hospitality
	/locations/[city]/[industry]/page: /locations/dammam/manufacturing
	/locations/[city]/[industry]/page: /locations/dammam/retail-shops
	/locations/[city]/[industry]/page: /locations/dammam/security
	/locations/[city]/[industry]/page: /locations/dammam/supply-manufacturing
	/locations/[city]/[industry]/page: /locations/dhahran/aviation
	/locations/[city]/[industry]/page: /locations/dhahran/corporate
	/locations/[city]/[industry]/page: /locations/dhahran/education
	/locations/[city]/[industry]/page: /locations/dhahran/factory-industry
	/locations/[city]/[industry]/page: /locations/dhahran/healthcare
	/locations/[city]/[industry]/page: /locations/dhahran/hospitality
	/locations/[city]/[industry]/page: /locations/dhahran/manufacturing
	/locations/[city]/[industry]/page: /locations/dhahran/retail-shops
	/locations/[city]/[industry]/page: /locations/dhahran/security
	/locations/[city]/[industry]/page: /locations/dhahran/supply-manufacturing
	/locations/[city]/[industry]/page: /locations/hail/aviation
	/locations/[city]/[industry]/page: /locations/hail/corporate
	/locations/[city]/[industry]/page: /locations/hail/education
	/locations/[city]/[industry]/page: /locations/hail/factory-industry
	/locations/[city]/[industry]/page: /locations/hail/healthcare
	/locations/[city]/[industry]/page: /locations/hail/hospitality
	/locations/[city]/[industry]/page: /locations/hail/manufacturing
	/locations/[city]/[industry]/page: /locations/hail/retail-shops
	/locations/[city]/[industry]/page: /locations/hail/security
	/locations/[city]/[industry]/page: /locations/hail/supply-manufacturing
	/locations/[city]/[industry]/page: /locations/jazan/aviation
	/locations/[city]/[industry]/page: /locations/jazan/corporate
	/locations/[city]/[industry]/page: /locations/jazan/education
	/locations/[city]/[industry]/page: /locations/jazan/factory-industry
	/locations/[city]/[industry]/page: /locations/jazan/healthcare
	/locations/[city]/[industry]/page: /locations/jazan/hospitality
	/locations/[city]/[industry]/page: /locations/jazan/manufacturing
	/locations/[city]/[industry]/page: /locations/jazan/retail-shops
	/locations/[city]/[industry]/page: /locations/jazan/security
	/locations/[city]/[industry]/page: /locations/jazan/supply-manufacturing
	/locations/[city]/[industry]/page: /locations/jeddah/aviation
	/locations/[city]/[industry]/page: /locations/jeddah/corporate
	/locations/[city]/[industry]/page: /locations/jeddah/education
	/locations/[city]/[industry]/page: /locations/jeddah/factory-industry
	/locations/[city]/[industry]/page: /locations/jeddah/healthcare
	/locations/[city]/[industry]/page: /locations/jeddah/hospitality
	/locations/[city]/[industry]/page: /locations/jeddah/manufacturing
	/locations/[city]/[industry]/page: /locations/jeddah/retail-shops
	/locations/[city]/[industry]/page: /locations/jeddah/security
	/locations/[city]/[industry]/page: /locations/jeddah/supply-manufacturing
	/locations/[city]/[industry]/page: /locations/khamis-mushait/aviation
	/locations/[city]/[industry]/page: /locations/khamis-mushait/corporate
	/locations/[city]/[industry]/page: /locations/khamis-mushait/education
	/locations/[city]/[industry]/page: /locations/khamis-mushait/factory-industry
	/locations/[city]/[industry]/page: /locations/khamis-mushait/healthcare
	/locations/[city]/[industry]/page: /locations/khamis-mushait/hospitality
	/locations/[city]/[industry]/page: /locations/khamis-mushait/manufacturing
	/locations/[city]/[industry]/page: /locations/khamis-mushait/retail-shops
	/locations/[city]/[industry]/page: /locations/khamis-mushait/security
	/locations/[city]/[industry]/page: /locations/khamis-mushait/supply-manufacturing
	/locations/[city]/[industry]/page: /locations/khobar/aviation
	/locations/[city]/[industry]/page: /locations/khobar/corporate
	/locations/[city]/[industry]/page: /locations/khobar/education
	/locations/[city]/[industry]/page: /locations/khobar/factory-industry
	/locations/[city]/[industry]/page: /locations/khobar/healthcare
	/locations/[city]/[industry]/page: /locations/khobar/hospitality
	/locations/[city]/[industry]/page: /locations/khobar/manufacturing
	/locations/[city]/[industry]/page: /locations/khobar/retail-shops
	/locations/[city]/[industry]/page: /locations/khobar/security
	/locations/[city]/[industry]/page: /locations/khobar/supply-manufacturing
	/locations/[city]/[industry]/page: /locations/mecca/aviation
	/locations/[city]/[industry]/page: /locations/mecca/corporate
	/locations/[city]/[industry]/page: /locations/mecca/education
	/locations/[city]/[industry]/page: /locations/mecca/factory-industry
	/locations/[city]/[industry]/page: /locations/mecca/healthcare
	/locations/[city]/[industry]/page: /locations/mecca/hospitality
	/locations/[city]/[industry]/page: /locations/mecca/manufacturing
	/locations/[city]/[industry]/page: /locations/mecca/retail-shops
	/locations/[city]/[industry]/page: /locations/mecca/security
	/locations/[city]/[industry]/page: /locations/mecca/supply-manufacturing
	/locations/[city]/[industry]/page: /locations/medina/aviation
	/locations/[city]/[industry]/page: /locations/medina/corporate
	/locations/[city]/[industry]/page: /locations/medina/education
	/locations/[city]/[industry]/page: /locations/medina/factory-industry
	/locations/[city]/[industry]/page: /locations/medina/healthcare
	/locations/[city]/[industry]/page: /locations/medina/hospitality
	/locations/[city]/[industry]/page: /locations/medina/manufacturing
	/locations/[city]/[industry]/page: /locations/medina/retail-shops
	/locations/[city]/[industry]/page: /locations/medina/security
	/locations/[city]/[industry]/page: /locations/medina/supply-manufacturing
	/locations/[city]/[industry]/page: /locations/najran/aviation
	/locations/[city]/[industry]/page: /locations/najran/corporate
	/locations/[city]/[industry]/page: /locations/najran/education
	/locations/[city]/[industry]/page: /locations/najran/factory-industry
	/locations/[city]/[industry]/page: /locations/najran/healthcare
	/locations/[city]/[industry]/page: /locations/najran/hospitality
	/locations/[city]/[industry]/page: /locations/najran/manufacturing
	/locations/[city]/[industry]/page: /locations/najran/retail-shops
	/locations/[city]/[industry]/page: /locations/najran/security
	/locations/[city]/[industry]/page: /locations/najran/supply-manufacturing
	/locations/[city]/[industry]/page: /locations/riyadh/aviation
	/locations/[city]/[industry]/page: /locations/riyadh/corporate
	/locations/[city]/[industry]/page: /locations/riyadh/education
	/locations/[city]/[industry]/page: /locations/riyadh/factory-industry
	/locations/[city]/[industry]/page: /locations/riyadh/healthcare
	/locations/[city]/[industry]/page: /locations/riyadh/hospitality
	/locations/[city]/[industry]/page: /locations/riyadh/manufacturing
	/locations/[city]/[industry]/page: /locations/riyadh/retail-shops
	/locations/[city]/[industry]/page: /locations/riyadh/security
	/locations/[city]/[industry]/page: /locations/riyadh/supply-manufacturing
	/locations/[city]/[industry]/page: /locations/sakaka/aviation
	/locations/[city]/[industry]/page: /locations/sakaka/corporate
	/locations/[city]/[industry]/page: /locations/sakaka/education
	/locations/[city]/[industry]/page: /locations/sakaka/factory-industry
	/locations/[city]/[industry]/page: /locations/sakaka/healthcare
	/locations/[city]/[industry]/page: /locations/sakaka/hospitality
	/locations/[city]/[industry]/page: /locations/sakaka/manufacturing
	/locations/[city]/[industry]/page: /locations/sakaka/retail-shops
	/locations/[city]/[industry]/page: /locations/sakaka/security
	/locations/[city]/[industry]/page: /locations/sakaka/supply-manufacturing
	/locations/[city]/[industry]/page: /locations/tabuk/aviation
	/locations/[city]/[industry]/page: /locations/tabuk/corporate
	/locations/[city]/[industry]/page: /locations/tabuk/education
	/locations/[city]/[industry]/page: /locations/tabuk/factory-industry
	/locations/[city]/[industry]/page: /locations/tabuk/healthcare
	/locations/[city]/[industry]/page: /locations/tabuk/hospitality
	/locations/[city]/[industry]/page: /locations/tabuk/manufacturing
	/locations/[city]/[industry]/page: /locations/tabuk/retail-shops
	/locations/[city]/[industry]/page: /locations/tabuk/security
	/locations/[city]/[industry]/page: /locations/tabuk/supply-manufacturing
	/locations/[city]/[industry]/page: /locations/taif/aviation
	/locations/[city]/[industry]/page: /locations/taif/corporate
	/locations/[city]/[industry]/page: /locations/taif/education
	/locations/[city]/[industry]/page: /locations/taif/factory-industry
	/locations/[city]/[industry]/page: /locations/taif/healthcare
	/locations/[city]/[industry]/page: /locations/taif/hospitality
	/locations/[city]/[industry]/page: /locations/taif/manufacturing
	/locations/[city]/[industry]/page: /locations/taif/retail-shops
	/locations/[city]/[industry]/page: /locations/taif/security
	/locations/[city]/[industry]/page: /locations/taif/supply-manufacturing
	/locations/[city]/[industry]/page: /locations/wadi-al-dawasir/aviation
	/locations/[city]/[industry]/page: /locations/wadi-al-dawasir/corporate
	/locations/[city]/[industry]/page: /locations/wadi-al-dawasir/education
	/locations/[city]/[industry]/page: /locations/wadi-al-dawasir/factory-industry
	/locations/[city]/[industry]/page: /locations/wadi-al-dawasir/healthcare
	/locations/[city]/[industry]/page: /locations/wadi-al-dawasir/hospitality
	/locations/[city]/[industry]/page: /locations/wadi-al-dawasir/manufacturing
	/locations/[city]/[industry]/page: /locations/wadi-al-dawasir/retail-shops
	/locations/[city]/[industry]/page: /locations/wadi-al-dawasir/security
	/locations/[city]/[industry]/page: /locations/wadi-al-dawasir/supply-manufacturing
	/locations/[city]/[industry]/page: /locations/yanbu/aviation
	/locations/[city]/[industry]/page: /locations/yanbu/corporate
	/locations/[city]/[industry]/page: /locations/yanbu/education
	/locations/[city]/[industry]/page: /locations/yanbu/factory-industry
	/locations/[city]/[industry]/page: /locations/yanbu/healthcare
	/locations/[city]/[industry]/page: /locations/yanbu/hospitality
	/locations/[city]/[industry]/page: /locations/yanbu/manufacturing
	/locations/[city]/[industry]/page: /locations/yanbu/retail-shops
	/locations/[city]/[industry]/page: /locations/yanbu/security
	/locations/[city]/[industry]/page: /locations/yanbu/supply-manufacturing
